pose=(11.24,20.58) rssi=0.0258 res=done
pose=(9.79,17.96) rssi=0.0272 res=done
pose=(8.36,15.32) rssi=0.0236 res=done
pose=(6.90,12.70) rssi=0.0208 res=done
pose=(9.51,11.24) rssi=0.0273 res=done
pose=(12.14,9.80) rssi=0.0401 res=done
pose=(14.76,8.34) rssi=0.0541 res=done
pose=(17.38,6.89) rssi=0.0665 res=done
pose=(20.00,5.43) rssi=0.0633 res=done
pose=(22.63,3.98) rssi=0.0478 res=done
pose=(25.25,2.51) rssi=0.0332 res=done
pose=(22.30,1.99) rssi=0.0275 res=done
pose=(19.33,1.54) rssi=0.0254 res=done
pose=(16.37,1.08) rssi=0.0212 res=done
pose=(15.37,0.91) rssi=0.0182 res=done
pose=(15.62,3.90) rssi=0.0243 res=done
pose=(15.71,4.90) rssi=0.0272 res=done
pose=(16.03,7.88) rssi=0.0439 res=done
pose=(16.35,10.87) rssi=0.0698 res=done
pose=(16.59,12.87) rssi=0.0962 res=done
pose=(16.91,15.85) rssi=0.1399 res=done
pose=(17.23,18.84) rssi=0.1260 res=done
pose=(17.55,21.82) rssi=0.0792 res=done
pose=(17.65,22.82) rssi=0.0681 res=done
pose=(17.41,19.84) rssi=0.1127 res=done
pose=(17.09,16.86) rssi=0.1488 res=done
pose=(17.00,15.85) rssi=0.1456 res=done
pose=(18.16,15.79) rssi=0.2128 res=wall
pose=(22.39,12.29) rssi=0.2449 res=wall
pose=(21.38,18.25) rssi=0.3030 res=done
pose=(23.29,18.90) rssi=0.3421 res=done
iter 0 pose=(23.29,18.90) rssi=0.340
  h=0 v=0.316 keep
iter 1 pose=(24.89,18.82) rssi=0.315
  h=0 v=0.223 back (res=done)
  h=90 v=0.175 back (res=done)
  h=180 v=0.365 GOOD
iter 2 pose=(23.26,18.85) rssi=0.375
  h=180 v=0.271 back (res=done)
  h=0 v=0.361 keep
iter 3 pose=(24.88,18.77) rssi=0.366
  h=0 v=0.245 back (res=done)
  h=90 v=0.186 back (res=done)
  h=180 v=0.391 keep
iter 4 pose=(23.26,18.81) rssi=0.384
  h=180 v=0.264 back (res=done)
  h=0 v=0.334 back (res=done)
pose=(22.11,15.39) rssi=0.4974 res=wall
RX: PING B x=0.00 y=0.00
pose=(25.08,15.17) rssi=0.5359 res=done
pose=(28.06,14.86) rssi=0.1833 res=done
probe h=180 pose=(27.05,14.89) rssi=0.265 res=done blobs=[(177, 2.88)]
probe h=270 pose=(26.96,13.39) rssi=0.283 res=done blobs=[(177, 2.78), (200, 2.88)]
probe h=270 pose=(26.88,11.90) rssi=0.245 res=done blobs=[(181, 2.66)]
probe h=0 pose=(28.38,11.81) rssi=0.147 res=done blobs=[]
stopped pose=(24.89,12.13) rssi=0.489 nearest=(173.6, 0.858) front=0.86
beams:174:0.86 196:0.86 219:1.12 241:3.00 264:2.99 286:3.00 309:2.98 331:3.00 354:3.00 16:2.99 39:3.00 61:3.00 84:3.00 106:3.00 129:1.40 151:1.00
p2 h=90 pose=(25.06,14.14) rssi=0.043 res=done
p2 h=180 pose=(22.57,14.35) rssi=0.068 res=done
p2 h=180 pose=(20.08,14.58) rssi=0.115 res=done
p2 h=270 pose=(19.90,12.57) rssi=0.166 res=done
ret pose=(17.23,11.16) rssi=0.541 res=done
RX: PING B x=23.80 y=15.90
RX: PING B x=23.80 y=15.90
ret pose=(16.61,10.79) rssi=0.714 res=wall
RX: PING B x=23.80 y=15.90
RX: PING B x=23.80 y=15.90
ret pose=(16.67,9.45) rssi=0.538 res=wall
ret pose=(14.38,7.27) rssi=0.278 res=done
ret pose=(11.58,6.22) rssi=0.130 res=done
ret pose=(8.80,5.08) rssi=0.064 res=done
ret pose=(6.06,3.86) rssi=0.037 res=done
ret pose=(3.38,2.52) rssi=0.023 res=done
ret pose=(0.80,0.99) rssi=0.016 res=done
near goal area; scanning for pocket
