18:48:46 start pose 1188.5315806376077 -2189.9666460107255
18:48:46 pose (1189,-2191) s=0.197 tgt=(1520,-300) dist=1919
18:48:56 pose (1189,-2200) s=0.217 tgt=(1520,-300) dist=1928
18:49:02 pose (1211,-2055) s=0.205 tgt=(1520,-300) dist=1782
18:49:07 pose (1239,-1911) s=0.23 tgt=(1520,-300) dist=1635
18:49:12 pose (1267,-1767) s=0.24 tgt=(1520,-300) dist=1489
18:49:17 pose (1294,-1623) s=0.251 tgt=(1520,-300) dist=1342
18:49:23 pose (1321,-1479) s=0.271 tgt=(1520,-300) dist=1196
18:49:28 pose (1347,-1335) s=0.293 tgt=(1520,-300) dist=1049
18:49:33 pose (1375,-1191) s=0.296 tgt=(1520,-300) dist=902
18:49:38 pose (1400,-1046) s=0.329 tgt=(1520,-300) dist=756
18:49:44 pose (1425,-901) s=0.342 tgt=(1520,-300) dist=608
18:49:49 pose (1451,-755) s=0.363 tgt=(1520,-300) dist=460
18:49:54 pose (1475,-610) s=0.389 tgt=(1520,-300) dist=313
18:49:59 pose (1498,-465) s=0.406 tgt=(1520,-300) dist=167
18:50:03 ARRIVED at target
18:50:05 pose (1516,-352) s=0.429 tgt=(1520,-300) dist=52
18:50:05 ARRIVED at target
18:50:08 ARRIVED at target
18:50:10 ARRIVED at target
18:50:12 pose (1516,-353) s=0.423 tgt=(1520,-300) dist=53
18:50:12 ARRIVED at target
18:50:14 ARRIVED at target
18:50:16 ARRIVED at target
18:50:18 pose (1516,-352) s=0.439 tgt=(1520,-300) dist=52
18:50:18 ARRIVED at target
18:50:20 ARRIVED at target
18:50:22 ARRIVED at target
18:50:24 pose (1516,-353) s=0.41 tgt=(1520,-300) dist=53
18:50:24 stuck! escape
18:50:33 ARRIVED at target
18:50:35 pose (1554,-368) s=0.422 tgt=(1520,-300) dist=76
18:50:39 ARRIVED at target
18:50:41 pose (1533,-352) s=0.398 tgt=(1520,-300) dist=54
18:50:41 ARRIVED at target
18:50:43 ARRIVED at target
18:50:45 ARRIVED at target
18:50:47 pose (1532,-351) s=0.406 tgt=(3000,-300) dist=1469
18:50:57 pose (1536,-339) s=0.398 tgt=(3000,-300) dist=1465
18:51:08 pose (1527,-328) s=0.422 tgt=(3000,-300) dist=1473
18:51:08 stuck! escape
18:51:26 pose (1505,-281) s=0.43 tgt=(3000,-300) dist=1495
18:51:36 pose (1490,-301) s=0.412 tgt=(3000,-300) dist=1510
18:51:43 pose (1489,-336) s=0.412 tgt=(1560,500) dist=839
18:51:48 pose (1484,-194) s=0.426 tgt=(1560,500) dist=698
18:51:53 pose (1480,-126) s=0.429 tgt=(1560,500) dist=631
18:51:58 pose (1475,22) s=0.429 tgt=(1560,500) dist=486
18:52:03 pose (1483,173) s=0.429 tgt=(1560,500) dist=336
18:52:09 pose (1495,320) s=0.447 tgt=(1560,500) dist=191
18:52:18 pose (1517,330) s=0.448 tgt=(1560,500) dist=175
18:52:23 pose (1516,330) s=0.435 tgt=(1560,500) dist=175
18:52:28 pose (1516,331) s=0.434 tgt=(1560,500) dist=175
18:52:33 pose (1516,331) s=0.425 tgt=(1560,500) dist=175
18:52:33 stuck! escape
18:52:47 pose (1553,325) s=0.43 tgt=(1560,500) dist=175
18:52:52 pose (1554,325) s=0.448 tgt=(1560,500) dist=175
18:52:57 pose (1555,325) s=0.434 tgt=(1560,500) dist=175
18:53:02 pose (1553,325) s=0.447 tgt=(1560,500) dist=175
18:53:02 stuck! escape
18:53:17 pose (1591,334) s=0.454 tgt=(1560,500) dist=169
18:53:22 pose (1590,334) s=0.444 tgt=(1560,500) dist=168
18:53:31 pose (1592,340) s=0.444 tgt=(1520,-1400) dist=1741
18:53:37 pose (1534,206) s=0.426 tgt=(1520,-1400) dist=1606
18:53:42 pose (1487,67) s=0.396 tgt=(1520,-1400) dist=1467
18:53:47 pose (1447,-74) s=0.399 tgt=(1520,-1400) dist=1328
18:53:53 pose (1415,-221) s=0.372 tgt=(1520,-1400) dist=1184
18:53:58 pose (1389,-365) s=0.364 tgt=(1520,-1400) dist=1043
18:54:03 pose (1371,-512) s=0.355 tgt=(1520,-1400) dist=900
18:54:08 pose (1363,-658) s=0.341 tgt=(1520,-1400) dist=758
18:54:14 pose (1364,-805) s=0.344 tgt=(1520,-1400) dist=615
18:54:19 pose (1373,-952) s=0.296 tgt=(1520,-1400) dist=471
18:54:24 pose (1391,-1098) s=0.286 tgt=(1520,-1400) dist=328
18:54:30 pose (1417,-1244) s=0.281 tgt=(1520,-1400) dist=187
18:54:35 pose (1455,-1378) s=0.28 tgt=(1520,-1400) dist=68
18:54:40 pose (1458,-1388) s=0.272 tgt=(1520,-1400) dist=63
18:54:45 pose (1459,-1390) s=0.28 tgt=(1520,-1400) dist=62
18:54:50 pose (1459,-1388) s=0.283 tgt=(1520,-1400) dist=62
18:54:50 stuck! escape
18:56:08 start pose 1458.9138067436402 -1387.74103573233
18:56:08 pose (1459,-1389) s=0.24 tgt=(3400,200) dist=2509
18:56:18 pose (1447,-1392) s=0.246 tgt=(3400,200) dist=2520
18:56:24 pose (1442,-1412) s=0.264 tgt=(3400,200) dist=2536
18:56:30 pose (1498,-1276) s=0.265 tgt=(3400,200) dist=2408
18:56:35 pose (1534,-1213) s=0.296 tgt=(3400,200) dist=2341
18:56:40 pose (1570,-1153) s=0.28 tgt=(3400,200) dist=2276
18:56:45 pose (1604,-1090) s=0.293 tgt=(3400,200) dist=2211
18:56:51 pose (1649,-1003) s=0.315 tgt=(3400,200) dist=2125
18:56:57 pose (1682,-930) s=0.31 tgt=(3400,200) dist=2056
18:57:02 pose (1703,-871) s=0.326 tgt=(3400,200) dist=2006
18:57:07 pose (1714,-850) s=0.325 tgt=(3400,200) dist=1987
18:57:12 pose (1714,-850) s=0.338 tgt=(3400,200) dist=1987
18:57:17 pose (1714,-851) s=0.343 tgt=(3400,200) dist=1987
18:57:22 pose (1713,-851) s=0.342 tgt=(3400,200) dist=1987
18:57:22 stuck! escape
18:57:36 pose (1728,-886) s=0.323 tgt=(3400,200) dist=1994
18:57:41 pose (1728,-887) s=0.337 tgt=(3400,200) dist=1994
18:57:46 pose (1727,-886) s=0.356 tgt=(3400,200) dist=1995
18:57:51 pose (1727,-887) s=0.344 tgt=(3400,200) dist=1995
18:57:51 stuck! escape
18:58:06 pose (1745,-920) s=0.329 tgt=(3400,200) dist=1999
18:58:11 pose (1744,-918) s=0.337 tgt=(3400,200) dist=1998
18:58:16 pose (1744,-918) s=0.346 tgt=(3400,200) dist=1998
18:58:21 pose (1744,-919) s=0.329 tgt=(3400,200) dist=1998
18:58:21 stuck! escape
18:58:37 pose (1759,-953) s=0.33 tgt=(3400,200) dist=2006
18:58:42 pose (1759,-953) s=0.328 tgt=(3400,200) dist=2005
18:58:47 pose (1759,-953) s=0.321 tgt=(3400,200) dist=2005
18:58:52 pose (1759,-952) s=0.315 tgt=(3400,200) dist=2005
18:58:52 stuck! escape
18:59:08 pose (1777,-986) s=0.324 tgt=(3400,200) dist=2011
18:59:13 pose (1777,-985) s=0.318 tgt=(3400,200) dist=2010
18:59:18 pose (1777,-984) s=0.337 tgt=(3400,200) dist=2010
18:59:23 pose (1776,-984) s=0.309 tgt=(3400,200) dist=2009
18:59:23 stuck! escape
18:59:37 pose (1798,-1017) s=0.326 tgt=(3400,200) dist=2011
18:59:42 pose (1797,-1015) s=0.308 tgt=(3400,200) dist=2011
18:59:47 pose (1797,-1015) s=0.316 tgt=(3400,200) dist=2011
18:59:52 pose (1798,-1015) s=0.334 tgt=(3400,200) dist=2011
18:59:52 stuck! escape
19:00:08 pose (1812,-1049) s=0.322 tgt=(1850,400) dist=1450
19:00:13 pose (1758,-913) s=0.319 tgt=(1850,400) dist=1317
19:00:18 pose (1726,-771) s=0.336 tgt=(1850,400) dist=1178
19:00:23 pose (1710,-624) s=0.353 tgt=(1850,400) dist=1034
19:00:29 pose (1712,-478) s=0.365 tgt=(1850,400) dist=889
19:00:34 pose (1730,-331) s=0.408 tgt=(1850,400) dist=741
19:00:39 pose (1754,-187) s=0.394 tgt=(1850,400) dist=595
19:00:44 pose (1778,-48) s=0.419 tgt=(1850,400) dist=453
19:00:51 pose (1794,-3) s=0.43 tgt=(1850,400) dist=407
19:00:56 pose (1774,144) s=0.44 tgt=(1850,400) dist=267
19:01:02 pose (1776,292) s=0.428 tgt=(1850,400) dist=131
19:01:07 pose (1780,356) s=0.451 tgt=(1850,400) dist=83
19:01:12 pose (1780,356) s=0.438 tgt=(1850,400) dist=83
19:01:17 pose (1780,355) s=0.452 tgt=(1850,400) dist=83
19:01:22 pose (1779,356) s=0.44 tgt=(1850,400) dist=83
19:01:22 stuck! escape
19:01:37 pose (1792,322) s=0.433 tgt=(1800,1000) dist=678
19:01:43 pose (1748,461) s=0.432 tgt=(1800,1000) dist=542
19:01:50 pose (1757,486) s=0.437 tgt=(1800,1000) dist=515
19:01:55 pose (1758,486) s=0.431 tgt=(1800,1000) dist=516
19:02:04 pose (1756,490) s=0.431 tgt=(1800,1000) dist=512
19:02:11 pose (1767,515) s=0.421 tgt=(1800,1000) dist=486
19:02:16 pose (1768,515) s=0.431 tgt=(1800,1000) dist=487
19:02:21 pose (1766,515) s=0.438 tgt=(1800,1000) dist=486
19:02:26 pose (1768,514) s=0.432 tgt=(1800,1000) dist=487
19:02:26 stuck! escape
19:02:41 pose (1804,504) s=0.448 tgt=(1800,1000) dist=496
19:02:46 pose (1801,507) s=0.447 tgt=(1800,1000) dist=493
19:02:52 pose (1795,535) s=0.439 tgt=(1800,1000) dist=465
19:02:57 pose (1795,535) s=0.424 tgt=(1800,1000) dist=465
19:03:02 pose (1795,535) s=0.428 tgt=(1800,1000) dist=465
19:03:07 pose (1794,536) s=0.441 tgt=(1800,1000) dist=464
19:03:07 stuck! escape
19:03:23 pose (1833,532) s=0.441 tgt=(1800,1000) dist=469
19:03:30 pose (1830,536) s=0.446 tgt=(1800,1000) dist=465
19:03:36 pose (1837,542) s=0.434 tgt=(1800,1000) dist=460
19:09:02 start pose -480.5744059449357 -543.5748639041905
19:09:02 pose (-481,-544) s=0.111 tgt=(1830,740) dist=2643
19:09:11 pose (-487,-547) s=0.128 tgt=(1830,740) dist=2650
19:09:21 pose (-379,-507) s=0.111 tgt=(1830,740) dist=2537
19:09:26 pose (-345,-452) s=0.129 tgt=(1830,740) dist=2481
19:09:31 pose (-309,-383) s=0.119 tgt=(1830,740) dist=2416
19:09:36 pose (-271,-311) s=0.131 tgt=(1830,740) dist=2349
19:09:41 pose (-224,-232) s=0.146 tgt=(1830,740) dist=2273
19:09:47 pose (-198,-172) s=0.14 tgt=(1830,740) dist=2223
19:09:52 pose (-168,-107) s=0.141 tgt=(1830,740) dist=2170
19:09:57 pose (-142,-41) s=0.15 tgt=(1830,740) dist=2121
19:10:02 pose (-66,89) s=0.161 tgt=(1830,740) dist=2005
19:10:07 pose (19,218) s=0.158 tgt=(1830,740) dist=1885
19:10:13 pose (111,341) s=0.156 tgt=(1830,740) dist=1764
19:10:18 pose (203,469) s=0.153 tgt=(1830,740) dist=1649
19:10:23 pose (289,590) s=0.169 tgt=(1830,740) dist=1548
19:10:28 pose (348,666) s=0.155 tgt=(1830,740) dist=1484
19:10:33 pose (444,774) s=0.162 tgt=(1830,740) dist=1387
19:10:38 pose (457,790) s=0.159 tgt=(1830,740) dist=1374
19:10:43 pose (456,789) s=0.153 tgt=(1830,740) dist=1375
19:10:48 pose (461,798) s=0.15 tgt=(1830,740) dist=1370
19:10:53 pose (461,798) s=0.152 tgt=(1830,740) dist=1370
19:10:53 stuck! escape
19:11:08 pose (446,763) s=0.138 tgt=(1830,740) dist=1384
19:11:13 pose (446,763) s=0.165 tgt=(1830,740) dist=1384
19:11:18 pose (446,763) s=0.156 tgt=(1830,740) dist=1384
19:11:23 pose (447,763) s=0.15 tgt=(1830,740) dist=1384
19:11:23 stuck! escape
19:11:39 pose (433,729) s=0.158 tgt=(1830,740) dist=1397
19:11:44 pose (433,730) s=0.159 tgt=(1830,740) dist=1397
19:11:49 pose (432,729) s=0.163 tgt=(1830,740) dist=1398
19:11:54 pose (432,729) s=0.145 tgt=(1830,740) dist=1398
19:11:54 stuck! escape
19:12:09 pose (426,693) s=0.163 tgt=(1830,740) dist=1405
19:12:14 pose (426,693) s=0.164 tgt=(1830,740) dist=1405
19:12:19 pose (426,693) s=0.144 tgt=(1830,740) dist=1405
19:12:24 pose (426,694) s=0.143 tgt=(1830,740) dist=1405
19:12:24 stuck! escape
19:12:39 pose (422,657) s=0.153 tgt=(1830,740) dist=1410
19:12:48 start pose 422.0171637748208 656.9027974122424
19:12:48 pose (422,656) s=0.16 tgt=(1830,740) dist=1411
19:12:53 pose (422,656) s=0.148 tgt=(1830,740) dist=1410
19:12:53 stuck! wall-follow escape 25s
19:13:29 pose (571,1154) s=0.178 tgt=(1830,740) dist=1325
19:13:36 pose (552,1161) s=0.163 tgt=(1830,740) dist=1346
19:13:41 pose (691,1114) s=0.183 tgt=(1830,740) dist=1199
19:13:47 pose (748,1091) s=0.188 tgt=(1830,740) dist=1137
19:13:52 pose (836,1076) s=0.192 tgt=(1830,740) dist=1049
19:13:57 pose (925,1067) s=0.191 tgt=(1830,740) dist=962
19:14:02 pose (1071,1050) s=0.215 tgt=(1830,740) dist=820
19:14:07 pose (1221,1033) s=0.229 tgt=(1830,740) dist=676
19:14:13 pose (1368,1012) s=0.251 tgt=(1830,740) dist=536
19:14:18 pose (1511,976) s=0.274 tgt=(1830,740) dist=397
19:14:23 pose (1649,922) s=0.278 tgt=(1830,740) dist=257
19:14:28 pose (1777,851) s=0.313 tgt=(1830,740) dist=123
19:14:34 pose (1834,805) s=0.33 tgt=(1830,740) dist=66
19:14:35 ARRIVED at target
19:14:37 ARRIVED at target
19:14:39 ARRIVED at target
19:14:41 pose (1837,797) s=0.322 tgt=(1830,740) dist=57
19:14:41 ARRIVED at target
19:14:43 ARRIVED at target
19:14:45 ARRIVED at target
19:14:47 pose (1837,797) s=0.337 tgt=(1830,740) dist=57
19:14:47 stuck! wall-follow escape 25s
19:15:23 pose (2181,227) s=0.364 tgt=(2700,700) dist=702
19:15:29 pose (2179,232) s=0.35 tgt=(2700,700) dist=701
19:15:34 pose (2178,234) s=0.334 tgt=(2700,700) dist=700
19:15:34 stuck! wall-follow escape 25s
19:16:10 pose (2002,941) s=0.378 tgt=(2700,700) dist=738
19:16:20 pose (1983,954) s=0.372 tgt=(2700,700) dist=761
19:16:27 pose (2051,919) s=0.385 tgt=(2700,700) dist=685
19:16:33 pose (2098,843) s=0.393 tgt=(2700,700) dist=619
19:16:38 pose (2106,828) s=0.396 tgt=(2700,700) dist=608
19:16:43 pose (2106,828) s=0.386 tgt=(2700,700) dist=608
19:16:48 pose (2106,829) s=0.393 tgt=(2700,700) dist=608
19:16:48 stuck! wall-follow escape 25s
19:17:24 pose (2174,214) s=0.357 tgt=(2700,700) dist=716
19:17:29 pose (2173,215) s=0.353 tgt=(2700,700) dist=716
19:17:34 pose (2173,215) s=0.352 tgt=(2700,700) dist=716
19:17:34 stuck! wall-follow escape 25s
19:50:41 start pose 1094.668425247044 4086.9162061349753
19:50:41 pose (1095,4087) s=0.65 tgt=(2060,3660) dist=1056
19:50:46 pose (1116,4065) s=0.661 tgt=(2060,3660) dist=1028
19:50:51 pose (1220,3962) s=0.68 tgt=(2060,3660) dist=892
19:50:57 pose (1332,3871) s=0.678 tgt=(2060,3660) dist=758
19:51:02 pose (1450,3785) s=0.712 tgt=(2060,3660) dist=623
19:51:07 pose (1575,3709) s=0.713 tgt=(2060,3660) dist=487
19:51:12 pose (1700,3650) s=0.734 tgt=(2060,3660) dist=360
19:51:17 pose (1839,3603) s=0.729 tgt=(2060,3660) dist=228
19:51:23 pose (1984,3590) s=0.735 tgt=(2060,3660) dist=104
19:51:34 pose (2016,3584) s=0.73 tgt=(2060,3660) dist=88
19:51:39 pose (2033,3577) s=0.731 tgt=(2060,3660) dist=87
19:51:51 pose (2041,3585) s=0.738 tgt=(2060,3660) dist=78
19:51:52 ARRIVED at target
19:51:54 ARRIVED at target
19:51:56 pose (2061,3605) s=0.737 tgt=(2060,3660) dist=55
19:51:56 ARRIVED at target
19:51:58 ARRIVED at target
19:52:00 ARRIVED at target
19:52:02 pose (2061,3606) s=0.738 tgt=(2060,3660) dist=54
19:52:02 ARRIVED at target
19:52:04 ARRIVED at target
19:52:06 ARRIVED at target
19:52:08 pose (2060,3604) s=0.756 tgt=(2060,3660) dist=56
19:52:08 stuck! wall-follow escape 25s
20:03:07 start pose 1269.6799440918144 4339.698091067785
20:03:07 pose (1269,4339) s=0.549 tgt=(2100,3850) dist=964
20:03:13 pose (1257,4353) s=0.574 tgt=(2100,3850) dist=982
20:03:18 pose (1355,4245) s=0.573 tgt=(2100,3850) dist=843
20:03:23 pose (1460,4141) s=0.582 tgt=(2100,3850) dist=703
20:03:29 pose (1568,4045) s=0.575 tgt=(2100,3850) dist=566
20:03:34 pose (1684,3954) s=0.552 tgt=(2100,3850) dist=429
20:03:39 pose (1698,3941) s=0.562 tgt=(2100,3850) dist=412
20:03:44 pose (1838,3896) s=0.581 tgt=(2100,3850) dist=266
20:03:50 pose (1981,3859) s=0.596 tgt=(2100,3850) dist=119
20:03:52 ARRIVED at target
20:03:54 ARRIVED at target
20:03:56 pose (2041,3846) s=0.619 tgt=(2100,3850) dist=59
20:03:56 ARRIVED at target
20:03:58 ARRIVED at target
20:04:00 ARRIVED at target
20:04:02 pose (2042,3846) s=0.603 tgt=(2100,3850) dist=58
20:04:02 ARRIVED at target
20:04:04 ARRIVED at target
20:04:06 ARRIVED at target
20:04:08 pose (2042,3846) s=0.587 tgt=(2100,3850) dist=58
20:04:08 stuck! wall-follow escape 25s
20:04:44 pose (2569,3534) s=0.515 tgt=(2100,3850) dist=566
