19:25:50 nav start
19:28:41 nav start
19:29:31 fit r2=0.165 at (432,2485) p=0.86 pose=(-308,104) s=0.088 n=242
19:30:01 nav start
19:30:06 explore s 0.104->0.097 moved 1 ebias 197
19:30:23 explore s 0.103->0.091 moved 219 ebias 82
19:30:40 explore s 0.094->0.093 moved 44 ebias 279
19:30:40 fit r2=0.255 at (183,264) p=0.19 pose=(-56,-229) s=0.104 n=175
19:30:56 explore s 0.094->0.098 moved 30 ebias 118
19:31:07 explore s 0.089->0.093 moved 6 ebias 326
19:31:24 explore s 0.091->0.094 moved 62 ebias 326
19:31:24 fit r2=0.176 at (1152,2815) p=1.37 pose=(-59,-291) s=0.083 n=379
19:31:41 explore s 0.093->0.087 moved 347 ebias 93
19:31:54 explore s 0.092->0.091 moved 69 ebias 93
19:31:55 explore s 0.090->0.088 moved 3 ebias 253
19:31:57 explore s 0.095->0.091 moved 11 ebias 28
19:32:02 explore s 0.088->0.083 moved 27 ebias 241
19:32:03 explore s 0.092->0.089 moved 11 ebias 99
19:32:05 explore s 0.082->0.086 moved 9 ebias 288
19:32:05 fit r2=0.249 at (808,1118) p=0.68 pose=(234,-495) s=0.096 n=544
19:32:07 explore s 0.087->0.090 moved 12 ebias 142
19:32:09 explore s 0.090->0.090 moved 13 ebias 278
19:32:13 explore s 0.086->0.082 moved 11 ebias 125
19:32:21 explore s 0.087->0.090 moved 31 ebias 241
19:32:24 explore s 0.093->0.089 moved 13 ebias 32
19:32:25 explore s 0.085->0.089 moved 12 ebias 197
19:32:39 nav start
19:32:48 explore s 0.091->0.093 moved 244 ebias 114
19:32:51 explore s 0.093->0.097 moved 23 ebias 267
19:33:08 explore s 0.086->0.090 moved 117 ebias 267
19:33:25 explore s 0.087->0.077 moved 349 ebias 27
19:33:25 fit r2=0.261 at (751,1440) p=0.60 pose=(-385,-240) s=0.086 n=206
19:33:42 explore s 0.076->0.081 moved 265 ebias 354
19:33:51 explore s 0.089->0.090 moved 273 ebias 354
