[ 74040.0] v3 start
[ 74040.2] *** lap: None -> 0  (d8=tick=173018 goal=0 lap=0 last=0.0 best=0.0)
[ 74040.2] *** goal: None -> 0  (d8=tick=173018 goal=0 lap=0 last=0.0 best=0.0)
[ 74040.2] *** best: None -> 0.0  (d8=tick=173018 goal=0 lap=0 last=0.0 best=0.0)
[ 74040.2] *** last: None -> 0.0  (d8=tick=173018 goal=0 lap=0 last=0.0 best=0.0)
[ 74050.8] c40 hd=175 v=0.47 wz=-0.75 front=1.04 aL=0.96 aR=1.15 FL=0.81 FR=2.08 d4=32 d7=-51 FWD tick=174076 goal=0 lap=0 last=0.0 best=0.0
[ 74061.7] c80 hd=162 v=0.45 wz=-0.71 front=1.07 aL=0.73 aR=0.75 FL=0.71 FR=1.12 d4=32 d7=2 FWD tick=175161 goal=0 lap=0 last=0.0 best=0.0
[ 74072.1] c120 hd=123 v=0.49 wz=-0.81 front=0.79 aL=0.82 aR=0.66 FL=1.45 FR=0.59 d4=16 d7=76 BEND tick=176205 goal=0 lap=0 last=0.0 best=0.0
[ 74082.5] c160 hd=138 v=0.40 wz=0.30 front=0.96 aL=0.78 aR=0.51 FL=1.01 FR=0.56 d4=16 d7=34 BEND tick=177248 goal=0 lap=0 last=0.0 best=0.0
[ 74093.0] c200 hd=136 v=0.49 wz=0.79 front=1.12 aL=0.63 aR=0.61 FL=0.83 FR=0.65 d4=32 d7=-14 FWD tick=178290 goal=0 lap=0 last=0.0 best=0.0
[ 74103.4] c240 hd=108 v=0.31 wz=-0.13 front=0.75 aL=0.62 aR=0.85 FL=1.60 FR=0.64 d4=16 d7=29 BEND tick=179333 goal=0 lap=0 last=0.0 best=0.0
[ 74114.2] c280 hd=142 v=0.15 wz=-0.14 front=0.98 aL=0.40 aR=0.70 FL=0.49 FR=0.84 d4=16 d7=-37 BEND tick=180418 goal=0 lap=0 last=0.0 best=0.0
[ 74124.7] c320 hd=122 v=0.30 wz=0.19 front=0.59 aL=0.67 aR=0.48 FL=3.41 FR=0.44 d4=16 d7=80 BEND tick=181460 goal=0 lap=0 last=0.0 best=0.0
[ 74135.5] c360 hd=134 v=0.43 wz=-0.25 front=1.09 aL=0.62 aR=1.41 FL=0.76 FR=2.62 d4=32 d7=-80 FWD tick=182545 goal=0 lap=0 last=0.0 best=0.0
[ 74145.9] c400 hd=21 v=0.30 wz=-0.16 front=1.16 aL=0.43 aR=0.53 FL=0.54 FR=0.61 d4=32 d7=-7 FWD tick=183587 goal=0 lap=0 last=0.0 best=0.0
[ 74156.4] c440 hd=357 v=0.31 wz=0.01 front=0.60 aL=0.56 aR=0.57 FL=1.15 FR=0.48 d4=16 d7=29 BEND tick=184630 goal=0 lap=0 last=0.0 best=0.0
[ 74167.2] c480 hd=38 v=0.26 wz=-0.27 front=0.50 aL=0.33 aR=0.67 FL=0.33 FR=0.97 d4=16 d7=-50 BEND tick=185715 goal=0 lap=0 last=0.0 best=0.0
[ 74178.0] c520 hd=10 v=0.29 wz=0.12 front=1.09 aL=0.58 aR=0.37 FL=0.67 FR=0.45 d4=32 d7=25 FWD tick=186799 goal=0 lap=0 last=0.0 best=0.0
[ 74188.5] c560 hd=304 v=0.30 wz=-0.10 front=0.89 aL=0.41 aR=0.50 FL=0.55 FR=0.52 d4=16 d7=-3 BEND tick=187841 goal=0 lap=0 last=0.0 best=0.0
[ 74199.3] c600 hd=308 v=0.25 wz=0.14 front=0.76 aL=0.56 aR=0.33 FL=0.69 FR=0.39 d4=16 d7=29 BEND tick=188926 goal=0 lap=0 last=0.0 best=0.0
[ 74210.2] c640 hd=301 v=0.27 wz=-0.14 front=0.99 aL=0.37 aR=0.55 FL=0.51 FR=0.58 d4=16 d7=-14 BEND tick=190011 goal=0 lap=0 last=0.0 best=0.0
[ 74220.6] c680 hd=314 v=0.26 wz=-0.42 front=0.47 aL=0.61 aR=0.29 FL=0.97 FR=0.31 d4=16 d7=69 BEND tick=191054 goal=0 lap=0 last=0.0 best=0.0
[ 74231.9] c720 hd=332 v=0.26 wz=-0.15 front=0.98 aL=0.31 aR=0.55 FL=0.42 FR=0.60 d4=16 d7=-24 BEND tick=192180 goal=0 lap=0 last=0.0 best=0.0
[ 74242.7] c760 hd=355 v=0.00 wz=0.17 front=0.76 aL=0.58 aR=0.31 FL=0.68 FR=0.37 d4=16 d7=32 BEND tick=193265 goal=0 lap=0 last=0.0 best=0.0
[ 74253.1] c800 hd=55 v=0.32 wz=-0.06 front=0.54 aL=0.51 aR=0.54 FL=0.42 FR=1.15 d4=16 d7=-34 BEND tick=194307 goal=0 lap=0 last=0.0 best=0.0
[ 74263.6] c840 hd=74 v=0.28 wz=-0.14 front=0.74 aL=0.33 aR=0.54 FL=0.37 FR=0.67 d4=16 d7=-27 BEND tick=195350 goal=0 lap=0 last=0.0 best=0.0
[ 74274.4] c880 hd=90 v=0.40 wz=0.06 front=1.27 aL=0.58 aR=0.51 FL=0.66 FR=0.65 d4=32 d7=4 FWD tick=196435 goal=0 lap=0 last=0.0 best=0.0
[ 74285.5] c920 hd=139 v=0.04 wz=-0.04 front=0.51 aL=0.46 aR=0.57 FL=0.39 FR=0.92 d4=16 d7=-32 BEND tick=197541 goal=0 lap=0 last=0.0 best=0.0
[ 74296.3] c960 hd=119 v=0.32 wz=-0.07 front=1.00 aL=0.43 aR=0.48 FL=0.54 FR=0.52 d4=16 d7=-1 BEND tick=198623 goal=0 lap=0 last=0.0 best=0.0
[ 74307.0] c1000 hd=113 v=0.25 wz=0.20 front=0.55 aL=0.62 aR=0.30 FL=0.80 FR=0.31 d4=16 d7=43 BEND tick=199691 goal=0 lap=0 last=0.0 best=0.0
[ 74317.4] c1040 hd=103 v=0.33 wz=-0.05 front=0.64 aL=0.51 aR=1.03 FL=0.51 FR=1.96 d4=16 d7=-80 BEND tick=200734 goal=0 lap=0 last=0.0 best=0.0
[ 74327.8] c1080 hd=298 v=0.00 wz=-0.09 front=0.77 aL=0.41 aR=0.55 FL=0.61 FR=0.51 d4=16 d7=-5 BEND tick=201776 goal=0 lap=0 last=0.0 best=0.0
[ 74338.5] c1120 hd=275 v=-0.15 wz=0.22 front=0.45 aL=0.73 aR=2.22 FL=2.13 FR=3.16 d4=16 d7=-80 BEND tick=202842 goal=0 lap=0 last=0.0 best=0.0
[ 74348.9] c1160 hd=338 v=0.37 wz=0.29 front=0.61 aL=0.74 aR=0.49 FL=1.22 FR=0.45 d4=16 d7=47 BEND tick=203886 goal=0 lap=0 last=0.0 best=0.0
[ 74359.3] c1200 hd=113 v=0.42 wz=-0.00 front=0.93 aL=0.59 aR=0.55 FL=0.80 FR=0.56 d4=16 d7=14 BEND tick=204929 goal=0 lap=0 last=0.0 best=0.0
[ 74369.8] c1240 hd=146 v=0.00 wz=-0.09 front=0.72 aL=0.55 aR=0.65 FL=0.51 FR=1.04 d4=16 d7=-30 BEND tick=205971 goal=0 lap=0 last=0.0 best=0.0
[ 74380.6] c1280 hd=118 v=0.29 wz=0.50 front=1.04 aL=0.45 aR=0.73 FL=0.59 FR=1.73 d4=32 d7=-80 FWD tick=207056 goal=0 lap=0 last=0.0 best=0.0
[ 74391.5] c1320 hd=51 v=0.32 wz=-0.29 front=0.65 aL=1.13 aR=1.04 FL=0.63 FR=3.79 d4=16 d7=-80 BEND tick=208141 goal=0 lap=0 last=0.0 best=0.0
[ 74400.5] STOP
