[ 74973.8] v5 start
[ 74973.8] *** lap: None -> 0 (d8=tick=266372 goal=0 lap=0 last=0.0 best=0.0)
[ 74973.8] *** goal: None -> 0 (d8=tick=266372 goal=0 lap=0 last=0.0 best=0.0)
[ 74973.8] *** best: None -> 0.0 (d8=tick=266372 goal=0 lap=0 last=0.0 best=0.0)
[ 74973.8] *** last: None -> 0.0 (d8=tick=266372 goal=0 lap=0 last=0.0 best=0.0)
[ 75056.4] v5 start
[ 75056.4] *** lap: None -> 0 (d8=tick=274638 goal=0 lap=0 last=0.0 best=0.0)
[ 75056.4] *** goal: None -> 0 (d8=tick=274638 goal=0 lap=0 last=0.0 best=0.0)
[ 75056.4] *** best: None -> 0.0 (d8=tick=274638 goal=0 lap=0 last=0.0 best=0.0)
[ 75056.4] *** last: None -> 0.0 (d8=tick=274638 goal=0 lap=0 last=0.0 best=0.0)
[ 75056.6] TAKING L opening aL=2.55 aR=0.11 hd=32
[ 75060.4] c40 hd=24 v=-0.17 front=1.14 aL=0.75 aR=0.13 REV tick=275040 goal=0 lap=0 last=0.0 best=0.0
[ 75062.3] c80 hd=41 v=0.25 front=0.64 aL=0.64 aR=2.22 BEND tick=275228 goal=0 lap=0 last=0.0 best=0.0
[ 75064.2] c120 hd=360 v=0.32 front=0.66 aL=0.29 aR=0.58 BEND tick=275418 goal=0 lap=0 last=0.0 best=0.0
[ 75066.1] c160 hd=341 v=0.45 front=0.80 aL=0.45 aR=0.42 BEND tick=275607 goal=0 lap=0 last=0.0 best=0.0
[ 75068.0] c200 hd=310 v=0.35 front=0.91 aL=0.35 aR=0.52 FWD tick=275797 goal=0 lap=0 last=0.0 best=0.0
[ 75070.0] c240 hd=293 v=0.45 front=0.74 aL=0.38 aR=0.45 BEND tick=275994 goal=0 lap=0 last=0.0 best=0.0
[ 75071.9] c280 hd=344 v=0.36 front=0.55 aL=0.54 aR=0.32 BEND tick=276184 goal=0 lap=0 last=0.0 best=0.0
[ 75073.8] c320 hd=21 v=0.37 front=1.07 aL=0.51 aR=0.40 FWD tick=276371 goal=0 lap=0 last=0.0 best=0.0
[ 75075.7] c360 hd=13 v=0.42 front=0.98 aL=0.40 aR=0.50 FWD tick=276563 goal=0 lap=0 last=0.0 best=0.0
[ 75077.6] c400 hd=21 v=0.43 front=0.91 aL=0.48 aR=0.42 FWD tick=276753 goal=0 lap=0 last=0.0 best=0.0
[ 75079.5] c440 hd=7 v=0.46 front=0.93 aL=0.41 aR=0.49 FWD tick=276942 goal=0 lap=0 last=0.0 best=0.0
[ 75081.3] c480 hd=18 v=0.53 front=1.00 aL=0.43 aR=0.46 FWD tick=277129 goal=0 lap=0 last=0.0 best=0.0
[ 75083.3] c520 hd=20 v=0.57 front=1.00 aL=0.46 aR=0.45 FWD tick=277324 goal=0 lap=0 last=0.0 best=0.0
[ 75085.2] c560 hd=4 v=0.57 front=0.65 aL=0.53 aR=0.39 BEND tick=277516 goal=0 lap=0 last=0.0 best=0.0
[ 75087.1] c600 hd=32 v=0.49 front=0.86 aL=0.43 aR=0.44 BEND tick=277703 goal=0 lap=0 last=0.0 best=0.0
[ 75089.0] c640 hd=63 v=0.40 front=0.98 aL=0.55 aR=0.36 FWD tick=277894 goal=0 lap=0 last=0.0 best=0.0
[ 75090.9] c680 hd=48 v=0.45 front=1.10 aL=0.40 aR=0.51 BEND tick=278083 goal=0 lap=0 last=0.0 best=0.0
[ 75092.7] c720 hd=57 v=0.51 front=0.89 aL=0.46 aR=0.50 BEND tick=278271 goal=0 lap=0 last=0.0 best=0.0
[ 75094.6] c760 hd=48 v=0.50 front=0.87 aL=0.56 aR=0.43 BEND tick=278460 goal=0 lap=0 last=0.0 best=0.0
[ 75096.5] c800 hd=56 v=0.54 front=1.22 aL=0.52 aR=0.47 FWD tick=278648 goal=0 lap=0 last=0.0 best=0.0
[ 75098.4] c840 hd=55 v=0.59 front=1.07 aL=0.45 aR=0.58 FWD tick=278838 goal=0 lap=0 last=0.0 best=0.0
[ 75100.3] c880 hd=48 v=0.61 front=1.15 aL=0.53 aR=0.53 FWD tick=279029 goal=0 lap=0 last=0.0 best=0.0
[ 75102.2] c920 hd=50 v=0.61 front=1.35 aL=0.53 aR=0.57 FWD tick=279216 goal=0 lap=0 last=0.0 best=0.0
[ 75104.1] c960 hd=52 v=0.58 front=1.24 aL=0.55 aR=0.59 FWD tick=279405 goal=0 lap=0 last=0.0 best=0.0
[ 75106.0] c1000 hd=52 v=0.66 front=1.50 aL=0.56 aR=0.60 FAST tick=279597 goal=0 lap=0 last=0.0 best=0.0
[ 75107.9] c1040 hd=50 v=0.98 front=1.90 aL=0.65 aR=0.73 FAST tick=279787 goal=0 lap=0 last=0.0 best=0.0
[ 75109.8] c1080 hd=69 v=1.04 front=1.28 aL=0.88 aR=0.95 BEND tick=279976 goal=0 lap=0 last=0.0 best=0.0
[ 75111.7] c1120 hd=221 v=0.26 front=0.10 aL=0.13 aR=1.31 REV tick=280164 goal=0 lap=0 last=0.0 best=0.0
[ 75113.5] c1160 hd=184 v=-0.15 front=0.61 aL=0.29 aR=0.92 REV tick=280349 goal=0 lap=0 last=0.0 best=0.0
[ 75115.4] c1200 hd=156 v=0.36 front=0.81 aL=0.62 aR=0.76 BEND tick=280536 goal=0 lap=0 last=0.0 best=0.0
[ 75117.3] c1240 hd=206 v=0.45 front=1.23 aL=0.68 aR=0.47 FWD tick=280727 goal=0 lap=0 last=0.0 best=0.0
[ 75119.2] c1280 hd=194 v=0.49 front=0.84 aL=0.58 aR=0.47 BEND tick=280916 goal=0 lap=0 last=0.0 best=0.0
[ 75121.1] c1320 hd=212 v=0.47 front=0.73 aL=0.44 aR=0.58 BEND tick=281106 goal=0 lap=0 last=0.0 best=0.0
[ 75123.0] c1360 hd=197 v=0.42 front=0.88 aL=0.59 aR=0.41 BEND tick=281296 goal=0 lap=0 last=0.0 best=0.0
[ 75124.9] c1400 hd=205 v=0.54 front=0.85 aL=0.45 aR=0.54 BEND tick=281485 goal=0 lap=0 last=0.0 best=0.0
[ 75126.8] c1440 hd=204 v=0.49 front=1.10 aL=0.55 aR=0.42 FWD tick=281676 goal=0 lap=0 last=0.0 best=0.0
[ 75128.7] c1480 hd=196 v=0.49 front=1.02 aL=0.41 aR=0.56 FWD tick=281862 goal=0 lap=0 last=0.0 best=0.0
[ 75130.6] c1520 hd=206 v=0.52 front=0.98 aL=0.56 aR=0.43 BEND tick=282054 goal=0 lap=0 last=0.0 best=0.0
[ 75132.5] c1560 hd=197 v=0.57 front=1.10 aL=0.54 aR=0.42 FWD tick=282244 goal=0 lap=0 last=0.0 best=0.0
[ 75134.4] c1600 hd=192 v=0.56 front=1.16 aL=0.44 aR=0.52 FWD tick=282431 goal=0 lap=0 last=0.0 best=0.0
[ 75136.2] c1640 hd=212 v=0.56 front=0.67 aL=0.43 aR=0.55 BEND tick=282621 goal=0 lap=0 last=0.0 best=0.0
[ 75138.1] c1680 hd=192 v=0.43 front=0.76 aL=0.56 aR=0.40 BEND tick=282808 goal=0 lap=0 last=0.0 best=0.0
[ 75140.0] c1720 hd=203 v=0.41 front=0.86 aL=0.40 aR=0.56 BEND tick=282995 goal=0 lap=0 last=0.0 best=0.0
[ 75141.9] c1760 hd=198 v=0.44 front=1.00 aL=0.58 aR=0.40 FWD tick=283183 goal=0 lap=0 last=0.0 best=0.0
[ 75143.8] c1800 hd=189 v=0.46 front=1.02 aL=0.43 aR=0.53 FWD tick=283375 goal=0 lap=0 last=0.0 best=0.0
[ 75145.7] c1840 hd=196 v=0.55 front=0.97 aL=0.46 aR=0.51 FWD tick=283565 goal=0 lap=0 last=0.0 best=0.0
[ 75147.6] c1880 hd=199 v=0.57 front=1.05 aL=0.49 aR=0.45 FWD tick=283754 goal=0 lap=0 last=0.0 best=0.0
[ 75149.5] c1920 hd=194 v=0.56 front=1.09 aL=2.36 aR=0.42 BEND tick=283944 goal=0 lap=0 last=0.0 best=0.0
[ 75151.4] c1960 hd=185 v=0.53 front=0.85 aL=0.52 aR=0.46 BEND tick=284138 goal=0 lap=0 last=0.0 best=0.0
[ 75153.3] c2000 hd=199 v=0.46 front=0.84 aL=0.41 aR=0.55 BEND tick=284330 goal=0 lap=0 last=0.0 best=0.0
[ 75155.2] c2040 hd=198 v=0.51 front=1.06 aL=0.49 aR=0.45 FWD tick=284519 goal=0 lap=0 last=0.0 best=0.0
[ 75157.1] c2080 hd=184 v=0.58 front=0.94 aL=0.50 aR=0.45 FWD tick=284708 goal=0 lap=0 last=0.0 best=0.0
[ 75159.0] c2120 hd=193 v=0.58 front=1.16 aL=2.31 aR=0.48 FWD tick=284900 goal=0 lap=0 last=0.0 best=0.0
[ 75161.0] c2160 hd=188 v=0.58 front=1.15 aL=0.46 aR=0.49 FWD tick=285092 goal=0 lap=0 last=0.0 best=0.0
[ 75162.9] c2200 hd=194 v=0.60 front=1.05 aL=0.48 aR=0.50 FWD tick=285281 goal=0 lap=0 last=0.0 best=0.0
[ 75164.8] c2240 hd=192 v=0.62 front=1.21 aL=0.49 aR=0.50 FWD tick=285473 goal=0 lap=0 last=0.0 best=0.0
[ 75166.7] c2280 hd=194 v=0.65 front=0.98 aL=0.48 aR=0.52 FWD tick=285664 goal=0 lap=0 last=0.0 best=0.0
[ 75168.6] c2320 hd=192 v=0.53 front=1.20 aL=2.38 aR=0.44 FWD tick=285853 goal=0 lap=0 last=0.0 best=0.0
[ 75170.5] c2360 hd=184 v=0.59 front=1.05 aL=0.50 aR=0.52 FWD tick=286042 goal=0 lap=0 last=0.0 best=0.0
[ 75172.3] c2400 hd=190 v=0.57 front=1.10 aL=0.62 aR=0.44 FWD tick=286229 goal=0 lap=0 last=0.0 best=0.0
[ 75174.2] c2440 hd=187 v=0.59 front=1.38 aL=0.52 aR=0.57 FWD tick=286418 goal=0 lap=0 last=0.0 best=0.0
[ 75176.1] c2480 hd=185 v=0.60 front=1.18 aL=0.50 aR=0.61 FWD tick=286607 goal=0 lap=0 last=0.0 best=0.0
[ 75178.0] c2520 hd=181 v=0.56 front=0.93 aL=0.62 aR=0.50 FWD tick=286794 goal=0 lap=0 last=0.0 best=0.0
[ 75179.9] c2560 hd=189 v=0.58 front=1.21 aL=2.32 aR=0.62 FWD tick=286983 goal=0 lap=0 last=0.0 best=0.0
[ 75181.8] c2600 hd=208 v=0.52 front=0.81 aL=0.61 aR=0.58 BEND tick=287170 goal=0 lap=0 last=0.0 best=0.0
[ 75183.7] c2640 hd=186 v=0.55 front=1.03 aL=0.64 aR=0.50 FWD tick=287360 goal=0 lap=0 last=0.0 best=0.0
[ 75185.5] c2680 hd=181 v=0.69 front=1.17 aL=0.64 aR=0.55 FWD tick=287549 goal=0 lap=0 last=0.0 best=0.0
[ 75187.4] c2720 hd=186 v=0.73 front=1.29 aL=0.65 aR=0.60 FWD tick=287739 goal=0 lap=0 last=0.0 best=0.0
[ 75189.3] c2760 hd=175 v=0.85 front=1.16 aL=0.71 aR=0.62 FWD tick=287929 goal=0 lap=0 last=0.0 best=0.0
[ 75191.2] c2800 hd=287 v=0.53 front=1.11 aL=1.46 aR=2.42 BEND tick=288119 goal=0 lap=0 last=0.0 best=0.0
[ 75193.1] c2840 hd=299 v=0.51 front=0.97 aL=0.62 aR=0.53 FWD tick=288307 goal=0 lap=0 last=0.0 best=0.0
[ 75195.0] c2880 hd=312 v=0.57 front=1.20 aL=0.53 aR=0.61 FWD tick=288497 goal=0 lap=0 last=0.0 best=0.0
[ 75196.9] c2920 hd=316 v=0.60 front=1.02 aL=0.50 aR=0.63 FWD tick=288684 goal=0 lap=0 last=0.0 best=0.0
[ 75198.8] c2960 hd=314 v=0.58 front=1.08 aL=0.56 aR=0.56 FWD tick=288874 goal=0 lap=0 last=0.0 best=0.0
[ 75200.7] c3000 hd=306 v=0.59 front=1.32 aL=0.58 aR=0.53 FWD tick=289064 goal=0 lap=0 last=0.0 best=0.0
[ 75202.6] c3040 hd=297 v=0.61 front=1.34 aL=0.55 aR=0.55 FWD tick=289252 goal=0 lap=0 last=0.0 best=0.0
[ 75204.5] c3080 hd=258 v=0.46 front=0.90 aL=0.50 aR=0.55 BEND tick=289442 goal=0 lap=0 last=0.0 best=0.0
[ 75206.4] c3120 hd=204 v=0.42 front=0.76 aL=0.48 aR=0.62 BEND tick=289633 goal=0 lap=0 last=0.0 best=0.0
[ 75208.3] c3160 hd=173 v=0.55 front=0.94 aL=0.65 aR=0.49 FWD tick=289823 goal=0 lap=0 last=0.0 best=0.0
[ 75210.2] c3200 hd=171 v=0.58 front=1.13 aL=0.50 aR=0.58 FWD tick=290013 goal=0 lap=0 last=0.0 best=0.0
[ 75212.1] c3240 hd=128 v=0.42 front=0.80 aL=0.45 aR=0.58 BEND tick=290201 goal=0 lap=0 last=0.0 best=0.0
[ 75213.9] c3280 hd=109 v=0.52 front=0.95 aL=0.50 aR=0.48 FWD tick=290389 goal=0 lap=0 last=0.0 best=0.0
[ 75215.8] c3320 hd=107 v=0.55 front=0.68 aL=2.36 aR=0.47 BEND tick=290579 goal=0 lap=0 last=0.0 best=0.0
[ 75217.7] c3360 hd=139 v=0.48 front=1.07 aL=0.52 aR=0.39 FWD tick=290771 goal=0 lap=0 last=0.0 best=0.0
[ 75219.6] c3400 hd=123 v=0.41 front=0.74 aL=0.41 aR=0.48 BEND tick=290959 goal=0 lap=0 last=0.0 best=0.0
[ 75221.5] c3440 hd=157 v=0.42 front=1.06 aL=0.51 aR=0.40 FWD tick=291147 goal=0 lap=0 last=0.0 best=0.0
[ 75223.4] c3480 hd=170 v=0.59 front=1.21 aL=0.62 aR=0.62 FWD tick=291339 goal=0 lap=0 last=0.0 best=0.0
[ 75225.3] c3520 hd=204 v=0.51 front=0.65 aL=1.19 aR=0.53 BEND tick=291525 goal=0 lap=0 last=0.0 best=0.0
[ 75227.2] c3560 hd=295 v=0.38 front=0.81 aL=0.56 aR=0.32 BEND tick=291715 goal=0 lap=0 last=0.0 best=0.0
[ 75229.1] c3600 hd=298 v=0.52 front=1.08 aL=0.41 aR=0.48 FWD tick=291905 goal=0 lap=0 last=0.0 best=0.0
[ 75231.0] c3640 hd=306 v=0.60 front=0.97 aL=0.45 aR=0.46 FWD tick=292093 goal=0 lap=0 last=0.0 best=0.0
[ 75232.8] c3680 hd=303 v=0.58 front=1.12 aL=0.45 aR=0.44 FWD tick=292280 goal=0 lap=0 last=0.0 best=0.0
[ 75234.7] c3720 hd=305 v=0.58 front=0.93 aL=0.46 aR=0.44 FWD tick=292471 goal=0 lap=0 last=0.0 best=0.0
[ 75236.6] c3760 hd=302 v=0.52 front=0.92 aL=0.49 aR=0.40 FWD tick=292661 goal=0 lap=0 last=0.0 best=0.0
[ 75238.5] c3800 hd=302 v=0.54 front=1.11 aL=0.52 aR=0.42 FWD tick=292850 goal=0 lap=0 last=0.0 best=0.0
[ 75240.4] c3840 hd=273 v=0.54 front=1.16 aL=0.53 aR=0.60 FWD tick=293039 goal=0 lap=0 last=0.0 best=0.0
[ 75242.3] c3880 hd=253 v=0.55 front=1.05 aL=0.49 aR=0.46 FWD tick=293228 goal=0 lap=0 last=0.0 best=0.0
[ 75244.2] c3920 hd=244 v=0.53 front=0.91 aL=0.42 aR=2.30 FWD tick=293416 goal=0 lap=0 last=0.0 best=0.0
[ 75246.1] c3960 hd=246 v=0.44 front=0.65 aL=0.38 aR=0.51 BEND tick=293608 goal=0 lap=0 last=0.0 best=0.0
[ 75248.0] c4000 hd=210 v=0.48 front=1.11 aL=0.49 aR=0.40 FWD tick=293797 goal=0 lap=0 last=0.0 best=0.0
[ 75249.9] c4040 hd=194 v=0.43 front=0.94 aL=0.35 aR=0.55 FWD tick=293986 goal=0 lap=0 last=0.0 best=0.0
[ 75251.8] c4080 hd=215 v=0.45 front=0.95 aL=0.54 aR=0.37 FWD tick=294175 goal=0 lap=0 last=0.0 best=0.0
[ 75253.7] c4120 hd=198 v=0.43 front=0.97 aL=0.40 aR=0.46 FWD tick=294362 goal=0 lap=0 last=0.0 best=0.0
[ 75255.6] c4160 hd=183 v=0.41 front=0.86 aL=0.35 aR=0.52 BEND tick=294551 goal=0 lap=0 last=0.0 best=0.0
[ 75257.5] c4200 hd=185 v=0.46 front=0.80 aL=0.48 aR=0.43 BEND tick=294741 goal=0 lap=0 last=0.0 best=0.0
[ 75259.4] c4240 hd=156 v=0.42 front=0.94 aL=0.37 aR=0.53 FWD tick=294933 goal=0 lap=0 last=0.0 best=0.0
[ 75261.3] c4280 hd=171 v=0.46 front=0.81 aL=0.51 aR=0.38 BEND tick=295121 goal=0 lap=0 last=0.0 best=0.0
[ 75263.2] c4320 hd=147 v=0.36 front=0.88 aL=0.33 aR=0.54 BEND tick=295313 goal=0 lap=0 last=0.0 best=0.0
[ 75265.1] c4360 hd=144 v=0.39 front=0.77 aL=0.38 aR=0.50 BEND tick=295490 goal=0 lap=0 last=0.0 best=0.0
[ 75267.0] c4400 hd=126 v=0.49 front=1.10 aL=0.45 aR=0.43 FWD tick=295688 goal=0 lap=0 last=0.0 best=0.0
[ 75268.9] c4440 hd=122 v=0.51 front=0.95 aL=0.42 aR=0.50 BEND tick=295889 goal=0 lap=0 last=0.0 best=0.0
[ 75270.9] c4480 hd=138 v=0.46 front=0.97 aL=0.48 aR=0.40 FWD tick=296069 goal=0 lap=0 last=0.0 best=0.0
[ 75272.8] c4520 hd=118 v=0.46 front=0.76 aL=0.47 aR=0.45 BEND tick=296277 goal=0 lap=0 last=0.0 best=0.0
[ 75274.7] c4560 hd=139 v=0.42 front=0.74 aL=0.43 aR=0.46 BEND tick=296469 goal=0 lap=0 last=0.0 best=0.0
[ 75276.7] c4600 hd=119 v=0.46 front=0.88 aL=0.40 aR=0.48 BEND tick=296658 goal=0 lap=0 last=0.0 best=0.0
[ 75278.6] c4640 hd=141 v=0.45 front=0.97 aL=0.50 aR=0.40 FWD tick=296847 goal=0 lap=0 last=0.0 best=0.0
[ 75280.5] c4680 hd=127 v=0.48 front=0.88 aL=0.45 aR=0.47 BEND tick=297030 goal=0 lap=0 last=0.0 best=0.0
[ 75282.5] c4720 hd=107 v=-0.15 front=0.32 aL=0.73 aR=0.27 REV tick=297209 goal=0 lap=0 last=0.0 best=0.0
[ 75284.3] c4760 hd=135 v=0.12 front=0.75 aL=0.61 aR=0.30 BEND tick=297415 goal=0 lap=0 last=0.0 best=0.0
[ 75286.3] c4800 hd=146 v=0.31 front=1.11 aL=0.38 aR=0.51 FWD tick=297602 goal=0 lap=0 last=0.0 best=0.0
[ 75288.2] c4840 hd=166 v=0.37 front=0.65 aL=0.54 aR=0.36 BEND tick=297808 goal=0 lap=0 last=0.0 best=0.0
[ 75290.1] c4880 hd=199 v=0.45 front=1.11 aL=0.50 aR=0.46 FWD tick=298008 goal=0 lap=0 last=0.0 best=0.0
[ 75292.0] c4920 hd=205 v=0.56 front=0.93 aL=0.51 aR=0.45 FWD tick=298200 goal=0 lap=0 last=0.0 best=0.0
[ 75294.0] c4960 hd=201 v=0.55 front=1.18 aL=0.47 aR=0.50 FWD tick=298387 goal=0 lap=0 last=0.0 best=0.0
[ 75295.9] c5000 hd=205 v=0.53 front=1.05 aL=0.54 aR=0.42 FWD tick=298581 goal=0 lap=0 last=0.0 best=0.0
[ 75297.8] c5040 hd=194 v=0.49 front=0.95 aL=0.41 aR=0.60 FWD tick=298764 goal=0 lap=0 last=0.0 best=0.0
[ 75299.8] c5080 hd=220 v=0.46 front=0.81 aL=0.50 aR=0.49 BEND tick=298959 goal=0 lap=0 last=0.0 best=0.0
[ 75301.8] c5120 hd=195 v=0.46 front=0.68 aL=0.57 aR=0.41 BEND tick=299171 goal=0 lap=0 last=0.0 best=0.0
[ 75303.7] c5160 hd=212 v=0.40 front=0.82 aL=0.41 aR=0.56 BEND tick=299348 goal=0 lap=0 last=0.0 best=0.0
[ 75305.6] c5200 hd=205 v=0.42 front=0.97 aL=0.58 aR=0.40 FWD tick=299545 goal=0 lap=0 last=0.0 best=0.0
[ 75307.6] c5240 hd=203 v=0.50 front=1.14 aL=0.39 aR=0.56 FWD tick=299747 goal=0 lap=0 last=0.0 best=0.0
[ 75309.5] c5280 hd=246 v=0.52 front=1.33 aL=0.65 aR=0.67 FWD tick=299944 goal=0 lap=0 last=0.0 best=0.0
[ 75311.5] c5320 hd=309 v=0.43 front=0.53 aL=0.77 aR=0.37 BEND tick=300144 goal=0 lap=0 last=0.0 best=0.0
[ 75313.4] c5360 hd=327 v=0.35 front=0.94 aL=0.36 aR=0.67 FWD tick=300320 goal=0 lap=0 last=0.0 best=0.0
[ 75315.4] c5400 hd=331 v=0.44 front=1.14 aL=0.63 aR=0.45 FWD tick=300506 goal=0 lap=0 last=0.0 best=0.0
[ 75317.3] c5440 hd=315 v=0.55 front=0.84 aL=0.60 aR=0.49 BEND tick=300724 goal=0 lap=0 last=0.0 best=0.0
[ 75319.2] c5480 hd=321 v=0.56 front=1.14 aL=0.47 aR=0.63 FWD tick=300911 goal=0 lap=0 last=0.0 best=0.0
[ 75321.2] c5520 hd=324 v=0.58 front=1.26 aL=0.54 aR=0.55 FWD tick=301111 goal=0 lap=0 last=0.0 best=0.0
[ 75323.2] c5560 hd=329 v=0.58 front=1.11 aL=0.54 aR=0.58 FWD tick=301279 goal=0 lap=0 last=0.0 best=0.0
[ 75325.1] c5600 hd=322 v=0.59 front=1.28 aL=0.61 aR=0.52 FWD tick=301488 goal=0 lap=0 last=0.0 best=0.0
[ 75327.0] c5640 hd=317 v=0.59 front=1.38 aL=0.48 aR=0.68 FWD tick=301692 goal=0 lap=0 last=0.0 best=0.0
[ 75329.0] c5680 hd=328 v=0.63 front=1.15 aL=0.55 aR=0.63 FWD tick=301890 goal=0 lap=0 last=0.0 best=0.0
[ 75330.9] c5720 hd=327 v=0.75 front=1.20 aL=0.61 aR=0.60 FWD tick=302075 goal=0 lap=0 last=0.0 best=0.0
[ 75332.8] c5760 hd=326 v=0.74 front=1.53 aL=0.66 aR=0.56 FAST tick=302265 goal=0 lap=0 last=0.0 best=0.0
[ 75334.8] c5800 hd=326 v=0.83 front=1.51 aL=0.60 aR=0.65 FAST tick=302452 goal=0 lap=0 last=0.0 best=0.0
[ 75336.7] c5840 hd=316 v=0.89 front=1.38 aL=0.59 aR=0.68 FWD tick=302661 goal=0 lap=0 last=0.0 best=0.0
[ 75338.7] c5880 hd=319 v=0.93 front=1.29 aL=0.66 aR=0.65 BEND tick=302846 goal=0 lap=0 last=0.0 best=0.0
[ 75340.6] c5920 hd=316 v=0.82 front=2.37 aL=0.65 aR=0.71 FAST tick=303035 goal=0 lap=0 last=0.0 best=0.0
[ 75342.6] c5960 hd=335 v=0.80 front=1.48 aL=0.77 aR=0.61 FAST tick=303250 goal=0 lap=0 last=0.0 best=0.0
[ 75344.5] c6000 hd=327 v=0.74 front=1.66 aL=0.77 aR=0.62 FAST tick=303430 goal=0 lap=0 last=0.0 best=0.0
[ 75346.5] c6040 hd=330 v=0.63 front=1.76 aL=0.82 aR=0.59 FWD tick=303625 goal=0 lap=0 last=0.0 best=0.0
[ 75348.4] c6080 hd=325 v=0.96 front=1.85 aL=0.77 aR=0.68 FAST tick=303829 goal=0 lap=0 last=0.0 best=0.0
[ 75350.3] c6120 hd=335 v=1.01 front=2.15 aL=1.01 aR=0.95 FAST tick=304025 goal=0 lap=0 last=0.0 best=0.0
[ 75352.2] c6160 hd=108 v=0.65 front=0.81 aL=2.09 aR=0.85 BEND tick=304216 goal=0 lap=0 last=0.0 best=0.0
[ 75354.2] c6200 hd=108 v=0.41 front=0.83 aL=0.75 aR=0.35 BEND tick=304403 goal=0 lap=0 last=0.0 best=0.0
[ 75356.1] c6240 hd=110 v=0.44 front=1.04 aL=0.41 aR=0.64 FWD tick=304577 goal=0 lap=0 last=0.0 best=0.0
[ 75358.0] c6280 hd=116 v=0.54 front=1.03 aL=0.56 aR=0.47 FWD tick=304774 goal=0 lap=0 last=0.0 best=0.0
[ 75359.9] c6320 hd=102 v=0.56 front=0.73 aL=0.53 aR=0.45 BEND tick=304987 goal=0 lap=0 last=0.0 best=0.0
[ 75361.9] c6360 hd=109 v=0.43 front=1.03 aL=0.38 aR=0.54 FWD tick=305178 goal=0 lap=0 last=0.0 best=0.0
[ 75363.8] c6400 hd=116 v=0.43 front=0.93 aL=0.51 aR=0.39 FWD tick=305369 goal=0 lap=0 last=0.0 best=0.0
[ 75365.7] c6440 hd=91 v=0.42 front=1.01 aL=0.35 aR=0.53 FWD tick=305564 goal=0 lap=0 last=0.0 best=0.0
[ 75367.7] c6480 hd=88 v=0.50 front=0.85 aL=0.45 aR=0.45 BEND tick=305756 goal=0 lap=0 last=0.0 best=0.0
[ 75369.6] c6520 hd=80 v=0.47 front=0.84 aL=0.47 aR=0.42 BEND tick=305945 goal=0 lap=0 last=0.0 best=0.0
[ 75371.5] c6560 hd=60 v=0.44 front=0.88 aL=0.39 aR=0.46 BEND tick=306138 goal=0 lap=0 last=0.0 best=0.0
[ 75373.4] c6600 hd=35 v=0.41 front=0.90 aL=0.43 aR=0.48 BEND tick=306338 goal=0 lap=0 last=0.0 best=0.0
[ 75375.4] c6640 hd=37 v=0.47 front=0.74 aL=0.36 aR=0.53 BEND tick=306532 goal=0 lap=0 last=0.0 best=0.0
[ 75377.3] c6680 hd=34 v=0.41 front=1.10 aL=0.51 aR=0.38 BEND tick=306729 goal=0 lap=0 last=0.0 best=0.0
[ 75379.3] c6720 hd=30 v=0.47 front=0.96 aL=0.40 aR=0.50 FWD tick=306853 goal=0 lap=0 last=0.0 best=0.0
[ 75381.2] c6760 hd=36 v=0.49 front=1.00 aL=0.47 aR=0.42 FWD tick=307099 goal=0 lap=0 last=0.0 best=0.0
[ 75383.2] c6800 hd=33 v=0.57 front=0.96 aL=0.48 aR=0.41 FWD tick=307286 goal=0 lap=0 last=0.0 best=0.0
[ 75385.1] c6840 hd=31 v=0.60 front=1.08 aL=0.43 aR=0.46 FWD tick=307502 goal=0 lap=0 last=0.0 best=0.0
[ 75387.0] c6880 hd=38 v=0.51 front=0.96 aL=0.46 aR=0.41 FWD tick=307692 goal=0 lap=0 last=0.0 best=0.0
[ 75389.0] c6920 hd=50 v=0.40 front=0.87 aL=0.48 aR=0.39 BEND tick=307881 goal=0 lap=0 last=0.0 best=0.0
[ 75390.9] c6960 hd=59 v=0.48 front=0.79 aL=0.45 aR=0.43 BEND tick=308085 goal=0 lap=0 last=0.0 best=0.0
[ 75392.8] c7000 hd=78 v=0.43 front=0.81 aL=0.45 aR=0.41 BEND tick=308267 goal=0 lap=0 last=0.0 best=0.0
[ 75394.7] c7040 hd=58 v=0.49 front=1.02 aL=0.43 aR=0.45 FWD tick=308465 goal=0 lap=0 last=0.0 best=0.0
[ 75396.7] c7080 hd=45 v=0.41 front=0.89 aL=0.38 aR=0.53 BEND tick=308657 goal=0 lap=0 last=0.0 best=0.0
[ 75398.6] c7120 hd=28 v=0.38 front=0.82 aL=0.39 aR=0.51 BEND tick=308860 goal=0 lap=0 last=0.0 best=0.0
[ 75400.6] c7160 hd=18 v=0.47 front=0.84 aL=0.46 aR=0.45 BEND tick=309046 goal=0 lap=0 last=0.0 best=0.0
[ 75402.5] c7200 hd=32 v=0.38 front=0.79 aL=0.48 aR=0.39 BEND tick=309241 goal=0 lap=0 last=0.0 best=0.0
[ 75404.4] c7240 hd=49 v=0.43 front=1.00 aL=0.47 aR=0.41 FWD tick=309440 goal=0 lap=0 last=0.0 best=0.0
[ 75406.4] c7280 hd=74 v=0.38 front=0.80 aL=0.51 aR=0.35 BEND tick=309604 goal=0 lap=0 last=0.0 best=0.0
[ 75408.3] c7320 hd=90 v=0.51 front=0.80 aL=0.40 aR=0.49 BEND tick=309806 goal=0 lap=0 last=0.0 best=0.0
[ 75410.3] c7360 hd=77 v=0.43 front=0.91 aL=0.58 aR=0.36 FWD tick=310023 goal=0 lap=0 last=0.0 best=0.0
[ 75412.2] STOP
