[ 73577.8] autopilot start
[ 73578.1] *** LAP None->0 d8=tick=126807 goal=0 lap=0 last=0.0 best=0.0
[ 73578.1] *** GOAL None->0 d8=tick=126807 goal=0 lap=0 last=0.0 best=0.0
[ 73578.1] *** BEST None->0.0 d8=tick=126807 goal=0 lap=0 last=0.0 best=0.0
[ 73578.1] *** LAST None->0.0 d8=tick=126807 goal=0 lap=0 last=0.0 best=0.0
[ 73584.2] c20 hd=113 v=0.13 wz=0.00 front=0.45 L=0.71 R=0.33 best_i=9 d4=18 d7=-100 FWD corr=False d8=tick=127416 goal=0 lap=0 last=0.0 best=0.0
[ 73590.6] c40 hd=98 v=-0.17 wz=-0.31 front=0.29 L=0.85 R=0.27 best_i=2 d4=-45 d7=-62.99999999999999 REV corr=False d8=tick=128057 goal=0 lap=0 last=0.0 best=0.0
[ 73597.0] c60 hd=132 v=0.20 wz=0.12 front=0.48 L=0.79 R=0.29 best_i=1 d4=18 d7=31.499999999999996 FWD corr=False d8=tick=128698 goal=0 lap=0 last=0.0 best=0.0
[ 73603.4] c80 hd=151 v=0.52 wz=0.06 front=1.01 L=0.49 R=0.51 best_i=0 d4=28 d7=-1.3800000000000012 FWD corr=True d8=tick=129339 goal=0 lap=0 last=0.0 best=0.0
[ 73609.9] c100 hd=37 v=0.01 wz=-0.01 front=0.12 L=1.01 R=0.10 best_i=1 d4=-45 d7=-31.499999999999996 REV corr=False d8=tick=129981 goal=0 lap=0 last=0.0 best=0.0
[ 73616.3] c120 hd=31 v=0.39 wz=-0.21 front=0.59 L=0.33 R=0.58 best_i=15 d4=18 d7=-31.499999999999996 FWD corr=False d8=tick=130622 goal=0 lap=0 last=0.0 best=0.0
[ 73622.7] c140 hd=0 v=-0.15 wz=0.21 front=0.31 L=0.69 R=0.24 best_i=1 d4=-45 d7=-31.499999999999996 REV corr=False d8=tick=131263 goal=0 lap=0 last=0.0 best=0.0
[ 73629.1] c160 hd=15 v=0.36 wz=-0.72 front=0.40 L=0.68 R=0.24 best_i=1 d4=18 d7=31.499999999999996 FWD corr=False d8=tick=131904 goal=0 lap=0 last=0.0 best=0.0
[ 73635.5] c180 hd=22 v=0.14 wz=0.09 front=0.40 L=0.71 R=0.19 best_i=1 d4=18 d7=31.499999999999996 FWD corr=False d8=tick=132546 goal=0 lap=0 last=0.0 best=0.0
[ 73641.9] c200 hd=38 v=-0.02 wz=-0.00 front=1.06 L=0.19 R=0.72 best_i=1 d4=28 d7=31.499999999999996 FWD corr=False d8=
[ 73648.3] c220 hd=28 v=0.16 wz=-0.10 front=0.44 L=0.17 R=0.75 best_i=0 d4=18 d7=-34.32000000000001 FWD corr=True d8=tick=133828 goal=0 lap=0 last=0.0 best=0.0
[ 73654.7] c240 hd=71 v=0.38 wz=-0.22 front=0.40 L=0.37 R=0.57 best_i=14 d4=18 d7=-62.99999999999999 FWD corr=False d8=tick=134469 goal=0 lap=0 last=0.0 best=0.0
[ 73661.2] c260 hd=58 v=0.00 wz=0.06 front=0.35 L=0.31 R=0.62 best_i=14 d4=-45 d7=62.99999999999999 REV corr=False d8=tick=135110 goal=0 lap=0 last=0.0 best=0.0
[ 73667.6] c280 hd=40 v=0.05 wz=-0.06 front=0.39 L=0.21 R=0.72 best_i=15 d4=18 d7=-31.499999999999996 FWD corr=False d8=tick=135751 goal=0 lap=0 last=0.0 best=0.0
[ 73674.0] c300 hd=13 v=0.43 wz=-0.30 front=1.17 L=0.45 R=0.46 best_i=0 d4=28 d7=-0.8400000000000007 FWD corr=True d8=tick=136393 goal=0 lap=0 last=0.0 best=0.0
[ 73680.4] c320 hd=353 v=0.20 wz=0.12 front=0.38 L=0.69 R=0.18 best_i=9 d4=18 d7=-100 FWD corr=True d8=tick=137034 goal=0 lap=0 last=0.0 best=0.0
[ 73686.8] c340 hd=350 v=0.08 wz=0.06 front=0.39 L=0.70 R=0.20 best_i=9 d4=18 d7=-100 FWD corr=True d8=
[ 73693.2] c360 hd=345 v=0.04 wz=0.01 front=0.43 L=0.61 R=0.28 best_i=0 d4=18 d7=22.140000000000004 FWD corr=True d8=tick=138316 goal=0 lap=0 last=0.0 best=0.0
[ 73699.6] c380 hd=335 v=0.29 wz=-0.59 front=0.29 L=0.66 R=0.19 best_i=0 d4=-45 d7=-28.14 REV corr=True d8=tick=138958 goal=0 lap=0 last=0.0 best=0.0
[ 73706.0] c400 hd=306 v=0.03 wz=-0.00 front=0.28 L=0.60 R=0.26 best_i=1 d4=-45 d7=-31.499999999999996 REV corr=False d8=tick=139599 goal=0 lap=0 last=0.0 best=0.0
[ 73712.5] c420 hd=313 v=-0.11 wz=0.06 front=0.28 L=0.62 R=0.24 best_i=1 d4=-45 d7=-31.499999999999996 REV corr=False d8=tick=140240 goal=0 lap=0 last=0.0 best=0.0
[ 73718.9] c440 hd=277 v=-0.11 wz=-0.07 front=0.20 L=0.46 R=0.25 best_i=12 d4=-45 d7=100 REV corr=False d8=tick=140882 goal=0 lap=0 last=0.0 best=0.0
[ 73725.3] c460 hd=226 v=-0.10 wz=-0.14 front=0.25 L=0.24 R=0.71 best_i=14 d4=-45 d7=62.99999999999999 REV corr=False d8=tick=141523 goal=0 lap=0 last=0.0 best=0.0
[ 73731.7] c480 hd=187 v=0.18 wz=-0.06 front=0.44 L=0.19 R=0.67 best_i=0 d4=18 d7=-28.62 FWD corr=True d8=tick=142164 goal=0 lap=0 last=0.0 best=0.0
[ 73738.1] c500 hd=219 v=0.45 wz=0.06 front=0.78 L=0.44 R=0.49 best_i=14 d4=28 d7=-64.38 FWD corr=True d8=tick=142805 goal=0 lap=0 last=0.0 best=0.0
[ 73744.5] c520 hd=214 v=0.43 wz=0.13 front=1.07 L=0.53 R=0.37 best_i=0 d4=28 d7=9.540000000000003 FWD corr=True d8=tick=143447 goal=0 lap=0 last=0.0 best=0.0
[ 73750.7] STOP file seen; halting
