[ 76250.2] v8 start
[ 76250.2] c80 hd=359 v=0.01 pose=(-0.0,-0.0) th=360 front=0.11 REV d8=
[ 76250.2] c160 hd=4 v=0.03 pose=(0.0,-0.0) th=360 front=0.11 REV d8=
[ 76250.2] c240 hd=4 v=-0.02 pose=(0.0,-0.0) th=360 front=0.10 REV d8=tick=394019 goal=0 lap=1 last=7043.1 best=0.0
[ 76250.3] c320 hd=7 v=-0.02 pose=(-0.0,0.0) th=360 front=0.12 REV d8=tick=394024 goal=0 lap=1 last=7043.1 best=0.0
[ 76250.3] c400 hd=3 v=-0.05 pose=(-0.0,0.0) th=360 front=0.10 REV d8=tick=394024 goal=0 lap=1 last=7043.1 best=0.0
[ 76250.3] c480 hd=4 v=-0.04 pose=(-0.0,0.0) th=360 front=0.09 REV d8=tick=394024 goal=0 lap=1 last=7043.1 best=0.0
[ 76250.3] c560 hd=0 v=-0.07 pose=(-0.0,0.0) th=359 front=0.09 REV d8=tick=394024 goal=0 lap=1 last=7043.1 best=0.0
[ 76250.4] c640 hd=2 v=-0.10 pose=(-0.0,0.0) th=359 front=0.12 REV d8=tick=394024 goal=0 lap=1 last=7043.1 best=0.0
[ 76250.4] c720 hd=2 v=-0.10 pose=(-0.0,0.0) th=359 front=0.10 REV d8=tick=394024 goal=0 lap=1 last=7043.1 best=0.0
[ 76250.4] c800 hd=3 v=-0.09 pose=(-0.0,0.0) th=359 front=0.13 REV d8=tick=394037 goal=0 lap=1 last=7043.1 best=0.0
[ 76250.4] c880 hd=2 v=-0.13 pose=(-0.0,0.0) th=359 front=0.13 REV d8=tick=394037 goal=0 lap=1 last=7043.1 best=0.0
[ 76250.4] c960 hd=2 v=-0.11 pose=(-0.0,0.0) th=359 front=0.14 REV d8=tick=394037 goal=0 lap=1 last=7043.1 best=0.0
[ 76250.5] c1040 hd=2 v=-0.12 pose=(-0.0,0.0) th=358 front=0.15 REV d8=tick=394037 goal=0 lap=1 last=7043.1 best=0.0
[ 76250.5] c1120 hd=3 v=-0.14 pose=(-0.0,0.0) th=358 front=0.15 REV d8=tick=394037 goal=0 lap=1 last=7043.1 best=0.0
[ 76250.5] c1200 hd=360 v=-0.14 pose=(-0.0,0.0) th=358 front=0.15 REV d8=tick=394037 goal=0 lap=1 last=7043.1 best=0.0
[ 76250.5] c1280 hd=360 v=-0.14 pose=(-0.0,0.0) th=358 front=0.15 REV d8=tick=394037 goal=0 lap=1 last=7043.1 best=0.0
[ 76250.5] c1360 hd=360 v=-0.14 pose=(-0.0,0.0) th=358 front=0.15 REV d8=tick=394037 goal=0 lap=1 last=7043.1 best=0.0
[ 76250.5] c1440 hd=0 v=-0.16 pose=(-0.0,0.0) th=358 front=0.14 REV d8=tick=394037 goal=0 lap=1 last=7043.1 best=0.0
[ 76250.6] c1520 hd=0 v=-0.16 pose=(-0.0,0.0) th=357 front=0.16 REV d8=tick=394037 goal=0 lap=1 last=7043.1 best=0.0
[ 76250.6] c1600 hd=0 v=-0.16 pose=(-0.0,0.0) th=357 front=0.16 REV d8=tick=394037 goal=0 lap=1 last=7043.1 best=0.0
[ 76250.6] c1680 hd=0 v=-0.16 pose=(-0.0,0.0) th=357 front=0.16 REV d8=tick=394037 goal=0 lap=1 last=7043.1 best=0.0
[ 76250.6] c1760 hd=0 v=-0.16 pose=(-0.0,0.0) th=357 front=0.16 REV d8=tick=394037 goal=0 lap=1 last=7043.1 best=0.0
[ 76250.6] c1840 hd=0 v=-0.16 pose=(-0.0,0.0) th=357 front=0.16 REV d8=tick=394037 goal=0 lap=1 last=7043.1 best=0.0
[ 76250.6] c1920 hd=359 v=-0.16 pose=(-0.0,0.0) th=357 front=0.16 REV d8=tick=394037 goal=0 lap=1 last=7043.1 best=0.0
[ 76250.6] c2000 hd=359 v=-0.16 pose=(-0.0,0.0) th=357 front=0.16 REV d8=tick=394055 goal=0 lap=1 last=7043.1 best=0.0
[ 76250.6] c2080 hd=359 v=-0.16 pose=(-0.0,0.0) th=357 front=0.16 REV d8=tick=394055 goal=0 lap=1 last=7043.1 best=0.0
[ 76250.6] c2160 hd=359 v=-0.16 pose=(-0.0,0.0) th=357 front=0.16 REV d8=tick=394055 goal=0 lap=1 last=7043.1 best=0.0
[ 76250.6] c2240 hd=0 v=-0.15 pose=(-0.0,0.0) th=357 front=0.16 REV d8=tick=394055 goal=0 lap=1 last=7043.1 best=0.0
[ 76250.6] c2320 hd=358 v=-0.16 pose=(-0.0,0.0) th=357 front=0.18 REV d8=tick=394055 goal=0 lap=1 last=7043.1 best=0.0
[ 76250.6] c2400 hd=358 v=-0.16 pose=(-0.0,0.0) th=356 front=0.17 REV d8=tick=394055 goal=0 lap=1 last=7043.1 best=0.0
[ 76250.7] c2480 hd=358 v=-0.15 pose=(-0.0,0.0) th=356 front=0.17 REV d8=tick=394055 goal=0 lap=1 last=7043.1 best=0.0
[ 76250.7] c2560 hd=358 v=-0.14 pose=(-0.0,0.0) th=356 front=0.18 REV d8=tick=394055 goal=0 lap=1 last=7043.1 best=0.0
[ 76250.7] c2640 hd=353 v=-0.15 pose=(-0.1,0.0) th=356 front=0.18 REV d8=tick=394055 goal=0 lap=1 last=7043.1 best=0.0
[ 76250.7] c2720 hd=355 v=-0.15 pose=(-0.1,0.0) th=355 front=0.19 REV d8=tick=394055 goal=0 lap=1 last=7043.1 best=0.0
[ 76250.8] c2800 hd=353 v=-0.14 pose=(-0.1,0.0) th=355 front=0.19 REV d8=tick=394055 goal=0 lap=1 last=7043.1 best=0.0
[ 76250.8] c2880 hd=352 v=-0.15 pose=(-0.1,0.0) th=355 front=0.21 REV d8=tick=394055 goal=0 lap=1 last=7043.1 best=0.0
[ 76250.8] c2960 hd=352 v=-0.15 pose=(-0.1,0.0) th=354 front=0.21 REV d8=tick=394055 goal=0 lap=1 last=7043.1 best=0.0
[ 76250.8] c3040 hd=352 v=-0.15 pose=(-0.1,0.0) th=354 front=0.23 REV d8=tick=394055 goal=0 lap=1 last=7043.1 best=0.0
[ 76250.8] c3120 hd=352 v=-0.15 pose=(-0.1,0.0) th=354 front=0.23 REV d8=tick=394055 goal=0 lap=1 last=7043.1 best=0.0
[ 76250.8] c3200 hd=352 v=-0.15 pose=(-0.1,0.0) th=354 front=0.23 REV d8=tick=394055 goal=0 lap=1 last=7043.1 best=0.0
[ 76250.8] c3280 hd=352 v=-0.15 pose=(-0.1,0.0) th=354 front=0.23 REV d8=tick=394055 goal=0 lap=1 last=7043.1 best=0.0
[ 76250.8] c3360 hd=357 v=-0.14 pose=(-0.1,0.0) th=354 front=0.23 REV d8=tick=394055 goal=0 lap=1 last=7043.1 best=0.0
[ 76250.9] c3440 hd=349 v=-0.14 pose=(-0.1,0.0) th=354 front=0.24 REV d8=tick=394055 goal=0 lap=1 last=7043.1 best=0.0
[ 76250.9] c3520 hd=349 v=-0.14 pose=(-0.1,0.0) th=353 front=0.24 REV d8=tick=394085 goal=0 lap=1 last=7043.1 best=0.0
[ 76250.9] c3600 hd=349 v=-0.14 pose=(-0.1,0.0) th=353 front=0.24 REV d8=tick=394085 goal=0 lap=1 last=7043.1 best=0.0
[ 76250.9] c3680 hd=350 v=-0.16 pose=(-0.1,0.0) th=353 front=0.24 REV d8=tick=394085 goal=0 lap=1 last=7043.1 best=0.0
[ 76250.9] c3760 hd=352 v=-0.16 pose=(-0.1,0.0) th=353 front=0.24 REV d8=tick=394085 goal=0 lap=1 last=7043.1 best=0.0
[ 76250.9] c3840 hd=352 v=-0.16 pose=(-0.1,0.0) th=353 front=0.24 REV d8=tick=394090 goal=0 lap=1 last=7043.1 best=0.0
[ 76251.0] c3920 hd=350 v=-0.14 pose=(-0.1,0.0) th=353 front=0.25 REV d8=tick=394090 goal=0 lap=1 last=7043.1 best=0.0
[ 76251.0] c4000 hd=350 v=-0.14 pose=(-0.1,0.0) th=352 front=0.25 REV d8=tick=394090 goal=0 lap=1 last=7043.1 best=0.0
[ 76251.0] c4080 hd=349 v=-0.14 pose=(-0.1,0.0) th=352 front=0.26 REV d8=tick=394090 goal=0 lap=1 last=7043.1 best=0.0
[ 76251.0] c4160 hd=349 v=-0.17 pose=(-0.1,0.0) th=352 front=0.27 REV d8=tick=394098 goal=0 lap=1 last=7043.1 best=0.0
[ 76251.0] c4240 hd=347 v=-0.15 pose=(-0.1,0.0) th=352 front=0.28 REV d8=tick=394098 goal=0 lap=1 last=7043.1 best=0.0
[ 76251.1] c4320 hd=343 v=-0.16 pose=(-0.1,0.0) th=351 front=0.27 REV d8=tick=394098 goal=0 lap=1 last=7043.1 best=0.0
[ 76251.1] c4400 hd=345 v=-0.16 pose=(-0.1,0.0) th=351 front=0.29 REV d8=tick=394098 goal=0 lap=1 last=7043.1 best=0.0
[ 76251.1] c4480 hd=350 v=-0.16 pose=(-0.1,0.0) th=351 front=0.30 REV d8=tick=394098 goal=0 lap=1 last=7043.1 best=0.0
[ 76251.1] c4560 hd=345 v=-0.15 pose=(-0.1,0.0) th=350 front=0.28 REV d8=tick=394098 goal=0 lap=1 last=7043.1 best=0.0
[ 76251.1] c4640 hd=345 v=-0.16 pose=(-0.1,0.0) th=350 front=0.28 REV d8=tick=394110 goal=0 lap=1 last=7043.1 best=0.0
[ 76251.2] c4720 hd=342 v=-0.14 pose=(-0.1,0.0) th=350 front=0.33 REV d8=tick=394110 goal=0 lap=1 last=7043.1 best=0.0
[ 76251.2] c4800 hd=342 v=-0.15 pose=(-0.1,0.0) th=349 front=0.32 REV d8=tick=394110 goal=0 lap=1 last=7043.1 best=0.0
[ 76251.2] c4880 hd=342 v=-0.15 pose=(-0.1,0.0) th=349 front=0.32 REV d8=tick=394110 goal=0 lap=1 last=7043.1 best=0.0
[ 76251.2] c4960 hd=342 v=-0.15 pose=(-0.1,0.0) th=349 front=0.32 REV d8=tick=394110 goal=0 lap=1 last=7043.1 best=0.0
[ 76251.2] c5040 hd=342 v=-0.15 pose=(-0.1,0.0) th=349 front=0.32 REV d8=tick=394110 goal=0 lap=1 last=7043.1 best=0.0
[ 76251.3] c5120 hd=344 v=-0.16 pose=(-0.1,0.0) th=349 front=0.34 REV d8=tick=394110 goal=0 lap=1 last=7043.1 best=0.0
[ 76251.3] c5200 hd=345 v=-0.15 pose=(-0.1,0.0) th=349 front=0.35 REV d8=tick=394110 goal=0 lap=1 last=7043.1 best=0.0
[ 76251.3] c5280 hd=343 v=-0.17 pose=(-0.1,0.0) th=348 front=0.36 REV d8=tick=394110 goal=0 lap=1 last=7043.1 best=0.0
[ 76251.3] c5360 hd=340 v=-0.15 pose=(-0.1,0.0) th=348 front=0.36 REV d8=tick=394128 goal=0 lap=1 last=7043.1 best=0.0
[ 76251.3] c5440 hd=340 v=-0.15 pose=(-0.1,0.0) th=348 front=0.37 REV d8=tick=394128 goal=0 lap=1 last=7043.1 best=0.0
[ 76251.3] c5520 hd=340 v=-0.15 pose=(-0.1,0.0) th=348 front=0.37 REV d8=tick=394128 goal=0 lap=1 last=7043.1 best=0.0
[ 76251.4] c5600 hd=339 v=-0.14 pose=(-0.2,0.0) th=347 front=0.39 REV d8=tick=394133 goal=0 lap=1 last=7043.1 best=0.0
[ 76251.4] c5680 hd=339 v=-0.15 pose=(-0.2,0.0) th=347 front=0.40 REV d8=tick=394133 goal=0 lap=1 last=7043.1 best=0.0
[ 76251.4] c5760 hd=336 v=-0.14 pose=(-0.2,0.0) th=347 front=0.40 REV d8=tick=394133 goal=0 lap=1 last=7043.1 best=0.0
[ 76251.5] c5840 hd=335 v=-0.16 pose=(-0.2,0.0) th=346 front=0.41 REV d8=tick=394133 goal=0 lap=1 last=7043.1 best=0.0
[ 76251.5] c5920 hd=335 v=-0.16 pose=(-0.2,0.0) th=346 front=0.41 REV d8=tick=394133 goal=0 lap=1 last=7043.1 best=0.0
[ 76251.5] c6000 hd=335 v=-0.15 pose=(-0.2,0.0) th=346 front=0.45 REV d8=tick=394148 goal=0 lap=1 last=7043.1 best=0.0
[ 76251.5] c6080 hd=336 v=-0.15 pose=(-0.2,0.0) th=346 front=0.45 REV d8=tick=394148 goal=0 lap=1 last=7043.1 best=0.0
[ 76251.6] c6160 hd=335 v=-0.14 pose=(-0.2,0.0) th=345 front=0.44 REV d8=tick=394151 goal=0 lap=1 last=7043.1 best=0.0
[ 76251.6] c6240 hd=334 v=-0.16 pose=(-0.2,0.0) th=345 front=0.47 REV d8=tick=394151 goal=0 lap=1 last=7043.1 best=0.0
[ 76251.6] c6320 hd=332 v=-0.14 pose=(-0.2,0.0) th=345 front=0.44 REV d8=tick=394156 goal=0 lap=1 last=7043.1 best=0.0
[ 76251.6] c6400 hd=332 v=-0.14 pose=(-0.2,0.0) th=345 front=0.44 REV d8=tick=394156 goal=0 lap=1 last=7043.1 best=0.0
[ 76251.6] c6480 hd=333 v=-0.12 pose=(-0.2,0.0) th=344 front=0.48 REV d8=tick=394156 goal=0 lap=1 last=7043.1 best=0.0
[ 76251.7] c6560 hd=328 v=-0.12 pose=(-0.2,0.0) th=344 front=0.49 REV d8=tick=394156 goal=0 lap=1 last=7043.1 best=0.0
[ 76251.7] c6640 hd=328 v=-0.12 pose=(-0.2,0.0) th=344 front=0.49 REV d8=tick=394156 goal=0 lap=1 last=7043.1 best=0.0
[ 76251.7] c6720 hd=328 v=-0.12 pose=(-0.2,0.0) th=344 front=0.49 REV d8=tick=394156 goal=0 lap=1 last=7043.1 best=0.0
[ 76251.7] c6800 hd=330 v=-0.13 pose=(-0.2,0.0) th=343 front=0.50 REV d8=tick=394156 goal=0 lap=1 last=7043.1 best=0.0
[ 76251.7] c6880 hd=332 v=-0.15 pose=(-0.2,0.0) th=343 front=0.52 REV d8=tick=394169 goal=0 lap=1 last=7043.1 best=0.0
[ 76251.7] c6960 hd=332 v=-0.15 pose=(-0.2,0.0) th=343 front=0.53 REV d8=tick=394169 goal=0 lap=1 last=7043.1 best=0.0
[ 76251.8] c7040 hd=326 v=-0.15 pose=(-0.2,0.0) th=343 front=0.54 REV d8=tick=394169 goal=0 lap=1 last=7043.1 best=0.0
[ 76251.8] c7120 hd=328 v=-0.14 pose=(-0.2,0.0) th=342 front=0.56 REV d8=tick=394169 goal=0 lap=1 last=7043.1 best=0.0
[ 76251.8] c7200 hd=328 v=-0.14 pose=(-0.2,0.0) th=342 front=0.56 REV d8=tick=394179 goal=0 lap=1 last=7043.1 best=0.0
[ 76251.8] c7280 hd=328 v=-0.14 pose=(-0.2,0.0) th=342 front=0.56 REV d8=tick=394179 goal=0 lap=1 last=7043.1 best=0.0
[ 76251.9] c7360 hd=326 v=-0.13 pose=(-0.2,0.0) th=342 front=0.59 REV d8=tick=394179 goal=0 lap=1 last=7043.1 best=0.0
[ 76251.9] c7440 hd=326 v=-0.13 pose=(-0.2,0.0) th=342 front=0.59 REV d8=tick=394179 goal=0 lap=1 last=7043.1 best=0.0
[ 76251.9] c7520 hd=326 v=-0.13 pose=(-0.2,0.0) th=341 front=0.59 REV d8=tick=394179 goal=0 lap=1 last=7043.1 best=0.0
[ 76251.9] c7600 hd=328 v=-0.15 pose=(-0.2,0.0) th=341 front=0.61 REV d8=tick=394179 goal=0 lap=1 last=7043.1 best=0.0
[ 76251.9] c7680 hd=327 v=-0.16 pose=(-0.2,0.0) th=341 front=0.62 REV d8=tick=394179 goal=0 lap=1 last=7043.1 best=0.0
[ 76252.0] c7760 hd=329 v=-0.15 pose=(-0.2,0.0) th=340 front=0.62 BEND d8=tick=394179 goal=0 lap=1 last=7043.1 best=0.0
[ 76252.0] c7840 hd=324 v=-0.16 pose=(-0.2,0.0) th=340 front=0.68 BEND d8=tick=394179 goal=0 lap=1 last=7043.1 best=0.0
[ 76252.0] c7920 hd=325 v=-0.13 pose=(-0.2,0.0) th=340 front=0.68 BEND d8=tick=394179 goal=0 lap=1 last=7043.1 best=0.0
[ 76252.1] c8000 hd=323 v=-0.13 pose=(-0.2,0.0) th=340 front=0.66 BEND d8=tick=394179 goal=0 lap=1 last=7043.1 best=0.0
[ 76252.1] c8080 hd=324 v=-0.11 pose=(-0.3,0.0) th=340 front=0.64 BEND d8=tick=394179 goal=0 lap=1 last=7043.1 best=0.0
[ 76252.1] c8160 hd=325 v=-0.11 pose=(-0.3,0.0) th=340 front=0.62 BEND d8=tick=394179 goal=0 lap=1 last=7043.1 best=0.0
[ 76252.2] c8240 hd=326 v=-0.10 pose=(-0.3,0.1) th=341 front=0.62 BEND d8=tick=394179 goal=0 lap=1 last=7043.1 best=0.0
[ 76252.2] c8320 hd=327 v=-0.08 pose=(-0.3,0.1) th=341 front=0.60 BEND d8=tick=394179 goal=0 lap=1 last=7043.1 best=0.0
[ 76252.2] c8400 hd=326 v=-0.08 pose=(-0.3,0.1) th=341 front=0.58 BEND d8=tick=394179 goal=0 lap=1 last=7043.1 best=0.0
[ 76252.3] c8480 hd=331 v=-0.07 pose=(-0.3,0.1) th=342 front=0.58 BEND d8=tick=394227 goal=0 lap=1 last=7043.1 best=0.0
[ 76252.4] c8560 hd=327 v=-0.04 pose=(-0.3,0.1) th=342 front=0.58 BEND d8=tick=394227 goal=0 lap=1 last=7043.1 best=0.0
[ 76252.4] c8640 hd=327 v=-0.04 pose=(-0.3,0.1) th=342 front=0.55 BEND d8=tick=394227 goal=0 lap=1 last=7043.1 best=0.0
[ 76252.4] c8720 hd=327 v=-0.04 pose=(-0.3,0.1) th=342 front=0.55 BEND d8=tick=394227 goal=0 lap=1 last=7043.1 best=0.0
[ 76252.4] c8800 hd=327 v=-0.04 pose=(-0.3,0.1) th=342 front=0.55 BEND d8=tick=394227 goal=0 lap=1 last=7043.1 best=0.0
[ 76252.4] c8880 hd=327 v=-0.04 pose=(-0.3,0.1) th=342 front=0.55 BEND d8=tick=394227 goal=0 lap=1 last=7043.1 best=0.0
[ 76252.4] c8960 hd=330 v=-0.02 pose=(-0.3,0.1) th=342 front=0.56 BEND d8=tick=394227 goal=0 lap=1 last=7043.1 best=0.0
[ 76252.4] c9040 hd=330 v=-0.03 pose=(-0.3,0.1) th=342 front=0.55 BEND d8=tick=394227 goal=0 lap=1 last=7043.1 best=0.0
[ 76252.4] c9120 hd=330 v=-0.03 pose=(-0.3,0.1) th=342 front=0.55 BEND d8=tick=394227 goal=0 lap=1 last=7043.1 best=0.0
[ 76252.4] c9200 hd=330 v=-0.03 pose=(-0.3,0.1) th=342 front=0.55 BEND d8=tick=394227 goal=0 lap=1 last=7043.1 best=0.0
[ 76252.5] c9280 hd=331 v=-0.01 pose=(-0.3,0.1) th=342 front=0.56 BEND d8=tick=394244 goal=0 lap=1 last=7043.1 best=0.0
[ 76252.5] c9360 hd=328 v=-0.01 pose=(-0.3,0.1) th=342 front=0.56 BEND d8=tick=394247 goal=0 lap=1 last=7043.1 best=0.0
[ 76252.5] c9440 hd=328 v=-0.01 pose=(-0.3,0.1) th=342 front=0.56 BEND d8=tick=394247 goal=0 lap=1 last=7043.1 best=0.0
[ 76252.5] c9520 hd=328 v=-0.01 pose=(-0.3,0.1) th=342 front=0.55 BEND d8=tick=394247 goal=0 lap=1 last=7043.1 best=0.0
[ 76252.6] c9600 hd=325 v=0.01 pose=(-0.3,0.1) th=342 front=0.56 BEND d8=tick=394247 goal=0 lap=1 last=7043.1 best=0.0
[ 76252.6] c9680 hd=327 v=0.02 pose=(-0.3,0.1) th=342 front=0.57 BEND d8=tick=394247 goal=0 lap=1 last=7043.1 best=0.0
[ 76252.6] c9760 hd=327 v=0.01 pose=(-0.3,0.1) th=342 front=0.55 BEND d8=tick=394247 goal=0 lap=1 last=7043.1 best=0.0
[ 76252.7] c9840 hd=333 v=0.04 pose=(-0.3,0.1) th=342 front=0.56 BEND d8=tick=394247 goal=0 lap=1 last=7043.1 best=0.0
[ 76252.7] c9920 hd=323 v=0.03 pose=(-0.3,0.1) th=342 front=0.56 BEND d8=tick=394247 goal=0 lap=1 last=7043.1 best=0.0
[ 76252.7] c10000 hd=323 v=0.03 pose=(-0.3,0.1) th=342 front=0.56 BEND d8=tick=394247 goal=0 lap=1 last=7043.1 best=0.0
[ 76252.7] c10080 hd=323 v=0.03 pose=(-0.3,0.1) th=342 front=0.56 BEND d8=tick=394247 goal=0 lap=1 last=7043.1 best=0.0
[ 76252.7] c10160 hd=323 v=0.03 pose=(-0.3,0.1) th=342 front=0.56 BEND d8=tick=394247 goal=0 lap=1 last=7043.1 best=0.0
[ 76252.7] c10240 hd=323 v=0.03 pose=(-0.3,0.1) th=342 front=0.56 BEND d8=tick=394247 goal=0 lap=1 last=7043.1 best=0.0
[ 76252.7] c10320 hd=328 v=0.03 pose=(-0.3,0.1) th=342 front=0.57 BEND d8=tick=394247 goal=0 lap=1 last=7043.1 best=0.0
[ 76252.8] c10400 hd=332 v=0.04 pose=(-0.3,0.1) th=342 front=0.56 BEND d8=tick=394270 goal=0 lap=1 last=7043.1 best=0.0
[ 76252.8] c10480 hd=332 v=0.04 pose=(-0.3,0.1) th=342 front=0.56 BEND d8=tick=394270 goal=0 lap=1 last=7043.1 best=0.0
[ 76252.8] c10560 hd=332 v=0.04 pose=(-0.3,0.1) th=342 front=0.56 BEND d8=tick=394270 goal=0 lap=1 last=7043.1 best=0.0
[ 76252.8] c10640 hd=328 v=0.07 pose=(-0.3,0.1) th=342 front=0.60 BEND d8=tick=394270 goal=0 lap=1 last=7043.1 best=0.0
[ 76252.9] c10720 hd=328 v=0.07 pose=(-0.3,0.1) th=341 front=0.58 BEND d8=tick=394270 goal=0 lap=1 last=7043.1 best=0.0
[ 76252.9] c10800 hd=324 v=0.08 pose=(-0.3,0.1) th=341 front=0.57 BEND d8=tick=394270 goal=0 lap=1 last=7043.1 best=0.0
[ 76252.9] c10880 hd=324 v=0.09 pose=(-0.3,0.1) th=341 front=0.61 BEND d8=tick=394270 goal=0 lap=1 last=7043.1 best=0.0
[ 76253.0] c10960 hd=325 v=0.10 pose=(-0.3,0.0) th=340 front=0.61 BEND d8=tick=394270 goal=0 lap=1 last=7043.1 best=0.0
[ 76253.0] c11040 hd=323 v=0.11 pose=(-0.2,0.0) th=340 front=0.66 BEND d8=tick=394300 goal=0 lap=1 last=7043.1 best=0.0
[ 76253.1] c11120 hd=326 v=0.13 pose=(-0.2,0.0) th=340 front=0.68 BEND d8=tick=394300 goal=0 lap=1 last=7043.1 best=0.0
[ 76253.1] c11200 hd=326 v=0.12 pose=(-0.2,0.0) th=339 front=0.69 BEND d8=tick=394300 goal=0 lap=1 last=7043.1 best=0.0
[ 76253.2] c11280 hd=326 v=0.11 pose=(-0.2,0.0) th=339 front=0.73 BEND d8=tick=394300 goal=0 lap=1 last=7043.1 best=0.0
[ 76253.2] c11360 hd=322 v=0.14 pose=(-0.2,0.0) th=339 front=0.73 BEND d8=tick=394300 goal=0 lap=1 last=7043.1 best=0.0
[ 76253.2] c11440 hd=320 v=0.13 pose=(-0.2,0.0) th=338 front=0.76 BEND d8=tick=394300 goal=0 lap=1 last=7043.1 best=0.0
[ 76253.3] c11520 hd=322 v=0.13 pose=(-0.2,0.0) th=338 front=0.78 BEND d8=tick=394300 goal=0 lap=1 last=7043.1 best=0.0
[ 76253.3] c11600 hd=322 v=0.13 pose=(-0.2,0.0) th=338 front=0.78 BEND d8=tick=394300 goal=0 lap=1 last=7043.1 best=0.0
[ 76253.3] c11680 hd=321 v=0.14 pose=(-0.2,0.0) th=337 front=0.86 BEND d8=tick=394300 goal=0 lap=1 last=7043.1 best=0.0
[ 76253.4] c11760 hd=317 v=0.15 pose=(-0.2,0.0) th=337 front=0.90 FWD d8=tick=394300 goal=0 lap=1 last=7043.1 best=0.0
[ 76253.4] c11840 hd=318 v=0.16 pose=(-0.2,0.0) th=336 front=0.99 FWD d8=tick=394338 goal=0 lap=1 last=7043.1 best=0.0
[ 76253.4] c11920 hd=315 v=0.16 pose=(-0.2,0.0) th=336 front=1.03 FWD d8=tick=394338 goal=0 lap=1 last=7043.1 best=0.0
[ 76253.5] c12000 hd=314 v=0.19 pose=(-0.2,0.0) th=335 front=1.16 FWD d8=tick=394338 goal=0 lap=1 last=7043.1 best=0.0
[ 76253.5] c12080 hd=314 v=0.19 pose=(-0.2,0.0) th=335 front=1.16 FWD d8=tick=394338 goal=0 lap=1 last=7043.1 best=0.0
[ 76253.5] c12160 hd=314 v=0.19 pose=(-0.2,0.0) th=335 front=1.16 FWD d8=tick=394338 goal=0 lap=1 last=7043.1 best=0.0
[ 76253.5] c12240 hd=313 v=0.20 pose=(-0.2,0.0) th=334 front=1.32 FWD d8=tick=394338 goal=0 lap=1 last=7043.1 best=0.0
[ 76253.6] c12320 hd=313 v=0.20 pose=(-0.2,0.0) th=334 front=1.32 FWD d8=tick=394338 goal=0 lap=1 last=7043.1 best=0.0
[ 76253.6] c12400 hd=311 v=0.23 pose=(-0.2,0.0) th=333 front=1.42 FAST d8=tick=394338 goal=0 lap=1 last=7043.1 best=0.0
[ 76253.6] c12480 hd=310 v=0.23 pose=(-0.2,0.0) th=333 front=1.32 FWD d8=tick=394338 goal=0 lap=1 last=7043.1 best=0.0
[ 76253.7] c12560 hd=313 v=0.25 pose=(-0.2,0.0) th=332 front=1.30 FWD d8=tick=394338 goal=0 lap=1 last=7043.1 best=0.0
[ 76253.7] c12640 hd=306 v=0.24 pose=(-0.1,-0.0) th=331 front=1.26 FWD d8=tick=394368 goal=0 lap=1 last=7043.1 best=0.0
[ 76253.8] c12720 hd=307 v=0.27 pose=(-0.1,-0.0) th=331 front=1.21 FWD d8=tick=394368 goal=0 lap=1 last=7043.1 best=0.0
[ 76253.8] c12800 hd=307 v=0.27 pose=(-0.1,-0.0) th=331 front=1.21 FWD d8=tick=394368 goal=0 lap=1 last=7043.1 best=0.0
[ 76253.8] c12880 hd=304 v=0.27 pose=(-0.1,-0.0) th=330 front=1.19 FWD d8=tick=394368 goal=0 lap=1 last=7043.1 best=0.0
[ 76253.8] c12960 hd=306 v=0.27 pose=(-0.1,-0.0) th=329 front=1.13 FWD d8=tick=394368 goal=0 lap=1 last=7043.1 best=0.0
[ 76253.9] c13040 hd=299 v=0.28 pose=(-0.1,-0.0) th=329 front=1.10 FWD d8=tick=394383 goal=0 lap=1 last=7043.1 best=0.0
[ 76253.9] c13120 hd=300 v=0.31 pose=(-0.1,-0.0) th=329 front=1.06 FWD d8=tick=394383 goal=0 lap=1 last=7043.1 best=0.0
[ 76253.9] c13200 hd=300 v=0.30 pose=(-0.1,-0.0) th=328 front=1.04 FWD d8=tick=394383 goal=0 lap=1 last=7043.1 best=0.0
[ 76254.0] c13280 hd=301 v=0.31 pose=(-0.1,-0.0) th=327 front=0.98 FWD d8=tick=394383 goal=0 lap=1 last=7043.1 best=0.0
[ 76254.0] c13360 hd=301 v=0.31 pose=(-0.1,-0.0) th=327 front=0.98 FWD d8=tick=394383 goal=0 lap=1 last=7043.1 best=0.0
[ 76254.0] c13440 hd=301 v=0.31 pose=(-0.1,-0.0) th=327 front=0.98 FWD d8=tick=394383 goal=0 lap=1 last=7043.1 best=0.0
[ 76254.0] c13520 hd=299 v=0.31 pose=(-0.1,-0.0) th=327 front=0.97 FWD d8=tick=394383 goal=0 lap=1 last=7043.1 best=0.0
[ 76254.1] c13600 hd=298 v=0.35 pose=(-0.1,-0.0) th=326 front=0.95 FWD d8=tick=394383 goal=0 lap=1 last=7043.1 best=0.0
[ 76254.1] c13680 hd=295 v=0.33 pose=(-0.1,-0.1) th=326 front=0.93 FWD d8=tick=394383 goal=0 lap=1 last=7043.1 best=0.0
[ 76254.1] c13760 hd=295 v=0.33 pose=(-0.1,-0.1) th=326 front=0.91 FWD d8=tick=394383 goal=0 lap=1 last=7043.1 best=0.0
[ 76254.1] c13840 hd=295 v=0.33 pose=(-0.1,-0.1) th=326 front=0.91 FWD d8=tick=394383 goal=0 lap=1 last=7043.1 best=0.0
[ 76254.1] c13920 hd=298 v=0.35 pose=(-0.0,-0.1) th=326 front=0.92 FWD d8=tick=394383 goal=0 lap=1 last=7043.1 best=0.0
[ 76254.2] c14000 hd=296 v=0.32 pose=(-0.0,-0.1) th=326 front=0.89 BEND d8=tick=394411 goal=0 lap=1 last=7043.1 best=0.0
[ 76254.2] c14080 hd=296 v=0.32 pose=(-0.0,-0.1) th=326 front=0.89 BEND d8=tick=394411 goal=0 lap=1 last=7043.1 best=0.0
[ 76254.2] c14160 hd=296 v=0.32 pose=(-0.0,-0.1) th=326 front=0.88 BEND d8=tick=394411 goal=0 lap=1 last=7043.1 best=0.0
[ 76254.2] c14240 hd=297 v=0.34 pose=(-0.0,-0.1) th=326 front=0.86 BEND d8=tick=394411 goal=0 lap=1 last=7043.1 best=0.0
[ 76254.2] c14320 hd=298 v=0.34 pose=(-0.0,-0.1) th=325 front=0.86 BEND d8=tick=394411 goal=0 lap=1 last=7043.1 best=0.0
[ 76254.2] c14400 hd=298 v=0.34 pose=(-0.0,-0.1) th=325 front=0.82 BEND d8=tick=394411 goal=0 lap=1 last=7043.1 best=0.0
[ 76254.3] c14480 hd=297 v=0.35 pose=(-0.0,-0.1) th=325 front=0.81 BEND d8=tick=394423 goal=0 lap=1 last=7043.1 best=0.0
[ 76254.3] c14560 hd=297 v=0.34 pose=(0.0,-0.1) th=325 front=0.82 BEND d8=tick=394423 goal=0 lap=1 last=7043.1 best=0.0
[ 76254.3] c14640 hd=297 v=0.34 pose=(0.0,-0.1) th=325 front=0.81 BEND d8=tick=394423 goal=0 lap=1 last=7043.1 best=0.0
[ 76254.3] c14720 hd=297 v=0.34 pose=(0.0,-0.1) th=325 front=0.81 BEND d8=tick=394423 goal=0 lap=1 last=7043.1 best=0.0
[ 76254.3] c14800 hd=297 v=0.34 pose=(0.0,-0.1) th=325 front=0.81 BEND d8=tick=394423 goal=0 lap=1 last=7043.1 best=0.0
[ 76254.3] c14880 hd=296 v=0.36 pose=(0.0,-0.1) th=325 front=0.81 BEND d8=tick=394423 goal=0 lap=1 last=7043.1 best=0.0
[ 76254.4] c14960 hd=296 v=0.33 pose=(0.0,-0.1) th=325 front=0.81 BEND d8=tick=394423 goal=0 lap=1 last=7043.1 best=0.0
[ 76254.4] c15040 hd=298 v=0.33 pose=(0.0,-0.1) th=325 front=0.81 BEND d8=tick=394423 goal=0 lap=1 last=7043.1 best=0.0
[ 76254.4] c15120 hd=293 v=0.35 pose=(0.0,-0.1) th=325 front=0.77 BEND d8=tick=394423 goal=0 lap=1 last=7043.1 best=0.0
[ 76254.4] c15200 hd=293 v=0.35 pose=(0.0,-0.1) th=325 front=0.77 BEND d8=tick=394423 goal=0 lap=1 last=7043.1 best=0.0
[ 76254.4] c15280 hd=296 v=0.36 pose=(0.0,-0.1) th=326 front=0.75 BEND d8=tick=394423 goal=0 lap=1 last=7043.1 best=0.0
[ 76254.5] c15360 hd=295 v=0.35 pose=(0.1,-0.1) th=326 front=0.74 BEND d8=tick=394423 goal=0 lap=1 last=7043.1 best=0.0
[ 76254.5] c15440 hd=295 v=0.34 pose=(0.1,-0.1) th=326 front=0.75 BEND d8=tick=394449 goal=0 lap=1 last=7043.1 best=0.0
[ 76254.6] c15520 hd=298 v=0.34 pose=(0.1,-0.1) th=326 front=0.73 BEND d8=tick=394449 goal=0 lap=1 last=7043.1 best=0.0
[ 76254.6] c15600 hd=298 v=0.34 pose=(0.1,-0.2) th=327 front=0.72 BEND d8=tick=394449 goal=0 lap=1 last=7043.1 best=0.0
[ 76254.7] c15680 hd=301 v=0.34 pose=(0.1,-0.2) th=327 front=0.70 BEND d8=tick=394449 goal=0 lap=1 last=7043.1 best=0.0
[ 76254.7] c15760 hd=300 v=0.35 pose=(0.1,-0.2) th=328 front=0.70 BEND d8=tick=394449 goal=0 lap=1 last=7043.1 best=0.0
[ 76254.7] c15840 hd=300 v=0.35 pose=(0.1,-0.2) th=328 front=0.70 BEND d8=tick=394449 goal=0 lap=1 last=7043.1 best=0.0
[ 76254.7] c15920 hd=301 v=0.35 pose=(0.1,-0.2) th=328 front=0.71 BEND d8=tick=394449 goal=0 lap=1 last=7043.1 best=0.0
[ 76254.7] c16000 hd=301 v=0.35 pose=(0.1,-0.2) th=328 front=0.71 BEND d8=tick=394449 goal=0 lap=1 last=7043.1 best=0.0
[ 76254.7] c16080 hd=301 v=0.35 pose=(0.1,-0.2) th=328 front=0.71 BEND d8=tick=394449 goal=0 lap=1 last=7043.1 best=0.0
[ 76254.8] c16160 hd=304 v=0.35 pose=(0.1,-0.2) th=329 front=0.72 BEND d8=tick=394471 goal=0 lap=1 last=7043.1 best=0.0
[ 76254.8] c16240 hd=299 v=0.35 pose=(0.2,-0.2) th=329 front=0.69 BEND d8=tick=394471 goal=0 lap=1 last=7043.1 best=0.0
[ 76254.9] c16320 hd=304 v=0.35 pose=(0.2,-0.2) th=330 front=0.70 BEND d8=tick=394471 goal=0 lap=1 last=7043.1 best=0.0
[ 76254.9] c16400 hd=304 v=0.35 pose=(0.2,-0.2) th=330 front=0.70 BEND d8=tick=394471 goal=0 lap=1 last=7043.1 best=0.0
[ 76254.9] c16480 hd=299 v=0.35 pose=(0.2,-0.2) th=330 front=0.71 BEND d8=tick=394471 goal=0 lap=1 last=7043.1 best=0.0
[ 76254.9] c16560 hd=299 v=0.35 pose=(0.2,-0.2) th=330 front=0.71 BEND d8=tick=394471 goal=0 lap=1 last=7043.1 best=0.0
[ 76254.9] c16640 hd=299 v=0.35 pose=(0.2,-0.2) th=330 front=0.71 BEND d8=tick=394471 goal=0 lap=1 last=7043.1 best=0.0
[ 76254.9] c16720 hd=308 v=0.33 pose=(0.2,-0.2) th=330 front=0.70 BEND d8=tick=394471 goal=0 lap=1 last=7043.1 best=0.0
[ 76254.9] c16800 hd=308 v=0.33 pose=(0.2,-0.2) th=330 front=0.70 BEND d8=tick=394471 goal=0 lap=1 last=7043.1 best=0.0
[ 76255.0] c16880 hd=303 v=0.35 pose=(0.2,-0.2) th=331 front=0.69 BEND d8=tick=394471 goal=0 lap=1 last=7043.1 best=0.0
[ 76255.0] c16960 hd=308 v=0.34 pose=(0.2,-0.2) th=331 front=0.73 BEND d8=tick=394471 goal=0 lap=1 last=7043.1 best=0.0
[ 76255.0] c17040 hd=310 v=0.35 pose=(0.2,-0.2) th=332 front=0.71 BEND d8=tick=394471 goal=0 lap=1 last=7043.1 best=0.0
[ 76255.0] c17120 hd=310 v=0.35 pose=(0.2,-0.2) th=332 front=0.71 BEND d8=tick=394471 goal=0 lap=1 last=7043.1 best=0.0
[ 76255.0] c17200 hd=310 v=0.35 pose=(0.2,-0.2) th=332 front=0.71 BEND d8=tick=394471 goal=0 lap=1 last=7043.1 best=0.0
[ 76255.0] c17280 hd=310 v=0.35 pose=(0.2,-0.2) th=332 front=0.71 BEND d8=tick=394471 goal=0 lap=1 last=7043.1 best=0.0
[ 76255.0] c17360 hd=312 v=0.35 pose=(0.2,-0.2) th=332 front=0.74 BEND d8=tick=394471 goal=0 lap=1 last=7043.1 best=0.0
[ 76255.1] c17440 hd=310 v=0.33 pose=(0.2,-0.2) th=332 front=0.71 BEND d8=tick=394504 goal=0 lap=1 last=7043.1 best=0.0
[ 76255.1] c17520 hd=311 v=0.35 pose=(0.2,-0.2) th=333 front=0.73 BEND d8=tick=394504 goal=0 lap=1 last=7043.1 best=0.0
[ 76255.2] c17600 hd=309 v=0.34 pose=(0.3,-0.3) th=334 front=0.75 BEND d8=tick=394504 goal=0 lap=1 last=7043.1 best=0.0
[ 76255.2] c17680 hd=309 v=0.34 pose=(0.3,-0.3) th=334 front=0.74 BEND d8=tick=394515 goal=0 lap=1 last=7043.1 best=0.0
[ 76255.2] c17760 hd=309 v=0.34 pose=(0.3,-0.3) th=334 front=0.74 BEND d8=tick=394515 goal=0 lap=1 last=7043.1 best=0.0
[ 76255.2] c17840 hd=316 v=0.34 pose=(0.3,-0.3) th=335 front=0.78 BEND d8=tick=394515 goal=0 lap=1 last=7043.1 best=0.0
[ 76255.3] c17920 hd=316 v=0.34 pose=(0.3,-0.3) th=336 front=0.81 BEND d8=tick=394525 goal=0 lap=1 last=7043.1 best=0.0
[ 76255.4] c18000 hd=316 v=0.32 pose=(0.3,-0.3) th=337 front=0.85 BEND d8=tick=394525 goal=0 lap=1 last=7043.1 best=0.0
[ 76255.4] c18080 hd=319 v=0.34 pose=(0.3,-0.3) th=337 front=0.89 BEND d8=tick=394525 goal=0 lap=1 last=7043.1 best=0.0
[ 76255.4] c18160 hd=319 v=0.34 pose=(0.3,-0.3) th=337 front=0.89 BEND d8=tick=394525 goal=0 lap=1 last=7043.1 best=0.0
[ 76255.4] c18240 hd=320 v=0.37 pose=(0.3,-0.3) th=338 front=0.89 BEND d8=tick=394525 goal=0 lap=1 last=7043.1 best=0.0
[ 76255.4] c18320 hd=324 v=0.32 pose=(0.3,-0.3) th=338 front=0.91 FWD d8=tick=394525 goal=0 lap=1 last=7043.1 best=0.0
[ 76255.4] c18400 hd=324 v=0.32 pose=(0.3,-0.3) th=338 front=0.96 FWD d8=tick=394525 goal=0 lap=1 last=7043.1 best=0.0
[ 76255.5] c18480 hd=319 v=0.35 pose=(0.4,-0.3) th=338 front=0.96 FWD d8=tick=394525 goal=0 lap=1 last=7043.1 best=0.0
[ 76255.5] c18560 hd=321 v=0.36 pose=(0.4,-0.3) th=339 front=1.00 FWD d8=tick=394525 goal=0 lap=1 last=7043.1 best=0.0
[ 76255.5] c18640 hd=321 v=0.36 pose=(0.4,-0.3) th=339 front=1.02 FWD d8=tick=394525 goal=0 lap=1 last=7043.1 best=0.0
[ 76255.5] c18720 hd=321 v=0.36 pose=(0.4,-0.3) th=339 front=1.02 FWD d8=tick=394525 goal=0 lap=1 last=7043.1 best=0.0
[ 76255.5] c18800 hd=321 v=0.36 pose=(0.4,-0.3) th=339 front=1.02 FWD d8=tick=394525 goal=0 lap=1 last=7043.1 best=0.0
[ 76255.6] c18880 hd=323 v=0.36 pose=(0.4,-0.3) th=340 front=1.06 FWD d8=tick=394525 goal=0 lap=1 last=7043.1 best=0.0
[ 76255.6] c18960 hd=325 v=0.37 pose=(0.4,-0.3) th=341 front=1.21 FWD d8=tick=394558 goal=0 lap=1 last=7043.1 best=0.0
[ 76255.7] c19040 hd=329 v=0.38 pose=(0.4,-0.3) th=342 front=1.28 FWD d8=tick=394566 goal=0 lap=1 last=7043.1 best=0.0
[ 76255.7] c19120 hd=331 v=0.40 pose=(0.4,-0.3) th=342 front=1.43 FAST d8=tick=394566 goal=0 lap=1 last=7043.1 best=0.0
[ 76255.7] c19200 hd=331 v=0.40 pose=(0.4,-0.3) th=342 front=1.43 FAST d8=tick=394566 goal=0 lap=1 last=7043.1 best=0.0
[ 76255.8] c19280 hd=331 v=0.39 pose=(0.5,-0.3) th=343 front=1.37 FWD d8=tick=394566 goal=0 lap=1 last=7043.1 best=0.0
[ 76255.8] c19360 hd=332 v=0.42 pose=(0.5,-0.3) th=343 front=1.35 FWD d8=tick=394566 goal=0 lap=1 last=7043.1 best=0.0
[ 76255.8] c19440 hd=332 v=0.42 pose=(0.5,-0.3) th=343 front=1.35 FWD d8=tick=394566 goal=0 lap=1 last=7043.1 best=0.0
[ 76255.8] c19520 hd=329 v=0.42 pose=(0.5,-0.3) th=343 front=1.35 FWD d8=tick=394566 goal=0 lap=1 last=7043.1 best=0.0
[ 76255.8] c19600 hd=329 v=0.42 pose=(0.5,-0.3) th=343 front=1.35 FWD d8=tick=394566 goal=0 lap=1 last=7043.1 best=0.0
[ 76255.8] c19680 hd=329 v=0.42 pose=(0.5,-0.3) th=343 front=1.35 FWD d8=tick=394566 goal=0 lap=1 last=7043.1 best=0.0
[ 76255.9] c19760 hd=334 v=0.42 pose=(0.5,-0.3) th=344 front=1.26 FWD d8=tick=394581 goal=0 lap=1 last=7043.1 best=0.0
[ 76255.9] c19840 hd=334 v=0.42 pose=(0.5,-0.3) th=344 front=1.26 FWD d8=tick=394581 goal=0 lap=1 last=7043.1 best=0.0
[ 76255.9] c19920 hd=334 v=0.42 pose=(0.5,-0.3) th=344 front=1.26 FWD d8=tick=394581 goal=0 lap=1 last=7043.1 best=0.0
[ 76255.9] c20000 hd=334 v=0.42 pose=(0.5,-0.3) th=344 front=1.23 FWD d8=tick=394581 goal=0 lap=1 last=7043.1 best=0.0
[ 76255.9] c20080 hd=334 v=0.44 pose=(0.5,-0.4) th=344 front=1.20 FWD d8=tick=394581 goal=0 lap=1 last=7043.1 best=0.0
[ 76256.0] c20160 hd=336 v=0.43 pose=(0.5,-0.4) th=345 front=1.16 FWD d8=tick=394581 goal=0 lap=1 last=7043.1 best=0.0
[ 76256.0] c20240 hd=338 v=0.44 pose=(0.6,-0.4) th=345 front=1.13 FWD d8=tick=394581 goal=0 lap=1 last=7043.1 best=0.0
[ 76256.1] c20320 hd=335 v=0.44 pose=(0.6,-0.4) th=346 front=1.08 FWD d8=tick=394581 goal=0 lap=1 last=7043.1 best=0.0
[ 76256.1] c20400 hd=338 v=0.46 pose=(0.6,-0.4) th=346 front=1.06 FWD d8=tick=394581 goal=0 lap=1 last=7043.1 best=0.0
[ 76256.1] c20480 hd=338 v=0.46 pose=(0.6,-0.4) th=346 front=1.06 FWD d8=tick=394581 goal=0 lap=1 last=7043.1 best=0.0
[ 76256.1] c20560 hd=336 v=0.47 pose=(0.6,-0.4) th=346 front=1.04 FWD d8=tick=394581 goal=0 lap=1 last=7043.1 best=0.0
[ 76256.1] c20640 hd=336 v=0.47 pose=(0.6,-0.4) th=346 front=1.04 FWD d8=tick=394581 goal=0 lap=1 last=7043.1 best=0.0
[ 76256.1] c20720 hd=336 v=0.47 pose=(0.6,-0.4) th=346 front=1.04 FWD d8=tick=394581 goal=0 lap=1 last=7043.1 best=0.0
[ 76256.2] c20800 hd=339 v=0.46 pose=(0.6,-0.4) th=347 front=1.00 FWD d8=tick=394581 goal=0 lap=1 last=7043.1 best=0.0
[ 76256.2] c20880 hd=338 v=0.46 pose=(0.6,-0.4) th=347 front=0.96 FWD d8=tick=394581 goal=0 lap=1 last=7043.1 best=0.0
[ 76256.3] c20960 hd=337 v=0.46 pose=(0.7,-0.4) th=347 front=0.97 FWD d8=tick=394581 goal=0 lap=1 last=7043.1 best=0.0
[ 76256.3] c21040 hd=337 v=0.46 pose=(0.7,-0.4) th=347 front=0.97 FWD d8=tick=394581 goal=0 lap=1 last=7043.1 best=0.0
[ 76256.3] c21120 hd=337 v=0.46 pose=(0.7,-0.4) th=347 front=0.97 FWD d8=tick=394581 goal=0 lap=1 last=7043.1 best=0.0
[ 76256.3] c21200 hd=337 v=0.46 pose=(0.7,-0.4) th=347 front=0.97 FWD d8=tick=394581 goal=0 lap=1 last=7043.1 best=0.0
[ 76256.3] c21280 hd=339 v=0.47 pose=(0.7,-0.4) th=347 front=0.94 FWD d8=tick=394581 goal=0 lap=1 last=7043.1 best=0.0
[ 76256.4] c21360 hd=337 v=0.47 pose=(0.7,-0.4) th=347 front=0.94 FWD d8=tick=394631 goal=0 lap=1 last=7043.1 best=0.0
[ 76256.4] c21440 hd=339 v=0.49 pose=(0.7,-0.4) th=347 front=0.92 FWD d8=tick=394636 goal=0 lap=1 last=7043.1 best=0.0
[ 76256.4] c21520 hd=338 v=0.48 pose=(0.8,-0.4) th=347 front=0.91 FWD d8=tick=394639 goal=0 lap=1 last=7043.1 best=0.0
[ 76256.5] c21600 hd=339 v=0.49 pose=(0.8,-0.4) th=347 front=0.85 BEND d8=tick=394639 goal=0 lap=1 last=7043.1 best=0.0
[ 76256.5] c21680 hd=337 v=0.48 pose=(0.8,-0.4) th=347 front=0.86 BEND d8=tick=394646 goal=0 lap=1 last=7043.1 best=0.0
[ 76256.6] c21760 hd=338 v=0.48 pose=(0.8,-0.4) th=346 front=0.85 BEND d8=tick=394649 goal=0 lap=1 last=7043.1 best=0.0
[ 76256.6] c21840 hd=338 v=0.46 pose=(0.8,-0.4) th=346 front=0.88 BEND d8=tick=394654 goal=0 lap=1 last=7043.1 best=0.0
[ 76256.6] c21920 hd=338 v=0.46 pose=(0.8,-0.4) th=346 front=0.88 BEND d8=tick=394654 goal=0 lap=1 last=7043.1 best=0.0
[ 76256.6] c22000 hd=338 v=0.46 pose=(0.8,-0.4) th=346 front=0.88 BEND d8=tick=394654 goal=0 lap=1 last=7043.1 best=0.0
[ 76256.6] c22080 hd=337 v=0.47 pose=(0.8,-0.4) th=345 front=0.90 BEND d8=tick=394654 goal=0 lap=1 last=7043.1 best=0.0
[ 76256.7] c22160 hd=332 v=0.45 pose=(0.9,-0.4) th=344 front=0.89 BEND d8=tick=394654 goal=0 lap=1 last=7043.1 best=0.0
[ 76256.7] c22240 hd=331 v=0.46 pose=(0.9,-0.4) th=344 front=0.90 BEND d8=tick=394654 goal=0 lap=1 last=7043.1 best=0.0
[ 76256.7] c22320 hd=332 v=0.47 pose=(0.9,-0.4) th=344 front=0.90 FWD d8=tick=394654 goal=0 lap=1 last=7043.1 best=0.0
[ 76256.8] c22400 hd=332 v=0.45 pose=(0.9,-0.4) th=344 front=0.90 FWD d8=tick=394654 goal=0 lap=1 last=7043.1 best=0.0
[ 76256.8] c22480 hd=331 v=0.45 pose=(0.9,-0.4) th=344 front=0.94 FWD d8=tick=394674 goal=0 lap=1 last=7043.1 best=0.0
[ 76256.8] c22560 hd=331 v=0.46 pose=(0.9,-0.5) th=343 front=0.94 FWD d8=tick=394674 goal=0 lap=1 last=7043.1 best=0.0
[ 76256.8] c22640 hd=331 v=0.46 pose=(0.9,-0.5) th=343 front=0.94 FWD d8=tick=394674 goal=0 lap=1 last=7043.1 best=0.0
[ 76256.8] c22720 hd=331 v=0.47 pose=(0.9,-0.5) th=343 front=0.94 FWD d8=tick=394674 goal=0 lap=1 last=7043.1 best=0.0
[ 76256.9] c22800 hd=327 v=0.45 pose=(0.9,-0.5) th=343 front=0.96 FWD d8=tick=394674 goal=0 lap=1 last=7043.1 best=0.0
[ 76256.9] c22880 hd=327 v=0.45 pose=(0.9,-0.5) th=342 front=0.97 FWD d8=tick=394674 goal=0 lap=1 last=7043.1 best=0.0
[ 76256.9] c22960 hd=329 v=0.48 pose=(1.0,-0.5) th=342 front=1.00 FWD d8=tick=394687 goal=0 lap=1 last=7043.1 best=0.0
[ 76257.0] c23040 hd=327 v=0.50 pose=(1.0,-0.5) th=341 front=1.01 FWD d8=tick=394689 goal=0 lap=1 last=7043.1 best=0.0
[ 76257.0] c23120 hd=325 v=0.49 pose=(1.0,-0.5) th=341 front=1.06 FWD d8=tick=394689 goal=0 lap=1 last=7043.1 best=0.0
[ 76257.0] c23200 hd=325 v=0.50 pose=(1.0,-0.5) th=340 front=1.09 FWD d8=tick=394689 goal=0 lap=1 last=7043.1 best=0.0
[ 76257.1] c23280 hd=323 v=0.50 pose=(1.0,-0.5) th=340 front=1.14 FWD d8=tick=394705 goal=0 lap=1 last=7043.1 best=0.0
[ 76257.1] c23360 hd=326 v=0.49 pose=(1.1,-0.5) th=339 front=1.20 FWD d8=tick=394705 goal=0 lap=1 last=7043.1 best=0.0
[ 76257.2] c23440 hd=324 v=0.49 pose=(1.1,-0.5) th=338 front=1.28 FWD d8=tick=394705 goal=0 lap=1 last=7043.1 best=0.0
[ 76257.2] c23520 hd=324 v=0.49 pose=(1.1,-0.5) th=338 front=1.31 FWD d8=tick=394720 goal=0 lap=1 last=7043.1 best=0.0
[ 76257.3] c23600 hd=318 v=0.50 pose=(1.1,-0.5) th=338 front=1.41 FAST d8=tick=394720 goal=0 lap=1 last=7043.1 best=0.0
[ 76257.3] c23680 hd=320 v=0.49 pose=(1.1,-0.5) th=337 front=1.40 FWD d8=tick=394720 goal=0 lap=1 last=7043.1 best=0.0
[ 76257.3] c23760 hd=320 v=0.49 pose=(1.2,-0.5) th=337 front=1.40 FWD d8=tick=394720 goal=0 lap=1 last=7043.1 best=0.0
[ 76257.3] c23840 hd=317 v=0.53 pose=(1.2,-0.5) th=337 front=1.38 FWD d8=tick=394720 goal=0 lap=1 last=7043.1 best=0.0
[ 76257.4] c23920 hd=317 v=0.53 pose=(1.2,-0.5) th=337 front=1.34 FWD d8=tick=394720 goal=0 lap=1 last=7043.1 best=0.0
[ 76257.4] c24000 hd=315 v=0.53 pose=(1.2,-0.6) th=336 front=1.30 FWD d8=tick=394720 goal=0 lap=1 last=7043.1 best=0.0
[ 76257.5] c24080 hd=313 v=0.55 pose=(1.2,-0.6) th=336 front=1.25 FWD d8=tick=394742 goal=0 lap=1 last=7043.1 best=0.0
[ 76257.5] c24160 hd=318 v=0.55 pose=(1.2,-0.6) th=336 front=1.22 FWD d8=tick=394742 goal=0 lap=1 last=7043.1 best=0.0
[ 76257.6] c24240 hd=316 v=0.54 pose=(1.3,-0.6) th=335 front=1.20 FWD d8=tick=394742 goal=0 lap=1 last=7043.1 best=0.0
[ 76257.6] c24320 hd=312 v=0.55 pose=(1.3,-0.6) th=335 front=1.09 BEND d8=tick=394742 goal=0 lap=1 last=7043.1 best=0.0
[ 76257.6] c24400 hd=312 v=0.55 pose=(1.3,-0.6) th=335 front=1.09 BEND d8=tick=394742 goal=0 lap=1 last=7043.1 best=0.0
[ 76257.6] c24480 hd=312 v=0.55 pose=(1.3,-0.6) th=335 front=1.09 BEND d8=tick=394742 goal=0 lap=1 last=7043.1 best=0.0
[ 76257.6] c24560 hd=310 v=0.55 pose=(1.3,-0.6) th=334 front=1.05 FWD d8=tick=394742 goal=0 lap=1 last=7043.1 best=0.0
[ 76257.7] c24640 hd=309 v=0.54 pose=(1.3,-0.6) th=334 front=1.07 FWD d8=tick=394742 goal=0 lap=1 last=7043.1 best=0.0
[ 76257.7] c24720 hd=313 v=0.54 pose=(1.4,-0.6) th=334 front=1.05 FWD d8=tick=394742 goal=0 lap=1 last=7043.1 best=0.0
[ 76257.8] c24800 hd=310 v=0.54 pose=(1.4,-0.6) th=334 front=1.03 FWD d8=tick=394742 goal=0 lap=1 last=7043.1 best=0.0
[ 76257.8] c24880 hd=315 v=0.54 pose=(1.4,-0.6) th=334 front=1.05 FWD d8=tick=394742 goal=0 lap=1 last=7043.1 best=0.0
[ 76257.9] c24960 hd=313 v=0.56 pose=(1.4,-0.7) th=335 front=1.01 FWD d8=tick=394742 goal=0 lap=1 last=7043.1 best=0.0
[ 76257.9] c25040 hd=313 v=0.56 pose=(1.4,-0.7) th=335 front=1.01 FWD d8=tick=394742 goal=0 lap=1 last=7043.1 best=0.0
[ 76257.9] c25120 hd=313 v=0.53 pose=(1.4,-0.7) th=334 front=1.00 FWD d8=tick=394742 goal=0 lap=1 last=7043.1 best=0.0
[ 76257.9] c25200 hd=312 v=0.57 pose=(1.4,-0.7) th=335 front=1.05 FWD d8=tick=394788 goal=0 lap=1 last=7043.1 best=0.0
[ 76257.9] c25280 hd=311 v=0.54 pose=(1.5,-0.7) th=335 front=1.04 FWD d8=tick=394788 goal=0 lap=1 last=7043.1 best=0.0
[ 76258.0] c25360 hd=314 v=0.56 pose=(1.5,-0.7) th=335 front=1.02 FWD d8=tick=394788 goal=0 lap=1 last=7043.1 best=0.0
[ 76258.0] c25440 hd=312 v=0.55 pose=(1.5,-0.7) th=335 front=1.02 FWD d8=tick=394788 goal=0 lap=1 last=7043.1 best=0.0
[ 76258.1] c25520 hd=315 v=0.57 pose=(1.5,-0.7) th=336 front=1.03 FWD d8=tick=394800 goal=0 lap=1 last=7043.1 best=0.0
[ 76258.1] c25600 hd=315 v=0.55 pose=(1.5,-0.7) th=336 front=1.03 FWD d8=tick=394800 goal=0 lap=1 last=7043.1 best=0.0
[ 76258.1] c25680 hd=315 v=0.55 pose=(1.5,-0.7) th=336 front=1.03 FWD d8=tick=394800 goal=0 lap=1 last=7043.1 best=0.0
[ 76258.1] c25760 hd=315 v=0.56 pose=(1.6,-0.7) th=336 front=1.07 FWD d8=tick=394800 goal=0 lap=1 last=7043.1 best=0.0
[ 76258.2] c25840 hd=318 v=0.56 pose=(1.6,-0.7) th=337 front=1.08 FWD d8=tick=394800 goal=0 lap=1 last=7043.1 best=0.0
[ 76258.2] c25920 hd=318 v=0.56 pose=(1.6,-0.7) th=337 front=1.12 FWD d8=tick=394800 goal=0 lap=1 last=7043.1 best=0.0
[ 76258.3] c26000 hd=318 v=0.57 pose=(1.6,-0.8) th=337 front=1.16 FWD d8=tick=394800 goal=0 lap=1 last=7043.1 best=0.0
[ 76258.3] c26080 hd=321 v=0.57 pose=(1.6,-0.8) th=338 front=1.15 FWD d8=tick=394800 goal=0 lap=1 last=7043.1 best=0.0
[ 76258.3] c26160 hd=319 v=0.57 pose=(1.7,-0.8) th=338 front=1.16 FWD d8=tick=394800 goal=0 lap=1 last=7043.1 best=0.0
[ 76258.4] c26240 hd=325 v=0.57 pose=(1.7,-0.8) th=339 front=1.22 FWD d8=tick=394800 goal=0 lap=1 last=7043.1 best=0.0
[ 76258.4] c26320 hd=322 v=0.59 pose=(1.7,-0.8) th=339 front=1.26 FWD d8=tick=394800 goal=0 lap=1 last=7043.1 best=0.0
[ 76258.5] c26400 hd=323 v=0.58 pose=(1.7,-0.8) th=339 front=1.29 FWD d8=tick=394800 goal=0 lap=1 last=7043.1 best=0.0
[ 76258.5] c26480 hd=323 v=0.58 pose=(1.7,-0.8) th=340 front=1.31 FWD d8=tick=394800 goal=0 lap=1 last=7043.1 best=0.0
[ 76258.5] c26560 hd=323 v=0.58 pose=(1.7,-0.8) th=340 front=1.31 FWD d8=tick=394800 goal=0 lap=1 last=7043.1 best=0.0
[ 76258.5] c26640 hd=325 v=0.58 pose=(1.8,-0.8) th=340 front=1.35 FWD d8=tick=394800 goal=0 lap=1 last=7043.1 best=0.0
[ 76258.6] c26720 hd=322 v=0.57 pose=(1.8,-0.8) th=340 front=1.39 FWD d8=tick=394800 goal=0 lap=1 last=7043.1 best=0.0
[ 76258.6] c26800 hd=322 v=0.60 pose=(1.8,-0.8) th=340 front=1.42 FAST d8=tick=394800 goal=0 lap=1 last=7043.1 best=0.0
[ 76258.6] c26880 hd=328 v=0.61 pose=(1.8,-0.8) th=341 front=1.35 BEND d8=tick=394800 goal=0 lap=1 last=7043.1 best=0.0
[ 76258.6] c26960 hd=328 v=0.61 pose=(1.8,-0.8) th=342 front=1.35 BEND d8=tick=394800 goal=0 lap=1 last=7043.1 best=0.0
[ 76258.6] c27040 hd=328 v=0.61 pose=(1.8,-0.8) th=342 front=1.35 BEND d8=tick=394800 goal=0 lap=1 last=7043.1 best=0.0
[ 76258.6] c27120 hd=331 v=0.60 pose=(1.8,-0.8) th=342 front=1.27 FWD d8=tick=394861 goal=0 lap=1 last=7043.1 best=0.0
[ 76258.7] c27200 hd=330 v=0.60 pose=(1.8,-0.8) th=342 front=1.30 FWD d8=tick=394861 goal=0 lap=1 last=7043.1 best=0.0
[ 76258.7] c27280 hd=332 v=0.58 pose=(1.9,-0.8) th=342 front=1.24 FWD d8=tick=394861 goal=0 lap=1 last=7043.1 best=0.0
[ 76258.8] c27360 hd=331 v=0.58 pose=(1.9,-0.8) th=343 front=1.23 FWD d8=tick=394871 goal=0 lap=1 last=7043.1 best=0.0
[ 76258.8] c27440 hd=332 v=0.60 pose=(1.9,-0.9) th=343 front=1.19 FWD d8=tick=394871 goal=0 lap=1 last=7043.1 best=0.0
[ 76258.8] c27520 hd=330 v=0.59 pose=(1.9,-0.9) th=343 front=1.19 FWD d8=tick=394871 goal=0 lap=1 last=7043.1 best=0.0
[ 76258.9] c27600 hd=333 v=0.58 pose=(2.0,-0.9) th=343 front=1.16 FWD d8=tick=394871 goal=0 lap=1 last=7043.1 best=0.0
[ 76258.9] c27680 hd=328 v=0.60 pose=(2.0,-0.9) th=343 front=1.16 FWD d8=tick=394883 goal=0 lap=1 last=7043.1 best=0.0
[ 76258.9] c27760 hd=330 v=0.57 pose=(2.0,-0.9) th=343 front=1.14 FWD d8=tick=394883 goal=0 lap=1 last=7043.1 best=0.0
[ 76258.9] c27840 hd=330 v=0.57 pose=(2.0,-0.9) th=343 front=1.14 FWD d8=tick=394883 goal=0 lap=1 last=7043.1 best=0.0
[ 76258.9] c27920 hd=330 v=0.57 pose=(2.0,-0.9) th=343 front=1.14 FWD d8=tick=394883 goal=0 lap=1 last=7043.1 best=0.0
[ 76259.0] c28000 hd=330 v=0.59 pose=(2.0,-0.9) th=343 front=1.15 FWD d8=tick=394883 goal=0 lap=1 last=7043.1 best=0.0
[ 76259.0] c28080 hd=330 v=0.59 pose=(2.0,-0.9) th=343 front=1.14 FWD d8=tick=394883 goal=0 lap=1 last=7043.1 best=0.0
[ 76259.0] c28160 hd=328 v=0.58 pose=(2.1,-0.9) th=343 front=1.14 FWD d8=tick=394883 goal=0 lap=1 last=7043.1 best=0.0
[ 76259.1] c28240 hd=333 v=0.59 pose=(2.1,-0.9) th=343 front=1.12 FWD d8=tick=394883 goal=0 lap=1 last=7043.1 best=0.0
[ 76259.1] c28320 hd=328 v=0.58 pose=(2.1,-0.9) th=343 front=1.11 FWD d8=tick=394883 goal=0 lap=1 last=7043.1 best=0.0
[ 76259.1] c28400 hd=330 v=0.59 pose=(2.1,-0.9) th=343 front=1.14 FWD d8=tick=394883 goal=0 lap=1 last=7043.1 best=0.0
[ 76259.2] c28480 hd=327 v=0.60 pose=(2.1,-0.9) th=342 front=1.14 FWD d8=tick=394883 goal=0 lap=1 last=7043.1 best=0.0
[ 76259.2] c28560 hd=332 v=0.59 pose=(2.1,-0.9) th=342 front=1.14 FWD d8=tick=394883 goal=0 lap=1 last=7043.1 best=0.0
[ 76259.2] c28640 hd=326 v=0.60 pose=(2.1,-0.9) th=342 front=1.13 FWD d8=tick=394883 goal=0 lap=1 last=7043.1 best=0.0
[ 76259.3] c28720 hd=324 v=0.61 pose=(2.2,-0.9) th=342 front=1.13 FWD d8=tick=394883 goal=0 lap=1 last=7043.1 best=0.0
[ 76259.3] c28800 hd=331 v=0.58 pose=(2.2,-0.9) th=341 front=1.17 FWD d8=tick=394883 goal=0 lap=1 last=7043.1 best=0.0
[ 76259.3] c28880 hd=329 v=0.59 pose=(2.2,-1.0) th=341 front=1.17 FWD d8=tick=394929 goal=0 lap=1 last=7043.1 best=0.0
[ 76259.4] c28960 hd=325 v=0.59 pose=(2.2,-1.0) th=341 front=1.24 BEND d8=tick=394934 goal=0 lap=1 last=7043.1 best=0.0
[ 76259.4] c29040 hd=325 v=0.58 pose=(2.2,-1.0) th=340 front=1.24 BEND d8=tick=394934 goal=0 lap=1 last=7043.1 best=0.0
[ 76259.4] c29120 hd=325 v=0.58 pose=(2.2,-1.0) th=340 front=1.24 BEND d8=tick=394934 goal=0 lap=1 last=7043.1 best=0.0
[ 76259.4] c29200 hd=326 v=0.59 pose=(2.3,-1.0) th=340 front=1.30 FWD d8=tick=394936 goal=0 lap=1 last=7043.1 best=0.0
[ 76259.5] c29280 hd=324 v=0.59 pose=(2.3,-1.0) th=340 front=1.31 FWD d8=tick=394936 goal=0 lap=1 last=7043.1 best=0.0
[ 76259.5] c29360 hd=321 v=0.60 pose=(2.3,-1.0) th=339 front=1.34 FWD d8=tick=394936 goal=0 lap=1 last=7043.1 best=0.0
[ 76259.5] c29440 hd=322 v=0.59 pose=(2.3,-1.0) th=339 front=1.37 FWD d8=tick=394936 goal=0 lap=1 last=7043.1 best=0.0
[ 76259.6] c29520 hd=327 v=0.60 pose=(2.3,-1.0) th=339 front=1.37 FWD d8=tick=394936 goal=0 lap=1 last=7043.1 best=0.0
[ 76259.6] c29600 hd=323 v=0.62 pose=(2.4,-1.0) th=339 front=1.40 FWD d8=tick=394936 goal=0 lap=1 last=7043.1 best=0.0
[ 76259.6] c29680 hd=324 v=0.62 pose=(2.4,-1.0) th=339 front=1.43 FAST d8=tick=394936 goal=0 lap=1 last=7043.1 best=0.0
[ 76259.6] c29760 hd=320 v=0.59 pose=(2.4,-1.0) th=338 front=1.38 BEND d8=tick=394936 goal=0 lap=1 last=7043.1 best=0.0
[ 76259.7] c29840 hd=320 v=0.60 pose=(2.4,-1.0) th=337 front=1.35 FWD d8=tick=394936 goal=0 lap=1 last=7043.1 best=0.0
[ 76259.7] c29920 hd=320 v=0.62 pose=(2.4,-1.0) th=338 front=1.33 FWD d8=tick=394936 goal=0 lap=1 last=7043.1 best=0.0
[ 76259.7] c30000 hd=319 v=0.59 pose=(2.4,-1.0) th=337 front=1.30 FWD d8=tick=394969 goal=0 lap=1 last=7043.1 best=0.0
[ 76259.8] c30080 hd=318 v=0.59 pose=(2.5,-1.1) th=337 front=1.29 FWD d8=tick=394969 goal=0 lap=1 last=7043.1 best=0.0
[ 76259.8] c30160 hd=318 v=0.58 pose=(2.5,-1.1) th=337 front=1.29 FWD d8=tick=394969 goal=0 lap=1 last=7043.1 best=0.0
[ 76259.8] c30240 hd=318 v=0.58 pose=(2.5,-1.1) th=337 front=1.26 FWD d8=tick=394969 goal=0 lap=1 last=7043.1 best=0.0
[ 76259.9] c30320 hd=316 v=0.61 pose=(2.5,-1.1) th=337 front=1.25 FWD d8=tick=394969 goal=0 lap=1 last=7043.1 best=0.0
[ 76259.9] c30400 hd=320 v=0.61 pose=(2.5,-1.1) th=337 front=1.24 FWD d8=tick=394969 goal=0 lap=1 last=7043.1 best=0.0
[ 76259.9] c30480 hd=320 v=0.61 pose=(2.6,-1.1) th=337 front=1.24 FWD d8=tick=394969 goal=0 lap=1 last=7043.1 best=0.0
[ 76259.9] c30560 hd=320 v=0.61 pose=(2.6,-1.1) th=337 front=1.24 FWD d8=tick=394969 goal=0 lap=1 last=7043.1 best=0.0
[ 76259.9] c30640 hd=320 v=0.61 pose=(2.6,-1.1) th=337 front=1.24 FWD d8=tick=394969 goal=0 lap=1 last=7043.1 best=0.0
[ 76260.0] c30720 hd=318 v=0.60 pose=(2.6,-1.1) th=337 front=1.25 FWD d8=tick=394969 goal=0 lap=1 last=7043.1 best=0.0
[ 76260.0] c30800 hd=318 v=0.60 pose=(2.6,-1.1) th=337 front=1.22 FWD d8=tick=394969 goal=0 lap=1 last=7043.1 best=0.0
[ 76260.0] c30880 hd=322 v=0.63 pose=(2.6,-1.1) th=337 front=1.23 FWD d8=tick=394969 goal=0 lap=1 last=7043.1 best=0.0
[ 76260.1] c30960 hd=317 v=0.59 pose=(2.6,-1.1) th=337 front=1.23 FWD d8=tick=394969 goal=0 lap=1 last=7043.1 best=0.0
[ 76260.1] c31040 hd=318 v=0.60 pose=(2.6,-1.1) th=337 front=1.23 FWD d8=tick=394969 goal=0 lap=1 last=7043.1 best=0.0
[ 76260.1] c31120 hd=319 v=0.61 pose=(2.7,-1.1) th=337 front=1.23 FWD d8=tick=394969 goal=0 lap=1 last=7043.1 best=0.0
[ 76260.2] c31200 hd=319 v=0.61 pose=(2.7,-1.1) th=337 front=1.23 FWD d8=tick=395012 goal=0 lap=1 last=7043.1 best=0.0
[ 76260.2] c31280 hd=320 v=0.61 pose=(2.7,-1.2) th=337 front=1.24 FWD d8=tick=395012 goal=0 lap=1 last=7043.1 best=0.0
[ 76260.2] c31360 hd=323 v=0.62 pose=(2.7,-1.2) th=338 front=1.25 FWD d8=tick=395012 goal=0 lap=1 last=7043.1 best=0.0
[ 76260.3] c31440 hd=322 v=0.64 pose=(2.7,-1.2) th=338 front=1.24 FWD d8=tick=395012 goal=0 lap=1 last=7043.1 best=0.0
[ 76260.3] c31520 hd=323 v=0.61 pose=(2.8,-1.2) th=338 front=1.27 FWD d8=tick=395012 goal=0 lap=1 last=7043.1 best=0.0
[ 76260.4] c31600 hd=319 v=0.62 pose=(2.8,-1.2) th=338 front=1.29 FWD d8=tick=395012 goal=0 lap=1 last=7043.1 best=0.0
[ 76260.4] c31680 hd=326 v=0.61 pose=(2.8,-1.2) th=338 front=1.30 FWD d8=tick=395012 goal=0 lap=1 last=7043.1 best=0.0
[ 76260.4] c31760 hd=326 v=0.61 pose=(2.8,-1.2) th=338 front=1.30 FWD d8=tick=395012 goal=0 lap=1 last=7043.1 best=0.0
[ 76260.4] c31840 hd=326 v=0.61 pose=(2.8,-1.2) th=338 front=1.30 FWD d8=tick=395012 goal=0 lap=1 last=7043.1 best=0.0
[ 76260.4] c31920 hd=326 v=0.61 pose=(2.8,-1.2) th=338 front=1.30 FWD d8=tick=395012 goal=0 lap=1 last=7043.1 best=0.0
[ 76260.4] c32000 hd=324 v=0.61 pose=(2.8,-1.2) th=338 front=1.32 FWD d8=tick=395040 goal=0 lap=1 last=7043.1 best=0.0
[ 76260.5] c32080 hd=326 v=0.61 pose=(2.9,-1.2) th=339 front=1.38 FWD d8=tick=395047 goal=0 lap=1 last=7043.1 best=0.0
[ 76260.5] c32160 hd=321 v=0.61 pose=(2.9,-1.2) th=339 front=1.35 FWD d8=tick=395047 goal=0 lap=1 last=7043.1 best=0.0
[ 76260.6] c32240 hd=326 v=0.62 pose=(2.9,-1.2) th=339 front=1.36 FWD d8=tick=395047 goal=0 lap=1 last=7043.1 best=0.0
[ 76260.6] c32320 hd=324 v=0.61 pose=(2.9,-1.2) th=340 front=1.46 FAST d8=tick=395047 goal=0 lap=1 last=7043.1 best=0.0
[ 76260.6] c32400 hd=326 v=0.62 pose=(2.9,-1.2) th=340 front=1.46 FAST d8=tick=395060 goal=0 lap=1 last=7043.1 best=0.0
[ 76260.6] c32480 hd=326 v=0.62 pose=(3.0,-1.2) th=340 front=1.46 FAST d8=tick=395060 goal=0 lap=1 last=7043.1 best=0.0
[ 76260.7] c32560 hd=326 v=0.65 pose=(3.0,-1.3) th=340 front=1.44 FAST d8=tick=395060 goal=0 lap=1 last=7043.1 best=0.0
[ 76260.7] c32640 hd=324 v=0.66 pose=(3.0,-1.3) th=340 front=1.42 FAST d8=tick=395068 goal=0 lap=1 last=7043.1 best=0.0
[ 76260.7] c32720 hd=324 v=0.66 pose=(3.0,-1.3) th=340 front=1.42 FAST d8=tick=395068 goal=0 lap=1 last=7043.1 best=0.0
[ 76260.7] c32800 hd=326 v=0.66 pose=(3.0,-1.3) th=340 front=1.41 FAST d8=tick=395068 goal=0 lap=1 last=7043.1 best=0.0
[ 76260.7] c32880 hd=326 v=0.66 pose=(3.0,-1.3) th=340 front=1.41 FAST d8=tick=395068 goal=0 lap=1 last=7043.1 best=0.0
[ 76260.7] c32960 hd=326 v=0.66 pose=(3.0,-1.3) th=340 front=1.41 FAST d8=tick=395068 goal=0 lap=1 last=7043.1 best=0.0
[ 76260.8] c33040 hd=323 v=0.68 pose=(3.0,-1.3) th=340 front=1.39 FWD d8=tick=395068 goal=0 lap=1 last=7043.1 best=0.0
[ 76260.8] c33120 hd=325 v=0.69 pose=(3.0,-1.3) th=340 front=1.39 FWD d8=tick=395068 goal=0 lap=1 last=7043.1 best=0.0
[ 76260.8] c33200 hd=327 v=0.67 pose=(3.1,-1.3) th=340 front=1.39 FWD d8=tick=395068 goal=0 lap=1 last=7043.1 best=0.0
[ 76260.9] c33280 hd=328 v=0.69 pose=(3.1,-1.3) th=340 front=1.36 FWD d8=tick=395068 goal=0 lap=1 last=7043.1 best=0.0
[ 76260.9] c33360 hd=329 v=0.68 pose=(3.1,-1.3) th=340 front=1.36 FWD d8=tick=395068 goal=0 lap=1 last=7043.1 best=0.0
[ 76260.9] c33440 hd=329 v=0.68 pose=(3.1,-1.3) th=340 front=1.36 FWD d8=tick=395068 goal=0 lap=1 last=7043.1 best=0.0
[ 76260.9] c33520 hd=329 v=0.68 pose=(3.1,-1.3) th=340 front=1.36 FWD d8=tick=395068 goal=0 lap=1 last=7043.1 best=0.0
[ 76260.9] c33600 hd=329 v=0.68 pose=(3.1,-1.3) th=340 front=1.36 FWD d8=tick=395068 goal=0 lap=1 last=7043.1 best=0.0
[ 76260.9] c33680 hd=328 v=0.68 pose=(3.1,-1.3) th=341 front=1.29 BEND d8=tick=395068 goal=0 lap=1 last=7043.1 best=0.0
[ 76260.9] c33760 hd=328 v=0.68 pose=(3.1,-1.3) th=341 front=1.29 BEND d8=tick=395068 goal=0 lap=1 last=7043.1 best=0.0
[ 76260.9] c33840 hd=329 v=0.68 pose=(3.1,-1.3) th=342 front=1.22 BEND d8=tick=395068 goal=0 lap=1 last=7043.1 best=0.0
[ 76261.0] c33920 hd=330 v=0.67 pose=(3.2,-1.3) th=341 front=1.23 FWD d8=tick=395068 goal=0 lap=1 last=7043.1 best=0.0
[ 76261.0] c34000 hd=324 v=0.68 pose=(3.2,-1.3) th=341 front=1.21 FWD d8=tick=395098 goal=0 lap=1 last=7043.1 best=0.0
[ 76261.1] c34080 hd=329 v=0.68 pose=(3.2,-1.3) th=341 front=1.21 FWD d8=tick=395098 goal=0 lap=1 last=7043.1 best=0.0
[ 76261.1] c34160 hd=329 v=0.68 pose=(3.2,-1.3) th=341 front=1.21 FWD d8=tick=395098 goal=0 lap=1 last=7043.1 best=0.0
[ 76261.1] c34240 hd=329 v=0.68 pose=(3.2,-1.3) th=341 front=1.21 FWD d8=tick=395098 goal=0 lap=1 last=7043.1 best=0.0
[ 76261.1] c34320 hd=330 v=0.65 pose=(3.2,-1.3) th=342 front=1.13 FWD d8=tick=395098 goal=0 lap=1 last=7043.1 best=0.0
[ 76261.1] c34400 hd=334 v=0.66 pose=(3.3,-1.4) th=342 front=1.13 FWD d8=tick=395098 goal=0 lap=1 last=7043.1 best=0.0
[ 76261.2] c34480 hd=328 v=0.65 pose=(3.3,-1.4) th=342 front=1.15 FWD d8=tick=395098 goal=0 lap=1 last=7043.1 best=0.0
[ 76261.2] c34560 hd=330 v=0.68 pose=(3.3,-1.4) th=342 front=1.15 FWD d8=tick=395098 goal=0 lap=1 last=7043.1 best=0.0
[ 76261.2] c34640 hd=330 v=0.68 pose=(3.3,-1.4) th=342 front=1.15 FWD d8=tick=395098 goal=0 lap=1 last=7043.1 best=0.0
[ 76261.2] c34720 hd=329 v=0.66 pose=(3.3,-1.4) th=342 front=1.15 FWD d8=tick=395098 goal=0 lap=1 last=7043.1 best=0.0
[ 76261.2] c34800 hd=329 v=0.66 pose=(3.3,-1.4) th=341 front=1.17 FWD d8=tick=395098 goal=0 lap=1 last=7043.1 best=0.0
[ 76261.3] c34880 hd=329 v=0.64 pose=(3.4,-1.4) th=341 front=1.17 FWD d8=tick=395098 goal=0 lap=1 last=7043.1 best=0.0
[ 76261.3] c34960 hd=328 v=0.67 pose=(3.4,-1.4) th=341 front=1.17 FWD d8=tick=395098 goal=0 lap=1 last=7043.1 best=0.0
[ 76261.3] c35040 hd=329 v=0.65 pose=(3.4,-1.4) th=341 front=1.18 FWD d8=tick=395098 goal=0 lap=1 last=7043.1 best=0.0
[ 76261.4] c35120 hd=327 v=0.67 pose=(3.4,-1.4) th=340 front=1.21 FWD d8=tick=395133 goal=0 lap=1 last=7043.1 best=0.0
[ 76261.4] c35200 hd=327 v=0.66 pose=(3.4,-1.4) th=340 front=1.23 FWD d8=tick=395133 goal=0 lap=1 last=7043.1 best=0.0
[ 76261.4] c35280 hd=325 v=0.67 pose=(3.5,-1.4) th=340 front=1.26 FWD d8=tick=395133 goal=0 lap=1 last=7043.1 best=0.0
[ 76261.5] c35360 hd=328 v=0.66 pose=(3.5,-1.4) th=340 front=1.27 FWD d8=tick=395133 goal=0 lap=1 last=7043.1 best=0.0
[ 76261.5] c35440 hd=329 v=0.66 pose=(3.5,-1.4) th=339 front=1.31 FWD d8=tick=395133 goal=0 lap=1 last=7043.1 best=0.0
[ 76261.5] c35520 hd=329 v=0.66 pose=(3.5,-1.4) th=339 front=1.31 FWD d8=tick=395133 goal=0 lap=1 last=7043.1 best=0.0
[ 76261.6] c35600 hd=325 v=0.64 pose=(3.5,-1.5) th=339 front=1.33 FWD d8=tick=395133 goal=0 lap=1 last=7043.1 best=0.0
[ 76261.6] c35680 hd=324 v=0.64 pose=(3.5,-1.5) th=339 front=1.39 FWD d8=tick=395133 goal=0 lap=1 last=7043.1 best=0.0
[ 76261.6] c35760 hd=324 v=0.64 pose=(3.6,-1.5) th=339 front=1.39 FWD d8=tick=395133 goal=0 lap=1 last=7043.1 best=0.0
[ 76261.6] c35840 hd=324 v=0.64 pose=(3.6,-1.5) th=338 front=1.39 FWD d8=tick=395133 goal=0 lap=1 last=7043.1 best=0.0
[ 76261.6] c35920 hd=321 v=0.63 pose=(3.6,-1.5) th=338 front=1.41 FAST d8=tick=395133 goal=0 lap=1 last=7043.1 best=0.0
[ 76261.7] c36000 hd=322 v=0.65 pose=(3.6,-1.5) th=338 front=1.45 FAST d8=tick=395161 goal=0 lap=1 last=7043.1 best=0.0
[ 76261.7] c36080 hd=318 v=0.68 pose=(3.6,-1.5) th=338 front=1.48 FAST d8=tick=395161 goal=0 lap=1 last=7043.1 best=0.0
[ 76261.7] c36160 hd=318 v=0.68 pose=(3.6,-1.5) th=338 front=1.45 FAST d8=tick=395161 goal=0 lap=1 last=7043.1 best=0.0
[ 76261.7] c36240 hd=318 v=0.68 pose=(3.6,-1.5) th=338 front=1.45 FAST d8=tick=395161 goal=0 lap=1 last=7043.1 best=0.0
[ 76261.7] c36320 hd=318 v=0.68 pose=(3.6,-1.5) th=338 front=1.45 FAST d8=tick=395161 goal=0 lap=1 last=7043.1 best=0.0
[ 76261.8] c36400 hd=318 v=0.68 pose=(3.6,-1.5) th=337 front=1.46 FAST d8=tick=395161 goal=0 lap=1 last=7043.1 best=0.0
[ 76261.8] c36480 hd=320 v=0.71 pose=(3.7,-1.5) th=337 front=1.41 FAST d8=tick=395161 goal=0 lap=1 last=7043.1 best=0.0
[ 76261.9] c36560 hd=319 v=0.75 pose=(3.7,-1.5) th=337 front=1.37 FWD d8=tick=395161 goal=0 lap=1 last=7043.1 best=0.0
[ 76261.9] c36640 hd=320 v=0.74 pose=(3.7,-1.5) th=337 front=1.34 FWD d8=tick=395161 goal=0 lap=1 last=7043.1 best=0.0
[ 76261.9] c36720 hd=320 v=0.74 pose=(3.7,-1.5) th=337 front=1.34 FWD d8=tick=395161 goal=0 lap=1 last=7043.1 best=0.0
[ 76261.9] c36800 hd=323 v=0.74 pose=(3.7,-1.5) th=337 front=1.34 FWD d8=tick=395161 goal=0 lap=1 last=7043.1 best=0.0
[ 76262.0] c36880 hd=318 v=0.72 pose=(3.8,-1.6) th=337 front=1.31 FWD d8=tick=395161 goal=0 lap=1 last=7043.1 best=0.0
[ 76262.0] c36960 hd=319 v=0.74 pose=(3.8,-1.6) th=337 front=1.29 FWD d8=tick=395161 goal=0 lap=1 last=7043.1 best=0.0
[ 76262.0] c37040 hd=319 v=0.74 pose=(3.8,-1.6) th=337 front=1.29 FWD d8=tick=395161 goal=0 lap=1 last=7043.1 best=0.0
[ 76262.0] c37120 hd=318 v=0.73 pose=(3.8,-1.6) th=337 front=1.29 FWD d8=tick=395161 goal=0 lap=1 last=7043.1 best=0.0
[ 76262.1] c37200 hd=320 v=0.70 pose=(3.8,-1.6) th=336 front=1.27 FWD d8=tick=395161 goal=0 lap=1 last=7043.1 best=0.0
[ 76262.1] c37280 hd=320 v=0.71 pose=(3.9,-1.6) th=337 front=1.34 BEND d8=tick=395161 goal=0 lap=1 last=7043.1 best=0.0
[ 76262.1] c37360 hd=320 v=0.73 pose=(3.9,-1.6) th=338 front=1.41 FAST d8=tick=395161 goal=0 lap=1 last=7043.1 best=0.0
[ 76262.2] c37440 hd=321 v=0.71 pose=(3.9,-1.6) th=337 front=1.26 FWD d8=tick=395161 goal=0 lap=1 last=7043.1 best=0.0
[ 76262.2] c37520 hd=316 v=0.69 pose=(4.0,-1.6) th=337 front=1.27 FWD d8=tick=395161 goal=0 lap=1 last=7043.1 best=0.0
[ 76262.3] c37600 hd=317 v=0.71 pose=(4.0,-1.6) th=337 front=1.27 FWD d8=tick=395161 goal=0 lap=1 last=7043.1 best=0.0
[ 76262.3] c37680 hd=318 v=0.70 pose=(4.0,-1.7) th=337 front=1.27 FWD d8=tick=395161 goal=0 lap=1 last=7043.1 best=0.0
[ 76262.3] c37760 hd=324 v=0.69 pose=(4.0,-1.7) th=337 front=1.28 FWD d8=tick=395161 goal=0 lap=1 last=7043.1 best=0.0
[ 76262.3] c37840 hd=324 v=0.69 pose=(4.0,-1.7) th=337 front=1.28 FWD d8=tick=395161 goal=0 lap=1 last=7043.1 best=0.0
[ 76262.3] c37920 hd=324 v=0.69 pose=(4.0,-1.7) th=337 front=1.28 FWD d8=tick=395161 goal=0 lap=1 last=7043.1 best=0.0
[ 76262.4] c38000 hd=322 v=0.69 pose=(4.1,-1.7) th=337 front=1.28 FWD d8=tick=395234 goal=0 lap=1 last=7043.1 best=0.0
[ 76262.4] c38080 hd=322 v=0.68 pose=(4.1,-1.7) th=338 front=1.28 FWD d8=tick=395234 goal=0 lap=1 last=7043.1 best=0.0
[ 76262.4] c38160 hd=320 v=0.68 pose=(4.1,-1.7) th=338 front=1.30 FWD d8=tick=395234 goal=0 lap=1 last=7043.1 best=0.0
[ 76262.5] c38240 hd=318 v=0.70 pose=(4.1,-1.7) th=338 front=1.31 FWD d8=tick=395244 goal=0 lap=1 last=7043.1 best=0.0
[ 76262.5] c38320 hd=320 v=0.68 pose=(4.1,-1.7) th=338 front=1.32 FWD d8=tick=395244 goal=0 lap=1 last=7043.1 best=0.0
[ 76262.5] c38400 hd=320 v=0.68 pose=(4.1,-1.7) th=338 front=1.32 FWD d8=tick=395244 goal=0 lap=1 last=7043.1 best=0.0
[ 76262.5] c38480 hd=320 v=0.68 pose=(4.1,-1.7) th=338 front=1.32 FWD d8=tick=395244 goal=0 lap=1 last=7043.1 best=0.0
[ 76262.6] c38560 hd=323 v=0.67 pose=(4.2,-1.7) th=338 front=1.35 FWD d8=tick=395244 goal=0 lap=1 last=7043.1 best=0.0
[ 76262.6] c38640 hd=326 v=0.68 pose=(4.2,-1.7) th=338 front=1.35 FWD d8=tick=395244 goal=0 lap=1 last=7043.1 best=0.0
[ 76262.6] c38720 hd=324 v=0.66 pose=(4.2,-1.7) th=339 front=1.37 FWD d8=tick=395244 goal=0 lap=1 last=7043.1 best=0.0
[ 76262.7] c38800 hd=320 v=0.68 pose=(4.2,-1.7) th=338 front=1.29 FWD d8=tick=395264 goal=0 lap=1 last=7043.1 best=0.0
[ 76262.7] c38880 hd=317 v=0.68 pose=(4.3,-1.8) th=338 front=1.32 FWD d8=tick=395264 goal=0 lap=1 last=7043.1 best=0.0
[ 76262.7] c38960 hd=324 v=0.68 pose=(4.3,-1.8) th=338 front=1.35 FWD d8=tick=395264 goal=0 lap=1 last=7043.1 best=0.0
[ 76262.8] c39040 hd=321 v=0.67 pose=(4.3,-1.8) th=338 front=1.35 FWD d8=tick=395264 goal=0 lap=1 last=7043.1 best=0.0
[ 76262.8] c39120 hd=320 v=0.67 pose=(4.3,-1.8) th=338 front=1.37 FWD d8=tick=395264 goal=0 lap=1 last=7043.1 best=0.0
[ 76262.9] c39200 hd=322 v=0.66 pose=(4.4,-1.8) th=339 front=1.42 FAST d8=tick=395264 goal=0 lap=1 last=7043.1 best=0.0
[ 76262.9] c39280 hd=324 v=0.66 pose=(4.4,-1.8) th=339 front=1.41 FAST d8=tick=395264 goal=0 lap=1 last=7043.1 best=0.0
[ 76262.9] c39360 hd=324 v=0.66 pose=(4.4,-1.8) th=339 front=1.41 FAST d8=tick=395264 goal=0 lap=1 last=7043.1 best=0.0
[ 76262.9] c39440 hd=322 v=0.69 pose=(4.4,-1.8) th=339 front=1.41 FAST d8=tick=395264 goal=0 lap=1 last=7043.1 best=0.0
[ 76262.9] c39520 hd=324 v=0.66 pose=(4.4,-1.8) th=339 front=1.47 FAST d8=tick=395264 goal=0 lap=1 last=7043.1 best=0.0
[ 76263.0] c39600 hd=327 v=0.71 pose=(4.4,-1.8) th=339 front=1.50 FAST d8=tick=395264 goal=0 lap=1 last=7043.1 best=0.0
[ 76263.0] c39680 hd=327 v=0.74 pose=(4.5,-1.8) th=340 front=1.50 FAST d8=tick=395264 goal=0 lap=1 last=7043.1 best=0.0
[ 76263.0] c39760 hd=324 v=0.74 pose=(4.5,-1.8) th=340 front=1.48 FAST d8=tick=395264 goal=0 lap=1 last=7043.1 best=0.0
[ 76263.1] c39840 hd=322 v=0.73 pose=(4.5,-1.8) th=340 front=1.46 FAST d8=tick=395302 goal=0 lap=1 last=7043.1 best=0.0
[ 76263.1] c39920 hd=322 v=0.73 pose=(4.5,-1.8) th=340 front=1.43 BEND d8=tick=395302 goal=0 lap=1 last=7043.1 best=0.0
[ 76263.1] c40000 hd=324 v=0.75 pose=(4.5,-1.9) th=341 front=1.28 FWD d8=tick=395302 goal=0 lap=1 last=7043.1 best=0.0
[ 76263.2] c40080 hd=332 v=0.74 pose=(4.6,-1.9) th=342 front=1.19 FWD d8=tick=395302 goal=0 lap=1 last=7043.1 best=0.0
[ 76263.2] c40160 hd=331 v=0.72 pose=(4.6,-1.9) th=342 front=1.21 FWD d8=tick=395302 goal=0 lap=1 last=7043.1 best=0.0
[ 76263.2] c40240 hd=331 v=0.73 pose=(4.6,-1.9) th=342 front=1.18 FWD d8=tick=395302 goal=0 lap=1 last=7043.1 best=0.0
[ 76263.3] c40320 hd=331 v=0.73 pose=(4.6,-1.9) th=342 front=1.19 FWD d8=tick=395302 goal=0 lap=1 last=7043.1 best=0.0
[ 76263.3] c40400 hd=330 v=0.73 pose=(4.7,-1.9) th=341 front=1.18 FWD d8=tick=395302 goal=0 lap=1 last=7043.1 best=0.0
[ 76263.3] c40480 hd=330 v=0.73 pose=(4.7,-1.9) th=341 front=1.18 FWD d8=tick=395302 goal=0 lap=1 last=7043.1 best=0.0
[ 76263.3] c40560 hd=326 v=0.74 pose=(4.7,-1.9) th=341 front=1.18 FWD d8=tick=395302 goal=0 lap=1 last=7043.1 best=0.0
[ 76263.4] c40640 hd=327 v=0.72 pose=(4.7,-1.9) th=341 front=1.20 FWD d8=tick=395302 goal=0 lap=1 last=7043.1 best=0.0
[ 76263.4] c40720 hd=328 v=0.70 pose=(4.7,-1.9) th=341 front=1.19 FWD d8=tick=395302 goal=0 lap=1 last=7043.1 best=0.0
[ 76263.5] c40800 hd=327 v=0.72 pose=(4.8,-1.9) th=340 front=1.24 FWD d8=tick=395302 goal=0 lap=1 last=7043.1 best=0.0
[ 76263.5] c40880 hd=326 v=0.72 pose=(4.8,-1.9) th=340 front=1.26 FWD d8=tick=395302 goal=0 lap=1 last=7043.1 best=0.0
[ 76263.5] c40960 hd=327 v=0.71 pose=(4.8,-2.0) th=340 front=1.29 FWD d8=tick=395302 goal=0 lap=1 last=7043.1 best=0.0
[ 76263.5] c41040 hd=329 v=0.70 pose=(4.8,-2.0) th=340 front=1.28 FWD d8=tick=395302 goal=0 lap=1 last=7043.1 best=0.0
[ 76263.5] c41120 hd=329 v=0.70 pose=(4.8,-2.0) th=340 front=1.28 FWD d8=tick=395302 goal=0 lap=1 last=7043.1 best=0.0
[ 76263.6] c41200 hd=328 v=0.71 pose=(4.8,-2.0) th=340 front=1.31 FWD d8=tick=395302 goal=0 lap=1 last=7043.1 best=0.0
[ 76263.6] c41280 hd=324 v=0.71 pose=(4.9,-2.0) th=339 front=1.70 FAST d8=tick=395302 goal=0 lap=1 last=7043.1 best=0.0
[ 76263.7] c41360 hd=321 v=0.70 pose=(4.9,-2.0) th=339 front=1.39 FWD d8=tick=395302 goal=0 lap=1 last=7043.1 best=0.0
[ 76263.7] c41440 hd=325 v=0.71 pose=(4.9,-2.0) th=339 front=1.42 FAST d8=tick=395302 goal=0 lap=1 last=7043.1 best=0.0
[ 76263.7] c41520 hd=325 v=0.71 pose=(4.9,-2.0) th=339 front=1.42 FAST d8=tick=395302 goal=0 lap=1 last=7043.1 best=0.0
[ 76263.7] c41600 hd=326 v=0.72 pose=(4.9,-2.0) th=339 front=1.42 FAST d8=tick=395302 goal=0 lap=1 last=7043.1 best=0.0
[ 76263.8] c41680 hd=321 v=0.73 pose=(5.0,-2.0) th=338 front=1.50 FAST d8=tick=395302 goal=0 lap=1 last=7043.1 best=0.0
[ 76263.8] c41760 hd=321 v=0.73 pose=(5.0,-2.0) th=338 front=1.50 FAST d8=tick=395302 goal=0 lap=1 last=7043.1 best=0.0
[ 76263.8] c41840 hd=321 v=0.73 pose=(5.0,-2.0) th=338 front=1.50 FAST d8=tick=395302 goal=0 lap=1 last=7043.1 best=0.0
[ 76263.8] c41920 hd=320 v=0.77 pose=(5.0,-2.0) th=338 front=1.52 FAST d8=tick=395302 goal=0 lap=1 last=7043.1 best=0.0
[ 76263.9] c42000 hd=322 v=0.78 pose=(5.0,-2.0) th=338 front=1.51 FAST d8=tick=395302 goal=0 lap=1 last=7043.1 best=0.0
[ 76263.9] c42080 hd=320 v=0.79 pose=(5.1,-2.0) th=338 front=1.50 FAST d8=tick=395302 goal=0 lap=1 last=7043.1 best=0.0
[ 76263.9] c42160 hd=323 v=0.79 pose=(5.1,-2.1) th=337 front=1.45 FAST d8=tick=395302 goal=0 lap=1 last=7043.1 best=0.0
[ 76263.9] c42240 hd=318 v=0.79 pose=(5.1,-2.1) th=337 front=1.45 FAST d8=tick=395302 goal=0 lap=1 last=7043.1 best=0.0
[ 76263.9] c42320 hd=318 v=0.80 pose=(5.1,-2.1) th=337 front=1.45 FAST d8=tick=395302 goal=0 lap=1 last=7043.1 best=0.0
[ 76264.0] c42400 hd=323 v=0.82 pose=(5.1,-2.1) th=337 front=1.45 FAST d8=tick=395302 goal=0 lap=1 last=7043.1 best=0.0
[ 76264.0] c42480 hd=323 v=0.82 pose=(5.1,-2.1) th=337 front=1.45 FAST d8=tick=395302 goal=0 lap=1 last=7043.1 best=0.0
[ 76264.0] c42560 hd=323 v=0.82 pose=(5.1,-2.1) th=337 front=1.45 FAST d8=tick=395302 goal=0 lap=1 last=7043.1 best=0.0
[ 76264.0] c42640 hd=319 v=0.82 pose=(5.1,-2.1) th=337 front=1.40 FAST d8=tick=395302 goal=0 lap=1 last=7043.1 best=0.0
[ 76264.1] c42720 hd=314 v=0.84 pose=(5.2,-2.1) th=337 front=1.39 FWD d8=tick=395302 goal=0 lap=1 last=7043.1 best=0.0
[ 76264.1] c42800 hd=319 v=0.82 pose=(5.2,-2.1) th=337 front=1.38 FWD d8=tick=395302 goal=0 lap=1 last=7043.1 best=0.0
[ 76264.1] c42880 hd=316 v=0.84 pose=(5.2,-2.1) th=337 front=1.36 FWD d8=tick=395302 goal=0 lap=1 last=7043.1 best=0.0
[ 76264.1] c42960 hd=319 v=0.82 pose=(5.2,-2.1) th=337 front=1.36 FWD d8=tick=395302 goal=0 lap=1 last=7043.1 best=0.0
[ 76264.1] c43040 hd=319 v=0.82 pose=(5.3,-2.1) th=337 front=1.36 FWD d8=tick=395302 goal=0 lap=1 last=7043.1 best=0.0
[ 76264.2] c43120 hd=319 v=0.82 pose=(5.3,-2.1) th=337 front=1.33 FWD d8=tick=395302 goal=0 lap=1 last=7043.1 best=0.0
[ 76264.2] c43200 hd=318 v=0.82 pose=(5.3,-2.1) th=337 front=1.33 FWD d8=tick=395302 goal=0 lap=1 last=7043.1 best=0.0
[ 76264.2] c43280 hd=320 v=0.81 pose=(5.3,-2.2) th=337 front=1.31 FWD d8=tick=395302 goal=0 lap=1 last=7043.1 best=0.0
[ 76264.3] c43360 hd=319 v=0.81 pose=(5.3,-2.2) th=337 front=1.32 FWD d8=tick=395302 goal=0 lap=1 last=7043.1 best=0.0
[ 76264.3] c43440 hd=317 v=0.80 pose=(5.4,-2.2) th=336 front=1.25 FWD d8=tick=395302 goal=0 lap=1 last=7043.1 best=0.0
[ 76264.3] c43520 hd=317 v=0.80 pose=(5.4,-2.2) th=336 front=1.25 FWD d8=tick=395302 goal=0 lap=1 last=7043.1 best=0.0
[ 76264.3] c43600 hd=319 v=0.82 pose=(5.4,-2.2) th=336 front=1.22 FWD d8=tick=395302 goal=0 lap=1 last=7043.1 best=0.0
[ 76264.4] c43680 hd=319 v=0.80 pose=(5.4,-2.2) th=336 front=1.21 FWD d8=tick=395302 goal=0 lap=1 last=7043.1 best=0.0
[ 76264.4] c43760 hd=320 v=0.78 pose=(5.4,-2.2) th=336 front=1.21 FWD d8=tick=395302 goal=0 lap=1 last=7043.1 best=0.0
[ 76264.4] c43840 hd=319 v=0.79 pose=(5.5,-2.2) th=337 front=1.24 FWD d8=tick=395302 goal=0 lap=1 last=7043.1 best=0.0
[ 76264.5] c43920 hd=322 v=0.77 pose=(5.5,-2.2) th=337 front=1.25 FWD d8=tick=395441 goal=0 lap=1 last=7043.1 best=0.0
[ 76264.5] c44000 hd=322 v=0.77 pose=(5.5,-2.2) th=337 front=1.25 FWD d8=tick=395441 goal=0 lap=1 last=7043.1 best=0.0
[ 76264.5] c44080 hd=322 v=0.77 pose=(5.5,-2.2) th=337 front=1.25 FWD d8=tick=395441 goal=0 lap=1 last=7043.1 best=0.0
[ 76264.5] c44160 hd=323 v=0.79 pose=(5.5,-2.2) th=337 front=1.24 FWD d8=tick=395441 goal=0 lap=1 last=7043.1 best=0.0
[ 76264.5] c44240 hd=323 v=0.78 pose=(5.5,-2.3) th=338 front=1.29 FWD d8=tick=395441 goal=0 lap=1 last=7043.1 best=0.0
[ 76264.5] c44320 hd=321 v=0.78 pose=(5.5,-2.3) th=338 front=1.29 FWD d8=tick=395441 goal=0 lap=1 last=7043.1 best=0.0
[ 76264.5] c44400 hd=321 v=0.78 pose=(5.5,-2.3) th=338 front=1.29 FWD d8=tick=395441 goal=0 lap=1 last=7043.1 best=0.0
[ 76264.6] c44480 hd=321 v=0.78 pose=(5.5,-2.3) th=338 front=1.29 FWD d8=tick=395441 goal=0 lap=1 last=7043.1 best=0.0
[ 76264.6] c44560 hd=321 v=0.78 pose=(5.6,-2.3) th=338 front=1.29 FWD d8=tick=395441 goal=0 lap=1 last=7043.1 best=0.0
[ 76264.6] c44640 hd=327 v=0.75 pose=(5.6,-2.3) th=338 front=1.30 FWD d8=tick=395441 goal=0 lap=1 last=7043.1 best=0.0
[ 76264.6] c44720 hd=322 v=0.76 pose=(5.6,-2.3) th=338 front=1.35 FWD d8=tick=395459 goal=0 lap=1 last=7043.1 best=0.0
[ 76264.7] c44800 hd=324 v=0.78 pose=(5.6,-2.3) th=338 front=1.38 FWD d8=tick=395459 goal=0 lap=1 last=7043.1 best=0.0
[ 76264.7] c44880 hd=324 v=0.76 pose=(5.7,-2.3) th=339 front=1.43 FAST d8=tick=395464 goal=0 lap=1 last=7043.1 best=0.0
[ 76264.7] c44960 hd=321 v=0.76 pose=(5.7,-2.3) th=339 front=1.42 FAST d8=tick=395464 goal=0 lap=1 last=7043.1 best=0.0
[ 76264.8] c45040 hd=326 v=0.76 pose=(5.7,-2.3) th=339 front=1.50 FAST d8=tick=395464 goal=0 lap=1 last=7043.1 best=0.0
[ 76264.8] c45120 hd=323 v=0.79 pose=(5.7,-2.3) th=340 front=1.53 FAST d8=tick=395464 goal=0 lap=1 last=7043.1 best=0.0
[ 76264.8] c45200 hd=320 v=0.79 pose=(5.8,-2.3) th=340 front=1.54 FAST d8=tick=395464 goal=0 lap=1 last=7043.1 best=0.0
[ 76264.9] c45280 hd=324 v=0.80 pose=(5.8,-2.4) th=340 front=1.46 FAST d8=tick=395464 goal=0 lap=1 last=7043.1 best=0.0
[ 76264.9] c45360 hd=324 v=0.82 pose=(5.8,-2.4) th=340 front=1.44 FAST d8=tick=395464 goal=0 lap=1 last=7043.1 best=0.0
[ 76265.0] c45440 hd=326 v=0.83 pose=(5.8,-2.4) th=340 front=1.43 FAST d8=tick=395489 goal=0 lap=1 last=7043.1 best=0.0
[ 76265.0] c45520 hd=326 v=0.84 pose=(5.9,-2.4) th=340 front=1.41 FAST d8=tick=395489 goal=0 lap=1 last=7043.1 best=0.0
[ 76265.0] c45600 hd=325 v=0.84 pose=(5.9,-2.4) th=341 front=1.38 FWD d8=tick=395489 goal=0 lap=1 last=7043.1 best=0.0
[ 76265.0] c45680 hd=325 v=0.84 pose=(5.9,-2.4) th=341 front=1.38 FWD d8=tick=395489 goal=0 lap=1 last=7043.1 best=0.0
[ 76265.0] c45760 hd=325 v=0.84 pose=(5.9,-2.4) th=341 front=1.38 FWD d8=tick=395489 goal=0 lap=1 last=7043.1 best=0.0
[ 76265.0] c45840 hd=325 v=0.84 pose=(5.9,-2.4) th=341 front=1.38 FWD d8=tick=395489 goal=0 lap=1 last=7043.1 best=0.0
[ 76265.0] c45920 hd=326 v=0.85 pose=(5.9,-2.4) th=341 front=1.37 FWD d8=tick=395489 goal=0 lap=1 last=7043.1 best=0.0
[ 76265.1] c46000 hd=328 v=0.84 pose=(5.9,-2.4) th=340 front=1.40 BEND d8=tick=395489 goal=0 lap=1 last=7043.1 best=0.0
[ 76265.1] c46080 hd=328 v=0.85 pose=(6.0,-2.4) th=339 front=1.40 BEND d8=tick=395489 goal=0 lap=1 last=7043.1 best=0.0
[ 76265.1] c46160 hd=328 v=0.85 pose=(6.0,-2.4) th=339 front=1.40 BEND d8=tick=395489 goal=0 lap=1 last=7043.1 best=0.0
[ 76265.1] c46240 hd=328 v=0.83 pose=(6.0,-2.4) th=339 front=1.40 FWD d8=tick=395489 goal=0 lap=1 last=7043.1 best=0.0
[ 76265.1] c46320 hd=327 v=0.82 pose=(6.0,-2.4) th=340 front=1.34 FWD d8=tick=395489 goal=0 lap=1 last=7043.1 best=0.0
[ 76265.2] c46400 hd=325 v=0.83 pose=(6.0,-2.4) th=340 front=1.34 FWD d8=tick=395512 goal=0 lap=1 last=7043.1 best=0.0
[ 76265.2] c46480 hd=326 v=0.80 pose=(6.1,-2.5) th=340 front=1.34 FWD d8=tick=395517 goal=0 lap=1 last=7043.1 best=0.0
[ 76265.2] c46560 hd=326 v=0.80 pose=(6.1,-2.5) th=340 front=1.34 FWD d8=tick=395517 goal=0 lap=1 last=7043.1 best=0.0
[ 76265.2] c46640 hd=326 v=0.80 pose=(6.1,-2.5) th=340 front=1.34 FWD d8=tick=395517 goal=0 lap=1 last=7043.1 best=0.0
[ 76265.3] c46720 hd=326 v=0.81 pose=(6.1,-2.5) th=340 front=1.33 FWD d8=tick=395517 goal=0 lap=1 last=7043.1 best=0.0
[ 76265.3] c46800 hd=325 v=0.80 pose=(6.1,-2.5) th=339 front=1.34 FWD d8=tick=395517 goal=0 lap=1 last=7043.1 best=0.0
[ 76265.4] c46880 hd=325 v=0.80 pose=(6.2,-2.5) th=339 front=1.34 FWD d8=tick=395517 goal=0 lap=1 last=7043.1 best=0.0
[ 76265.4] c46960 hd=325 v=0.78 pose=(6.2,-2.5) th=339 front=1.34 FWD d8=tick=395517 goal=0 lap=1 last=7043.1 best=0.0
[ 76265.4] c47040 hd=322 v=0.80 pose=(6.2,-2.5) th=339 front=1.33 FWD d8=tick=395517 goal=0 lap=1 last=7043.1 best=0.0
[ 76265.4] c47120 hd=328 v=0.79 pose=(6.2,-2.5) th=339 front=1.35 FWD d8=tick=395540 goal=0 lap=1 last=7043.1 best=0.0
[ 76265.5] c47200 hd=326 v=0.79 pose=(6.2,-2.5) th=339 front=1.37 FWD d8=tick=395540 goal=0 lap=1 last=7043.1 best=0.0
[ 76265.5] c47280 hd=330 v=0.77 pose=(6.3,-2.5) th=339 front=1.39 FWD d8=tick=395540 goal=0 lap=1 last=7043.1 best=0.0
[ 76265.5] c47360 hd=326 v=0.76 pose=(6.3,-2.5) th=339 front=1.37 FWD d8=tick=395540 goal=0 lap=1 last=7043.1 best=0.0
[ 76265.6] c47440 hd=327 v=0.77 pose=(6.3,-2.6) th=340 front=1.26 FWD d8=tick=395540 goal=0 lap=1 last=7043.1 best=0.0
[ 76265.6] c47520 hd=327 v=0.77 pose=(6.3,-2.6) th=340 front=1.26 FWD d8=tick=395540 goal=0 lap=1 last=7043.1 best=0.0
[ 76265.6] c47600 hd=327 v=0.77 pose=(6.3,-2.6) th=340 front=1.26 FWD d8=tick=395540 goal=0 lap=1 last=7043.1 best=0.0
[ 76265.6] c47680 hd=327 v=0.76 pose=(6.3,-2.6) th=340 front=1.26 FWD d8=tick=395540 goal=0 lap=1 last=7043.1 best=0.0
[ 76265.6] c47760 hd=327 v=0.76 pose=(6.3,-2.6) th=340 front=1.26 FWD d8=tick=395540 goal=0 lap=1 last=7043.1 best=0.0
[ 76265.6] c47840 hd=329 v=0.76 pose=(6.4,-2.6) th=339 front=1.35 FWD d8=tick=395540 goal=0 lap=1 last=7043.1 best=0.0
[ 76265.7] c47920 hd=325 v=0.76 pose=(6.4,-2.6) th=339 front=1.35 FWD d8=tick=395540 goal=0 lap=1 last=7043.1 best=0.0
[ 76265.7] c48000 hd=325 v=0.76 pose=(6.4,-2.6) th=339 front=1.35 FWD d8=tick=395540 goal=0 lap=1 last=7043.1 best=0.0
[ 76265.7] c48080 hd=325 v=0.76 pose=(6.4,-2.6) th=339 front=1.35 FWD d8=tick=395540 goal=0 lap=1 last=7043.1 best=0.0
[ 76265.7] c48160 hd=327 v=0.76 pose=(6.4,-2.6) th=340 front=1.25 FWD d8=tick=395540 goal=0 lap=1 last=7043.1 best=0.0
[ 76265.7] c48240 hd=328 v=0.73 pose=(6.4,-2.6) th=340 front=1.31 FWD d8=tick=395540 goal=0 lap=1 last=7043.1 best=0.0
[ 76265.8] c48320 hd=326 v=0.72 pose=(6.5,-2.6) th=339 front=1.33 FWD d8=tick=395575 goal=0 lap=1 last=7043.1 best=0.0
[ 76265.8] c48400 hd=325 v=0.73 pose=(6.5,-2.6) th=339 front=1.35 FWD d8=tick=395575 goal=0 lap=1 last=7043.1 best=0.0
[ 76265.9] c48480 hd=329 v=0.74 pose=(6.5,-2.6) th=339 front=1.40 FWD d8=tick=395575 goal=0 lap=1 last=7043.1 best=0.0
[ 76265.9] c48560 hd=323 v=0.74 pose=(6.5,-2.6) th=339 front=1.45 FAST d8=tick=395575 goal=0 lap=1 last=7043.1 best=0.0
[ 76265.9] c48640 hd=323 v=0.74 pose=(6.5,-2.6) th=339 front=1.45 FAST d8=tick=395575 goal=0 lap=1 last=7043.1 best=0.0
[ 76265.9] c48720 hd=324 v=0.73 pose=(6.5,-2.6) th=338 front=1.51 FAST d8=tick=395575 goal=0 lap=1 last=7043.1 best=0.0
[ 76266.0] c48800 hd=319 v=0.75 pose=(6.6,-2.6) th=338 front=1.56 FAST d8=tick=395588 goal=0 lap=1 last=7043.1 best=0.0
[ 76266.0] c48880 hd=316 v=0.77 pose=(6.6,-2.7) th=338 front=1.51 FAST d8=tick=395593 goal=0 lap=1 last=7043.1 best=0.0
[ 76266.0] c48960 hd=322 v=0.76 pose=(6.6,-2.7) th=338 front=1.51 FAST d8=tick=395598 goal=0 lap=1 last=7043.1 best=0.0
[ 76266.0] c49040 hd=322 v=0.76 pose=(6.6,-2.7) th=338 front=1.51 FAST d8=tick=395598 goal=0 lap=1 last=7043.1 best=0.0
[ 76266.0] c49120 hd=322 v=0.79 pose=(6.6,-2.7) th=338 front=1.48 FAST d8=tick=395598 goal=0 lap=1 last=7043.1 best=0.0
[ 76266.1] c49200 hd=318 v=0.78 pose=(6.7,-2.7) th=337 front=1.47 FAST d8=tick=395598 goal=0 lap=1 last=7043.1 best=0.0
[ 76266.1] c49280 hd=319 v=0.79 pose=(6.7,-2.7) th=337 front=1.46 FAST d8=tick=395598 goal=0 lap=1 last=7043.1 best=0.0
[ 76266.1] c49360 hd=318 v=0.80 pose=(6.7,-2.7) th=337 front=1.43 FAST d8=tick=395605 goal=0 lap=1 last=7043.1 best=0.0
[ 76266.1] c49440 hd=319 v=0.82 pose=(6.7,-2.7) th=337 front=1.44 FAST d8=tick=395605 goal=0 lap=1 last=7043.1 best=0.0
[ 76266.2] c49520 hd=319 v=0.82 pose=(6.7,-2.7) th=337 front=1.44 FAST d8=tick=395605 goal=0 lap=1 last=7043.1 best=0.0
[ 76266.2] c49600 hd=319 v=0.82 pose=(6.7,-2.7) th=337 front=1.44 FAST d8=tick=395605 goal=0 lap=1 last=7043.1 best=0.0
[ 76266.2] c49680 hd=319 v=0.82 pose=(6.7,-2.7) th=337 front=1.40 FWD d8=tick=395605 goal=0 lap=1 last=7043.1 best=0.0
[ 76266.2] c49760 hd=319 v=0.82 pose=(6.7,-2.7) th=337 front=1.40 FWD d8=tick=395605 goal=0 lap=1 last=7043.1 best=0.0
[ 76266.2] c49840 hd=313 v=0.83 pose=(6.8,-2.7) th=337 front=1.38 FWD d8=tick=395605 goal=0 lap=1 last=7043.1 best=0.0
[ 76266.2] c49920 hd=313 v=0.81 pose=(6.8,-2.7) th=337 front=1.86 FAST d8=tick=395605 goal=0 lap=1 last=7043.1 best=0.0
[ 76266.2] c50000 hd=313 v=0.81 pose=(6.8,-2.7) th=337 front=1.86 FAST d8=tick=395605 goal=0 lap=1 last=7043.1 best=0.0
[ 76266.2] c50080 hd=322 v=0.81 pose=(6.8,-2.7) th=337 front=1.86 FAST d8=tick=395605 goal=0 lap=1 last=7043.1 best=0.0
[ 76266.3] c50160 hd=316 v=0.82 pose=(6.8,-2.7) th=337 front=1.35 FWD d8=tick=395605 goal=0 lap=1 last=7043.1 best=0.0
[ 76266.3] c50240 hd=319 v=0.84 pose=(6.8,-2.8) th=337 front=1.35 FWD d8=tick=395605 goal=0 lap=1 last=7043.1 best=0.0
[ 76266.3] c50320 hd=316 v=0.81 pose=(6.8,-2.8) th=337 front=1.33 FWD d8=tick=395605 goal=0 lap=1 last=7043.1 best=0.0
[ 76266.3] c50400 hd=316 v=0.82 pose=(6.9,-2.8) th=337 front=1.33 FWD d8=tick=395605 goal=0 lap=1 last=7043.1 best=0.0
[ 76266.3] c50480 hd=316 v=0.82 pose=(6.9,-2.8) th=337 front=1.33 FWD d8=tick=395605 goal=0 lap=1 last=7043.1 best=0.0
[ 76266.3] c50560 hd=316 v=0.82 pose=(6.9,-2.8) th=337 front=1.33 FWD d8=tick=395605 goal=0 lap=1 last=7043.1 best=0.0
[ 76266.4] c50640 hd=317 v=0.81 pose=(6.9,-2.8) th=337 front=1.32 FWD d8=tick=395605 goal=0 lap=1 last=7043.1 best=0.0
[ 76266.4] c50720 hd=323 v=0.80 pose=(6.9,-2.8) th=337 front=1.35 FWD d8=tick=395605 goal=0 lap=1 last=7043.1 best=0.0
[ 76266.4] c50800 hd=318 v=0.80 pose=(6.9,-2.8) th=337 front=1.31 FWD d8=tick=395605 goal=0 lap=1 last=7043.1 best=0.0
[ 76266.5] c50880 hd=316 v=0.80 pose=(7.0,-2.8) th=337 front=1.32 FWD d8=tick=395605 goal=0 lap=1 last=7043.1 best=0.0
[ 76266.5] c50960 hd=316 v=0.79 pose=(7.0,-2.8) th=336 front=1.20 BEND d8=tick=395651 goal=0 lap=1 last=7043.1 best=0.0
[ 76266.6] c51040 hd=318 v=0.79 pose=(7.0,-2.8) th=336 front=1.25 BEND d8=tick=395651 goal=0 lap=1 last=7043.1 best=0.0
[ 76266.6] c51120 hd=313 v=0.77 pose=(7.1,-2.9) th=337 front=1.24 FWD d8=tick=395651 goal=0 lap=1 last=7043.1 best=0.0
[ 76266.6] c51200 hd=317 v=0.79 pose=(7.1,-2.9) th=337 front=1.23 FWD d8=tick=395651 goal=0 lap=1 last=7043.1 best=0.0
[ 76266.7] c51280 hd=317 v=0.76 pose=(7.1,-2.9) th=337 front=1.25 FWD d8=tick=395651 goal=0 lap=1 last=7043.1 best=0.0
[ 76266.7] c51360 hd=319 v=0.75 pose=(7.1,-2.9) th=337 front=1.20 FWD d8=tick=395651 goal=0 lap=1 last=7043.1 best=0.0
[ 76266.7] c51440 hd=318 v=0.76 pose=(7.1,-2.9) th=337 front=1.22 FWD d8=tick=395651 goal=0 lap=1 last=7043.1 best=0.0
[ 76266.7] c51520 hd=318 v=0.76 pose=(7.1,-2.9) th=337 front=1.22 FWD d8=tick=395651 goal=0 lap=1 last=7043.1 best=0.0
[ 76266.7] c51600 hd=318 v=0.76 pose=(7.1,-2.9) th=337 front=1.22 FWD d8=tick=395651 goal=0 lap=1 last=7043.1 best=0.0
[ 76266.8] c51680 hd=321 v=0.75 pose=(7.2,-2.9) th=337 front=1.24 FWD d8=tick=395651 goal=0 lap=1 last=7043.1 best=0.0
[ 76266.8] c51760 hd=321 v=0.77 pose=(7.2,-2.9) th=338 front=1.31 FWD d8=tick=395651 goal=0 lap=1 last=7043.1 best=0.0
[ 76266.9] c51840 hd=321 v=0.76 pose=(7.2,-2.9) th=338 front=1.35 FWD d8=tick=395651 goal=0 lap=1 last=7043.1 best=0.0
[ 76266.9] c51920 hd=319 v=0.75 pose=(7.3,-2.9) th=339 front=1.37 FWD d8=tick=395651 goal=0 lap=1 last=7043.1 best=0.0
[ 76266.9] c52000 hd=325 v=0.76 pose=(7.3,-2.9) th=339 front=1.44 FAST d8=tick=395688 goal=0 lap=1 last=7043.1 best=0.0
[ 76266.9] c52080 hd=325 v=0.76 pose=(7.3,-2.9) th=339 front=1.44 FAST d8=tick=395688 goal=0 lap=1 last=7043.1 best=0.0
[ 76267.0] c52160 hd=327 v=0.74 pose=(7.3,-3.0) th=339 front=1.47 FAST d8=tick=395688 goal=0 lap=1 last=7043.1 best=0.0
[ 76267.0] c52240 hd=326 v=0.77 pose=(7.3,-3.0) th=340 front=1.55 FAST d8=tick=395688 goal=0 lap=1 last=7043.1 best=0.0
[ 76267.1] c52320 hd=325 v=0.80 pose=(7.4,-3.0) th=340 front=1.55 FAST d8=tick=395701 goal=0 lap=1 last=7043.1 best=0.0
[ 76267.1] c52400 hd=330 v=0.80 pose=(7.4,-3.0) th=341 front=1.47 FAST d8=tick=395711 goal=0 lap=1 last=7043.1 best=0.0
[ 76267.1] c52480 hd=330 v=0.80 pose=(7.4,-3.0) th=341 front=1.47 FAST d8=tick=395711 goal=0 lap=1 last=7043.1 best=0.0
[ 76267.1] c52560 hd=330 v=0.80 pose=(7.4,-3.0) th=341 front=1.47 FAST d8=tick=395711 goal=0 lap=1 last=7043.1 best=0.0
[ 76267.2] c52640 hd=326 v=0.80 pose=(7.4,-3.0) th=341 front=1.47 FAST d8=tick=395711 goal=0 lap=1 last=7043.1 best=0.0
[ 76267.2] c52720 hd=326 v=0.84 pose=(7.5,-3.0) th=341 front=1.42 FAST d8=tick=395711 goal=0 lap=1 last=7043.1 best=0.0
[ 76267.2] c52800 hd=323 v=0.84 pose=(7.5,-3.0) th=341 front=1.40 FWD d8=tick=395711 goal=0 lap=1 last=7043.1 best=0.0
[ 76267.3] c52880 hd=329 v=0.84 pose=(7.5,-3.0) th=341 front=1.39 FWD d8=tick=395711 goal=0 lap=1 last=7043.1 best=0.0
[ 76267.3] c52960 hd=329 v=0.84 pose=(7.6,-3.0) th=341 front=1.35 FWD d8=tick=395711 goal=0 lap=1 last=7043.1 best=0.0
[ 76267.4] c53040 hd=330 v=0.81 pose=(7.6,-3.1) th=341 front=1.33 FWD d8=tick=395711 goal=0 lap=1 last=7043.1 best=0.0
[ 76267.4] c53120 hd=326 v=0.83 pose=(7.6,-3.1) th=341 front=1.30 FWD d8=tick=395711 goal=0 lap=1 last=7043.1 best=0.0
[ 76267.4] c53200 hd=326 v=0.83 pose=(7.6,-3.1) th=341 front=1.30 FWD d8=tick=395711 goal=0 lap=1 last=7043.1 best=0.0
[ 76267.4] c53280 hd=326 v=0.83 pose=(7.6,-3.1) th=341 front=1.30 FWD d8=tick=395711 goal=0 lap=1 last=7043.1 best=0.0
[ 76267.4] c53360 hd=335 v=0.83 pose=(7.7,-3.1) th=341 front=1.31 FWD d8=tick=395711 goal=0 lap=1 last=7043.1 best=0.0
[ 76267.5] c53440 hd=326 v=0.80 pose=(7.7,-3.1) th=341 front=1.30 FWD d8=tick=395711 goal=0 lap=1 last=7043.1 best=0.0
[ 76267.5] c53520 hd=330 v=0.80 pose=(7.7,-3.1) th=341 front=1.31 FWD d8=tick=395711 goal=0 lap=1 last=7043.1 best=0.0
[ 76267.5] c53600 hd=328 v=0.79 pose=(7.7,-3.1) th=341 front=1.30 FWD d8=tick=395711 goal=0 lap=1 last=7043.1 best=0.0
[ 76267.6] c53680 hd=326 v=0.78 pose=(7.8,-3.1) th=341 front=1.31 FWD d8=tick=395711 goal=0 lap=1 last=7043.1 best=0.0
[ 76267.6] c53760 hd=326 v=0.81 pose=(7.8,-3.1) th=341 front=1.33 FWD d8=tick=395711 goal=0 lap=1 last=7043.1 best=0.0
[ 76267.7] c53840 hd=325 v=0.79 pose=(7.8,-3.1) th=340 front=1.34 FWD d8=tick=395711 goal=0 lap=1 last=7043.1 best=0.0
[ 76267.7] c53920 hd=324 v=0.76 pose=(7.9,-3.1) th=340 front=1.36 FWD d8=tick=395711 goal=0 lap=1 last=7043.1 best=0.0
[ 76267.7] c54000 hd=325 v=0.78 pose=(7.9,-3.2) th=340 front=1.37 FWD d8=tick=395711 goal=0 lap=1 last=7043.1 best=0.0
[ 76267.8] c54080 hd=327 v=0.76 pose=(7.9,-3.2) th=339 front=1.41 FAST d8=tick=395711 goal=0 lap=1 last=7043.1 best=0.0
[ 76267.8] c54160 hd=327 v=0.76 pose=(7.9,-3.2) th=339 front=1.41 FAST d8=tick=395711 goal=0 lap=1 last=7043.1 best=0.0
[ 76267.8] c54240 hd=327 v=0.76 pose=(7.9,-3.2) th=339 front=1.41 FAST d8=tick=395711 goal=0 lap=1 last=7043.1 best=0.0
[ 76267.8] c54320 hd=327 v=0.76 pose=(7.9,-3.2) th=339 front=1.41 FAST d8=tick=395711 goal=0 lap=1 last=7043.1 best=0.0
[ 76267.8] c54400 hd=320 v=0.78 pose=(8.0,-3.2) th=339 front=1.42 BEND d8=tick=395711 goal=0 lap=1 last=7043.1 best=0.0
[ 76267.8] c54480 hd=320 v=0.78 pose=(8.0,-3.2) th=339 front=1.59 BEND d8=tick=395711 goal=0 lap=1 last=7043.1 best=0.0
[ 76267.8] c54560 hd=320 v=0.78 pose=(8.0,-3.2) th=339 front=1.59 BEND d8=tick=395711 goal=0 lap=1 last=7043.1 best=0.0
[ 76267.9] c54640 hd=320 v=0.78 pose=(8.0,-3.2) th=338 front=1.51 BEND d8=tick=395711 goal=0 lap=1 last=7043.1 best=0.0
[ 76267.9] c54720 hd=320 v=0.78 pose=(8.0,-3.2) th=338 front=1.51 BEND d8=tick=395711 goal=0 lap=1 last=7043.1 best=0.0
[ 76267.9] c54800 hd=320 v=0.78 pose=(8.0,-3.2) th=338 front=1.51 BEND d8=tick=395711 goal=0 lap=1 last=7043.1 best=0.0
[ 76267.9] c54880 hd=322 v=0.79 pose=(8.0,-3.2) th=338 front=1.51 FAST d8=tick=395711 goal=0 lap=1 last=7043.1 best=0.0
[ 76268.0] c54960 hd=325 v=0.79 pose=(8.1,-3.2) th=338 front=1.49 FAST d8=tick=395711 goal=0 lap=1 last=7043.1 best=0.0
[ 76268.0] c55040 hd=321 v=0.81 pose=(8.1,-3.2) th=338 front=1.46 FAST d8=tick=395797 goal=0 lap=1 last=7043.1 best=0.0
[ 76268.0] c55120 hd=319 v=0.81 pose=(8.1,-3.2) th=337 front=1.43 BEND d8=tick=395797 goal=0 lap=1 last=7043.1 best=0.0
[ 76268.1] c55200 hd=319 v=0.83 pose=(8.1,-3.3) th=336 front=1.26 FWD d8=tick=395804 goal=0 lap=1 last=7043.1 best=0.0
[ 76268.1] c55280 hd=319 v=0.83 pose=(8.2,-3.3) th=336 front=1.26 FWD d8=tick=395804 goal=0 lap=1 last=7043.1 best=0.0
[ 76268.1] c55360 hd=319 v=0.83 pose=(8.2,-3.3) th=336 front=1.26 FWD d8=tick=395804 goal=0 lap=1 last=7043.1 best=0.0
[ 76268.1] c55440 hd=318 v=0.80 pose=(8.2,-3.3) th=336 front=1.28 FWD d8=tick=395804 goal=0 lap=1 last=7043.1 best=0.0
[ 76268.2] c55520 hd=316 v=0.80 pose=(8.2,-3.3) th=336 front=2.20 FAST d8=tick=395804 goal=0 lap=1 last=7043.1 best=0.0
[ 76268.2] c55600 hd=317 v=0.82 pose=(8.2,-3.3) th=336 front=1.29 FWD d8=tick=395804 goal=0 lap=1 last=7043.1 best=0.0
[ 76268.2] c55680 hd=319 v=0.81 pose=(8.3,-3.3) th=336 front=1.29 FWD d8=tick=395817 goal=0 lap=1 last=7043.1 best=0.0
[ 76268.2] c55760 hd=319 v=0.81 pose=(8.3,-3.3) th=336 front=1.29 FWD d8=tick=395817 goal=0 lap=1 last=7043.1 best=0.0
[ 76268.3] c55840 hd=319 v=0.81 pose=(8.3,-3.3) th=336 front=1.28 FWD d8=tick=395817 goal=0 lap=1 last=7043.1 best=0.0
[ 76268.3] c55920 hd=320 v=0.79 pose=(8.3,-3.3) th=337 front=1.30 FWD d8=tick=395817 goal=0 lap=1 last=7043.1 best=0.0
[ 76268.3] c56000 hd=320 v=0.79 pose=(8.3,-3.3) th=337 front=1.30 FWD d8=tick=395817 goal=0 lap=1 last=7043.1 best=0.0
[ 76268.3] c56080 hd=320 v=0.79 pose=(8.3,-3.3) th=337 front=1.30 FWD d8=tick=395817 goal=0 lap=1 last=7043.1 best=0.0
[ 76268.3] c56160 hd=320 v=0.79 pose=(8.3,-3.3) th=337 front=1.30 FWD d8=tick=395817 goal=0 lap=1 last=7043.1 best=0.0
[ 76268.3] c56240 hd=317 v=0.80 pose=(8.3,-3.3) th=337 front=1.31 FWD d8=tick=395817 goal=0 lap=1 last=7043.1 best=0.0
[ 76268.4] c56320 hd=318 v=0.78 pose=(8.4,-3.4) th=338 front=1.36 FWD d8=tick=395817 goal=0 lap=1 last=7043.1 best=0.0
[ 76268.4] c56400 hd=318 v=0.78 pose=(8.4,-3.4) th=338 front=1.38 FWD d8=tick=395817 goal=0 lap=1 last=7043.1 best=0.0
[ 76268.5] c56480 hd=321 v=0.77 pose=(8.4,-3.4) th=338 front=1.37 FWD d8=tick=395843 goal=0 lap=1 last=7043.1 best=0.0
[ 76268.5] c56560 hd=323 v=0.77 pose=(8.5,-3.4) th=338 front=1.39 FWD d8=tick=395843 goal=0 lap=1 last=7043.1 best=0.0
[ 76268.6] c56640 hd=323 v=0.76 pose=(8.5,-3.4) th=339 front=1.39 FWD d8=tick=395843 goal=0 lap=1 last=7043.1 best=0.0
[ 76268.6] c56720 hd=323 v=0.76 pose=(8.5,-3.4) th=339 front=1.39 FWD d8=tick=395843 goal=0 lap=1 last=7043.1 best=0.0
[ 76268.6] c56800 hd=323 v=0.76 pose=(8.5,-3.4) th=339 front=1.39 FWD d8=tick=395843 goal=0 lap=1 last=7043.1 best=0.0
[ 76268.6] c56880 hd=327 v=0.76 pose=(8.5,-3.4) th=340 front=1.35 BEND d8=tick=395843 goal=0 lap=1 last=7043.1 best=0.0
[ 76268.6] c56960 hd=327 v=0.76 pose=(8.5,-3.4) th=341 front=1.35 BEND d8=tick=395843 goal=0 lap=1 last=7043.1 best=0.0
[ 76268.7] c57040 hd=331 v=0.75 pose=(8.6,-3.4) th=343 front=1.30 FWD d8=tick=395843 goal=0 lap=1 last=7043.1 best=0.0
[ 76268.7] c57120 hd=331 v=0.74 pose=(8.6,-3.4) th=342 front=1.30 FWD d8=tick=395843 goal=0 lap=1 last=7043.1 best=0.0
[ 76268.7] c57200 hd=329 v=0.75 pose=(8.6,-3.5) th=343 front=1.30 BEND d8=tick=395843 goal=0 lap=1 last=7043.1 best=0.0
[ 76268.8] c57280 hd=332 v=0.74 pose=(8.6,-3.5) th=344 front=1.17 BEND d8=tick=395843 goal=0 lap=1 last=7043.1 best=0.0
[ 76268.8] c57360 hd=336 v=0.73 pose=(8.7,-3.5) th=344 front=1.13 FWD d8=tick=395876 goal=0 lap=1 last=7043.1 best=0.0
[ 76268.8] c57440 hd=331 v=0.73 pose=(8.7,-3.5) th=344 front=1.14 FWD d8=tick=395876 goal=0 lap=1 last=7043.1 best=0.0
[ 76268.8] c57520 hd=331 v=0.73 pose=(8.7,-3.5) th=344 front=1.14 FWD d8=tick=395876 goal=0 lap=1 last=7043.1 best=0.0
[ 76268.8] c57600 hd=331 v=0.73 pose=(8.7,-3.5) th=344 front=1.14 FWD d8=tick=395876 goal=0 lap=1 last=7043.1 best=0.0
[ 76268.9] c57680 hd=332 v=0.73 pose=(8.7,-3.5) th=344 front=1.13 FWD d8=tick=395876 goal=0 lap=1 last=7043.1 best=0.0
[ 76268.9] c57760 hd=332 v=0.72 pose=(8.7,-3.5) th=344 front=1.12 FWD d8=tick=395876 goal=0 lap=1 last=7043.1 best=0.0
[ 76268.9] c57840 hd=332 v=0.72 pose=(8.7,-3.5) th=344 front=1.12 FWD d8=tick=395876 goal=0 lap=1 last=7043.1 best=0.0
[ 76268.9] c57920 hd=328 v=0.72 pose=(8.8,-3.5) th=343 front=1.14 FWD d8=tick=395876 goal=0 lap=1 last=7043.1 best=0.0
[ 76269.0] c58000 hd=327 v=0.73 pose=(8.8,-3.5) th=343 front=1.15 FWD d8=tick=395876 goal=0 lap=1 last=7043.1 best=0.0
[ 76269.0] c58080 hd=328 v=0.72 pose=(8.8,-3.5) th=342 front=1.25 BEND d8=tick=395876 goal=0 lap=1 last=7043.1 best=0.0
[ 76269.0] c58160 hd=328 v=0.72 pose=(8.8,-3.5) th=341 front=1.25 BEND d8=tick=395876 goal=0 lap=1 last=7043.1 best=0.0
[ 76269.0] c58240 hd=328 v=0.72 pose=(8.8,-3.5) th=341 front=1.25 BEND d8=tick=395876 goal=0 lap=1 last=7043.1 best=0.0
[ 76269.0] c58320 hd=328 v=0.72 pose=(8.8,-3.5) th=341 front=1.25 BEND d8=tick=395876 goal=0 lap=1 last=7043.1 best=0.0
[ 76269.0] c58400 hd=329 v=0.72 pose=(8.8,-3.5) th=341 front=1.31 BEND d8=tick=395876 goal=0 lap=1 last=7043.1 best=0.0
[ 76269.1] c58480 hd=325 v=0.69 pose=(8.9,-3.5) th=341 front=1.32 FWD d8=tick=395876 goal=0 lap=1 last=7043.1 best=0.0
[ 76269.1] c58560 hd=326 v=0.69 pose=(8.9,-3.5) th=340 front=1.33 FWD d8=tick=395876 goal=0 lap=1 last=7043.1 best=0.0
[ 76269.2] c58640 hd=323 v=0.69 pose=(8.9,-3.6) th=339 front=1.44 FAST d8=tick=395876 goal=0 lap=1 last=7043.1 best=0.0
[ 76269.2] c58720 hd=325 v=0.71 pose=(9.0,-3.6) th=339 front=1.47 FAST d8=tick=395918 goal=0 lap=1 last=7043.1 best=0.0
[ 76269.3] c58800 hd=324 v=0.71 pose=(9.0,-3.6) th=339 front=1.53 FAST d8=tick=395918 goal=0 lap=1 last=7043.1 best=0.0
[ 76269.3] c58880 hd=324 v=0.71 pose=(9.0,-3.6) th=339 front=1.53 FAST d8=tick=395918 goal=0 lap=1 last=7043.1 best=0.0
[ 76269.3] c58960 hd=324 v=0.71 pose=(9.0,-3.6) th=339 front=1.53 FAST d8=tick=395918 goal=0 lap=1 last=7043.1 best=0.0
[ 76269.3] c59040 hd=324 v=0.71 pose=(9.0,-3.6) th=339 front=1.53 FAST d8=tick=395918 goal=0 lap=1 last=7043.1 best=0.0
[ 76269.3] c59120 hd=322 v=0.75 pose=(9.0,-3.6) th=338 front=1.57 FAST d8=tick=395918 goal=0 lap=1 last=7043.1 best=0.0
[ 76269.3] c59200 hd=318 v=0.74 pose=(9.0,-3.6) th=338 front=1.58 FAST d8=tick=395918 goal=0 lap=1 last=7043.1 best=0.0
[ 76269.4] c59280 hd=320 v=0.78 pose=(9.0,-3.6) th=338 front=1.58 FAST d8=tick=395918 goal=0 lap=1 last=7043.1 best=0.0
[ 76269.4] c59360 hd=320 v=0.78 pose=(9.1,-3.6) th=338 front=1.56 FAST d8=tick=395918 goal=0 lap=1 last=7043.1 best=0.0
[ 76269.4] c59440 hd=318 v=0.76 pose=(9.1,-3.6) th=338 front=1.53 FAST d8=tick=395918 goal=0 lap=1 last=7043.1 best=0.0
[ 76269.4] c59520 hd=318 v=0.80 pose=(9.1,-3.6) th=338 front=1.53 FAST d8=tick=395918 goal=0 lap=1 last=7043.1 best=0.0
[ 76269.5] c59600 hd=326 v=0.80 pose=(9.1,-3.6) th=337 front=1.47 FAST d8=tick=395918 goal=0 lap=1 last=7043.1 best=0.0
[ 76269.5] c59680 hd=317 v=0.81 pose=(9.2,-3.6) th=337 front=1.44 FAST d8=tick=395918 goal=0 lap=1 last=7043.1 best=0.0
[ 76269.5] c59760 hd=319 v=0.82 pose=(9.2,-3.6) th=337 front=1.42 FAST d8=tick=395918 goal=0 lap=1 last=7043.1 best=0.0
[ 76269.6] c59840 hd=319 v=0.82 pose=(9.2,-3.7) th=337 front=1.39 FWD d8=tick=395918 goal=0 lap=1 last=7043.1 best=0.0
[ 76269.6] c59920 hd=319 v=0.81 pose=(9.2,-3.7) th=337 front=1.41 FAST d8=tick=395918 goal=0 lap=1 last=7043.1 best=0.0
[ 76269.6] c60000 hd=318 v=0.82 pose=(9.2,-3.7) th=336 front=1.32 BEND d8=tick=395959 goal=0 lap=1 last=7043.1 best=0.0
[ 76269.7] c60080 hd=317 v=0.83 pose=(9.3,-3.7) th=336 front=1.36 FWD d8=tick=395959 goal=0 lap=1 last=7043.1 best=0.0
[ 76269.7] c60160 hd=318 v=0.81 pose=(9.3,-3.7) th=336 front=1.31 FWD d8=tick=395959 goal=0 lap=1 last=7043.1 best=0.0
[ 76269.7] c60240 hd=318 v=0.81 pose=(9.3,-3.7) th=336 front=1.32 FWD d8=tick=395959 goal=0 lap=1 last=7043.1 best=0.0
[ 76269.8] c60320 hd=318 v=0.80 pose=(9.3,-3.7) th=336 front=1.26 BEND d8=tick=395972 goal=0 lap=1 last=7043.1 best=0.0
[ 76269.8] c60400 hd=314 v=0.80 pose=(9.4,-3.7) th=335 front=1.26 BEND d8=tick=395972 goal=0 lap=1 last=7043.1 best=0.0
[ 76269.8] c60480 hd=316 v=0.82 pose=(9.4,-3.7) th=335 front=1.24 BEND d8=tick=395972 goal=0 lap=1 last=7043.1 best=0.0
[ 76269.9] c60560 hd=318 v=0.79 pose=(9.4,-3.8) th=337 front=1.37 BEND d8=tick=395972 goal=0 lap=1 last=7043.1 best=0.0
[ 76269.9] c60640 hd=322 v=0.76 pose=(9.5,-3.8) th=337 front=1.41 FWD d8=tick=395972 goal=0 lap=1 last=7043.1 best=0.0
[ 76269.9] c60720 hd=319 v=0.77 pose=(9.5,-3.8) th=337 front=1.41 FAST d8=tick=395989 goal=0 lap=1 last=7043.1 best=0.0
[ 76270.0] c60800 hd=323 v=0.77 pose=(9.5,-3.8) th=338 front=1.48 FAST d8=tick=395989 goal=0 lap=1 last=7043.1 best=0.0
[ 76270.0] c60880 hd=323 v=0.77 pose=(9.5,-3.8) th=338 front=1.48 FAST d8=tick=395989 goal=0 lap=1 last=7043.1 best=0.0
[ 76270.0] c60960 hd=323 v=0.77 pose=(9.5,-3.8) th=338 front=1.48 FAST d8=tick=395999 goal=0 lap=1 last=7043.1 best=0.0
[ 76270.0] c61040 hd=320 v=0.78 pose=(9.6,-3.8) th=338 front=1.49 FAST d8=tick=396001 goal=0 lap=1 last=7043.1 best=0.0
[ 76270.1] c61120 hd=320 v=0.78 pose=(9.6,-3.8) th=338 front=1.49 FAST d8=tick=396001 goal=0 lap=1 last=7043.1 best=0.0
[ 76270.1] c61200 hd=324 v=0.78 pose=(9.6,-3.8) th=338 front=1.50 FAST d8=tick=396004 goal=0 lap=1 last=7043.1 best=0.0
[ 76270.1] c61280 hd=325 v=0.80 pose=(9.6,-3.8) th=338 front=1.52 FAST d8=tick=396004 goal=0 lap=1 last=7043.1 best=0.0
[ 76270.1] c61360 hd=325 v=0.80 pose=(9.6,-3.8) th=338 front=1.52 FAST d8=tick=396004 goal=0 lap=1 last=7043.1 best=0.0
[ 76270.1] c61440 hd=325 v=0.80 pose=(9.6,-3.8) th=338 front=1.52 FAST d8=tick=396004 goal=0 lap=1 last=7043.1 best=0.0
[ 76270.1] c61520 hd=325 v=0.80 pose=(9.6,-3.8) th=338 front=1.52 FAST d8=tick=396004 goal=0 lap=1 last=7043.1 best=0.0
[ 76294.9] v8 start
[ 76314.1] c400 hd=86 v=0.43 pose=(10.0,-1.3) th=46 front=0.63 BEND d8=tick=400398 goal=0 lap=1 last=7043.1 best=0.0
[ 76333.2] c800 hd=55 v=0.50 pose=(15.4,5.4) th=29 front=0.88 BEND d8=tick=402315 goal=0 lap=1 last=7043.1 best=0.0
[ 76352.3] c1200 hd=68 v=0.49 pose=(24.1,8.6) th=35 front=0.92 FWD d8=tick=404226 goal=0 lap=1 last=7043.1 best=0.0
[ 76371.5] c1600 hd=68 v=0.43 pose=(31.5,12.4) th=35 front=0.77 BEND d8=tick=406146 goal=0 lap=1 last=7043.1 best=0.0
[ 76390.6] c2000 hd=331 v=0.49 pose=(40.5,12.7) th=342 front=0.65 BEND d8=tick=408052 goal=0 lap=1 last=7043.1 best=0.0
[ 76409.8] c2400 hd=293 v=0.40 pose=(48.8,13.8) th=325 front=0.85 BEND d8=tick=409966 goal=0 lap=1 last=7043.1 best=0.0
[ 76428.9] c2800 hd=27 v=0.37 pose=(56.7,13.9) th=9 front=0.62 BEND d8=tick=411864 goal=0 lap=1 last=7043.1 best=0.0
[ 76448.0] c3200 hd=40 v=0.61 pose=(65.6,18.2) th=19 front=1.02 FWD d8=tick=413787 goal=0 lap=1 last=7043.1 best=0.0
[ 76467.3] c3600 hd=199 v=0.60 pose=(68.3,25.1) th=106 front=0.97 FWD d8=tick=415728 goal=0 lap=1 last=7043.1 best=0.0
[ 76486.7] c4000 hd=199 v=0.59 pose=(65.6,34.9) th=104 front=1.05 FWD d8=tick=417619 goal=0 lap=1 last=7043.1 best=0.0
[ 76505.9] c4400 hd=191 v=0.44 pose=(63.6,44.7) th=98 front=1.00 FWD d8=tick=419583 goal=0 lap=1 last=7043.1 best=0.0
[ 76525.0] c4800 hd=185 v=0.63 pose=(62.2,55.0) th=100 front=1.33 FWD d8=tick=421487 goal=0 lap=1 last=7043.1 best=0.0
[ 76544.4] c5200 hd=296 v=0.60 pose=(55.8,63.7) th=155 front=1.08 FWD d8=tick=423432 goal=0 lap=1 last=7043.1 best=0.0
[ 76563.5] c5600 hd=127 v=0.47 pose=(54.9,71.4) th=67 front=0.98 FWD d8=tick=425344 goal=0 lap=1 last=7043.1 best=0.0
[ 76582.8] c6000 hd=294 v=0.50 pose=(49.7,77.2) th=153 front=0.89 BEND d8=tick=427260 goal=0 lap=1 last=7043.1 best=0.0
[ 76601.9] c6400 hd=168 v=0.37 pose=(45.1,84.4) th=86 front=0.71 BEND d8=tick=429155 goal=0 lap=1 last=7043.1 best=0.0
[ 76621.2] c6800 hd=124 v=0.47 pose=(47.4,92.6) th=62 front=0.93 FWD d8=tick=431097 goal=0 lap=1 last=7043.1 best=0.0
[ 76640.2] c7200 hd=201 v=0.59 pose=(47.2,102.2) th=101 front=1.16 FWD d8=tick=432973 goal=0 lap=1 last=7043.1 best=0.0
[ 76656.7] LAPBOOK CHANGE lap 1->2 goal 0->0 last=1649.9 best=1649.9 tick=434665 pose=(41.45,107.65) th=161.4 hd=322 v=0.55
[ 76659.4] c7600 hd=308 v=0.57 pose=(40.0,108.2) th=154 front=0.91 FWD d8=tick=434938 goal=0 lap=2 last=1649.9 best=1649.9
[ 76678.6] c8000 hd=322 v=0.80 pose=(27.2,112.9) th=157 front=1.62 FAST d8=tick=436849 goal=0 lap=2 last=1649.9 best=1649.9
[ 76697.9] c8400 hd=116 v=0.54 pose=(16.7,111.7) th=237 front=0.93 FWD d8=tick=438775 goal=0 lap=2 last=1649.9 best=1649.9
[ 76717.1] c8800 hd=18 v=0.44 pose=(8.5,106.9) th=192 front=0.73 BEND d8=tick=440685 goal=0 lap=2 last=1649.9 best=1649.9
[ 76736.7] c9200 hd=25 v=0.36 pose=(1.0,103.2) th=198 front=0.99 FWD d8=tick=442641 goal=0 lap=2 last=1649.9 best=1649.9
[ 76755.9] c9600 hd=9 v=0.44 pose=(-6.5,98.8) th=190 front=0.95 FWD d8=tick=444579 goal=0 lap=2 last=1649.9 best=1649.9
[ 76775.2] c10000 hd=38 v=0.44 pose=(-14.5,98.2) th=201 front=0.79 BEND d8=tick=446497 goal=0 lap=2 last=1649.9 best=1649.9
[ 76794.4] c10400 hd=15 v=0.38 pose=(-21.7,97.7) th=190 front=0.94 FWD d8=tick=448382 goal=0 lap=2 last=1649.9 best=1649.9
[ 76813.6] c10800 hd=51 v=0.49 pose=(-30.0,95.4) th=210 front=0.91 FWD d8=tick=450348 goal=0 lap=2 last=1649.9 best=1649.9
[ 76832.9] c11200 hd=170 v=0.43 pose=(-39.9,89.0) th=267 front=1.27 BEND d8=tick=452264 goal=0 lap=2 last=1649.9 best=1649.9
[ 76852.2] c11600 hd=200 v=0.61 pose=(-37.5,79.5) th=287 front=1.08 BEND d8=tick=454209 goal=0 lap=2 last=1649.9 best=1649.9
[ 76871.4] c12000 hd=202 v=0.51 pose=(-35.5,69.1) th=285 front=0.85 BEND d8=tick=456119 goal=0 lap=2 last=1649.9 best=1649.9
[ 76890.6] c12400 hd=186 v=0.58 pose=(-34.2,59.1) th=277 front=1.07 FWD d8=tick=458048 goal=0 lap=2 last=1649.9 best=1649.9
[ 76909.9] c12800 hd=290 v=0.56 pose=(-32.0,47.9) th=332 front=1.04 FWD d8=tick=459980 goal=0 lap=2 last=1649.9 best=1649.9
[ 76929.1] c13200 hd=169 v=0.48 pose=(-25.4,42.3) th=260 front=1.28 FWD d8=tick=461904 goal=0 lap=2 last=1649.9 best=1649.9
[ 76948.3] c13600 hd=297 v=0.41 pose=(-27.4,34.7) th=321 front=1.07 BEND d8=tick=463813 goal=0 lap=2 last=1649.9 best=1649.9
[ 76967.6] c14000 hd=243 v=0.53 pose=(-20.7,28.5) th=300 front=0.80 BEND d8=tick=465748 goal=0 lap=2 last=1649.9 best=1649.9
[ 76986.8] c14400 hd=140 v=0.53 pose=(-20.7,20.3) th=248 front=0.97 FWD d8=tick=467676 goal=0 lap=2 last=1649.9 best=1649.9
[ 77006.4] c14800 hd=188 v=0.43 pose=(-24.0,12.5) th=274 front=0.86 BEND d8=tick=469618 goal=0 lap=2 last=1649.9 best=1649.9
[ 77025.5] c15200 hd=297 v=0.43 pose=(-21.8,2.6) th=329 front=0.61 BEND d8=tick=471543 goal=0 lap=2 last=1649.9 best=1649.9
[ 77035.3] LAPBOOK CHANGE lap 2->3 goal 0->0 last=757.4 best=757.4 tick=472527 pose=(-17.23,1.06) th=346.6 hd=336 v=0.56
