0.0 HB d0=0 d6=None d7=None 
0.0 NODE h=202.7 dirs={0: 0.18, 90: 2.19, 180: 0.29, 270: 0.27} l=0.36,0.41,0.35,0.27,0.24,0.26,0.14,0.18,0.21,0.28,0.42,2.19,0.89,0.41,0.32,0.29
2.0 HB d0=0 d6=0.151 d7=0 tick=98608 goal=0
4.0 HB d0=0 d6=0.147 d7=0 tick=98811 goal=0
6.0 HB d0=0 d6=0.145 d7=0 tick=99012 goal=0
8.0 HB d0=0 d6=0.152 d7=0 tick=99213 goal=0
8.1 STUCK@90 cnt=1 dist=1.87
9.4 STUCK@90 cnt=2 dist=1.74
10.2 HB d0=0 d6=0.152 d7=0 tick=99427 goal=0
10.7 STUCK@90 cnt=3 dist=1.61
12.0 STUCK@90 cnt=4 dist=1.49
12.0 CRAWL 90 res=stuck dist=0.84
12.0 NODE h=84.4 dirs={0: 0.28, 90: 2.09, 180: 0.19, 270: 0.44} l=2.09,0.77,0.27,0.22,0.19,0.17,0.35,0.48,0.44,0.38,0.40,0.30,0.28,0.32,0.37,0.69
12.2 HB d0=0 d6=0.147 d7=0 tick=99628 goal=0
13.4 STUCK@90 cnt=1 dist=0.52
14.2 HB d0=0 d6=0.147 d7=0 tick=99827 goal=0
14.7 STUCK@90 cnt=2 dist=0.40
16.0 STUCK@90 cnt=3 dist=0.27
16.8 HB d0=0 d6=0.147 d7=0 tick=100089 goal=0
17.3 STUCK@90 cnt=4 dist=0.14
17.3 CRAWL 90 res=stuck dist=-0.51
17.3 NODE h=88.3 dirs={0: 0.29, 90: 2.08, 180: 0.18, 270: 0.46} l=2.08,0.72,0.24,0.21,0.18,0.17,0.33,0.48,0.46,0.40,0.42,0.31,0.29,0.32,0.36,0.69
18.6 STUCK@90 cnt=1 dist=0.52
19.4 HB d0=0 d6=0.164 d7=0 tick=100350 goal=0
19.9 STUCK@90 cnt=2 dist=0.39
21.4 HB d0=0 d6=0.160 d7=0 tick=100549 goal=0
23.4 HB d0=0 d6=0.162 d7=0 tick=100751 goal=0
25.5 HB d0=0 d6=0.142 d7=0 tick=100955 goal=0
26.4 STUCK@90 cnt=3 dist=2.35
27.5 HB d0=0 d6=0.165 d7=0 tick=101155 goal=0
27.8 STUCK@90 cnt=4 dist=2.23
27.8 CRAWL 90 res=stuck dist=1.58
27.8 NODE h=87.9 dirs={0: 0.29, 90: 2.02, 180: 0.2, 270: 0.51} l=2.02,0.71,0.24,0.21,0.20,0.22,0.20,0.48,0.51,0.46,0.32,0.34,0.29,0.32,0.35,0.80
29.1 STUCK@90 cnt=1 dist=0.52
29.9 HB d0=0 d6=0.163 d7=0 tick=101394 goal=0
30.4 STUCK@90 cnt=2 dist=0.39
31.7 STUCK@90 cnt=3 dist=0.27
32.5 HB d0=0 d6=0.157 d7=0 tick=101655 goal=0
33.0 STUCK@90 cnt=4 dist=0.14
33.0 CRAWL 90 res=stuck dist=-0.51
33.0 NODE h=88.4 dirs={0: 0.3, 90: 2.02, 180: 0.18, 270: 0.54} l=2.02,0.68,0.24,0.22,0.18,0.21,0.21,0.49,0.54,0.46,0.33,0.33,0.30,0.30,0.35,0.81
34.5 HB d0=0 d6=0.171 d7=0 tick=101857 goal=0
36.5 HB d0=0 d6=0.178 d7=0 tick=102057 goal=0
37.0 CRAWL 270 res=wall dist=0.01
37.0 NODE h=273.6 dirs={0: 0.12, 90: 2.03, 180: 0.36, 270: 0.43} l=0.43,0.22,0.20,0.12,0.12,0.17,0.19,0.27,2.03,0.83,0.55,0.37,0.36,0.36,0.53,0.55
38.5 HB d0=0 d6=0.158 d7=0 tick=102257 goal=0
40.5 HB d0=0 d6=0.153 d7=0 tick=102461 goal=0
42.5 HB d0=0 d6=0.162 d7=0 tick=102660 goal=0
43.6 STUCK@90 cnt=1 dist=1.04
44.5 HB d0=0 d6=0.149 d7=0 tick=102862 goal=0
45.0 STUCK@90 cnt=2 dist=0.92
46.3 STUCK@90 cnt=3 dist=0.79
47.1 HB d0=0 d6=0.134 d7=0 tick=103116 goal=0
49.1 HB d0=0 d6=0.161 d7=0 tick=103315 goal=0
51.1 HB d0=0 d6=0.165 d7=0 tick=103516 goal=0
51.5 STUCK@90 cnt=4 dist=2.24
51.5 CRAWL 90 res=stuck dist=1.59
51.5 NODE h=88.4 dirs={0: 0.29, 90: 1.96, 180: 0.19, 270: 0.58} l=1.96,0.68,0.37,0.20,0.19,0.21,0.22,0.48,0.58,0.51,0.39,0.29,0.29,0.31,0.35,0.76
52.8 STUCK@90 cnt=1 dist=0.52
53.6 HB d0=0 d6=0.157 d7=0 tick=103771 goal=0
54.1 STUCK@90 cnt=2 dist=0.39
55.4 STUCK@90 cnt=3 dist=0.27
56.2 HB d0=0 d6=0.155 d7=0 tick=104032 goal=0
56.7 STUCK@90 cnt=4 dist=0.14
56.7 CRAWL 90 res=stuck dist=-0.51
56.7 NODE h=91.0 dirs={0: 0.3, 90: 1.95, 180: 0.19, 270: 0.6} l=1.95,0.70,0.38,0.19,0.19,0.24,0.25,0.51,0.60,0.52,0.38,0.31,0.30,0.31,0.34,0.77
58.2 HB d0=0 d6=0.177 d7=0 tick=104232 goal=0
60.3 HB d0=0 d6=0.152 d7=0 tick=104435 goal=0
62.3 HB d0=0 d6=0.148 d7=0 tick=104633 goal=0
64.3 HB d0=0 d6=0.160 d7=0 tick=104836 goal=0
64.7 STUCK@270 cnt=1 dist=0.59
66.3 HB d0=0 d6=0.152 d7=0 tick=105037 goal=0
68.3 HB d0=0 d6=0.155 d7=0 tick=105235 goal=0
70.1 STUCK@270 cnt=2 dist=0.75
70.9 HB d0=0 d6=0.154 d7=0 tick=105502 goal=0
73.0 HB d0=0 d6=0.152 d7=0 tick=105705 goal=0
75.0 HB d0=0 d6=0.151 d7=0 tick=105906 goal=0
75.7 STUCK@270 cnt=3 dist=0.93
77.0 HB d0=0 d6=0.153 d7=0 tick=106106 goal=0
79.0 HB d0=0 d6=0.134 d7=0 tick=106308 goal=0
79.6 STUCK@270 cnt=4 dist=0.88
79.6 CRAWL 270 res=stuck dist=0.23
79.6 NODE h=262.7 dirs={0: 0.14, 90: 1.01, 180: 0.33, 270: 0.55} l=0.55,0.49,0.26,0.15,0.14,0.15,0.16,0.20,0.80,1.68,0.73,0.47,0.33,0.36,0.36,0.65
81.0 HB d0=0 d6=0.147 d7=0 tick=106506 goal=0
83.0 HB d0=0 d6=0.131 d7=0 tick=106708 goal=0
