0.0 HB d0=0 d6=None tick=141121 goal=0
2.0 HB d0=0 d6=0.212 tick=141324 goal=0
3.7 BLOCK f=0.23 new=268
4.0 HB d0=0 d6=0.208 tick=141522 goal=0
6.0 HB d0=0 d6=0.221 tick=141723 goal=0
8.1 HB d0=0 d6=0.201 tick=141925 goal=0
10.1 HB d0=0 d6=0.203 tick=142129 goal=0
12.1 HB d0=0 d6=0.198 tick=142334 goal=0
14.2 HB d0=0 d6=0.182 tick=142536 goal=0
16.2 HB d0=0 d6=0.190 tick=142737 goal=0
16.6 STUCK cnt=1 tgt=268 h=270.8 l=0.94,0.64,0.23,0.22,0.21,0.22,0.25,0.46,1.63,0.88,0.46,0.37,0.31,0.36,0.33,0.59
17.7 RETGT 88
18.2 HB d0=0 d6=0.183 tick=142939 goal=0
20.2 HB d0=0 d6=0.169 tick=143140 goal=0
22.2 HB d0=0 d6=0.177 tick=143341 goal=0
24.3 HB d0=0 d6=0.169 tick=143546 goal=0
26.3 STUCK cnt=1 tgt=88 h=84.1 l=1.59,0.76,0.29,0.22,0.17,0.18,0.25,0.26,0.62,0.96,0.58,0.38,0.35,0.35,0.48,0.58
27.0 HB d0=0 d6=0.170 tick=143814 goal=0
29.0 HB d0=0 d6=0.171 tick=144015 goal=0
30.2 RETGT 314
31.0 HB d0=0 d6=0.178 tick=144216 goal=0
33.0 HB d0=0 d6=0.176 tick=144402 goal=0
33.0 BLOCK f=0.24 new=222
35.0 HB d0=0 d6=0.168 tick=144617 goal=0
37.0 HB d0=0 d6=0.162 tick=144818 goal=0
38.4 STUCK cnt=1 tgt=222 h=220.6 l=0.29,0.56,0.93,0.64,0.31,0.21,0.23,0.24,0.31,0.50,1.66,0.87,0.44,0.33,0.29,0.32
39.1 HB d0=0 d6=0.150 tick=145026 goal=0
39.5 RETGT 129
41.1 HB d0=0 d6=0.141 tick=145229 goal=0
42.0 BLOCK f=0.20 new=43
43.1 HB d0=0 d6=0.146 tick=145429 goal=0
45.1 HB d0=0 d6=0.164 tick=145619 goal=0
47.1 HB d0=0 d6=0.160 tick=145829 goal=0
49.1 HB d0=0 d6=0.170 tick=146029 goal=0
50.9 STUCK cnt=1 tgt=43 h=41.1 l=0.42,0.58,1.50,0.71,0.30,0.27,0.24,0.22,0.31,0.35,1.05,0.82,0.40,0.36,0.29,0.33
51.6 HB d0=0 d6=0.157 tick=146279 goal=0
52.0 RETGT 313
53.6 HB d0=0 d6=0.173 tick=146481 goal=0
54.8 BLOCK f=0.23 new=131
55.6 HB d0=0 d6=0.172 tick=146681 goal=0
57.6 HB d0=0 d6=0.160 tick=146883 goal=0
59.6 HB d0=0 d6=0.162 tick=147082 goal=0
61.5 STUCK cnt=1 tgt=131 h=118.6 l=0.36,0.27,0.19,0.21,0.28,0.24,0.57,0.93,0.59,0.34,0.34,0.36,0.40,0.52,1.63,0.86
62.2 HB d0=0 d6=0.153 tick=147339 goal=0
64.2 HB d0=0 d6=0.174 tick=147541 goal=0
0.0 HB d0=None d6=None None
0.3 BLOCK f=0.17 h=142 new=75 l=0.21,0.18,0.17,0.16,0.29,0.35,1.06,0.70,0.42,0.38,0.36,0.47,0.53,1.54,0.75,0.27
2.0 HB d0=0 d6=0.196 tick=155206 goal=0
4.0 HB d0=0 d6=0.187 tick=155410 goal=0
6.0 HB d0=0 d6=0.190 tick=155607 goal=0
8.0 HB d0=0 d6=0.189 tick=155808 goal=0
8.3 STUCK cnt=1 tgt=75 h=70.5
10.0 HB d0=0 d6=0.206 tick=156010 goal=0
12.0 HB d0=0 d6=0.202 tick=156212 goal=0
14.1 HB d0=0 d6=0.199 tick=156411 goal=0
16.1 HB d0=0 d6=0.207 tick=156611 goal=0
17.8 BLOCK f=0.30 h=282 new=237 l=0.83,0.32,0.22,0.19,0.21,0.26,0.30,0.54,1.45,0.67,0.39,0.37,0.35,0.45,0.45,1.13
18.1 HB d0=0 d6=0.215 tick=156814 goal=0
20.1 HB d0=0 d6=0.203 tick=157012 goal=0
21.6 STUCK cnt=1 tgt=237 h=235.7
22.1 HB d0=0 d6=0.206 tick=157216 goal=0
24.1 HB d0=0 d6=0.202 tick=157415 goal=0
26.1 HB d0=0 d6=0.206 tick=157617 goal=0
28.1 HB d0=0 d6=0.193 tick=157815 goal=0
29.9 STUCK cnt=1 tgt=274 h=275.0
30.4 HB d0=0 d6=0.189 tick=158045 goal=0
32.4 HB d0=0 d6=0.175 tick=158245 goal=0
33.2 BLOCK f=0.27 h=116 new=26 l=0.36,0.29,0.18,0.18,0.24,0.23,0.43,0.95,0.72,0.46,0.33,0.36,0.36,0.52,0.76,1.66
34.4 HB d0=0 d6=0.192 tick=158445 goal=0
35.5 BLOCK f=0.28 h=28 new=320 l=0.38,0.44,0.97,1.18,0.45,0.28,0.26,0.25,0.26,0.34,0.67,0.99,0.61,0.35,0.33,0.32
36.4 HB d0=0 d6=0.201 tick=158646 goal=0
37.3 BLOCK f=0.22 h=322 new=142 l=0.28,0.24,0.21,0.29,0.37,0.64,1.53,0.59,0.36,0.35,0.28,0.41,0.40,1.03,1.00,0.32
38.4 HB d0=0 d6=0.182 tick=158847 goal=0
40.4 HB d0=0 d6=0.181 tick=159047 goal=0
40.4 BLOCK f=0.22 h=147 new=79 l=0.25,0.21,0.27,0.25,0.37,0.90,0.85,0.52,0.32,0.31,0.33,0.39,0.55,1.66,0.84,0.36
42.4 HB d0=0 d6=0.195 tick=159247 goal=0
44.4 HB d0=0 d6=0.189 tick=159447 goal=0
44.6 STUCK cnt=1 tgt=79 h=77.7
46.4 HB d0=0 d6=0.192 tick=159645 goal=0
48.4 HB d0=0 d6=0.198 tick=159845 goal=0
50.4 HB d0=0 d6=0.182 tick=160045 goal=0
52.5 HB d0=0 d6=0.209 tick=160255 goal=0
52.6 BLOCK f=0.30 h=52 new=322 l=0.32,0.84,1.43,0.60,0.30,0.28,0.30,0.30,0.45,0.80,1.08,0.40,0.31,0.28,0.27,0.32
54.5 HB d0=0 d6=0.220 tick=160459 goal=0
54.6 BLOCK f=0.16 h=327 new=237 l=0.16,0.18,0.20,0.20,0.24,0.48,1.43,0.66,0.42,0.38,0.39,0.49,0.63,1.20,0.46,0.29
56.5 HB d0=0 d6=0.204 tick=160657 goal=0
58.5 HB d0=0 d6=0.218 tick=160859 goal=0
60.5 HB d0=0 d6=0.200 tick=161058 goal=0
62.5 HB d0=0 d6=0.186 tick=161259 goal=0
64.5 HB d0=0 d6=0.189 tick=161460 goal=0
65.2 BLOCK f=0.30 h=240 new=262 l=0.52,0.94,0.86,0.40,0.21,0.21,0.24,0.25,0.45,0.76,1.31,0.47,0.39,0.28,0.35,0.30
66.5 HB d0=0 d6=0.185 tick=161658 goal=0
68.5 HB d0=0 d6=0.210 tick=161860 goal=0
70.1 STUCK cnt=1 tgt=262 h=262.6
70.6 HB d0=0 d6=0.194 tick=162065 goal=0
72.6 HB d0=0 d6=0.183 tick=162268 goal=0
73.3 BLOCK f=0.18 h=122 new=32 l=0.35,0.19,0.18,0.21,0.17,0.17,0.49,0.84,0.66,0.41,0.35,0.35,0.43,0.60,1.71,0.86
74.6 HB d0=0 d6=0.179 tick=162469 goal=0
76.6 HB d0=0 d6=0.190 tick=162669 goal=0
77.4 BLOCK f=0.30 h=29 new=74 l=0.42,0.49,1.58,0.77,0.33,0.27,0.23,0.21,0.31,0.29,1.00,0.93,0.54,0.32,0.33,0.30
78.6 HB d0=0 d6=0.189 tick=162870 goal=0
80.6 HB d0=0 d6=0.196 tick=163070 goal=0
82.6 STUCK cnt=1 tgt=74 h=75.4
83.1 HB d0=0 d6=0.201 tick=163307 goal=0
85.1 HB d0=0 d6=0.198 tick=163513 goal=0
85.6 BLOCK f=0.22 h=311 new=221 l=0.25,0.23,0.19,0.21,0.32,0.42,1.49,0.76,0.42,0.38,0.34,0.38,0.41,0.71,0.99,0.54
87.1 HB d0=0 d6=0.202 tick=163712 goal=0
89.1 HB d0=0 d6=0.195 tick=163913 goal=0
89.8 BLOCK f=0.30 h=224 new=111 l=0.30,0.56,0.90,0.63,0.30,0.20,0.23,0.25,0.31,0.51,1.65,0.87,0.46,0.33,0.30,0.31
91.1 HB d0=0 d6=0.180 tick=164114 goal=0
92.0 BLOCK f=0.24 h=117 new=27 l=0.39,0.24,0.16,0.20,0.21,0.20,0.52,0.94,0.69,0.45,0.33,0.37,0.40,0.54,1.08,1.31
93.1 HB d0=0 d6=0.194 tick=164312 goal=0
95.0 BLOCK f=0.30 h=31 new=301 l=0.38,0.47,1.01,1.20,0.38,0.29,0.23,0.21,0.28,0.33,0.65,0.97,0.59,0.34,0.32,0.31
95.1 HB d0=0 d6=0.170 tick=164513 goal=0
97.0 BLOCK f=0.23 h=311 new=109 l=0.26,0.25,0.21,0.20,0.29,0.40,1.55,1.20,0.51,0.38,0.32,0.32,0.37,0.60,1.03,0.72
97.1 HB d0=0 d6=0.192 tick=164714 goal=0
99.1 HB d0=0 d6=0.194 tick=164914 goal=0
100.5 BLOCK f=0.30 h=103 new=283 l=0.76,0.31,0.22,0.17,0.19,0.24,0.24,0.94,0.90,0.56,0.35,0.33,0.36,0.47,0.62,1.60
101.1 HB d0=0 d6=0.193 tick=165113 goal=0
103.1 HB d0=0 d6=0.189 tick=165316 goal=0
103.7 BLOCK f=0.26 h=286 new=263 l=0.55,0.25,0.23,0.21,0.19,0.29,0.39,1.59,0.84,0.47,0.40,0.33,0.38,0.34,0.63,0.99
105.1 HB d0=0 d6=0.196 tick=165516 goal=0
107.0 STUCK cnt=1 tgt=263 h=266.5
107.5 HB d0=0 d6=0.173 tick=165751 goal=0
109.5 HB d0=0 d6=0.178 tick=165962 goal=0
110.4 BLOCK f=0.25 h=120 new=30 l=0.36,0.23,0.19,0.20,0.22,0.20,0.52,0.88,0.66,0.40,0.33,0.36,0.40,0.55,1.68,0.89
111.6 HB d0=0 d6=0.194 tick=166154 goal=0
112.8 BLOCK f=0.29 h=35 new=80 l=0.42,0.51,1.53,0.76,0.32,0.29,0.23,0.19,0.31,0.30,1.01,0.93,0.56,0.35,0.34,0.31
113.6 HB d0=0 d6=0.185 tick=166364 goal=0
115.6 HB d0=0 d6=0.189 tick=166564 goal=0
117.6 HB d0=0 d6=0.191 tick=166765 goal=0
118.0 STUCK cnt=1 tgt=80 h=79.2
119.6 HB d0=0 d6=0.196 tick=166967 goal=0
121.6 HB d0=0 d6=0.208 tick=167167 goal=0
123.6 HB d0=0 d6=0.201 tick=167368 goal=0
124.5 BLOCK f=0.29 h=46 new=316 l=0.36,0.54,1.45,0.66,0.34,0.28,0.29,0.27,0.41,0.71,1.10,0.61,0.35,0.29,0.25,0.32
125.6 HB d0=0 d6=0.204 tick=167568 goal=0
126.3 BLOCK f=0.16 h=324 new=212 l=0.18,0.15,0.16,0.21,0.29,0.51,1.47,0.70,0.42,0.39,0.39,0.49,0.54,1.13,0.82,0.29
127.6 HB d0=0 d6=0.199 tick=167770 goal=0
129.6 HB d0=0 d6=0.198 tick=167970 goal=0
131.6 HB d0=0 d6=0.192 tick=168168 goal=0
133.7 HB d0=0 d6=0.193 tick=168379 goal=0
133.8 BLOCK f=0.29 h=213 new=123 l=0.29,0.47,0.96,0.88,0.41,0.25,0.24,0.25,0.27,0.46,1.07,1.25,0.46,0.39,0.30,0.32
135.7 HB d0=0 d6=0.179 tick=168577 goal=0
136.2 BLOCK f=0.24 h=124 new=34 l=0.33,0.26,0.15,0.19,0.25,0.27,0.60,0.89,0.58,0.35,0.35,0.34,0.46,0.55,1.62,0.78
137.7 HB d0=0 d6=0.189 tick=168779 goal=0
139.7 HB d0=0 d6=0.182 tick=168979 goal=0
141.7 HB d0=0 d6=0.198 tick=169180 goal=0
141.8 BLOCK f=0.30 h=37 new=262 l=0.34,0.49,1.45,0.67,0.39,0.29,0.27,0.28,0.37,0.41,1.10,0.83,0.37,0.31,0.29,0.30
143.7 HB d0=0 d6=0.202 tick=169382 goal=0
144.5 BLOCK f=0.28 h=266 new=176 l=1.02,0.31,0.20,0.17,0.14,0.14,0.20,0.31,1.53,1.03,0.59,0.42,0.40,0.42,0.45,0.72
145.8 HB d0=0 d6=0.187 tick=169583 goal=0
146.6 BLOCK f=0.29 h=179 new=111 l=0.28,0.37,0.35,0.64,0.91,0.52,0.24,0.22,0.22,0.22,0.36,0.48,1.56,0.79,0.41,0.37
147.8 HB d0=0 d6=0.174 tick=169777 goal=0
149.0 BLOCK f=0.29 h=113 new=91 l=0.67,0.32,0.28,0.22,0.26,0.32,0.50,1.03,0.77,0.38,0.32,0.29,0.32,0.42,0.62,1.53
149.8 HB d0=0 d6=0.166 tick=169983 goal=0
151.8 HB d0=0 d6=0.161 tick=170186 goal=0
152.4 STUCK cnt=1 tgt=91 h=97.6
153.8 HB d0=0 d6=0.189 tick=170388 goal=0
155.8 HB d0=0 d6=0.178 tick=170586 goal=0
156.1 BLOCK f=0.24 h=291 new=246 l=0.37,0.24,0.19,0.14,0.16,0.23,0.29,0.62,1.16,0.63,0.40,0.40,0.36,0.48,0.76,1.11
157.8 HB d0=0 d6=0.183 tick=170788 goal=0
159.8 HB d0=0 d6=0.177 tick=170983 goal=0
