0.0 fwd h=66.5 l=1.00,2.23,0.33,0.24,0.14,0.11,0.22,0.26,0.34,0.36,0.34,0.38,0.31,0.35,0.35,0.46 d0=0 d6=0.112 d7=0 None
2.0 fwd h=54.9 l=0.56,1.32,0.90,0.28,0.20,0.14,0.14,0.28,0.29,0.38,0.38,0.34,0.38,0.31,0.30,0.40 d0=0 d6=0.127 d7=0 tick=90126 goal=0
4.0 fwd h=53.5 l=0.44,1.06,1.38,0.30,0.22,0.18,0.16,0.24,0.31,0.36,0.39,0.33,0.38,0.29,0.29,0.37 d0=0 d6=0.120 d7=0 tick=90329 goal=0
6.1 fwd h=48.1 l=0.41,0.98,2.16,0.34,0.24,0.22,0.13,0.20,0.32,0.39,0.41,0.32,0.39,0.30,0.28,0.35 d0=0 d6=0.121 d7=0 tick=90528 goal=0
8.1 fwd h=46.6 l=0.38,0.94,2.19,0.56,0.25,0.21,0.17,0.17,0.33,0.40,0.41,0.36,0.37,0.30,0.27,0.34 d0=0 d6=0.116 d7=0 tick=90732 goal=0
8.5 STUCK d=0.037 cnt=1
10.1 recover h=102.1 l=0.94,0.31,0.23,0.14,0.19,0.25,0.35,0.33,0.32,0.32,0.35,0.29,0.33,0.39,0.50,1.35 d0=0 d6=0.118 d7=0 tick=90932 goal=0
12.1 turnleft h=214.0 l=0.35,0.35,0.30,0.22,0.21,0.22,0.14,0.16,0.22,0.34,0.77,1.96,0.52,0.38,0.25,0.36 d0=0 d6=0.106 d7=0 tick=91136 goal=0
14.1 fwd h=219.0 l=0.36,0.33,0.28,0.21,0.25,0.22,0.13,0.22,0.22,0.39,1.13,1.46,0.47,0.34,0.26,0.36 d0=0 d6=0.131 d7=0 tick=91336 goal=0
15.8 STUCK d=0.033 cnt=2
16.1 recover h=228.0 l=0.38,0.33,0.24,0.21,0.25,0.17,0.16,0.23,0.26,0.43,2.22,0.89,0.41,0.27,0.29,0.35 d0=0 d6=0.116 d7=0 tick=91537 goal=0
18.1 turnleft h=308.3 l=0.28,0.18,0.22,0.16,0.23,0.35,1.24,1.32,0.46,0.34,0.28,0.28,0.41,0.43,0.38,0.33 d0=0 d6=0.127 d7=0 tick=91738 goal=0
20.1 fwd h=50.7 l=0.42,0.96,2.19,0.56,0.23,0.22,0.15,0.17,0.30,0.41,0.41,0.35,0.38,0.28,0.31,0.32 d0=0 d6=0.122 d7=0 tick=91938 goal=0
21.0 STUCK d=0.023 cnt=3
22.2 recover h=87.0 l=2.21,0.84,0.25,0.20,0.12,0.16,0.26,0.35,0.35,0.34,0.33,0.36,0.30,0.30,0.44,0.69 d0=0 d6=0.126 d7=0 tick=92138 goal=0
24.2 turnleft h=180.8 l=0.28,0.29,0.34,0.30,0.25,0.22,0.25,0.26,0.18,0.29,0.36,0.74,2.33,0.71,0.35,0.23 d0=0 d6=0.127 d7=0 tick=92341 goal=0
26.0 STUCK d=0.023 cnt=4
26.2 recover h=219.3 l=0.42,0.32,0.26,0.20,0.24,0.19,0.15,0.22,0.23,0.42,2.28,1.00,0.42,0.31,0.26,0.33 d0=0 d6=0.121 d7=0 tick=92542 goal=0
28.2 turnleft h=301.0 l=0.30,0.16,0.21,0.16,0.21,0.32,0.74,1.88,0.65,0.38,0.33,0.27,0.42,0.45,0.41,0.29 d0=0 d6=0.132 d7=0 tick=92743 goal=0
30.2 fwd h=48.4 l=0.41,0.96,2.21,0.34,0.23,0.21,0.16,0.13,0.31,0.39,0.41,0.37,0.38,0.29,0.29,0.33 d0=0 d6=0.127 d7=0 tick=92940 goal=0
32.2 fwd h=41.9 l=0.38,0.89,2.17,0.56,0.27,0.22,0.19,0.17,0.32,0.42,0.40,0.37,0.39,0.32,0.29,0.32 d0=0 d6=0.117 d7=0 tick=93147 goal=0
34.2 fwd h=47.3 l=0.37,0.69,2.13,0.60,0.28,0.24,0.19,0.17,0.34,0.43,0.43,0.35,0.38,0.30,0.28,0.31 d0=0 d6=0.129 d7=0 tick=93349 goal=0
36.2 fwd h=46.5 l=0.38,0.69,2.11,0.76,0.30,0.24,0.19,0.18,0.35,0.45,0.44,0.37,0.39,0.27,0.28,0.31 d0=0 d6=0.123 d7=0 tick=93550 goal=0
37.3 STUCK d=0.030 cnt=5
38.3 recover h=17.0 l=0.23,0.31,0.36,1.03,1.31,0.55,0.30,0.26,0.23,0.36,0.46,0.45,0.37,0.40,0.24,0.28 d0=0 d6=0.125 d7=0 tick=93750 goal=0
40.3 turnleft h=45.6 l=0.37,0.88,2.17,0.56,0.29,0.25,0.18,0.18,0.36,0.43,0.42,0.36,0.37,0.27,0.26,0.30 d0=0 d6=0.128 d7=0 tick=93951 goal=0
42.3 fwd h=52.1 l=0.40,1.02,1.37,0.32,0.25,0.21,0.19,0.27,0.35,0.42,0.40,0.37,0.26,0.31,0.26,0.34 d0=0 d6=0.127 d7=0 tick=94154 goal=0
44.3 fwd h=58.7 l=0.60,2.15,0.87,0.29,0.25,0.21,0.18,0.35,0.48,0.43,0.37,0.41,0.26,0.29,0.29,0.36 d0=0 d6=0.131 d7=0 tick=94356 goal=0
45.1 STUCK d=0.047 cnt=6
46.3 recover h=102.9 l=1.40,0.35,0.25,0.16,0.14,0.30,0.34,0.37,0.36,0.32,0.32,0.27,0.30,0.34,0.43,1.07 d0=0 d6=0.114 d7=0 tick=94553 goal=0
48.3 turnleft h=200.5 l=0.37,0.41,0.35,0.27,0.24,0.22,0.12,0.15,0.20,0.22,0.40,2.25,0.96,0.43,0.36,0.29 d0=0 d6=0.127 d7=0 tick=94757 goal=0
50.3 fwd h=198.6 l=0.36,0.41,0.34,0.27,0.23,0.23,0.14,0.15,0.20,0.22,0.41,2.25,0.97,0.42,0.32,0.29 d0=0 d6=0.131 d7=0 tick=94957 goal=0
50.9 STUCK d=0.036 cnt=7
52.3 recover h=251.5 l=0.37,0.27,0.27,0.14,0.14,0.15,0.14,0.22,0.37,2.20,0.90,0.43,0.38,0.31,0.41,0.45 d0=0 d6=0.136 d7=0 tick=95158 goal=0
54.4 turnleft h=270.3 l=0.29,0.29,0.13,0.15,0.16,0.14,0.18,0.31,2.18,0.98,0.43,0.37,0.31,0.44,0.53,0.41 d0=0 d6=0.144 d7=0 tick=95361 goal=0
56.4 turnleft h=22.5 l=0.28,0.33,0.67,2.10,0.77,0.29,0.25,0.23,0.22,0.39,0.46,0.43,0.38,0.28,0.28,0.24 d0=0 d6=0.122 d7=0 tick=95561 goal=0
58.4 fwd h=53.4 l=0.43,1.20,1.32,0.31,0.24,0.21,0.17,0.31,0.37,0.43,0.40,0.40,0.27,0.31,0.26,0.35 d0=0 d6=0.141 d7=0 tick=95764 goal=0
59.3 STUCK d=0.022 cnt=8
60.4 recover h=91.9 l=2.20,0.34,0.25,0.20,0.16,0.28,0.31,0.36,0.38,0.31,0.38,0.25,0.32,0.32,0.41,0.99 d0=0 d6=0.148 d7=0 tick=95963 goal=0
62.4 turnleft h=198.8 l=0.37,0.34,0.34,0.30,0.23,0.27,0.21,0.16,0.22,0.23,0.38,1.09,1.46,0.45,0.34,0.24 d0=0 d6=0.129 d7=0 tick=96166 goal=0
64.4 fwd h=201.7 l=0.35,0.43,0.35,0.28,0.25,0.25,0.15,0.16,0.24,0.25,0.43,2.23,0.93,0.42,0.30,0.28 d0=0 d6=0.133 d7=0 tick=96367 goal=0
66.3 STUCK d=0.032 cnt=9
66.4 recover h=207.7 l=0.35,0.38,0.34,0.26,0.24,0.25,0.15,0.20,0.23,0.28,0.47,2.27,0.72,0.36,0.24,0.30 d0=0 d6=0.147 d7=0 tick=96568 goal=0
68.4 fwd h=279.8 l=0.31,0.26,0.14,0.17,0.15,0.15,0.27,0.67,1.88,0.67,0.40,0.35,0.29,0.43,0.45,0.40 d0=0 d6=0.148 d7=0 tick=96769 goal=0
70.5 turnleft h=276.6 l=0.28,0.28,0.13,0.18,0.15,0.16,0.29,0.69,1.90,0.69,0.41,0.35,0.27,0.42,0.43,0.38 d0=0 d6=0.126 d7=0 tick=96971 goal=0
72.5 turnleft h=36.4 l=0.32,0.42,1.18,1.32,0.32,0.23,0.23,0.17,0.30,0.37,0.43,0.39,0.41,0.27,0.30,0.26 d0=0 d6=0.144 d7=0 tick=97172 goal=0
74.5 fwd h=45.2 l=0.39,0.91,2.16,0.56,0.28,0.22,0.19,0.17,0.35,0.41,0.44,0.37,0.37,0.29,0.25,0.32 d0=0 d6=0.121 d7=0 tick=97373 goal=0
76.5 fwd h=47.9 l=0.37,0.94,2.17,0.54,0.27,0.24,0.19,0.20,0.36,0.43,0.43,0.38,0.32,0.31,0.28,0.33 d0=0 d6=0.137 d7=0 tick=97574 goal=0
78.5 fwd h=54.1 l=0.43,1.15,1.32,0.31,0.24,0.23,0.18,0.26,0.35,0.43,0.39,0.41,0.27,0.32,0.26,0.33 d0=0 d6=0.137 d7=0 tick=97774 goal=0
80.0 STUCK d=0.042 cnt=10
80.5 recover h=73.0 l=0.96,1.83,0.55,0.25,0.21,0.17,0.20,0.36,0.41,0.40,0.37,0.36,0.31,0.27,0.33,0.39 d0=0 d6=0.127 d7=0 tick=97977 goal=0
82.5 turnleft h=154.4 l=0.26,0.19,0.33,0.32,0.34,0.34,0.29,0.33,0.23,0.24,0.27,0.36,0.49,2.23,0.88,0.34 d0=0 d6=0.137 d7=0 tick=98178 goal=0
84.5 fwd h=203.8 l=0.37,0.41,0.35,0.26,0.24,0.24,0.14,0.18,0.20,0.28,0.42,2.22,0.88,0.42,0.32,0.28 d0=0 d6=0.138 d7=0 tick=98375 goal=0
