1787981398.4 START explore
1787981398.4 POS 0.0 0.0 h 80.4 d5 0.165 st tick=28415 goal=0 here=0 l 1.63,0.85,0.41,0.34,0.28,0.35,0.32,0.58,0.96,0.67,0.27,0.24,0.24,0.25,0.32,0.47
1787981401.4 POS -0.04 -0.82 h 93.7 d5 0.178 st tick=28715 goal=0 here=0 l 1.24,0.45,0.38,0.28,0.24,0.30,0.43,0.67,1.28,0.55,0.34,0.32,0.23,0.24,0.31,1.24
1787981404.5 POS -0.05 -1.66 h 73.8 d5 0.170 st tick=29020 goal=0 here=0 l 0.78,0.79,0.43,0.29,0.18,0.24,0.35,0.47,1.10,1.02,0.37,0.19,0.19,0.23,0.28,0.88
1787981407.5 POS 0.16 -2.47 h 84.4 d5 0.181 st tick=29323 goal=0 here=0 l 0.34,0.38,0.52,0.41,0.34,0.36,0.44,0.86,2.17,0.38,0.91,1.58,0.59,0.65,0.49,0.37
1787981410.5 POS -0.03 -2.73 h 201.3 d5 0.187 st tick=29622 goal=0 here=0 l 0.21,0.35,0.50,2.33,0.60,1.07,1.94,0.78,0.52,3.00,0.26,0.21,0.28,0.31,0.27,0.26
1787981413.5 POS -0.17 -2.26 h 268.7 d5 0.169 st tick=29923 goal=0 here=0 l 2.07,1.01,0.41,0.34,0.82,0.80,0.68,0.54,0.49,0.49,0.17,0.19,0.17,0.17,0.23,0.30
1787981416.5 POS -0.08 -1.44 h 265.9 d5 0.159 st tick=30224 goal=0 here=0 l 1.69,0.85,0.40,0.28,0.19,0.21,0.35,1.02,0.85,0.56,0.35,0.21,0.28,0.25,0.34,0.58
1787981419.6 POS -0.21 -0.61 h 271.9 d5 0.142 st tick=30527 goal=0 here=0 l 1.27,0.81,0.47,0.36,0.40,0.35,0.43,1.40,1.34,0.48,0.25,0.16,0.16,0.22,0.27,0.51
1787981422.6 POS -0.03 -0.05 h 339.3 d5 0.144 st tick=30828 goal=0 here=0 l 0.25,0.27,0.26,0.42,0.63,1.61,0.67,0.39,0.30,0.23,0.33,0.31,0.61,0.93,0.54,0.28
1787981425.6 POS 0.13 -0.41 h 83.8 d5 0.154 st tick=31130 goal=0 here=0 l 1.42,0.93,0.54,0.36,0.36,0.38,0.49,0.77,1.14,0.38,0.28,0.19,0.18,0.22,0.23,0.30
1787981428.6 POS -0.1 -1.18 h 115.5 d5 0.160 st tick=31430 goal=0 here=0 l 0.50,0.30,0.29,0.25,0.25,0.31,0.77,1.54,0.70,0.45,0.27,0.24,0.23,0.36,1.06,1.03
1787981431.6 POS -0.15 -1.12 h 253.3 d5 0.174 st tick=31734 goal=0 here=0 l 0.78,1.46,0.66,0.45,0.27,0.26,0.27,0.48,1.07,1.07,0.29,0.32,0.24,0.24,0.24,0.29
1787981434.6 POS -0.16 -0.31 h 293.9 d5 0.156 st tick=32037 goal=0 here=0 l 0.85,0.40,0.36,0.30,0.38,0.42,0.58,1.44,0.62,0.25,0.23,0.25,0.22,0.31,0.37,1.11
1787981437.7 POS -0.03 -0.02 h 42.9 d5 0.157 st tick=32339 goal=0 here=0 l 0.36,0.50,1.61,0.82,0.39,0.34,0.26,0.32,0.32,0.55,0.96,0.70,0.32,0.26,0.28,0.28
1787981440.7 POS 0.08 -0.68 h 104.3 d5 0.172 st tick=32641 goal=0 here=0 l 1.30,0.54,0.39,0.29,0.34,0.42,0.61,1.29,0.79,0.34,0.26,0.22,0.20,0.19,0.29,1.25
1787981443.7 POS -0.13 -1.25 h 157.6 d5 0.157 st tick=32945 goal=0 here=0 l 0.27,0.25,0.25,0.29,0.59,1.60,0.78,0.46,0.28,0.26,0.24,0.38,1.06,0.96,0.54,0.26
1787981446.7 POS -0.2 -0.94 h 260.4 d5 0.164 st tick=33245 goal=0 here=0 l 1.02,1.17,0.59,0.43,0.31,0.29,0.34,0.60,1.11,0.59,0.33,0.23,0.21,0.17,0.20,0.41
1787981449.8 POS -0.03 -0.13 h 295.9 d5 0.144 st tick=33551 goal=0 here=0 l 0.57,0.29,0.29,0.24,0.28,0.40,0.59,1.58,0.72,0.33,0.31,0.26,0.34,0.35,0.66,0.99
1787981452.9 POS 0.09 -0.24 h 64.0 d5 0.157 st tick=33858 goal=0 here=0 l 0.39,1.49,0.79,0.52,3.00,0.34,0.35,0.41,0.70,1.07,0.58,0.28,0.22,0.18,0.21,0.29
1787981455.9 POS -0.01 -0.99 h 110.9 d5 0.168 st tick=34158 goal=0 here=0 l 0.61,0.41,0.29,0.28,0.29,0.47,0.74,1.41,0.60,0.35,0.23,0.20,0.22,0.25,0.56,1.09
1787981458.9 POS -0.12 -1.24 h 225.0 d5 0.167 st tick=34459 goal=0 here=0 l 0.30,0.59,1.59,0.75,0.46,0.26,0.24,0.24,0.39,1.07,0.97,0.50,0.25,0.28,0.25,0.27
1787981461.9 POS -0.25 -0.56 h 279.3 d5 0.148 st tick=34762 goal=0 here=0 l 1.21,0.73,0.48,0.37,0.38,0.38,0.49,1.33,0.97,0.36,0.18,0.14,0.17,0.22,0.30,0.51
1787981465.0 POS -0.03 -0.05 h 358.5 d5 0.173 st tick=35066 goal=0 here=0 l 0.26,0.26,0.36,0.49,1.58,0.81,0.39,0.33,3.00,0.29,0.32,0.60,0.96,0.70,0.31,0.27
1787981468.0 POS 0.12 -0.5 h 97.5 d5 0.174 st tick=35370 goal=0 here=0 l 1.34,0.67,0.47,0.33,0.37,0.40,0.54,0.90,1.12,0.35,0.21,0.19,0.21,0.21,0.23,0.39
1787981471.0 POS -0.12 -1.24 h 126.8 d5 0.166 st tick=35671 goal=0 here=0 l 0.28,0.25,0.27,0.22,0.28,0.41,0.86,1.29,0.53,0.30,0.27,0.20,0.24,0.45,1.01,1.00
1787981474.0 POS -0.18 -1.09 h 252.5 d5 0.174 st tick=35974 goal=0 here=0 l 0.73,1.43,0.66,0.45,0.28,0.29,0.29,0.51,1.11,1.07,0.32,0.30,0.22,0.21,0.21,0.31
1787981477.1 POS -0.15 -0.28 h 294.6 d5 0.153 st tick=36276 goal=0 here=0 l 0.67,0.35,0.32,0.29,0.35,0.41,0.61,1.52,0.59,0.28,0.27,0.25,0.23,0.37,0.53,1.09
1787981480.1 POS -0.04 -0.06 h 54.3 d5 0.172 st tick=36580 goal=0 here=0 l 0.42,0.68,1.60,0.54,0.37,0.29,0.26,0.36,0.35,1.01,0.90,0.48,0.25,0.26,0.25,0.30
1787981483.1 POS 0.04 -0.79 h 107.6 d5 0.186 st tick=36881 goal=0 here=0 l 0.89,0.50,0.38,0.30,0.36,0.45,0.64,1.37,0.53,0.30,0.26,0.22,0.18,0.22,0.29,1.21
1787981486.1 POS -0.16 -1.25 h 181.5 d5 0.172 st tick=37183 goal=0 here=0 l 0.25,0.23,0.28,0.56,1.57,0.82,0.51,0.29,0.26,0.24,0.36,1.09,0.95,0.63,0.26,0.26
1787981489.1 POS -0.24 -0.83 h 267.2 d5 0.162 st tick=37483 goal=0 here=0 l 1.36,1.10,0.59,0.40,0.35,0.32,0.38,0.67,1.17,0.42,0.33,0.22,0.15,0.15,0.24,0.38
1787981492.2 POS -0.04 -0.05 h 302.2 d5 0.162 st tick=37792 goal=0 here=0 l 0.46,0.25,0.26,0.26,0.28,0.44,0.72,1.30,0.56,0.36,0.31,0.30,0.33,0.40,0.97,0.91
1787981495.3 POS 0.08 -0.29 h 74.8 d5 0.158 st tick=38098 goal=0 here=0 l 0.38,1.43,0.72,0.44,0.39,0.38,0.36,0.44,0.78,1.00,0.36,0.25,0.18,0.17,0.21,0.28
1787981498.3 POS -0.07 -1.04 h 113.7 d5 0.167 st tick=38401 goal=0 here=0 l 0.60,0.37,0.32,0.29,0.27,0.44,0.72,1.48,0.64,0.40,0.25,0.21,0.24,0.26,0.56,1.07
1787981501.3 POS -0.15 -1.24 h 238.0 d5 0.148 st tick=38706 goal=0 here=0 l 0.49,1.16,1.30,0.52,0.31,0.26,0.24,0.23,0.48,1.00,0.68,0.28,0.28,0.28,0.23,0.26
1787981504.3 POS -0.26 -0.52 h 282.3 d5 0.141 st tick=39005 goal=0 here=0 l 1.12,0.57,0.43,0.36,0.40,0.37,0.50,1.37,0.60,0.34,0.19,0.17,0.20,0.21,0.30,0.51
1787981507.4 POS -0.06 -0.04 h 3.8 d5 0.162 st tick=39308 goal=0 here=0 l 0.28,0.26,0.40,3.00,1.55,0.78,0.38,0.31,0.25,0.33,0.31,0.59,0.95,0.57,0.29,0.26
1787981510.4 POS 0.09 -0.51 h 93.6 d5 0.155 st tick=39611 goal=0 here=0 l 1.33,0.66,0.50,0.35,0.37,0.41,0.56,0.86,1.12,0.38,0.23,0.20,0.20,0.21,0.22,0.40
1787981513.4 POS -0.13 -1.23 h 131.3 d5 0.161 st tick=39912 goal=0 here=0 l 0.31,0.29,0.25,0.24,0.28,3.00,1.21,1.10,0.52,0.29,0.24,0.24,0.25,0.49,1.00,0.68
