1787981569.1 START explore2 side 1
1787981569.1 POS 0.0 0.0 h 318.6 d5 0.155 st tick=45483 goal=0 here=0
1787981572.1 POS 0.13 -0.34 h 80.2 d5 0.173 st tick=45785 goal=0 here=0
1787981575.2 POS 0.58 -1.17 h 23.5 d5 0.220 st tick=46089 goal=0 here=0
1787981578.2 POS 1.0 -1.3 h 93.6 d5 0.230 st tick=46393 goal=0 here=0
1787981581.2 POS 0.7 -1.52 h 164.5 d5 0.230 st tick=46695 goal=0 here=0
1787981584.3 POS 0.21 -1.65 h 165.8 d5 0.219 st tick=46999 goal=0 here=0
1787981587.3 POS 0.03 -1.44 h 242.9 d5 0.200 st tick=47303 goal=0 here=0
1787981590.3 POS -0.08 -0.96 h 267.0 d5 0.176 st tick=47606 goal=0 here=0
1787981593.4 POS -0.23 -0.17 h 254.8 d5 0.191 st tick=47909 goal=0 here=0
1787981596.4 POS -0.42 0.57 h 259.5 d5 0.179 st tick=48215 goal=0 here=0
1787981599.5 POS -0.61 1.33 h 253.0 d5 0.181 st tick=48517 goal=0 here=0
1787981602.5 POS -0.78 2.06 h 254.9 d5 0.172 st tick=48820 goal=0 here=0
1787981605.6 POS -0.95 2.78 h 257.2 d5 0.203 st tick=49127 goal=0 here=0
1787981608.6 POS -1.13 3.53 h 255.2 d5 0.180 st tick=49429 goal=0 here=0
1787981611.6 POS -1.32 4.26 h 256.9 d5 0.187 st tick=49733 goal=0 here=0
1787981614.6 POS -1.5 4.99 h 256.8 d5 0.179 st tick=50034 goal=0 here=0
1787981617.7 POS -1.68 5.71 h 256.7 d5 0.197 st tick=50338 goal=0 here=0
1787981620.7 POS -1.85 6.43 h 258.7 d5 0.184 st tick=50640 goal=0 here=0
1787981623.7 POS -2.02 7.14 h 256.0 d5 0.176 st tick=50945 goal=0 here=0
1787981626.8 POS -2.17 7.83 h 256.7 d5 0.165 st tick=51248 goal=0 here=0
1787981629.8 POS -2.33 8.56 h 258.1 d5 0.171 st tick=51551 goal=0 here=0
1787981632.8 POS -2.48 9.24 h 262.0 d5 0.179 st tick=51854 goal=0 here=0
1787981635.8 POS -2.63 9.96 h 258.9 d5 0.162 st tick=52154 goal=0 here=0
1787981638.8 POS -2.78 10.66 h 259.9 d5 0.177 st tick=52456 goal=0 here=0
1787981641.9 POS -2.92 11.37 h 258.9 d5 0.158 st tick=52761 goal=0 here=0
1787981644.9 POS -3.05 12.07 h 259.6 d5 0.155 st tick=53065 goal=0 here=0
1787981648.0 POS -3.17 12.78 h 261.8 d5 0.173 st tick=53367 goal=0 here=0
1787981651.0 POS -3.28 13.49 h 260.3 d5 0.179 st tick=53669 goal=0 here=0
1787981654.0 POS -3.4 14.2 h 258.6 d5 0.178 st tick=53970 goal=0 here=0
1787981657.0 POS -3.51 14.89 h 261.2 d5 0.181 st tick=54270 goal=0 here=0
1787981660.0 POS -3.6 15.6 h 265.9 d5 0.198 st tick=54570 goal=0 here=0
1787981663.0 POS -3.68 16.31 h 261.0 d5 0.189 st tick=54870 goal=0 here=0
1787981666.0 POS -3.75 17.0 h 269.4 d5 0.192 st tick=55176 goal=0 here=0
1787981669.0 POS -3.82 17.7 h 265.4 d5 0.183 st tick=55474 goal=0 here=0
1787981672.1 POS -3.86 18.4 h 262.8 d5 0.181 st tick=55778 goal=0 here=0
1787981675.1 POS -3.91 19.08 h 269.8 d5 0.184 st tick=56083 goal=0 here=0
1787981678.1 POS -3.94 19.76 h 270.6 d5 0.192 st tick=56385 goal=0 here=0
1787981681.2 POS -3.97 20.47 h 267.7 d5 0.162 st tick=56688 goal=0 here=0
1787981684.2 POS -4.0 21.15 h 270.2 d5 0.165 st tick=56993 goal=0 here=0
1787981687.2 POS -4.02 21.83 h 269.0 d5 0.151 st tick=57295 goal=0 here=0
1787981690.3 POS -4.04 22.53 h 270.4 d5 0.169 st tick=57597 goal=0 here=0
1787981693.3 POS -4.06 23.22 h 265.2 d5 0.150 st tick=57902 goal=0 here=0
1787981696.3 POS -4.08 23.89 h 266.4 d5 0.162 st tick=58202 goal=0 here=0
1787981699.4 POS -4.1 24.57 h 271.4 d5 0.176 st tick=58507 goal=0 here=0
1787981702.4 POS -4.11 25.26 h 267.5 d5 0.173 st tick=58814 goal=0 here=0
1787981705.4 POS -4.12 25.92 h 270.7 d5 0.163 st tick=59107 goal=0 here=0
1787981708.4 POS -4.14 26.62 h 265.6 d5 0.170 st tick=59413 goal=0 here=0
1787981711.4 POS -4.16 27.29 h 274.1 d5 0.187 st tick=59716 goal=0 here=0
1787981714.5 POS -4.18 27.99 h 264.4 d5 0.187 st tick=60020 goal=0 here=0
1787981717.5 POS -4.2 28.66 h 272.3 d5 0.195 st tick=60320 goal=0 here=0
1787981720.5 POS -4.22 29.35 h 268.3 d5 0.173 st tick=60625 goal=0 here=0
1787981723.6 POS -4.24 30.04 h 264.3 d5 0.187 st tick=60929 goal=0 here=0
1787981726.6 POS -4.25 30.72 h 270.2 d5 0.180 st tick=61231 goal=0 here=0
1787981729.7 POS -4.27 31.4 h 271.8 d5 0.159 st tick=61537 goal=0 here=0
1787981732.7 POS -4.29 32.1 h 269.0 d5 0.168 st tick=61842 goal=0 here=0
1787981735.7 POS -4.31 32.78 h 270.3 d5 0.165 st tick=62144 goal=0 here=0
1787981738.8 POS -4.33 33.46 h 265.4 d5 0.163 st tick=62448 goal=0 here=0
1787981741.8 POS -4.35 34.13 h 271.7 d5 0.175 st tick=62749 goal=0 here=0
1787981744.8 POS -4.37 34.82 h 269.3 d5 0.185 st tick=63054 goal=0 here=0
1787981747.9 POS -4.39 35.51 h 270.4 d5 0.177 st tick=63357 goal=0 here=0
1787981750.9 POS -4.41 36.2 h 268.7 d5 0.172 st tick=63661 goal=0 here=0
1787981753.9 POS -4.43 36.89 h 266.9 d5 0.184 st tick=63962 goal=0 here=0
1787981757.0 POS -4.45 37.56 h 268.0 d5 0.190 st tick=64268 goal=0 here=0
1787981759.9 POS -4.47 38.24 h 268.7 d5 0.184 st tick=64566 goal=0 here=0
1787981763.0 POS -4.48 38.93 h 266.7 d5 0.186 st tick=64870 goal=0 here=0
1787981766.0 POS -4.49 39.61 h 271.1 d5 0.183 st tick=65175 goal=0 here=0
1787981769.1 POS -4.52 40.32 h 266.6 d5 0.181 st tick=65482 goal=0 here=0
1787981772.1 POS -4.54 40.98 h 267.7 d5 0.196 st tick=65780 goal=0 here=0
1787981775.1 POS -4.56 41.66 h 268.5 d5 0.181 st tick=66082 goal=0 here=0
1787981778.2 POS -4.58 42.35 h 272.5 d5 0.194 st tick=66387 goal=0 here=0
1787981781.2 POS -4.6 43.06 h 267.6 d5 0.177 st tick=66694 goal=0 here=0
1787981784.2 POS -4.62 43.72 h 268.7 d5 0.185 st tick=66994 goal=0 here=0
1787981787.3 POS -4.64 44.41 h 269.5 d5 0.177 st tick=67298 goal=0 here=0
1787981790.3 POS -4.67 45.09 h 267.6 d5 0.190 st tick=67599 goal=0 here=0
1787981793.3 POS -4.68 45.78 h 266.2 d5 0.189 st tick=67901 goal=0 here=0
1787981796.3 POS -4.7 46.45 h 269.4 d5 0.188 st tick=68205 goal=0 here=0
1787981799.3 POS -4.72 47.11 h 266.8 d5 0.204 st tick=68506 goal=0 here=0
1787981802.4 POS -4.75 47.82 h 269.1 d5 0.198 st tick=68809 goal=0 here=0
1787981805.4 POS -4.77 48.49 h 268.9 d5 0.183 st tick=69112 goal=0 here=0
1787981808.4 POS -4.79 49.17 h 268.9 d5 0.189 st tick=69414 goal=0 here=0
1787981811.4 POS -4.81 49.85 h 271.2 d5 0.175 st tick=69714 goal=0 here=0
1787981814.5 POS -4.82 50.53 h 266.7 d5 0.201 st tick=70019 goal=0 here=0
1787981817.5 POS -4.85 51.21 h 267.4 d5 0.189 st tick=70325 goal=0 here=0
1787981820.5 POS -4.87 51.89 h 273.1 d5 0.180 st tick=70623 goal=0 here=0
1787981823.6 POS -4.89 52.57 h 261.8 d5 0.198 st tick=70926 goal=0 here=0
1787981826.6 POS -4.92 53.24 h 267.4 d5 0.190 st tick=71227 goal=0 here=0
1787981829.6 POS -4.94 53.94 h 265.7 d5 0.184 st tick=71531 goal=0 here=0
1787981832.6 POS -4.97 54.62 h 269.0 d5 0.191 st tick=71835 goal=0 here=0
1787981835.7 POS -4.99 55.31 h 265.0 d5 0.178 st tick=72137 goal=0 here=0
1787981838.7 POS -5.0 55.98 h 268.8 d5 0.178 st tick=72442 goal=0 here=0
1787981841.7 POS -5.02 56.68 h 268.5 d5 0.175 st tick=72746 goal=0 here=0
1787981844.8 POS -5.05 57.37 h 270.4 d5 0.196 st tick=73054 goal=0 here=0
