1787981899.8 START explore4
1787981899.8 POS 0.0 0.0 h 269.3 d5 0.192 st tick=78549 goal=0 here=0 l 1.52,1.13,0.56,0.34,0.39,0.96,0.86,0.71,0.68,0.26,0.12,0.12,0.13,0.10,0.10,0.14
1787981902.4 ESCAPE at -0.01 0.25
1787981904.7 POS 0.32 0.1 h 200.7 d5 0.185 st tick=79044 goal=0 here=0 l 0.11,0.11,0.14,1.99,1.00,0.43,0.40,0.34,0.92,0.82,0.57,0.58,0.21,0.12,0.07,0.10
1787981907.7 POS 0.32 0.31 h 262.4 d5 0.188 st tick=79346 goal=0 here=0 l 1.18,1.17,0.55,0.35,0.39,0.90,0.88,0.72,0.69,0.28,0.14,0.13,0.10,0.10,0.09,0.13
1787981909.2 ESCAPE at 0.31 0.44
1787981911.9 POS 0.67 0.42 h 181.8 d5 0.209 st tick=79758 goal=0 here=0 l 0.11,0.11,0.11,0.17,2.00,0.94,0.40,0.42,0.35,0.92,0.74,0.58,0.58,0.20,0.11,0.09
1787981914.9 POS 0.68 0.58 h 268.5 d5 0.175 st tick=80059 goal=0 here=0 l 1.89,1.09,0.52,0.35,0.37,0.97,0.87,0.71,0.67,0.25,0.14,0.12,0.11,0.07,0.08,0.36
1787981917.2 ESCAPE at 0.66 0.79
1787981919.0 POS 0.46 0.49 h 303.4 d5 0.172 st tick=80466 goal=0 here=0 l 0.61,0.41,0.36,0.85,0.86,0.67,0.56,0.23,0.17,0.10,0.09,0.10,0.12,0.18,0.65,1.63
1787981922.0 POS 0.49 0.93 h 255.8 d5 0.171 st tick=80770 goal=0 here=0 l 0.81,1.59,0.72,0.38,0.32,0.36,0.97,0.88,0.72,0.74,0.23,0.19,0.10,0.09,0.17,0.30
1787981922.9 ESCAPE at 0.47 1.02
1787981925.0 POS 0.29 0.78 h 292.3 d5 0.162 st tick=81074 goal=0 here=0 l 0.84,0.31,0.33,0.25,0.87,0.75,0.61,0.59,0.49,0.27,0.20,0.19,0.19,0.22,0.61,2.01
1787981928.1 POS 0.53 0.67 h 38.8 d5 0.189 st tick=81377 goal=0 here=0 l 0.75,0.56,0.50,0.57,0.50,0.33,0.30,0.33,0.33,0.70,2.06,0.34,0.26,0.20,3.00,0.71
1787981931.1 POS 1.11 0.75 h 331.0 d5 0.183 st tick=81682 goal=0 here=0 l 1.11,0.59,0.64,0.68,0.56,0.48,0.41,0.58,0.43,0.41,0.43,0.45,0.81,2.10,0.28,0.68
1787981932.3 ESCAPE at 1.27 0.86
1787981934.4 POS 1.21 0.5 h 274.0 d5 0.167 st tick=82012 goal=0 here=0 l 1.71,0.44,0.29,2.68,0.79,0.62,0.47,0.37,0.41,0.45,0.31,0.21,0.24,0.26,0.36,1.11
1787981937.4 POS 1.04 1.19 h 251.8 d5 0.155 st tick=82316 goal=0 here=0 l 0.45,1.85,0.80,0.42,0.27,0.34,0.34,0.93,0.80,0.76,0.37,0.20,0.12,0.09,0.12,0.28
1787981940.4 POS 0.99 1.72 h 273.9 d5 0.157 st tick=82615 goal=0 here=0 l 1.57,0.79,0.54,0.35,0.35,0.32,0.51,1.06,1.01,0.23,0.22,0.18,0.16,0.18,0.21,0.47
1787981943.5 POS 0.94 2.16 h 264.1 d5 0.140 st tick=82917 goal=0 here=0 l 0.62,1.13,0.60,0.46,0.42,0.38,0.46,0.77,1.21,0.43,0.20,0.13,0.10,0.10,0.16,0.30
1787981946.5 POS 0.91 2.65 h 264.7 d5 0.139 st tick=83219 goal=0 here=0 l 0.38,1.04,0.69,0.48,0.43,0.45,0.48,0.64,1.46,0.47,0.20,0.18,0.14,0.13,0.13,0.28
1787981949.5 POS 0.96 3.13 h 269.5 d5 0.133 st tick=83520 goal=0 here=0 l 0.86,0.83,0.50,0.37,0.36,0.43,0.59,0.83,1.74,0.39,0.19,0.17,0.17,0.14,0.13,0.29
1787981952.5 POS 0.95 3.43 h 262.6 d5 0.137 st tick=83823 goal=0 here=0 l 0.74,0.73,0.56,0.41,0.34,0.42,0.52,0.86,1.82,0.46,0.21,0.20,0.11,0.07,0.11,0.30
1787981952.6 ESCAPE at 0.95 3.44
1787981955.5 POS 1.31 3.41 h 199.9 d5 0.142 st tick=84123 goal=0 here=0 l 0.17,0.21,0.20,0.94,0.92,0.57,0.38,0.41,0.40,0.52,0.73,1.59,0.37,0.25,0.14,0.14
1787981958.6 POS 1.33 3.73 h 269.3 d5 0.134 st tick=84429 goal=0 here=0 l 0.79,0.76,0.49,0.37,0.33,0.43,0.61,0.91,1.78,0.41,0.20,0.19,0.13,0.10,0.13,0.37
1787981960.8 ESCAPE at 1.31 3.96
1787981963.6 POS 1.67 3.99 h 173.3 d5 0.148 st tick=84927 goal=0 here=0 l 0.14,0.18,0.22,0.21,0.93,0.90,0.57,0.36,0.39,0.41,0.54,0.73,1.58,0.39,0.27,0.18
1787981966.6 POS 1.67 4.29 h 266.2 d5 0.149 st tick=85231 goal=0 here=0 l 0.77,0.74,0.59,0.40,0.34,0.40,0.50,0.75,1.75,0.47,0.23,0.18,0.15,0.10,0.12,0.28
1787981969.3 ESCAPE at 1.66 4.54
