1787982246.5 START frontier
1787982246.5 POS 0.0 0.0 h 137.8 d5 0.160 st tick=113227 goal=0 here=0 pl 9 occ 16
1787982249.5 POS -0.02 0.37 h 291.7 d5 0.158 st tick=113527 goal=0 here=0 pl 22 occ 188
1787982252.6 POS -0.13 1.12 h 233.9 d5 0.149 st tick=113830 goal=0 here=0 pl 22 occ 281
1787982255.6 POS -0.13 0.98 h 63.5 d5 0.158 st tick=114136 goal=0 here=0 pl 34 occ 304
1787982258.7 POS 0.04 0.24 h 75.5 d5 0.171 st tick=114439 goal=0 here=0 pl 22 occ 302
1787982261.7 POS 0.29 -0.45 h 64.0 d5 0.166 st tick=114739 goal=0 here=0 pl 18 occ 372
1787982264.7 POS 0.37 -0.27 h 276.2 d5 0.183 st tick=115042 goal=0 here=0 pl 14 occ 444
1787982267.7 POS 0.45 -0.29 h 79.0 d5 0.181 st tick=115343 goal=0 here=0 pl 16 occ 492
1787982270.7 POS 0.49 -0.6 h 318.6 d5 0.190 st tick=115645 goal=0 here=0 pl 14 occ 509
1787982273.7 POS 0.5 0.08 h 285.7 d5 0.169 st tick=115945 goal=0 here=0 pl 14 occ 577
1787982276.7 POS 0.6 0.53 h 349.9 d5 0.189 st tick=116246 goal=0 here=0 pl 13 occ 706
1787982279.8 POS 0.68 0.22 h 135.0 d5 0.195 st tick=116552 goal=0 here=0 pl 13 occ 743
1787982282.8 POS 0.6 0.62 h 297.8 d5 0.182 st tick=116853 goal=0 here=0 pl 13 occ 789
1787982285.8 POS 0.67 0.38 h 97.3 d5 0.192 st tick=117154 goal=0 here=0 pl 19 occ 821
1787982288.8 POS 0.79 0.19 h 286.2 d5 0.185 st tick=117453 goal=0 here=0 pl 14 occ 872
1787982291.8 POS 0.79 0.93 h 290.3 d5 0.181 st tick=117755 goal=0 here=0 pl 17 occ 971
1787982294.9 POS 0.89 0.8 h 91.8 d5 0.184 st tick=118059 goal=0 here=0 pl 14 occ 1052
1787982297.9 POS 0.96 0.73 h 274.4 d5 0.177 st tick=118359 goal=0 here=0 pl 15 occ 1103
1787982300.9 POS 0.93 1.1 h 20.8 d5 0.185 st tick=118662 goal=0 here=0 pl 18 occ 1160
1787982303.9 POS 1.03 0.62 h 21.3 d5 0.179 st tick=118962 goal=0 here=0 pl 18 occ 1162
1787982306.9 POS 0.99 1.03 h 266.2 d5 0.182 st tick=119264 goal=0 here=0 pl 18 occ 1201
1787982309.8 ESCAPE 1.0 1.75
1787982311.1 POS 1.0 1.75 h 278.7 d5 0.177 st tick=119687 goal=0 here=0 pl 18 occ 1278
1787982314.2 POS 1.09 2.29 h 3.3 d5 0.174 st tick=119989 goal=0 here=0 pl 16 occ 1447
1787982317.2 POS 1.18 1.87 h 27.3 d5 0.179 st tick=120291 goal=0 here=0 pl 15 occ 1478
1787982320.2 POS 1.18 2.28 h 276.3 d5 0.187 st tick=120594 goal=0 here=0 pl 15 occ 1533
1787982323.3 POS 1.26 2.04 h 89.3 d5 0.184 st tick=120901 goal=0 here=0 pl 15 occ 1549
1787982326.3 POS 1.32 1.99 h 276.6 d5 0.174 st tick=121201 goal=0 here=0 pl 13 occ 1584
1787982329.3 POS 1.36 2.64 h 295.4 d5 0.163 st tick=121506 goal=0 here=0 pl 12 occ 1666
1787982332.4 POS 1.45 2.36 h 83.6 d5 0.187 st tick=121809 goal=0 here=0 pl 13 occ 1722
1787982335.3 POS 1.29 2.6 h 262.6 d5 0.174 st tick=122107 goal=0 here=0 pl 13 occ 1758
1787982338.4 POS 1.41 2.71 h 76.0 d5 0.181 st tick=122410 goal=0 here=0 pl 20 occ 1795
1787982341.4 POS 1.51 2.22 h 329.1 d5 0.184 st tick=122712 goal=0 here=0 pl 15 occ 1833
1787982344.4 POS 1.53 2.69 h 326.5 d5 0.189 st tick=123013 goal=0 here=0 pl 19 occ 1918
1787982347.4 POS 1.58 2.29 h 73.8 d5 0.187 st tick=123314 goal=0 here=0 pl 19 occ 1916
1787982350.4 POS 1.69 2.46 h 266.5 d5 0.193 st tick=123617 goal=0 here=0 pl 12 occ 1982
1787982353.4 POS 1.75 2.94 h 349.7 d5 0.181 st tick=123917 goal=0 here=0 pl 13 occ 2075
1787982356.5 POS 1.81 2.62 h 123.3 d5 0.184 st tick=124223 goal=0 here=0 pl 14 occ 2119
1787982359.5 POS 1.68 3.0 h 293.4 d5 0.169 st tick=124524 goal=0 here=0 pl 14 occ 2145
1787982362.5 POS 1.85 3.41 h 18.0 d5 0.181 st tick=124828 goal=0 here=0 pl 16 occ 2292
1787982365.6 POS 2.05 2.83 h 38.4 d5 0.187 st tick=125130 goal=0 here=0 pl 15 occ 2366
1787982368.6 POS 2.24 2.83 h 257.3 d5 0.194 st tick=125432 goal=0 here=0 pl 11 occ 2497
1787982371.6 POS 2.27 3.46 h 337.8 d5 0.187 st tick=125735 goal=0 here=0 pl 15 occ 2593
1787982374.7 POS 2.37 4.01 h 298.2 d5 0.189 st tick=126041 goal=0 here=0 pl 17 occ 2712
1787982377.7 POS 2.38 3.75 h 97.2 d5 0.192 st tick=126343 goal=0 here=0 pl 17 occ 2749
1787982380.7 POS 2.44 3.01 h 97.6 d5 0.196 st tick=126645 goal=0 here=0 pl 16 occ 2744
1787982383.7 POS 2.48 2.28 h 91.7 d5 0.210 st tick=126946 goal=0 here=0 pl 18 occ 2815
1787982384.4 ESCAPE 2.51 2.13
1787982386.8 POS 2.49 1.89 h 109.5 d5 0.191 st tick=127249 goal=0 here=0 pl 14 occ 2901
1787982389.8 POS 2.65 1.23 h 10.8 d5 0.204 st tick=127552 goal=0 here=0 pl 16 occ 2972
1787982392.8 POS 2.87 0.93 h 354.4 d5 0.199 st tick=127855 goal=0 here=0 pl 13 occ 3086
1787982395.8 POS 2.83 1.42 h 278.4 d5 0.210 st tick=128155 goal=0 here=0 pl 14 occ 3131
1787982398.8 POS 2.81 2.14 h 258.5 d5 0.199 st tick=128457 goal=0 here=0 pl 29 occ 3240
1787982401.9 POS 2.78 2.93 h 266.8 d5 0.171 st tick=128760 goal=0 here=0 pl 16 occ 3327
1787982403.1 NOFRONTIER
1787982403.2 NOFRONTIER
1787982403.2 NOFRONTIER
1787982403.3 NOFRONTIER
1787982403.3 NOFRONTIER
1787982403.4 NOFRONTIER
1787982403.4 NOFRONTIER
1787982403.5 NOFRONTIER
1787982403.5 NOFRONTIER
1787982403.6 NOFRONTIER
1787982403.6 NOFRONTIER
1787982403.7 NOFRONTIER
1787982403.7 NOFRONTIER
1787982403.8 NOFRONTIER
1787982403.8 NOFRONTIER
1787982404.9 POS 2.86 3.21 h 36.4 d5 0.175 st tick=129062 goal=0 here=0 pl 26 occ 3357
1787982407.9 POS 2.85 2.54 h 91.4 d5 0.199 st tick=129365 goal=0 here=0 pl 29 occ 3364
1787982410.9 POS 2.78 2.75 h 276.5 d5 0.183 st tick=129665 goal=0 here=0 pl 29 occ 3370
1787982411.9 NOFRONTIER
1787982411.9 NOFRONTIER
1787982412.0 NOFRONTIER
1787982412.0 NOFRONTIER
1787982412.1 NOFRONTIER
1787982412.1 NOFRONTIER
1787982412.2 NOFRONTIER
1787982412.2 NOFRONTIER
1787982412.3 NOFRONTIER
1787982412.3 NOFRONTIER
1787982412.4 NOFRONTIER
1787982412.4 NOFRONTIER
1787982412.5 NOFRONTIER
1787982412.5 NOFRONTIER
1787982412.6 NOFRONTIER
1787982412.6 NOFRONTIER
1787982412.6 NOFRONTIER
1787982412.7 NOFRONTIER
1787982412.7 NOFRONTIER
1787982412.8 NOFRONTIER
1787982412.8 NOFRONTIER
1787982412.9 NOFRONTIER
1787982413.0 NOFRONTIER
1787982413.0 NOFRONTIER
1787982413.1 NOFRONTIER
1787982413.1 NOFRONTIER
1787982413.2 NOFRONTIER
1787982413.2 NOFRONTIER
1787982413.3 NOFRONTIER
1787982413.3 NOFRONTIER
1787982413.4 NOFRONTIER
1787982413.4 NOFRONTIER
1787982413.5 NOFRONTIER
1787982413.5 NOFRONTIER
1787982413.6 NOFRONTIER
1787982413.6 NOFRONTIER
1787982413.7 NOFRONTIER
1787982413.7 NOFRONTIER
1787982413.8 NOFRONTIER
1787982413.8 NOFRONTIER
1787982413.9 NOFRONTIER
1787982413.9 NOFRONTIER
1787982414.0 NOFRONTIER
1787982414.0 POS 2.83 2.99 h 357.7 d5 0.172 st tick=129971 goal=0 here=0 pl 0 occ 3390
1787982414.0 NOFRONTIER
1787982414.1 NOFRONTIER
1787982414.1 NOFRONTIER
1787982414.2 NOFRONTIER
1787982414.2 NOFRONTIER
1787982414.3 NOFRONTIER
1787982414.3 NOFRONTIER
1787982414.4 NOFRONTIER
1787982415.3 ESCAPE 2.84 3.0
1787982416.7 NOFRONTIER
1787982416.7 NOFRONTIER
1787982416.8 NOFRONTIER
1787982416.8 NOFRONTIER
1787982417.0 POS 2.83 2.99 h 333.4 d5 0.173 st tick=130273 goal=0 here=0 pl 16 occ 3398
1787982420.0 POS 3.01 2.54 h 54.0 d5 0.174 st tick=130575 goal=0 here=0 pl 15 occ 3464
1787982423.0 POS 3.16 2.12 h 319.3 d5 0.194 st tick=130875 goal=0 here=0 pl 13 occ 3526
1787982426.0 POS 3.21 2.5 h 199.9 d5 0.196 st tick=131178 goal=0 here=0 pl 13 occ 3587
1787982429.1 POS 3.24 2.1 h 15.7 d5 0.220 st tick=131481 goal=0 here=0 pl 17 occ 3621
1787982432.1 POS 3.2 2.54 h 271.6 d5 0.205 st tick=131783 goal=0 here=0 pl 17 occ 3725
1787982435.1 POS 3.3 2.47 h 76.7 d5 0.213 st tick=132087 goal=0 here=0 pl 18 occ 3757
1787982438.1 POS 3.47 2.47 h 258.8 d5 0.208 st tick=132385 goal=0 here=0 pl 14 occ 3837
1787982441.1 POS 3.55 3.03 h 321.1 d5 0.200 st tick=132685 goal=0 here=0 pl 12 occ 3965
1787982444.1 POS 3.63 2.72 h 107.9 d5 0.221 st tick=132988 goal=0 here=0 pl 13 occ 4004
1787982447.2 POS 3.49 3.02 h 286.6 d5 0.216 st tick=133289 goal=0 here=0 pl 13 occ 4019
1787982450.2 POS 3.54 3.74 h 263.3 d5 0.208 st tick=133590 goal=0 here=0 pl 27 occ 4132
1787982453.2 POS 3.6 4.15 h 38.0 d5 0.197 st tick=133893 goal=0 here=0 pl 22 occ 4190
1787982456.2 POS 3.64 3.53 h 111.2 d5 0.186 st tick=134195 goal=0 here=0 pl 31 occ 4217
1787982459.2 POS 3.57 3.82 h 286.8 d5 0.205 st tick=134498 goal=0 here=0 pl 31 occ 4226
1787982459.9 NOFRONTIER
1787982460.0 NOFRONTIER
1787982460.0 NOFRONTIER
1787982460.1 NOFRONTIER
1787982460.1 NOFRONTIER
1787982460.2 NOFRONTIER
1787982460.2 NOFRONTIER
1787982460.3 NOFRONTIER
1787982460.3 NOFRONTIER
1787982460.4 NOFRONTIER
1787982460.5 NOFRONTIER
1787982460.5 NOFRONTIER
1787982462.3 POS 3.63 3.96 h 56.7 d5 0.209 st tick=134802 goal=0 here=0 pl 23 occ 4242
1787982464.6 NOFRONTIER
1787982464.7 NOFRONTIER
1787982464.7 NOFRONTIER
1787982464.8 NOFRONTIER
1787982464.8 NOFRONTIER
1787982464.9 NOFRONTIER
1787982464.9 NOFRONTIER
1787982465.0 NOFRONTIER
1787982465.0 NOFRONTIER
1787982465.1 NOFRONTIER
1787982465.2 NOFRONTIER
1787982465.2 NOFRONTIER
1787982465.3 NOFRONTIER
1787982465.3 NOFRONTIER
1787982465.3 POS 3.63 3.39 h 109.7 d5 0.201 st tick=135105 goal=0 here=0 pl 0 occ 4228
1787982465.4 NOFRONTIER
1787982465.4 NOFRONTIER
1787982465.5 NOFRONTIER
1787982465.5 NOFRONTIER
1787982465.6 NOFRONTIER
1787982465.6 NOFRONTIER
1787982465.7 NOFRONTIER
1787982465.7 NOFRONTIER
1787982465.8 NOFRONTIER
1787982465.8 NOFRONTIER
1787982465.9 NOFRONTIER
1787982465.9 NOFRONTIER
1787982466.0 NOFRONTIER
1787982466.0 NOFRONTIER
1787982466.1 NOFRONTIER
1787982466.1 NOFRONTIER
1787982466.2 NOFRONTIER
1787982466.3 NOFRONTIER
1787982466.3 NOFRONTIER
1787982466.4 NOFRONTIER
1787982466.4 NOFRONTIER
1787982466.5 NOFRONTIER
1787982466.5 NOFRONTIER
1787982466.6 NOFRONTIER
1787982466.6 NOFRONTIER
1787982466.7 NOFRONTIER
1787982466.7 NOFRONTIER
1787982466.8 NOFRONTIER
1787982466.8 NOFRONTIER
1787982466.9 NOFRONTIER
1787982466.9 NOFRONTIER
1787982467.0 NOFRONTIER
1787982467.1 NOFRONTIER
1787982467.1 NOFRONTIER
1787982467.2 NOFRONTIER
1787982467.2 NOFRONTIER
1787982467.3 NOFRONTIER
1787982467.3 NOFRONTIER
1787982467.4 NOFRONTIER
1787982467.4 NOFRONTIER
1787982467.5 NOFRONTIER
1787982467.6 NOFRONTIER
1787982467.6 NOFRONTIER
1787982467.7 NOFRONTIER
1787982467.7 NOFRONTIER
1787982467.8 NOFRONTIER
1787982467.8 NOFRONTIER
1787982467.9 NOFRONTIER
1787982467.9 NOFRONTIER
1787982468.0 NOFRONTIER
1787982468.0 NOFRONTIER
1787982468.1 NOFRONTIER
1787982468.2 NOFRONTIER
1787982468.2 NOFRONTIER
1787982468.3 NOFRONTIER
1787982468.3 NOFRONTIER
1787982468.4 NOFRONTIER
1787982468.4 POS 3.64 3.39 h 218.3 d5 0.205 st tick=135413 goal=0 here=0 pl 0 occ 4238
1787982468.5 NOFRONTIER
1787982468.5 NOFRONTIER
1787982468.6 NOFRONTIER
1787982468.6 NOFRONTIER
1787982468.7 NOFRONTIER
1787982471.4 POS 3.59 3.12 h 73.1 d5 0.218 st tick=135712 goal=0 here=0 pl 20 occ 4229
