stuck! backing up
stuck! backing up
stuck! backing up
stuck! backing up
fit target=(-1797, -3984) pos=(1003,416) d5=0.183
stuck! backing up
stuck! backing up
fit target=(-3342, -4227) pos=(259,-627) d5=0.192
stuck! backing up
stuck! backing up
fit target=(-6919, 1376) pos=(-920,-1424) d5=0.203
fit target=(-1790, 836) pos=(-3391,-765) d5=0.239
fit target=(-1983, 1601) pos=(-2783,-800) d5=0.215
stuck! backing up
stuck! backing up
stuck! backing up
fit target=(-3589, 6065) pos=(-2390,65) d5=0.207
stuck! backing up
stuck! backing up
fit target=(-8533, 2833) pos=(-2533,434) d5=0.232
stuck! backing up
fit target=(-9238, -5414) pos=(-3239,586) d5=0.232
stuck! backing up
stuck! backing up
fit target=(-6680, -4610) pos=(-3880,-1010) d5=0.301
stuck! backing up
stuck! backing up
fit target=(-7977, -3844) pos=(-4378,-2644) d5=0.4
stuck! backing up
stuck! backing up
stuck! backing up
fit target=(-2927, -6543) pos=(-4927,-2943) d5=0.404
stuck! backing up
fit target=(-7917, -7897) pos=(-3917,-5497) d5=0.493
stuck! backing up
stuck! backing up
fit target=(-8577, -7959) pos=(-5377,-5959) d5=0.627
stuck! backing up
fit target=(-8541, -10537) pos=(-5742,-6137) d5=0.611
stuck! backing up
stuck! backing up
fit target=(-3282, -6767) pos=(-6082,-6767) d5=0.587
stuck! backing up
fit target=(-7492, -2783) pos=(-4692,-6783) d5=0.498
stuck! backing up
fit target=(-11148, -10028) pos=(-6348,-4028) d5=0.395
stuck! backing up
stuck! backing up
fit target=(-8628, -11561) pos=(-6628,-5562) d5=0.438
fit target=(-554, -11948) pos=(-6554,-5948) d5=0.464
stuck! backing up
stuck! backing up
fit target=(-2740, -1595) pos=(-5140,-7195) d5=0.42
stuck! backing up
stuck! backing up
stuck! backing up
fit target=(-11274, -10484) pos=(-5275,-6085) d5=0.443
fit target=(-15067, -4153) pos=(-9068,-10154) d5=0.41
stuck! backing up
stuck! backing up
fit target=(-12208, -3077) pos=(-9808,-9077) d5=0.407
