{"t": 0.1, "x": 8, "y": -9, "h": 140.1, "d5": 0.942, "sm": 0.942, "d6": "tick=225366 goal=0 here=0", "l": [0.34, 0.23, 0.25, 0.19, 0.35, 0.39, 0.36, 0.34, 0.31, 0.35, 0.23, 0.32, 0.97, 1.79, 1.15, 0.42]}
{"t": 0.9, "x": 15, "y": -13, "h": 77.1, "d5": 0.936, "sm": 0.94, "d6": "tick=225441 goal=0 here=0", "l": [1.17, 1.18, 0.41, 0.29, 0.26, 0.21, 0.29, 0.38, 0.32, 0.41, 0.38, 0.3, 0.31, 0.27, 0.98, 0.8]}
{"t": 1.1, "x": 100, "y": 6, "h": 77.2, "d5": 0.937, "sm": 0.94, "d6": "tick=225464 goal=0 here=0", "l": [1.2, 1.15, 0.39, 0.3, 0.26, 0.26, 0.23, 0.41, 0.37, 0.46, 0.42, 0.34, 0.24, 0.26, 0.96, 0.76]}
{"t": 1.3, "x": 194, "y": 28, "h": 76.8, "d5": 0.924, "sm": 0.936, "d6": "tick=225485 goal=0 here=0", "l": [1.67, 1.09, 0.39, 0.34, 0.26, 0.28, 0.24, 0.42, 0.39, 0.47, 0.5, 0.37, 0.22, 0.25, 0.92, 0.73]}
{"t": 1.6, "x": 305, "y": 57, "h": 75.4, "d5": 0.908, "sm": 0.929, "d6": "tick=225505 goal=0 here=0", "l": [1.64, 1.03, 0.48, 0.32, 0.28, 0.27, 0.3, 0.47, 0.48, 0.53, 0.4, 0.37, 0.25, 0.77, 0.91, 0.68]}
{"t": 1.8, "x": 397, "y": 84, "h": 73.8, "d5": 0.9, "sm": 0.922, "d6": "tick=225531 goal=0 here=0", "l": [1.58, 0.97, 0.51, 0.3, 0.3, 0.3, 0.34, 0.35, 0.57, 0.57, 0.42, 0.26, 0.26, 0.79, 0.88, 0.63]}
{"t": 2.0, "x": 487, "y": 119, "h": 68.7, "d5": 0.895, "sm": 0.915, "d6": "tick=225552 goal=0 here=0", "l": [1.52, 0.88, 0.66, 0.32, 0.3, 0.29, 0.35, 0.39, 0.63, 0.56, 0.45, 0.27, 1.85, 0.76, 0.83, 0.57]}
{"t": 2.2, "x": 550, "y": 141, "h": 70.7, "d5": 0.867, "sm": 0.903, "d6": "tick=225573 goal=0 here=0", "l": [1.47, 0.83, 0.68, 0.39, 0.28, 0.34, 0.33, 0.42, 0.67, 0.63, 0.47, 0.28, 1.87, 0.73, 0.82, 0.54]}
{"t": 2.4, "x": 607, "y": 160, "h": 71.6, "d5": 0.869, "sm": 0.894, "d6": "tick=225593 goal=0 here=0", "l": [1.43, 0.79, 0.63, 0.4, 0.29, 0.34, 0.33, 0.44, 0.7, 0.65, 0.49, 0.28, 1.9, 0.72, 0.82, 0.52]}
{"t": 2.6, "x": 668, "y": 181, "h": 71.6, "d5": 0.836, "sm": 0.88, "d6": "tick=225614 goal=0 here=0", "l": [1.39, 0.77, 0.66, 0.38, 0.28, 0.34, 0.35, 0.47, 0.76, 0.66, 0.33, 0.96, 1.91, 0.67, 0.74, 0.47]}
{"t": 2.8, "x": 728, "y": 205, "h": 67.4, "d5": 0.835, "sm": 0.869, "d6": "tick=225634 goal=0 here=0", "l": [1.34, 0.76, 0.85, 0.38, 0.34, 0.31, 0.38, 0.49, 0.8, 0.71, 0.35, 0.97, 1.92, 0.65, 0.7, 0.44]}
{"t": 3.0, "x": 787, "y": 230, "h": 67.5, "d5": 0.82, "sm": 0.856, "d6": "tick=225656 goal=0 here=0", "l": [1.33, 0.76, 0.85, 0.42, 0.35, 0.29, 0.39, 0.52, 0.82, 0.72, 0.34, 1.06, 1.94, 0.62, 0.66, -1.0]}
{"t": 3.2, "x": 870, "y": 262, "h": 69.1, "d5": 0.819, "sm": 0.847, "d6": "tick=225676 goal=0 here=0", "l": [1.29, 0.71, 0.8, 0.5, 0.37, 0.31, 0.4, 0.55, 0.87, 0.77, 0.39, 1.12, 0.69, 0.65, 0.6, 0.32]}
{"t": 3.7, "x": 876, "y": 264, "h": 88.9, "d5": 0.821, "sm": 0.841, "d6": "tick=225724 goal=0 here=0", "l": [0.74, 0.81, 0.55, 0.37, 0.34, 0.41, 0.5, 0.81, 0.81, 0.39, 0.98, 1.76, 0.61, 0.65, 0.38, 1.34]}
{"t": 4.0, "x": 1005, "y": 279, "h": 83.5, "d5": 0.79, "sm": 0.828, "d6": "tick=225757 goal=0 here=0", "l": [0.69, 0.72, 0.53, 0.37, 0.36, 0.34, 0.51, 0.82, 0.87, 0.44, 1.04, 1.8, 0.63, 0.6, 0.28, 1.34]}
{"t": 4.2, "x": 1100, "y": 286, "h": 85.8, "d5": 0.782, "sm": 0.816, "d6": "tick=225778 goal=0 here=0", "l": [0.62, 0.61, 0.53, 0.39, 0.34, 0.34, 0.49, 0.7, 0.95, 0.47, 1.12, 0.73, 0.69, 0.33, 0.79, 1.25]}
{"t": 4.5, "x": 1194, "y": 296, "h": 83.5, "d5": 0.774, "sm": 0.806, "d6": "tick=225799 goal=0 here=0", "l": [0.57, 0.53, 0.64, 0.43, 0.34, 0.38, 0.5, 0.71, 1.0, 0.5, 1.19, 0.76, 0.7, 0.29, 0.81, 1.21]}
{"t": 4.7, "x": 1262, "y": 304, "h": 83.2, "d5": 0.755, "sm": 0.793, "d6": "tick=225820 goal=0 here=0", "l": [0.51, 0.48, 0.64, 0.42, 0.34, 0.38, 0.42, 0.74, 1.02, 0.51, 1.22, 0.78, 0.69, 0.71, 0.76, 1.18]}
{"t": 4.9, "x": 1325, "y": 313, "h": 82.3, "d5": 0.758, "sm": 0.784, "d6": "tick=225841 goal=0 here=0", "l": [0.52, 0.45, 0.62, 0.43, 0.35, 0.37, -1.0, 0.77, 1.05, 1.0, 1.25, 0.78, 0.69, 0.69, 0.74, 1.15]}
{"t": 5.1, "x": 1389, "y": 325, "h": 79.3, "d5": 0.745, "sm": 0.775, "d6": "tick=225862 goal=0 here=0", "l": [0.47, 0.44, 0.58, 0.41, 0.37, 0.37, 0.44, 0.8, 1.05, 1.02, 1.29, 0.78, 0.21, 0.7, 0.73, 1.12]}
{"t": 5.3, "x": 1449, "y": 334, "h": 81.2, "d5": 0.731, "sm": 0.764, "d6": "tick=225882 goal=0 here=0", "l": [0.42, 0.4, 0.54, 0.43, 0.4, 0.36, 0.45, 0.83, 1.1, 1.06, 1.34, 0.74, 0.24, 0.68, 0.76, 1.1]}
{"t": 5.5, "x": 1512, "y": 342, "h": 83.0, "d5": 0.727, "sm": 0.754, "d6": "tick=225903 goal=0 here=0", "l": [0.41, 0.39, 0.51, 0.46, 0.41, 0.37, 0.46, 0.78, 1.09, 1.07, 1.34, 0.19, 0.45, 0.67, 2.52, 1.08]}
{"t": 5.7, "x": 1576, "y": 350, "h": 82.8, "d5": 0.725, "sm": 0.747, "d6": "tick=225924 goal=0 here=0", "l": [0.38, 0.36, 0.46, 0.5, 0.41, 0.38, 0.48, 0.73, 1.12, 1.12, 1.36, 0.23, 0.49, 0.64, 2.52, 1.03]}
{"t": 5.9, "x": 1640, "y": 356, "h": 84.8, "d5": 0.706, "sm": 0.737, "d6": "tick=225945 goal=0 here=0", "l": [0.33, 0.34, 0.36, 0.52, 0.38, 0.39, 0.48, 0.73, 1.15, 1.14, 1.39, 0.24, 0.64, 0.61, 2.5, 1.0]}
{"t": 7.3, "x": 1650, "y": 366, "h": 291.7, "d5": 0.704, "sm": 0.729, "d6": "tick=226085 goal=0 here=0", "l": [1.25, 0.2, 0.45, 0.66, 0.62, 1.12, 0.93, 0.33, 0.32, 0.49, 0.4, 0.43, 0.39, 0.53, 1.0, 1.16]}
{"t": 7.8, "x": 1647, "y": 367, "h": 272.9, "d5": 0.713, "sm": 0.725, "d6": "tick=226134 goal=0 here=0", "l": [1.16, 1.25, 0.22, 0.42, 0.65, 0.6, 1.1, 0.94, 0.37, 0.31, 0.5, 0.39, 0.42, 0.41, 0.55, 1.17]}
{"t": 8.0, "x": 1560, "y": 368, "h": 271.0, "d5": 0.721, "sm": 0.724, "d6": "tick=226157 goal=0 here=0", "l": [1.11, 1.22, 0.19, 0.39, 0.65, 0.6, 1.31, 0.97, 0.4, 0.34, 0.54, 0.41, 0.41, 0.42, 0.52, 1.14]}
{"t": 8.3, "x": 1453, "y": 370, "h": 270.6, "d5": 0.737, "sm": 0.727, "d6": "tick=226177 goal=0 here=0", "l": [1.04, 1.18, 1.5, 0.17, 0.63, 0.62, 1.39, 0.99, 0.44, 0.41, 0.59, 0.42, 0.39, 0.45, 0.62, 1.08]}
{"t": 8.5, "x": 1328, "y": 365, "h": 268.0, "d5": 0.755, "sm": 0.734, "d6": "tick=226208 goal=0 here=0", "l": [0.98, 1.07, 1.41, 0.6, 0.28, 0.67, 2.2, 1.07, 0.5, 0.47, 0.63, 0.45, 0.41, 0.46, 0.59, 1.0]}
{"t": 8.8, "x": 1232, "y": 356, "h": 264.6, "d5": 0.766, "sm": 0.742, "d6": "tick=226228 goal=0 here=0", "l": [0.94, 0.97, 1.23, 0.67, 0.63, 0.68, 0.77, 1.15, 0.56, 0.51, 0.63, 0.46, 0.38, 0.41, 0.59, 0.98]}
{"t": 9.0, "x": 1136, "y": 353, "h": 268.2, "d5": 0.774, "sm": 0.75, "d6": "tick=226249 goal=0 here=0", "l": [0.92, 0.88, 1.17, 0.71, 0.66, 0.3, 0.75, 1.22, 0.59, 0.58, 0.64, 0.45, 0.38, 0.4, 0.55, 0.94]}
{"t": 9.2, "x": 1030, "y": 351, "h": 268.9, "d5": 0.792, "sm": 0.761, "d6": "tick=226270 goal=0 here=0", "l": [0.9, 0.83, 1.11, 0.7, 0.64, 0.34, 0.22, 1.27, 0.66, 0.61, 0.57, 0.41, 0.4, 0.35, 0.55, 0.88]}
{"t": 9.4, "x": 925, "y": 346, "h": 267.1, "d5": 0.793, "sm": 0.769, "d6": "tick=226296 goal=0 here=0", "l": [0.86, 0.38, 0.97, 1.7, 0.59, 0.65, 0.35, 1.42, 0.71, 0.68, 0.59, 0.42, 0.4, 0.4, 0.53, 0.82]}
{"t": 9.6, "x": 858, "y": 340, "h": 265.3, "d5": 0.817, "sm": 0.781, "d6": "tick=226317 goal=0 here=0", "l": [0.82, 0.39, 0.92, 1.48, 0.61, 0.66, 0.38, 1.43, 0.75, 0.71, 0.59, 0.42, 0.38, 0.42, 0.52, 0.82]}
{"t": 9.8, "x": 795, "y": 334, "h": 264.5, "d5": 0.827, "sm": 0.792, "d6": "tick=226338 goal=0 here=0", "l": [0.79, 0.36, 0.89, 1.42, 0.68, 0.67, 0.41, 0.31, 0.75, 0.75, 0.6, 0.39, 0.35, 0.42, 0.53, 0.77]}
{"t": 10.1, "x": 729, "y": 326, "h": 262.5, "d5": 0.862, "sm": 0.81, "d6": "tick=226359 goal=0 here=0", "l": [0.75, 0.34, 0.85, 1.38, 0.67, 0.7, 0.44, 0.34, 0.84, 0.8, 0.63, 0.45, 0.34, 0.42, -1.0, 0.76]}
{"t": 10.7, "x": 729, "y": 324, "h": 320.8, "d5": 0.844, "sm": 0.818, "d6": "tick=226419 goal=0 here=0", "l": [1.05, 2.14, 0.6, 0.66, 0.42, 1.37, 0.79, 0.89, 0.47, 0.4, 0.38, 0.44, 0.55, 0.71, 0.67, 0.3]}
{"t": 11.9, "x": 724, "y": 315, "h": 89.3, "d5": 0.84, "sm": 0.824, "d6": "tick=226544 goal=0 here=0", "l": [0.8, 0.86, 0.57, 0.42, 0.34, 0.42, 0.54, 0.8, 0.7, 0.31, 0.88, 1.67, 0.67, 0.69, 0.44, 1.45]}
{"t": 12.1, "x": 810, "y": 315, "h": 90.1, "d5": 0.837, "sm": 0.827, "d6": "tick=226567 goal=0 here=0", "l": [0.78, 0.83, 0.58, -1.0, 0.34, 0.44, 0.56, 0.85, 0.75, 0.36, 0.94, 1.7, 0.6, 0.69, 0.39, 1.39]}
{"t": 12.3, "x": 907, "y": 323, "h": 85.1, "d5": 0.832, "sm": 0.828, "d6": "tick=226588 goal=0 here=0", "l": [0.72, 0.76, 0.56, 0.39, 0.36, 0.43, 0.52, 0.84, 0.83, 0.39, 0.99, 1.72, 0.61, 0.65, 0.36, 1.36]}
{"t": 12.5, "x": 998, "y": 331, "h": 84.8, "d5": 0.82, "sm": 0.826, "d6": "tick=226608 goal=0 here=0", "l": [0.65, 0.66, 0.56, 0.41, 0.4, 0.36, 0.51, 0.84, 0.89, 0.43, 1.03, 0.71, 0.61, 0.56, 0.28, 1.32]}
{"t": 12.8, "x": 1093, "y": 342, "h": 83.8, "d5": 0.807, "sm": 0.821, "d6": "tick=226629 goal=0 here=0", "l": [0.61, 0.58, 0.67, 0.45, 0.37, 0.37, 0.54, 0.72, 0.94, 0.89, 1.1, 0.72, 0.65, 0.32, 0.2, 1.29]}
{"t": 13.0, "x": 1175, "y": 356, "h": 80.0, "d5": 0.807, "sm": 0.818, "d6": "tick=226655 goal=0 here=0", "l": [0.59, 0.52, 0.68, 0.46, 0.37, 0.39, 0.54, 0.75, 0.98, 0.89, 1.15, 0.71, 0.66, 0.28, 0.73, 1.26]}
{"t": 13.2, "x": 1238, "y": 365, "h": 82.2, "d5": 0.774, "sm": 0.807, "d6": "tick=226676 goal=0 here=0", "l": [0.52, 0.51, 0.66, 0.46, 0.38, 0.41, 0.53, 0.77, 1.02, 0.94, 1.21, 0.75, 0.66, 0.25, 0.71, 1.26]}
{"t": 13.4, "x": 1302, "y": 375, "h": 80.8, "d5": 0.786, "sm": 0.802, "d6": "tick=226697 goal=0 here=0", "l": [0.51, 0.46, 0.63, 0.45, 0.36, 0.42, 0.48, 0.78, 1.06, 0.99, 1.22, 0.74, 0.64, 0.66, 0.7, 1.2]}
{"t": 13.6, "x": 1366, "y": 387, "h": 79.6, "d5": 0.77, "sm": 0.794, "d6": "tick=226717 goal=0 here=0", "l": [0.48, 0.45, 0.6, 0.46, 0.42, 0.4, 0.45, 0.83, 1.06, 1.0, 1.28, 0.74, 0.13, 0.67, 0.71, 1.17]}
{"t": 13.8, "x": 1427, "y": 399, "h": 78.7, "d5": 0.763, "sm": 0.786, "d6": "tick=226738 goal=0 here=0", "l": [0.5, 0.43, 0.58, 0.45, 0.43, 0.38, 0.45, 0.84, 1.11, 1.03, 1.29, 0.73, 0.21, 0.66, 0.69, 1.13]}
{"t": 14.1, "x": 1488, "y": 412, "h": 78.0, "d5": 0.779, "sm": 0.784, "d6": "tick=226759 goal=0 here=0", "l": [0.94, 0.4, 0.54, 0.5, 0.44, 0.41, 0.49, 0.83, 1.12, 1.07, 1.31, 0.15, 0.42, 0.64, 0.67, 1.1]}
{"t": 14.3, "x": 1551, "y": 423, "h": 79.7, "d5": 0.749, "sm": 0.775, "d6": "tick=226780 goal=0 here=0", "l": [0.92, 0.39, 0.4, 0.54, 0.44, 0.4, 0.48, 0.8, 1.13, 1.09, 1.35, 0.18, 0.42, 0.62, 0.68, 1.1]}
{"t": 14.5, "x": 1614, "y": 437, "h": 77.8, "d5": 0.737, "sm": 0.766, "d6": "tick=226800 goal=0 here=0", "l": [0.87, 0.36, 0.34, 0.56, 0.43, 0.43, 0.51, 0.79, 1.16, 1.13, 1.37, 0.24, 0.6, 0.6, 2.41, 1.04]}
{"t": 14.7, "x": 1688, "y": 448, "h": 81.6, "d5": 0.719, "sm": 0.754, "d6": "tick=226826 goal=0 here=0", "l": [0.85, 0.34, 0.29, 0.55, 0.42, 0.46, 0.51, 0.77, 1.19, 1.14, 0.19, 0.38, 0.61, 0.59, 2.36, 1.02]}
{"t": 15.1, "x": 1698, "y": 451, "h": 66.8, "d5": 0.725, "sm": 0.747, "d6": "tick=226863 goal=0 here=0", "l": [0.88, 0.31, 0.31, 0.36, 0.51, 0.43, -1.0, 0.56, 0.97, 1.16, 1.28, 0.23, 0.44, 0.6, 0.56, 1.27]}
{"t": 16.6, "x": 1698, "y": 458, "h": 274.5, "d5": 0.705, "sm": 0.736, "d6": "tick=227018 goal=0 here=0", "l": [0.79, 0.22, 0.25, 0.45, 0.58, 0.6, 1.06, 0.89, 0.32, 0.3, 0.49, 0.46, 0.44, 0.45, 0.6, 1.3]}
{"t": 17.9, "x": 1701, "y": 451, "h": 42.1, "d5": 0.69, "sm": 0.725, "d6": "tick=227141 goal=0 here=0", "l": [1.27, 0.87, 0.29, 0.31, 0.32, 0.53, 0.46, 0.45, 0.57, 1.01, 1.18, 1.25, 0.22, 0.41, 0.61, 0.53]}
{"t": 18.1, "x": 1739, "y": 492, "h": 42.6, "d5": 0.68, "sm": 0.714, "d6": "tick=227164 goal=0 here=0", "l": [1.24, 0.86, 0.28, 0.3, 0.29, 0.55, 0.45, 0.46, 0.58, 1.02, 1.18, 0.22, 0.24, 0.43, 0.59, 0.54]}
{"t": 18.3, "x": 1781, "y": 537, "h": 43.2, "d5": 0.673, "sm": 0.703, "d6": "tick=227184 goal=0 here=0", "l": [1.22, 0.89, 0.78, 0.3, 0.3, 0.57, 0.47, 0.52, 0.63, 1.04, 1.2, 0.23, 0.29, 0.42, 0.56, 0.5]}
{"t": 18.5, "x": 1821, "y": 587, "h": 38.5, "d5": 0.671, "sm": 0.695, "d6": "tick=227205 goal=0 here=0", "l": [1.21, 0.86, 0.74, 0.26, 0.29, 0.54, 0.5, 0.53, 0.66, 1.07, 1.23, 0.23, 0.38, 0.56, 0.54, 0.49]}
{"t": 18.7, "x": 1863, "y": 636, "h": 41.0, "d5": 0.667, "sm": 0.688, "d6": "tick=227226 goal=0 here=0", "l": [1.22, 0.84, 0.72, 0.23, 0.28, 0.33, 0.52, 0.56, 0.68, 1.11, 1.26, 0.27, 0.39, 0.55, 0.52, 0.44]}
{"t": 18.9, "x": 1900, "y": 688, "h": 35.0, "d5": 0.632, "sm": 0.674, "d6": "tick=227247 goal=0 here=0", "l": [1.94, 0.82, 0.74, 0.25, 0.29, 0.31, 0.55, 0.59, 0.71, 1.13, 1.29, 0.28, 0.4, 0.53, 0.47, 0.42]}
{"t": 19.1, "x": 1937, "y": 737, "h": 37.0, "d5": 0.641, "sm": 0.666, "d6": "tick=227267 goal=0 here=0", "l": [1.93, 0.8, 0.74, 0.29, 0.24, 0.31, 0.61, 0.62, 0.73, 1.16, 0.33, 0.31, 0.38, 0.51, 0.44, 0.4]}
{"t": 19.3, "x": 1978, "y": 785, "h": 40.7, "d5": 0.627, "sm": 0.656, "d6": "tick=227288 goal=0 here=0", "l": [1.97, 0.77, 0.72, 0.47, 0.21, 0.3, 0.65, 0.65, 0.76, 1.19, 0.35, 0.35, 0.38, 0.49, 0.39, 0.37]}
{"t": 19.6, "x": 2017, "y": 841, "h": 34.9, "d5": 0.6, "sm": 0.642, "d6": "tick=227310 goal=0 here=0", "l": [2.06, 0.77, 0.7, 0.49, 0.26, 0.29, 0.67, 0.66, 0.8, 1.23, 0.36, 0.42, 0.39, 0.48, 0.35, 0.34]}
{"t": 19.8, "x": 2020, "y": 844, "h": 48.7, "d5": 0.624, "sm": 0.638, "d6": "tick=227335 goal=0 here=0", "l": [0.98, 0.7, 0.66, 0.43, 0.2, 0.33, 0.63, 0.69, 0.97, 1.43, 0.34, 0.39, 0.52, 0.42, 0.33, 1.48]}
{"t": 20.0, "x": 2087, "y": 907, "h": 47.0, "d5": 0.6, "sm": 0.628, "d6": "tick=227359 goal=0 here=0", "l": [0.95, 0.68, 0.65, 0.45, 0.24, 0.34, 0.67, 0.71, 1.0, 1.45, 0.39, 0.42, 0.5, 0.4, 0.29, 1.44]}
{"t": 20.3, "x": 2153, "y": 971, "h": 45.8, "d5": 0.577, "sm": 0.615, "d6": "tick=227379 goal=0 here=0", "l": [0.91, 0.62, 0.63, 0.47, 0.34, 0.22, 0.73, 0.78, 0.94, 0.47, 0.45, 0.41, 0.46, 0.32, 0.27, 1.39]}
{"t": 20.5, "x": 2219, "y": 1040, "h": 44.0, "d5": 0.558, "sm": 0.601, "d6": "tick=227399 goal=0 here=0", "l": [0.87, 0.61, 0.59, 0.6, 0.4, 0.27, 0.44, 0.83, 0.97, 0.48, 0.48, 0.46, 0.44, 0.24, 0.23, 1.35]}
{"t": 20.7, "x": 2288, "y": 1109, "h": 45.0, "d5": 0.564, "sm": 0.592, "d6": "tick=227421 goal=0 here=0", "l": [0.81, 0.56, 0.5, 0.56, 0.41, 0.29, 0.28, 0.83, 1.02, 0.53, 0.51, 0.52, 0.42, 0.21, 0.21, 1.3]}
{"t": 20.9, "x": 2334, "y": 1156, "h": 44.2, "d5": 0.553, "sm": 0.582, "d6": "tick=227442 goal=0 here=0", "l": [0.78, 0.57, 0.48, 0.54, 0.42, 0.36, 0.3, 0.84, 1.06, 0.55, 0.55, 0.56, 0.3, 0.19, 0.25, 1.27]}
{"t": 21.1, "x": 2376, "y": 1200, "h": 44.0, "d5": 0.544, "sm": 0.573, "d6": "tick=227462 goal=0 here=0", "l": [0.76, 0.54, 0.47, 0.54, 0.45, 0.4, 0.31, 0.84, 1.07, 0.57, 0.57, 0.58, 0.22, 0.16, 0.27, 1.25]}
{"t": 21.3, "x": 2419, "y": 1248, "h": 41.9, "d5": 0.539, "sm": 0.564, "d6": "tick=227483 goal=0 here=0", "l": [0.71, 0.54, 0.45, 0.54, 0.55, 0.44, 0.34, 0.84, 1.11, 0.62, 0.57, 0.58, 0.19, 0.13, 0.27, 1.2]}
{"t": 21.5, "x": 2461, "y": 1296, "h": 40.9, "d5": 0.53, "sm": 0.556, "d6": "tick=227504 goal=0 here=0", "l": [0.69, 0.51, 0.46, 0.49, 0.59, 0.44, 0.36, 0.89, 1.14, 0.64, 0.56, 0.53, 0.17, 0.18, 1.11, 1.19]}
{"t": 21.7, "x": 2503, "y": 1346, "h": 39.3, "d5": 0.512, "sm": 0.545, "d6": "tick=227525 goal=0 here=0", "l": [0.68, 0.45, 0.42, 0.42, 0.56, 0.46, 0.42, 0.93, 1.18, 0.65, 0.59, 0.25, 0.13, 0.2, 1.1, 1.15]}
{"t": 21.9, "x": 2540, "y": 1399, "h": 35.4, "d5": 0.516, "sm": 0.538, "d6": "tick=227546 goal=0 here=0", "l": [0.65, 0.43, 0.39, 0.39, 0.5, 0.46, 0.47, 0.45, 1.21, 0.71, 0.6, 0.18, 0.15, 0.2, 1.06, 1.11]}
{"t": 22.1, "x": 2577, "y": 1446, "h": 38.6, "d5": 0.512, "sm": 0.531, "d6": "tick=227566 goal=0 here=0", "l": [0.62, 0.41, 0.37, 0.35, 0.49, 0.49, 0.51, 0.47, 1.2, 0.71, 0.58, 0.16, 0.16, 0.22, 1.03, 1.09]}
{"t": 22.3, "x": 2618, "y": 1496, "h": 39.4, "d5": 0.504, "sm": 0.524, "d6": "tick=227587 goal=0 here=0", "l": [0.6, 0.38, 0.37, 0.35, 0.5, 0.6, 0.53, 0.49, 1.25, 0.72, 0.64, 0.16, 0.17, 0.42, 1.01, 1.06]}
{"t": 22.5, "x": 2654, "y": 1547, "h": 34.9, "d5": 0.474, "sm": 0.512, "d6": "tick=227608 goal=0 here=0", "l": [0.57, 0.34, 0.36, 0.34, 0.47, 0.62, 0.56, 0.52, 1.23, 0.77, 0.66, 0.18, 0.2, 0.43, 0.99, 1.03]}
{"t": 24.1, "x": 2650, "y": 1559, "h": 240.9, "d5": 0.485, "sm": 0.505, "d6": "tick=227759 goal=0 here=0", "l": [0.75, 0.18, 0.18, 0.19, 0.41, 0.99, 1.02, 0.55, 0.34, 0.33, 0.33, 0.5, 0.62, 0.55, 0.54, 1.32]}
{"t": 24.8, "x": 2648, "y": 1555, "h": 177.2, "d5": 0.478, "sm": 0.498, "d6": "tick=227832 goal=0 here=0", "l": [0.56, 1.03, 1.43, 0.75, 0.17, 0.17, 0.19, 0.47, 0.99, 1.64, 0.54, -1.0, 0.35, 0.35, 0.51, 0.51]}
{"t": 25.4, "x": 2650, "y": 1559, "h": 214.7, "d5": 0.487, "sm": 0.495, "d6": "tick=227889 goal=0 here=0", "l": [1.19, 0.76, 0.64, 0.17, 0.17, 0.4, 0.98, 1.01, 1.42, 0.35, 0.36, 0.34, 0.46, 0.65, 0.55, 0.54]}
{"t": 25.6, "x": 2616, "y": 1514, "h": 217.4, "d5": 0.492, "sm": 0.495, "d6": "tick=227911 goal=0 here=0", "l": [1.18, 0.73, 0.62, 0.17, 0.18, 0.41, 1.02, 1.04, 1.44, 0.38, 0.37, 0.37, 0.51, 0.63, 0.53, 0.47]}
{"t": 25.8, "x": 2576, "y": 1465, "h": 218.6, "d5": 0.508, "sm": 0.498, "d6": "tick=227932 goal=0 here=0", "l": [1.15, 0.74, 0.63, 0.15, 0.17, 0.2, 1.04, 1.05, 1.56, 0.4, 0.36, 0.37, 0.5, 0.56, 0.53, 0.47]}
{"t": 26.0, "x": 2528, "y": 1402, "h": 217.7, "d5": 0.511, "sm": 0.501, "d6": "tick=227958 goal=0 here=0", "l": [1.09, 0.74, 0.62, 0.2, 0.15, 0.19, 1.1, 1.06, 1.66, 0.41, 0.39, 0.35, 0.5, 0.48, 0.51, 0.45]}
{"t": 26.2, "x": 2491, "y": 1352, "h": 216.2, "d5": 0.52, "sm": 0.506, "d6": "tick=227978 goal=0 here=0", "l": [1.04, 1.55, 0.66, 0.62, 0.15, 0.18, 0.54, 1.04, 1.73, 0.46, 0.4, 0.39, 0.5, 0.45, 0.45, 0.42]}
{"t": 26.5, "x": 2457, "y": 1297, "h": 212.3, "d5": 0.522, "sm": 0.51, "d6": "tick=227999 goal=0 here=0", "l": [1.02, 1.54, -1.0, 0.59, 0.18, 0.14, 0.24, 1.08, 1.79, 0.49, 0.39, 0.41, 0.49, 0.42, 0.42, 0.4]}
{"t": 26.7, "x": 2421, "y": 1244, "h": 213.4, "d5": 0.53, "sm": 0.515, "d6": "tick=228020 goal=0 here=0", "l": [0.97, 1.5, 0.6, 0.56, 0.22, 0.16, 0.23, 1.09, 1.83, 0.53, 0.46, 0.44, 0.54, 0.42, 0.38, 0.37]}
{"t": 26.9, "x": 2388, "y": 1191, "h": 212.4, "d5": 0.526, "sm": 0.518, "d6": "tick=228041 goal=0 here=0", "l": [0.93, 1.46, 0.56, 0.52, 0.45, 0.2, 0.24, 1.15, 1.88, 0.56, 0.48, 0.51, 0.58, 0.4, 0.32, 0.33]}
{"t": 27.2, "x": 2384, "y": 1186, "h": 228.6, "d5": 0.529, "sm": 0.521, "d6": "tick=228073 goal=0 here=0", "l": [1.09, 0.56, 0.53, 0.53, 0.21, 0.18, 1.18, 1.83, 0.6, 0.49, 0.45, 0.51, 0.39, 0.4, 0.31, 0.89]}
{"t": 27.4, "x": 2348, "y": 1145, "h": 221.8, "d5": 0.548, "sm": 0.527, "d6": "tick=228095 goal=0 here=0", "l": [1.06, 0.56, 0.55, 0.57, 0.27, 0.2, 0.3, 1.28, 0.79, 0.53, 0.47, 0.53, 0.41, 0.35, 0.31, 0.83]}
{"t": 27.6, "x": 2302, "y": 1100, "h": 225.2, "d5": 0.554, "sm": 0.534, "d6": "tick=228116 goal=0 here=0", "l": [1.03, 0.55, 0.53, 0.54, 0.41, 0.21, 0.21, 1.3, 0.81, 0.55, 0.49, 0.54, 0.4, 0.29, 0.28, 0.82]}
{"t": 27.8, "x": 2259, "y": 1052, "h": 222.3, "d5": 0.565, "sm": 0.542, "d6": "tick=228136 goal=0 here=0", "l": [0.97, 1.61, 0.51, 0.46, 0.45, 0.24, 0.23, 1.28, 0.85, 0.61, 0.49, 0.54, 0.4, 0.27, 0.27, 0.75]}
{"t": 28.0, "x": 2200, "y": 987, "h": 221.8, "d5": 0.573, "sm": 0.55, "d6": "tick=228157 goal=0 here=0", "l": [0.9, 1.38, 0.44, 0.44, 0.53, 0.34, 0.26, 1.27, 0.92, 0.63, 0.53, 0.6, 0.4, 0.23, 0.38, 0.71]}
{"t": 28.2, "x": 2145, "y": 908, "h": 215.1, "d5": 0.593, "sm": 0.56, "d6": "tick=228178 goal=0 here=0", "l": [0.83, 1.31, 0.4, 0.45, 0.53, 0.46, 0.31, 1.31, 1.0, 0.69, 0.62, 0.62, 0.38, 0.2, 0.35, 0.68]}
{"t": 28.5, "x": 2084, "y": 833, "h": 218.7, "d5": 0.614, "sm": 0.574, "d6": "tick=228199 goal=0 here=0", "l": [0.75, 1.24, 0.39, 0.44, 0.48, 0.49, 0.34, 0.34, 1.88, 0.72, 0.67, 0.45, 0.21, 0.2, 0.34, 0.63]}
{"t": 28.7, "x": 2031, "y": 753, "h": 214.1, "d5": 0.61, "sm": 0.583, "d6": "tick=228220 goal=0 here=0", "l": [0.71, 1.2, 0.36, 0.36, 0.42, 0.54, 0.42, 0.39, 2.09, 0.75, 0.7, 0.45, 0.18, 0.26, 0.63, 0.59]}
{"t": 28.9, "x": 1981, "y": 689, "h": 217.6, "d5": 0.627, "sm": 0.594, "d6": "tick=228245 goal=0 here=0", "l": [0.66, 1.09, 1.4, 0.32, 0.42, 0.54, 0.44, 0.42, 2.13, 0.77, 0.73, 0.26, 0.19, 0.26, 0.62, 0.56]}
{"t": 29.1, "x": 1945, "y": 636, "h": 214.0, "d5": 0.651, "sm": 0.608, "d6": "tick=228266 goal=0 here=0", "l": [0.6, 0.97, 1.4, 0.31, 0.41, 0.58, 0.54, 0.44, 2.23, 0.82, 0.76, 0.19, 0.22, 0.25, 0.58, 0.53]}
{"t": 29.3, "x": 1909, "y": 585, "h": 215.1, "d5": 0.659, "sm": 0.621, "d6": "tick=228287 goal=0 here=0", "l": [0.56, 0.92, 1.36, 0.31, 0.41, 0.56, 0.56, 0.44, 2.28, 0.84, 0.75, 0.19, 0.25, 0.27, 0.55, 0.52]}
{"t": 29.5, "x": 1871, "y": 532, "h": 216.2, "d5": 0.651, "sm": 0.628, "d6": "tick=228308 goal=0 here=0", "l": [0.53, 0.87, 1.3, 1.25, 0.33, 0.43, 0.58, 0.49, 2.34, 0.86, 0.78, 0.2, 0.23, 0.27, 0.53, 0.48]}
{"t": 29.7, "x": 1839, "y": 480, "h": 210.9, "d5": 0.665, "sm": 0.638, "d6": "tick=228328 goal=0 here=0", "l": [0.53, 0.83, 1.28, 1.24, 0.29, -1.0, 0.61, 0.54, 2.4, 0.89, 0.76, 0.24, 0.26, 0.43, 0.47, 0.46]}
{"t": 30.0, "x": 1804, "y": 427, "h": 214.1, "d5": 0.678, "sm": 0.648, "d6": "tick=228349 goal=0 here=0", "l": [0.46, 0.64, 1.3, 1.23, 0.29, 0.46, 0.62, 0.56, 2.41, 0.94, 0.24, 0.26, 0.25, 0.43, 0.42, 0.43]}
{"t": 30.2, "x": 1771, "y": 369, "h": 209.3, "d5": 0.686, "sm": 0.657, "d6": "tick=228370 goal=0 here=0", "l": [0.42, 0.59, 1.33, 0.81, 0.29, 0.45, 0.65, 0.6, 2.39, 0.96, 0.27, 0.27, 0.23, 0.46, 0.4, 0.42]}
{"t": 30.4, "x": 1743, "y": 315, "h": 208.1, "d5": 0.684, "sm": 0.664, "d6": "tick=228391 goal=0 here=0", "l": [0.4, 0.53, 1.28, 0.84, 1.35, 0.32, 0.7, 0.64, 2.37, 0.99, 0.28, 0.29, 0.25, 0.46, 0.36, 0.39]}
{"t": 30.6, "x": 1707, "y": 251, "h": 208.6, "d5": 0.708, "sm": 0.675, "d6": "tick=228412 goal=0 here=0", "l": [0.35, 0.52, 1.19, 1.09, 1.31, 0.31, 0.72, 0.67, 2.4, 1.01, 0.32, 0.28, 0.3, 0.47, 0.32, 0.35]}
{"t": 30.8, "x": 1675, "y": 189, "h": 208.0, "d5": 0.703, "sm": 0.682, "d6": "tick=228438 goal=0 here=0", "l": [0.31, 0.46, 0.94, 1.17, 1.3, 0.3, 0.55, 0.73, 2.43, 1.04, 0.33, 0.24, 0.38, 0.44, 0.3, 0.3]}
{"t": 31.6, "x": 1675, "y": 186, "h": 268.1, "d5": 0.728, "sm": 0.693, "d6": "tick=228508 goal=0 here=0", "l": [1.25, 1.21, 1.64, 0.52, 0.76, 0.72, 1.16, 0.34, 0.28, 0.29, 0.42, 0.3, 0.31, 0.31, 0.42, 0.76]}
{"t": 32.0, "x": 1678, "y": 185, "h": 281.9, "d5": 0.713, "sm": 0.698, "d6": "tick=228547 goal=0 here=0", "l": [0.78, 1.47, 0.34, 0.74, 0.69, 1.4, 0.35, 0.3, 0.26, 0.41, -1.0, 0.29, 0.3, 0.33, 0.49, 1.2]}
{"t": 32.2, "x": 1597, "y": 203, "h": 281.9, "d5": 0.703, "sm": 0.7, "d6": "tick=228569 goal=0 here=0", "l": [0.76, 1.43, 0.28, 0.73, 0.73, 2.42, 0.99, 0.38, 0.3, 0.46, 0.34, 0.32, 0.3, 0.35, 0.64, 1.13]}
{"t": 32.4, "x": 1504, "y": 223, "h": 282.6, "d5": 0.716, "sm": 0.704, "d6": "tick=228590 goal=0 here=0", "l": [0.71, 1.33, 0.85, 0.5, 0.72, 2.52, 1.08, 0.42, 0.34, 0.49, 0.34, 0.34, 0.31, 0.41, 0.62, 1.1]}
{"t": 32.6, "x": 1409, "y": 242, "h": 281.1, "d5": 0.734, "sm": 0.711, "d6": "tick=228611 goal=0 here=0", "l": [0.69, 1.21, 0.84, 0.27, 0.74, 0.78, 1.12, 0.44, 0.38, 0.53, 0.35, 0.36, 0.33, 0.41, 0.62, 1.03]}
{"t": 32.8, "x": 1314, "y": 254, "h": 277.2, "d5": 0.756, "sm": 0.722, "d6": "tick=228632 goal=0 here=0", "l": [0.64, 1.15, 0.82, 0.74, 0.71, 0.76, 1.24, 0.5, -1.0, 0.6, 0.39, 0.33, 0.34, 0.37, 0.64, 1.0]}
{"t": 33.0, "x": 1222, "y": 266, "h": 277.3, "d5": 0.783, "sm": 0.738, "d6": "tick=228652 goal=0 here=0", "l": [0.61, 1.08, 1.59, 0.7, 0.33, 0.73, 1.3, 0.54, 0.51, 0.64, 0.43, 0.33, 0.34, 0.38, 0.65, 0.95]}
{"t": 33.2, "x": 1126, "y": 280, "h": 278.7, "d5": 0.77, "sm": 0.746, "d6": "tick=228673 goal=0 here=0", "l": [0.76, 1.03, 1.52, 0.63, 0.36, 0.76, 1.33, 1.16, 0.54, 0.67, 0.44, 0.34, 0.37, 0.4, 0.65, 0.92]}
{"t": 33.4, "x": 1032, "y": 294, "h": 278.3, "d5": 0.805, "sm": 0.761, "d6": "tick=228694 goal=0 here=0", "l": [0.73, 0.99, 1.4, 0.67, 0.67, 0.33, 1.52, 1.23, 0.6, 0.74, 0.49, 0.34, 0.36, 0.45, 0.65, 0.88]}
{"t": 33.6, "x": 935, "y": 305, "h": 276.6, "d5": 0.805, "sm": 0.772, "d6": "tick=228715 goal=0 here=0", "l": [0.81, 0.93, 1.33, 0.69, 0.7, 0.35, 1.6, 1.27, 0.64, 0.8, 0.48, 0.38, 0.34, 0.46, 0.62, 0.83]}
{"t": 34.3, "x": 923, "y": 304, "h": 216.5, "d5": 0.806, "sm": 0.78, "d6": "tick=228785 goal=0 here=0", "l": [0.48, 0.67, 0.85, 0.43, 0.97, 1.5, 0.61, 0.68, 0.37, 1.42, 0.69, 0.68, 0.55, 0.38, 0.37, 0.35]}
{"t": 34.5, "x": 890, "y": 260, "h": 216.9, "d5": 0.809, "sm": 0.787, "d6": "tick=228807 goal=0 here=0", "l": [0.44, 0.6, 0.78, 0.67, 0.94, 1.41, 0.71, 0.7, 0.39, 1.44, 1.23, 0.65, 0.59, 0.39, 0.37, 0.32]}
{"t": 34.9, "x": 887, "y": 254, "h": 201.0, "d5": 0.818, "sm": 0.795, "d6": "tick=228839 goal=0 here=0", "l": [0.41, 0.52, 0.83, 0.8, 0.4, 1.08, 0.72, 0.63, 0.62, 0.31, 1.31, 0.73, 0.77, 0.51, 0.35, 0.33]}
{"t": 35.4, "x": 888, "y": 256, "h": 240.4, "d5": 0.797, "sm": 0.796, "d6": "tick=228895 goal=0 here=0", "l": [0.6, 0.79, 0.62, 0.95, 1.46, 0.68, 0.71, 0.38, 1.46, 0.71, 0.67, 0.55, 0.36, 0.36, 0.31, 0.43]}
{"t": 35.6, "x": 839, "y": 227, "h": 238.8, "d5": 0.815, "sm": 0.8, "d6": "tick=228918 goal=0 here=0", "l": [0.56, 0.78, 0.63, 0.94, 1.42, 0.71, 0.7, 0.41, 1.47, 0.74, 0.74, 0.55, 0.36, 0.32, 0.34, 0.42]}
{"t": 36.2, "x": 832, "y": 220, "h": 202.4, "d5": 0.817, "sm": 0.805, "d6": "tick=228976 goal=0 here=0", "l": [0.39, 0.5, 0.8, 0.77, 0.4, 1.01, 1.89, 0.63, 0.63, 0.35, 1.34, 0.72, 0.8, 0.45, 0.33, 0.3]}
{"t": 36.9, "x": 834, "y": 222, "h": 249.1, "d5": 0.814, "sm": 0.807, "d6": "tick=229044 goal=0 here=0", "l": [0.77, 0.86, 0.42, 0.98, 1.75, 0.68, 0.72, 0.4, 1.4, 0.73, 0.79, 0.53, 0.36, 0.29, 0.38, 0.44]}
{"t": 37.2, "x": 784, "y": 201, "h": 247.0, "d5": 0.825, "sm": 0.811, "d6": "tick=229076 goal=0 here=0", "l": [0.73, 0.8, 0.58, 0.94, 1.74, 0.68, 0.76, 0.43, 1.41, 0.77, 0.81, 0.48, 0.35, 0.28, 0.38, 0.44]}
{"t": 37.4, "x": 724, "y": 171, "h": 243.7, "d5": 0.852, "sm": 0.822, "d6": "tick=229098 goal=0 here=0", "l": [0.69, 0.76, 0.59, 0.31, 1.49, 0.74, 0.75, 0.46, 1.45, 0.81, 0.85, 0.43, 0.34, 0.26, 0.35, 0.43]}
{"t": 37.6, "x": 668, "y": 145, "h": 244.2, "d5": 0.861, "sm": 0.831, "d6": "tick=229118 goal=0 here=0", "l": [0.67, 0.69, 0.57, 0.35, 1.46, 0.75, 0.79, 0.51, 1.49, 0.82, 0.86, 0.39, 0.34, 0.27, 0.33, 0.4]}
{"t": 38.3, "x": 662, "y": 140, "h": 204.6, "d5": 0.856, "sm": 0.838, "d6": "tick=229179 goal=0 here=0", "l": [0.35, 0.44, -1.0, 0.71, 0.53, 0.31, 1.77, 0.71, 0.81, 0.48, 1.4, 0.75, -1.0, 0.38, 0.26, 0.29]}
{"t": 39.0, "x": 665, "y": 141, "h": 266.4, "d5": 0.845, "sm": 0.839, "d6": "tick=229250 goal=0 here=0", "l": [0.69, 0.68, 0.32, 1.43, 0.75, 0.81, 0.52, 1.53, 0.83, 0.86, 0.41, 0.32, 0.27, 0.33, 0.38, 0.67]}
{"t": 39.2, "x": 584, "y": 132, "h": 263.2, "d5": 0.861, "sm": 0.845, "d6": "tick=229272 goal=0 here=0", "l": [0.65, 0.65, 0.32, 1.31, 0.74, 0.81, 0.55, 1.61, 0.87, 0.9, 0.41, 0.28, 0.28, 0.33, 0.4, 0.61]}
{"t": 39.4, "x": 488, "y": 121, "h": 263.7, "d5": 0.878, "sm": 0.853, "d6": "tick=229293 goal=0 here=0", "l": [0.57, 0.59, 0.31, 0.26, 2.81, 0.75, 0.62, 1.67, 0.93, 0.94, 0.42, 0.28, 0.33, 0.29, 0.39, 0.59]}
{"t": 39.6, "x": 422, "y": 113, "h": 263.1, "d5": 0.876, "sm": 0.859, "d6": "tick=229314 goal=0 here=0", "l": [0.55, 0.55, 0.44, 0.26, 2.78, 0.73, 0.8, 0.51, 0.97, 0.98, 0.44, 0.28, 0.3, 0.3, 0.37, 0.55]}
{"t": 39.8, "x": 362, "y": 100, "h": 257.2, "d5": 0.892, "sm": 0.867, "d6": "tick=229334 goal=0 here=0", "l": [0.52, 0.52, 0.41, 0.24, 0.24, 0.74, 0.81, 0.58, 0.99, 1.02, 0.45, 0.3, 0.29, 0.31, 0.36, 0.52]}
{"t": 40.5, "x": 352, "y": 95, "h": 196.1, "d5": 0.881, "sm": 0.871, "d6": "tick=229401 goal=0 here=0", "l": [0.29, 0.33, 0.53, 0.55, 0.51, 0.39, 0.24, 2.82, 0.75, 0.81, 1.73, 0.98, 0.78, 0.41, 0.31, 0.29]}
{"t": 40.5, "x": 352, "y": 95, "h": 196.5, "d5": 0.879, "sm": 0.873, "d6": "tick=229406 goal=0 here=0", "l": [0.3, 0.33, 0.54, 0.52, 0.52, 0.41, 0.26, 0.24, 0.74, 0.81, 0.54, 1.0, 1.02, 0.43, 0.32, 0.27]}
{"t": 40.6, "x": 352, "y": 94, "h": 194.7, "d5": 0.889, "sm": 0.877, "d6": "tick=229411 goal=0 here=0", "l": [0.29, -1.0, 0.51, 0.52, 0.52, 0.41, 0.26, 0.24, 0.74, 0.82, 0.56, 1.0, 1.01, 0.45, 0.31, 0.27]}
{"t": 41.1, "x": 354, "y": 96, "h": 233.4, "d5": 0.894, "sm": 0.881, "d6": "tick=229464 goal=0 here=0", "l": [0.52, 0.52, 0.52, 0.41, 0.24, 0.25, 0.78, 0.88, 0.62, 1.59, 0.97, 0.5, 0.32, 0.31, 0.28, 0.36]}
{"t": 41.3, "x": 308, "y": 66, "h": 236.2, "d5": 0.883, "sm": 0.882, "d6": "tick=229486 goal=0 here=0", "l": [0.49, 0.53, 0.51, 0.43, 0.29, 0.27, 0.81, 0.89, 0.66, 1.6, 1.03, 0.48, 0.32, 0.29, 0.26, 0.32]}
{"t": 41.7, "x": 302, "y": 59, "h": 217.8, "d5": 0.882, "sm": 0.882, "d6": "tick=229521 goal=0 here=0", "l": [0.31, 0.51, 0.48, 0.48, 0.39, 0.24, 0.27, 0.77, 0.85, 1.75, 1.02, 0.79, 0.3, 0.3, 0.27, 0.27]}
{"t": 42.2, "x": 301, "y": 59, "h": 199.7, "d5": 0.891, "sm": 0.884, "d6": "tick=229569 goal=0 here=0", "l": [0.32, 0.29, 0.55, 0.49, 0.51, 0.4, 0.24, 0.28, 0.77, 0.73, 1.66, 0.97, 0.76, 0.32, 0.3, 0.26]}
{"t": 43.3, "x": 306, "y": 49, "h": 92.2, "d5": 0.887, "sm": 0.885, "d6": "tick=229678 goal=0 here=0", "l": [0.95, 0.5, 0.3, 0.27, 0.26, 0.31, 0.31, 0.56, 0.57, 0.55, 0.39, 0.24, 0.77, 0.91, 0.67, 1.58]}
{"t": 44.1, "x": 301, "y": 55, "h": 176.1, "d5": 0.908, "sm": 0.891, "d6": "tick=229761 goal=0 here=0", "l": [0.25, 0.27, 0.33, 0.48, 0.47, 0.49, 0.41, 0.25, 0.28, 0.79, 0.85, 0.61, 1.03, 1.01, 0.37, 0.32]}
{"t": 44.5, "x": 301, "y": 55, "h": 192.4, "d5": 0.882, "sm": 0.888, "d6": "tick=229804 goal=0 here=0", "l": [0.26, 0.31, 0.47, 0.47, 0.5, 0.41, 0.27, 0.29, 0.81, 0.88, 0.62, 1.02, 1.0, 0.45, 0.31, 0.26]}
{"t": 44.6, "x": 301, "y": 54, "h": 192.9, "d5": 0.902, "sm": 0.892, "d6": "tick=229809 goal=0 here=0", "l": [0.28, 0.3, 0.48, 0.47, 0.51, 0.39, 0.25, 0.27, 0.81, 0.87, 0.6, 1.02, 1.02, 0.44, 0.31, 0.26]}
{"t": 44.6, "x": 301, "y": 55, "h": 193.6, "d5": 0.902, "sm": 0.894, "d6": "tick=229814 goal=0 here=0", "l": [0.25, 0.31, 0.48, 0.48, 0.49, 0.4, 0.25, 0.27, 0.8, 0.86, 0.61, 1.03, 1.02, 0.46, 0.33, 0.25]}
{"t": 46.8, "x": 396, "y": 405, "h": 66.1, "d5": 0.848, "sm": 0.883, "d6": "tick=230031 goal=0 here=0", "l": [0.53, 0.95, 1.02, 0.59, 0.41, 0.45, 0.49, 0.62, 0.58, 0.51, 0.17, 0.13, 1.25, 0.58, 0.57, 0.69]}
{"t": 48.0, "x": 391, "y": 411, "h": 191.1, "d5": 0.849, "sm": 0.874, "d6": "tick=230152 goal=0 here=0", "l": [0.46, 0.47, 0.69, 0.58, 0.18, 0.12, 0.09, 2.61, 0.62, 0.73, 0.51, 1.54, 0.92, 0.76, 0.49, 0.45]}
{"t": 48.2, "x": 379, "y": 355, "h": 191.9, "d5": 0.858, "sm": 0.87, "d6": "tick=230175 goal=0 here=0", "l": [0.43, 0.45, 0.68, 0.6, 0.39, 0.16, 0.14, 2.62, 0.63, 0.75, 0.54, 1.56, 0.92, 0.74, 0.43, 0.44]}
{"t": 48.4, "x": 367, "y": 292, "h": 191.4, "d5": 0.866, "sm": 0.869, "d6": "tick=230196 goal=0 here=0", "l": [0.37, 0.42, 0.63, 0.58, 0.54, 0.19, 0.16, 2.28, 0.68, 0.79, 0.58, 1.55, 0.97, 0.63, 0.39, 0.41]}
{"t": 48.6, "x": 355, "y": 232, "h": 191.0, "d5": 0.879, "sm": 0.872, "d6": "tick=230216 goal=0 here=0", "l": [0.37, 0.38, 0.57, 0.56, 0.5, 0.37, 0.18, 0.19, 0.72, 0.81, 0.6, 1.58, 0.98, 0.53, 0.36, 0.35]}
{"t": 48.8, "x": 342, "y": 170, "h": 191.4, "d5": 0.869, "sm": 0.871, "d6": "tick=230237 goal=0 here=0", "l": [0.32, 0.37, 0.54, 0.51, 0.51, 0.38, 0.22, 0.2, 0.74, 0.84, 0.61, 1.56, 1.0, 0.52, 0.34, 0.34]}
{"t": 48.9, "x": 341, "y": 162, "h": 191.4, "d5": 0.876, "sm": 0.872, "d6": "tick=230240 goal=0 here=0", "l": [0.31, 0.37, 0.53, 0.51, 0.49, 0.39, 0.22, 0.23, 0.76, 0.86, 0.61, 1.56, 1.01, 0.5, 0.33, 0.34]}
{"t": 49.0, "x": 341, "y": 163, "h": 187.8, "d5": 0.878, "sm": 0.874, "d6": "tick=230250 goal=0 here=0", "l": [0.32, 0.37, 0.54, 0.52, 0.5, 0.39, 0.21, 0.21, 0.76, 0.87, 0.61, 1.56, 1.02, 0.51, 0.33, 0.33]}
{"t": 49.7, "x": 342, "y": 165, "h": 229.5, "d5": 0.87, "sm": 0.873, "d6": "tick=230317 goal=0 here=0", "l": [0.52, 0.56, 0.55, 0.41, 0.23, 0.21, 0.72, 0.84, 0.63, 1.55, 0.91, 0.71, 0.35, 0.36, 0.32, 0.36]}
{"t": 50.3, "x": 341, "y": 164, "h": 190.6, "d5": 0.873, "sm": 0.873, "d6": "tick=230378 goal=0 here=0", "l": [0.34, 0.36, 0.54, 0.52, 0.5, 0.38, 0.21, 0.22, 0.72, 0.85, 0.61, 0.99, 1.05, 0.49, 0.33, 0.33]}
{"t": 50.3, "x": 341, "y": 164, "h": 189.4, "d5": 0.878, "sm": 0.874, "d6": "tick=230387 goal=0 here=0", "l": [0.33, 0.38, 0.55, 0.52, 0.49, 0.4, 0.2, 0.22, 0.73, 0.85, 0.62, 1.04, 1.04, 0.51, 0.34, 0.32]}
{"t": 50.4, "x": 340, "y": 164, "h": 192.8, "d5": 0.885, "sm": 0.877, "d6": "tick=230390 goal=0 here=0", "l": [0.32, 0.36, 0.54, 0.5, 0.49, 0.38, 0.22, 0.2, 0.76, 0.87, 0.59, 1.05, 1.04, 0.52, 0.35, 0.33]}
{"t": 50.4, "x": 340, "y": 164, "h": 191.2, "d5": 0.868, "sm": 0.875, "d6": "tick=230396 goal=0 here=0", "l": [0.32, 0.37, 0.54, 0.51, 0.48, 0.38, 0.2, 0.2, 0.74, 0.85, 0.63, 1.03, 1.03, 0.51, 0.34, 0.34]}
{"t": 52.4, "x": 418, "y": 517, "h": 84.7, "d5": 0.844, "sm": 0.867, "d6": "tick=230590 goal=0 here=0", "l": [0.95, 1.02, 0.6, 0.44, 0.45, 0.51, 0.64, 0.6, 0.55, -1.0, 0.7, 1.28, 0.56, 0.56, 0.67, 0.52]}
{"t": 53.3, "x": 412, "y": 523, "h": 190.8, "d5": 0.849, "sm": 0.862, "d6": "tick=230686 goal=0 here=0", "l": [0.47, 0.5, 0.71, 0.65, 0.18, 0.14, 0.92, 2.03, 0.61, 0.68, 0.51, 0.46, 0.93, 0.84, 0.55, 0.47]}
{"t": 53.6, "x": 399, "y": 449, "h": 189.6, "d5": 0.846, "sm": 0.858, "d6": "tick=230710 goal=0 here=0", "l": [0.44, 0.48, 0.65, 0.62, 0.39, 0.17, 0.09, 2.06, 0.61, 0.73, 0.53, 0.45, 0.92, 0.8, 0.53, 0.44]}
{"t": 53.8, "x": 390, "y": 384, "h": 188.0, "d5": 0.858, "sm": 0.858, "d6": "tick=230736 goal=0 here=0", "l": [0.4, 0.45, 0.6, 0.58, 0.55, 0.19, 0.18, 1.8, 0.69, 0.75, 0.55, 1.52, 0.91, 0.78, 0.48, 0.4]}
{"t": 54.0, "x": 381, "y": 321, "h": 188.2, "d5": 0.875, "sm": 0.862, "d6": "tick=230756 goal=0 here=0", "l": [0.35, 0.43, 0.56, 0.56, 0.52, 0.39, 0.2, 1.82, 0.69, 0.78, 0.57, 1.5, 0.91, 0.73, 0.44, 0.37]}
{"t": 54.2, "x": 373, "y": 260, "h": 187.6, "d5": 0.873, "sm": 0.865, "d6": "tick=230777 goal=0 here=0", "l": [0.33, 0.41, 0.55, 0.56, 0.54, 0.42, 0.23, 0.2, 0.74, 0.82, 0.63, 1.52, 0.88, 0.69, 0.35, 0.35]}
{"t": 55.1, "x": 377, "y": 248, "h": 101.8, "d5": 0.875, "sm": 0.868, "d6": "tick=230865 goal=0 here=0", "l": [1.0, 0.46, 0.32, 0.34, 0.33, 0.39, 0.58, 0.55, 0.54, 0.4, 0.23, 2.75, 0.69, 0.79, 0.55, 0.96]}
{"t": 56.0, "x": 373, "y": 252, "h": 182.0, "d5": 0.874, "sm": 0.869, "d6": "tick=230950 goal=0 here=0", "l": [0.31, 0.39, 0.38, 0.61, 0.56, 0.42, 0.23, 0.21, 0.71, 0.82, 0.58, 1.54, 0.92, 0.73, 0.43, 0.34]}
{"t": 56.9, "x": 377, "y": 249, "h": 99.3, "d5": 0.858, "sm": 0.866, "d6": "tick=231043 goal=0 here=0", "l": [0.93, 0.55, 0.32, 0.35, 0.33, 0.39, 0.57, 0.53, 0.54, 0.41, 0.24, 2.15, 0.75, 0.83, 0.59, 1.54]}
{"t": 57.1, "x": 435, "y": 239, "h": 99.2, "d5": 0.863, "sm": 0.866, "d6": "tick=231066 goal=0 here=0", "l": [0.9, 0.65, 0.35, 0.32, 0.32, 0.39, 0.42, 0.58, 0.56, 0.42, 0.25, 1.95, 0.76, 0.82, 0.58, 1.53]}
{"t": 57.3, "x": 523, "y": 230, "h": 95.9, "d5": 0.858, "sm": 0.864, "d6": "tick=231086 goal=0 here=0", "l": [0.83, 0.65, 0.38, 0.28, 0.33, 0.35, 0.44, 0.66, 0.61, 0.46, 0.26, 2.16, 0.71, 0.79, 0.52, 1.48]}
{"t": 58.2, "x": 527, "y": 234, "h": 182.6, "d5": 0.846, "sm": 0.859, "d6": "tick=231174 goal=0 here=0", "l": [0.31, 0.35, 0.45, 0.72, 0.67, 0.48, 0.28, 1.71, 0.75, 0.81, 0.54, 1.48, 0.84, 0.7, 0.4, 0.29]}
{"t": 59.0, "x": 527, "y": 239, "h": 246.8, "d5": 0.822, "sm": 0.85, "d6": "tick=231243 goal=0 here=0", "l": [0.64, 0.67, 0.65, 0.28, 1.32, 0.7, 0.79, 0.54, 1.61, 0.9, 0.92, 0.44, 0.3, 0.31, 0.31, 0.44]}
{"t": 59.2, "x": 475, "y": 214, "h": 244.9, "d5": 0.816, "sm": 0.841, "d6": "tick=231271 goal=0 here=0", "l": [0.61, 0.61, 0.62, 0.27, 0.25, 0.72, 0.79, 0.57, 1.64, 0.92, 0.93, 0.42, 0.29, 0.32, 0.31, 0.41]}
{"t": 59.4, "x": 422, "y": 181, "h": 238.1, "d5": 0.852, "sm": 0.844, "d6": "tick=231292 goal=0 here=0", "l": [-1.0, -1.0, 0.59, 0.43, 0.27, 2.79, 0.75, 0.63, 1.67, 0.93, 0.95, 0.43, 0.29, 0.31, 0.29, 0.37]}
{"t": 60.0, "x": 414, "y": 175, "h": 201.0, "d5": 0.827, "sm": 0.84, "d6": "tick=231355 goal=0 here=0", "l": [0.3, 0.37, 0.59, 0.61, 0.6, 0.28, 0.27, 0.75, 0.82, 0.6, 1.62, 0.93, 0.76, 0.41, 0.3, 0.3]}
{"t": 60.8, "x": 418, "y": 178, "h": 259.4, "d5": 0.839, "sm": 0.84, "d6": "tick=231427 goal=0 here=0", "l": [0.57, 0.53, 0.43, 0.27, 2.8, 0.72, 0.78, 0.52, 0.94, 0.98, 0.45, 0.29, 0.31, 0.27, 0.37, 0.55]}
{"t": 61.0, "x": 363, "y": 167, "h": 258.4, "d5": 0.834, "sm": 0.838, "d6": "tick=231450 goal=0 here=0", "l": [0.52, 0.53, 0.41, 0.26, 2.77, 0.76, 0.81, 0.55, 0.98, -1.0, 0.45, 0.3, 0.3, 0.29, 0.35, 0.53]}
{"t": 61.2, "x": 301, "y": 157, "h": 261.6, "d5": 0.841, "sm": 0.839, "d6": "tick=231471 goal=0 here=0", "l": [0.49, 0.49, 0.38, 0.24, 0.27, 0.78, 0.84, 0.59, 0.99, 1.04, 0.45, 0.31, 0.29, 0.29, 0.34, 0.51]}
{"t": 61.5, "x": 198, "y": 142, "h": 261.5, "d5": 0.864, "sm": 0.845, "d6": "tick=231505 goal=0 here=0", "l": [0.44, 0.47, 0.39, 0.38, 0.25, 0.81, 0.93, 0.69, 1.06, 1.08, 0.47, 0.33, 0.28, 0.28, 0.29, 0.46]}
{"t": 62.2, "x": 186, "y": 140, "h": 201.9, "d5": 0.863, "sm": 0.85, "d6": "tick=231569 goal=0 here=0", "l": [0.3, 0.31, 0.53, 0.47, 0.48, 0.37, 0.24, 0.28, 0.78, 0.73, 1.67, 0.99, 0.56, 0.32, 0.29, 0.27]}
{"t": 62.6, "x": 186, "y": 138, "h": 189.6, "d5": 0.869, "sm": 0.854, "d6": "tick=231612 goal=0 here=0", "l": [0.27, 0.28, 0.43, 0.49, 0.52, 0.53, 0.37, 0.23, 0.26, 0.92, 0.7, 1.64, 1.04, 0.53, 0.33, 0.27]}
{"t": 63.4, "x": 190, "y": 142, "h": 258.7, "d5": 0.87, "sm": 0.858, "d6": "tick=231694 goal=0 here=0", "l": [0.52, 0.5, 0.49, 0.38, 0.22, 0.25, 0.9, 0.7, 1.64, 1.02, 0.52, 0.34, 0.28, 0.25, 0.3, 0.44]}
{"t": 63.6, "x": 136, "y": 122, "h": 249.6, "d5": 0.863, "sm": 0.86, "d6": "tick=231717 goal=0 here=0", "l": [0.49, 0.49, 0.46, 0.37, 0.23, 0.27, 0.9, 0.72, 1.68, 1.06, 0.53, 0.33, 0.27, 0.27, 0.28, 0.42]}
{"t": 64.4, "x": 127, "y": 115, "h": 188.7, "d5": 0.875, "sm": 0.863, "d6": "tick=231787 goal=0 here=0", "l": [0.3, 0.27, 0.42, 0.41, 0.49, 0.48, 0.36, 0.22, 0.27, 0.95, 0.73, 1.64, 1.1, 0.37, 0.32, 0.25]}
{"t": 65.4, "x": 132, "y": 110, "h": 82.6, "d5": 0.881, "sm": 0.868, "d6": "tick=231893 goal=0 here=0", "l": [1.06, 0.8, 0.33, 0.3, 0.27, 0.28, 0.26, 0.44, 0.41, 0.43, 0.38, 0.35, 0.24, 0.84, 0.92, 0.64]}
{"t": 65.6, "x": 220, "y": 117, "h": 85.6, "d5": 0.875, "sm": 0.87, "d6": "tick=231916 goal=0 here=0", "l": [1.04, 0.82, 0.32, 0.3, 0.26, 0.28, 0.28, 0.46, 0.46, 0.48, 0.39, 0.25, 0.27, 0.81, 0.87, 0.62]}
{"t": 65.9, "x": 347, "y": 135, "h": 81.7, "d5": 0.853, "sm": 0.865, "d6": "tick=231943 goal=0 here=0", "l": [1.01, 1.0, 0.43, 0.28, 0.27, 0.27, 0.33, 0.51, 0.5, 0.5, 0.4, 0.26, 0.25, 0.77, 0.83, 1.73]}
{"t": 66.9, "x": 351, "y": 141, "h": 182.5, "d5": 0.866, "sm": 0.866, "d6": "tick=232038 goal=0 here=0", "l": [0.26, 0.31, 0.31, 0.62, 0.59, 0.58, 0.41, 0.27, 0.77, 0.87, 0.65, 1.54, 0.9, 0.66, 0.29, 0.27]}
{"t": 66.9, "x": 351, "y": 141, "h": 180.7, "d5": 0.862, "sm": 0.865, "d6": "tick=232043 goal=0 here=0", "l": [0.27, 0.31, 0.32, 0.64, 0.59, 0.56, 0.31, 0.28, 0.76, 0.87, 0.64, 1.56, 0.9, 0.55, 0.29, 0.32]}
{"t": 67.3, "x": 351, "y": 143, "h": 198.2, "d5": 0.853, "sm": 0.862, "d6": "tick=232077 goal=0 here=0", "l": [0.27, 0.34, 0.52, 0.52, 0.52, 0.43, 0.28, 2.82, 0.74, 0.8, 1.7, 0.97, 0.98, 0.41, 0.29, 0.28]}
{"t": 68.4, "x": 357, "y": 137, "h": 91.3, "d5": 0.877, "sm": 0.866, "d6": "tick=232198 goal=0 here=0", "l": [0.9, 0.67, 0.28, 0.28, 0.25, 0.3, 0.32, 0.62, 0.6, 0.57, 0.43, 0.28, 0.76, 0.9, 0.64, 1.58]}
{"t": 69.5, "x": 353, "y": 143, "h": 192.6, "d5": 0.863, "sm": 0.865, "d6": "tick=232298 goal=0 here=0", "l": [0.28, 0.34, 0.5, 0.51, 0.54, 0.46, 0.26, 2.82, 0.77, 0.83, 0.55, 0.99, 0.98, 0.43, 0.29, 0.26]}
{"t": 69.6, "x": 353, "y": 145, "h": 198.9, "d5": 0.865, "sm": 0.865, "d6": "tick=232303 goal=0 here=0", "l": [0.28, 0.35, 0.53, 0.52, 0.53, 0.44, 0.27, -1.0, 0.75, 0.82, 1.7, 0.98, 0.99, 0.43, 0.29, 0.28]}
{"t": 70.6, "x": 357, "y": 138, "h": 90.5, "d5": 0.889, "sm": 0.871, "d6": "tick=232416 goal=0 here=0", "l": [0.9, 0.53, 0.28, 0.3, 0.25, 0.28, 0.34, 0.61, 0.59, 0.59, 0.34, 0.27, 0.76, 0.87, 0.63, 1.53]}
{"t": 71.7, "x": 354, "y": 144, "h": 194.2, "d5": 0.882, "sm": 0.874, "d6": "tick=232519 goal=0 here=0", "l": [0.26, 0.35, 0.53, 0.53, 0.54, 0.44, 0.27, 2.81, 0.76, 0.82, 1.7, 0.98, 1.01, 0.44, 0.3, 0.27]}
{"t": 72.8, "x": 356, "y": 139, "h": 89.1, "d5": 0.877, "sm": 0.875, "d6": "tick=232635 goal=0 here=0", "l": [0.91, 0.72, 0.32, 0.28, 0.26, 0.29, 0.32, 0.54, 0.54, 0.55, 0.43, 0.28, 0.82, 0.82, 0.63, 1.63]}
{"t": 73.9, "x": 351, "y": 146, "h": 194.9, "d5": 0.877, "sm": 0.875, "d6": "tick=232743 goal=0 here=0", "l": [0.28, 0.34, 0.51, 0.52, 0.54, 0.42, 0.26, 2.82, 0.76, 0.82, 0.54, 1.0, 0.99, 0.42, 0.28, 0.26]}
{"t": 74.8, "x": 355, "y": 149, "h": 255.1, "d5": 0.866, "sm": 0.873, "d6": "tick=232831 goal=0 here=0", "l": [0.57, 0.56, 0.43, 0.26, 0.26, 0.8, 0.91, 0.59, 1.54, 1.0, 0.45, 0.27, 0.28, 0.26, 0.36, 0.35]}
{"t": 75.6, "x": 352, "y": 145, "h": 191.9, "d5": 0.874, "sm": 0.873, "d6": "tick=232913 goal=0 here=0", "l": [0.27, 0.33, 0.52, 0.53, -1.0, 0.42, 0.27, 0.25, 0.77, 0.84, 0.56, 0.98, 0.99, 0.44, 0.28, 0.3]}
{"t": 76.4, "x": 355, "y": 148, "h": 253.0, "d5": 0.867, "sm": 0.872, "d6": "tick=232988 goal=0 here=0", "l": [0.6, 0.6, 0.44, 0.28, 0.27, 0.79, 0.86, 0.63, 1.58, 0.94, 0.51, 0.28, 0.3, 0.27, 0.32, 0.35]}
{"t": 77.2, "x": 352, "y": 144, "h": 190.1, "d5": 0.859, "sm": 0.868, "d6": "tick=233070 goal=0 here=0", "l": [0.27, 0.34, 0.37, 0.53, -1.0, 0.42, 0.27, 0.25, 0.79, 0.84, 0.57, 0.98, 1.01, 0.44, 0.29, 0.28]}
{"t": 77.3, "x": 352, "y": 143, "h": 188.6, "d5": 0.857, "sm": 0.866, "d6": "tick=233075 goal=0 here=0", "l": [0.27, 0.34, 0.36, 0.54, 0.54, 0.42, 0.27, 0.25, 0.79, 0.86, 0.59, 0.99, 0.99, 0.46, 0.27, 0.29]}
{"t": 77.3, "x": 352, "y": 144, "h": 188.6, "d5": 0.856, "sm": 0.863, "d6": "tick=233085 goal=0 here=0", "l": [0.27, 0.34, 0.39, 0.55, 0.54, 0.45, 0.27, 0.28, 0.77, 0.86, 0.59, 0.99, 0.98, 0.45, 0.27, 0.27]}
{"t": 77.4, "x": 352, "y": 144, "h": 190.1, "d5": 0.864, "sm": 0.863, "d6": "tick=233090 goal=0 here=0", "l": [0.27, 0.33, 0.36, 0.55, 0.55, 0.43, 0.28, 0.28, 0.78, 0.85, 0.58, 0.98, 0.98, 0.44, 0.3, 0.29]}
{"t": 79.8, "x": 417, "y": 501, "h": 39.9, "d5": 0.857, "sm": 0.862, "d6": "tick=233329 goal=0 here=0", "l": [0.67, 0.49, 1.45, 0.93, 0.69, 0.46, 0.49, 0.47, 0.49, 0.68, 0.56, 0.18, 0.1, 1.18, 0.57, 0.56]}
{"t": 81.2, "x": 407, "y": 505, "h": 190.6, "d5": 0.853, "sm": 0.86, "d6": "tick=233476 goal=0 here=0", "l": [0.47, 0.5, 0.73, 0.63, 0.2, 0.12, 0.92, 2.62, 0.58, 0.69, 0.49, 1.49, 0.88, 0.78, 0.54, 0.45]}
{"t": 81.5, "x": 391, "y": 435, "h": 192.9, "d5": 0.847, "sm": 0.856, "d6": "tick=233499 goal=0 here=0", "l": [0.43, 0.47, 0.69, 0.63, 0.42, 0.17, 0.95, 2.61, 0.63, 0.75, 0.5, 1.52, 0.89, 0.73, 0.49, 0.44]}
{"t": 81.8, "x": 378, "y": 347, "h": 188.2, "d5": 0.844, "sm": 0.853, "d6": "tick=233530 goal=0 here=0", "l": [-1.0, 0.44, 0.62, 0.6, 0.55, 0.2, 0.19, 2.27, 0.67, 0.79, 0.56, 1.52, 0.89, 0.69, 0.44, 0.39]}
{"t": 82.0, "x": 368, "y": 280, "h": 188.5, "d5": 0.84, "sm": 0.85, "d6": "tick=233555 goal=0 here=0", "l": [0.32, 0.39, 0.58, 0.55, 0.55, 0.4, 0.22, 2.17, 0.73, 0.8, 0.59, 1.56, 0.93, 0.58, 0.35, 0.35]}
{"t": 82.1, "x": 367, "y": 273, "h": 192.1, "d5": 0.842, "sm": 0.848, "d6": "tick=233559 goal=0 here=0", "l": [0.33, 0.4, 0.56, 0.57, 0.53, 0.4, 0.22, 2.17, 0.71, 0.82, 0.57, 1.55, 0.92, 0.54, 0.35, 0.35]}
{"t": 82.1, "x": 367, "y": 273, "h": 188.8, "d5": 0.83, "sm": 0.844, "d6": "tick=233564 goal=0 here=0", "l": [0.34, 0.41, 0.58, 0.55, 0.52, 0.41, 0.23, 2.17, 0.74, 0.83, 0.58, 1.53, 0.94, 0.56, 0.33, 0.36]}
{"t": 82.2, "x": 367, "y": 273, "h": 191.1, "d5": 0.836, "sm": 0.842, "d6": "tick=233569 goal=0 here=0", "l": [0.33, 0.41, 0.6, 0.56, 0.52, 0.42, 0.22, 2.19, 0.72, 0.82, 0.6, 1.56, 0.92, 0.56, 0.35, 0.36]}
{"t": 84.7, "x": 502, "y": 616, "h": 4.9, "d5": 0.83, "sm": 0.839, "d6": "tick=233820 goal=0 here=0", "l": [0.55, 0.64, 0.6, 0.45, 0.91, 1.0, 0.62, 0.46, 0.54, 0.58, 0.74, 0.67, 0.13, 0.67, 0.87, 1.75]}
{"t": 86.3, "x": 492, "y": 614, "h": 179.7, "d5": 0.809, "sm": 0.831, "d6": "tick=233975 goal=0 here=0", "l": [0.53, 0.55, 0.72, 0.65, 0.18, 0.56, 0.7, 1.26, 0.52, -1.0, 0.6, 0.44, 1.42, 0.93, 0.77, 0.56]}
{"t": 86.7, "x": 493, "y": 557, "h": 178.8, "d5": 0.798, "sm": 0.823, "d6": "tick=234019 goal=0 here=0", "l": [0.49, 0.55, 0.7, 0.65, 0.23, 0.58, 0.76, 1.55, 0.56, 0.61, 0.59, 0.47, 0.9, 1.02, 0.64, 0.48]}
{"t": 86.9, "x": 489, "y": 494, "h": 183.6, "d5": 0.804, "sm": 0.818, "d6": "tick=234040 goal=0 here=0", "l": [0.47, 0.53, 0.69, 0.63, 0.59, 0.15, 0.8, 1.6, 0.62, 0.67, 0.62, 0.46, 0.91, 1.0, 0.57, 0.42]}
{"t": 87.1, "x": 485, "y": 429, "h": 183.9, "d5": 0.786, "sm": 0.81, "d6": "tick=234061 goal=0 here=0", "l": [0.45, 0.51, 0.65, 0.6, 0.57, 0.2, 0.81, 1.61, 0.62, 0.69, 0.54, 0.44, 0.93, 1.0, 0.54, 0.38]}
{"t": 87.3, "x": 481, "y": 368, "h": 183.4, "d5": 0.784, "sm": 0.804, "d6": "tick=234081 goal=0 here=0", "l": [0.4, 0.44, 0.47, 0.61, 0.56, 0.23, 0.19, 1.64, 0.65, 0.74, 0.54, 0.46, 0.93, 0.97, 0.51, 0.36]}
{"t": 87.5, "x": 479, "y": 304, "h": 181.9, "d5": 0.79, "sm": 0.8, "d6": "tick=234101 goal=0 here=0", "l": [0.39, 0.4, 0.43, 0.65, 0.62, 0.43, 0.21, 1.43, 0.69, 0.78, 0.53, 1.53, 0.91, 0.97, 0.45, 0.35]}
{"t": 87.7, "x": 479, "y": 241, "h": 180.4, "d5": 0.764, "sm": 0.791, "d6": "tick=234123 goal=0 here=0", "l": [0.35, 0.36, 0.42, 0.65, 0.6, 0.48, 0.23, 1.71, 0.73, 0.8, 0.56, 1.51, 0.86, 0.71, 0.41, 0.32]}
{"t": 88.1, "x": 478, "y": 235, "h": 194.6, "d5": 0.748, "sm": 0.78, "d6": "tick=234160 goal=0 here=0", "l": [0.33, 0.42, 0.61, 0.61, -1.0, 0.27, 0.22, 2.77, 0.68, 0.74, 0.49, 0.91, 0.97, 0.46, 0.33, 0.32]}
{"t": 88.7, "x": 482, "y": 239, "h": 254.7, "d5": 0.748, "sm": 0.772, "d6": "tick=234226 goal=0 here=0", "l": [0.59, 0.57, 0.45, 0.26, 1.88, 0.74, 0.81, 0.55, 1.51, 0.85, 0.65, 0.42, 0.33, 0.33, 0.4, 0.43]}
{"t": 89.5, "x": 478, "y": 234, "h": 190.3, "d5": 0.745, "sm": 0.765, "d6": "tick=234298 goal=0 here=0", "l": [0.34, 0.42, 0.61, 0.59, 0.6, 0.27, 0.23, 2.77, 0.67, 0.74, 0.49, 0.93, 0.95, 0.5, 0.31, 0.33]}
{"t": 89.5, "x": 478, "y": 235, "h": 190.5, "d5": 0.74, "sm": 0.759, "d6": "tick=234303 goal=0 here=0", "l": [0.34, 0.41, 0.6, 0.59, 0.59, 0.25, 0.23, 2.79, 0.69, 0.74, 0.51, 0.9, 0.95, 0.51, 0.32, 0.33]}
{"t": 89.6, "x": 478, "y": 234, "h": 193.2, "d5": 0.741, "sm": 0.755, "d6": "tick=234308 goal=0 here=0", "l": [0.33, 0.42, 0.6, 0.58, 0.59, 0.24, 0.24, 2.77, 0.68, 0.75, 0.5, 0.91, 0.96, 0.49, 0.31, 0.35]}
{"t": 89.6, "x": 478, "y": 234, "h": 193.4, "d5": 0.734, "sm": 0.749, "d6": "tick=234313 goal=0 here=0", "l": [0.32, 0.41, 0.61, 0.58, 0.58, 0.28, 0.25, 2.77, 0.68, 0.73, 0.5, 0.93, 0.95, 0.49, 0.32, 0.34]}
{"t": 92.0, "x": 626, "y": 570, "h": 3.6, "d5": 0.729, "sm": 0.744, "d6": "tick=234558 goal=0 here=0", "l": [0.55, 0.62, 0.43, 0.41, 0.85, 0.96, 0.61, 0.48, 0.51, 0.6, 0.75, 0.73, 0.22, 0.69, 0.92, 2.0]}
{"t": 93.5, "x": 617, "y": 572, "h": 208.0, "d5": 0.731, "sm": 0.741, "d6": "tick=234704 goal=0 here=0", "l": [0.6, 0.76, 0.72, 0.16, 0.74, 0.96, 2.19, 0.51, 0.61, 0.42, 0.4, 0.88, 1.0, 0.57, 0.47, 0.51]}
{"t": 93.7, "x": 592, "y": 518, "h": 204.4, "d5": 0.706, "sm": 0.732, "d6": "tick=234727 goal=0 here=0", "l": [0.55, 0.73, 0.69, 0.23, 0.64, 0.93, 1.78, 0.58, 0.67, 0.47, 0.42, 0.89, 0.99, 0.58, 0.44, 0.49]}
{"t": 94.0, "x": 559, "y": 453, "h": 206.8, "d5": 0.712, "sm": 0.727, "d6": "tick=234751 goal=0 here=0", "l": [0.51, 0.66, 0.62, 0.58, 0.19, 0.84, 1.74, 0.62, 0.69, 0.47, 0.43, 0.91, 0.99, 0.53, 0.4, -1.0]}
{"t": 94.2, "x": 538, "y": 394, "h": 199.7, "d5": 0.709, "sm": 0.723, "d6": "tick=234772 goal=0 here=0", "l": [0.47, 0.51, 0.6, 0.56, 0.2, 0.14, 1.36, 0.62, 0.7, 0.63, 0.46, 0.91, 0.97, 0.54, 0.39, 0.43]}
{"t": 94.4, "x": 514, "y": 336, "h": 202.8, "d5": 0.699, "sm": 0.717, "d6": "tick=234792 goal=0 here=0", "l": [0.39, 0.44, 0.67, 0.57, 0.42, 0.19, 1.35, 0.65, 0.71, 0.66, 0.47, 0.94, 0.97, -1.0, 0.35, 0.39]}
{"t": 94.6, "x": 486, "y": 262, "h": 200.8, "d5": 0.682, "sm": 0.708, "d6": "tick=234818 goal=0 here=0", "l": [0.35, 0.41, 0.68, 0.63, 0.41, 0.24, 0.19, 0.69, 0.74, 0.61, 0.48, -1.0, 0.98, 0.47, 0.34, 0.35]}
{"t": 94.9, "x": 464, "y": 203, "h": 200.4, "d5": 0.673, "sm": 0.699, "d6": "tick=234839 goal=0 here=0", "l": [0.33, 0.38, 0.67, 0.61, 0.59, 0.25, 0.24, 0.7, 0.75, 0.63, 1.63, 0.94, 0.98, 0.45, 0.32, 0.33]}
{"t": 94.9, "x": 462, "y": 196, "h": 198.2, "d5": 0.662, "sm": 0.69, "d6": "tick=234842 goal=0 here=0", "l": [0.33, 0.38, 0.65, 0.59, 0.57, 0.25, 0.24, 0.69, 0.77, -1.0, 1.62, 0.96, 0.98, 0.46, 0.3, 0.31]}
{"t": 96.0, "x": 467, "y": 190, "h": 100.7, "d5": 0.655, "sm": 0.681, "d6": "tick=234948 goal=0 here=0", "l": [0.88, 0.68, 0.35, 0.32, 0.29, 0.35, 0.36, 0.62, 0.59, 0.43, 0.24, 0.21, 0.74, 0.82, 0.6, 1.5]}
{"t": 96.9, "x": 463, "y": 197, "h": 184.3, "d5": 0.64, "sm": 0.671, "d6": "tick=235045 goal=0 here=0", "l": [0.32, 0.37, 0.37, 0.63, 0.58, 0.43, 0.26, 0.22, 0.73, 0.81, 0.62, 1.53, 0.88, 0.71, 0.39, 0.33]}
{"t": 97.7, "x": 468, "y": 191, "h": 102.3, "d5": 0.63, "sm": 0.661, "d6": "tick=235127 goal=0 here=0", "l": [0.95, 0.46, 0.29, 0.33, 0.3, 0.38, 0.55, 0.56, 0.57, 0.4, 0.25, 2.74, 0.71, 0.79, 0.52, 0.95]}
{"t": 98.0, "x": 521, "y": 178, "h": 103.7, "d5": 0.636, "sm": 0.655, "d6": "tick=235149 goal=0 here=0", "l": [0.97, 0.45, 0.28, 0.31, 0.31, 0.41, 0.59, 0.57, 0.58, 0.42, 0.28, 2.78, 0.7, 0.76, 0.49, 0.93]}
{"t": 98.2, "x": 584, "y": 166, "h": 100.4, "d5": 0.628, "sm": 0.648, "d6": "tick=235170 goal=0 here=0", "l": [0.93, 0.44, 0.27, 0.27, 0.3, 0.38, 0.44, 0.61, 0.62, 0.31, 0.26, 2.77, 0.71, 0.75, 1.62, 0.9]}
{"t": 99.1, "x": 584, "y": 168, "h": 186.3, "d5": 0.607, "sm": 0.638, "d6": "tick=235265 goal=0 here=0", "l": [0.32, 0.31, 0.43, 0.7, 0.65, 0.48, 0.29, 1.89, 0.76, 0.84, 0.56, 1.49, 0.82, 0.65, 0.39, 0.28]}
{"t": 99.7, "x": 584, "y": 170, "h": 201.0, "d5": 0.598, "sm": 0.628, "d6": "tick=235326 goal=0 here=0", "l": [0.32, 0.42, 0.72, 0.67, 0.49, 0.29, 1.48, 0.76, 0.81, 0.56, 1.49, 0.82, 0.68, 0.39, 0.26, 0.32]}
{"t": 99.8, "x": 584, "y": 170, "h": 204.2, "d5": 0.602, "sm": 0.621, "d6": "tick=235331 goal=0 here=0", "l": [0.32, 0.42, 0.69, 0.68, 0.47, 0.3, 1.5, 0.76, 0.8, 0.55, 1.5, 0.82, 0.69, 0.4, 0.26, 0.29]}
{"t": 99.8, "x": 584, "y": 170, "h": 205.6, "d5": 0.604, "sm": 0.617, "d6": "tick=235336 goal=0 here=0", "l": [0.31, 0.42, 0.68, 0.67, 0.49, 0.28, 1.49, 0.76, 0.8, 0.57, 1.49, 0.81, 0.67, 0.4, 0.28, 0.3]}
{"t": 100.2, "x": 583, "y": 168, "h": 192.2, "d5": 0.613, "sm": 0.616, "d6": "tick=235370 goal=0 here=0", "l": [0.29, 0.37, 0.42, 0.59, 0.58, 0.33, 0.28, 2.83, 0.69, 0.74, 0.46, 0.9, 0.93, 0.47, 0.3, 0.29]}
{"t": 100.2, "x": 584, "y": 169, "h": 193.5, "d5": 0.593, "sm": 0.61, "d6": "tick=235375 goal=0 here=0", "l": [0.29, 0.36, 0.42, 0.6, 0.59, 0.32, 0.29, 2.76, 0.69, 0.76, 0.46, 0.9, 0.92, 0.46, 0.28, 0.28]}
{"t": 102.8, "x": 748, "y": 497, "h": 11.9, "d5": 0.644, "sm": 0.619, "d6": "tick=235633 goal=0 here=0", "l": [0.55, 0.66, 0.41, 0.36, 0.83, 0.97, 0.54, 0.45, 0.49, 0.58, 0.76, 0.73, 0.26, 0.78, 1.01, 0.55]}
{"t": 104.4, "x": 738, "y": 500, "h": 203.5, "d5": 0.655, "sm": 0.628, "d6": "tick=235790 goal=0 here=0", "l": [0.51, 0.57, 0.68, 0.63, 0.63, 0.85, 1.58, 0.59, 0.61, 0.57, 0.41, 0.89, 0.9, 0.7, 0.52, 0.46]}
{"t": 104.6, "x": 717, "y": 449, "h": 202.4, "d5": 0.661, "sm": 0.636, "d6": "tick=235810 goal=0 here=0", "l": [0.48, 0.52, 0.71, 0.64, 0.21, 0.82, 1.37, 0.61, 0.66, 0.57, 0.42, 0.84, 0.9, 0.67, 0.5, 0.42]}
{"t": 104.8, "x": 699, "y": 388, "h": 196.8, "d5": 0.635, "sm": 0.636, "d6": "tick=235831 goal=0 here=0", "l": [0.43, 0.51, 0.75, 0.63, 0.25, 0.8, 1.37, 0.63, 0.71, 0.61, 0.41, 0.85, 0.94, 0.62, 0.43, 0.41]}
{"t": 105.0, "x": 678, "y": 328, "h": 198.9, "d5": 0.64, "sm": 0.637, "d6": "tick=235852 goal=0 here=0", "l": [0.41, 0.48, 0.74, 0.65, 0.28, 0.21, 1.37, 0.66, 0.72, 0.53, 0.43, 0.86, 0.95, 0.54, 0.4, 0.4]}
{"t": 105.2, "x": 660, "y": 267, "h": 196.5, "d5": 0.638, "sm": 0.637, "d6": "tick=235873 goal=0 here=0", "l": [0.37, 0.47, 0.69, 0.69, 0.48, 0.25, 1.3, 0.66, 0.72, 0.53, 0.43, 0.9, 0.95, 0.49, 0.34, 0.37]}
{"t": 105.4, "x": 645, "y": 206, "h": 194.3, "d5": 0.637, "sm": 0.637, "d6": "tick=235893 goal=0 here=0", "l": [0.35, 0.44, 0.63, 0.66, 0.51, 0.26, 1.28, 0.7, 0.75, 0.56, 1.61, 0.91, 0.93, 0.46, 0.33, 0.35]}
{"t": 105.7, "x": 624, "y": 130, "h": 195.4, "d5": 0.622, "sm": 0.633, "d6": "tick=235914 goal=0 here=0", "l": [0.33, 0.4, 0.58, 0.62, 0.62, 0.29, 0.25, 0.72, 0.77, 0.59, 1.64, 0.92, 0.94, 0.43, 0.27, 0.32]}
{"t": 106.7, "x": 629, "y": 119, "h": 92.8, "d5": 0.619, "sm": 0.63, "d6": "tick=236024 goal=0 here=0", "l": [0.84, 0.66, 0.38, 0.27, 0.28, 0.3, 0.4, 0.68, 0.65, -1.0, 0.27, 1.48, 0.76, 0.83, 0.57, 1.51]}
{"t": 107.9, "x": 622, "y": 124, "h": 204.7, "d5": 0.624, "sm": 0.628, "d6": "tick=236138 goal=0 here=0", "l": [0.29, 0.41, 0.61, 0.62, 0.63, 0.3, -1.0, 0.74, 0.83, 0.57, 1.56, 0.88, 0.93, 0.41, 0.27, 0.31]}
{"t": 108.9, "x": 625, "y": 118, "h": 95.3, "d5": 0.62, "sm": 0.626, "d6": "tick=236246 goal=0 here=0", "l": [0.91, 0.47, 0.29, 0.28, 0.27, 0.34, 0.4, 0.65, 0.58, 0.47, 0.28, 2.22, 0.74, 0.79, 0.5, 1.5]}
{"t": 110.1, "x": 621, "y": 125, "h": 201.5, "d5": 0.633, "sm": 0.628, "d6": "tick=236362 goal=0 here=0", "l": [0.3, 0.37, 0.6, 0.64, 0.64, 0.3, 0.27, 0.73, 0.81, 0.57, 1.57, 0.86, 0.73, 0.42, 0.25, 0.3]}
{"t": 110.8, "x": 626, "y": 127, "h": 258.4, "d5": 0.626, "sm": 0.627, "d6": "tick=236434 goal=0 here=0", "l": [0.58, 0.6, 0.45, 0.28, 2.79, 0.72, 0.75, 1.64, 0.91, 0.94, 0.42, 0.27, 0.3, 0.29, 0.4, 0.58]}
{"t": 111.0, "x": 571, "y": 121, "h": 263.6, "d5": 0.628, "sm": 0.628, "d6": "tick=236456 goal=0 here=0", "l": [0.55, 0.56, 0.44, 0.26, 2.79, 0.74, 0.79, 0.51, 0.93, 0.96, 0.44, 0.28, 0.29, 0.29, 0.38, 0.56]}
{"t": 111.8, "x": 562, "y": 118, "h": 197.7, "d5": 0.647, "sm": 0.632, "d6": "tick=236529 goal=0 here=0", "l": [0.31, 0.35, 0.65, 0.61, 0.58, 0.28, 0.26, 0.73, 0.86, 0.6, 1.57, 0.9, 0.69, 0.4, 0.28, 0.28]}
{"t": 112.6, "x": 566, "y": 119, "h": 255.5, "d5": 0.622, "sm": 0.63, "d6": "tick=236613 goal=0 here=0", "l": [0.56, 0.58, 0.45, 0.27, 2.31, 0.74, 0.81, 0.53, 0.95, 0.96, 0.46, 0.28, 0.32, 0.28, 0.36, 0.4]}
{"t": 112.9, "x": 482, "y": 91, "h": 251.4, "d5": 0.617, "sm": 0.627, "d6": "tick=236636 goal=0 here=0", "l": [0.58, 0.56, 0.43, 0.27, 0.25, 0.79, 0.88, 0.61, 1.55, 0.96, 0.48, 0.3, 0.3, 0.26, 0.35, 0.35]}
{"t": 113.3, "x": 476, "y": 90, "h": 268.3, "d5": 0.632, "sm": 0.628, "d6": "tick=236678 goal=0 here=0", "l": [0.52, 0.54, 0.42, 0.26, 2.82, 0.75, 0.79, 1.71, 0.98, 0.78, 0.38, 0.29, 0.26, 0.28, 0.32, 0.51]}
{"t": 113.5, "x": 419, "y": 87, "h": 267.0, "d5": 0.64, "sm": 0.631, "d6": "tick=236701 goal=0 here=0", "l": [0.48, 0.5, 0.41, 0.24, 0.26, 0.77, 0.86, 0.59, 1.02, 1.03, 0.4, 0.33, 0.26, 0.29, 0.3, 0.5]}
{"t": 113.7, "x": 359, "y": 73, "h": 257.1, "d5": 0.644, "sm": 0.634, "d6": "tick=236721 goal=0 here=0", "l": [0.46, 0.47, 0.38, 0.34, 0.25, 0.8, 0.95, 0.67, 1.05, 1.07, 0.46, 0.33, 0.25, 0.27, 0.29, 0.47]}
{"t": 113.9, "x": 297, "y": 56, "h": 254.6, "d5": 0.652, "sm": 0.639, "d6": "tick=236742 goal=0 here=0", "l": [0.43, 0.51, 0.49, 0.36, 0.24, 0.27, 0.94, 0.72, 1.69, 1.07, 0.49, 0.36, 0.25, 0.28, 0.27, 0.44]}
{"t": 114.1, "x": 234, "y": 39, "h": 254.9, "d5": 0.64, "sm": 0.639, "d6": "tick=236763 goal=0 here=0", "l": [0.45, 0.45, 0.42, 0.36, 0.24, 0.28, 0.81, 0.74, 1.67, 1.08, 0.54, 0.35, 0.27, 0.26, 0.24, 0.41]}
{"t": 114.3, "x": 178, "y": 15, "h": 246.8, "d5": 0.643, "sm": 0.64, "d6": "tick=236783 goal=0 here=0", "l": [0.44, 0.36, 0.38, -1.0, 0.35, 0.23, 0.31, 0.93, 1.76, 1.07, 0.56, 0.33, 0.23, 0.25, 0.2, 0.36]}
{"t": 114.5, "x": 120, "y": -9, "h": 247.6, "d5": 0.66, "sm": 0.645, "d6": "tick=236804 goal=0 here=0", "l": [0.41, 0.32, 0.36, 0.41, 0.35, 0.27, 0.32, 0.97, 1.81, 1.09, 0.57, 0.34, 0.25, 0.23, 0.19, 0.33]}
{"t": 114.6, "x": 115, "y": -11, "h": 250.6, "d5": 0.662, "sm": 0.649, "d6": "tick=236807 goal=0 here=0", "l": [0.39, 0.34, 0.36, 0.42, 0.35, 0.25, 0.33, 0.98, 1.82, 1.09, 0.58, 0.34, 0.24, 0.24, 0.17, 0.32]}
{"t": 114.6, "x": 113, "y": -12, "h": 245.2, "d5": 0.662, "sm": 0.652, "d6": "tick=236812 goal=0 here=0", "l": [0.42, 0.31, 0.37, 0.41, 0.36, 0.27, 0.32, 0.98, 1.82, 1.1, 0.57, 0.31, 0.26, 0.25, 0.18, 0.34]}
{"t": 114.7, "x": 113, "y": -12, "h": 247.8, "d5": 0.669, "sm": 0.657, "d6": "tick=236817 goal=0 here=0", "l": [0.4, 0.32, 0.36, 0.41, 0.35, 0.26, 0.32, 0.98, 1.81, 1.1, -1.0, 0.32, 0.23, 0.24, 0.17, 0.33]}
{"t": 117.1, "x": 438, "y": 153, "h": 92.6, "d5": 0.645, "sm": 0.654, "d6": "tick=237060 goal=0 here=0", "l": [0.93, 0.56, 0.31, 0.31, 0.28, 0.33, 0.35, 0.59, 0.58, 0.42, 0.27, 0.24, 0.76, 0.87, 0.65, 1.57]}
{"t": 118.5, "x": 437, "y": 163, "h": 240.2, "d5": 0.682, "sm": 0.661, "d6": "tick=237201 goal=0 here=0", "l": [0.53, 0.52, 0.5, 0.41, 0.25, 0.25, 0.74, 0.8, 0.58, 1.0, 1.02, 0.44, 0.32, 0.29, 0.3, 0.34]}
{"t": 118.5, "x": 437, "y": 163, "h": 242.3, "d5": 0.676, "sm": 0.665, "d6": "tick=237206 goal=0 here=0", "l": [0.55, 0.52, 0.52, 0.41, 0.24, 0.22, 0.73, 0.81, 0.55, 0.99, 1.03, 0.44, 0.31, 0.27, 0.31, 0.33]}
{"t": 119.0, "x": 439, "y": 163, "h": 259.7, "d5": 0.687, "sm": 0.67, "d6": "tick=237250 goal=0 here=0", "l": [0.51, 0.51, 0.41, 0.25, 0.24, 0.8, 0.9, 0.65, 1.0, 1.03, 0.48, 0.3, 0.29, 0.3, 0.35, 0.51]}
{"t": 119.2, "x": 384, "y": 150, "h": 256.3, "d5": 0.707, "sm": 0.679, "d6": "tick=237272 goal=0 here=0", "l": [0.47, 0.49, 0.37, 0.27, 0.25, 0.78, 0.89, 0.65, 1.62, 1.05, 0.49, 0.32, 0.29, 0.28, 0.31, 0.48]}
{"t": 119.4, "x": 325, "y": 128, "h": 249.7, "d5": 0.697, "sm": 0.684, "d6": "tick=237293 goal=0 here=0", "l": [0.5, 0.51, 0.49, 0.37, 0.23, 0.23, 0.9, 0.69, 1.62, 1.0, 0.53, 0.33, 0.28, 0.28, 0.29, 0.45]}
{"t": 119.6, "x": 265, "y": 104, "h": 248.3, "d5": 0.695, "sm": 0.687, "d6": "tick=237314 goal=0 here=0", "l": [0.49, 0.48, 0.46, 0.35, 0.22, 0.25, 0.8, 0.73, 1.62, 1.04, 0.55, 0.32, 0.27, 0.28, 0.27, 0.41]}
{"t": 119.8, "x": 205, "y": 84, "h": 251.8, "d5": 0.708, "sm": 0.692, "d6": "tick=237335 goal=0 here=0", "l": [0.45, 0.44, 0.41, 0.33, 0.29, 0.27, 0.81, 0.78, 1.68, -1.0, 0.57, 0.35, 0.27, 0.28, 0.23, 0.41]}
{"t": 120.0, "x": 144, "y": 62, "h": 249.6, "d5": 0.698, "sm": 0.693, "d6": "tick=237356 goal=0 here=0", "l": [0.42, 0.38, 0.37, 0.33, 0.34, 0.23, 0.31, 0.92, 1.77, 1.11, 0.55, 0.34, 0.26, 0.25, 0.22, 0.36]}
{"t": 120.2, "x": 87, "y": 41, "h": 250.1, "d5": 0.733, "sm": 0.703, "d6": "tick=237376 goal=0 here=0", "l": [0.39, 0.34, 0.36, 0.36, 0.33, 0.24, 0.33, 0.98, 1.8, 1.14, 0.41, 0.31, 0.24, 0.24, 0.17, 0.34]}
{"t": 120.3, "x": 81, "y": 39, "h": 250.6, "d5": 0.716, "sm": 0.707, "d6": "tick=237379 goal=0 here=0", "l": [0.4, 0.33, 0.36, 0.37, 0.35, 0.25, 0.3, 0.97, 1.8, 1.12, 0.44, -1.0, 0.26, 0.23, 0.18, 0.32]}
{"t": 120.3, "x": 82, "y": 39, "h": 248.6, "d5": 0.723, "sm": 0.711, "d6": "tick=237385 goal=0 here=0", "l": [0.41, 0.33, 0.37, 0.39, 0.33, 0.26, 0.35, 0.98, -1.0, 1.14, 0.43, 0.32, 0.24, 0.23, 0.17, 0.32]}
{"t": 120.4, "x": 81, "y": 39, "h": 250.2, "d5": 0.736, "sm": 0.717, "d6": "tick=237390 goal=0 here=0", "l": [0.39, 0.33, 0.35, 0.39, 0.33, 0.26, 0.32, 0.99, 1.8, 1.14, 0.43, -1.0, 0.24, 0.23, 0.18, 0.33]}
{"t": 122.8, "x": 447, "y": 85, "h": 62.2, "d5": 0.74, "sm": 0.723, "d6": "tick=237631 goal=0 here=0", "l": [0.57, 1.01, 1.02, 0.46, 0.33, 0.28, 0.29, 0.34, 0.52, 0.51, 0.5, 0.4, 0.22, 0.23, 0.75, 0.81]}
{"t": 124.4, "x": 445, "y": 94, "h": 267.2, "d5": 0.759, "sm": 0.732, "d6": "tick=237785 goal=0 here=0", "l": [0.57, 0.53, 0.38, 0.23, 0.82, 0.78, 0.66, 1.64, 0.94, 0.73, 0.35, 0.33, 0.3, 0.34, 0.34, 0.6]}
{"t": 124.7, "x": 389, "y": 92, "h": 268.1, "d5": 0.774, "sm": 0.742, "d6": "tick=237826 goal=0 here=0", "l": [0.51, 0.48, 0.38, 0.21, 0.24, 0.75, 0.83, 1.68, 0.98, 0.78, 0.33, 0.34, 0.28, -1.0, 0.31, 0.57]}
{"t": 124.9, "x": 326, "y": 93, "h": 271.0, "d5": 0.778, "sm": 0.751, "d6": "tick=237847 goal=0 here=0", "l": [0.48, 0.44, 0.35, 0.22, 0.23, 0.77, 0.85, 0.61, 1.01, 0.81, 0.35, 0.34, 0.29, 0.31, 0.34, 0.54]}
{"t": 125.5, "x": 322, "y": 93, "h": 288.5, "d5": 0.787, "sm": 0.76, "d6": "tick=237898 goal=0 here=0", "l": [0.43, 0.35, 0.18, 0.22, 0.77, 0.87, 0.62, 1.06, 0.81, 0.36, 0.33, 0.29, 0.31, 0.33, 0.54, 0.48]}
{"t": 125.7, "x": 267, "y": 114, "h": 291.2, "d5": 0.814, "sm": 0.774, "d6": "tick=237921 goal=0 here=0", "l": [0.45, 0.32, 0.21, 0.2, 0.78, 0.89, 0.63, 1.05, 0.8, 0.37, 0.33, 0.3, 0.3, 0.46, 0.47, 0.46]}
{"t": 126.0, "x": 260, "y": 116, "h": 273.5, "d5": 0.817, "sm": 0.784, "d6": "tick=237953 goal=0 here=0", "l": [0.41, 0.43, 0.32, 0.17, 0.25, 0.87, 0.69, 1.69, 1.08, 0.57, 0.38, 0.31, 0.33, 0.28, 0.45, 0.42]}
{"t": 126.2, "x": 203, "y": 121, "h": 275.1, "d5": 0.811, "sm": 0.791, "d6": "tick=237976 goal=0 here=0", "l": [0.41, 0.41, 0.31, 0.18, 0.2, 0.77, 0.77, 1.67, 1.09, 0.6, 0.41, 0.31, 0.32, 0.27, 0.44, 0.38]}
{"t": 126.4, "x": 139, "y": 129, "h": 277.2, "d5": 0.845, "sm": 0.805, "d6": "tick=237997 goal=0 here=0", "l": [0.39, 0.39, 0.26, 0.24, 0.17, 0.26, 0.9, 1.7, 1.09, 0.62, 0.4, 0.34, 0.28, 0.29, 0.4, 0.35]}
{"t": 127.9, "x": 133, "y": 121, "h": 67.8, "d5": 0.847, "sm": 0.815, "d6": "tick=238142 goal=0 here=0", "l": [0.7, 1.09, 0.64, 0.43, 0.32, 0.31, -1.0, 0.41, 0.35, 0.41, 0.35, 0.26, 0.29, 0.18, 0.25, 0.92]}
{"t": 129.0, "x": 134, "y": 129, "h": 322.4, "d5": 0.875, "sm": 0.83, "d6": "tick=238253 goal=0 here=0", "l": [0.27, 0.22, 0.2, 0.24, 0.78, 1.72, 1.13, 0.61, 0.4, 0.32, 0.3, 0.33, 0.44, 0.34, 0.36, 0.39]}
{"t": 129.1, "x": 135, "y": 128, "h": 320.9, "d5": 0.862, "sm": 0.838, "d6": "tick=238259 goal=0 here=0", "l": [0.27, 0.22, 0.16, 0.25, 0.87, 1.72, 1.13, 0.62, 0.41, 0.3, 0.3, 0.34, 0.43, 0.35, 0.37, 0.38]}
{"t": 130.1, "x": 132, "y": 121, "h": 64.4, "d5": 0.883, "sm": 0.849, "d6": "tick=238365 goal=0 here=0", "l": [0.71, 1.14, 0.86, 0.42, 0.34, 0.32, 0.27, 0.41, 0.38, 0.4, 0.33, 0.28, 0.28, 0.16, 0.23, 0.94]}
{"t": 131.3, "x": 132, "y": 130, "h": 315.8, "d5": 0.891, "sm": 0.86, "d6": "tick=238480 goal=0 here=0", "l": [0.26, 0.28, 0.15, 0.25, 0.93, 0.69, 1.09, 0.63, 0.42, 0.33, 0.34, 0.28, 0.41, 0.34, 0.41, 0.37]}
{"t": 131.7, "x": 131, "y": 131, "h": 299.4, "d5": 0.904, "sm": 0.871, "d6": "tick=238517 goal=0 here=0", "l": [0.4, 0.27, 0.2, 0.2, 0.25, 0.77, 1.75, 1.2, 0.48, 0.38, 0.32, 0.28, 0.38, 0.49, 0.36, 0.35]}
{"t": 133.0, "x": 129, "y": 121, "h": 69.4, "d5": 0.899, "sm": 0.878, "d6": "tick=238647 goal=0 here=0", "l": [0.71, 1.09, 0.66, 0.42, 0.31, 0.31, 0.26, 0.42, 0.34, 0.4, 0.36, 0.28, 0.28, 0.16, 0.24, 0.92]}
{"t": 134.1, "x": 133, "y": 129, "h": 322.9, "d5": 0.901, "sm": 0.884, "d6": "tick=238763 goal=0 here=0", "l": [0.27, 0.24, 0.21, 0.27, 0.76, 1.74, 1.15, 0.6, 0.41, 0.32, 0.29, 0.36, 0.47, 0.35, 0.36, -1.0]}
{"t": 134.2, "x": 131, "y": 131, "h": 326.2, "d5": 0.905, "sm": 0.889, "d6": "tick=238768 goal=0 here=0", "l": [0.27, 0.22, 0.18, 0.26, 0.83, 1.73, 1.15, 0.6, 0.39, 0.33, 0.3, 0.33, 0.44, 0.36, 0.37, 0.37]}
{"t": 134.5, "x": 131, "y": 131, "h": 311.7, "d5": 0.896, "sm": 0.891, "d6": "tick=238801 goal=0 here=0", "l": [0.26, 0.28, 0.16, 0.22, 0.97, 0.75, 1.16, 0.9, -1.0, 0.34, 0.32, 0.26, 0.41, 0.4, 0.39, 0.35]}
{"t": 134.6, "x": 131, "y": 131, "h": 314.9, "d5": 0.907, "sm": 0.895, "d6": "tick=238812 goal=0 here=0", "l": [0.26, 0.27, 0.18, 0.2, 0.97, 0.77, 1.18, 0.92, 0.43, 0.34, 0.33, 0.26, 0.39, 0.41, 0.4, 0.33]}
{"t": 135.8, "x": 131, "y": 122, "h": 61.0, "d5": 0.929, "sm": 0.903, "d6": "tick=238932 goal=0 here=0", "l": [0.78, 1.16, 0.97, 0.43, 0.33, 0.31, 0.24, 0.4, 0.44, 0.4, 0.32, 0.28, 0.3, 0.21, 0.21, 0.94]}
{"t": 136.8, "x": 132, "y": 130, "h": 316.4, "d5": 0.918, "sm": 0.907, "d6": "tick=239035 goal=0 here=0", "l": [0.24, 0.28, 0.17, 0.24, 0.93, 0.7, 1.07, 0.66, 0.44, 0.33, 0.33, 0.28, 0.41, 0.36, 0.41, 0.37]}
{"t": 137.0, "x": 132, "y": 129, "h": 317.0, "d5": 0.93, "sm": 0.913, "d6": "tick=239051 goal=0 here=0", "l": [0.26, 0.27, 0.17, 0.24, 0.9, 0.7, 1.07, 0.67, 0.44, 0.33, 0.32, 0.28, 0.41, 0.35, 0.39, 0.36]}
{"t": 137.0, "x": 132, "y": 129, "h": 317.0, "d5": 0.937, "sm": 0.919, "d6": "tick=239056 goal=0 here=0", "l": [0.28, 0.29, 0.17, 0.23, 0.91, 0.68, 1.1, 0.65, 0.43, 0.33, 0.32, 0.27, 0.4, 0.36, 0.39, 0.35]}
{"t": 137.1, "x": 132, "y": 129, "h": 312.7, "d5": 0.918, "sm": 0.919, "d6": "tick=239061 goal=0 here=0", "l": [0.27, 0.29, 0.17, 0.25, 0.93, 0.71, 1.08, 0.68, 0.43, 0.35, 0.32, 0.28, 0.41, 0.36, 0.4, 0.36]}
{"t": 138.2, "x": 133, "y": 123, "h": 55.8, "d5": 0.933, "sm": 0.922, "d6": "tick=239167 goal=0 here=0", "l": [0.74, 1.18, 1.19, 0.45, 0.33, 0.33, 0.28, 0.41, 0.46, 0.38, 0.35, 0.34, 0.29, 0.21, 0.2, 0.93]}
{"t": 139.4, "x": 133, "y": 132, "h": 309.8, "d5": 0.925, "sm": 0.923, "d6": "tick=239283 goal=0 here=0", "l": [0.28, 0.28, 0.18, 0.21, 0.96, 0.72, 1.16, 0.95, 0.45, 0.35, 0.34, 0.26, 0.4, 0.43, 0.37, 0.34]}
{"t": 140.4, "x": 131, "y": 124, "h": 57.4, "d5": 0.933, "sm": 0.925, "d6": "tick=239395 goal=0 here=0", "l": [0.76, 1.69, 1.19, 0.47, 0.35, 0.32, 0.27, 0.39, 0.46, 0.38, 0.34, 0.36, 0.28, 0.21, 0.19, 0.92]}
{"t": 141.4, "x": 133, "y": 131, "h": 332.9, "d5": 0.913, "sm": 0.922, "d6": "tick=239494 goal=0 here=0", "l": [0.29, 0.18, 0.21, 0.96, 0.76, 1.18, 0.92, 0.43, 0.34, 0.33, 0.26, 0.4, 0.4, 0.41, 0.33, 0.26]}
{"t": 142.4, "x": 131, "y": 124, "h": 57.5, "d5": 0.938, "sm": 0.926, "d6": "tick=239589 goal=0 here=0", "l": [0.76, 1.71, 1.2, 0.49, 0.37, 0.33, 0.28, 0.4, 0.45, 0.36, 0.35, 0.39, 0.27, 0.21, 0.18, 0.26]}
{"t": 143.2, "x": 133, "y": 129, "h": 353.9, "d5": 0.938, "sm": 0.929, "d6": "tick=239669 goal=0 here=0", "l": [0.18, 0.22, 0.94, 0.75, 1.16, 0.96, 0.44, 0.32, 0.34, 0.26, 0.4, 0.43, 0.4, 0.34, 0.29, 0.29]}
{"t": 143.9, "x": 131, "y": 124, "h": 57.0, "d5": 0.924, "sm": 0.928, "d6": "tick=239744 goal=0 here=0", "l": [0.75, 1.77, 1.18, 0.45, -1.0, 0.32, 0.28, 0.39, 0.46, 0.36, 0.36, 0.39, 0.28, 0.22, 0.19, 0.27]}
{"t": 144.4, "x": 130, "y": 123, "h": 70.4, "d5": 0.918, "sm": 0.925, "d6": "tick=239787 goal=0 here=0", "l": [1.72, 1.14, 0.61, 0.41, 0.33, 0.29, 0.33, 0.42, 0.34, 0.38, 0.4, 0.28, 0.25, 0.17, 0.26, 0.87]}
{"t": 145.4, "x": 133, "y": 131, "h": 324.8, "d5": 0.921, "sm": 0.924, "d6": "tick=239896 goal=0 here=0", "l": [0.28, 0.21, 0.19, 0.26, 0.75, 1.75, 1.19, 0.47, 0.38, 0.3, 0.28, 0.39, 0.45, 0.36, 0.36, 0.37]}
{"t": 146.5, "x": 131, "y": 124, "h": 68.6, "d5": 0.923, "sm": 0.924, "d6": "tick=240002 goal=0 here=0", "l": [1.76, 1.08, 0.63, 0.42, 0.32, 0.31, 0.28, 0.41, 0.33, 0.4, 0.35, 0.27, 0.28, 0.18, 0.26, 0.93]}
{"t": 147.6, "x": 132, "y": 132, "h": 324.6, "d5": 0.918, "sm": 0.922, "d6": "tick=240115 goal=0 here=0", "l": [0.28, 0.24, 0.17, 0.23, 0.87, 1.72, 1.12, 0.61, 0.41, 0.32, 0.3, 0.34, 0.42, 0.34, 0.38, 0.37]}
{"t": 148.7, "x": 129, "y": 124, "h": 70.3, "d5": 0.918, "sm": 0.921, "d6": "tick=240225 goal=0 here=0", "l": [0.68, 1.1, 0.67, 0.43, 0.31, 0.3, 0.26, 0.41, 0.34, 0.41, 0.37, 0.28, 0.29, 0.15, 0.26, 0.9]}
{"t": 149.7, "x": 131, "y": 133, "h": 324.7, "d5": 0.915, "sm": 0.92, "d6": "tick=240326 goal=0 here=0", "l": [0.27, 0.2, 0.19, 0.27, 0.76, 1.72, 1.2, 0.44, 0.39, 0.32, 0.28, 0.39, 0.46, 0.35, 0.35, 0.36]}
{"t": 150.9, "x": 129, "y": 126, "h": 73.0, "d5": 0.92, "sm": 0.92, "d6": "tick=240439 goal=0 here=0", "l": [0.68, 1.07, 0.65, 0.43, 0.31, 0.32, 0.26, 0.4, 0.34, 0.39, 0.36, 0.27, 0.27, 0.17, 0.25, 0.91]}
{"t": 151.9, "x": 130, "y": 133, "h": 328.3, "d5": 0.928, "sm": 0.922, "d6": "tick=240545 goal=0 here=0", "l": [0.27, 0.2, 0.19, 0.93, 0.75, 1.14, 1.17, 0.45, 0.34, 0.32, 0.27, 0.41, 0.45, 0.38, 0.33, 0.28]}
{"t": 152.9, "x": 128, "y": 127, "h": 50.0, "d5": 0.926, "sm": 0.923, "d6": "tick=240639 goal=0 here=0", "l": [0.85, 1.72, 1.15, 0.6, 0.41, 0.31, 0.31, 0.34, 0.44, 0.34, 0.36, 0.4, 0.27, 0.24, 0.18, 0.27]}
{"t": 153.2, "x": 128, "y": 127, "h": 71.1, "d5": 0.902, "sm": 0.918, "d6": "tick=240673 goal=0 here=0", "l": [0.74, 1.14, 0.86, 0.45, 0.32, 0.33, 0.26, 0.4, 0.37, 0.39, 0.34, 0.27, 0.28, 0.17, 0.22, 0.94]}
{"t": 154.3, "x": 128, "y": 134, "h": 324.6, "d5": 0.923, "sm": 0.919, "d6": "tick=240784 goal=0 here=0", "l": [0.26, 0.2, -1.0, 0.25, 0.76, 1.76, 1.17, 0.49, 0.38, 0.33, 0.28, 0.38, 0.46, 0.35, 0.35, 0.4]}
{"t": 154.4, "x": 128, "y": 134, "h": 324.1, "d5": 0.916, "sm": 0.918, "d6": "tick=240789 goal=0 here=0", "l": [0.28, 0.21, 0.17, 0.25, 0.75, -1.0, 1.17, 0.5, 0.39, 0.33, 0.29, 0.38, 0.47, 0.35, 0.36, 0.39]}
{"t": 154.7, "x": 128, "y": 134, "h": 307.8, "d5": 0.935, "sm": 0.922, "d6": "tick=240823 goal=0 here=0", "l": [0.27, 0.28, 0.19, 0.21, 0.94, 0.75, 1.17, 0.94, 0.42, 0.34, 0.34, 0.26, 0.41, 0.43, 0.4, 0.35]}
{"t": 155.7, "x": 129, "y": 127, "h": 49.4, "d5": 0.935, "sm": 0.926, "d6": "tick=240917 goal=0 here=0", "l": [0.92, 1.74, 1.1, 0.63, 0.45, 0.34, 0.32, 0.28, 0.41, 0.34, 0.41, 0.38, 0.28, 0.26, 0.17, 0.26]}
{"t": 156.0, "x": 128, "y": 126, "h": 65.9, "d5": 0.919, "sm": 0.924, "d6": "tick=240951 goal=0 here=0", "l": [0.77, 1.16, 0.89, 0.42, 0.34, 0.31, 0.26, 0.38, 0.41, 0.4, 0.32, 0.28, 0.29, 0.17, 0.21, 0.98]}
{"t": 156.9, "x": 130, "y": 133, "h": 340.2, "d5": 0.922, "sm": 0.923, "d6": "tick=241040 goal=0 here=0", "l": [0.26, 0.18, 0.25, 0.91, 1.74, 1.09, 0.62, 0.44, 0.32, 0.32, 0.26, -1.0, 0.35, 0.38, 0.38, 0.24]}
{"t": 157.7, "x": 127, "y": 126, "h": 62.6, "d5": 0.912, "sm": 0.921, "d6": "tick=241126 goal=0 here=0", "l": [0.77, 1.16, 0.92, 0.42, 0.33, 0.35, 0.25, 0.41, 0.42, 0.4, 0.32, 0.28, 0.27, 0.19, 0.22, 0.93]}
{"t": 158.0, "x": 205, "y": 167, "h": 61.8, "d5": 0.909, "sm": 0.918, "d6": "tick=241149 goal=0 here=0", "l": [0.73, 1.12, 1.15, 0.43, 0.36, 0.34, 0.29, 0.45, 0.45, 0.44, 0.38, 0.29, 0.27, 0.15, 0.23, 0.92]}
{"t": 158.2, "x": 290, "y": 209, "h": 63.8, "d5": 0.905, "sm": 0.915, "d6": "tick=241170 goal=0 here=0", "l": [0.69, 1.08, 1.1, 0.53, 0.42, 0.34, 0.37, 0.47, 0.53, 0.48, 0.41, 0.29, 0.14, 0.16, 0.2, 0.87]}
{"t": 159.2, "x": 299, "y": 222, "h": 320.3, "d5": 0.893, "sm": 0.909, "d6": "tick=241269 goal=0 here=0", "l": [0.19, 0.15, 0.17, 0.75, 0.68, 1.6, 1.01, 0.66, 0.41, 0.36, 0.36, 0.31, 0.51, 0.45, 0.42, 0.3]}
{"t": 160.1, "x": 297, "y": 217, "h": 42.0, "d5": 0.877, "sm": 0.901, "d6": "tick=241361 goal=0 here=0", "l": [0.81, 0.63, 1.07, 0.86, 0.41, 0.39, 0.35, 0.35, 0.49, 0.46, 0.47, 0.35, 0.29, 0.14, 0.17, 0.71]}
{"t": 160.3, "x": 355, "y": 282, "h": 42.2, "d5": 0.89, "sm": 0.898, "d6": "tick=241384 goal=0 here=0", "l": [0.8, 0.63, 1.07, 1.11, 0.54, 0.42, 0.4, 0.41, 0.54, 0.47, 0.46, 0.31, 0.15, 0.13, 0.15, 0.67]}
{"t": 161.2, "x": 361, "y": 296, "h": 320.3, "d5": 0.881, "sm": 0.894, "d6": "tick=241471 goal=0 here=0", "l": [0.13, 0.13, 0.14, 0.68, 0.75, 0.56, 1.01, 0.83, 0.46, 0.45, 0.4, 0.42, 0.56, 0.48, 0.44, 0.32]}
{"t": 161.7, "x": 357, "y": 297, "h": 279.8, "d5": 0.884, "sm": 0.891, "d6": "tick=241527 goal=0 here=0", "l": [0.47, 0.15, 0.12, 0.15, 0.68, 0.82, 0.61, 1.6, 1.02, 0.61, 0.44, 0.4, 0.43, 0.4, 0.61, 0.52]}
{"t": 162.3, "x": 357, "y": 297, "h": 262.2, "d5": 0.892, "sm": 0.892, "d6": "tick=241579 goal=0 here=0", "l": [0.55, 0.34, 0.14, 0.12, 0.14, 0.68, 0.8, 0.63, 1.56, 1.1, 0.57, 0.41, 0.39, 0.41, 0.5, 0.57]}
{"t": 162.6, "x": 355, "y": 297, "h": 249.0, "d5": 0.892, "sm": 0.892, "d6": "tick=241615 goal=0 here=0", "l": [0.48, 0.44, 0.31, 0.13, 0.13, 0.13, 0.68, 0.77, 0.59, 1.04, 0.9, 0.53, 0.45, 0.41, 0.42, 0.56]}
