{"t": 0.1, "x": 9, "y": -1, "h": 274.7, "d5": 0.642, "sm": 0.642, "d6": "tick=204022 goal=0 here=0", "l": [0.71, 0.81, 1.14, 0.47, 0.4, 0.5, 0.31, 0.28, 0.27, 0.78, 0.75, 0.58, 0.54, 0.66, 0.86, 0.83]}
{"t": 0.3, "x": -77, "y": -5, "h": 267.2, "d5": 0.646, "sm": 0.643, "d6": "tick=204045 goal=0 here=0", "l": [0.45, 0.72, 0.91, 1.52, 0.44, 0.52, 0.48, 0.32, 0.34, 0.8, 0.86, 0.61, 0.53, 0.61, 0.69, 0.8]}
{"t": 0.5, "x": -173, "y": -7, "h": 268.7, "d5": 0.672, "sm": 0.65, "d6": "tick=204066 goal=0 here=0", "l": [0.38, 0.64, 0.82, 1.46, 0.48, 0.44, 0.54, 0.36, 0.38, 0.86, 0.83, 0.64, 0.55, 0.62, 0.77, 0.75]}
{"t": 0.7, "x": -269, "y": -12, "h": 267.2, "d5": 0.679, "sm": 0.657, "d6": "tick=204087 goal=0 here=0", "l": [0.33, 0.57, 0.69, 1.21, 0.45, 0.45, 0.58, 0.41, 0.42, 0.93, 0.84, 0.65, 0.58, 0.61, 0.76, 0.68]}
{"t": 1.2, "x": -282, "y": -15, "h": 226.1, "d5": 0.676, "sm": 0.662, "d6": "tick=204138 goal=0 here=0", "l": [0.81, 0.13, 0.56, 0.65, 0.86, 1.67, 0.48, 0.52, 0.58, 0.41, 0.41, 1.02, 0.75, 0.55, 0.58, 0.64]}
{"t": 2.2, "x": -276, "y": -15, "h": 307.5, "d5": 0.7, "sm": 0.672, "d6": "tick=204240 goal=0 here=0", "l": [0.72, 1.21, 0.45, 0.42, 0.61, 0.42, 0.4, 0.9, 0.83, 0.64, 0.6, 0.63, 0.76, 0.11, 0.32, 0.57]}
{"t": 2.4, "x": -340, "y": 42, "h": 311.3, "d5": 0.687, "sm": 0.675, "d6": "tick=204262 goal=0 here=0", "l": [0.65, 1.15, 0.42, 0.45, 0.59, 0.52, 0.48, 0.97, 0.88, 0.65, 0.6, 0.65, 0.77, 0.24, 0.56, 0.54]}
{"t": 2.7, "x": -413, "y": 99, "h": 308.5, "d5": 0.686, "sm": 0.678, "d6": "tick=204282 goal=0 here=0", "l": [0.6, 1.05, 2.45, 0.45, 0.56, 0.57, 0.52, 1.01, 0.95, 0.72, 0.65, 0.66, 0.12, 0.25, 0.51, 0.51]}
{"t": 2.9, "x": -507, "y": 171, "h": 307.3, "d5": 0.695, "sm": 0.682, "d6": "tick=204308 goal=0 here=0", "l": [0.56, 0.95, 2.4, 0.4, 0.4, 0.6, 0.48, 1.05, 1.04, 0.76, 0.68, 0.13, 0.23, 0.23, 0.47, 0.5]}
{"t": 3.1, "x": -584, "y": 229, "h": 306.6, "d5": 0.675, "sm": 0.68, "d6": "tick=204329 goal=0 here=0", "l": [0.5, 0.68, 2.44, 0.33, 0.4, 0.65, 0.53, 0.58, 1.23, 0.79, 0.17, 0.2, 0.23, 0.4, 0.41, 0.42]}
{"t": 3.3, "x": -663, "y": 283, "h": 304.8, "d5": 0.693, "sm": 0.684, "d6": "tick=204350 goal=0 here=0", "l": [0.44, 0.61, 1.89, 0.62, -1.0, 0.61, 0.62, 0.61, 1.3, 0.87, 0.22, 0.27, 0.21, 0.4, 0.34, 0.4]}
{"t": 3.5, "x": -741, "y": 340, "h": 306.1, "d5": 0.675, "sm": 0.681, "d6": "tick=204371 goal=0 here=0", "l": [0.38, 0.58, 1.71, 0.84, 0.33, 0.44, 0.7, 0.66, 1.34, 0.89, 0.25, 0.25, 0.23, 0.43, 0.3, 0.34]}
{"t": 5.0, "x": -746, "y": 338, "h": 99.5, "d5": 0.68, "sm": 0.681, "d6": "tick=204515 goal=0 here=0", "l": [0.66, 1.34, 0.92, 0.24, 0.26, 0.21, 0.4, 0.32, 0.34, 0.36, 0.55, 1.24, 1.43, 0.3, 0.44, 0.67]}
{"t": 5.2, "x": -660, "y": 329, "h": 95.9, "d5": 0.676, "sm": 0.68, "d6": "tick=204537 goal=0 here=0", "l": [0.62, 1.29, 0.91, 0.23, 0.28, 0.24, 0.39, 0.38, 0.38, 0.42, 0.58, 1.28, 1.15, 0.3, 0.42, 0.64]}
{"t": 5.4, "x": -563, "y": 320, "h": 95.0, "d5": 0.669, "sm": 0.677, "d6": "tick=204558 goal=0 here=0", "l": [0.56, 1.12, 0.92, 0.77, 0.23, 0.28, 0.27, 0.46, 0.41, 0.45, 0.61, 1.38, 0.89, 0.35, 0.4, 0.61]}
{"t": 5.6, "x": -470, "y": 314, "h": 94.0, "d5": 0.662, "sm": 0.673, "d6": "tick=204579 goal=0 here=0", "l": [0.51, 1.06, 0.97, 0.73, 0.2, 0.3, 0.3, 0.52, 0.45, 0.51, 0.67, 1.44, 0.29, 0.34, 0.51, 0.56]}
{"t": 5.8, "x": -377, "y": 303, "h": 96.4, "d5": 0.68, "sm": 0.675, "d6": "tick=204599 goal=0 here=0", "l": [0.45, 1.01, 0.98, 0.71, 0.73, 0.24, 0.33, 0.57, 0.52, 0.55, 0.72, 1.47, 0.28, 0.33, 0.48, 0.55]}
{"t": 6.0, "x": -282, "y": 294, "h": 95.7, "d5": 0.646, "sm": 0.668, "d6": "tick=204620 goal=0 here=0", "l": [0.4, 0.97, 0.94, 0.78, 0.73, 0.23, 0.35, 0.62, 0.56, 0.6, -1.0, 1.74, 0.32, 0.28, 0.47, 0.49]}
{"t": 6.2, "x": -186, "y": 287, "h": 93.9, "d5": 0.66, "sm": 0.666, "d6": "tick=204641 goal=0 here=0", "l": [0.34, 0.4, 0.94, 0.76, 0.75, 0.79, 0.37, 0.63, 0.58, 0.64, 0.94, 0.31, 0.32, 0.28, 0.41, 0.44]}
{"t": 7.2, "x": -180, "y": 291, "h": 175.1, "d5": 0.622, "sm": 0.655, "d6": "tick=204730 goal=0 here=0", "l": [0.71, 0.8, 0.28, 0.41, 0.59, 0.64, 0.76, 1.37, 0.35, 0.27, 0.43, 0.43, 0.32, 0.37, 1.11, 0.78]}
{"t": 7.4, "x": -170, "y": 205, "h": 173.5, "d5": 0.633, "sm": 0.649, "d6": "tick=204753 goal=0 here=0", "l": [0.66, 0.73, 0.9, 0.38, 0.61, 0.66, 0.8, 1.38, 0.36, 0.32, 0.47, 0.45, 0.34, 0.38, 1.1, 0.72]}
{"t": 7.6, "x": -156, "y": 110, "h": 171.5, "d5": 0.662, "sm": 0.653, "d6": "tick=204774 goal=0 here=0", "l": [0.61, 0.68, 0.86, 0.32, 0.67, 0.68, 0.81, 1.41, 0.42, 0.37, 0.49, 0.44, 0.36, 0.92, 1.06, 0.7]}
{"t": 7.8, "x": -150, "y": 14, "h": 176.9, "d5": 0.665, "sm": 0.656, "d6": "tick=204795 goal=0 here=0", "l": [0.56, 0.6, 0.69, 0.73, 0.38, 0.64, 0.76, 1.22, 0.47, 0.41, 0.56, 0.37, 0.38, 0.86, 1.02, 0.63]}
{"t": 8.0, "x": -143, "y": -78, "h": 175.4, "d5": 0.681, "sm": 0.662, "d6": "tick=204815 goal=0 here=0", "l": [0.49, 0.55, 0.62, 0.75, 0.18, 0.61, 0.74, 1.27, 0.51, 0.47, 0.56, 0.35, 0.35, 0.85, 0.96, 0.59]}
{"t": 8.2, "x": -127, "y": -196, "h": 172.4, "d5": 0.687, "sm": 0.668, "d6": "tick=204841 goal=0 here=0", "l": [0.44, 0.51, 0.6, 0.84, 0.67, 0.64, 0.77, 1.27, 0.55, 0.52, 0.58, 0.4, 0.33, 0.82, 0.81, 0.55]}
{"t": 8.5, "x": -104, "y": -312, "h": 168.6, "d5": 0.705, "sm": 0.677, "d6": "tick=204867 goal=0 here=0", "l": [0.39, 0.46, 0.55, 0.75, 0.74, 0.28, 0.8, 1.23, 0.6, 0.62, 0.6, 0.4, 1.4, 0.78, 0.72, 0.48]}
{"t": 8.7, "x": -84, "y": -406, "h": 168.4, "d5": 0.709, "sm": 0.685, "d6": "tick=204888 goal=0 here=0", "l": [0.32, 0.41, 0.45, 0.71, 0.71, 0.56, 0.25, 1.1, 0.68, 0.68, 0.62, 0.38, 1.38, 0.75, 0.64, 0.45]}
{"t": 10.3, "x": -73, "y": -413, "h": 342.8, "d5": 0.716, "sm": 0.693, "d6": "tick=205047 goal=0 here=0", "l": [1.87, 0.63, 0.72, 0.44, 1.4, 0.8, 0.88, 0.47, 0.39, 0.36, 0.41, 0.53, 0.78, 0.68, 0.32, 0.96]}
{"t": 10.5, "x": -95, "y": -329, "h": 345.7, "d5": 0.716, "sm": 0.699, "d6": "tick=205070 goal=0 here=0", "l": [1.81, 0.6, 0.68, 0.42, 1.41, 0.82, 0.9, 0.52, 0.43, 0.4, 0.44, 0.54, 0.69, 0.66, 0.26, 0.99]}
{"t": 10.7, "x": -126, "y": -239, "h": 340.6, "d5": 0.71, "sm": 0.702, "d6": "tick=205091 goal=0 here=0", "l": [1.68, 0.56, 0.64, 0.42, 0.36, 0.84, 0.93, 0.64, 0.5, 0.43, 0.5, 0.58, 0.69, 0.65, 0.65, 0.92]}
{"t": 11.8, "x": -139, "y": -229, "h": 235.8, "d5": 0.707, "sm": 0.703, "d6": "tick=205193 goal=0 here=0", "l": [0.77, 0.72, 0.24, 0.79, 1.19, 0.58, 0.53, 0.62, 0.41, 1.41, 0.82, 0.81, 0.52, 0.41, 0.49, 0.61]}
{"t": 12.0, "x": -202, "y": -281, "h": 230.2, "d5": 0.723, "sm": 0.708, "d6": "tick=205215 goal=0 here=0", "l": [0.71, 0.68, 0.26, 0.66, 0.97, 2.11, 0.56, 0.68, 0.44, 0.4, 0.86, 0.96, 0.53, 0.39, 0.44, 0.53]}
{"t": 12.2, "x": -274, "y": -346, "h": 228.3, "d5": 0.733, "sm": 0.714, "d6": "tick=205236 goal=0 here=0", "l": [0.65, 0.61, 0.56, 0.2, 0.81, 1.66, 0.65, 0.71, 0.5, 0.44, 0.91, 1.0, 0.49, 0.39, 0.41, 0.49]}
{"t": 12.4, "x": -347, "y": -407, "h": 229.7, "d5": 0.745, "sm": 0.722, "d6": "tick=205257 goal=0 here=0", "l": [0.6, 0.57, 0.52, 0.21, 0.18, 1.4, 0.67, 0.77, 0.57, 0.47, 0.95, 1.0, 0.51, 0.36, 0.37, 0.46]}
{"t": 12.6, "x": -415, "y": -477, "h": 224.2, "d5": 0.763, "sm": 0.732, "d6": "tick=205278 goal=0 here=0", "l": [0.39, 0.61, 0.56, 0.41, 0.18, 0.2, 2.65, 0.67, 0.76, 0.55, 0.98, 1.03, 0.49, 0.36, 0.34, 0.4]}
{"t": 12.8, "x": -482, "y": -545, "h": 224.8, "d5": 0.782, "sm": 0.745, "d6": "tick=205299 goal=0 here=0", "l": [0.35, 0.58, 0.52, 0.5, 0.37, 0.21, 0.23, 0.73, 0.81, 0.57, 1.03, 0.85, 0.43, 0.35, 0.29, 0.36]}
{"t": 13.0, "x": -545, "y": -613, "h": 222.9, "d5": 0.795, "sm": 0.757, "d6": "tick=205319 goal=0 here=0", "l": [0.28, 0.54, 0.47, 0.44, 0.38, 0.22, 0.27, 0.78, 0.86, 0.62, 1.05, 0.81, 0.36, 0.31, 0.28, 0.31]}
{"t": 13.1, "x": -550, "y": -619, "h": 221.9, "d5": 0.804, "sm": 0.769, "d6": "tick=205323 goal=0 here=0", "l": [0.28, 0.52, 0.46, 0.45, 0.36, 0.21, 0.24, 0.8, 0.87, 0.62, 1.04, 0.81, 0.34, 0.32, 0.28, 0.31]}
{"t": 13.1, "x": -550, "y": -618, "h": 219.1, "d5": 0.817, "sm": 0.781, "d6": "tick=205328 goal=0 here=0", "l": [0.28, 0.51, 0.45, 0.44, 0.37, 0.22, 0.24, 0.8, 0.87, 0.64, 1.04, 0.82, 0.34, -1.0, 0.25, 0.32]}
{"t": 13.2, "x": -551, "y": -619, "h": 221.5, "d5": 0.8, "sm": 0.786, "d6": "tick=205333 goal=0 here=0", "l": [0.28, 0.51, 0.44, 0.43, 0.37, 0.22, 0.24, 0.78, 0.87, 0.61, 1.03, 0.83, 0.35, 0.3, 0.28, 0.31]}
{"t": 15.4, "x": -323, "y": -336, "h": 94.7, "d5": 0.738, "sm": 0.774, "d6": "tick=205551 goal=0 here=0", "l": [0.9, 0.78, 0.53, 0.38, 0.4, 0.49, 0.64, 0.61, 0.55, 0.21, 0.14, 1.78, 0.65, 0.74, 0.49, 1.49]}
{"t": 16.4, "x": -327, "y": -328, "h": 201.9, "d5": 0.7, "sm": 0.755, "d6": "tick=205657 goal=0 here=0", "l": [0.43, 0.45, 0.66, 0.58, 0.21, 0.19, 1.29, 0.63, 0.64, 0.68, 0.5, 0.92, 1.01, 0.55, 0.41, 0.43]}
{"t": 16.6, "x": -350, "y": -412, "h": 195.3, "d5": 0.721, "sm": 0.747, "d6": "tick=205680 goal=0 here=0", "l": [0.41, 0.44, 0.64, 0.56, 0.41, 0.21, 1.34, 0.64, 0.74, 0.66, 0.48, 0.94, 1.0, 0.49, 0.36, 0.38]}
{"t": 16.8, "x": -387, "y": -496, "h": 203.8, "d5": 0.731, "sm": 0.743, "d6": "tick=205700 goal=0 here=0", "l": [0.38, 0.39, 0.61, 0.57, 0.42, 0.24, 0.22, 0.69, 0.81, 0.58, 1.57, 0.92, 0.75, 0.45, 0.35, 0.31]}
{"t": 17.2, "x": -390, "y": -503, "h": 221.0, "d5": 0.73, "sm": 0.74, "d6": "tick=205732 goal=0 here=0", "l": [0.37, 0.59, 0.56, 0.56, 0.25, 0.23, 2.75, 0.71, 0.79, 0.54, 1.0, 1.01, 0.47, 0.31, 0.31, 0.33]}
{"t": 17.2, "x": -390, "y": -503, "h": 221.7, "d5": 0.751, "sm": 0.742, "d6": "tick=205737 goal=0 here=0", "l": [0.38, 0.59, 0.58, 0.54, 0.23, 0.24, 2.77, 0.69, 0.76, 0.53, 0.96, 1.0, 0.47, 0.34, 0.33, 0.35]}
{"t": 17.3, "x": -390, "y": -502, "h": 223.9, "d5": 0.767, "sm": 0.749, "d6": "tick=205742 goal=0 here=0", "l": [0.39, 0.58, 0.58, 0.56, 0.25, 0.22, 2.78, 0.71, 0.77, 0.54, 0.97, 1.0, 0.47, 0.32, 0.32, 0.33]}
{"t": 17.6, "x": -389, "y": -502, "h": 234.0, "d5": 0.751, "sm": 0.749, "d6": "tick=205776 goal=0 here=0", "l": [0.55, 0.54, 0.54, 0.42, 0.23, 2.31, 0.73, 0.84, 0.6, 1.51, 0.98, 0.5, -1.0, 0.34, 0.33, 0.38]}
{"t": 17.8, "x": -460, "y": -552, "h": 235.1, "d5": 0.774, "sm": 0.755, "d6": "tick=205799 goal=0 here=0", "l": [0.51, 0.51, 0.5, 0.41, 0.23, 0.27, 0.77, 0.86, 0.65, 1.61, 1.0, 0.49, 0.31, 0.32, 0.32, 0.36]}
{"t": 18.0, "x": -534, "y": -613, "h": 230.5, "d5": 0.793, "sm": 0.765, "d6": "tick=205820 goal=0 here=0", "l": [0.32, 0.52, 0.53, 0.52, 0.38, 0.23, 0.25, 0.91, 0.7, 1.62, 1.0, 0.53, 0.33, 0.27, 0.27, 0.3]}
{"t": 18.1, "x": -541, "y": -619, "h": 228.1, "d5": 0.79, "sm": 0.771, "d6": "tick=205823 goal=0 here=0", "l": [0.33, 0.52, 0.52, 0.48, 0.39, 0.23, 0.24, 0.91, 0.69, 1.63, 0.99, 0.5, 0.34, 0.3, 0.28, 0.29]}
{"t": 18.6, "x": -540, "y": -618, "h": 267.4, "d5": 0.784, "sm": 0.774, "d6": "tick=205878 goal=0 here=0", "l": [0.44, 0.45, 0.38, 0.24, 0.27, 0.79, 0.86, 1.75, 1.02, 0.79, 0.33, 0.3, 0.26, 0.3, 0.28, 0.48]}
{"t": 19.2, "x": -542, "y": -619, "h": 229.2, "d5": 0.798, "sm": 0.78, "d6": "tick=205931 goal=0 here=0", "l": [0.32, 0.53, 0.51, 0.51, 0.38, 0.24, 0.27, 0.91, 0.69, 1.62, 1.0, 0.54, 0.33, 0.28, 0.27, 0.29]}
{"t": 19.2, "x": -542, "y": -619, "h": 227.6, "d5": 0.801, "sm": 0.785, "d6": "tick=205936 goal=0 here=0", "l": [0.34, 0.51, 0.51, 0.51, 0.39, 0.23, 0.27, 0.9, 0.69, 1.63, 1.01, 0.53, 0.33, 0.27, 0.24, 0.3]}
{"t": 19.3, "x": -542, "y": -620, "h": 225.2, "d5": 0.806, "sm": 0.791, "d6": "tick=205942 goal=0 here=0", "l": [0.31, 0.52, 0.52, 0.5, 0.39, 0.23, 0.25, 0.91, 0.67, 1.62, 1.0, 0.51, 0.33, 0.28, 0.27, 0.3]}
{"t": 19.3, "x": -541, "y": -618, "h": 223.9, "d5": 0.784, "sm": 0.789, "d6": "tick=205948 goal=0 here=0", "l": [0.32, 0.53, 0.54, 0.52, 0.38, 0.24, 0.26, 0.92, 0.69, 1.63, 1.01, 0.5, 0.32, 0.28, 0.25, 0.28]}
{"t": 19.9, "x": -540, "y": -618, "h": 261.4, "d5": 0.805, "sm": 0.793, "d6": "tick=206001 goal=0 here=0", "l": [0.43, 0.48, 0.38, 0.29, 0.27, 0.82, 0.93, 0.67, 1.05, 1.07, 0.35, 0.33, 0.27, 0.29, 0.29, 0.45]}
{"t": 20.1, "x": -643, "y": -634, "h": 261.0, "d5": 0.797, "sm": 0.794, "d6": "tick=206028 goal=0 here=0", "l": [0.41, 0.44, 0.37, 0.38, 0.24, 0.27, 0.97, 0.72, 1.09, 1.09, 0.35, 0.32, 0.26, 0.28, 0.24, 0.43]}
{"t": 20.3, "x": -738, "y": -658, "h": 255.6, "d5": 0.809, "sm": 0.798, "d6": "tick=206049 goal=0 here=0", "l": [0.36, 0.41, 0.45, 0.33, 0.27, 0.27, 0.99, 0.76, 1.15, 1.13, 0.39, 0.27, 0.26, 0.23, 0.22, 0.4]}
{"t": 20.6, "x": -853, "y": -683, "h": 258.0, "d5": 0.822, "sm": 0.804, "d6": "tick=206075 goal=0 here=0", "l": [0.3, 0.37, 0.33, 0.3, 0.34, 0.25, 1.0, 0.83, 1.21, 1.19, 0.42, 0.3, 0.27, 0.19, 0.29, 0.34]}
{"t": 22.2, "x": -860, "y": -694, "h": 75.0, "d5": 0.822, "sm": 0.808, "d6": "tick=206237 goal=0 here=0", "l": [1.78, 1.21, 0.44, 0.29, 0.25, 0.18, 0.2, 0.33, 0.35, 0.32, 0.33, 0.39, 0.33, 0.28, 0.36, 0.96]}
{"t": 23.5, "x": -865, "y": -686, "h": 205.0, "d5": 0.825, "sm": 0.813, "d6": "tick=206370 goal=0 here=0", "l": [0.21, 0.32, 0.36, 0.31, 0.32, 0.39, 0.3, 0.29, 0.31, 1.0, 1.84, 1.15, 0.46, 0.31, 0.26, 0.2]}
{"t": 24.8, "x": -858, "y": -692, "h": 74.9, "d5": 0.84, "sm": 0.819, "d6": "tick=206500 goal=0 here=0", "l": [1.83, 1.22, 0.43, 0.28, 0.26, 0.16, 0.28, 0.32, 0.3, 0.36, 0.33, 0.29, 0.34, 0.27, 0.34, 0.82]}
{"t": 26.1, "x": -863, "y": -686, "h": 205.0, "d5": 0.827, "sm": 0.821, "d6": "tick=206630 goal=0 here=0", "l": [0.2, 0.31, 0.35, 0.3, 0.32, 0.4, 0.3, 0.29, 0.3, 0.99, 1.87, 1.16, 0.44, 0.3, -1.0, 0.2]}
{"t": 26.8, "x": -859, "y": -682, "h": 244.6, "d5": 0.823, "sm": 0.822, "d6": "tick=206698 goal=0 here=0", "l": [0.38, 0.3, 0.34, 0.4, 0.29, 0.29, 0.28, 1.02, 0.78, 1.13, 0.63, 0.32, 0.26, 0.2, 0.18, 0.32]}
{"t": 27.3, "x": -862, "y": -684, "h": 229.5, "d5": 0.825, "sm": 0.823, "d6": "tick=206741 goal=0 here=0", "l": [0.32, 0.33, 0.32, 0.32, 0.38, 0.34, 0.27, 0.33, 1.0, 1.79, 1.21, 0.44, 0.29, 0.27, 0.18, 0.22]}
{"t": 28.6, "x": -856, "y": -692, "h": 81.0, "d5": 0.841, "sm": 0.827, "d6": "tick=206877 goal=0 here=0", "l": [1.22, 0.93, 0.41, 0.26, 0.23, 0.16, 0.32, 0.38, 0.28, 0.35, 0.33, 0.29, 0.36, 0.25, 1.03, -1.0]}
{"t": 29.9, "x": -860, "y": -684, "h": 205.9, "d5": 0.829, "sm": 0.828, "d6": "tick=207007 goal=0 here=0", "l": [0.27, 0.31, 0.31, 0.33, 0.32, 0.37, 0.32, 0.25, 0.33, 0.86, 1.8, -1.0, 0.43, 0.31, 0.27, 0.17]}
{"t": 30.4, "x": -857, "y": -681, "h": 245.6, "d5": 0.827, "sm": 0.827, "d6": "tick=207056 goal=0 here=0", "l": [0.38, 0.28, 0.36, 0.37, 0.29, 0.33, 0.28, 1.04, 0.82, 1.2, 0.66, 0.38, 0.26, 0.23, 0.19, 0.3]}
{"t": 30.5, "x": -857, "y": -680, "h": 247.0, "d5": 0.823, "sm": 0.826, "d6": "tick=207061 goal=0 here=0", "l": [0.38, 0.28, 0.35, 0.37, 0.29, 0.34, 0.27, 1.05, 0.8, 1.16, 0.67, 0.38, 0.25, 0.22, 0.2, 0.33]}
{"t": 30.5, "x": -858, "y": -681, "h": 242.7, "d5": 0.816, "sm": 0.824, "d6": "tick=207066 goal=0 here=0", "l": [0.38, 0.3, 0.36, 0.36, 0.29, 0.32, 0.26, 1.06, 0.8, 1.19, 0.65, 0.37, 0.26, 0.22, 0.18, 0.31]}
{"t": 30.8, "x": -858, "y": -681, "h": 232.2, "d5": 0.833, "sm": 0.826, "d6": "tick=207100 goal=0 here=0", "l": [0.3, 0.34, 0.33, 0.31, 0.38, 0.35, 0.27, 0.33, 0.97, 1.78, 1.22, 0.43, 0.29, 0.27, 0.18, 0.23]}
{"t": 32.3, "x": -853, "y": -689, "h": 79.4, "d5": 0.852, "sm": 0.833, "d6": "tick=207244 goal=0 here=0", "l": [1.22, 0.95, 0.41, 0.27, 0.24, 0.17, 0.33, 0.35, 0.28, 0.38, 0.32, 0.29, 0.35, 0.25, 1.04, 0.86]}
{"t": 33.6, "x": -858, "y": -682, "h": 210.6, "d5": 0.859, "sm": 0.839, "d6": "tick=207374 goal=0 here=0", "l": [0.23, 0.33, 0.33, 0.32, 0.31, 0.38, 0.32, 0.29, 0.33, 0.98, 1.81, 1.23, 0.45, 0.31, 0.27, 0.18]}
{"t": 33.6, "x": -858, "y": -682, "h": 208.8, "d5": 0.862, "sm": 0.845, "d6": "tick=207379 goal=0 here=0", "l": [0.23, 0.32, 0.33, 0.33, 0.31, 0.35, 0.33, 0.27, 0.33, 0.97, 1.77, 1.22, 0.45, 0.3, 0.28, 0.2]}
{"t": 34.8, "x": -853, "y": -687, "h": 77.3, "d5": 0.867, "sm": 0.85, "d6": "tick=207500 goal=0 here=0", "l": [1.24, 0.95, 0.43, 0.26, 0.21, 0.16, 0.31, 0.36, 0.29, 0.37, 0.33, 0.3, 0.35, 0.26, 1.04, 0.84]}
{"t": 36.1, "x": -858, "y": -681, "h": 205.9, "d5": 0.866, "sm": 0.854, "d6": "tick=207622 goal=0 here=0", "l": [0.18, 0.3, 0.34, 0.31, 0.35, 0.38, 0.31, 0.27, 0.33, 1.0, 1.84, 1.15, 0.43, 0.32, 0.27, 0.2]}
{"t": 36.7, "x": -856, "y": -679, "h": 246.2, "d5": 0.867, "sm": 0.857, "d6": "tick=207685 goal=0 here=0", "l": [0.39, 0.26, 0.34, 0.38, 0.3, 0.31, 0.26, 1.07, 0.78, 1.18, 0.66, 0.38, 0.26, 0.23, 0.17, 0.33]}
{"t": 36.7, "x": -855, "y": -679, "h": 245.1, "d5": 0.86, "sm": 0.858, "d6": "tick=207690 goal=0 here=0", "l": [0.38, 0.31, 0.35, 0.38, 0.32, 0.31, 0.26, 1.05, 0.79, 1.15, 0.66, 0.35, 0.26, 0.24, 0.17, 0.31]}
{"t": 37.2, "x": -857, "y": -680, "h": 226.1, "d5": 0.852, "sm": 0.857, "d6": "tick=207734 goal=0 here=0", "l": [0.3, 0.35, 0.31, 0.32, 0.39, 0.3, 0.28, 0.33, 1.0, 1.8, 1.16, -1.0, 0.29, 0.27, 0.2, 0.22]}
{"t": 38.5, "x": -854, "y": -691, "h": 95.8, "d5": 0.87, "sm": 0.86, "d6": "tick=207866 goal=0 here=0", "l": [1.22, 0.43, 0.28, 0.25, 0.16, 0.23, 0.33, 0.33, 0.33, 0.32, 0.34, 0.35, 0.28, 0.34, 0.87, 1.79]}
{"t": 39.8, "x": -861, "y": -684, "h": 223.4, "d5": 0.868, "sm": 0.862, "d6": "tick=207991 goal=0 here=0", "l": [0.3, 0.38, -1.0, 0.34, 0.4, 0.31, 0.3, 0.29, 1.04, 0.77, 1.13, 0.61, 0.32, 0.27, 0.21, 0.18]}
{"t": 40.0, "x": -861, "y": -684, "h": 213.8, "d5": 0.872, "sm": 0.864, "d6": "tick=208015 goal=0 here=0", "l": [0.29, -1.0, -1.0, 0.36, 0.33, 0.3, 0.33, 0.24, 1.01, 0.85, 1.23, 0.97, 0.41, 0.29, 0.26, 0.18]}
{"t": 40.4, "x": -859, "y": -683, "h": 229.1, "d5": 0.86, "sm": 0.863, "d6": "tick=208049 goal=0 here=0", "l": [0.31, 0.34, 0.29, 0.34, 0.4, 0.31, 0.27, 0.33, 0.98, 1.79, 1.18, 0.45, 0.31, 0.25, 0.18, 0.2]}
{"t": 40.4, "x": -860, "y": -683, "h": 229.3, "d5": 0.843, "sm": 0.858, "d6": "tick=208059 goal=0 here=0", "l": [0.31, 0.34, 0.32, 0.32, 0.39, 0.32, 0.26, 0.35, 1.0, 1.78, 1.21, 0.45, 0.3, 0.27, 0.19, 0.21]}
{"t": 40.5, "x": -860, "y": -683, "h": 233.0, "d5": 0.849, "sm": 0.856, "d6": "tick=208064 goal=0 here=0", "l": [0.31, 0.36, 0.34, 0.32, 0.38, 0.32, 0.26, 0.32, 0.98, 1.78, 1.2, 0.45, 0.3, 0.26, 0.18, 0.21]}
{"t": 40.9, "x": -858, "y": -682, "h": 249.3, "d5": 0.838, "sm": 0.851, "d6": "tick=208100 goal=0 here=0", "l": [0.36, 0.3, 0.32, 0.38, 0.31, 0.29, 0.3, 1.01, 1.85, 1.14, 0.46, 0.3, 0.27, 0.19, 0.17, 0.31]}
{"t": 41.4, "x": -859, "y": -682, "h": 230.9, "d5": 0.857, "sm": 0.853, "d6": "tick=208158 goal=0 here=0", "l": [0.31, 0.33, -1.0, 0.32, 0.33, 0.32, 0.25, 0.33, 0.86, 1.78, 1.24, 0.44, 0.3, 0.26, 0.18, 0.26]}
{"t": 41.5, "x": -859, "y": -682, "h": 229.4, "d5": 0.85, "sm": 0.852, "d6": "tick=208162 goal=0 here=0", "l": [0.33, 0.34, 0.33, 0.31, 0.35, 0.31, 0.27, 0.33, 0.94, 1.79, 1.21, 0.45, 0.3, 0.25, 0.18, 0.25]}
{"t": 41.5, "x": -859, "y": -682, "h": 227.8, "d5": 0.861, "sm": 0.854, "d6": "tick=208167 goal=0 here=0", "l": [0.3, 0.32, 0.33, 0.32, 0.36, 0.32, 0.26, 0.33, 0.97, 1.8, 1.21, 0.44, 0.3, 0.26, 0.17, 0.23]}
{"t": 41.6, "x": -859, "y": -682, "h": 228.7, "d5": 0.862, "sm": 0.856, "d6": "tick=208172 goal=0 here=0", "l": [0.31, 0.32, 0.34, 0.32, 0.36, 0.34, 0.27, 0.33, 0.95, 1.79, 1.22, 0.44, 0.29, 0.25, 0.19, 0.24]}
{"t": 43.9, "x": -596, "y": -432, "h": 82.3, "d5": 0.79, "sm": 0.84, "d6": "tick=208401 goal=0 here=0", "l": [1.58, 1.1, 0.54, 0.4, 0.35, 0.36, 0.35, 0.56, 0.49, 0.44, 0.31, 0.16, 0.16, 0.19, 0.85, 0.66]}
{"t": 45.4, "x": -598, "y": -421, "h": 234.3, "d5": 0.798, "sm": 0.829, "d6": "tick=208551 goal=0 here=0", "l": [0.55, 0.47, 0.42, 0.31, 0.17, 0.17, 0.17, 0.85, 0.67, 1.63, 1.07, 0.6, 0.39, 0.35, 0.38, 0.33]}
{"t": 45.4, "x": -599, "y": -422, "h": 233.6, "d5": 0.791, "sm": 0.82, "d6": "tick=208561 goal=0 here=0", "l": [0.56, 0.46, 0.43, 0.32, 0.16, 0.16, 0.17, 0.87, 0.65, 1.63, 1.08, 0.58, 0.37, 0.33, 0.38, 0.35]}
{"t": 45.5, "x": -599, "y": -422, "h": 235.0, "d5": 0.779, "sm": 0.81, "d6": "tick=208564 goal=0 here=0", "l": [0.54, 0.49, 0.42, 0.31, 0.16, 0.18, 0.17, 0.86, 0.66, 1.65, 1.08, 0.58, 0.39, 0.34, 0.36, 0.34]}
{"t": 45.6, "x": -598, "y": -421, "h": 236.6, "d5": 0.804, "sm": 0.808, "d6": "tick=208574 goal=0 here=0", "l": [0.55, 0.46, 0.43, 0.31, 0.14, 0.16, 0.19, 0.84, 0.67, 1.66, 1.07, 0.57, 0.4, 0.36, 0.37, 0.34]}
{"t": 48.0, "x": -263, "y": -273, "h": 48.7, "d5": 0.747, "sm": 0.793, "d6": "tick=208818 goal=0 here=0", "l": [0.49, 0.42, 0.9, 0.99, 0.54, 0.41, 0.45, 0.52, 0.67, 0.65, 0.59, 0.19, 0.83, 1.75, 0.61, 0.66]}
{"t": 49.5, "x": -269, "y": -265, "h": 258.3, "d5": 0.776, "sm": 0.789, "d6": "tick=208967 goal=0 here=0", "l": [0.68, 0.24, 0.15, 0.97, 2.55, 0.57, 0.69, 0.48, 1.45, 0.86, 0.78, 0.54, 0.44, 0.45, 0.53, 0.71]}
{"t": 49.8, "x": -269, "y": -265, "h": 244.2, "d5": 0.779, "sm": 0.786, "d6": "tick=208999 goal=0 here=0", "l": [0.65, 0.55, 0.2, 0.74, 1.31, 0.58, 0.59, 0.63, 0.48, -1.0, 0.98, 0.64, 0.47, 0.47, 0.47, 0.5]}
{"t": 50.1, "x": -358, "y": -308, "h": 244.6, "d5": 0.801, "sm": 0.79, "d6": "tick=209022 goal=0 here=0", "l": [0.59, 0.53, 0.19, 0.17, 1.3, 0.6, 0.58, 0.66, 0.52, 0.94, 1.02, 0.57, 0.39, 0.45, 0.47, 0.49]}
{"t": 50.3, "x": -454, "y": -353, "h": 244.9, "d5": 0.811, "sm": 0.795, "d6": "tick=209048 goal=0 here=0", "l": [0.53, 0.48, 0.34, 0.15, 0.12, 0.68, 0.62, 0.73, 0.54, 1.0, 1.06, 0.55, 0.44, 0.42, 0.43, 0.57]}
{"t": 50.7, "x": -462, "y": -355, "h": 278.4, "d5": 0.82, "sm": 0.801, "d6": "tick=209090 goal=0 here=0", "l": [0.5, 0.16, 0.14, 0.12, 0.67, 0.77, 0.58, 1.52, 0.94, 0.77, 0.44, 0.43, 0.4, 0.41, 0.6, 0.55]}
{"t": 51.2, "x": -463, "y": -355, "h": 262.7, "d5": 0.818, "sm": 0.806, "d6": "tick=209133 goal=0 here=0", "l": [0.56, 0.35, 0.14, 0.14, 0.12, 0.67, 0.77, 0.59, 1.55, 1.04, 0.58, 0.41, 0.41, 0.44, 0.43, 0.62]}
{"t": 51.2, "x": -463, "y": -355, "h": 264.8, "d5": 0.815, "sm": 0.808, "d6": "tick=209138 goal=0 here=0", "l": [0.58, 0.36, 0.15, 0.12, 0.12, 0.66, 0.8, 0.59, 1.56, 1.01, 0.61, 0.4, 0.4, 0.41, 0.42, 0.64]}
{"t": 51.4, "x": -545, "y": -362, "h": 264.9, "d5": 0.847, "sm": 0.818, "d6": "tick=209160 goal=0 here=0", "l": [0.51, 0.35, 0.12, 0.13, 0.14, 0.69, 0.8, 0.63, 1.56, 1.09, 0.58, 0.43, 0.39, 0.42, -1.0, 0.54]}
{"t": 51.5, "x": -554, "y": -363, "h": 265.2, "d5": 0.841, "sm": 0.824, "d6": "tick=209164 goal=0 here=0", "l": [0.49, 0.32, 0.13, 0.11, 0.12, 0.14, 0.8, 0.63, 1.55, 1.1, 0.59, 0.44, 0.38, 0.42, 0.52, 0.56]}
{"t": 51.8, "x": -554, "y": -363, "h": 255.3, "d5": 0.847, "sm": 0.829, "d6": "tick=209198 goal=0 here=0", "l": [0.5, 0.43, 0.31, 0.12, 0.13, 0.15, 0.66, 0.78, 0.59, 1.03, 0.86, 0.45, 0.44, 0.4, 0.38, 0.56]}
{"t": 52.0, "x": -634, "y": -390, "h": 251.3, "d5": 0.85, "sm": 0.835, "d6": "tick=209220 goal=0 here=0", "l": [0.46, 0.41, 0.3, 0.26, -1.0, 0.12, 0.13, 0.82, 0.65, 1.09, 0.88, 0.45, 0.39, 0.38, 0.36, 0.5]}
{"t": 52.2, "x": -721, "y": -427, "h": 247.3, "d5": 0.881, "sm": 0.846, "d6": "tick=209241 goal=0 here=0", "l": [0.38, 0.39, 0.38, 0.22, 0.15, 0.13, 0.16, 0.89, 0.69, 1.12, 0.91, 0.45, 0.38, 0.4, 0.32, 0.47]}
{"t": 52.4, "x": -808, "y": -468, "h": 244.4, "d5": 0.883, "sm": 0.855, "d6": "tick=209262 goal=0 here=0", "l": [0.35, 0.36, 0.34, 0.21, 0.22, 0.14, 0.17, 0.96, 0.75, 1.19, 0.93, 0.47, 0.37, 0.36, 0.31, 0.43]}
{"t": 53.2, "x": -813, "y": -472, "h": 305.5, "d5": 0.899, "sm": 0.866, "d6": "tick=209332 goal=0 here=0", "l": [0.27, 0.24, 0.19, 0.13, 0.23, 0.78, 1.77, 1.22, 0.53, 0.4, 0.36, 0.29, 0.41, 0.45, 0.38, 0.32]}
{"t": 53.3, "x": -811, "y": -473, "h": 302.9, "d5": 0.89, "sm": 0.872, "d6": "tick=209337 goal=0 here=0", "l": [0.25, 0.24, 0.21, 0.13, 0.21, 0.78, 1.75, 1.22, 0.52, 0.4, 0.37, 0.29, 0.41, 0.43, 0.38, 0.33]}
{"t": 53.3, "x": -812, "y": -472, "h": 303.8, "d5": 0.876, "sm": 0.873, "d6": "tick=209345 goal=0 here=0", "l": [0.24, 0.22, 0.19, 0.14, 0.23, 0.79, 1.77, -1.0, 0.54, 0.41, 0.36, 0.27, 0.41, 0.42, 0.38, 0.31]}
{"t": 53.3, "x": -812, "y": -473, "h": 304.8, "d5": 0.885, "sm": 0.876, "d6": "tick=209350 goal=0 here=0", "l": [0.25, 0.23, 0.19, 0.15, 0.23, 0.79, 1.78, 1.21, 0.52, 0.42, 0.36, 0.28, 0.42, 0.45, 0.37, 0.31]}
{"t": 53.4, "x": -812, "y": -472, "h": 305.1, "d5": 0.881, "sm": 0.877, "d6": "tick=209355 goal=0 here=0", "l": [0.26, 0.25, 0.2, 0.14, 0.22, 0.77, 1.77, 1.21, 0.51, 0.41, 0.34, 0.28, 0.42, 0.44, 0.37, 0.3]}
{"t": 53.4, "x": -812, "y": -472, "h": 302.0, "d5": 0.887, "sm": 0.88, "d6": "tick=209360 goal=0 here=0", "l": [0.25, 0.23, 0.2, 0.13, 0.23, 0.78, 1.76, 1.23, 0.52, 0.41, 0.37, 0.28, 0.41, 0.44, 0.37, 0.31]}
{"t": 55.5, "x": -564, "y": -748, "h": 71.0, "d5": 0.896, "sm": 0.884, "d6": "tick=209569 goal=0 here=0", "l": [1.61, 0.99, 0.48, 0.29, 0.22, 0.24, 0.26, 0.25, 0.54, 0.51, 0.51, 0.44, 0.27, 0.29, 0.94, 0.72]}
{"t": 56.7, "x": -565, "y": -739, "h": 305.8, "d5": 0.912, "sm": 0.891, "d6": "tick=209690 goal=0 here=0", "l": [0.5, 0.42, 0.29, 0.85, 0.97, 0.65, 1.06, 1.03, 0.31, 0.29, 0.24, 0.25, 0.28, 0.42, 0.51, 0.53]}
{"t": 57.0, "x": -637, "y": -702, "h": 297.3, "d5": 0.909, "sm": 0.895, "d6": "tick=209712 goal=0 here=0", "l": [0.5, 0.38, 0.25, 0.26, 0.93, 0.72, 1.68, 1.08, 0.5, 0.33, 0.26, 0.27, 0.28, 0.44, 0.5, 0.49]}
{"t": 57.2, "x": -723, "y": -659, "h": 296.4, "d5": 0.907, "sm": 0.898, "d6": "tick=209733 goal=0 here=0", "l": [0.44, 0.34, 0.22, 0.23, 0.78, 0.75, 1.67, 1.09, 0.56, 0.37, 0.3, 0.31, 0.25, 0.41, 0.4, 0.46]}
{"t": 57.8, "x": -736, "y": -655, "h": 253.3, "d5": 0.884, "sm": 0.895, "d6": "tick=209792 goal=0 here=0", "l": [0.37, 0.4, 0.43, 0.33, 0.19, 0.25, 0.94, 0.74, 1.67, 1.15, 0.42, 0.35, 0.28, 0.3, 0.26, 0.42]}
{"t": 58.0, "x": -818, "y": -680, "h": 253.2, "d5": 0.922, "sm": 0.902, "d6": "tick=209815 goal=0 here=0", "l": [0.31, 0.39, 0.36, 0.29, 0.3, 0.22, 0.29, 0.78, 1.72, 1.17, 0.43, 0.35, 0.29, 0.26, 0.24, 0.4]}
{"t": 58.3, "x": -829, "y": -684, "h": 237.8, "d5": 0.907, "sm": 0.903, "d6": "tick=209847 goal=0 here=0", "l": [0.45, 0.34, 0.38, 0.39, 0.3, 0.25, 0.21, 0.96, 0.8, 1.18, 1.17, 0.41, 0.31, 0.3, 0.23, 0.34]}
{"t": 58.4, "x": -830, "y": -684, "h": 238.7, "d5": 0.918, "sm": 0.907, "d6": "tick=209857 goal=0 here=0", "l": [0.44, 0.34, 0.38, 0.4, 0.3, 0.27, 0.21, 0.96, 0.79, 1.19, 1.18, 0.43, 0.29, 0.3, 0.21, 0.35]}
{"t": 58.4, "x": -829, "y": -683, "h": 237.4, "d5": 0.909, "sm": 0.907, "d6": "tick=209860 goal=0 here=0", "l": [0.44, 0.32, 0.38, 0.41, 0.3, 0.25, 0.23, 0.98, 0.81, 1.17, 1.18, 0.43, 0.3, 0.28, 0.23, 0.35]}
{"t": 58.5, "x": -829, "y": -683, "h": 236.5, "d5": 0.932, "sm": 0.913, "d6": "tick=209865 goal=0 here=0", "l": [0.42, 0.34, 0.38, 0.41, 0.3, 0.26, 0.23, 0.98, 0.8, 1.16, 1.17, 0.41, 0.32, 0.3, 0.24, 0.34]}
{"t": 60.9, "x": -475, "y": -582, "h": 47.6, "d5": 0.862, "sm": 0.901, "d6": "tick=210105 goal=0 here=0", "l": [0.62, 1.61, 0.95, 0.79, 0.42, 0.42, 0.36, 0.39, 0.54, 0.51, 0.49, 0.35, 0.19, 0.17, 0.65, 0.78]}
{"t": 62.3, "x": -480, "y": -578, "h": 202.2, "d5": 0.894, "sm": 0.899, "d6": "tick=210248 goal=0 here=0", "l": [0.41, 0.4, 0.6, 0.56, 0.4, 0.18, 0.18, 0.16, 0.68, 0.8, 0.59, 1.0, 1.06, 0.53, 0.39, 0.34]}
{"t": 62.4, "x": -480, "y": -577, "h": 198.2, "d5": 0.881, "sm": 0.894, "d6": "tick=210253 goal=0 here=0", "l": [0.42, 0.39, 0.6, 0.56, 0.37, 0.18, 0.16, 0.17, 0.66, 0.78, 0.58, 0.99, 1.06, 0.52, 0.38, 0.36]}
{"t": 62.6, "x": -507, "y": -655, "h": 198.7, "d5": 0.887, "sm": 0.893, "d6": "tick=210275 goal=0 here=0", "l": [0.36, 0.34, 0.58, 0.53, 0.49, 0.34, 0.2, 0.21, 0.7, 0.82, 0.58, 1.0, 1.06, 0.49, 0.37, 0.32]}
{"t": 62.7, "x": -510, "y": -664, "h": 201.6, "d5": 0.894, "sm": 0.893, "d6": "tick=210283 goal=0 here=0", "l": [0.35, 0.33, 0.59, 0.53, 0.53, 0.35, -1.0, -1.0, 0.72, 0.81, -1.0, 1.04, 1.05, 0.49, 0.36, 0.3]}
{"t": 63.8, "x": -505, "y": -670, "h": 97.6, "d5": 0.902, "sm": 0.895, "d6": "tick=210400 goal=0 here=0", "l": [-1.0, 0.62, 0.36, 0.35, 0.3, 0.34, 0.49, 0.51, 0.51, 0.37, 0.2, 0.21, 0.71, 0.85, 0.62, 1.57]}
{"t": 64.7, "x": -510, "y": -664, "h": 182.5, "d5": 0.92, "sm": 0.901, "d6": "tick=210490 goal=0 here=0", "l": [0.32, 0.34, 0.47, 0.55, 0.56, 0.4, 0.36, 0.2, 0.21, 0.76, 0.68, 1.63, 0.96, 0.77, 0.35, 0.35]}
{"t": 65.7, "x": -505, "y": -669, "h": 100.9, "d5": 0.899, "sm": 0.901, "d6": "tick=210581 goal=0 here=0", "l": [1.01, 0.52, 0.35, 0.34, 0.33, 0.34, 0.5, 0.47, 0.47, 0.37, 0.2, 0.21, 0.75, 0.85, 0.65, 1.62]}
{"t": 65.9, "x": -419, "y": -682, "h": 98.7, "d5": 0.891, "sm": 0.898, "d6": "tick=210604 goal=0 here=0", "l": [0.95, 0.55, 0.34, 0.33, 0.31, 0.39, 0.54, 0.52, 0.54, 0.42, 0.23, -1.0, 0.74, 0.84, 0.61, 1.57]}
{"t": 66.7, "x": -414, "y": -680, "h": 182.0, "d5": 0.894, "sm": 0.897, "d6": "tick=210689 goal=0 here=0", "l": [0.3, 0.33, 0.35, 0.61, 0.61, 0.53, 0.25, 0.24, 0.7, 0.8, 0.63, 1.6, 0.95, 0.78, 0.43, 0.34]}
{"t": 67.7, "x": -410, "y": -684, "h": 94.3, "d5": 0.905, "sm": 0.899, "d6": "tick=210781 goal=0 here=0", "l": [0.94, 0.51, 0.32, 0.33, 0.3, 0.39, 0.54, 0.53, 0.54, 0.4, 0.24, 0.23, 0.76, 0.83, 0.61, 1.57]}
{"t": 67.9, "x": -322, "y": -695, "h": 97.3, "d5": 0.892, "sm": 0.897, "d6": "tick=210803 goal=0 here=0", "l": [0.89, 0.61, 0.33, 0.31, 0.29, 0.37, 0.39, 0.61, 0.58, 0.45, 0.25, 1.91, 0.74, 0.85, 0.56, 1.54]}
{"t": 68.1, "x": -227, "y": -701, "h": 93.6, "d5": 0.878, "sm": 0.893, "d6": "tick=210825 goal=0 here=0", "l": [0.82, 0.61, 0.36, 0.27, 0.32, 0.34, 0.42, 0.69, 0.62, 0.49, 0.28, 1.94, 0.74, 0.78, 0.51, 1.51]}
{"t": 68.9, "x": -223, "y": -698, "h": 179.1, "d5": 0.879, "sm": 0.889, "d6": "tick=210907 goal=0 here=0", "l": [0.3, 0.32, 0.42, 0.63, 0.65, 0.56, 0.32, 1.41, 0.74, 0.81, 0.55, 1.53, 0.87, 0.92, 0.41, 0.27]}
{"t": 69.8, "x": -218, "y": -702, "h": 96.8, "d5": 0.885, "sm": 0.888, "d6": "tick=210994 goal=0 here=0", "l": [0.83, 0.61, 0.39, 0.27, 0.31, 0.33, 0.44, 0.69, 0.65, 0.49, 0.3, 1.98, 0.7, 0.76, 0.51, 1.49]}
{"t": 70.0, "x": -131, "y": -704, "h": 91.2, "d5": 0.877, "sm": 0.885, "d6": "tick=211017 goal=0 here=0", "l": [0.76, 0.6, 0.36, 0.24, 0.28, 0.32, 0.45, 0.74, 0.69, 0.54, 0.3, 1.96, 0.72, 0.73, 0.46, 1.42]}
{"t": 70.2, "x": -40, "y": -704, "h": 89.9, "d5": 0.877, "sm": 0.883, "d6": "tick=211037 goal=0 here=0", "l": [0.71, 0.58, 0.33, 0.29, 0.26, 0.33, 0.49, 0.75, 0.78, 0.59, 1.01, 2.0, 0.69, 0.69, 1.03, 1.38]}
{"t": 71.1, "x": -35, "y": -701, "h": 182.3, "d5": 0.865, "sm": 0.879, "d6": "tick=211127 goal=0 here=0", "l": [0.26, 0.31, 0.37, 0.5, 0.71, 0.74, 0.37, 1.47, 0.77, 0.77, 0.46, 1.47, 0.78, 0.83, 0.41, 0.33]}
{"t": 72.0, "x": -30, "y": -705, "h": 95.9, "d5": 0.866, "sm": 0.876, "d6": "tick=211216 goal=0 here=0", "l": [0.75, 0.54, 0.32, 0.23, 0.26, 0.33, 0.5, 0.78, 0.72, 0.39, 1.15, 0.77, 0.75, 0.49, 1.69, 0.79]}
{"t": 72.2, "x": 55, "y": -722, "h": 101.1, "d5": 0.849, "sm": 0.869, "d6": "tick=211239 goal=0 here=0", "l": [0.7, 0.54, 0.29, 0.3, 0.25, 0.33, 0.5, 0.84, 0.75, 0.42, 1.17, 0.75, 0.8, 0.48, 1.7, 1.31]}
{"t": 73.1, "x": 60, "y": -719, "h": 182.4, "d5": 0.847, "sm": 0.863, "d6": "tick=211328 goal=0 here=0", "l": [0.25, 0.33, 0.42, 0.78, 0.83, 0.47, 1.03, 2.01, 0.73, 0.49, 1.75, 1.34, 0.65, 0.74, 0.33, 0.29]}
{"t": 73.3, "x": 60, "y": -719, "h": 179.8, "d5": 0.842, "sm": 0.858, "d6": "tick=211333 goal=0 here=0", "l": [0.22, 0.33, 0.42, 0.78, 0.82, 0.46, 1.08, 2.23, 0.75, 0.49, 1.71, 1.34, 0.67, 0.71, 0.32, 0.29]}
{"t": 74.1, "x": 62, "y": -715, "h": 241.5, "d5": 0.872, "sm": 0.862, "d6": "tick=211423 goal=0 here=0", "l": [0.55, 0.75, 0.68, 0.38, 1.52, 0.75, 0.78, 0.36, 1.42, 0.74, 0.76, 0.47, 0.31, 0.28, 0.25, 0.34]}
{"t": 74.7, "x": 61, "y": -716, "h": 198.9, "d5": 0.855, "sm": 0.86, "d6": "tick=211481 goal=0 here=0", "l": [0.3, 0.39, 0.57, 0.83, 0.64, 0.99, 1.85, 0.69, 0.54, 0.96, 1.32, 0.68, 0.79, 0.37, 0.3, 0.25]}
{"t": 74.7, "x": 61, "y": -717, "h": 201.8, "d5": 0.847, "sm": 0.857, "d6": "tick=211491 goal=0 here=0", "l": [0.29, 0.37, 0.55, 0.82, 0.64, 1.01, -1.0, 0.71, 0.7, 0.94, 1.33, 0.68, 0.76, 0.38, 0.3, 0.24]}
{"t": 75.5, "x": 63, "y": -713, "h": 261.2, "d5": 0.862, "sm": 0.858, "d6": "tick=211560 goal=0 here=0", "l": [0.74, 0.79, 0.38, 1.48, 0.78, 0.75, 0.41, 1.49, -1.0, 0.76, 0.48, 0.3, 0.26, 0.24, 0.36, 0.55]}
{"t": 76.2, "x": 59, "y": -716, "h": 204.4, "d5": 0.865, "sm": 0.86, "d6": "tick=211636 goal=0 here=0", "l": [0.29, 0.39, 0.56, 0.81, 0.64, 0.99, 1.82, 0.67, 0.69, 0.94, 1.33, 0.71, 0.77, 0.37, 0.31, 0.24]}
{"t": 76.3, "x": 59, "y": -716, "h": 202.0, "d5": 0.865, "sm": 0.861, "d6": "tick=211640 goal=0 here=0", "l": [0.29, 0.39, 0.56, 0.79, 0.62, 0.99, 1.8, 0.7, 0.68, 0.93, 1.34, 0.7, 0.78, 0.38, 0.3, 0.25]}
{"t": 76.4, "x": 59, "y": -716, "h": 201.0, "d5": 0.862, "sm": 0.861, "d6": "tick=211646 goal=0 here=0", "l": [0.29, 0.39, 0.53, 0.82, 0.66, 0.98, 1.82, 0.69, 0.69, 0.94, 1.34, 0.7, 0.77, 0.36, 0.31, 0.25]}
{"t": 77.3, "x": 64, "y": -713, "h": 291.0, "d5": 0.841, "sm": 0.856, "d6": "tick=211747 goal=0 here=0", "l": [0.65, 0.97, 1.54, 0.72, 0.8, 0.38, 1.39, 0.73, 0.77, 0.45, 0.29, 0.26, 0.28, 0.36, 0.55, 0.76]}
{"t": 77.5, "x": -15, "y": -692, "h": 284.5, "d5": 0.874, "sm": 0.861, "d6": "tick=211769 goal=0 here=0", "l": [0.62, 0.37, 1.51, 0.77, 0.75, 0.45, 1.44, 0.77, 0.82, 0.45, 0.32, 0.26, 0.32, 0.38, 0.52, 0.73]}
{"t": 78.5, "x": -29, "y": -693, "h": 198.7, "d5": 0.865, "sm": 0.862, "d6": "tick=211868 goal=0 here=0", "l": [0.33, 0.42, 0.7, 0.76, 0.6, 0.33, 1.75, 0.73, 0.79, 0.44, 1.43, 0.76, 0.81, 0.38, 0.33, 0.24]}
{"t": 78.6, "x": -30, "y": -694, "h": 200.2, "d5": 0.867, "sm": 0.863, "d6": "tick=211873 goal=0 here=0", "l": [0.34, 0.4, 0.56, 0.76, 0.6, 0.34, 1.53, 0.72, 0.77, 0.46, 1.43, 0.75, 0.8, 0.41, 0.32, 0.25]}
{"t": 78.7, "x": -30, "y": -694, "h": 200.5, "d5": 0.864, "sm": 0.863, "d6": "tick=211883 goal=0 here=0", "l": [0.33, 0.39, 0.57, 0.76, 0.6, 0.32, 1.53, 0.71, 0.78, 0.45, 1.43, 0.76, 0.83, 0.39, -1.0, 0.25]}
{"t": 78.7, "x": -30, "y": -694, "h": 197.7, "d5": 0.865, "sm": 0.864, "d6": "tick=211888 goal=0 here=0", "l": [0.34, 0.4, 0.55, 0.76, 0.59, 0.35, 1.55, 0.71, 0.79, 0.45, 1.42, 0.77, 0.82, 0.4, 0.33, 0.25]}
{"t": 80.9, "x": 180, "y": -389, "h": 349.7, "d5": 0.794, "sm": 0.846, "d6": "tick=212108 goal=0 here=0", "l": [0.6, 0.6, -1.0, 0.3, 1.23, 0.72, 0.82, 0.59, 0.47, 0.43, 0.53, 0.7, 0.86, 0.36, 0.9, 1.32]}
{"t": 82.4, "x": 170, "y": -389, "h": 198.7, "d5": 0.809, "sm": 0.837, "d6": "tick=212251 goal=0 here=0", "l": [0.5, 0.67, 0.94, 0.76, 0.79, 1.06, 0.62, 0.49, 0.6, 0.29, 0.26, 1.22, 0.68, 0.65, 0.48, 0.47]}
{"t": 82.6, "x": 140, "y": -470, "h": 200.4, "d5": 0.819, "sm": 0.832, "d6": "tick=212274 goal=0 here=0", "l": [0.48, 0.59, 0.85, 0.77, 0.77, 0.96, 1.67, 0.55, 0.63, 0.35, 0.26, 0.75, 0.68, 0.62, 0.43, -1.0]}
{"t": 82.8, "x": 111, "y": -560, "h": 197.8, "d5": 0.823, "sm": 0.83, "d6": "tick=212294 goal=0 here=0", "l": [0.4, 0.48, 0.8, 0.84, 0.41, 0.94, 1.47, 0.62, 0.68, 0.38, 1.43, 0.72, 0.73, 0.59, 0.41, 0.37]}
{"t": 83.0, "x": 87, "y": -666, "h": 193.1, "d5": 0.843, "sm": 0.833, "d6": "tick=212318 goal=0 here=0", "l": [0.35, 0.45, 0.59, 0.78, 0.61, 0.92, 1.47, 0.71, 0.72, 0.41, 1.47, 0.76, 0.77, 0.55, 0.37, 0.32]}
{"t": 83.1, "x": 84, "y": -679, "h": 192.0, "d5": 0.84, "sm": 0.835, "d6": "tick=212322 goal=0 here=0", "l": [0.32, 0.41, 0.54, 0.76, 0.63, 0.93, 1.46, 0.72, 0.73, 0.43, 1.49, 0.76, 0.79, 0.54, 0.33, 0.32]}
{"t": 83.1, "x": 84, "y": -677, "h": 195.1, "d5": 0.838, "sm": 0.836, "d6": "tick=212327 goal=0 here=0", "l": [0.32, 0.4, 0.55, 0.76, 0.63, 0.95, 1.47, 0.73, 0.74, 0.43, 1.47, 0.77, 0.8, 0.54, 0.34, 0.3]}
{"t": 83.2, "x": 84, "y": -678, "h": 197.6, "d5": 0.837, "sm": 0.836, "d6": "tick=212332 goal=0 here=0", "l": [0.32, 0.41, 0.53, 0.76, 0.63, 0.94, 1.46, 0.75, 0.73, -1.0, 1.5, 0.77, 0.78, 0.53, 0.34, 0.29]}
{"t": 85.1, "x": 195, "y": -334, "h": 90.7, "d5": 0.777, "sm": 0.821, "d6": "tick=212525 goal=0 here=0", "l": [0.69, 0.71, 0.64, 0.48, 0.46, 0.57, 0.7, 0.83, 0.38, 0.89, 1.05, 0.59, 0.56, 0.49, 0.25, 0.2]}
{"t": 86.2, "x": 190, "y": -327, "h": 196.0, "d5": 0.787, "sm": 0.813, "d6": "tick=212631 goal=0 here=0", "l": [0.51, 0.64, 0.91, 0.79, 0.76, 0.95, 1.61, 0.47, 0.57, 0.29, 0.26, 1.26, 0.7, 0.86, 0.57, 0.5]}
{"t": 86.4, "x": 169, "y": -413, "h": 193.6, "d5": 0.794, "sm": 0.808, "d6": "tick=212654 goal=0 here=0", "l": [0.47, 0.58, 0.86, 0.84, 0.76, 0.93, 1.42, 0.54, 0.6, 0.3, 0.26, 1.27, 0.67, 0.82, 0.5, 0.46]}
{"t": 86.6, "x": 145, "y": -505, "h": 194.8, "d5": 0.821, "sm": 0.811, "d6": "tick=212674 goal=0 here=0", "l": [0.45, 0.53, 0.8, 0.84, 0.37, 0.93, 1.65, 0.59, 0.64, 0.34, 1.42, 0.79, 0.68, 0.61, 0.44, 0.4]}
{"t": 86.8, "x": 122, "y": -594, "h": 194.4, "d5": 0.829, "sm": 0.816, "d6": "tick=212695 goal=0 here=0", "l": [0.38, 0.48, 0.78, 0.8, 0.42, 0.93, 1.49, 0.66, 0.7, 0.41, 1.45, 0.71, 0.72, 0.56, 0.37, 0.35]}
{"t": 86.9, "x": 120, "y": -603, "h": 195.9, "d5": 0.83, "sm": 0.819, "d6": "tick=212698 goal=0 here=0", "l": [0.38, 0.45, 0.78, 0.81, 0.41, 0.94, 1.49, 0.67, 0.7, 0.41, 1.45, 0.74, 0.74, 0.56, 0.37, 0.34]}
{"t": 86.9, "x": 119, "y": -604, "h": 193.2, "d5": 0.829, "sm": 0.822, "d6": "tick=212706 goal=0 here=0", "l": [0.36, 0.47, 0.78, 0.82, 0.42, 0.93, 1.45, 0.66, 0.69, 0.4, 1.45, 0.73, 0.75, 0.59, 0.37, 0.36]}
{"t": 87.1, "x": 93, "y": -686, "h": 197.9, "d5": 0.834, "sm": 0.825, "d6": "tick=212729 goal=0 here=0", "l": [0.3, 0.42, 0.57, 0.78, 0.61, 0.96, 1.51, 0.69, 0.73, 0.42, 1.41, 0.76, 0.8, 0.53, 0.34, 0.27]}
{"t": 87.2, "x": 90, "y": -694, "h": 199.7, "d5": 0.844, "sm": 0.83, "d6": "tick=212732 goal=0 here=0", "l": [0.34, 0.41, 0.57, 0.77, 0.6, 0.95, 1.54, 0.69, 0.77, 0.41, 1.41, 0.77, 0.81, 0.5, 0.32, 0.27]}
{"t": 87.9, "x": 94, "y": -690, "h": 259.6, "d5": 0.842, "sm": 0.833, "d6": "tick=212804 goal=0 here=0", "l": [0.76, 0.77, 0.37, 1.37, 0.74, 0.76, 0.45, 1.49, 0.74, 0.74, 0.55, 0.34, 0.3, 0.29, 0.37, 0.55]}
{"t": 88.4, "x": 91, "y": -693, "h": 221.7, "d5": 0.843, "sm": 0.835, "d6": "tick=212853 goal=0 here=0", "l": [0.44, 0.77, 0.81, 0.41, 0.98, 1.8, 0.65, 0.69, 0.37, 1.37, 0.73, 0.79, 0.41, 0.34, 0.27, 0.35]}
{"t": 88.6, "x": 35, "y": -760, "h": 219.5, "d5": 0.852, "sm": 0.839, "d6": "tick=212876 goal=0 here=0", "l": [0.37, 0.51, 0.74, 0.64, 0.38, 1.5, 0.78, 0.77, 0.47, 1.44, 0.78, 0.83, 0.4, 0.31, 0.24, 0.31]}
{"t": 88.6, "x": 30, "y": -767, "h": 216.9, "d5": 0.881, "sm": 0.85, "d6": "tick=212879 goal=0 here=0", "l": [0.34, 0.51, 0.71, -1.0, 0.38, 1.47, 0.79, -1.0, 0.47, 1.47, 0.78, 0.83, 0.38, 0.31, 0.23, 0.3]}
{"t": 89.3, "x": 34, "y": -765, "h": 256.0, "d5": 0.853, "sm": 0.851, "d6": "tick=212945 goal=0 here=0", "l": [0.75, 0.71, 0.39, 1.16, 0.77, 0.82, 0.49, 1.56, 0.8, 0.78, 0.53, 0.32, -1.0, 0.28, 0.36, 0.5]}
{"t": 89.6, "x": -57, "y": -791, "h": 253.9, "d5": 0.863, "sm": 0.854, "d6": "tick=212967 goal=0 here=0", "l": [0.71, 0.66, 0.38, 1.13, 0.77, 0.79, 0.54, 1.56, 0.83, 0.85, 0.5, 0.34, 0.21, 0.33, 0.32, 0.46]}
{"t": 89.8, "x": -163, "y": -810, "h": 259.9, "d5": 0.878, "sm": 0.86, "d6": "tick=212993 goal=0 here=0", "l": [0.66, 0.64, 0.51, 0.32, 2.35, 0.76, 0.77, 1.81, 0.89, 0.9, 0.42, 0.26, 0.24, 0.28, 0.3, 0.41]}
{"t": 90.0, "x": -256, "y": -834, "h": 255.7, "d5": 0.905, "sm": 0.871, "d6": "tick=213014 goal=0 here=0", "l": [0.63, 0.61, 0.5, 0.31, 2.2, 0.77, 0.84, 0.55, 1.49, 0.94, 0.42, 0.25, 0.27, 0.26, 0.3, 0.36]}
{"t": 90.5, "x": -267, "y": -840, "h": 217.3, "d5": 0.918, "sm": 0.883, "d6": "tick=213065 goal=0 here=0", "l": [0.36, 0.38, 0.56, 0.58, 0.47, 0.3, 2.85, 0.76, 0.64, 1.68, 0.94, 0.94, 0.38, 0.24, 0.27, 0.25]}
{"t": 90.9, "x": -266, "y": -839, "h": 232.6, "d5": 0.901, "sm": 0.887, "d6": "tick=213099 goal=0 here=0", "l": [0.35, 0.62, 0.63, 0.48, 0.31, 0.28, 0.81, 0.91, 0.57, 1.55, 0.93, 0.45, 0.26, 0.28, 0.24, 0.28]}
{"t": 90.9, "x": -266, "y": -839, "h": 230.5, "d5": 0.915, "sm": 0.894, "d6": "tick=213109 goal=0 here=0", "l": [0.36, 0.64, 0.61, 0.47, 0.32, 1.91, 0.82, 0.9, 0.56, 1.55, 0.94, 0.44, 0.24, 0.26, 0.24, 0.3]}
{"t": 91.3, "x": -267, "y": -840, "h": 215.7, "d5": 0.911, "sm": 0.898, "d6": "tick=213144 goal=0 here=0", "l": [0.34, 0.37, 0.56, 0.57, 0.49, 0.32, 2.81, 0.76, 0.67, 1.68, 0.96, 0.95, 0.39, 0.25, 0.26, 0.22]}
{"t": 91.6, "x": -265, "y": -838, "h": 230.1, "d5": 0.899, "sm": 0.899, "d6": "tick=213177 goal=0 here=0", "l": [0.33, 0.64, 0.6, 0.59, 0.33, 0.29, 0.81, 0.88, 0.61, 1.53, 0.86, 0.47, 0.26, 0.24, 0.27, 0.27]}
{"t": 92.1, "x": -267, "y": -841, "h": 212.1, "d5": 0.907, "sm": 0.901, "d6": "tick=213221 goal=0 here=0", "l": [0.29, 0.33, 0.62, 0.6, 0.49, 0.3, 2.25, 0.79, 0.83, 0.53, 0.96, 0.94, 0.42, 0.25, 0.27, 0.25]}
{"t": 92.1, "x": -267, "y": -841, "h": 210.0, "d5": 0.922, "sm": 0.906, "d6": "tick=213227 goal=0 here=0", "l": [0.3, 0.34, 0.65, 0.62, 0.48, 0.3, 2.21, 0.79, 0.87, 0.53, 0.96, 0.94, 0.42, 0.23, 0.28, 0.27]}
{"t": 92.2, "x": -267, "y": -840, "h": 212.4, "d5": 0.899, "sm": 0.904, "d6": "tick=213231 goal=0 here=0", "l": [0.3, 0.37, 0.62, 0.61, 0.49, 0.31, 2.22, 0.8, 0.84, 0.56, 0.96, 0.96, 0.42, 0.25, 0.26, 0.26]}
{"t": 92.2, "x": -267, "y": -840, "h": 212.9, "d5": 0.904, "sm": 0.904, "d6": "tick=213236 goal=0 here=0", "l": [0.3, 0.36, 0.61, 0.6, 0.46, 0.29, 2.21, 0.78, 0.83, 0.55, 0.95, 0.96, 0.42, 0.25, 0.27, 0.24]}
{"t": 92.3, "x": -267, "y": -840, "h": 212.5, "d5": 0.905, "sm": 0.904, "d6": "tick=213242 goal=0 here=0", "l": [0.29, 0.36, 0.64, 0.62, 0.48, 0.3, 2.2, 0.8, 0.84, 0.54, 0.96, 0.96, 0.42, 0.24, 0.24, 0.24]}
{"t": 92.3, "x": -267, "y": -841, "h": 213.5, "d5": 0.926, "sm": 0.91, "d6": "tick=213247 goal=0 here=0", "l": [0.29, 0.35, 0.62, 0.59, 0.49, 0.31, 2.23, 0.79, 0.84, 0.53, 0.93, 0.97, 0.44, 0.24, 0.26, 0.25]}
{"t": 92.4, "x": -267, "y": -840, "h": 209.2, "d5": 0.912, "sm": 0.91, "d6": "tick=213252 goal=0 here=0", "l": [0.28, 0.35, 0.62, 0.62, 0.47, 0.3, 2.23, -1.0, 0.85, 0.53, 0.94, 0.94, 0.42, 0.23, 0.27, 0.25]}
{"t": 94.7, "x": -18, "y": -568, "h": 357.4, "d5": 0.85, "sm": 0.895, "d6": "tick=213483 goal=0 here=0", "l": [0.62, 0.68, 0.44, 1.43, 0.84, 0.91, 0.51, 0.41, 0.39, 0.41, 0.53, 0.73, 0.63, 0.29, 0.9, 1.77]}
{"t": 96.0, "x": -25, "y": -561, "h": 229.2, "d5": 0.871, "sm": 0.889, "d6": "tick=213613 goal=0 here=0", "l": [0.54, 0.69, 0.67, 0.27, 1.02, 2.08, 0.6, 0.71, 0.43, 1.36, 0.81, 0.91, 0.49, 0.39, 0.42, 0.45]}
{"t": 96.2, "x": -89, "y": -620, "h": 227.9, "d5": 0.868, "sm": 0.884, "d6": "tick=213634 goal=0 here=0", "l": [0.49, 0.73, 0.64, 0.29, 0.84, 1.68, 0.69, 0.74, 0.48, 1.49, 0.85, 0.91, 0.47, 0.36, 0.39, 0.4]}
{"t": 96.4, "x": -152, "y": -693, "h": 220.6, "d5": 0.885, "sm": 0.884, "d6": "tick=213655 goal=0 here=0", "l": [0.44, 0.71, 0.66, 0.48, 0.24, 1.36, 0.7, 0.78, 0.55, 1.57, 0.9, 0.93, 0.45, 0.31, 0.35, 0.36]}
{"t": 96.7, "x": -231, "y": -789, "h": 219.4, "d5": 0.914, "sm": 0.892, "d6": "tick=213677 goal=0 here=0", "l": [0.39, 0.61, 0.59, 0.59, 0.27, 0.26, 0.73, 0.76, 0.6, 1.66, 0.94, 0.95, 0.45, 0.29, 0.33, 0.31]}
{"t": 97.3, "x": -252, "y": -808, "h": 255.4, "d5": 0.918, "sm": 0.898, "d6": "tick=213745 goal=0 here=0", "l": [0.55, 0.55, 0.46, 0.27, 2.32, 0.75, 0.82, 0.56, 0.97, 0.98, 0.45, 0.27, 0.29, 0.27, 0.38, 0.39]}
{"t": 97.7, "x": -252, "y": -809, "h": 242.3, "d5": 0.902, "sm": 0.899, "d6": "tick=213784 goal=0 here=0", "l": [0.54, 0.55, 0.56, 0.44, 0.26, 2.82, 0.74, 0.66, 1.69, 0.97, 0.97, 0.42, 0.28, 0.28, 0.28, 0.35]}
{"t": 97.9, "x": -326, "y": -855, "h": 237.4, "d5": 0.929, "sm": 0.907, "d6": "tick=213806 goal=0 here=0", "l": [0.51, 0.5, 0.52, 0.45, 0.27, 0.28, 0.79, 0.85, 0.58, 1.0, 1.02, 0.44, 0.28, 0.28, 0.28, 0.33]}
{"t": 98.2, "x": -334, "y": -859, "h": 254.3, "d5": 0.91, "sm": 0.907, "d6": "tick=213838 goal=0 here=0", "l": [0.58, 0.56, 0.58, 0.41, 0.28, 0.79, 0.9, 0.66, 1.61, 0.97, 0.46, 0.28, 0.26, 0.25, 0.31, 0.3]}
{"t": 98.5, "x": -335, "y": -860, "h": 245.8, "d5": 0.921, "sm": 0.911, "d6": "tick=213862 goal=0 here=0", "l": [0.52, 0.51, 0.49, 0.43, 0.28, 2.81, 0.76, 0.69, 1.69, 0.96, 0.75, 0.3, 0.29, 0.25, 0.28, 0.32]}
{"t": 98.8, "x": -336, "y": -861, "h": 230.1, "d5": 0.925, "sm": 0.914, "d6": "tick=213896 goal=0 here=0", "l": [0.31, 0.58, 0.57, 0.56, 0.41, 0.3, 0.76, 0.88, 0.67, 1.59, 0.96, 0.47, 0.29, 0.29, 0.24, 0.32]}
{"t": 98.9, "x": -335, "y": -860, "h": 226.6, "d5": 0.918, "sm": 0.915, "d6": "tick=213902 goal=0 here=0", "l": [0.31, 0.59, 0.56, 0.55, 0.43, 0.29, 0.76, 0.9, 0.66, 1.57, 0.94, 0.52, 0.29, 0.28, 0.26, 0.31]}
{"t": 101.2, "x": -63, "y": -619, "h": 77.9, "d5": 0.838, "sm": 0.896, "d6": "tick=214133 goal=0 here=0", "l": [1.44, 0.78, 0.66, 0.44, 0.31, 0.37, 0.46, 0.67, 0.67, 0.65, 0.27, 1.07, 0.67, 0.63, 0.67, 0.43]}
{"t": 102.5, "x": -68, "y": -611, "h": 208.9, "d5": 0.853, "sm": 0.885, "d6": "tick=214263 goal=0 here=0", "l": [0.41, 0.49, 0.68, 0.64, 0.29, 0.92, 1.88, 0.65, 0.75, 0.48, 1.39, 0.81, 0.87, 0.44, 0.33, 0.38]}
{"t": 102.7, "x": -117, "y": -695, "h": 210.4, "d5": 0.85, "sm": 0.876, "d6": "tick=214285 goal=0 here=0", "l": [0.38, 0.45, 0.66, 0.6, 0.32, 0.24, 2.17, 0.69, 0.73, 0.5, 1.47, 0.8, 0.66, 0.41, 0.31, 0.36]}
{"t": 102.9, "x": -178, "y": -786, "h": 213.7, "d5": 0.873, "sm": 0.876, "d6": "tick=214311 goal=0 here=0", "l": [0.33, 0.39, 0.64, 0.62, 0.48, 0.3, 2.34, 0.72, 0.77, 0.5, 1.44, 0.92, 0.47, 0.3, 0.28, 0.28]}
{"t": 103.4, "x": -181, "y": -791, "h": 228.8, "d5": 0.871, "sm": 0.874, "d6": "tick=214352 goal=0 here=0", "l": [0.38, 0.68, 0.66, 0.5, 0.31, 1.92, 0.77, 0.88, 0.54, 1.52, 0.86, 0.6, 0.32, 0.27, 0.28, 0.29]}
{"t": 103.4, "x": -182, "y": -792, "h": 231.7, "d5": 0.862, "sm": 0.871, "d6": "tick=214357 goal=0 here=0", "l": [0.39, 0.67, 0.64, 0.5, 0.29, 1.93, 0.76, 0.84, 0.53, 1.52, 0.85, 0.56, 0.32, 0.25, 0.28, 0.3]}
{"t": 103.5, "x": -181, "y": -791, "h": 232.5, "d5": 0.876, "sm": 0.872, "d6": "tick=214362 goal=0 here=0", "l": [0.39, 0.67, 0.64, 0.49, 0.29, 1.92, 0.79, 0.82, 0.54, 1.5, 0.85, 0.57, 0.32, 0.25, 0.28, 0.31]}
{"t": 105.6, "x": 159, "y": -637, "h": 1.4, "d5": 0.825, "sm": 0.861, "d6": "tick=214573 goal=0 here=0", "l": [0.6, 0.7, 0.39, 1.37, 0.75, 0.82, 0.56, 0.4, 0.34, 0.39, 0.56, 0.86, 0.76, 0.34, 0.95, 1.74]}
{"t": 106.7, "x": 151, "y": -633, "h": 253.0, "d5": 0.826, "sm": 0.852, "d6": "tick=214682 goal=0 here=0", "l": [0.79, 0.73, 0.79, 1.1, 0.69, 0.64, 0.59, 0.35, 1.3, 0.71, 0.84, 0.48, 0.39, 0.34, 0.45, 0.59]}
{"t": 106.9, "x": 72, "y": -668, "h": 246.0, "d5": 0.819, "sm": 0.844, "d6": "tick=214705 goal=0 here=0", "l": [0.81, 0.71, 0.33, 0.95, 1.83, 0.63, 0.72, 0.41, 1.38, 0.77, 0.86, 0.47, 0.39, 0.32, 0.39, 0.54]}
{"t": 107.1, "x": -16, "y": -707, "h": 246.1, "d5": 0.843, "sm": 0.844, "d6": "tick=214726 goal=0 here=0", "l": [0.71, 0.73, 0.5, 0.25, 1.44, 0.72, 0.73, 0.48, 1.5, 0.82, 0.89, 0.48, 0.39, 0.31, 0.35, 0.49]}
{"t": 107.3, "x": -99, "y": -754, "h": 240.5, "d5": 0.847, "sm": 0.844, "d6": "tick=214747 goal=0 here=0", "l": [0.63, 0.64, 0.63, 0.28, 1.12, 0.7, 0.72, 0.56, 0.44, 0.9, 0.91, 0.49, 0.33, 0.34, 0.33, 0.44]}
{"t": 107.5, "x": -182, "y": -806, "h": 238.2, "d5": 0.86, "sm": 0.848, "d6": "tick=214768 goal=0 here=0", "l": [0.58, 0.59, 0.57, 0.28, 0.26, 2.76, 0.69, 0.75, 0.49, 0.93, 0.96, 0.44, 0.3, 0.33, 0.3, 0.4]}
{"t": 107.7, "x": -264, "y": -854, "h": 239.5, "d5": 0.857, "sm": 0.85, "d6": "tick=214789 goal=0 here=0", "l": [0.53, 0.53, 0.53, 0.43, 0.27, 2.78, 0.74, 0.8, 0.55, 0.98, 0.99, 0.45, 0.29, 0.29, 0.29, 0.34]}
{"t": 108.2, "x": -272, "y": -858, "h": 257.7, "d5": 0.876, "sm": 0.857, "d6": "tick=214830 goal=0 here=0", "l": [0.57, 0.55, 0.44, 0.25, 0.25, 0.79, 0.9, 0.6, 1.58, 0.97, 0.49, 0.3, 0.3, 0.27, 0.35, 0.35]}
{"t": 108.2, "x": -271, "y": -858, "h": 257.6, "d5": 0.883, "sm": 0.863, "d6": "tick=214835 goal=0 here=0", "l": [0.56, 0.54, 0.43, 0.25, 0.24, 0.79, 0.89, 0.63, 1.56, 0.99, 0.47, 0.29, 0.3, 0.28, 0.34, 0.36]}
{"t": 108.4, "x": -354, "y": -888, "h": 249.5, "d5": 0.885, "sm": 0.869, "d6": "tick=214858 goal=0 here=0", "l": [0.56, 0.55, 0.52, 0.39, 0.25, 0.75, 0.88, 0.67, 1.6, 0.99, 0.51, 0.31, 0.3, 0.26, 0.32, 0.32]}
{"t": 108.8, "x": -363, "y": -892, "h": 233.5, "d5": 0.879, "sm": 0.871, "d6": "tick=214897 goal=0 here=0", "l": [0.48, 0.5, 0.52, 0.4, 0.29, -1.0, 0.81, -1.0, 0.66, 1.57, 1.04, 0.5, 0.3, 0.26, 0.27, 0.31]}
{"t": 109.0, "x": -362, "y": -891, "h": 244.7, "d5": 0.881, "sm": 0.874, "d6": "tick=214920 goal=0 here=0", "l": [0.49, 0.51, 0.47, 0.41, 0.24, 0.26, 0.76, 0.84, 1.71, 1.0, 0.74, 0.3, 0.32, 0.26, 0.28, 0.31]}
{"t": 109.1, "x": -362, "y": -892, "h": 243.7, "d5": 0.881, "sm": 0.876, "d6": "tick=214925 goal=0 here=0", "l": [0.55, 0.5, 0.5, 0.39, 0.24, 0.26, 0.78, 0.71, 1.65, 0.97, 0.73, 0.3, 0.3, 0.26, 0.29, 0.29]}
{"t": 111.7, "x": -9, "y": -788, "h": 57.0, "d5": 0.84, "sm": 0.867, "d6": "tick=215177 goal=0 here=0", "l": [0.39, 0.84, 0.85, 0.6, 0.38, 0.31, 0.35, 0.41, 0.5, 0.66, 0.67, 0.31, 1.1, 0.72, 0.71, 0.55]}
{"t": 113.3, "x": -17, "y": -779, "h": 225.1, "d5": 0.849, "sm": 0.862, "d6": "tick=215336 goal=0 here=0", "l": [0.48, 0.76, 0.67, 0.34, 0.27, 1.74, 0.7, 0.74, 0.49, 1.45, 0.8, 0.89, 0.39, 0.31, 0.35, 0.37]}
{"t": 113.5, "x": -96, "y": -848, "h": 229.1, "d5": 0.869, "sm": 0.864, "d6": "tick=215371 goal=0 here=0", "l": [0.43, 0.7, 0.64, 0.49, 0.28, 1.89, 0.74, 0.84, 0.53, 1.45, 0.81, 0.64, 0.39, 0.28, 0.31, 0.34]}
{"t": 114.1, "x": -105, "y": -856, "h": 268.7, "d5": 0.887, "sm": 0.87, "d6": "tick=215425 goal=0 here=0", "l": [0.63, 0.66, 0.3, 1.34, 0.73, 0.81, 0.55, 1.56, 0.89, 0.92, 0.4, 0.25, 0.31, 0.3, 0.42, -1.0]}
{"t": 114.3, "x": -191, "y": -865, "h": 264.3, "d5": 0.881, "sm": 0.873, "d6": "tick=215448 goal=0 here=0", "l": [0.56, -1.0, 0.45, 0.27, 2.79, 0.71, 0.78, 1.64, 0.95, 0.96, 0.42, 0.28, 0.32, 0.28, 0.36, 0.58]}
{"t": 114.5, "x": -280, "y": -887, "h": 256.0, "d5": 0.887, "sm": 0.876, "d6": "tick=215468 goal=0 here=0", "l": [0.52, 0.53, 0.42, 0.26, 0.25, 0.79, 0.85, 0.6, 0.97, 1.02, 0.46, 0.3, 0.3, 0.27, 0.36, 0.52]}
{"t": 114.7, "x": -374, "y": -913, "h": 254.6, "d5": 0.893, "sm": 0.88, "d6": "tick=215489 goal=0 here=0", "l": [0.51, 0.53, 0.42, 0.38, 0.25, 0.76, 0.9, 0.66, 1.64, 1.02, 0.48, 0.3, 0.29, 0.28, 0.32, 0.47]}
{"t": 114.9, "x": -464, "y": -946, "h": 249.7, "d5": 0.907, "sm": 0.887, "d6": "tick=215510 goal=0 here=0", "l": [0.5, 0.49, 0.45, 0.38, 0.24, 0.26, 0.84, 0.72, 1.63, 1.01, 0.53, 0.33, 0.25, 0.27, 0.28, 0.43]}
{"t": 115.1, "x": -552, "y": -980, "h": 248.6, "d5": 0.921, "sm": 0.896, "d6": "tick=215531 goal=0 here=0", "l": [0.46, 0.41, 0.41, 0.35, 0.35, 0.24, 0.83, 0.88, 1.75, 1.06, 0.55, 0.35, 0.26, 0.27, 0.24, -1.0]}
{"t": 115.4, "x": -640, "y": -1020, "h": 245.5, "d5": 0.925, "sm": 0.903, "d6": "tick=215551 goal=0 here=0", "l": [0.43, 0.33, 0.39, 0.44, 0.34, 0.28, 0.32, 0.99, 1.83, 1.1, 0.58, 0.34, 0.26, 0.23, 0.18, 0.33]}
{"t": 117.0, "x": -643, "y": -1034, "h": 73.0, "d5": 0.917, "sm": 0.906, "d6": "tick=215711 goal=0 here=0", "l": [1.77, 1.17, 0.39, 0.28, 0.23, 0.21, 0.16, 0.33, 0.39, 0.35, 0.37, 0.35, 0.37, 0.25, 0.89, 0.81]}
{"t": 118.4, "x": -648, "y": -1026, "h": 223.6, "d5": 0.919, "sm": 0.91, "d6": "tick=215850 goal=0 here=0", "l": [0.32, 0.42, 0.32, 0.38, 0.44, 0.33, 0.29, 0.32, 1.01, 0.74, 1.1, 0.61, 0.34, 0.26, 0.22, 0.17]}
{"t": 118.4, "x": -648, "y": -1026, "h": 222.4, "d5": 0.927, "sm": 0.914, "d6": "tick=215855 goal=0 here=0", "l": [0.34, 0.42, 0.33, 0.38, 0.42, 0.35, 0.27, 0.33, 1.0, 1.88, 1.1, 0.59, 0.33, 0.23, 0.23, 0.17]}
{"t": 118.8, "x": -647, "y": -1025, "h": 240.9, "d5": 0.936, "sm": 0.919, "d6": "tick=215899 goal=0 here=0", "l": [0.33, 0.34, 0.4, 0.41, 0.32, 0.32, 0.3, 1.02, 0.81, 1.18, 0.9, 0.38, 0.26, 0.23, 0.19, 0.18]}
{"t": 119.2, "x": -647, "y": -1026, "h": 227.8, "d5": 0.927, "sm": 0.921, "d6": "tick=215933 goal=0 here=0", "l": [0.35, 0.4, 0.33, 0.37, 0.4, 0.35, 0.25, 0.33, 0.97, 1.79, 1.12, 0.42, 0.3, 0.23, 0.22, 0.18]}
{"t": 121.5, "x": -388, "y": -764, "h": 74.0, "d5": 0.909, "sm": 0.918, "d6": "tick=216169 goal=0 here=0", "l": [1.61, 1.0, 0.57, 0.36, 0.37, 0.34, 0.37, 0.52, 0.48, 0.45, 0.34, 0.19, 0.18, 0.72, 0.82, 0.61]}
{"t": 123.1, "x": -391, "y": -755, "h": 263.5, "d5": 0.889, "sm": 0.911, "d6": "tick=216328 goal=0 here=0", "l": [0.52, 0.48, 0.34, 0.18, 0.2, 0.72, 0.83, 0.64, -1.0, 1.06, 0.53, 0.38, 0.35, 0.37, 0.35, 0.59]}
{"t": 123.3, "x": -477, "y": -771, "h": 259.3, "d5": 0.908, "sm": 0.91, "d6": "tick=216351 goal=0 here=0", "l": [0.48, 0.43, 0.32, 0.16, 0.17, 0.19, 0.86, 0.66, 1.63, 1.11, 0.57, 0.39, 0.35, 0.39, 0.34, 0.55]}
{"t": 123.5, "x": -571, "y": -792, "h": 257.5, "d5": 0.901, "sm": 0.908, "d6": "tick=216372 goal=0 here=0", "l": [0.4, 0.4, 0.29, 0.29, 0.14, 0.19, 0.92, 0.71, 1.7, 1.14, 0.57, 0.42, 0.34, 0.36, 0.34, 0.51]}
{"t": 123.8, "x": -659, "y": -816, "h": 254.9, "d5": 0.911, "sm": 0.909, "d6": "tick=216392 goal=0 here=0", "l": [0.35, 0.35, 0.35, 0.25, 0.19, 0.16, 0.24, 0.75, 1.76, 1.18, 0.59, 0.4, 0.34, 0.29, 0.38, 0.47]}
{"t": 124.0, "x": -754, "y": -833, "h": 259.7, "d5": 0.919, "sm": 0.911, "d6": "tick=216413 goal=0 here=0", "l": [0.3, 0.31, 0.33, 0.24, 0.28, 0.2, 0.25, 0.93, 1.8, 1.24, 0.49, 0.36, 0.36, 0.24, 0.36, 0.43]}
{"t": 124.3, "x": -764, "y": -836, "h": 242.6, "d5": 0.912, "sm": 0.911, "d6": "tick=216448 goal=0 here=0", "l": [0.33, 0.36, 0.27, 0.32, 0.26, 0.24, 0.18, 0.29, 0.81, 1.22, 0.96, 0.48, 0.33, 0.3, 0.27, 0.35]}
{"t": 124.7, "x": -764, "y": -836, "h": 227.2, "d5": 0.905, "sm": 0.91, "d6": "tick=216481 goal=0 here=0", "l": [0.38, 0.29, 0.34, 0.29, 0.25, 0.25, 0.19, 0.2, 0.97, 0.76, 1.15, 0.68, 0.42, 0.32, 0.25, 0.36]}
{"t": 124.7, "x": -765, "y": -837, "h": 230.3, "d5": 0.909, "sm": 0.91, "d6": "tick=216487 goal=0 here=0", "l": [0.38, 0.29, 0.35, 0.29, 0.24, 0.27, 0.21, 0.2, 1.0, 0.77, 1.13, 0.68, 0.43, 0.3, 0.23, 0.34]}
{"t": 124.8, "x": -765, "y": -837, "h": 226.2, "d5": 0.923, "sm": 0.913, "d6": "tick=216492 goal=0 here=0", "l": [0.38, 0.29, 0.36, 0.28, 0.24, 0.26, 0.23, 0.2, 0.97, 0.75, 1.16, 0.69, 0.42, 0.33, 0.25, 0.35]}
{"t": 124.8, "x": -764, "y": -836, "h": 229.4, "d5": 0.915, "sm": 0.913, "d6": "tick=216497 goal=0 here=0", "l": [0.38, -1.0, 0.35, 0.28, 0.23, 0.25, 0.21, 0.2, 0.98, 0.75, 1.13, 0.69, 0.41, 0.33, 0.27, 0.34]}
{"t": 125.2, "x": -765, "y": -838, "h": 209.8, "d5": 0.923, "sm": 0.916, "d6": "tick=216540 goal=0 here=0", "l": [0.38, 0.41, 0.31, 0.31, 0.33, 0.23, 0.25, 0.19, 0.23, 0.91, 1.8, 1.25, 0.5, 0.39, 0.32, 0.25]}
{"t": 125.3, "x": -765, "y": -838, "h": 212.8, "d5": 0.925, "sm": 0.918, "d6": "tick=216545 goal=0 here=0", "l": [0.37, 0.41, 0.28, 0.33, 0.32, -1.0, 0.27, 0.2, 0.23, 0.95, 1.78, 1.23, 0.48, 0.37, 0.33, 0.24]}
{"t": 125.3, "x": -765, "y": -838, "h": 209.1, "d5": 0.925, "sm": 0.92, "d6": "tick=216550 goal=0 here=0", "l": [0.38, 0.4, 0.29, 0.33, 0.32, 0.23, 0.27, 0.19, 0.25, 0.94, 1.78, 1.24, 0.49, 0.37, 0.34, 0.24]}
{"t": 126.7, "x": -760, "y": -849, "h": 75.6, "d5": 0.932, "sm": 0.923, "d6": "tick=216683 goal=0 here=0", "l": [1.78, 1.24, 0.47, 0.36, 0.34, 0.24, 0.35, 0.4, 0.31, 0.32, 0.35, -1.0, 0.25, 0.18, 0.27, 0.82]}
{"t": 128.2, "x": -764, "y": -841, "h": 225.7, "d5": 0.917, "sm": 0.921, "d6": "tick=216833 goal=0 here=0", "l": [0.37, 0.3, 0.34, 0.31, 0.25, 0.26, 0.22, 0.2, 0.99, 0.76, 1.16, 0.7, 0.43, 0.34, 0.26, 0.34]}
{"t": 128.2, "x": -764, "y": -840, "h": 231.5, "d5": 0.925, "sm": 0.922, "d6": "tick=216837 goal=0 here=0", "l": [0.38, 0.29, 0.34, 0.28, 0.26, 0.25, 0.22, 0.2, 0.98, 0.75, 1.14, 0.7, 0.43, 0.33, 0.26, 0.34]}
{"t": 128.3, "x": -764, "y": -840, "h": 229.0, "d5": 0.926, "sm": 0.923, "d6": "tick=216842 goal=0 here=0", "l": [0.39, 0.29, 0.35, 0.28, 0.25, 0.26, 0.21, 0.2, 0.99, 0.75, 1.14, 0.67, 0.42, 0.34, 0.26, 0.34]}
{"t": 128.3, "x": -764, "y": -841, "h": 227.9, "d5": 0.917, "sm": 0.922, "d6": "tick=216847 goal=0 here=0", "l": [0.38, 0.27, 0.34, 0.28, 0.23, 0.25, 0.2, 0.2, 0.96, 0.75, 1.14, 0.68, 0.43, 0.33, 0.25, 0.34]}
{"t": 130.7, "x": -513, "y": -577, "h": 75.6, "d5": 0.903, "sm": 0.917, "d6": "tick=217083 goal=0 here=0", "l": [1.61, 1.01, 0.69, 0.47, 0.42, 0.43, 0.44, 0.58, 0.51, 0.42, 0.27, 0.1, 0.11, 0.12, 0.74, 0.7]}
{"t": 132.2, "x": -517, "y": -569, "h": 225.8, "d5": 0.874, "sm": 0.906, "d6": "tick=217230 goal=0 here=0", "l": [0.55, -1.0, 0.39, 0.27, 0.11, 0.09, 0.12, 0.12, 0.8, 0.64, 1.07, 1.13, 0.55, 0.46, 0.42, 0.4]}
{"t": 132.4, "x": -578, "y": -631, "h": 224.7, "d5": 0.891, "sm": 0.902, "d6": "tick=217253 goal=0 here=0", "l": [0.51, 0.43, 0.38, 0.26, 0.26, 0.11, 0.13, 0.17, 0.84, 0.68, 1.1, 0.92, 0.46, 0.41, 0.39, 0.33]}
{"t": 132.4, "x": -584, "y": -637, "h": 224.7, "d5": 0.905, "sm": 0.903, "d6": "tick=217256 goal=0 here=0", "l": [0.49, 0.43, 0.39, 0.28, 0.27, 0.11, 0.12, 0.17, 0.87, 0.69, 1.13, 0.92, 0.45, 0.41, 0.39, 0.32]}
{"t": 132.5, "x": -585, "y": -637, "h": 228.1, "d5": 0.887, "sm": 0.899, "d6": "tick=217261 goal=0 here=0", "l": [0.47, 0.42, 0.38, 0.28, 0.26, 0.11, 0.1, -1.0, 0.83, 0.69, 1.09, 0.9, 0.45, 0.42, 0.39, 0.34]}
{"t": 132.5, "x": -585, "y": -637, "h": 223.5, "d5": 0.896, "sm": 0.898, "d6": "tick=217267 goal=0 here=0", "l": [0.51, 0.42, 0.38, 0.28, 0.26, 0.09, 0.13, 0.16, 0.85, 0.69, 1.11, 0.91, 0.47, 0.39, 0.4, -1.0]}
{"t": 132.7, "x": -646, "y": -697, "h": 225.3, "d5": 0.891, "sm": 0.896, "d6": "tick=217289 goal=0 here=0", "l": [0.45, 0.38, 0.4, 0.39, 0.26, 0.21, 0.14, 0.2, 0.88, 0.69, 1.12, 0.91, 0.45, 0.37, 0.36, 0.3]}
{"t": 132.8, "x": -653, "y": -704, "h": 225.1, "d5": 0.881, "sm": 0.893, "d6": "tick=217292 goal=0 here=0", "l": [0.44, 0.38, 0.41, 0.38, 0.27, 0.22, 0.13, 0.19, 0.92, 0.71, 1.14, 0.9, 0.46, 0.36, 0.37, 0.3]}
{"t": 132.8, "x": -653, "y": -704, "h": 224.4, "d5": 0.897, "sm": 0.894, "d6": "tick=217297 goal=0 here=0", "l": [0.43, 0.38, 0.4, 0.39, 0.26, 0.22, 0.13, 0.19, 0.92, 0.72, 1.14, 0.92, 0.46, 0.37, 0.36, 0.31]}
{"t": 132.9, "x": -653, "y": -704, "h": 223.9, "d5": 0.89, "sm": 0.893, "d6": "tick=217307 goal=0 here=0", "l": [0.45, 0.36, 0.39, 0.37, 0.27, 0.22, 0.12, 0.2, 0.92, 0.72, 1.14, 0.9, 0.46, 0.36, 0.36, 0.3]}
{"t": 135.1, "x": -403, "y": -442, "h": 96.2, "d5": 0.878, "sm": 0.889, "d6": "tick=217522 goal=0 here=0", "l": [1.02, 0.86, 0.51, 0.47, 0.46, 0.43, 0.61, 0.54, 0.47, 0.12, 0.09, 0.08, 0.09, 0.62, 0.74, -1.0]}
{"t": 136.4, "x": -404, "y": -433, "h": 225.5, "d5": 0.867, "sm": 0.884, "d6": "tick=217653 goal=0 here=0", "l": [0.56, 0.52, 0.43, 0.12, 0.1, 0.11, 0.1, 0.63, 0.77, 0.61, 1.05, 1.13, 0.6, 0.47, 0.45, 0.44]}
{"t": 136.6, "x": -464, "y": -495, "h": 224.0, "d5": 0.875, "sm": 0.881, "d6": "tick=217675 goal=0 here=0", "l": [0.54, 0.47, 0.41, 0.3, 0.11, 0.12, 0.11, 0.13, 0.81, 0.66, 1.06, 1.14, 0.58, 0.47, 0.41, 0.4]}
{"t": 136.8, "x": -538, "y": -558, "h": 229.7, "d5": 0.906, "sm": 0.888, "d6": "tick=217696 goal=0 here=0", "l": [0.49, 0.42, 0.42, 0.39, 0.26, 0.13, 0.13, 0.15, 0.86, 0.69, 1.1, 0.95, 0.46, 0.42, 0.37, 0.35]}
{"t": 137.0, "x": -600, "y": -632, "h": 219.9, "d5": 0.891, "sm": 0.888, "d6": "tick=217717 goal=0 here=0", "l": [-1.0, 0.36, 0.43, 0.37, 0.25, 0.25, 0.14, 0.2, 0.95, 0.71, 1.13, 0.91, 0.43, 0.35, 0.36, 0.29]}
{"t": 137.3, "x": -606, "y": -638, "h": 237.6, "d5": 0.903, "sm": 0.892, "d6": "tick=217749 goal=0 here=0", "l": [0.48, -1.0, 0.35, 0.3, 0.28, 0.16, 0.17, 0.24, 0.74, 1.74, 1.18, 0.58, 0.4, 0.36, 0.34, 0.41]}
{"t": 137.5, "x": -672, "y": -687, "h": 233.2, "d5": 0.905, "sm": 0.895, "d6": "tick=217771 goal=0 here=0", "l": [0.45, 0.34, 0.35, 0.37, 0.27, 0.26, 0.18, 0.26, 0.79, 1.76, 1.21, 0.48, 0.36, 0.33, 0.28, 0.37]}
{"t": 137.6, "x": -679, "y": -692, "h": 235.0, "d5": 0.911, "sm": 0.899, "d6": "tick=217774 goal=0 here=0", "l": [0.46, 0.34, 0.34, 0.37, 0.26, 0.26, 0.19, 0.27, 0.78, 1.78, 1.21, 0.47, 0.38, 0.32, 0.26, 0.39]}
{"t": 137.6, "x": -679, "y": -692, "h": 234.0, "d5": 0.9, "sm": 0.899, "d6": "tick=217780 goal=0 here=0", "l": [0.45, 0.31, 0.36, 0.37, 0.25, 0.27, 0.17, 0.27, 0.79, 1.79, 1.21, 0.46, 0.36, 0.31, 0.24, 0.37]}
{"t": 137.7, "x": -680, "y": -693, "h": 234.6, "d5": 0.921, "sm": 0.905, "d6": "tick=217790 goal=0 here=0", "l": [0.45, 0.33, 0.36, 0.37, 0.27, 0.25, 0.17, 0.27, 0.8, 1.78, 1.21, 0.47, 0.36, 0.32, 0.26, 0.39]}
{"t": 137.8, "x": -679, "y": -692, "h": 235.3, "d5": 0.907, "sm": 0.905, "d6": "tick=217795 goal=0 here=0", "l": [0.43, 0.32, 0.36, 0.36, 0.25, 0.27, 0.18, 0.26, 0.8, 1.79, 1.2, 0.48, 0.36, 0.32, 0.25, 0.37]}
{"t": 137.9, "x": -678, "y": -692, "h": 233.3, "d5": 0.91, "sm": 0.907, "d6": "tick=217805 goal=0 here=0", "l": [0.46, 0.33, 0.34, 0.36, 0.28, 0.27, 0.17, 0.26, 0.79, 1.76, 1.21, 0.46, 0.37, 0.33, 0.27, 0.37]}
{"t": 140.3, "x": -392, "y": -468, "h": 80.1, "d5": 0.874, "sm": 0.898, "d6": "tick=218045 goal=0 here=0", "l": [1.61, 1.02, 0.62, 0.41, 0.41, 0.43, 0.39, 0.61, 0.54, 0.38, 0.15, 0.11, 0.14, 0.68, 0.79, 0.59]}
{"t": 141.7, "x": -396, "y": -459, "h": 228.8, "d5": 0.872, "sm": 0.892, "d6": "tick=218184 goal=0 here=0", "l": [0.56, 0.5, 0.47, 0.31, 0.11, 0.13, 0.12, 0.64, 0.74, 0.57, 1.0, 0.85, 0.52, 0.44, 0.38, 0.43]}
{"t": 142.0, "x": -462, "y": -516, "h": 229.4, "d5": 0.886, "sm": 0.89, "d6": "tick=218212 goal=0 here=0", "l": [0.52, 0.48, 0.45, 0.3, 0.14, 0.13, 0.15, 0.68, 0.79, 0.6, 1.02, 0.85, 0.41, 0.41, 0.38, 0.37]}
{"t": 142.2, "x": -546, "y": -602, "h": 224.5, "d5": 0.909, "sm": 0.895, "d6": "tick=218238 goal=0 here=0", "l": [0.46, 0.41, 0.43, 0.4, 0.29, 0.15, 0.15, 0.2, 0.86, 0.64, 1.02, 0.81, 0.42, 0.35, 0.36, 0.3]}
{"t": 142.6, "x": -552, "y": -606, "h": 240.9, "d5": 0.914, "sm": 0.9, "d6": "tick=218270 goal=0 here=0", "l": [0.52, 0.46, 0.38, 0.28, 0.22, 0.15, 0.19, 0.89, 0.7, 1.09, 1.13, 0.45, 0.41, 0.33, 0.34, 0.42]}
{"t": 142.8, "x": -627, "y": -650, "h": 239.7, "d5": 0.894, "sm": 0.898, "d6": "tick=218298 goal=0 here=0", "l": [0.46, 0.39, 0.36, 0.28, 0.29, 0.19, 0.21, 0.93, 0.75, 1.16, 1.18, 0.44, 0.35, 0.32, 0.28, 0.41]}
{"t": 143.0, "x": -711, "y": -698, "h": 240.3, "d5": 0.92, "sm": 0.904, "d6": "tick=218319 goal=0 here=0", "l": [0.43, 0.32, 0.34, 0.37, 0.26, 0.24, 0.21, 0.97, 0.81, 1.19, 1.2, -1.0, 0.3, 0.31, 0.22, 0.36]}
{"t": 144.2, "x": -717, "y": -712, "h": 110.4, "d5": 0.93, "sm": 0.91, "d6": "tick=218435 goal=0 here=0", "l": [0.65, 0.41, 0.3, 0.26, 0.24, 0.37, 0.35, 0.38, 0.32, 0.29, 0.3, 0.23, 0.25, 0.97, 0.74, 1.13]}
{"t": 145.4, "x": -717, "y": -703, "h": 236.8, "d5": 0.921, "sm": 0.913, "d6": "tick=218561 goal=0 here=0", "l": [0.41, 0.29, 0.33, 0.35, 0.27, 0.27, 0.19, 0.28, 0.78, 1.72, 1.21, 0.46, 0.34, 0.32, 0.23, 0.36]}
{"t": 145.5, "x": -716, "y": -703, "h": 237.4, "d5": 0.928, "sm": 0.917, "d6": "tick=218564 goal=0 here=0", "l": [0.42, 0.31, 0.34, 0.36, 0.28, 0.29, 0.18, 0.3, 0.79, 1.21, 1.21, 0.44, 0.33, 0.31, 0.25, 0.37]}
{"t": 145.5, "x": -717, "y": -703, "h": 236.6, "d5": 0.93, "sm": 0.92, "d6": "tick=218569 goal=0 here=0", "l": [0.42, 0.31, 0.33, 0.37, 0.27, 0.27, 0.21, 0.29, 0.81, 1.21, 1.22, 0.44, 0.34, 0.31, 0.24, 0.38]}
{"t": 145.6, "x": -716, "y": -703, "h": 237.8, "d5": 0.924, "sm": 0.921, "d6": "tick=218574 goal=0 here=0", "l": [0.43, 0.32, 0.33, 0.38, 0.27, 0.27, 0.18, 0.28, 0.81, 1.2, 1.2, 0.46, 0.32, 0.31, 0.22, 0.37]}
{"t": 145.6, "x": -716, "y": -703, "h": 238.8, "d5": 0.928, "sm": 0.923, "d6": "tick=218579 goal=0 here=0", "l": [0.42, 0.32, 0.36, 0.37, 0.26, 0.28, 0.18, 0.3, 0.8, 1.22, 1.2, 0.45, 0.33, 0.33, 0.23, 0.36]}
{"t": 148.0, "x": -418, "y": -497, "h": 93.1, "d5": 0.887, "sm": 0.914, "d6": "tick=218813 goal=0 here=0", "l": [1.03, 1.05, 0.53, 0.43, 0.37, 0.42, 0.54, 0.5, 0.46, -1.0, 0.16, 0.16, 0.14, 0.68, 0.79, 0.58]}
{"t": 149.3, "x": -421, "y": -489, "h": 221.7, "d5": 0.867, "sm": 0.902, "d6": "tick=218943 goal=0 here=0", "l": [0.41, 0.58, 0.53, 0.39, 0.15, 0.16, 0.13, 0.71, 0.86, 0.64, 1.08, 1.07, 0.56, 0.43, 0.37, 0.42]}
{"t": 149.5, "x": -478, "y": -556, "h": 220.2, "d5": 0.897, "sm": 0.901, "d6": "tick=218966 goal=0 here=0", "l": [0.46, 0.54, 0.51, 0.47, 0.32, -1.0, 0.17, 0.72, 0.83, 0.65, 1.06, 1.1, 0.52, 0.41, 0.36, 0.38]}
{"t": 149.7, "x": -546, "y": -621, "h": 226.4, "d5": 0.906, "sm": 0.902, "d6": "tick=218987 goal=0 here=0", "l": [0.46, 0.48, 0.49, 0.43, 0.31, 0.19, 0.19, 0.79, 0.9, 0.67, 1.08, 0.86, 0.38, 0.32, 0.3, 0.31]}
{"t": 150.1, "x": -552, "y": -627, "h": 241.9, "d5": 0.907, "sm": 0.903, "d6": "tick=219029 goal=0 here=0", "l": [0.52, 0.46, 0.39, 0.3, 0.25, 0.2, 0.24, -1.0, 0.69, 1.11, 0.91, 0.41, 0.34, 0.31, 0.3, 0.39]}
{"t": 150.3, "x": -626, "y": -663, "h": 244.0, "d5": 0.916, "sm": 0.907, "d6": "tick=219051 goal=0 here=0", "l": [0.48, -1.0, 0.39, 0.33, 0.32, 0.21, 0.23, 0.95, 0.75, 1.13, 1.16, 0.41, 0.33, 0.29, 0.26, 0.36]}
{"t": 150.6, "x": -705, "y": -718, "h": 235.0, "d5": 0.924, "sm": 0.911, "d6": "tick=219072 goal=0 here=0", "l": [0.38, 0.33, 0.41, 0.37, 0.29, 0.31, 0.24, 0.94, 0.8, 1.76, 1.19, 0.43, 0.31, 0.29, 0.23, 0.28]}
{"t": 150.6, "x": -714, "y": -724, "h": 235.3, "d5": 0.931, "sm": 0.916, "d6": "tick=219076 goal=0 here=0", "l": [0.36, 0.31, 0.38, 0.34, 0.28, 0.35, 0.24, 0.3, 0.8, 1.79, 1.2, 0.41, 0.32, 0.28, 0.23, 0.25]}
{"t": 150.7, "x": -715, "y": -725, "h": 236.5, "d5": 0.927, "sm": 0.919, "d6": "tick=219081 goal=0 here=0", "l": [0.38, 0.31, 0.38, 0.35, 0.28, 0.32, 0.23, 0.33, 0.8, 1.77, 1.2, 0.41, 0.33, 0.27, 0.22, 0.24]}
{"t": 150.7, "x": -715, "y": -725, "h": 233.6, "d5": 0.932, "sm": 0.922, "d6": "tick=219086 goal=0 here=0", "l": [0.37, 0.32, 0.39, 0.35, 0.3, 0.33, 0.22, 0.32, 0.78, 1.79, 1.21, 0.43, 0.29, 0.26, 0.23, 0.26]}
{"t": 150.8, "x": -715, "y": -725, "h": 233.7, "d5": 0.942, "sm": 0.927, "d6": "tick=219091 goal=0 here=0", "l": [0.37, 0.31, 0.39, 0.34, 0.29, 0.34, 0.24, 0.32, 0.79, 1.77, 1.21, 0.44, 0.31, 0.28, 0.23, 0.26]}
{"t": 153.2, "x": -439, "y": -487, "h": 82.3, "d5": 0.897, "sm": 0.92, "d6": "tick=219333 goal=0 here=0", "l": [1.55, 1.06, 0.55, 0.37, 0.36, 0.38, 0.37, 0.61, 0.54, 0.47, 0.34, 0.18, 0.18, 0.73, 0.85, 0.61]}
{"t": 154.7, "x": -444, "y": -484, "h": 238.2, "d5": 0.89, "sm": 0.912, "d6": "tick=219482 goal=0 here=0", "l": [0.55, 0.52, 0.47, 0.34, 0.16, 0.17, 0.73, 0.82, 0.61, 1.62, 1.0, 0.59, 0.38, 0.37, 0.35, 0.37]}
{"t": 154.9, "x": -513, "y": -530, "h": 236.2, "d5": 0.892, "sm": 0.907, "d6": "tick=219505 goal=0 here=0", "l": [0.51, 0.45, 0.43, 0.33, 0.17, 0.17, 0.22, 0.85, 0.66, 1.63, 1.07, 0.59, -1.0, 0.36, 0.36, 0.33]}
{"t": 155.3, "x": -520, "y": -535, "h": 252.8, "d5": 0.882, "sm": 0.901, "d6": "tick=219547 goal=0 here=0", "l": [0.44, 0.43, 0.34, 0.3, 0.18, 0.21, 0.76, 0.69, 1.61, 0.98, 0.62, 0.39, 0.34, 0.34, 0.33, 0.5]}
{"t": 155.5, "x": -599, "y": -557, "h": 254.0, "d5": 0.897, "sm": 0.9, "d6": "tick=219569 goal=0 here=0", "l": [0.42, 0.42, 0.45, 0.3, 0.15, 0.19, 0.74, 0.81, 1.68, 1.03, 0.63, 0.39, 0.33, 0.33, 0.31, 0.45]}
{"t": 155.7, "x": -688, "y": -593, "h": 248.3, "d5": 0.91, "sm": 0.902, "d6": "tick=219590 goal=0 here=0", "l": [0.38, 0.42, 0.4, 0.28, 0.24, 0.17, 0.24, 0.9, 1.75, 1.09, 0.64, 0.42, 0.32, 0.33, 0.25, 0.44]}
{"t": 155.9, "x": -779, "y": -622, "h": 252.0, "d5": 0.909, "sm": 0.904, "d6": "tick=219611 goal=0 here=0", "l": [0.32, 0.36, 0.3, 0.26, 0.28, 0.21, 0.25, 0.97, 1.81, 1.12, 0.63, 0.4, 0.33, 0.27, 0.31, 0.39]}
{"t": 156.0, "x": -788, "y": -625, "h": 251.0, "d5": 0.923, "sm": 0.909, "d6": "tick=219614 goal=0 here=0", "l": [0.32, 0.35, 0.3, 0.27, 0.3, 0.22, 0.23, 0.96, 1.83, 1.13, 0.65, 0.4, 0.32, 0.25, 0.31, 0.36]}
{"t": 156.0, "x": -789, "y": -626, "h": 249.2, "d5": 0.912, "sm": 0.91, "d6": "tick=219619 goal=0 here=0", "l": [0.32, 0.38, 0.31, 0.26, 0.28, 0.2, 0.22, 0.97, 1.82, 1.11, 0.65, 0.4, 0.3, 0.25, 0.3, 0.39]}
{"t": 156.1, "x": -788, "y": -625, "h": 247.8, "d5": 0.91, "sm": 0.91, "d6": "tick=219624 goal=0 here=0", "l": [0.3, 0.38, 0.32, 0.27, 0.27, 0.2, 0.24, 0.98, 1.83, 1.13, 0.65, 0.4, 0.32, 0.25, 0.29, 0.37]}
{"t": 156.4, "x": -787, "y": -625, "h": 260.9, "d5": 0.915, "sm": 0.911, "d6": "tick=219658 goal=0 here=0", "l": [0.34, 0.31, 0.36, 0.26, 0.23, 0.2, 0.3, 0.82, 1.19, 0.98, 0.44, 0.32, 0.3, 0.23, 0.35, 0.4]}
{"t": 156.7, "x": -788, "y": -625, "h": 251.1, "d5": 0.912, "sm": 0.911, "d6": "tick=219683 goal=0 here=0", "l": [0.3, 0.38, 0.32, 0.26, 0.29, 0.2, 0.25, 0.95, 1.77, 1.16, 0.51, 0.39, 0.32, 0.23, 0.34, 0.36]}
{"t": 156.7, "x": -789, "y": -625, "h": 253.9, "d5": 0.905, "sm": 0.91, "d6": "tick=219688 goal=0 here=0", "l": [0.3, 0.36, 0.3, 0.26, 0.28, 0.23, 0.24, 0.96, 1.79, 1.14, 0.63, 0.38, 0.31, 0.26, 0.32, 0.38]}
{"t": 159.3, "x": -421, "y": -585, "h": 70.7, "d5": 0.879, "sm": 0.902, "d6": "tick=219945 goal=0 here=0", "l": [0.57, 0.99, 0.8, 0.39, 0.38, 0.33, 0.37, 0.5, 0.54, 0.52, 0.36, 0.18, 0.18, 0.19, 0.7, 0.78]}
{"t": 161.0, "x": -424, "y": -576, "h": 258.6, "d5": 0.899, "sm": 0.901, "d6": "tick=220115 goal=0 here=0", "l": [0.49, 0.46, 0.37, 0.18, 0.18, 0.71, 0.83, 0.64, 1.58, 0.98, 0.59, 0.37, 0.36, 0.36, 0.37, 0.54]}
{"t": 161.2, "x": -503, "y": -601, "h": 252.4, "d5": 0.89, "sm": 0.898, "d6": "tick=220137 goal=0 here=0", "l": [0.45, 0.46, 0.35, 0.31, 0.17, 0.21, 0.75, 0.7, 1.63, 0.99, 0.66, 0.4, -1.0, 0.33, 0.31, 0.48]}
{"t": 161.4, "x": -591, "y": -638, "h": 246.8, "d5": 0.893, "sm": 0.897, "d6": "tick=220158 goal=0 here=0", "l": [0.44, 0.46, 0.42, 0.31, 0.2, 0.19, 0.23, 0.89, 0.66, 1.07, 0.83, 0.42, 0.33, 0.33, 0.29, 0.43]}
{"t": 161.6, "x": -679, "y": -680, "h": 244.7, "d5": 0.896, "sm": 0.897, "d6": "tick=220179 goal=0 here=0", "l": [0.45, 0.4, 0.34, 0.32, 0.3, 0.18, 0.25, 0.99, 0.73, 1.16, 0.89, 0.4, 0.33, 0.32, 0.24, 0.39]}
{"t": 161.8, "x": -759, "y": -733, "h": 236.5, "d5": 0.901, "sm": 0.898, "d6": "tick=220199 goal=0 here=0", "l": [0.43, 0.31, 0.36, 0.38, 0.26, 0.28, 0.22, 0.97, 0.81, 1.2, 0.96, 0.44, 0.29, 0.29, 0.22, 0.35]}
{"t": 161.9, "x": -767, "y": -738, "h": 239.3, "d5": 0.906, "sm": 0.9, "d6": "tick=220204 goal=0 here=0", "l": [0.41, 0.29, 0.34, 0.35, 0.28, 0.31, 0.23, 0.99, 0.82, 1.2, 1.01, 0.45, 0.3, 0.28, 0.22, 0.34]}
{"t": 161.9, "x": -766, "y": -737, "h": 237.4, "d5": 0.918, "sm": 0.904, "d6": "tick=220209 goal=0 here=0", "l": [0.4, 0.29, 0.34, 0.36, 0.27, 0.29, 0.21, 0.98, 0.82, 1.21, 0.99, 0.42, 0.32, 0.28, 0.21, 0.35]}
{"t": 162.0, "x": -767, "y": -738, "h": 241.4, "d5": 0.902, "sm": 0.904, "d6": "tick=220214 goal=0 here=0", "l": [0.42, 0.28, 0.36, 0.35, 0.27, 0.31, 0.21, 1.01, 0.82, 1.21, 0.99, 0.45, 0.31, 0.27, 0.21, 0.35]}
{"t": 162.0, "x": -766, "y": -737, "h": 239.1, "d5": 0.911, "sm": 0.906, "d6": "tick=220219 goal=0 here=0", "l": [0.39, 0.29, 0.35, 0.36, 0.26, 0.3, 0.21, 0.99, 0.8, 1.2, 0.97, 0.43, 0.3, 0.29, 0.2, 0.32]}
{"t": 164.3, "x": -466, "y": -536, "h": 89.3, "d5": 0.882, "sm": 0.9, "d6": "tick=220444 goal=0 here=0", "l": [1.0, 0.82, 0.43, 0.4, 0.37, 0.38, 0.52, 0.48, 0.47, 0.34, 0.19, 0.17, 0.16, 0.7, 0.78, 0.56]}
{"t": 165.5, "x": -470, "y": -528, "h": 215.2, "d5": 0.862, "sm": 0.89, "d6": "tick=220569 goal=0 here=0", "l": [0.37, 0.58, 0.53, 0.47, 0.34, 0.16, 0.17, 0.72, 0.82, 0.62, 1.57, 1.09, 0.54, 0.4, 0.35, 0.39]}
{"t": 165.8, "x": -530, "y": -620, "h": 212.9, "d5": 0.898, "sm": 0.892, "d6": "tick=220592 goal=0 here=0", "l": [0.33, 0.55, 0.48, 0.42, 0.31, 0.17, 0.17, 0.75, 0.88, 0.66, 1.03, 1.1, 0.52, 0.39, 0.33, 0.38]}
{"t": 166.4, "x": -533, "y": -625, "h": 249.4, "d5": 0.901, "sm": 0.894, "d6": "tick=220651 goal=0 here=0", "l": [0.46, 0.5, 0.47, 0.33, 0.19, 0.21, 0.75, 0.83, 1.69, 0.98, 0.69, 0.38, 0.33, 0.3, 0.31, 0.47]}
{"t": 166.6, "x": -629, "y": -669, "h": 245.2, "d5": 0.913, "sm": 0.899, "d6": "tick=220678 goal=0 here=0", "l": [0.48, 0.45, 0.4, 0.32, 0.25, 0.21, 0.25, 0.89, 0.66, 1.06, 0.8, 0.4, 0.31, 0.3, 0.27, 0.42]}
{"t": 166.8, "x": -715, "y": -714, "h": 242.5, "d5": 0.931, "sm": 0.907, "d6": "tick=220699 goal=0 here=0", "l": [0.43, 0.34, 0.36, 0.39, 0.31, 0.23, 0.24, 0.98, 0.78, 1.18, 0.89, 0.41, 0.3, 0.3, 0.22, 0.37]}
{"t": 167.3, "x": -724, "y": -721, "h": 223.8, "d5": 0.944, "sm": 0.916, "d6": "tick=220746 goal=0 here=0", "l": [0.37, 0.42, 0.37, 0.34, 0.32, 0.34, 0.24, 0.28, 0.96, 0.75, 1.11, 0.65, 0.4, 0.29, 0.29, 0.21]}
{"t": 167.6, "x": -722, "y": -718, "h": 241.0, "d5": 0.94, "sm": 0.922, "d6": "tick=220779 goal=0 here=0", "l": [0.45, 0.34, 0.37, 0.41, 0.3, 0.28, 0.22, 0.98, 0.79, -1.0, 1.19, 0.42, 0.33, 0.3, 0.24, 0.32]}
{"t": 168.0, "x": -723, "y": -720, "h": 226.2, "d5": 0.932, "sm": 0.925, "d6": "tick=220814 goal=0 here=0", "l": [0.35, 0.38, 0.37, 0.34, 0.3, 0.31, 0.21, 0.28, 0.95, 1.79, 1.1, 0.61, 0.39, 0.28, 0.28, 0.22]}
{"t": 169.4, "x": -717, "y": -728, "h": 75.4, "d5": 0.924, "sm": 0.924, "d6": "tick=220954 goal=0 here=0", "l": [1.76, 1.19, 0.44, 0.32, 0.29, 0.22, 0.24, 0.38, 0.33, 0.39, 0.39, 0.29, 0.31, 0.22, 0.89, 0.79]}
{"t": 170.6, "x": -725, "y": -721, "h": 206.9, "d5": 0.939, "sm": 0.928, "d6": "tick=221080 goal=0 here=0", "l": [0.21, 0.37, 0.37, 0.38, 0.33, 0.31, 0.3, 0.2, 0.28, 0.96, 1.81, 1.1, 0.6, 0.39, 0.3, 0.27]}
{"t": 171.9, "x": -718, "y": -728, "h": 74.3, "d5": 0.935, "sm": 0.93, "d6": "tick=221209 goal=0 here=0", "l": [1.72, 1.18, 0.41, 0.3, 0.29, 0.23, 0.31, 0.39, 0.32, 0.39, 0.39, 0.3, 0.28, 0.25, 0.95, 0.79]}
{"t": 173.0, "x": -725, "y": -724, "h": 178.2, "d5": 0.937, "sm": 0.932, "d6": "tick=221311 goal=0 here=0", "l": [0.26, 0.22, 0.36, 0.41, 0.37, 0.36, 0.3, 0.3, 0.22, 0.27, 0.96, 0.74, 1.1, 0.63, 0.38, 0.28]}
{"t": 173.4, "x": -725, "y": -722, "h": 195.7, "d5": 0.932, "sm": 0.932, "d6": "tick=221350 goal=0 here=0", "l": [0.23, 0.35, 0.43, 0.32, 0.37, 0.4, 0.28, 0.27, 0.23, 0.97, 0.79, 1.17, 1.18, 0.42, 0.3, 0.27]}
{"t": 174.4, "x": -719, "y": -729, "h": 90.6, "d5": 0.933, "sm": 0.932, "d6": "tick=221460 goal=0 here=0", "l": [1.09, 0.62, 0.4, 0.28, 0.27, 0.21, 0.36, 0.38, 0.37, 0.34, 0.3, 0.32, 0.21, 0.28, 0.95, 1.82]}
{"t": 175.5, "x": -724, "y": -723, "h": 200.3, "d5": 0.927, "sm": 0.931, "d6": "tick=221569 goal=0 here=0", "l": [0.2, 0.37, 0.42, 0.31, 0.35, 0.38, 0.29, 0.23, 0.26, 0.98, 0.79, 1.19, 0.91, 0.44, 0.28, 0.3]}
{"t": 176.3, "x": -723, "y": -721, "h": 238.6, "d5": 0.918, "sm": 0.928, "d6": "tick=221644 goal=0 here=0", "l": [0.43, 0.33, 0.35, 0.41, -1.0, 0.25, 0.25, 0.99, 0.79, 1.17, 0.92, 0.41, 0.29, 0.29, 0.23, 0.36]}
{"t": 176.9, "x": -724, "y": -724, "h": 196.9, "d5": 0.936, "sm": 0.93, "d6": "tick=221708 goal=0 here=0", "l": [0.22, 0.36, 0.43, 0.35, 0.34, 0.37, 0.31, 0.24, 0.26, 1.0, 0.73, 1.12, 0.67, 0.41, 0.28, 0.29]}
{"t": 177.0, "x": -723, "y": -722, "h": 198.5, "d5": 0.936, "sm": 0.931, "d6": "tick=221711 goal=0 here=0", "l": [0.21, 0.36, 0.42, 0.34, 0.36, 0.38, 0.31, 0.22, 0.28, 0.99, 0.75, 1.14, 0.66, 0.41, 0.27, 0.26]}
{"t": 177.0, "x": -724, "y": -724, "h": 203.4, "d5": 0.936, "sm": 0.932, "d6": "tick=221716 goal=0 here=0", "l": [0.21, 0.39, 0.43, 0.35, 0.33, 0.35, 0.31, 0.22, 0.27, 1.0, 0.74, 1.13, 0.68, 0.4, 0.3, 0.29]}
{"t": 177.1, "x": -723, "y": -723, "h": 198.8, "d5": 0.942, "sm": 0.935, "d6": "tick=221721 goal=0 here=0", "l": [0.21, 0.37, 0.43, 0.35, 0.35, 0.36, 0.31, 0.23, -1.0, 0.98, 0.75, 1.16, 0.67, 0.41, 0.29, 0.29]}
{"t": 179.2, "x": -613, "y": -376, "h": 70.2, "d5": 0.874, "sm": 0.92, "d6": "tick=221938 goal=0 here=0", "l": [0.64, 1.06, 0.86, -1.0, 0.39, 0.42, 0.38, 0.55, 0.46, 0.36, 0.25, 0.13, 0.09, 0.11, 0.15, 0.82]}
{"t": 180.4, "x": -622, "y": -373, "h": 196.2, "d5": 0.901, "sm": 0.915, "d6": "tick=222057 goal=0 here=0", "l": [0.38, 0.51, 0.44, 0.43, 0.31, 0.25, 0.11, 0.1, 0.14, 0.81, 0.67, 1.61, 1.16, 0.61, 0.47, 0.38]}
{"t": 180.6, "x": -643, "y": -456, "h": 194.1, "d5": 0.894, "sm": 0.91, "d6": "tick=222079 goal=0 here=0", "l": [0.36, 0.46, 0.5, -1.0, 0.39, 0.27, 0.19, 0.14, 0.16, 0.87, 0.69, 1.2, 1.15, 0.59, 0.45, 0.36]}
{"t": 180.8, "x": -672, "y": -552, "h": 196.6, "d5": 0.903, "sm": 0.908, "d6": "tick=222101 goal=0 here=0", "l": [0.3, 0.44, 0.48, 0.42, 0.38, 0.27, 0.3, 0.17, 0.21, 0.91, 0.73, 1.13, 1.15, 0.41, 0.35, 0.33]}
{"t": 180.9, "x": -675, "y": -561, "h": 200.3, "d5": 0.913, "sm": 0.909, "d6": "tick=222104 goal=0 here=0", "l": [-1.0, 0.43, 0.48, 0.39, 0.39, 0.29, 0.3, 0.15, 0.25, 0.94, 0.73, 1.11, 0.92, 0.43, 0.34, 0.29]}
{"t": 181.0, "x": -675, "y": -561, "h": 192.1, "d5": 0.914, "sm": 0.91, "d6": "tick=222109 goal=0 here=0", "l": [0.27, 0.43, 0.47, 0.42, 0.36, 0.29, 0.29, 0.17, 0.23, 0.95, 0.75, 1.14, 0.95, 0.41, 0.33, 0.31]}
{"t": 181.5, "x": -674, "y": -559, "h": 226.5, "d5": 0.935, "sm": 0.917, "d6": "tick=222165 goal=0 here=0", "l": [0.42, 0.38, 0.43, 0.41, 0.31, 0.23, 0.19, 0.23, 0.88, 1.73, 1.06, 0.61, 0.41, 0.32, 0.32, 0.29]}
{"t": 181.9, "x": -674, "y": -560, "h": 208.7, "d5": 0.907, "sm": 0.914, "d6": "tick=222208 goal=0 here=0", "l": [0.28, 0.45, 0.37, 0.4, 0.41, 0.3, 0.18, 0.2, 0.79, 0.75, 1.71, 1.13, 0.58, 0.39, 0.32, 0.33]}
{"t": 182.0, "x": -675, "y": -561, "h": 211.2, "d5": 0.905, "sm": 0.912, "d6": "tick=222213 goal=0 here=0", "l": [0.27, 0.45, 0.4, 0.4, 0.41, 0.28, 0.19, 0.21, 0.76, 0.76, 1.7, 1.13, 0.6, 0.41, 0.32, 0.33]}
{"t": 182.0, "x": -674, "y": -559, "h": 205.6, "d5": 0.911, "sm": 0.912, "d6": "tick=222218 goal=0 here=0", "l": [0.3, 0.41, -1.0, 0.41, 0.4, 0.3, 0.21, 0.19, 0.77, 0.75, 1.7, 1.11, 0.58, 0.4, 0.33, 0.31]}
{"t": 182.1, "x": -675, "y": -560, "h": 214.0, "d5": 0.921, "sm": 0.914, "d6": "tick=222223 goal=0 here=0", "l": [0.28, 0.43, 0.37, 0.39, 0.42, 0.3, 0.2, 0.2, 0.77, 0.77, 1.71, 1.11, 0.58, 0.4, 0.32, 0.3]}
{"t": 182.1, "x": -675, "y": -561, "h": 210.8, "d5": 0.916, "sm": 0.915, "d6": "tick=222228 goal=0 here=0", "l": [0.28, 0.45, 0.37, 0.41, 0.42, 0.29, 0.2, 0.21, 0.77, 0.74, 1.7, 1.11, 0.59, 0.42, 0.31, 0.31]}
{"t": 182.2, "x": -675, "y": -560, "h": 205.7, "d5": 0.92, "sm": 0.916, "d6": "tick=222233 goal=0 here=0", "l": [0.28, 0.44, 0.37, 0.39, 0.41, 0.3, 0.18, 0.19, 0.77, 0.75, 1.7, 1.13, 0.59, 0.4, 0.33, 0.32]}
{"t": 184.6, "x": -481, "y": -251, "h": 51.3, "d5": 0.87, "sm": 0.904, "d6": "tick=222479 goal=0 here=0", "l": [0.64, 0.57, 0.98, 0.83, 0.45, 0.43, 0.45, 0.43, 0.63, 0.54, 0.34, 0.12, 0.08, 0.11, 0.08, -1.0]}
{"t": 186.0, "x": -489, "y": -245, "h": 203.6, "d5": 0.875, "sm": 0.897, "d6": "tick=222619 goal=0 here=0", "l": [0.45, 0.57, 0.51, 0.44, 0.12, 0.1, 0.11, 0.09, 0.63, 0.77, 0.59, 1.04, 1.1, 0.6, 0.46, 0.42]}
{"t": 186.2, "x": -521, "y": -325, "h": 202.4, "d5": 0.883, "sm": 0.894, "d6": "tick=222641 goal=0 here=0", "l": [0.39, 0.53, 0.5, 0.44, 0.31, 0.12, 0.14, 0.14, 0.65, 0.77, 0.6, 1.05, 0.89, 0.51, 0.45, 0.39]}
{"t": 186.5, "x": -562, "y": -407, "h": 206.2, "d5": 0.903, "sm": 0.896, "d6": "tick=222662 goal=0 here=0", "l": [0.33, 0.51, 0.44, 0.42, 0.3, 0.28, 0.14, 0.18, 0.71, 0.83, 0.6, 1.01, 0.81, 0.4, 0.37, 0.36]}
{"t": 187.1, "x": -564, "y": -413, "h": 244.7, "d5": 0.901, "sm": 0.897, "d6": "tick=222721 goal=0 here=0", "l": [0.48, 0.5, 0.45, 0.3, 0.14, 0.18, 0.73, 0.84, 0.67, 1.07, 0.9, 0.43, 0.39, 0.33, 0.35, 0.49]}
{"t": 187.3, "x": -641, "y": -453, "h": 242.0, "d5": 0.911, "sm": 0.901, "d6": "tick=222744 goal=0 here=0", "l": [0.49, 0.45, 0.4, 0.29, 0.22, 0.15, 0.2, 0.92, 0.7, 1.1, 1.12, 0.41, 0.39, 0.34, 0.32, 0.46]}
{"t": 187.5, "x": -721, "y": -506, "h": 236.5, "d5": 0.922, "sm": 0.906, "d6": "tick=222765 goal=0 here=0", "l": [0.46, 0.37, 0.35, 0.32, 0.29, 0.19, 0.2, 0.93, 0.77, 1.69, 1.16, 0.43, 0.36, 0.32, 0.28, 0.39]}
{"t": 187.7, "x": -801, "y": -560, "h": 236.3, "d5": 0.929, "sm": 0.912, "d6": "tick=222786 goal=0 here=0", "l": [0.41, 0.29, 0.34, 0.35, 0.28, 0.3, 0.21, 0.3, 0.81, 1.74, 1.22, 0.44, 0.33, 0.29, 0.21, 0.38]}
{"t": 187.8, "x": -808, "y": -564, "h": 238.6, "d5": 0.94, "sm": 0.919, "d6": "tick=222794 goal=0 here=0", "l": [0.4, 0.28, 0.36, 0.35, 0.25, 0.3, -1.0, 0.3, 0.83, 1.75, -1.0, 0.47, 0.32, 0.31, 0.21, 0.36]}
{"t": 187.9, "x": -810, "y": -565, "h": 238.1, "d5": 0.929, "sm": 0.921, "d6": "tick=222797 goal=0 here=0", "l": [0.42, 0.29, 0.35, 0.34, 0.26, 0.31, 0.19, 0.29, 0.81, 1.76, 1.23, 0.43, -1.0, 0.3, 0.22, 0.35]}
{"t": 187.9, "x": -809, "y": -564, "h": 235.7, "d5": 0.918, "sm": 0.921, "d6": "tick=222805 goal=0 here=0", "l": [0.42, 0.31, 0.35, 0.35, 0.28, 0.31, 0.22, 0.29, 0.81, 1.75, 1.21, 0.45, 0.32, 0.3, 0.22, 0.36]}
{"t": 190.2, "x": -504, "y": -365, "h": 84.4, "d5": 0.876, "sm": 0.909, "d6": "tick=223032 goal=0 here=0", "l": [1.04, 1.09, 0.55, 0.42, 0.37, 0.39, 0.52, 0.54, 0.52, 0.35, 0.14, 0.16, 0.15, 0.68, 0.81, 0.64]}
{"t": 191.5, "x": -507, "y": -355, "h": 231.7, "d5": 0.874, "sm": 0.901, "d6": "tick=223162 goal=0 here=0", "l": [0.53, 0.48, 0.45, 0.31, 0.15, 0.15, 0.15, 0.76, 0.67, 1.59, 0.98, 0.79, 0.41, 0.41, 0.38, 0.37]}
{"t": 191.7, "x": -575, "y": -410, "h": 231.2, "d5": 0.903, "sm": 0.901, "d6": "tick=223185 goal=0 here=0", "l": [0.5, 0.42, 0.41, 0.29, 0.19, 0.16, 0.18, 0.85, 0.67, 1.65, 1.04, 0.59, 0.41, 0.33, 0.39, 0.33]}
{"t": 191.9, "x": -583, "y": -414, "h": 243.8, "d5": 0.902, "sm": 0.901, "d6": "tick=223207 goal=0 here=0", "l": [0.51, 0.49, 0.43, 0.32, 0.16, 0.15, 0.18, 0.87, 0.67, 1.08, 1.11, 0.44, 0.41, 0.36, 0.34, 0.47]}
{"t": 192.1, "x": -659, "y": -454, "h": 242.1, "d5": 0.892, "sm": 0.899, "d6": "tick=223230 goal=0 here=0", "l": [0.46, 0.43, 0.39, 0.28, 0.23, 0.15, 0.22, 0.94, 0.71, 1.13, 0.9, 0.42, 0.38, 0.34, 0.31, 0.45]}
{"t": 192.3, "x": -743, "y": -501, "h": 240.7, "d5": 0.913, "sm": 0.903, "d6": "tick=223251 goal=0 here=0", "l": [0.43, 0.4, 0.33, 0.28, 0.27, 0.18, 0.22, 0.95, 0.76, 1.17, 0.92, 0.43, 0.34, 0.33, 0.26, 0.41]}
{"t": 192.5, "x": -825, "y": -545, "h": 242.1, "d5": 0.923, "sm": 0.908, "d6": "tick=223271 goal=0 here=0", "l": [0.39, 0.32, 0.33, 0.37, 0.27, 0.27, 0.2, 1.0, 0.82, 1.2, 0.93, 0.44, 0.33, 0.29, 0.23, 0.35]}
{"t": 192.6, "x": -834, "y": -551, "h": 237.4, "d5": 0.925, "sm": 0.912, "d6": "tick=223280 goal=0 here=0", "l": [0.39, 0.31, 0.31, 0.37, 0.28, 0.27, 0.21, 0.99, 0.81, 1.22, 0.93, 0.43, 0.31, 0.29, 0.2, 0.36]}
{"t": 192.9, "x": -833, "y": -551, "h": 252.3, "d5": 0.93, "sm": 0.916, "d6": "tick=223302 goal=0 here=0", "l": [0.3, 0.36, 0.31, 0.27, 0.29, 0.23, 0.26, 0.97, 1.79, 1.15, 0.54, 0.39, 0.31, 0.25, 0.31, 0.37]}
{"t": 192.9, "x": -833, "y": -551, "h": 251.0, "d5": 0.924, "sm": 0.918, "d6": "tick=223307 goal=0 here=0", "l": [0.28, 0.35, 0.31, 0.26, 0.29, -1.0, 0.26, 0.97, 1.77, 1.17, 0.48, 0.35, 0.3, 0.23, 0.31, 0.36]}
{"t": 195.3, "x": -465, "y": -524, "h": 63.2, "d5": 0.902, "sm": 0.914, "d6": "tick=223543 goal=0 here=0", "l": [0.64, 1.03, 1.05, 0.5, 0.36, 0.31, 0.35, 0.33, 0.55, 0.49, 0.47, 0.35, 0.17, 0.2, 0.76, 0.85]}
{"t": 196.8, "x": -471, "y": -517, "h": 249.6, "d5": 0.902, "sm": 0.911, "d6": "tick=223693 goal=0 here=0", "l": [0.48, 0.48, 0.35, 0.19, 0.2, 0.7, 0.84, 0.63, 1.57, 0.96, 0.6, 0.37, 0.36, 0.33, 0.37, 0.51]}
{"t": 197.0, "x": -553, "y": -548, "h": 248.8, "d5": 0.911, "sm": 0.911, "d6": "tick=223716 goal=0 here=0", "l": [0.49, 0.48, 0.47, 0.32, 0.17, 0.22, 0.76, 0.84, 1.69, 0.99, 0.79, 0.37, 0.33, 0.31, 0.31, 0.44]}
{"t": 197.2, "x": -654, "y": -601, "h": 242.7, "d5": 0.907, "sm": 0.91, "d6": "tick=223741 goal=0 here=0", "l": [0.48, 0.43, 0.37, 0.31, 0.31, 0.2, 0.24, 0.95, 0.7, 1.1, 0.87, 0.41, 0.29, 0.3, 0.27, 0.41]}
{"t": 197.5, "x": -741, "y": -643, "h": 244.0, "d5": 0.924, "sm": 0.914, "d6": "tick=223762 goal=0 here=0", "l": [0.43, 0.35, -1.0, 0.38, 0.31, 0.23, 0.26, 1.0, 0.76, 1.17, 0.89, 0.41, 0.29, 0.3, 0.21, 0.36]}
{"t": 198.0, "x": -751, "y": -650, "h": 204.2, "d5": 0.915, "sm": 0.914, "d6": "tick=223814 goal=0 here=0", "l": [0.23, 0.36, 0.35, 0.38, 0.33, 0.3, 0.29, 0.22, 0.29, 0.97, 1.75, 1.15, 0.48, 0.36, 0.28, 0.25]}
{"t": 198.5, "x": -747, "y": -647, "h": 243.7, "d5": 0.922, "sm": 0.916, "d6": "tick=223867 goal=0 here=0", "l": [0.42, 0.34, 0.36, 0.37, 0.31, 0.26, 0.29, 1.02, 0.77, 1.17, 0.88, 0.41, 0.31, 0.29, 0.2, 0.36]}
{"t": 198.6, "x": -748, "y": -648, "h": 244.9, "d5": 0.911, "sm": 0.915, "d6": "tick=223872 goal=0 here=0", "l": [0.44, 0.33, 0.33, 0.38, 0.32, 0.22, 0.27, 1.0, 0.77, 1.17, 0.67, 0.4, 0.29, 0.29, 0.21, 0.35]}
{"t": 198.9, "x": -750, "y": -649, "h": 226.4, "d5": 0.923, "sm": 0.917, "d6": "tick=223908 goal=0 here=0", "l": [0.37, 0.33, 0.4, 0.36, 0.29, 0.33, 0.23, 0.28, 0.8, 1.75, 1.17, 0.45, 0.33, 0.29, 0.24, 0.24]}
{"t": 199.0, "x": -750, "y": -649, "h": 235.3, "d5": 0.917, "sm": 0.917, "d6": "tick=223913 goal=0 here=0", "l": [0.36, 0.31, 0.39, 0.34, 0.29, 0.33, 0.22, 0.29, 0.83, 1.74, 1.16, 0.45, 0.35, 0.29, -1.0, 0.24]}
{"t": 199.1, "x": -750, "y": -649, "h": 230.4, "d5": 0.924, "sm": 0.919, "d6": "tick=223923 goal=0 here=0", "l": [0.38, 0.32, 0.38, 0.35, 0.27, 0.32, 0.21, 0.29, 0.82, 1.74, 1.17, 0.42, 0.34, 0.27, 0.25, 0.24]}
{"t": 199.1, "x": -750, "y": -649, "h": 231.8, "d5": 0.919, "sm": 0.919, "d6": "tick=223928 goal=0 here=0", "l": [0.38, 0.32, 0.39, 0.34, 0.28, 0.31, 0.2, 0.29, 0.85, 1.73, 1.17, 0.43, 0.35, 0.29, 0.25, 0.23]}
{"t": 201.5, "x": -478, "y": -408, "h": 78.6, "d5": 0.87, "sm": 0.907, "d6": "tick=224166 goal=0 here=0", "l": [1.59, 1.03, 0.58, 0.42, 0.37, 0.4, 0.38, 0.62, 0.52, 0.48, 0.33, 0.15, 0.17, -1.0, 0.81, 0.61]}
{"t": 202.8, "x": -481, "y": -399, "h": 208.4, "d5": 0.883, "sm": 0.901, "d6": "tick=224295 goal=0 here=0", "l": [0.4, 0.55, 0.5, 0.46, 0.34, 0.13, 0.13, 0.16, 0.72, 0.72, 0.54, 0.97, 0.79, 0.42, 0.41, 0.36]}
{"t": 203.0, "x": -529, "y": -471, "h": 213.5, "d5": 0.876, "sm": 0.894, "d6": "tick=224318 goal=0 here=0", "l": [0.35, 0.51, 0.47, 0.45, 0.33, 0.18, 0.17, 0.19, 0.86, 0.65, 1.59, 0.98, 0.62, 0.39, 0.36, 0.35]}
{"t": 203.1, "x": -534, "y": -480, "h": 210.6, "d5": 0.892, "sm": 0.894, "d6": "tick=224321 goal=0 here=0", "l": [0.36, 0.52, 0.46, 0.45, 0.33, 0.2, 0.18, 0.19, 0.84, 0.65, 1.6, 1.0, 0.62, 0.39, 0.34, 0.34]}
{"t": 203.6, "x": -532, "y": -478, "h": 245.5, "d5": 0.893, "sm": 0.894, "d6": "tick=224374 goal=0 here=0", "l": [0.51, 0.5, 0.47, 0.33, 0.18, 0.19, 0.72, 0.8, 0.6, 1.04, 0.83, 0.4, 0.36, 0.34, 0.36, 0.49]}
{"t": 203.8, "x": -609, "y": -516, "h": 244.0, "d5": 0.897, "sm": 0.894, "d6": "tick=224397 goal=0 here=0", "l": [0.51, 0.46, 0.41, 0.32, 0.18, 0.17, 0.21, 0.88, 0.68, -1.0, 0.88, 0.41, 0.36, 0.33, 0.33, 0.44]}
{"t": 204.0, "x": -689, "y": -562, "h": 239.7, "d5": 0.91, "sm": 0.898, "d6": "tick=224417 goal=0 here=0", "l": [0.46, 0.39, 0.36, 0.32, 0.31, 0.17, 0.22, 0.93, 0.75, 1.12, 1.14, 0.41, 0.35, 0.3, 0.29, 0.39]}
{"t": 204.2, "x": -765, "y": -623, "h": 231.5, "d5": 0.924, "sm": 0.905, "d6": "tick=224438 goal=0 here=0", "l": [0.4, 0.33, 0.39, 0.39, 0.28, 0.28, 0.22, 0.95, 0.8, 1.74, 1.19, 0.43, 0.31, 0.29, 0.24, 0.32]}
{"t": 204.3, "x": -771, "y": -627, "h": 233.6, "d5": 0.922, "sm": 0.909, "d6": "tick=224441 goal=0 here=0", "l": [0.39, 0.31, 0.37, 0.38, 0.29, 0.29, 0.23, 0.94, 0.81, 1.76, 1.21, 0.44, 0.32, 0.28, 0.23, 0.32]}
{"t": 204.5, "x": -772, "y": -628, "h": 233.5, "d5": 0.934, "sm": 0.915, "d6": "tick=224456 goal=0 here=0", "l": [0.4, 0.34, 0.36, 0.39, 0.26, 0.27, 0.24, 0.93, 0.78, 1.74, 1.19, 0.45, 0.32, 0.3, 0.24, 0.32]}
{"t": 204.5, "x": -771, "y": -627, "h": 233.9, "d5": 0.938, "sm": 0.921, "d6": "tick=224464 goal=0 here=0", "l": [0.39, 0.32, 0.41, 0.37, 0.29, 0.29, 0.22, 0.96, 0.79, 1.74, 1.19, 0.43, 0.31, 0.29, 0.25, 0.32]}
{"t": 206.9, "x": -480, "y": -411, "h": 83.6, "d5": 0.88, "sm": 0.911, "d6": "tick=224701 goal=0 here=0", "l": [1.01, 1.07, 0.55, 0.38, 0.35, 0.39, 0.37, 0.61, 0.55, 0.5, 0.18, 0.15, 0.17, 0.71, 0.85, 0.61]}
{"t": 208.1, "x": -483, "y": -401, "h": 212.2, "d5": 0.874, "sm": 0.902, "d6": "tick=224826 goal=0 here=0", "l": [0.39, 0.55, 0.53, 0.47, 0.34, 0.16, 0.18, 0.67, 0.8, 0.6, 1.57, 0.95, 0.7, 0.39, 0.4, 0.38]}
{"t": 208.4, "x": -540, "y": -496, "h": 211.4, "d5": 0.892, "sm": 0.899, "d6": "tick=224854 goal=0 here=0", "l": [0.33, 0.52, 0.47, 0.46, 0.34, 0.18, 0.17, 0.73, 0.86, 0.65, 1.64, 1.05, 0.54, 0.36, 0.33, 0.35]}
{"t": 208.7, "x": -544, "y": -501, "h": 225.0, "d5": 0.906, "sm": 0.901, "d6": "tick=224886 goal=0 here=0", "l": [0.48, -1.0, 0.51, 0.48, 0.33, 0.17, 0.23, 0.73, 0.84, 1.66, 1.01, 0.78, 0.37, 0.34, 0.32, 0.35]}
{"t": 208.9, "x": -609, "y": -559, "h": 228.1, "d5": 0.904, "sm": 0.902, "d6": "tick=224909 goal=0 here=0", "l": [0.44, 0.5, 0.48, 0.43, 0.34, 0.21, 0.24, 0.79, 0.88, 1.73, 1.01, 0.65, 0.37, 0.3, 0.28, 0.29]}
{"t": 209.5, "x": -615, "y": -565, "h": 247.9, "d5": 0.906, "sm": 0.903, "d6": "tick=224960 goal=0 here=0", "l": [0.5, 0.48, 0.44, 0.33, 0.22, 0.23, 0.79, 0.88, 1.7, 1.03, 0.61, 0.37, 0.3, 0.27, 0.32, 0.44]}
{"t": 209.7, "x": -691, "y": -600, "h": 245.4, "d5": 0.921, "sm": 0.907, "d6": "tick=224987 goal=0 here=0", "l": [0.47, 0.41, 0.4, 0.31, 0.34, 0.23, 0.27, 0.92, 0.68, 1.07, 0.67, 0.38, 0.28, 0.29, 0.25, 0.39]}
{"t": 209.9, "x": -774, "y": -648, "h": 239.8, "d5": 0.935, "sm": 0.914, "d6": "tick=225008 goal=0 here=0", "l": [0.42, 0.32, 0.38, 0.43, 0.33, 0.25, 0.28, 1.0, 0.77, 1.18, 0.87, 0.41, 0.27, 0.28, 0.2, 0.34]}
{"t": 210.3, "x": -782, "y": -654, "h": 223.8, "d5": 0.929, "sm": 0.918, "d6": "tick=225050 goal=0 here=0", "l": [0.32, 0.39, 0.32, 0.35, 0.39, 0.36, 0.25, 0.32, 0.95, 1.82, 1.12, 0.62, 0.36, 0.26, 0.27, 0.2]}
{"t": 210.9, "x": -779, "y": -653, "h": 264.7, "d5": 0.927, "sm": 0.92, "d6": "tick=225102 goal=0 here=0", "l": [0.32, 0.38, 0.4, 0.3, 0.28, 0.25, 1.0, 0.8, 1.17, 0.94, 0.4, 0.28, 0.26, 0.21, 0.3, 0.37]}
{"t": 211.4, "x": -782, "y": -654, "h": 225.9, "d5": 0.917, "sm": 0.919, "d6": "tick=225156 goal=0 here=0", "l": [0.33, 0.4, 0.35, 0.36, 0.33, 0.33, 0.25, 0.31, 0.95, 1.81, 1.11, 0.49, 0.34, 0.26, 0.23, 0.2]}
{"t": 212.9, "x": -775, "y": -662, "h": 73.9, "d5": 0.933, "sm": 0.923, "d6": "tick=225307 goal=0 here=0", "l": [1.77, 1.19, 0.38, 0.31, -1.0, 0.24, 0.21, 0.35, 0.37, 0.4, 0.37, 0.33, 0.36, 0.26, 0.3, 0.81]}
