{"t": 1789615209.7, "x": 0.0, "y": 0.0, "h": 75, "ev": "start", "d11": "0.927", "d3": "tick=84486 goal=0 here=0", "rx": "Hello from robot at approx (-1.4,-0.3). I am mapping. Where are you? Reply please."}
{"t": 1789615211.6, "x": -0.0, "y": -0.0, "h": 86, "ev": "scan", "d11": "0.946", "d3": "tick=84676 goal=0 here=0", "sc": [1.83, 0.89, 0.51, 0.41, 0.35, 0.35, 0.45, 0.73, 1.21, 0.49, 0.17, 0.16, 0.15, 0.11, 0.12, 0.31], "rx": "Hello from robot at approx (-2.0,0.8). I am mapping. Where are you? Reply please."}
{"t": 1789615217.9, "x": -0.0, "y": -0.0, "h": 269, "ev": "turnBack", "d11": "0.920", "d3": "tick=85310 goal=0 here=0"}
{"t": 1789615218.4, "x": -0.0, "y": -0.01, "h": 271, "ev": "drive", "d11": "0.933", "d3": "tick=85357 goal=0 here=0", "x_": "d=-1 exp=-0.00 got=0.01 front"}
{"t": 1789615218.6, "x": -0.0, "y": -0.01, "h": 271, "ev": "scan", "d11": "0.930", "d3": "tick=85381 goal=0 here=0", "sc": [1.18, 0.28, 0.15, 0.16, 0.15, 0.11, 0.11, 0.33, 1.84, 0.79, 0.51, 0.37, 0.38, 0.35, 0.53, 0.95]}
{"t": 1789615224.8, "x": -0.0, "y": -0.01, "h": 86, "ev": "turnBack", "d11": "0.882", "d3": "tick=86009 goal=0 here=0"}
{"t": 1789615225.4, "x": -0.0, "y": -0.02, "h": 83, "ev": "drive", "d11": "0.884", "d3": "tick=86058 goal=0 here=0", "x_": "d=1 exp=0.00 got=-0.00 front"}
{"t": 1789615225.7, "x": -0.0, "y": -0.02, "h": 88, "ev": "scan", "d11": "0.852", "d3": "tick=86085 goal=0 here=0", "sc": [1.83, 0.88, 0.52, 0.42, 0.36, 0.34, 0.47, 0.73, 1.21, 0.48, 0.16, 0.17, 0.16, 0.12, 0.11, 0.31]}
{"t": 1789615231.9, "x": -0.0, "y": -0.02, "h": 264, "ev": "turnBack", "d11": "0.717", "d3": "tick=86710 goal=0 here=0"}
{"t": 1789615235.7, "x": -0.02, "y": -0.62, "h": 265, "ev": "drive", "d11": "0.634", "d3": "tick=87094 goal=0 here=0", "x_": "d=1037 exp=0.61 got=0.05 dist SLIP", "rx": "Hello from robot at approx (-1.1,1.2). I am mapping. Where are you? Reply please."}
{"t": 1789615242.8, "x": -0.01, "y": -0.63, "h": 269, "ev": "unstick", "d11": "0.629", "d3": "tick=87798 goal=0 here=0"}
{"t": 1789615243.0, "x": -0.01, "y": -0.63, "h": 269, "ev": "scan", "d11": "0.647", "d3": "tick=87823 goal=0 here=0", "sc": [0.66, 0.71, 0.43, 0.3, 0.3, 0.32, 0.35, 0.59, 2.27, 0.57, 0.28, 0.26, 0.2, 0.17, 0.22, 0.46]}
{"t": 1789615249.4, "x": -0.01, "y": -0.63, "h": 88, "ev": "turnBack", "d11": "0.569", "d3": "tick=88457 goal=0 here=0"}
{"t": 1789615253.1, "x": -0.03, "y": -0.03, "h": 90, "ev": "drive", "d11": "0.751", "d3": "tick=88837 goal=0 here=0", "x_": "d=1029 exp=0.61 got=-0.10 dist SLIP"}
{"t": 1789615259.6, "x": -0.03, "y": -0.08, "h": 88, "ev": "unstick", "d11": "0.652", "d3": "tick=89486 goal=0 here=0", "rx": "Hello from robot at approx (-2.0,2.0). I am mapping. Where are you? Reply please."}
{"t": 1789615259.9, "x": -0.03, "y": -0.08, "h": 89, "ev": "scan", "d11": "0.659", "d3": "tick=89512 goal=0 here=0", "sc": [1.81, 0.5, 0.35, 0.18, 0.24, 0.23, 0.28, 0.5, 1.14, 0.74, 0.35, 0.26, 0.3, 0.24, 0.39, 0.77]}
{"t": 1789615266.2, "x": -0.03, "y": -0.08, "h": 273, "ev": "turnBack", "d11": "0.637", "d3": "tick=90145 goal=0 here=0"}
{"t": 1789615270.1, "x": 0.03, "y": -0.69, "h": 271, "ev": "drive", "d11": "0.554", "d3": "tick=90529 goal=0 here=0", "x_": "d=1035 exp=0.61 got=-0.09 dist SLIP"}
{"t": 1789615277.4, "x": 0.02, "y": -0.73, "h": 271, "ev": "unstick", "d11": "0.777", "d3": "tick=91264 goal=0 here=0", "rx": "Hello from robot at approx (-2.6,1.6). I am mapping. Where are you? Reply please."}
{"t": 1789615277.7, "x": 0.02, "y": -0.73, "h": 266, "ev": "scan", "d11": "0.775", "d3": "tick=91288 goal=0 here=0", "sc": [0.65, 0.41, 0.28, 0.21, 0.2, 0.23, 0.26, 0.44, 0.99, 0.66, 0.39, 0.34, 0.25, 0.28, 0.42, 0.64]}
{"t": 1789615401.1, "x": 0.0, "y": 0.0, "h": 317, "ev": "start", "d11": "0.679", "d3": "tick=103634 goal=0 here=0"}
{"t": 1789615404.3, "x": -0.0, "y": -0.0, "h": 360, "ev": "scan", "d11": "0.670", "d3": "tick=103950 goal=0 here=0", "sc": [0.21, 0.23, 0.27, 0.41, 2.39, 0.92, 0.41, 0.34, 0.25, 0.27, 0.43, 0.68, 0.66, 0.59, 0.31, 0.21]}
{"t": 1789615410.6, "x": -0.0, "y": -0.0, "h": 176, "ev": "turnBack", "d11": "0.674", "d3": "tick=104583 goal=0 here=0"}
{"t": 1789615411.1, "x": 0.01, "y": -0.0, "h": 176, "ev": "drive", "d11": "0.673", "d3": "tick=104630 goal=0 here=0", "x_": "d=0 exp=0.00 got=0.00 front"}
{"t": 1789615411.3, "x": 0.01, "y": -0.0, "h": 175, "ev": "scan", "d11": "0.653", "d3": "tick=104654 goal=0 here=0", "sc": [0.26, 0.25, 0.38, 0.69, 0.65, 0.63, 0.34, 0.22, 0.2, 0.23, 0.26, 0.35, 2.4, 0.98, 0.42, 0.35]}
{"t": 1789615417.6, "x": 0.01, "y": -0.0, "h": 354, "ev": "turnBack", "d11": "0.654", "d3": "tick=105283 goal=0 here=0"}
{"t": 1789615418.1, "x": -0.0, "y": 0.0, "h": 353, "ev": "drive", "d11": "0.660", "d3": "tick=105330 goal=0 here=0", "x_": "d=0 exp=0.00 got=0.01 front"}
{"t": 1789615419.6, "x": -0.0, "y": 0.0, "h": 358, "ev": "scan", "d11": "0.665", "d3": "tick=105479 goal=0 here=0", "sc": [0.2, 0.25, 0.26, 0.42, 2.38, 0.68, 0.38, 0.33, 0.26, 0.27, 0.42, 0.66, 0.67, 0.57, 0.29, 0.21]}
{"t": 1789615425.5, "x": -0.0, "y": 0.0, "h": 186, "ev": "turnBack", "d11": "0.670", "d3": "tick=106077 goal=0 here=0"}
{"t": 1789615426.0, "x": -0.01, "y": -0.0, "h": 186, "ev": "drive", "d11": "0.670", "d3": "tick=106124 goal=0 here=0", "x_": "d=0 exp=0.00 got=0.02 front"}
{"t": 1789615427.4, "x": -0.01, "y": -0.0, "h": 183, "ev": "scan", "d11": "0.671", "d3": "tick=106257 goal=0 here=0", "sc": [0.25, 0.28, 0.43, 0.62, 0.65, 0.42, 0.28, 0.21, 0.21, 0.24, 0.27, 0.45, 2.33, 0.66, 0.38, 0.33]}
{"t": 1789615433.8, "x": -0.01, "y": -0.0, "h": 3, "ev": "turnBack", "d11": "0.671", "d3": "tick=106903 goal=0 here=0"}
{"t": 1789615434.3, "x": -0.0, "y": -0.0, "h": 5, "ev": "drive", "d11": "0.666", "d3": "tick=106950 goal=0 here=0", "x_": "d=-1 exp=-0.00 got=0.01 front"}
{"t": 1789615434.5, "x": -0.01, "y": -0.0, "h": 4, "ev": "scan", "d11": "0.667", "d3": "tick=106974 goal=0 here=0", "sc": [0.21, 0.24, 0.27, 0.59, 2.35, 0.65, 0.39, 0.32, 0.25, 0.27, 0.46, 0.62, 0.64, 0.4, 0.26, 0.21], "rx": "B PLAN: you explore WEST & SOUTH of yourself (my x<-2.7 or y<-0.5). I take EAST & NORTH. Whoever sees d3 goal=1 or here=1 sends coords; other homes in via d11+map."}
{"t": 1789615440.8, "x": -0.01, "y": -0.0, "h": 179, "ev": "turnBack", "d11": "0.672", "d3": "tick=107599 goal=0 here=0"}
{"t": 1789615441.2, "x": 0.0, "y": -0.0, "h": 181, "ev": "drive", "d11": "0.672", "d3": "tick=107647 goal=0 here=0", "x_": "d=0 exp=0.00 got=0.00 front"}
{"t": 1789615441.5, "x": 0.0, "y": -0.0, "h": 183, "ev": "scan", "d11": "0.669", "d3": "tick=107671 goal=0 here=0", "sc": [0.26, 0.29, 0.44, 0.66, 0.66, 0.58, 0.28, 0.21, 0.21, 0.24, 0.27, 0.43, 2.38, 0.69, 0.4, 0.33]}
{"t": 1789615447.7, "x": 0.0, "y": -0.0, "h": 356, "ev": "turnBack", "d11": "0.688", "d3": "tick=108296 goal=0 here=0"}
{"t": 1789615448.2, "x": -0.01, "y": -0.0, "h": 355, "ev": "drive", "d11": "0.677", "d3": "tick=108343 goal=0 here=0", "x_": "d=0 exp=0.00 got=0.01 front"}
{"t": 1789615449.3, "x": -0.01, "y": -0.0, "h": 353, "ev": "scan", "d11": "0.681", "d3": "tick=108448 goal=0 here=0", "sc": [0.21, 0.24, 0.27, 0.39, 2.39, 0.93, 0.41, 0.35, 0.26, 0.27, 0.41, 0.68, 0.65, 0.59, 0.33, 0.2]}
{"t": 1789615455.7, "x": -0.01, "y": -0.0, "h": 178, "ev": "turnBack", "d11": "0.676", "d3": "tick=109088 goal=0 here=0"}
{"t": 1789615456.2, "x": -0.02, "y": 0.0, "h": 179, "ev": "drive", "d11": "0.666", "d3": "tick=109141 goal=0 here=0", "x_": "d=0 exp=0.00 got=0.01 front"}
{"t": 1789615456.5, "x": -0.02, "y": 0.0, "h": 177, "ev": "scan", "d11": "0.673", "d3": "tick=109165 goal=0 here=0", "sc": [0.25, 0.27, 0.42, 0.66, 0.65, 0.58, 0.31, 0.22, 0.2, 0.23, 0.26, 0.42, 2.41, 0.92, 0.41, 0.34]}
{"t": 1789615463.1, "x": -0.02, "y": 0.0, "h": 360, "ev": "turnBack", "d11": "0.673", "d3": "tick=109830 goal=0 here=0"}
{"t": 1789615463.5, "x": -0.01, "y": 0.0, "h": 360, "ev": "drive", "d11": "0.678", "d3": "tick=109877 goal=0 here=0", "x_": "d=0 exp=-0.00 got=-0.02 front"}
{"t": 1789615463.8, "x": -0.01, "y": 0.0, "h": 358, "ev": "scan", "d11": "0.668", "d3": "tick=109901 goal=0 here=0", "sc": [0.21, 0.24, 0.27, 0.38, 2.37, 0.94, 0.41, 0.35, 0.27, 0.27, 0.42, 0.67, 0.65, 0.59, 0.33, 0.21]}
{"t": 1789615470.1, "x": -0.01, "y": 0.0, "h": 174, "ev": "turnBack", "d11": "0.672", "d3": "tick=110533 goal=0 here=0"}
{"t": 1789615470.6, "x": 0.0, "y": 0.0, "h": 172, "ev": "drive", "d11": "0.670", "d3": "tick=110580 goal=0 here=0", "x_": "d=0 exp=0.00 got=0.01 front"}
{"t": 1789615471.8, "x": 0.0, "y": 0.0, "h": 179, "ev": "scan", "d11": "0.682", "d3": "tick=110697 goal=0 here=0", "sc": [0.25, 0.28, 0.42, 0.66, 0.65, 0.57, 0.31, 0.2, 0.2, 0.24, 0.27, 0.42, 2.4, 0.7, 0.4, 0.34]}
{"t": 1789615478.1, "x": 0.0, "y": 0.0, "h": 3, "ev": "turnBack", "d11": "0.677", "d3": "tick=111333 goal=0 here=0"}
{"t": 1789615478.6, "x": 0.01, "y": 0.0, "h": 6, "ev": "drive", "d11": "0.662", "d3": "tick=111381 goal=0 here=0", "x_": "d=1 exp=0.00 got=0.00 front"}
{"t": 1789615478.8, "x": 0.01, "y": 0.0, "h": 3, "ev": "scan", "d11": "0.676", "d3": "tick=111405 goal=0 here=0", "sc": [0.22, 0.24, 0.27, 0.44, 2.32, 0.66, 0.39, 0.32, 0.26, 0.28, 0.44, 0.65, 0.66, 0.4, 0.27, 0.21]}
{"t": 1789615485.1, "x": 0.01, "y": 0.0, "h": 177, "ev": "turnBack", "d11": "0.683", "d3": "tick=112031 goal=0 here=0"}
{"t": 1789615485.6, "x": 0.02, "y": -0.0, "h": 177, "ev": "drive", "d11": "0.656", "d3": "tick=112078 goal=0 here=0", "x_": "d=-1 exp=-0.00 got=0.01 front"}
{"t": 1789615485.8, "x": 0.02, "y": -0.0, "h": 179, "ev": "scan", "d11": "0.686", "d3": "tick=112103 goal=0 here=0", "sc": [0.24, 0.27, 0.41, 0.67, 0.64, 0.58, 0.32, 0.23, 0.21, 0.23, 0.27, 0.4, 2.4, 0.93, 0.41, 0.34]}
{"t": 1789615530.4, "x": -2.55, "y": 0.45, "h": 346, "ev": "start", "d11": "0.781", "d3": "tick=116561 goal=0 here=0"}
{"t": 1789615533.0, "x": -2.55, "y": 0.45, "h": 353, "ev": "scan", "d11": "0.778", "d3": "tick=116816 goal=0 here=0", "sc": [0.2, 0.23, 0.26, 0.37, 2.37, 0.97, 0.42, 0.34, 0.26, 0.28, 0.39, 0.68, 0.65, 0.62, 0.34, 0.21]}
{"t": 1789615536.8, "x": -2.55, "y": 0.45, "h": 83, "ev": "turnL", "d11": "0.786", "d3": "tick=117200 goal=0 here=0"}
{"t": 1789615540.6, "x": -2.61, "y": 1.06, "h": 91, "ev": "drive", "d11": "0.805", "d3": "tick=117584 goal=0 here=0", "x_": "d=1048 exp=0.62 got=-0.31 dist SLIP"}
{"t": 1789615547.6, "x": -2.61, "y": 1.04, "h": 88, "ev": "unstick", "d11": "0.866", "d3": "tick=118284 goal=0 here=0"}
{"t": 1789615547.9, "x": -2.61, "y": 1.04, "h": 88, "ev": "scan", "d11": "0.882", "d3": "tick=118308 goal=0 here=0", "sc": [1.87, 0.51, 0.23, 0.24, 0.24, 0.22, 0.3, 0.52, 1.15, 0.61, 0.32, 0.25, 0.29, 0.24, 0.39, 0.83]}
{"t": 1789615551.7, "x": -2.58, "y": 1.65, "h": 89, "ev": "drive", "d11": "0.895", "d3": "tick=118693 goal=0 here=0", "x_": "d=1052 exp=0.62 got=0.57 dist"}
{"t": 1789615552.0, "x": -2.58, "y": 1.65, "h": 89, "ev": "scan", "d11": "0.891", "d3": "tick=118717 goal=0 here=0", "sc": [1.3, 0.46, 0.3, 0.29, 0.21, 0.25, 0.38, 0.61, 1.64, 0.62, 0.41, 0.25, 0.23, 0.31, 0.37, 0.76]}
{"t": 1789615555.8, "x": -2.56, "y": 2.26, "h": 89, "ev": "drive", "d11": "0.708", "d3": "tick=119098 goal=0 here=0", "x_": "d=1027 exp=0.60 got=0.47 dist"}
{"t": 1789615556.8, "x": -2.56, "y": 2.26, "h": 86, "ev": "scan", "d11": "0.718", "d3": "tick=119200 goal=0 here=0", "sc": [0.81, 0.73, 0.3, 0.28, 0.21, 0.2, 0.29, 0.56, 2.15, 0.59, 0.35, 0.28, 0.22, 0.32, 0.33, 0.9]}
{"t": 1789615560.6, "x": -2.57, "y": 2.87, "h": 94, "ev": "drive", "d11": "0.524", "d3": "tick=119583 goal=0 here=0", "x_": "d=1037 exp=0.61 got=0.52 dist"}
{"t": 1789615560.9, "x": -2.57, "y": 2.87, "h": 92, "ev": "scan", "d11": "0.525", "d3": "tick=119608 goal=0 here=0", "sc": [0.26, 0.32, 0.36, 0.31, 0.26, 0.25, 0.34, 0.57, 2.72, 0.51, 0.34, 1.28, 0.74, 0.67, 0.43, 0.34]}
{"t": 1789615567.4, "x": -2.57, "y": 2.87, "h": 269, "ev": "turnBack", "d11": "0.586", "d3": "tick=120262 goal=0 here=0"}
{"t": 1789615571.2, "x": -2.64, "y": 2.26, "h": 266, "ev": "drive", "d11": "0.762", "d3": "tick=120644 goal=0 here=0", "x_": "d=1029 exp=0.61 got=0.52 dist"}
{"t": 1789615571.5, "x": -2.64, "y": 2.26, "h": 268, "ev": "scan", "d11": "0.764", "d3": "tick=120668 goal=0 here=0", "sc": [2.13, 0.56, 0.31, 0.26, 0.18, 0.28, 0.33, 0.89, 0.83, 0.75, 0.34, 0.3, 0.22, 0.23, 0.31, 0.6]}
{"t": 1789615575.3, "x": -2.7, "y": 1.66, "h": 264, "ev": "drive", "d11": "0.812", "d3": "tick=121048 goal=0 here=0", "x_": "d=1027 exp=0.60 got=0.52 dist"}
{"t": 1789615576.5, "x": -2.7, "y": 1.66, "h": 268, "ev": "scan", "d11": "0.819", "d3": "tick=121179 goal=0 here=0", "sc": [1.68, 0.41, 0.31, 0.21, 0.2, 0.27, 0.34, 0.55, 1.31, 0.53, 0.33, 0.32, 0.24, 0.31, 0.42, 0.65]}
{"t": 1789615580.4, "x": -2.72, "y": 1.04, "h": 268, "ev": "drive", "d11": "0.779", "d3": "tick=121564 goal=0 here=0", "x_": "d=1045 exp=0.61 got=0.57 dist"}
{"t": 1789615580.7, "x": -2.72, "y": 1.04, "h": 268, "ev": "scan", "d11": "0.773", "d3": "tick=121588 goal=0 here=0", "sc": [1.1, 0.73, 0.32, 0.23, 0.26, 0.23, 0.36, 0.52, 1.87, 0.73, 0.41, 0.24, 0.27, 0.23, 0.3, 0.5]}
{"t": 1789615584.5, "x": -2.7, "y": 0.42, "h": 279, "ev": "drive", "d11": "0.713", "d3": "tick=121977 goal=0 here=0", "x_": "d=1049 exp=0.62 got=0.48 dist"}
{"t": 1789615585.8, "x": -2.7, "y": 0.42, "h": 270, "ev": "scan", "d11": "0.711", "d3": "tick=122101 goal=0 here=0", "sc": [0.62, 0.58, 0.36, 0.26, 0.25, 0.31, 0.32, 0.66, 2.4, 0.66, 0.35, 0.24, 0.18, 0.23, 0.37, 0.61]}
{"t": 1789615588.0, "x": -2.71, "y": 0.1, "h": 274, "ev": "drive", "d11": "0.654", "d3": "tick=122327 goal=0 here=0", "x_": "d=554 exp=0.33 got=0.36 front"}
{"t": 1789615588.3, "x": -2.71, "y": 0.1, "h": 274, "ev": "scan", "d11": "0.632", "d3": "tick=122350 goal=0 here=0", "sc": [0.33, 0.33, 0.35, 0.23, 0.24, 0.26, 0.33, 0.58, 2.64, 0.63, 0.3, 0.27, 0.26, 0.24, 0.4, 0.28]}
{"t": 1789615594.7, "x": -2.71, "y": 0.1, "h": 88, "ev": "turnBack", "d11": "0.570", "d3": "tick=122991 goal=0 here=0"}
{"t": 1789615598.5, "x": -2.75, "y": 0.69, "h": 94, "ev": "drive", "d11": "0.656", "d3": "tick=123373 goal=0 here=0", "x_": "d=1029 exp=0.61 got=0.54 dist"}
{"t": 1789615598.8, "x": -2.75, "y": 0.69, "h": 92, "ev": "scan", "d11": "0.647", "d3": "tick=123401 goal=0 here=0", "sc": [2.16, 0.5, 0.32, 0.25, 0.27, 0.29, 0.32, 0.64, 0.86, 0.58, 0.32, 0.27, 0.21, 0.23, 0.29, 0.66]}
{"t": 1789615602.7, "x": -2.78, "y": 1.31, "h": 89, "ev": "drive", "d11": "0.698", "d3": "tick=123788 goal=0 here=0", "x_": "d=1054 exp=0.62 got=0.58 dist"}
{"t": 1789615602.9, "x": -2.78, "y": 1.31, "h": 93, "ev": "scan", "d11": "0.687", "d3": "tick=123812 goal=0 here=0", "sc": [1.6, 0.54, 0.31, 0.27, 0.26, 0.21, 0.37, 0.68, 1.4, 0.67, 0.36, 0.22, 0.27, 0.27, 0.33, 0.76]}
{"t": 1789615606.8, "x": -2.7, "y": 1.91, "h": 88, "ev": "drive", "d11": "0.672", "d3": "tick=124198 goal=0 here=0", "x_": "d=1030 exp=0.61 got=0.49 dist"}
{"t": 1789615607.0, "x": -2.7, "y": 1.91, "h": 87, "ev": "scan", "d11": "0.685", "d3": "tick=124221 goal=0 here=0", "sc": [1.12, 0.62, 0.27, 0.21, 0.19, 0.28, 0.31, 0.61, 1.84, 0.63, 0.34, 0.31, 0.26, 0.26, 0.34, 0.62]}
{"t": 1789615610.8, "x": -2.68, "y": 2.53, "h": 86, "ev": "drive", "d11": "0.617", "d3": "tick=124606 goal=0 here=0", "x_": "d=1046 exp=0.62 got=0.56 dist"}
{"t": 1789615611.1, "x": -2.68, "y": 2.53, "h": 88, "ev": "scan", "d11": "0.596", "d3": "tick=124631 goal=0 here=0", "sc": [0.54, 0.6, 0.36, 0.24, 0.22, 0.28, 0.32, 0.74, 2.42, 0.69, 0.28, 0.32, 0.23, 0.82, 0.84, 0.67]}
{"t": 1789615613.2, "x": -2.67, "y": 2.84, "h": 89, "ev": "drive", "d11": "0.560", "d3": "tick=124847 goal=0 here=0", "x_": "d=525 exp=0.31 got=0.29 front"}
{"t": 1789615613.5, "x": -2.67, "y": 2.84, "h": 89, "ev": "scan", "d11": "0.564", "d3": "tick=124870 goal=0 here=0", "sc": [0.27, 0.33, 0.35, 0.29, 0.25, 0.24, 0.32, 0.55, 2.72, 0.51, 0.35, 1.29, 0.73, 0.72, 0.46, 0.37]}
{"t": 1789615717.7, "x": -2.67, "y": 2.84, "h": 141, "ev": "start", "d11": "0.698", "d3": "tick=135294 goal=0 here=0"}
{"t": 1789615720.6, "x": -2.67, "y": 2.84, "h": 179, "ev": "scan", "d11": "0.670", "d3": "tick=135580 goal=0 here=0", "sc": [0.26, 0.25, 0.34, 0.55, 2.69, 0.53, 0.35, 1.3, 0.75, 0.79, 0.45, 0.36, 0.29, 0.34, 0.36, 0.31]}
{"t": 1789615724.3, "x": -2.67, "y": 2.84, "h": 266, "ev": "turnL", "d11": "0.608", "d3": "tick=135955 goal=0 here=0", "x_": "opts=[(2.8, 'L'), (-0.3, 'B')]"}
{"t": 1789615728.2, "x": -2.69, "y": 2.24, "h": 269, "ev": "drive", "d11": "0.664", "d3": "tick=136338 goal=0 here=0", "x_": "d=1031 exp=0.61 got=0.32 dist"}
{"t": 1789615728.4, "x": -2.69, "y": 2.24, "h": 267, "ev": "scan", "d11": "0.643", "d3": "tick=136362 goal=0 here=0", "sc": [2.14, 0.57, 0.34, 0.27, 0.21, 0.28, 0.34, 0.9, 0.84, 0.75, 0.34, 0.31, 0.21, 0.24, 0.3, 0.61]}
{"t": 1789615728.5, "x": -2.69, "y": 2.24, "h": 269, "ev": "turnF", "d11": "0.644", "d3": "tick=136375 goal=0 here=0", "x_": "opts=[(2.9, 'F'), (-3.2, 'B')]"}
{"t": 1789615732.4, "x": -2.76, "y": 1.62, "h": 262, "ev": "drive", "d11": "0.593", "d3": "tick=136760 goal=0 here=0", "x_": "d=1050 exp=0.62 got=0.56 dist"}
{"t": 1789615732.6, "x": -2.76, "y": 1.62, "h": 264, "ev": "scan", "d11": "0.578", "d3": "tick=136783 goal=0 here=0", "sc": [1.58, 0.68, 0.37, 0.23, 0.19, 0.25, 0.34, 0.53, 1.4, 0.74, 0.35, 0.32, 0.24, 0.28, 0.4, 0.6]}
{"t": 1789615732.7, "x": -2.76, "y": 1.62, "h": 266, "ev": "turnF", "d11": "0.579", "d3": "tick=136793 goal=0 here=0", "x_": "opts=[(2.8, 'F'), (-0.1, 'B')]"}
{"t": 1789615736.5, "x": -2.75, "y": 1.02, "h": 274, "ev": "drive", "d11": "0.567", "d3": "tick=137178 goal=0 here=0", "x_": "d=1033 exp=0.61 got=0.45 dist"}
{"t": 1789615736.8, "x": -2.75, "y": 1.02, "h": 272, "ev": "scan", "d11": "0.565", "d3": "tick=137200 goal=0 here=0", "sc": [1.11, 0.65, 0.33, 0.24, 0.25, 0.24, 0.4, 0.76, 1.85, 0.55, 0.4, 0.25, 0.27, 0.22, 0.31, 0.51]}
{"t": 1789615736.9, "x": -2.75, "y": 1.02, "h": 272, "ev": "turnF", "d11": "0.552", "d3": "tick=137210 goal=0 here=0", "x_": "opts=[(2.6, 'F'), (-2.9, 'B')]"}
{"t": 1789615740.7, "x": -2.68, "y": 0.42, "h": 276, "ev": "drive", "d11": "0.528", "d3": "tick=137589 goal=0 here=0", "x_": "d=1027 exp=0.60 got=0.50 dist"}
{"t": 1789615741.7, "x": -2.68, "y": 0.42, "h": 272, "ev": "scan", "d11": "0.543", "d3": "tick=137688 goal=0 here=0", "sc": [0.62, 0.57, 0.36, 0.27, 0.25, 0.31, 0.35, 0.67, 2.41, 0.5, 0.34, 0.22, 0.19, 0.23, 0.38, 0.61]}
{"t": 1789615741.8, "x": -2.68, "y": 0.42, "h": 269, "ev": "turnF", "d11": "0.534", "d3": "tick=137701 goal=0 here=0", "x_": "opts=[(2.5, 'F'), (0.2, 'B')]"}
{"t": 1789615743.9, "x": -2.69, "y": 0.12, "h": 272, "ev": "drive", "d11": "0.503", "d3": "tick=137912 goal=0 here=0", "x_": "d=508 exp=0.30 got=0.33 front"}
{"t": 1789615744.2, "x": -2.69, "y": 0.12, "h": 271, "ev": "scan", "d11": "0.506", "d3": "tick=137936 goal=0 here=0", "sc": [0.34, 0.34, 0.34, 0.21, 0.26, 0.27, 0.35, 0.59, 2.66, 0.59, 0.29, 0.24, 0.26, 0.24, 0.4, 0.29]}
{"t": 1789615750.6, "x": -2.69, "y": 0.12, "h": 90, "ev": "turnB", "d11": "0.493", "d3": "tick=138584 goal=0 here=0", "x_": "opts=[(-2.8, 'B')]"}
{"t": 1789615754.5, "x": -2.7, "y": 0.72, "h": 95, "ev": "drive", "d11": "0.551", "d3": "tick=138974 goal=0 here=0", "x_": "d=1045 exp=0.61 got=0.51 dist"}
{"t": 1789615754.8, "x": -2.7, "y": 0.72, "h": 93, "ev": "scan", "d11": "0.556", "d3": "tick=138997 goal=0 here=0", "sc": [2.13, 0.67, 0.41, 0.25, 0.27, 0.3, 0.31, 0.66, 0.89, 0.59, 0.34, 0.27, 0.21, 0.22, 0.31, 0.64]}
{"t": 1789615754.9, "x": -2.7, "y": 0.72, "h": 91, "ev": "turnF", "d11": "0.557", "d3": "tick=139007 goal=0 here=0", "x_": "opts=[(-0.1, 'F'), (-0.2, 'B')]"}
{"t": 1789615758.6, "x": -2.73, "y": 1.33, "h": 87, "ev": "drive", "d11": "0.572", "d3": "tick=139387 goal=0 here=0", "x_": "d=1029 exp=0.61 got=0.55 dist"}
{"t": 1789615758.9, "x": -2.73, "y": 1.33, "h": 89, "ev": "scan", "d11": "0.575", "d3": "tick=139411 goal=0 here=0", "sc": [1.58, 0.54, 0.32, 0.29, 0.28, 0.22, 0.38, 0.68, 1.41, 0.68, 0.37, 0.22, 0.26, 0.26, 0.32, 0.73]}
{"t": 1789615759.0, "x": -2.73, "y": 1.33, "h": 90, "ev": "turnF", "d11": "0.569", "d3": "tick=139421 goal=0 here=0", "x_": "opts=[(-0.2, 'F'), (-3.1, 'B')]"}
{"t": 1789615762.8, "x": -2.67, "y": 1.94, "h": 84, "ev": "drive", "d11": "0.551", "d3": "tick=139807 goal=0 here=0", "x_": "d=1047 exp=0.62 got=0.48 dist"}
{"t": 1789615764.2, "x": -2.67, "y": 1.94, "h": 88, "ev": "scan", "d11": "0.560", "d3": "tick=139945 goal=0 here=0", "sc": [1.05, 0.51, 0.27, 0.21, 0.2, 0.29, 0.34, 0.63, 1.92, 0.62, 0.33, 0.3, 0.26, 0.28, 0.33, 1.15]}
{"t": 1789615770.8, "x": -2.67, "y": 1.94, "h": 267, "ev": "turnB", "d11": "0.567", "d3": "tick=140600 goal=0 here=0", "x_": "opts=[(0.1, 'B'), (-0.4, 'F')]"}
{"t": 1789615774.6, "x": -2.69, "y": 1.34, "h": 266, "ev": "drive", "d11": "0.583", "d3": "tick=140981 goal=0 here=0", "x_": "d=1034 exp=0.61 got=0.54 dist"}
{"t": 1789615774.8, "x": -2.69, "y": 1.34, "h": 268, "ev": "scan", "d11": "0.603", "d3": "tick=141005 goal=0 here=0", "sc": [1.37, 0.77, 0.38, 0.23, 0.26, 0.26, 0.29, 0.61, 1.59, 0.55, 0.33, 0.3, 0.28, 0.24, 0.38, 0.59]}
{"t": 1789615774.9, "x": -2.69, "y": 1.34, "h": 267, "ev": "turnF", "d11": "0.603", "d3": "tick=141015 goal=0 here=0", "x_": "opts=[(-0.3, 'F'), (-3.0, 'B')]"}
{"t": 1789615778.8, "x": -2.66, "y": 0.73, "h": 272, "ev": "drive", "d11": "0.594", "d3": "tick=141399 goal=0 here=0", "x_": "d=1035 exp=0.61 got=0.49 dist"}
{"t": 1789615779.0, "x": -2.66, "y": 0.73, "h": 269, "ev": "scan", "d11": "0.600", "d3": "tick=141422 goal=0 here=0", "sc": [0.89, 0.61, 0.36, 0.31, 0.23, 0.25, 0.41, 0.67, 2.13, 0.46, 0.3, 0.24, 0.23, 0.27, 0.31, 0.63]}
{"t": 1789615779.1, "x": -2.66, "y": 0.73, "h": 266, "ev": "turnF", "d11": "0.600", "d3": "tick=141432 goal=0 here=0", "x_": "opts=[(-0.4, 'F'), (-2.9, 'B')]"}
{"t": 1789615782.9, "x": -2.63, "y": 0.13, "h": 272, "ev": "drive", "d11": "0.581", "d3": "tick=141814 goal=0 here=0", "x_": "d=1029 exp=0.61 got=0.61 dist"}
{"t": 1789615783.2, "x": -2.63, "y": 0.13, "h": 269, "ev": "scan", "d11": "0.592", "d3": "tick=141837 goal=0 here=0", "sc": [0.37, 0.35, 0.34, 0.21, 0.25, 0.26, 0.33, 0.55, 2.62, 0.63, 0.29, 0.25, 0.28, 0.26, 0.39, 0.29]}
{"t": 1789615789.5, "x": -2.63, "y": 0.13, "h": 94, "ev": "turnB", "d11": "0.581", "d3": "tick=142473 goal=0 here=0", "x_": "opts=[(-3.8, 'B')]"}
{"t": 1789615793.4, "x": -2.68, "y": 0.75, "h": 93, "ev": "drive", "d11": "0.595", "d3": "tick=142860 goal=0 here=0", "x_": "d=1042 exp=0.61 got=0.53 dist"}
{"t": 1789615793.6, "x": -2.68, "y": 0.75, "h": 88, "ev": "scan", "d11": "0.592", "d3": "tick=142884 goal=0 here=0", "sc": [2.12, 0.67, 0.4, 0.26, 0.26, 0.3, 0.32, 0.66, 0.9, 0.6, 0.34, 0.26, 0.22, 0.21, 0.38, 0.64]}
{"t": 1789615793.7, "x": -2.68, "y": 0.75, "h": 95, "ev": "turnF", "d11": "0.595", "d3": "tick=142896 goal=0 here=0", "x_": "opts=[(-0.1, 'F'), (-4.2, 'B')]"}
{"t": 1789615797.6, "x": -2.67, "y": 1.37, "h": 89, "ev": "drive", "d11": "0.606", "d3": "tick=143284 goal=0 here=0", "x_": "d=1052 exp=0.62 got=0.56 dist"}
{"t": 1789615797.9, "x": -2.67, "y": 1.37, "h": 88, "ev": "scan", "d11": "0.593", "d3": "tick=143307 goal=0 here=0", "sc": [1.55, 0.53, 0.32, 0.29, 0.29, 0.23, 0.4, 0.68, 1.42, 0.6, 0.38, 0.23, 0.25, 0.25, 0.31, 0.63]}
{"t": 1789615798.0, "x": -2.67, "y": 1.37, "h": 91, "ev": "turnF", "d11": "0.588", "d3": "tick=143320 goal=0 here=0", "x_": "opts=[(-0.2, 'F'), (-5.1, 'B')]"}
{"t": 1789615801.8, "x": -2.65, "y": 1.98, "h": 86, "ev": "drive", "d11": "0.544", "d3": "tick=143707 goal=0 here=0", "x_": "d=1044 exp=0.61 got=0.51 dist"}
{"t": 1789615802.1, "x": -2.65, "y": 1.98, "h": 85, "ev": "scan", "d11": "0.552", "d3": "tick=143728 goal=0 here=0", "sc": [1.05, 0.61, 0.25, 0.23, 0.2, 0.28, 0.33, 0.63, 1.88, 0.65, 0.35, 0.3, 0.25, 0.25, 0.33, 1.22]}
{"t": 1789615802.2, "x": -2.65, "y": 1.98, "h": 91, "ev": "turnF", "d11": "0.564", "d3": "tick=143741 goal=0 here=0", "x_": "opts=[(-0.4, 'F'), (-3.9, 'B')]"}
{"t": 1789615822.4, "x": -2.73, "y": 1.33, "h": 83, "ev": "start", "d11": "0.837", "d3": "tick=145758 goal=0 here=0"}
{"t": 1789615822.7, "x": -2.73, "y": 1.33, "h": 89, "ev": "scan", "d11": "0.821", "d3": "tick=145785 goal=0 here=0", "sc": [1.04, 0.61, 0.26, 0.22, 0.2, 0.25, 0.34, 0.63, 1.88, 0.65, 0.35, 0.32, 0.25, 0.28, 0.33, 1.22]}
{"t": 1789615822.8, "x": -2.73, "y": 1.33, "h": 90, "ev": "turnF", "d11": "0.830", "d3": "tick=145797 goal=0 here=0", "x_": "opts=[(2.6, 'F'), (1.1, 'B')]"}
{"t": 1789615826.6, "x": -2.72, "y": 1.94, "h": 84, "ev": "drive", "d11": "0.778", "d3": "tick=146178 goal=0 here=0", "x_": "d=1031 exp=0.61 got=0.53 dist"}
{"t": 1789615826.8, "x": -2.72, "y": 1.94, "h": 90, "ev": "scan", "d11": "0.784", "d3": "tick=146202 goal=0 here=0", "sc": [0.52, 0.57, 0.4, 0.24, 0.23, 0.25, 0.33, 0.54, 2.42, 0.72, 0.31, 0.32, 0.24, 0.84, 0.81, 0.63]}
{"t": 1789615833.2, "x": -2.72, "y": 1.94, "h": 274, "ev": "turnB", "d11": "0.856", "d3": "tick=146840 goal=0 here=0", "x_": "opts=[(-1.8, 'B')]"}
{"t": 1789615837.0, "x": -2.78, "y": 1.31, "h": 269, "ev": "drive", "d11": "0.933", "d3": "tick=147224 goal=0 here=0", "x_": "d=1050 exp=0.62 got=0.55 dist"}
{"t": 1789615837.3, "x": -2.78, "y": 1.31, "h": 268, "ev": "scan", "d11": "0.915", "d3": "tick=147248 goal=0 here=0", "sc": [1.93, 0.61, 0.32, 0.28, 0.23, 0.23, 0.3, 1.19, 1.04, 0.64, 0.3, 0.25, 0.22, 0.32, 0.36, 0.65]}
{"t": 1789615837.4, "x": -2.78, "y": 1.31, "h": 266, "ev": "turnF", "d11": "0.921", "d3": "tick=147258 goal=0 here=0", "x_": "opts=[(2.9, 'F'), (-2.2, 'B')]"}
{"t": 1789615841.3, "x": -2.83, "y": 0.7, "h": 269, "ev": "drive", "d11": "0.941", "d3": "tick=147652 goal=0 here=0", "x_": "d=1051 exp=0.62 got=0.60 dist"}
{"t": 1789615841.6, "x": -2.83, "y": 0.7, "h": 267, "ev": "scan", "d11": "0.928", "d3": "tick=147676 goal=0 here=0", "sc": [1.34, 0.79, 0.37, 0.21, 0.26, 0.24, 0.29, 0.58, 1.64, 0.6, 0.33, 0.3, 0.3, 0.23, 0.38, 0.52]}
{"t": 1789615841.6, "x": -2.83, "y": 0.7, "h": 264, "ev": "turnF", "d11": "0.929", "d3": "tick=147686 goal=0 here=0", "x_": "opts=[(2.7, 'F'), (-3.0, 'B')]"}
{"t": 1789615845.5, "x": -2.84, "y": 0.08, "h": 269, "ev": "drive", "d11": "0.917", "d3": "tick=148071 goal=0 here=0", "x_": "d=1042 exp=0.61 got=0.48 dist"}
{"t": 1789615845.8, "x": -2.84, "y": 0.08, "h": 273, "ev": "scan", "d11": "0.926", "d3": "tick=148105 goal=0 here=0", "sc": [0.88, 0.62, 0.36, 0.29, 0.23, 0.23, 0.4, 0.66, 2.1, 0.66, 0.4, 0.24, 0.24, 0.26, 0.27, 0.63]}
{"t": 1789615845.9, "x": -2.84, "y": 0.08, "h": 269, "ev": "turnF", "d11": "0.924", "d3": "tick=148117 goal=0 here=0", "x_": "opts=[(5.6, 'F'), (-1.9, 'B')]"}
{"t": 1789615849.8, "x": -2.82, "y": -0.52, "h": 270, "ev": "drive", "d11": "0.929", "d3": "tick=148498 goal=0 here=0", "x_": "d=1032 exp=0.61 got=0.60 dist"}
{"t": 1789615850.0, "x": -2.82, "y": -0.52, "h": 270, "ev": "scan", "d11": "0.938", "d3": "tick=148522 goal=0 here=0", "sc": [0.37, 0.34, 0.34, 0.22, 0.26, 0.25, 0.33, 0.57, 2.61, 0.61, 0.3, 0.24, 0.28, 0.25, 0.39, 0.3]}
{"t": 1789615856.3, "x": -2.82, "y": -0.52, "h": 89, "ev": "turnB", "d11": "0.917", "d3": "tick=149156 goal=0 here=0", "x_": "opts=[(-1.8, 'B')]"}
{"t": 1789615860.2, "x": -2.86, "y": 0.1, "h": 91, "ev": "drive", "d11": "0.940", "d3": "tick=149544 goal=0 here=0", "x_": "d=1048 exp=0.62 got=0.52 dist"}
{"t": 1789615860.5, "x": -2.86, "y": 0.1, "h": 92, "ev": "scan", "d11": "0.923", "d3": "tick=149565 goal=0 here=0", "sc": [2.12, 0.67, 0.4, 0.24, 0.25, 0.3, 0.32, 0.66, 0.91, 0.6, 0.34, 0.26, 0.22, 0.22, 0.39, 0.65]}
{"t": 1789615866.7, "x": -2.86, "y": 0.1, "h": 266, "ev": "turnB", "d11": "0.818", "d3": "tick=150197 goal=0 here=0", "x_": "opts=[(0.8, 'B'), (-0.1, 'F')]"}
{"t": 1789615870.6, "x": -2.88, "y": -0.51, "h": 273, "ev": "drive", "d11": "0.697", "d3": "tick=150582 goal=0 here=0", "x_": "d=1047 exp=0.62 got=0.61 dist"}
{"t": 1789615870.9, "x": -2.88, "y": -0.51, "h": 268, "ev": "scan", "d11": "0.715", "d3": "tick=150606 goal=0 here=0", "sc": [0.37, 0.34, 0.35, 0.22, 0.27, 0.27, 0.33, 0.56, 2.61, 0.62, 0.29, 0.24, 0.27, 0.24, 0.39, 0.28]}
{"t": 1789615877.1, "x": -2.88, "y": -0.51, "h": 84, "ev": "turnB", "d11": "0.698", "d3": "tick=151232 goal=0 here=0", "x_": "opts=[(-2.8, 'B')]"}
{"t": 1789615881.0, "x": -2.92, "y": 0.1, "h": 93, "ev": "drive", "d11": "0.783", "d3": "tick=151617 goal=0 here=0", "x_": "d=1047 exp=0.62 got=0.55 dist"}
{"t": 1789615881.2, "x": -2.92, "y": 0.1, "h": 95, "ev": "scan", "d11": "0.791", "d3": "tick=151642 goal=0 here=0", "sc": [2.11, 0.67, 0.41, 0.25, 0.26, 0.3, 0.33, 0.67, 0.9, 0.58, 0.33, 0.25, 0.2, 0.21, 0.38, 0.64]}
{"t": 1789615881.3, "x": -2.92, "y": 0.1, "h": 90, "ev": "turnF", "d11": "0.795", "d3": "tick=151652 goal=0 here=0", "x_": "opts=[(-0.1, 'F'), (-0.2, 'B')]"}
{"t": 1789615885.2, "x": -2.91, "y": 0.71, "h": 90, "ev": "drive", "d11": "0.786", "d3": "tick=152043 goal=0 here=0", "x_": "d=1048 exp=0.62 got=0.60 dist"}
{"t": 1789615885.5, "x": -2.91, "y": 0.71, "h": 91, "ev": "scan", "d11": "0.802", "d3": "tick=152066 goal=0 here=0", "sc": [1.56, 0.54, 0.31, 0.28, 0.28, 0.23, 0.4, 0.67, 1.4, 0.73, 0.37, 0.25, 0.25, 0.25, 0.31, 0.64]}
{"t": 1789615885.5, "x": -2.91, "y": 0.71, "h": 89, "ev": "turnF", "d11": "0.792", "d3": "tick=152076 goal=0 here=0", "x_": "opts=[(-1.2, 'F'), (-4.1, 'B')]"}
{"t": 1789615889.3, "x": -2.89, "y": 1.32, "h": 85, "ev": "drive", "d11": "0.686", "d3": "tick=152457 goal=0 here=0", "x_": "d=1032 exp=0.61 got=0.44 dist"}
{"t": 1789615889.6, "x": -2.89, "y": 1.32, "h": 86, "ev": "scan", "d11": "0.688", "d3": "tick=152484 goal=0 here=0", "sc": [1.1, 0.64, 0.26, 0.22, 0.2, 0.25, 0.33, 0.61, 1.88, 0.64, 0.34, 0.31, 0.27, 0.26, 0.33, 0.58]}
{"t": 1789615889.7, "x": -2.89, "y": 1.32, "h": 82, "ev": "turnF", "d11": "0.682", "d3": "tick=152494 goal=0 here=0", "x_": "opts=[(-0.4, 'F'), (-2.9, 'B')]"}
{"t": 1789615893.6, "x": -2.84, "y": 1.92, "h": 89, "ev": "drive", "d11": "0.595", "d3": "tick=152878 goal=0 here=0", "x_": "d=1030 exp=0.61 got=0.57 dist"}
{"t": 1789615893.8, "x": -2.84, "y": 1.92, "h": 87, "ev": "scan", "d11": "0.601", "d3": "tick=152902 goal=0 here=0", "sc": [0.54, 0.56, 0.4, 0.24, 0.22, 0.25, 0.33, 0.54, 2.4, 0.7, 0.3, 0.34, 0.23, 0.82, 0.81, 0.64]}
{"t": 1789615900.1, "x": -2.84, "y": 1.92, "h": 263, "ev": "turnB", "d11": "0.600", "d3": "tick=153534 goal=0 here=0", "x_": "opts=[(-3.8, 'B')]"}
{"t": 1789615904.0, "x": -2.87, "y": 1.31, "h": 267, "ev": "drive", "d11": "0.715", "d3": "tick=153922 goal=0 here=0", "x_": "d=1057 exp=0.62 got=0.30 dist"}
{"t": 1789615904.3, "x": -2.87, "y": 1.31, "h": 268, "ev": "scan", "d11": "0.708", "d3": "tick=153946 goal=0 here=0", "sc": [1.88, 0.61, 0.3, 0.28, 0.25, 0.23, 0.29, 0.57, 1.08, 0.65, 0.29, 0.25, 0.23, 0.32, 0.35, 0.65]}
{"t": 1789615904.3, "x": -2.87, "y": 1.31, "h": 267, "ev": "turnF", "d11": "0.722", "d3": "tick=153957 goal=0 here=0", "x_": "opts=[(-1.1, 'F'), (-3.2, 'B')]"}
{"t": 1789615908.1, "x": -2.9, "y": 0.71, "h": 268, "ev": "drive", "d11": "0.798", "d3": "tick=154337 goal=0 here=0", "x_": "d=1027 exp=0.60 got=0.53 dist"}
{"t": 1789615909.2, "x": -2.9, "y": 0.71, "h": 269, "ev": "scan", "d11": "0.805", "d3": "tick=154436 goal=0 here=0", "sc": [1.37, 0.76, 0.37, 0.21, 0.26, 0.25, 0.29, 0.61, 1.6, 0.56, 0.34, 0.29, 0.3, 0.24, 0.38, 0.64]}
{"t": 1789615909.2, "x": -2.9, "y": 0.71, "h": 270, "ev": "turnF", "d11": "0.797", "d3": "tick=154446 goal=0 here=0", "x_": "opts=[(-2.3, 'F'), (-5.0, 'B')]"}
{"t": 1789615913.1, "x": -2.89, "y": 0.09, "h": 270, "ev": "drive", "d11": "0.783", "d3": "tick=154833 goal=0 here=0", "x_": "d=1044 exp=0.61 got=0.49 dist"}
{"t": 1789615913.4, "x": -2.89, "y": 0.09, "h": 268, "ev": "scan", "d11": "0.786", "d3": "tick=154858 goal=0 here=0", "sc": [0.87, 0.62, 0.37, 0.3, 0.23, 0.24, 0.39, 0.64, 2.1, 0.69, 0.39, 0.24, 0.23, 0.28, 0.27, 0.62]}
{"t": 1789615913.5, "x": -2.89, "y": 0.09, "h": 270, "ev": "turnF", "d11": "0.770", "d3": "tick=154870 goal=0 here=0", "x_": "opts=[(1.6, 'F'), (-3.9, 'B')]"}
{"t": 1789615917.3, "x": -2.87, "y": -0.52, "h": 270, "ev": "drive", "d11": "0.686", "d3": "tick=155256 goal=0 here=0", "x_": "d=1038 exp=0.61 got=0.58 dist"}
{"t": 1789615917.6, "x": -2.87, "y": -0.52, "h": 271, "ev": "scan", "d11": "0.689", "d3": "tick=155283 goal=0 here=0", "sc": [0.35, 0.35, 0.34, 0.22, 0.27, 0.26, 0.35, 0.57, 2.63, 0.62, 0.3, 0.25, 0.27, 0.24, 0.38, 0.3]}
{"t": 1789615924.1, "x": -2.87, "y": -0.52, "h": 91, "ev": "turnB", "d11": "0.686", "d3": "tick=155934 goal=0 here=0", "x_": "opts=[(-4.8, 'B')]"}
{"t": 1789615928.0, "x": -2.88, "y": 0.11, "h": 93, "ev": "drive", "d11": "0.808", "d3": "tick=156320 goal=0 here=0", "x_": "d=1041 exp=0.61 got=0.54 dist"}
{"t": 1789615928.2, "x": -2.88, "y": 0.11, "h": 95, "ev": "scan", "d11": "0.801", "d3": "tick=156342 goal=0 here=0", "sc": [2.13, 0.68, 0.41, 0.26, 0.26, 0.29, 0.33, 0.68, 0.9, 0.59, 0.33, 0.25, 0.21, 0.23, 0.39, 0.64]}
{"t": 1789615928.3, "x": -2.88, "y": 0.11, "h": 93, "ev": "turnF", "d11": "0.794", "d3": "tick=156352 goal=0 here=0", "x_": "opts=[(-2.1, 'F'), (-4.2, 'B')]"}
{"t": 1789615932.1, "x": -2.85, "y": 0.71, "h": 92, "ev": "drive", "d11": "0.828", "d3": "tick=156734 goal=0 here=0", "x_": "d=1027 exp=0.60 got=0.56 dist"}
{"t": 1789615932.4, "x": -2.85, "y": 0.71, "h": 88, "ev": "scan", "d11": "0.834", "d3": "tick=156758 goal=0 here=0", "sc": [1.57, 0.56, 0.33, 0.28, 0.29, 0.21, 0.37, 0.67, 1.38, 0.72, 0.37, 0.21, 0.27, 0.26, 0.3, 0.65]}
{"t": 1789615932.5, "x": -2.85, "y": 0.71, "h": 89, "ev": "turnF", "d11": "0.829", "d3": "tick=156771 goal=0 here=0", "x_": "opts=[(-3.2, 'F'), (-6.1, 'B')]"}
{"t": 1789615936.3, "x": -2.8, "y": 1.32, "h": 87, "ev": "drive", "d11": "0.740", "d3": "tick=157156 goal=0 here=0", "x_": "d=1046 exp=0.62 got=0.46 dist"}
{"t": 1789615937.2, "x": -2.8, "y": 1.32, "h": 84, "ev": "scan", "d11": "0.773", "d3": "tick=157240 goal=0 here=0", "sc": [1.11, 0.64, 0.27, 0.22, 0.19, 0.26, 0.31, 0.59, 1.85, 0.65, 0.35, 0.31, 0.27, 0.27, 0.33, 0.57]}
{"t": 1789615937.3, "x": -2.8, "y": 1.32, "h": 84, "ev": "turnF", "d11": "0.766", "d3": "tick=157250 goal=0 here=0", "x_": "opts=[(-1.4, 'F'), (-4.9, 'B')]"}
{"t": 1789615941.1, "x": -2.8, "y": 1.93, "h": 89, "ev": "drive", "d11": "0.648", "d3": "tick=157630 goal=0 here=0", "x_": "d=1032 exp=0.61 got=0.57 dist"}
{"t": 1789615941.3, "x": -2.8, "y": 1.93, "h": 88, "ev": "scan", "d11": "0.659", "d3": "tick=157653 goal=0 here=0", "sc": [0.55, 0.59, 0.4, 0.25, 0.22, 0.26, 0.32, 0.54, 2.41, 0.71, 0.3, 0.32, 0.23, 0.81, 0.82, 0.65]}
{"t": 1789615947.9, "x": -2.8, "y": 1.93, "h": 268, "ev": "turnB", "d11": "0.673", "d3": "tick=158310 goal=0 here=0", "x_": "opts=[(-5.8, 'B')]"}
{"t": 1789615951.7, "x": -2.79, "y": 1.31, "h": 268, "ev": "drive", "d11": "0.764", "d3": "tick=158692 goal=0 here=0", "x_": "d=1034 exp=0.61 got=0.49 dist"}
{"t": 1789615952.0, "x": -2.79, "y": 1.31, "h": 268, "ev": "scan", "d11": "0.776", "d3": "tick=158716 goal=0 here=0", "sc": [1.92, 0.6, 0.3, 0.28, 0.23, 0.24, 0.32, 1.21, 1.07, 0.63, 0.28, 0.24, 0.23, 0.31, 0.35, 0.64]}
{"t": 1789615952.0, "x": -2.79, "y": 1.31, "h": 265, "ev": "turnF", "d11": "0.784", "d3": "tick=158726 goal=0 here=0", "x_": "opts=[(-3.1, 'F'), (-4.2, 'B')]"}
{"t": 1789615955.9, "x": -2.83, "y": 0.7, "h": 270, "ev": "drive", "d11": "0.830", "d3": "tick=159108 goal=0 here=0", "x_": "d=1036 exp=0.61 got=0.58 dist"}
{"t": 1789615956.1, "x": -2.83, "y": 0.7, "h": 271, "ev": "scan", "d11": "0.827", "d3": "tick=159134 goal=0 here=0", "sc": [1.34, 0.79, 0.37, 0.21, 0.26, 0.25, 0.29, 0.59, 1.63, 0.58, 0.33, 0.29, 0.3, 0.23, 0.39, 0.55]}
{"t": 1789615956.2, "x": -2.83, "y": 0.7, "h": 264, "ev": "turnF", "d11": "0.834", "d3": "tick=159144 goal=0 here=0", "x_": "opts=[(-4.3, 'F'), (-7.0, 'B')]"}
{"t": 1789615960.1, "x": -2.84, "y": 0.09, "h": 272, "ev": "drive", "d11": "0.804", "d3": "tick=159530 goal=0 here=0", "x_": "d=1045 exp=0.61 got=0.50 dist"}
{"t": 1789615960.4, "x": -2.84, "y": 0.09, "h": 269, "ev": "scan", "d11": "0.801", "d3": "tick=159555 goal=0 here=0", "sc": [0.85, 0.61, 0.37, 0.31, 0.24, 0.25, 0.3, 0.62, 2.09, 0.71, 0.4, 0.24, 0.23, 0.26, 0.29, 0.61]}
{"t": 1789615960.4, "x": -2.84, "y": 0.09, "h": 265, "ev": "turnF", "d11": "0.811", "d3": "tick=159565 goal=0 here=0", "x_": "opts=[(0.6, 'F'), (-5.9, 'B')]"}
{"t": 1789615964.2, "x": -2.84, "y": -0.52, "h": 272, "ev": "drive", "d11": "0.704", "d3": "tick=159943 goal=0 here=0", "x_": "d=1026 exp=0.60 got=0.58 dist"}
{"t": 1789615964.5, "x": -2.84, "y": -0.52, "h": 269, "ev": "scan", "d11": "0.709", "d3": "tick=159967 goal=0 here=0", "sc": [0.36, 0.35, 0.35, 0.21, 0.26, 0.26, 0.33, 0.56, 2.61, 0.62, 0.3, 0.25, 0.27, 0.25, 0.38, 0.29]}
{"t": 1789615970.8, "x": -2.84, "y": -0.52, "h": 87, "ev": "turnB", "d11": "0.696", "d3": "tick=160605 goal=0 here=0", "x_": "opts=[(-6.8, 'B')]"}
{"t": 1789615974.7, "x": -2.84, "y": 0.08, "h": 93, "ev": "drive", "d11": "0.810", "d3": "tick=160988 goal=0 here=0", "x_": "d=1031 exp=0.61 got=0.53 dist"}
{"t": 1789615974.9, "x": -2.84, "y": 0.08, "h": 90, "ev": "scan", "d11": "0.787", "d3": "tick=161014 goal=0 here=0", "sc": [2.13, 0.67, 0.42, 0.27, 0.27, 0.3, 0.32, 0.66, 0.89, 0.58, 0.34, 0.24, 0.2, 0.21, 0.31, 0.63]}
{"t": 1789615981.4, "x": -2.84, "y": 0.08, "h": 274, "ev": "turnB", "d11": "0.815", "d3": "tick=161658 goal=0 here=0", "x_": "opts=[(-2.2, 'B'), (-4.1, 'F')]"}
{"t": 1789615985.2, "x": -2.83, "y": -0.54, "h": 268, "ev": "drive", "d11": "0.692", "d3": "tick=162043 goal=0 here=0", "x_": "d=1048 exp=0.62 got=0.59 dist"}
{"t": 1789615985.5, "x": -2.83, "y": -0.54, "h": 267, "ev": "scan", "d11": "0.713", "d3": "tick=162069 goal=0 here=0", "sc": [0.34, 0.34, 0.34, 0.22, 0.24, 0.25, 0.31, 0.54, 2.69, 0.67, 0.32, 0.25, 0.28, 0.26, 0.39, 0.31]}
{"t": 1789615991.8, "x": -2.83, "y": -0.54, "h": 90, "ev": "turnB", "d11": "0.699", "d3": "tick=162706 goal=0 here=0", "x_": "opts=[(-7.8, 'B')]"}
{"t": 1789615995.7, "x": -2.87, "y": 0.06, "h": 94, "ev": "drive", "d11": "0.808", "d3": "tick=163090 goal=0 here=0", "x_": "d=1049 exp=0.62 got=0.55 dist"}
{"t": 1789615996.0, "x": -2.87, "y": 0.06, "h": 95, "ev": "scan", "d11": "0.799", "d3": "tick=163115 goal=0 here=0", "sc": [2.14, 0.68, 0.4, 0.26, 0.27, 0.3, 0.33, 0.66, 0.89, 0.58, 0.33, 0.26, 0.2, 0.21, 0.31, 0.65]}
{"t": 1789616002.0, "x": -2.87, "y": 0.06, "h": 270, "ev": "turnB", "d11": "0.822", "d3": "tick=163724 goal=0 here=0", "x_": "opts=[(-3.2, 'B'), (-4.1, 'F')]"}
{"t": 1789616005.9, "x": -2.89, "y": -0.54, "h": 268, "ev": "drive", "d11": "0.781", "d3": "tick=164109 goal=0 here=0", "x_": "d=1038 exp=0.61 got=0.58 dist"}
{"t": 1789616006.3, "x": -2.89, "y": -0.54, "h": 269, "ev": "scan", "d11": "0.787", "d3": "tick=164150 goal=0 here=0", "sc": [0.36, 0.35, 0.34, 0.21, 0.25, 0.26, 0.31, 0.55, 2.66, 0.65, 0.31, 0.26, 0.27, 0.25, 0.39, 0.3]}
{"t": 1789616012.8, "x": -2.89, "y": -0.54, "h": 92, "ev": "turnB", "d11": "0.788", "d3": "tick=164807 goal=0 here=0", "x_": "opts=[(-8.8, 'B')]"}
{"t": 1789616016.7, "x": -2.91, "y": 0.09, "h": 90, "ev": "drive", "d11": "0.879", "d3": "tick=165191 goal=0 here=0", "x_": "d=1043 exp=0.61 got=0.52 dist"}
{"t": 1789616017.0, "x": -2.91, "y": 0.09, "h": 89, "ev": "scan", "d11": "0.866", "d3": "tick=165215 goal=0 here=0", "sc": [2.1, 0.69, 0.41, 0.26, 0.26, 0.29, 0.31, 0.65, 0.91, 0.59, 0.34, 0.26, 0.22, 0.21, 0.31, 0.64]}
{"t": 1789616017.0, "x": -2.91, "y": 0.09, "h": 92, "ev": "turnF", "d11": "0.880", "d3": "tick=165225 goal=0 here=0", "x_": "opts=[(-4.1, 'F'), (-4.2, 'B')]"}
{"t": 1789616020.8, "x": -2.9, "y": 0.69, "h": 86, "ev": "drive", "d11": "0.838", "d3": "tick=165606 goal=0 here=0", "x_": "d=1034 exp=0.61 got=0.54 dist"}
{"t": 1789616021.1, "x": -2.9, "y": 0.69, "h": 93, "ev": "scan", "d11": "0.825", "d3": "tick=165630 goal=0 here=0", "sc": [1.56, 0.54, 0.32, 0.3, 0.3, 0.22, 0.38, 0.67, 1.42, 0.72, 0.37, 0.22, 0.26, 0.25, 0.3, 0.72]}
{"t": 1789616021.2, "x": -2.9, "y": 0.69, "h": 88, "ev": "turnF", "d11": "0.823", "d3": "tick=165640 goal=0 here=0", "x_": "opts=[(-5.2, 'F'), (-10.1, 'B')]"}
{"t": 1789616025.0, "x": -2.84, "y": 1.31, "h": 85, "ev": "drive", "d11": "0.658", "d3": "tick=166025 goal=0 here=0", "x_": "d=1044 exp=0.61 got=0.46 dist"}
{"t": 1789616026.1, "x": -2.84, "y": 1.31, "h": 86, "ev": "scan", "d11": "0.622", "d3": "tick=166127 goal=0 here=0", "sc": [1.07, 0.62, 0.26, 0.22, 0.2, 0.28, 0.33, 0.62, 1.86, 0.65, 0.35, 0.3, 0.26, 0.27, 0.33, 1.25]}
{"t": 1789616026.1, "x": -2.84, "y": 1.31, "h": 85, "ev": "turnF", "d11": "0.620", "d3": "tick=166137 goal=0 here=0", "x_": "opts=[(-2.4, 'F'), (-6.9, 'B')]"}
{"t": 1789616030.0, "x": -2.8, "y": 1.91, "h": 86, "ev": "drive", "d11": "0.544", "d3": "tick=166520 goal=0 here=0", "x_": "d=1028 exp=0.60 got=0.50 dist"}
{"t": 1789616030.2, "x": -2.8, "y": 1.91, "h": 81, "ev": "scan", "d11": "0.539", "d3": "tick=166543 goal=0 here=0", "sc": [0.58, 0.59, 0.43, 0.25, 0.22, 0.25, 0.32, 0.5, 2.4, 0.77, 0.3, 0.32, 0.24, 0.78, 0.82, 0.65]}
{"t": 1789616036.9, "x": -2.8, "y": 1.91, "h": 266, "ev": "turnB", "d11": "0.530", "d3": "tick=167210 goal=0 here=0", "x_": "opts=[(-7.8, 'B')]"}
{"t": 1789616040.7, "x": -2.76, "y": 1.31, "h": 271, "ev": "drive", "d11": "0.611", "d3": "tick=167590 goal=0 here=0", "x_": "d=1034 exp=0.61 got=0.45 dist"}
{"t": 1789616041.0, "x": -2.76, "y": 1.31, "h": 274, "ev": "scan", "d11": "0.617", "d3": "tick=167624 goal=0 here=0", "sc": [1.93, 0.59, 0.31, 0.28, 0.23, 0.25, 0.31, 1.16, 1.05, 0.56, 0.29, 0.25, 0.22, 0.33, 0.36, 0.65]}
{"t": 1789616041.1, "x": -2.76, "y": 1.31, "h": 275, "ev": "turnF", "d11": "0.618", "d3": "tick=167634 goal=0 here=0", "x_": "opts=[(-5.1, 'F'), (-5.2, 'B')]"}
{"t": 1789616044.9, "x": -2.81, "y": 0.71, "h": 264, "ev": "drive", "d11": "0.607", "d3": "tick=168019 goal=0 here=0", "x_": "d=1029 exp=0.61 got=0.61 dist"}
{"t": 1789616046.0, "x": -2.81, "y": 0.71, "h": 268, "ev": "scan", "d11": "0.603", "d3": "tick=168116 goal=0 here=0", "sc": [1.34, 0.78, 0.36, 0.21, 0.26, 0.25, 0.3, 0.6, 1.62, 0.57, 0.32, 0.3, 0.31, 0.24, 0.4, 0.56]}
{"t": 1789616046.0, "x": -2.81, "y": 0.71, "h": 270, "ev": "turnF", "d11": "0.598", "d3": "tick=168126 goal=0 here=0", "x_": "opts=[(-8.3, 'F'), (-9.0, 'B')]"}
{"t": 1789616049.9, "x": -2.81, "y": 0.09, "h": 274, "ev": "drive", "d11": "0.598", "d3": "tick=168513 goal=0 here=0", "x_": "d=1045 exp=0.61 got=0.45 dist"}
{"t": 1789616050.2, "x": -2.81, "y": 0.09, "h": 270, "ev": "scan", "d11": "0.593", "d3": "tick=168537 goal=0 here=0", "sc": [0.89, 0.61, 0.35, 0.28, 0.23, 0.23, 0.39, 0.65, 2.12, 0.65, 0.38, 0.24, 0.24, 0.27, 0.29, 0.64]}
{"t": 1789616050.2, "x": -2.81, "y": 0.09, "h": 272, "ev": "turnF", "d11": "0.596", "d3": "tick=168547 goal=0 here=0", "x_": "opts=[(-2.4, 'F'), (-7.9, 'B')]"}
{"t": 1789616054.1, "x": -2.83, "y": -0.52, "h": 271, "ev": "drive", "d11": "0.540", "d3": "tick=168933 goal=0 here=0", "x_": "d=1047 exp=0.62 got=0.61 dist"}
{"t": 1789616054.4, "x": -2.83, "y": -0.52, "h": 269, "ev": "scan", "d11": "0.546", "d3": "tick=168959 goal=0 here=0", "sc": [0.35, 0.34, 0.34, 0.22, 0.26, 0.26, 0.33, 0.57, 2.62, 0.61, 0.29, 0.24, 0.26, 0.26, 0.39, 0.3]}
{"t": 1789616060.7, "x": -2.83, "y": -0.52, "h": 93, "ev": "turnB", "d11": "0.549", "d3": "tick=169593 goal=0 here=0", "x_": "opts=[(-10.8, 'B')]"}
{"t": 1789616064.5, "x": -2.84, "y": 0.09, "h": 92, "ev": "drive", "d11": "0.616", "d3": "tick=169973 goal=0 here=0", "x_": "d=1030 exp=0.61 got=0.51 dist"}
{"t": 1789616064.8, "x": -2.84, "y": 0.09, "h": 91, "ev": "scan", "d11": "0.614", "d3": "tick=169997 goal=0 here=0", "sc": [2.14, 0.67, 0.34, 0.26, 0.26, 0.3, 0.31, 0.66, 0.88, 0.59, 0.34, 0.27, 0.21, 0.23, 0.32, 0.64]}
{"t": 1789616071.1, "x": -2.84, "y": 0.09, "h": 271, "ev": "turnB", "d11": "0.565", "d3": "tick=170636 goal=0 here=0", "x_": "opts=[(-5.2, 'B'), (-6.1, 'F')]"}
{"t": 1789616075.0, "x": -2.86, "y": -0.51, "h": 273, "ev": "drive", "d11": "0.493", "d3": "tick=171023 goal=0 here=0", "x_": "d=1043 exp=0.61 got=0.60 dist"}
{"t": 1789616075.3, "x": -2.86, "y": -0.51, "h": 270, "ev": "scan", "d11": "0.526", "d3": "tick=171047 goal=0 here=0", "sc": [0.34, 0.32, 0.34, 0.23, 0.24, 0.24, 0.33, 0.56, 2.65, 0.65, 0.29, 0.25, 0.28, 0.24, 0.39, 0.29]}
{"t": 1789616518.0, "x": -2.8, "y": 2.85, "h": 93, "ev": "start", "d11": "0.604", "d3": "tick=215323 goal=0 here=0"}
{"t": 1789616518.3, "x": -2.8, "y": 2.85, "h": 90, "ev": "scan", "d11": "0.593", "d3": "tick=215349 goal=0 here=0", "sc": [0.28, 0.35, 0.3, 0.27, 0.22, 0.21, 0.29, 0.52, 2.67, 0.68, 0.38, 1.32, 0.78, 0.75, 0.48, 0.38]}
{"t": 1789616522.2, "x": -2.8, "y": 2.85, "h": 1, "ev": "turnR", "d11": "0.622", "d3": "tick=215744 goal=0 here=0", "x_": "opts=[(2.2, 'R'), (1.2, 'B')]"}
{"t": 1789616525.9, "x": -2.25, "y": 2.65, "h": 340, "ev": "drive", "d11": "0.793", "d3": "tick=216112 goal=0 here=0", "x_": "d=995 exp=0.59 got=0.52 front"}
{"t": 1789616528.0, "x": -2.25, "y": 2.65, "h": 356, "ev": "scan", "d11": "0.800", "d3": "tick=216318 goal=0 here=0", "sc": [0.3, 0.37, 0.43, 0.37, 0.37, 0.4, 0.55, 0.78, 0.7, 0.76, 0.34, 0.59, 0.7, 1.23, 1.85, 0.33]}
{"t": 1789616532.2, "x": -2.25, "y": 2.65, "h": 269, "ev": "turnR", "d11": "0.794", "d3": "tick=216744 goal=0 here=0", "x_": "opts=[(2.2, 'R'), (0.7, 'B')]"}
{"t": 1789616534.9, "x": -2.23, "y": 2.24, "h": 274, "ev": "drive", "d11": "0.829", "d3": "tick=217014 goal=0 here=0", "x_": "d=690 exp=0.41 got=0.42 front"}
{"t": 1789616535.2, "x": -2.23, "y": 2.24, "h": 274, "ev": "scan", "d11": "0.832", "d3": "tick=217038 goal=0 here=0", "sc": [0.37, 0.34, 1.66, 0.79, 0.82, 0.44, 0.47, 0.7, 0.69, 0.82, 0.27, 0.19, 0.18, 0.29, 0.34, 0.27]}
{"t": 1789616539.1, "x": -2.23, "y": 2.24, "h": 4, "ev": "turnL", "d11": "0.781", "d3": "tick=217429 goal=0 here=0", "x_": "opts=[(2.2, 'L'), (0.7, 'B')]"}
{"t": 1789616540.5, "x": -2.06, "y": 2.27, "h": 16, "ev": "drive", "d11": "0.801", "d3": "tick=217573 goal=0 here=0", "x_": "d=302 exp=0.18 got=0.54 front"}
{"t": 1789616542.6, "x": -2.06, "y": 2.27, "h": 360, "ev": "scan", "d11": "0.820", "d3": "tick=217781 goal=0 here=0", "sc": [0.66, 0.34, 0.25, 0.56, 0.7, 0.76, 0.98, 0.39, 0.31, 0.43, 0.45, 0.4, 0.32, 0.88, 1.54, 0.64]}
{"t": 1789616542.7, "x": -2.06, "y": 2.27, "h": 1, "ev": "turnF", "d11": "0.801", "d3": "tick=217796 goal=0 here=0", "x_": "opts=[(2.5, 'F'), (2.2, 'L')]"}
{"t": 1789616543.5, "x": -2.01, "y": 2.28, "h": 11, "ev": "drive", "d11": "0.810", "d3": "tick=217872 goal=0 here=0", "x_": "d=87 exp=0.05 got=0.39 front"}
{"t": 1789616545.0, "x": -2.01, "y": 2.28, "h": 3, "ev": "scan", "d11": "0.821", "d3": "tick=218022 goal=0 here=0", "sc": [0.63, 0.49, 0.25, 0.33, 0.64, 0.73, 0.91, 0.42, 0.36, 0.46, 0.43, 0.43, 0.34, 0.9, 1.5, 0.59]}
{"t": 1789616545.1, "x": -2.01, "y": 2.28, "h": 2, "ev": "turnF", "d11": "0.821", "d3": "tick=218032 goal=0 here=0", "x_": "opts=[(2.5, 'F'), (2.2, 'L')]"}
{"t": 1789616545.8, "x": -1.96, "y": 2.29, "h": 7, "ev": "drive", "d11": "0.825", "d3": "tick=218105 goal=0 here=0", "x_": "d=78 exp=0.05 got=0.38 front"}
{"t": 1789616547.3, "x": -1.96, "y": 2.29, "h": 5, "ev": "scan", "d11": "0.778", "d3": "tick=218251 goal=0 here=0", "sc": [0.59, 0.47, 0.23, 0.3, 0.63, 0.71, 0.92, 0.45, 0.39, 0.5, 0.42, 0.41, 0.38, 0.95, 1.47, 0.53]}
{"t": 1789616551.2, "x": -1.96, "y": 2.29, "h": 88, "ev": "turnL", "d11": "0.777", "d3": "tick=218644 goal=0 here=0", "x_": "opts=[(2.2, 'L')]"}
{"t": 1789616551.7, "x": -1.96, "y": 2.29, "h": 90, "ev": "drive", "d11": "0.783", "d3": "tick=218694 goal=0 here=0", "x_": "d=0 exp=0.00 got=0.00 front"}
{"t": 1789616552.0, "x": -1.96, "y": 2.29, "h": 88, "ev": "scan", "d11": "0.794", "d3": "tick=218717 goal=0 here=0", "sc": [0.63, 0.7, 0.92, 0.47, 0.39, 0.51, 0.42, 0.44, 0.36, 0.88, 1.5, 0.56, 0.59, 0.49, 0.22, 0.28], "rx": "Hello from robot at approx (-3.5,5.1). I am mapping. Where are you? Reply please."}
{"t": 1789616558.4, "x": -1.96, "y": 2.29, "h": 267, "ev": "turnB", "d11": "0.827", "d3": "tick=219360 goal=0 here=0", "x_": "opts=[(0, 'B')]"}
{"t": 1789616559.4, "x": -1.96, "y": 2.2, "h": 278, "ev": "drive", "d11": "0.784", "d3": "tick=219459 goal=0 here=0", "x_": "d=158 exp=0.09 got=0.12 front"}
{"t": 1789616560.4, "x": -1.96, "y": 2.2, "h": 274, "ev": "scan", "d11": "0.787", "d3": "tick=219561 goal=0 here=0", "sc": [0.29, 0.83, 1.42, 0.56, 0.55, 0.54, 0.3, 0.27, 0.71, 0.83, 1.11, 0.49, 0.48, 0.51, 0.37, 0.28]}
{"t": 1789616566.7, "x": -1.96, "y": 2.2, "h": 98, "ev": "turnB", "d11": "0.800", "d3": "tick=220196 goal=0 here=0", "x_": "opts=[(0.7, 'B')]"}
{"t": 1789616567.6, "x": -1.95, "y": 2.27, "h": 91, "ev": "drive", "d11": "0.790", "d3": "tick=220278 goal=0 here=0", "x_": "d=105 exp=0.06 got=0.52 front"}
{"t": 1789616567.8, "x": -1.95, "y": 2.27, "h": 90, "ev": "scan", "d11": "0.785", "d3": "tick=220306 goal=0 here=0", "sc": [0.67, 0.73, 0.94, 0.46, 0.39, 0.49, 0.4, 0.41, 0.33, 0.84, 1.49, 0.57, 0.55, 0.52, 0.27, 0.22]}
{"t": 1789616574.1, "x": -1.95, "y": 2.27, "h": 262, "ev": "turnB", "d11": "0.704", "d3": "tick=220933 goal=0 here=0", "x_": "opts=[(0, 'B')]"}
{"t": 1789616574.9, "x": -1.95, "y": 2.22, "h": 271, "ev": "drive", "d11": "0.663", "d3": "tick=221015 goal=0 here=0", "x_": "d=104 exp=0.06 got=0.05 front"}
{"t": 1789616575.2, "x": -1.95, "y": 2.22, "h": 273, "ev": "scan", "d11": "0.654", "d3": "tick=221038 goal=0 here=0", "sc": [0.29, 0.83, 1.43, 0.56, 0.54, 0.55, 0.3, 0.29, 0.71, 0.84, 1.11, 0.48, 0.48, 0.5, 0.36, 0.29]}
{"t": 1789616581.6, "x": -1.95, "y": 2.22, "h": 95, "ev": "turnB", "d11": "0.619", "d3": "tick=221685 goal=0 here=0", "x_": "opts=[(0.7, 'B')]"}
{"t": 1789616582.3, "x": -1.95, "y": 2.26, "h": 90, "ev": "drive", "d11": "0.626", "d3": "tick=221755 goal=0 here=0", "x_": "d=52 exp=0.03 got=0.49 front"}
{"t": 1789616582.6, "x": -1.95, "y": 2.26, "h": 94, "ev": "scan", "d11": "0.605", "d3": "tick=221782 goal=0 here=0", "sc": [0.69, 0.77, 0.98, 0.48, 0.42, 0.47, 0.36, 0.35, 0.31, 0.83, 1.46, 0.56, 0.56, 0.52, 0.28, 0.27]}
{"t": 1789616589.2, "x": -1.95, "y": 2.26, "h": 272, "ev": "turnB", "d11": "0.614", "d3": "tick=222438 goal=0 here=0", "x_": "opts=[(0, 'B')]"}
{"t": 1789616589.8, "x": -1.95, "y": 2.24, "h": 270, "ev": "drive", "d11": "0.630", "d3": "tick=222503 goal=0 here=0", "x_": "d=54 exp=0.03 got=0.06 front"}
{"t": 1789616590.1, "x": -1.95, "y": 2.24, "h": 271, "ev": "scan", "d11": "0.642", "d3": "tick=222528 goal=0 here=0", "sc": [0.29, 0.83, 1.42, 0.55, 0.54, 0.53, 0.31, 0.28, 0.71, 0.83, 1.11, 0.48, 0.48, 0.5, 0.37, 0.3]}
{"t": 1789616596.4, "x": -1.95, "y": 2.24, "h": 96, "ev": "turnB", "d11": "0.638", "d3": "tick=223160 goal=0 here=0", "x_": "opts=[(0.7, 'B')]"}
{"t": 1789616597.2, "x": -1.95, "y": 2.29, "h": 90, "ev": "drive", "d11": "0.607", "d3": "tick=223239 goal=0 here=0", "x_": "d=81 exp=0.05 got=0.51 front"}
{"t": 1789616597.4, "x": -1.95, "y": 2.29, "h": 94, "ev": "scan", "d11": "0.613", "d3": "tick=223263 goal=0 here=0", "sc": [0.67, 0.74, 0.95, 0.47, 0.4, 0.47, 0.37, 0.4, 0.32, 0.83, 1.46, 0.56, 0.57, 0.53, 0.28, 0.25]}
{"t": 1789616603.7, "x": -1.95, "y": 2.29, "h": 275, "ev": "turnB", "d11": "0.528", "d3": "tick=223897 goal=0 here=0", "x_": "opts=[(0, 'B')]"}
{"t": 1789616604.5, "x": -1.95, "y": 2.24, "h": 279, "ev": "drive", "d11": "0.517", "d3": "tick=223969 goal=0 here=0", "x_": "d=77 exp=0.05 got=0.07 front"}
{"t": 1789616605.8, "x": -1.95, "y": 2.24, "h": 268, "ev": "scan", "d11": "0.524", "d3": "tick=224099 goal=0 here=0", "sc": [0.28, 0.8, 1.46, 0.57, 0.53, 0.59, 0.31, 0.29, 0.72, 0.8, 1.01, 0.48, 0.45, 0.48, 0.35, 0.3]}
{"t": 1789616612.1, "x": -1.95, "y": 2.24, "h": 90, "ev": "turnB", "d11": "0.662", "d3": "tick=224730 goal=0 here=0", "x_": "opts=[(0.7, 'B')]"}
{"t": 1789616612.6, "x": -1.94, "y": 2.25, "h": 88, "ev": "drive", "d11": "0.700", "d3": "tick=224786 goal=0 here=0", "x_": "d=28 exp=0.02 got=0.02 front"}
{"t": 1789616612.9, "x": -1.94, "y": 2.25, "h": 86, "ev": "scan", "d11": "0.721", "d3": "tick=224810 goal=0 here=0", "sc": [0.7, 0.76, 0.97, 0.48, 0.41, 0.47, 0.36, 0.38, 0.3, 0.79, 1.55, 0.58, 0.52, 0.62, 0.31, 0.27]}
{"t": 1789616619.2, "x": -1.94, "y": 2.25, "h": 261, "ev": "turnB", "d11": "0.831", "d3": "tick=225446 goal=0 here=0", "x_": "opts=[(0, 'B')]"}
{"t": 1789616620.0, "x": -1.95, "y": 2.21, "h": 269, "ev": "drive", "d11": "0.803", "d3": "tick=225520 goal=0 here=0", "x_": "d=81 exp=0.05 got=0.02 front"}
{"t": 1789616620.3, "x": -1.95, "y": 2.21, "h": 272, "ev": "scan", "d11": "0.809", "d3": "tick=225545 goal=0 here=0", "sc": [0.25, 0.76, 1.47, 0.57, 0.52, 0.62, 0.35, 0.32, 0.75, 0.81, 1.03, 0.49, 0.47, 0.47, 0.34, 0.26]}
{"t": 1789616626.7, "x": -1.95, "y": 2.21, "h": 92, "ev": "turnB", "d11": "0.854", "d3": "tick=226195 goal=0 here=0", "x_": "opts=[(0.7, 'B')]"}
{"t": 1789616627.5, "x": -1.95, "y": 2.27, "h": 88, "ev": "drive", "d11": "0.868", "d3": "tick=226268 goal=0 here=0", "x_": "d=80 exp=0.05 got=0.04 front"}
{"t": 1789616627.7, "x": -1.95, "y": 2.27, "h": 90, "ev": "scan", "d11": "0.880", "d3": "tick=226292 goal=0 here=0", "sc": [0.71, 0.77, 0.98, 0.48, 0.41, 0.47, 0.37, 0.38, 0.28, 0.79, 1.53, 0.57, 0.54, 0.62, 0.3, 0.27]}
{"t": 1789616634.2, "x": -1.95, "y": 2.27, "h": 268, "ev": "turnB", "d11": "0.907", "d3": "tick=226938 goal=0 here=0", "x_": "opts=[(0, 'B')]"}
{"t": 1789616634.8, "x": -1.95, "y": 2.23, "h": 272, "ev": "drive", "d11": "0.910", "d3": "tick=227003 goal=0 here=0", "x_": "d=51 exp=0.03 got=0.04 front"}
{"t": 1789616635.1, "x": -1.95, "y": 2.23, "h": 272, "ev": "scan", "d11": "0.915", "d3": "tick=227030 goal=0 here=0", "sc": [0.27, 0.79, 1.43, 0.56, 0.53, 0.59, 0.32, 0.29, 0.72, 0.82, 1.1, 0.48, 0.48, 0.5, 0.35, 0.28]}
{"t": 1789616641.7, "x": -1.95, "y": 2.23, "h": 91, "ev": "turnB", "d11": "0.945", "d3": "tick=227692 goal=0 here=0", "x_": "opts=[(0.7, 'B')]"}
{"t": 1789616642.1, "x": -1.95, "y": 2.24, "h": 91, "ev": "drive", "d11": "0.955", "d3": "tick=227738 goal=0 here=0", "x_": "d=0 exp=-0.00 got=-0.00 front"}
{"t": 1789616642.4, "x": -1.95, "y": 2.24, "h": 92, "ev": "scan", "d11": "0.951", "d3": "tick=227763 goal=0 here=0", "sc": [0.72, 0.82, 1.07, 0.49, 0.46, 0.49, 0.34, 0.27, 0.27, 0.78, 1.44, 0.56, 0.54, 0.61, 0.33, 0.29]}
{"t": 1789616649.3, "x": -1.95, "y": 2.24, "h": 269, "ev": "turnB", "d11": "0.808", "d3": "tick=228449 goal=0 here=0", "x_": "opts=[(0, 'B')]"}
{"t": 1789616649.7, "x": -1.95, "y": 2.23, "h": 270, "ev": "drive", "d11": "0.810", "d3": "tick=228499 goal=0 here=0", "x_": "d=1 exp=0.00 got=0.01 front"}
{"t": 1789616650.0, "x": -1.95, "y": 2.23, "h": 269, "ev": "scan", "d11": "0.798", "d3": "tick=228523 goal=0 here=0", "sc": [0.27, 0.78, 1.43, 0.56, 0.51, 0.61, 0.33, 0.31, 0.73, 0.81, 1.03, 0.49, 0.46, 0.49, 0.35, 0.28]}
{"t": 1789616656.6, "x": -1.95, "y": 2.23, "h": 95, "ev": "turnB", "d11": "0.790", "d3": "tick=229181 goal=0 here=0", "x_": "opts=[(0.7, 'B')]"}
{"t": 1789616657.1, "x": -1.95, "y": 2.24, "h": 92, "ev": "drive", "d11": "0.790", "d3": "tick=229229 goal=0 here=0", "x_": "d=-1 exp=-0.00 got=0.02 front"}
{"t": 1789616657.3, "x": -1.95, "y": 2.24, "h": 90, "ev": "scan", "d11": "0.773", "d3": "tick=229252 goal=0 here=0", "sc": [0.71, 0.81, 1.04, 0.48, 0.46, 0.48, 0.34, 0.29, 0.26, 0.77, 1.43, 0.57, 0.54, 0.62, 0.32, 0.31]}
{"t": 1789616663.8, "x": -1.95, "y": 2.24, "h": 265, "ev": "turnB", "d11": "0.780", "d3": "tick=229903 goal=0 here=0", "x_": "opts=[(0, 'B')]"}
{"t": 1789616664.3, "x": -1.95, "y": 2.24, "h": 273, "ev": "drive", "d11": "0.795", "d3": "tick=229951 goal=0 here=0", "x_": "d=0 exp=0.00 got=-0.00 front"}
{"t": 1789616664.6, "x": -1.95, "y": 2.25, "h": 268, "ev": "scan", "d11": "0.796", "d3": "tick=229975 goal=0 here=0", "sc": [0.26, 0.78, 1.44, 0.56, 0.53, 0.63, 0.33, 0.29, 0.73, 0.8, 1.01, 0.49, 0.45, 0.48, 0.35, 0.28]}
{"t": 1789616671.0, "x": -1.95, "y": 2.25, "h": 92, "ev": "turnB", "d11": "0.823", "d3": "tick=230619 goal=0 here=0", "x_": "opts=[(0.7, 'B')]"}
{"t": 1789616671.6, "x": -1.95, "y": 2.29, "h": 93, "ev": "drive", "d11": "0.829", "d3": "tick=230687 goal=0 here=0", "x_": "d=59 exp=0.04 got=0.02 front"}
{"t": 1789616671.9, "x": -1.95, "y": 2.29, "h": 94, "ev": "scan", "d11": "0.829", "d3": "tick=230713 goal=0 here=0", "sc": [0.7, 0.78, 0.98, 0.47, 0.43, 0.47, 0.36, 0.32, 0.3, 0.82, 1.45, 0.57, 0.55, 0.53, 0.3, 0.25]}
{"t": 1789616678.5, "x": -1.95, "y": 2.29, "h": 273, "ev": "turnB", "d11": "0.782", "d3": "tick=231370 goal=0 here=0", "x_": "opts=[(0, 'B')]"}
{"t": 1789616679.1, "x": -1.95, "y": 2.25, "h": 273, "ev": "drive", "d11": "0.763", "d3": "tick=231435 goal=0 here=0", "x_": "d=52 exp=0.03 got=0.03 front"}
{"t": 1789616680.2, "x": -1.95, "y": 2.25, "h": 270, "ev": "scan", "d11": "0.778", "d3": "tick=231537 goal=0 here=0", "sc": [0.28, 0.79, 1.42, 0.56, 0.53, 0.55, 0.31, 0.29, 0.72, 0.82, 1.1, 0.49, 0.47, 0.49, 0.35, 0.28]}
{"t": 1789616686.8, "x": -1.95, "y": 2.25, "h": 93, "ev": "turnB", "d11": "0.781", "d3": "tick=232206 goal=0 here=0", "x_": "opts=[(0.7, 'B')]"}
{"t": 1789616687.4, "x": -1.95, "y": 2.26, "h": 90, "ev": "drive", "d11": "0.777", "d3": "tick=232262 goal=0 here=0", "x_": "d=27 exp=0.02 got=0.00 front"}
{"t": 1789616687.7, "x": -1.95, "y": 2.26, "h": 89, "ev": "scan", "d11": "0.785", "d3": "tick=232286 goal=0 here=0", "sc": [0.71, 0.8, 1.01, 0.47, 0.45, 0.47, 0.35, 0.3, 0.28, 0.81, 1.43, 0.57, 0.54, 0.55, 0.32, 0.27]}
{"t": 1789616694.1, "x": -1.95, "y": 2.26, "h": 268, "ev": "turnB", "d11": "0.781", "d3": "tick=232937 goal=0 here=0", "x_": "opts=[(0, 'B')]"}
{"t": 1789616694.9, "x": -1.95, "y": 2.25, "h": 268, "ev": "drive", "d11": "0.778", "d3": "tick=233014 goal=0 here=0", "x_": "d=29 exp=0.02 got=0.02 front"}
{"t": 1789616695.2, "x": -1.95, "y": 2.25, "h": 270, "ev": "scan", "d11": "0.776", "d3": "tick=233038 goal=0 here=0", "sc": [0.26, 0.77, 1.44, 0.57, 0.53, 0.63, 0.32, 0.29, 0.7, 0.79, 1.02, 0.47, 0.45, 0.48, 0.35, 0.28]}
{"t": 1789616701.5, "x": -1.95, "y": 2.25, "h": 92, "ev": "turnB", "d11": "0.803", "d3": "tick=233667 goal=0 here=0", "x_": "opts=[(0.7, 'B')]"}
{"t": 1789616702.1, "x": -1.95, "y": 2.29, "h": 92, "ev": "drive", "d11": "0.817", "d3": "tick=233732 goal=0 here=0", "x_": "d=51 exp=0.03 got=0.46 front"}
{"t": 1789616702.4, "x": -1.95, "y": 2.29, "h": 90, "ev": "scan", "d11": "0.815", "d3": "tick=233758 goal=0 here=0", "sc": [0.69, 0.81, 1.05, 0.47, 0.43, 0.48, 0.36, 0.32, 0.31, 0.83, 1.44, 0.56, 0.56, 0.53, 0.28, 0.28]}
{"t": 1789616708.4, "x": -1.95, "y": 2.29, "h": 278, "ev": "turnB", "d11": "0.814", "d3": "tick=234366 goal=0 here=0", "x_": "opts=[(0, 'B')]"}
{"t": 1789616708.9, "x": -1.95, "y": 2.28, "h": 279, "ev": "drive", "d11": "0.815", "d3": "tick=234416 goal=0 here=0", "x_": "d=1 exp=0.00 got=0.00 front"}
{"t": 1789616710.1, "x": -1.95, "y": 2.28, "h": 273, "ev": "scan", "d11": "0.828", "d3": "tick=234530 goal=0 here=0", "sc": [0.3, 0.87, 1.43, 0.54, 0.56, 0.52, 0.28, 0.31, 0.7, 0.82, 1.1, 0.48, 0.45, 0.49, 0.38, 0.29]}
{"t": 1789616716.5, "x": -1.95, "y": 2.28, "h": 94, "ev": "turnB", "d11": "0.820", "d3": "tick=235176 goal=0 here=0", "x_": "opts=[(0.7, 'B')]"}
{"t": 1789616717.1, "x": -1.95, "y": 2.29, "h": 90, "ev": "drive", "d11": "0.824", "d3": "tick=235234 goal=0 here=0", "x_": "d=38 exp=0.02 got=0.06 front"}
{"t": 1789616717.4, "x": -1.95, "y": 2.29, "h": 93, "ev": "scan", "d11": "0.822", "d3": "tick=235258 goal=0 here=0", "sc": [0.67, 0.74, 0.96, 0.47, 0.39, 0.48, 0.36, 0.38, 0.31, 0.84, 1.47, 0.56, 0.57, 0.53, 0.28, 0.24]}
{"t": 1789616721.4, "x": -1.95, "y": 2.25, "h": 222, "ev": "start", "d11": "0.808", "d3": "tick=235661 goal=0 here=0"}
{"t": 1789616724.5, "x": -1.95, "y": 2.25, "h": 179, "ev": "scan", "d11": "0.770", "d3": "tick=235971 goal=0 here=0", "sc": [0.41, 0.48, 0.38, 0.35, 0.32, 0.85, 1.45, 0.57, 0.56, 0.52, 0.27, 0.27, 0.68, 0.76, 0.99, 0.48]}
{"t": 1789616728.4, "x": -1.95, "y": 2.25, "h": 94, "ev": "turnR", "d11": "0.775", "d3": "tick=236363 goal=0 here=0", "x_": "opts=[(2.2, 'R')]"}
{"t": 1789616729.1, "x": -1.95, "y": 2.3, "h": 88, "ev": "drive", "d11": "0.763", "d3": "tick=236439 goal=0 here=0", "x_": "d=72 exp=0.04 got=0.43 front"}
{"t": 1789616729.4, "x": -1.95, "y": 2.3, "h": 90, "ev": "scan", "d11": "0.776", "d3": "tick=236463 goal=0 here=0", "sc": [0.66, 0.71, 0.93, 0.46, 0.4, 0.5, 0.41, 0.42, 0.35, 0.85, 1.49, 0.57, 0.58, 0.49, 0.25, 0.26]}
{"t": 1789616735.9, "x": -1.95, "y": 2.3, "h": 267, "ev": "turnB", "d11": "0.711", "d3": "tick=237113 goal=0 here=0", "x_": "opts=[(0, 'B')]"}
{"t": 1789616736.8, "x": -1.94, "y": 2.21, "h": 275, "ev": "drive", "d11": "0.702", "d3": "tick=237206 goal=0 here=0", "x_": "d=133 exp=0.08 got=0.08 front"}
{"t": 1789616736.9, "x": -1.94, "y": 2.21, "h": 279, "ev": "ESCAPE", "d11": "0.702", "d3": "tick=237208 goal=0 here=0"}
{"t": 1789616744.1, "x": -2.13, "y": 2.17, "h": 4, "ev": "scan", "d11": "0.589", "d3": "tick=237934 goal=0 here=0", "sc": [0.6, 0.2, 0.18, 0.26, 0.54, 0.61, 0.87, 1.0, 0.42, 0.52, 0.58, 0.51, 0.45, 1.06, 1.49, 0.57]}
{"t": 1789616750.5, "x": -2.13, "y": 2.17, "h": 184, "ev": "turnB", "d11": "0.464", "d3": "tick=238571 goal=0 here=0", "x_": "opts=[(0, 'B')]"}
{"t": 1789616751.7, "x": -2.27, "y": 2.18, "h": 174, "ev": "drive", "d11": "0.421", "d3": "tick=238689 goal=0 here=0", "x_": "d=218 exp=0.13 got=0.12 front"}
{"t": 1789616753.0, "x": -2.27, "y": 2.18, "h": 180, "ev": "scan", "d11": "0.435", "d3": "tick=238818 goal=0 here=0", "sc": [0.32, 0.27, 0.44, 0.42, 0.46, 0.98, 1.64, 0.69, 0.71, 0.26, 0.3, 0.6, 0.62, 0.67, 0.79, 0.9]}
{"t": 1789616757.0, "x": -2.27, "y": 2.18, "h": 92, "ev": "turnR", "d11": "0.389", "d3": "tick=239221 goal=0 here=0", "x_": "opts=[(2.2, 'R'), (-3.3, 'B')]"}
{"t": 1789616759.3, "x": -2.27, "y": 2.52, "h": 91, "ev": "drive", "d11": "0.417", "d3": "tick=239453 goal=0 here=0", "x_": "d=574 exp=0.34 got=0.37 front"}
{"t": 1789616759.6, "x": -2.27, "y": 2.52, "h": 91, "ev": "scan", "d11": "0.396", "d3": "tick=239477 goal=0 here=0", "sc": [0.33, 0.3, 0.45, 0.77, 0.81, 0.84, 0.42, 0.77, 0.74, 1.34, 0.93, 0.26, 0.21, 0.29, 0.31, 0.29]}
{"t": 1789616763.6, "x": -2.27, "y": 2.52, "h": 182, "ev": "turnL", "d11": "0.433", "d3": "tick=239884 goal=0 here=0", "x_": "opts=[(2.2, 'L'), (0.7, 'B')]"}
{"t": 1789616767.4, "x": -2.86, "y": 2.49, "h": 181, "ev": "drive", "d11": "0.326", "d3": "tick=240266 goal=0 here=0", "x_": "d=1013 exp=0.60 got=0.56 front"}
{"t": 1789616767.7, "x": -2.86, "y": 2.49, "h": 182, "ev": "scan", "d11": "0.347", "d3": "tick=240287 goal=0 here=0", "sc": [0.29, 0.29, 0.43, 0.76, 2.62, 0.45, 0.27, 1.24, 0.71, 0.81, 0.46, 0.38, 0.35, 0.38, 0.4, 0.34]}
{"t": 1789616771.6, "x": -2.86, "y": 2.49, "h": 270, "ev": "turnL", "d11": "0.325", "d3": "tick=240684 goal=0 here=0", "x_": "opts=[(2.8, 'L'), (-4.3, 'B')]"}
{"t": 1789616775.4, "x": -2.89, "y": 1.88, "h": 264, "ev": "drive", "d11": "0.319", "d3": "tick=241066 goal=0 here=0", "x_": "d=1037 exp=0.61 got=0.58 dist"}
{"t": 1789616776.5, "x": -2.89, "y": 1.88, "h": 267, "ev": "scan", "d11": "0.291", "d3": "tick=241166 goal=0 here=0", "sc": [2.09, 0.53, 0.33, 0.24, 0.22, 0.19, 0.34, 0.96, 0.91, 0.82, 0.35, 0.32, 0.22, 0.27, 0.33, 0.72]}
{"t": 1789616776.6, "x": -2.89, "y": 1.88, "h": 266, "ev": "turnF", "d11": "0.297", "d3": "tick=241179 goal=0 here=0", "x_": "opts=[(2.9, 'F'), (-2.2, 'B')]"}
{"t": 1789616780.4, "x": -2.94, "y": 1.27, "h": 264, "ev": "drive", "d11": "0.267", "d3": "tick=241563 goal=0 here=0", "x_": "d=1042 exp=0.61 got=0.54 dist"}
{"t": 1789616781.3, "x": -2.94, "y": 1.27, "h": 267, "ev": "scan", "d11": "0.280", "d3": "tick=241647 goal=0 here=0", "sc": [1.54, 0.67, 0.34, 0.23, 0.19, 0.22, 0.34, 0.55, 1.43, 0.79, 0.36, 0.33, 0.25, 0.29, 0.38, 0.57]}
{"t": 1789616781.3, "x": -2.94, "y": 1.27, "h": 266, "ev": "turnF", "d11": "0.281", "d3": "tick=241657 goal=0 here=0", "x_": "opts=[(2.8, 'F'), (-2.1, 'B')]"}
{"t": 1789616785.1, "x": -2.95, "y": 0.66, "h": 272, "ev": "drive", "d11": "0.258", "d3": "tick=242037 goal=0 here=0", "x_": "d=1031 exp=0.61 got=0.43 dist"}
{"t": 1789616785.4, "x": -2.95, "y": 0.66, "h": 270, "ev": "scan", "d11": "0.253", "d3": "tick=242062 goal=0 here=0", "sc": [1.08, 0.68, 0.35, 0.25, 0.23, 0.29, 0.26, 0.77, 1.88, 0.56, 0.27, 0.3, 0.22, 0.23, 0.34, 0.49]}
{"t": 1789616785.5, "x": -2.95, "y": 0.66, "h": 270, "ev": "turnF", "d11": "0.242", "d3": "tick=242072 goal=0 here=0", "x_": "opts=[(2.6, 'F'), (-1.9, 'B')]"}
{"t": 1789616789.3, "x": -2.94, "y": 0.06, "h": 274, "ev": "drive", "d11": "0.234", "d3": "tick=242456 goal=0 here=0", "x_": "d=1035 exp=0.61 got=0.51 dist"}
{"t": 1789616790.3, "x": -2.94, "y": 0.06, "h": 277, "ev": "scan", "d11": "0.241", "d3": "tick=242546 goal=0 here=0", "sc": [0.59, 0.54, 0.35, 0.25, 0.24, 0.31, 0.36, 0.69, 2.43, 0.48, 0.35, 0.21, 0.19, 0.24, 0.36, 0.54]}
{"t": 1789616796.6, "x": -2.94, "y": 0.06, "h": 94, "ev": "turnB", "d11": "0.235", "d3": "tick=243186 goal=0 here=0", "x_": "opts=[(-1.8, 'B')]"}
{"t": 1789616800.5, "x": -2.93, "y": 0.66, "h": 89, "ev": "drive", "d11": "0.264", "d3": "tick=243576 goal=0 here=0", "x_": "d=1043 exp=0.61 got=0.59 dist"}
{"t": 1789616800.8, "x": -2.93, "y": 0.66, "h": 91, "ev": "scan", "d11": "0.247", "d3": "tick=243602 goal=0 here=0", "sc": [1.87, 0.59, 0.28, 0.3, 0.23, 0.26, 0.37, 0.52, 1.1, 0.59, 0.31, 0.23, 0.21, 0.27, 0.25, 0.57]}
{"t": 1789616800.9, "x": -2.93, "y": 0.66, "h": 92, "ev": "turnF", "d11": "0.265", "d3": "tick=243617 goal=0 here=0", "x_": "opts=[(-0.1, 'F'), (-2.2, 'B')]"}
{"t": 1789616804.8, "x": -2.92, "y": 1.27, "h": 92, "ev": "drive", "d11": "0.273", "d3": "tick=243999 goal=0 here=0", "x_": "d=1042 exp=0.61 got=0.50 dist"}
{"t": 1789616805.0, "x": -2.92, "y": 1.27, "h": 91, "ev": "scan", "d11": "0.260", "d3": "tick=244024 goal=0 here=0", "sc": [1.37, 0.46, 0.33, 0.24, 0.23, 0.27, 0.36, 0.6, 1.63, 0.56, 0.36, 0.25, 0.23, 0.31, 0.4, 0.83]}
{"t": 1789616805.1, "x": -2.92, "y": 1.27, "h": 96, "ev": "turnF", "d11": "0.274", "d3": "tick=244034 goal=0 here=0", "x_": "opts=[(-0.3, 'F'), (-3.0, 'B')]"}
{"t": 1789616809.0, "x": -2.89, "y": 1.89, "h": 83, "ev": "drive", "d11": "0.282", "d3": "tick=244417 goal=0 here=0", "x_": "d=1043 exp=0.61 got=0.49 dist"}
{"t": 1789616810.3, "x": -2.89, "y": 1.89, "h": 91, "ev": "scan", "d11": "0.280", "d3": "tick=244549 goal=0 here=0", "sc": [0.83, 0.69, 0.3, 0.26, 0.19, 0.23, 0.29, 0.74, 2.15, 0.56, 0.37, 0.27, 0.23, 0.25, 0.36, 0.93]}
{"t": 1789616810.4, "x": -2.89, "y": 1.89, "h": 91, "ev": "turnF", "d11": "0.279", "d3": "tick=244559 goal=0 here=0", "x_": "opts=[(-0.4, 'F'), (-2.9, 'B')]"}
{"t": 1789616814.2, "x": -2.9, "y": 2.49, "h": 90, "ev": "drive", "d11": "0.283", "d3": "tick=244940 goal=0 here=0", "x_": "d=1030 exp=0.61 got=0.51 dist"}
{"t": 1789616814.5, "x": -2.9, "y": 2.49, "h": 91, "ev": "scan", "d11": "0.278", "d3": "tick=244967 goal=0 here=0", "sc": [0.3, 0.37, 0.36, 0.3, 0.25, 0.24, 0.31, 0.53, 2.69, 0.54, 0.33, 1.29, 0.77, 0.85, 0.48, 0.4]}
{"t": 1789616821.1, "x": -2.9, "y": 2.49, "h": 267, "ev": "turnB", "d11": "0.289", "d3": "tick=245629 goal=0 here=0", "x_": "opts=[(-2.8, 'B'), (-2.8, 'R')]"}
{"t": 1789616824.9, "x": -2.94, "y": 1.9, "h": 270, "ev": "drive", "d11": "0.272", "d3": "tick=246016 goal=0 here=0", "x_": "d=1029 exp=0.61 got=0.46 dist"}
{"t": 1789616825.2, "x": -2.94, "y": 1.9, "h": 270, "ev": "scan", "d11": "0.266", "d3": "tick=246040 goal=0 here=0", "sc": [2.14, 0.52, 0.32, 0.26, 0.21, 0.19, 0.35, 0.91, 0.85, 0.74, 0.33, 0.3, 0.21, 0.26, 0.32, 0.8]}
{"t": 1789616825.3, "x": -2.94, "y": 1.9, "h": 269, "ev": "turnF", "d11": "0.264", "d3": "tick=246053 goal=0 here=0", "x_": "opts=[(-1.1, 'F'), (-3.2, 'B')]"}
{"t": 1789616829.2, "x": -2.99, "y": 1.29, "h": 264, "ev": "drive", "d11": "0.253", "d3": "tick=246437 goal=0 here=0", "x_": "d=1027 exp=0.60 got=0.58 dist"}
{"t": 1789616830.3, "x": -2.99, "y": 1.29, "h": 269, "ev": "scan", "d11": "0.227", "d3": "tick=246554 goal=0 here=0", "sc": [1.64, 0.56, 0.34, 0.22, 0.2, 0.25, 0.34, 0.57, 1.35, 0.53, 0.34, 0.3, 0.25, 0.31, 0.38, 0.62]}
{"t": 1789616830.4, "x": -2.99, "y": 1.29, "h": 267, "ev": "turnF", "d11": "0.241", "d3": "tick=246564 goal=0 here=0", "x_": "opts=[(-1.2, 'F'), (-4.1, 'B')]"}
{"t": 1789616834.3, "x": -3.07, "y": 0.69, "h": 269, "ev": "drive", "d11": "0.212", "d3": "tick=246952 goal=0 here=0", "x_": "d=1045 exp=0.61 got=0.53 dist"}
{"t": 1789616834.6, "x": -3.07, "y": 0.68, "h": 268, "ev": "scan", "d11": "0.214", "d3": "tick=246976 goal=0 here=0", "sc": [1.08, 0.7, 0.33, 0.24, 0.23, 0.26, 0.28, 0.57, 1.86, 0.58, 0.28, 0.28, 0.23, 0.23, 0.33, 0.5]}
{"t": 1789616834.6, "x": -3.07, "y": 0.68, "h": 269, "ev": "turnF", "d11": "0.208", "d3": "tick=246986 goal=0 here=0", "x_": "opts=[(2.6, 'F'), (-0.9, 'B')]"}
{"t": 1789616838.5, "x": -3.06, "y": 0.07, "h": 274, "ev": "drive", "d11": "0.178", "d3": "tick=247371 goal=0 here=0", "x_": "d=1039 exp=0.61 got=0.51 dist"}
{"t": 1789616838.8, "x": -3.05, "y": 0.08, "h": 275, "ev": "scan", "d11": "0.177", "d3": "tick=247395 goal=0 here=0", "sc": [0.6, 0.54, 0.35, 0.26, 0.24, 0.3, 0.34, 0.67, 2.43, 0.51, 0.35, 0.21, 0.21, 0.23, 0.37, 0.54]}
{"t": 1789616845.2, "x": -3.05, "y": 0.08, "h": 94, "ev": "turnB", "d11": "0.203", "d3": "tick=248047 goal=0 here=0", "x_": "opts=[(-0.8, 'B')]"}
{"t": 1789616849.1, "x": -3.06, "y": 0.7, "h": 90, "ev": "drive", "d11": "0.221", "d3": "tick=248435 goal=0 here=0", "x_": "d=1041 exp=0.61 got=0.55 dist"}
{"t": 1789616849.4, "x": -3.06, "y": 0.7, "h": 93, "ev": "scan", "d11": "0.231", "d3": "tick=248459 goal=0 here=0", "sc": [1.89, 0.56, 0.28, 0.28, 0.23, 0.26, 0.38, 0.55, 1.12, 0.59, 0.31, 0.23, 0.21, 0.27, 0.25, 0.78]}
{"t": 1789616849.5, "x": -3.06, "y": 0.7, "h": 91, "ev": "turnF", "d11": "0.218", "d3": "tick=248472 goal=0 here=0", "x_": "opts=[(0.9, 'F'), (-0.2, 'B')]"}
{"t": 1789616853.3, "x": -3.08, "y": 1.31, "h": 94, "ev": "drive", "d11": "0.250", "d3": "tick=248855 goal=0 here=0", "x_": "d=1041 exp=0.61 got=0.51 dist"}
{"t": 1789616853.6, "x": -3.08, "y": 1.31, "h": 93, "ev": "scan", "d11": "0.252", "d3": "tick=248879 goal=0 here=0", "sc": [1.38, 0.44, 0.32, 0.24, 0.22, 0.29, 0.37, 0.62, 1.62, 0.56, 0.36, 0.23, 0.22, 0.3, 0.4, 0.84]}
{"t": 1789616853.7, "x": -3.08, "y": 1.31, "h": 94, "ev": "turnF", "d11": "0.264", "d3": "tick=248889 goal=0 here=0", "x_": "opts=[(0.7, 'F'), (-2.0, 'B')]"}
{"t": 1789616857.5, "x": -3.01, "y": 1.92, "h": 86, "ev": "drive", "d11": "0.284", "d3": "tick=249275 goal=0 here=0", "x_": "d=1041 exp=0.61 got=0.51 dist"}
{"t": 1789616858.9, "x": -3.01, "y": 1.92, "h": 92, "ev": "scan", "d11": "0.291", "d3": "tick=249406 goal=0 here=0", "sc": [0.82, 0.69, 0.32, 0.28, 0.19, 0.23, 0.3, 0.75, 2.15, 0.55, 0.35, 0.27, 0.24, 0.27, 0.37, 0.93]}
{"t": 1789616858.9, "x": -3.01, "y": 1.92, "h": 90, "ev": "turnF", "d11": "0.281", "d3": "tick=249416 goal=0 here=0", "x_": "opts=[(1.5, 'F'), (-1.9, 'B')]"}
{"t": 1789616862.8, "x": -3.01, "y": 2.54, "h": 87, "ev": "drive", "d11": "0.309", "d3": "tick=249802 goal=0 here=0", "x_": "d=1048 exp=0.62 got=0.53 dist"}
{"t": 1789616863.1, "x": -3.01, "y": 2.54, "h": 88, "ev": "scan", "d11": "0.299", "d3": "tick=249826 goal=0 here=0", "sc": [0.3, 0.35, 0.35, 0.3, 0.26, 0.24, 0.32, 0.54, 2.66, 0.55, 0.34, 1.29, 0.75, 0.84, 0.47, 0.37]}
{"t": 1789616869.2, "x": -3.01, "y": 2.54, "h": 262, "ev": "turnB", "d11": "0.314", "d3": "tick=250447 goal=0 here=0", "x_": "opts=[(-1.8, 'B'), (-2.8, 'R')]"}
{"t": 1789616873.1, "x": -3.04, "y": 1.93, "h": 268, "ev": "drive", "d11": "0.309", "d3": "tick=250832 goal=0 here=0", "x_": "d=1039 exp=0.61 got=-0.03 dist SLIP"}
{"t": 1789616879.9, "x": -3.03, "y": 1.92, "h": 268, "ev": "unstick", "d11": "0.367", "d3": "tick=251513 goal=0 here=0"}
{"t": 1789616880.2, "x": -3.03, "y": 1.92, "h": 267, "ev": "scan", "d11": "0.368", "d3": "tick=251537 goal=0 here=0", "sc": [2.09, 0.77, 0.46, 0.3, 0.27, 0.31, 0.39, 0.94, 0.8, 0.67, 0.27, 0.23, 0.15, 0.18, 0.24, 0.51]}
{"t": 1789616880.3, "x": -3.03, "y": 1.92, "h": 268, "ev": "turnF", "d11": "0.374", "d3": "tick=251550 goal=0 here=0", "x_": "opts=[(-0.1, 'F'), (-1.3, 'B')]"}
{"t": 1789616884.1, "x": -3.06, "y": 1.31, "h": 266, "ev": "drive", "d11": "0.353", "d3": "tick=251932 goal=0 here=0", "x_": "d=1039 exp=0.61 got=0.45 dist"}
{"t": 1789616884.4, "x": -3.06, "y": 1.31, "h": 267, "ev": "scan", "d11": "0.359", "d3": "tick=251956 goal=0 here=0", "sc": [1.65, 0.58, 0.35, 0.24, 0.21, 0.28, 0.37, 0.58, 1.32, 0.51, 0.34, 0.28, 0.23, 0.3, 0.39, 0.62]}
{"t": 1789616884.4, "x": -3.06, "y": 1.31, "h": 268, "ev": "turnF", "d11": "0.355", "d3": "tick=251966 goal=0 here=0", "x_": "opts=[(-0.2, 'F'), (-3.1, 'B')]"}
{"t": 1789616888.3, "x": -3.08, "y": 0.69, "h": 268, "ev": "drive", "d11": "0.311", "d3": "tick=252354 goal=0 here=0", "x_": "d=1048 exp=0.62 got=0.55 dist"}
{"t": 1789616888.6, "x": -3.08, "y": 0.69, "h": 266, "ev": "scan", "d11": "0.302", "d3": "tick=252378 goal=0 here=0", "sc": [1.08, 0.71, 0.33, 0.24, 0.22, 0.28, 0.26, 0.54, 1.89, 0.59, 0.28, 0.28, 0.25, 0.24, 0.33, 0.49]}
{"t": 1789616888.7, "x": -3.08, "y": 0.69, "h": 268, "ev": "turnF", "d11": "0.313", "d3": "tick=252388 goal=0 here=0", "x_": "opts=[(1.6, 'F'), (-2.9, 'B')]"}
{"t": 1789616892.5, "x": -3.09, "y": 0.08, "h": 270, "ev": "drive", "d11": "0.267", "d3": "tick=252773 goal=0 here=0", "x_": "d=1038 exp=0.61 got=0.48 dist"}
{"t": 1789616893.7, "x": -3.09, "y": 0.08, "h": 273, "ev": "scan", "d11": "0.281", "d3": "tick=252888 goal=0 here=0", "sc": [0.59, 0.6, 0.35, 0.28, 0.24, 0.3, 0.34, 0.67, 2.38, 0.69, 0.37, 0.23, 0.19, 0.23, 0.37, 0.59]}
{"t": 1789616900.1, "x": -3.09, "y": 0.08, "h": 86, "ev": "turnB", "d11": "0.266", "d3": "tick=253535 goal=0 here=0", "x_": "opts=[(-2.8, 'B')]"}
{"t": 1789616903.9, "x": -3.12, "y": 0.68, "h": 90, "ev": "drive", "d11": "0.332", "d3": "tick=253915 goal=0 here=0", "x_": "d=1028 exp=0.60 got=0.59 dist"}
{"t": 1789616904.2, "x": -3.12, "y": 0.68, "h": 90, "ev": "scan", "d11": "0.318", "d3": "tick=253939 goal=0 here=0", "sc": [1.87, 0.57, 0.28, 0.28, 0.23, 0.24, 0.36, 0.51, 1.11, 0.63, 0.32, 0.23, 0.24, 0.27, 0.26, 0.76]}
{"t": 1789616904.3, "x": -3.12, "y": 0.68, "h": 88, "ev": "turnF", "d11": "0.325", "d3": "tick=253952 goal=0 here=0", "x_": "opts=[(-1.1, 'F'), (-1.2, 'B')]"}
{"t": 1789616908.1, "x": -3.14, "y": 1.28, "h": 88, "ev": "drive", "d11": "0.358", "d3": "tick=254331 goal=0 here=0", "x_": "d=1028 exp=0.60 got=0.51 dist"}
{"t": 1789616908.3, "x": -3.14, "y": 1.28, "h": 88, "ev": "scan", "d11": "0.371", "d3": "tick=254355 goal=0 here=0", "sc": [1.35, 0.48, 0.34, 0.26, 0.22, 0.27, 0.37, 0.6, 1.63, 0.57, 0.36, 0.25, 0.21, 0.28, 0.4, 0.62]}
{"t": 1789616908.4, "x": -3.14, "y": 1.28, "h": 88, "ev": "turnF", "d11": "0.355", "d3": "tick=254365 goal=0 here=0", "x_": "opts=[(-1.3, 'F'), (-4.0, 'B')]"}
{"t": 1789616912.3, "x": -3.08, "y": 1.9, "h": 86, "ev": "drive", "d11": "0.408", "d3": "tick=254753 goal=0 here=0", "x_": "d=1057 exp=0.62 got=0.47 dist"}
{"t": 1789616913.7, "x": -3.08, "y": 1.9, "h": 87, "ev": "scan", "d11": "0.405", "d3": "tick=254885 goal=0 here=0", "sc": [0.82, 0.69, 0.33, 0.28, 0.2, 0.23, 0.3, 0.82, 2.17, 0.54, 0.34, 0.27, 0.22, 0.28, 0.35, 0.92]}
{"t": 1789616913.7, "x": -3.08, "y": 1.9, "h": 92, "ev": "turnF", "d11": "0.400", "d3": "tick=254895 goal=0 here=0", "x_": "opts=[(0.5, 'F'), (-3.9, 'B')]"}
{"t": 1789616917.6, "x": -3.09, "y": 2.52, "h": 88, "ev": "drive", "d11": "0.422", "d3": "tick=255282 goal=0 here=0", "x_": "d=1045 exp=0.61 got=0.52 dist"}
{"t": 1789616917.9, "x": -3.09, "y": 2.51, "h": 88, "ev": "scan", "d11": "0.416", "d3": "tick=255305 goal=0 here=0", "sc": [0.3, 0.35, 0.37, 0.31, 0.25, 0.25, 0.33, 0.52, 2.64, 0.66, 0.33, 1.3, 0.74, 0.84, 0.47, 0.38]}
{"t": 1789616921.6, "x": -3.09, "y": 2.51, "h": 5, "ev": "turnR", "d11": "0.411", "d3": "tick=255681 goal=0 here=0", "x_": "opts=[(-2.8, 'R'), (-3.8, 'B')]"}
{"t": 1789616925.1, "x": -2.56, "y": 2.37, "h": 343, "ev": "drive", "d11": "0.512", "d3": "tick=256030 goal=0 here=0", "x_": "d=936 exp=0.55 got=0.47 front"}
{"t": 1789616927.3, "x": -2.56, "y": 2.37, "h": 359, "ev": "scan", "d11": "0.495", "d3": "tick=256253 goal=0 here=0", "sc": [0.29, 0.36, 0.43, 0.37, 0.38, 0.41, 0.56, 0.77, 0.7, 0.82, 0.33, 0.69, 0.7, 1.22, 1.81, 0.31]}
{"t": 1789616931.3, "x": -2.56, "y": 2.37, "h": 270, "ev": "turnR", "d11": "0.488", "d3": "tick=256657 goal=0 here=0", "x_": "opts=[(2.2, 'R'), (-2.3, 'B')]"}
{"t": 1789616934.0, "x": -2.54, "y": 1.97, "h": 270, "ev": "drive", "d11": "0.485", "d3": "tick=256922 goal=0 here=0", "x_": "d=666 exp=0.39 got=0.43 front"}
{"t": 1789616934.3, "x": -2.54, "y": 1.97, "h": 273, "ev": "scan", "d11": "0.498", "d3": "tick=256946 goal=0 here=0", "sc": [0.36, 0.34, 1.69, 0.78, 0.8, 0.44, 0.45, 0.72, 0.68, 0.81, 0.28, 0.22, 0.19, 0.29, 0.33, 0.28]}
{"t": 1789616938.5, "x": -2.54, "y": 1.97, "h": 6, "ev": "turnL", "d11": "0.493", "d3": "tick=257372 goal=0 here=0", "x_": "opts=[(2.2, 'L'), (-5.3, 'B')]"}
{"t": 1789616939.7, "x": -2.41, "y": 2.0, "h": 15, "ev": "drive", "d11": "0.505", "d3": "tick=257496 goal=0 here=0", "x_": "d=243 exp=0.14 got=0.55 front"}
{"t": 1789616941.6, "x": -2.41, "y": 2.0, "h": 2, "ev": "scan", "d11": "0.509", "d3": "tick=257676 goal=0 here=0", "sc": [0.69, 0.35, 0.31, 0.63, 0.74, 0.78, 1.02, 0.36, 0.29, 0.41, 0.42, 0.39, 0.33, 0.91, 1.54, 0.63]}
{"t": 1789616941.6, "x": -2.41, "y": 2.0, "h": 3, "ev": "turnF", "d11": "0.521", "d3": "tick=257686 goal=0 here=0", "x_": "opts=[(2.5, 'F'), (-3.8, 'L')]"}
{"t": 1789616942.5, "x": -2.35, "y": 2.0, "h": 10, "ev": "drive", "d11": "0.521", "d3": "tick=257767 goal=0 here=0", "x_": "d=102 exp=0.06 got=0.42 front"}
{"t": 1789616943.6, "x": -2.35, "y": 2.0, "h": 4, "ev": "scan", "d11": "0.538", "d3": "tick=257882 goal=0 here=0", "sc": [0.63, 0.32, 0.23, 0.37, 0.66, 0.78, 1.02, 0.41, 0.33, 0.46, 0.39, 0.42, 0.35, 0.93, 1.5, 0.59]}
{"t": 1789616947.5, "x": -2.35, "y": 2.0, "h": 91, "ev": "turnL", "d11": "0.522", "d3": "tick=258277 goal=0 here=0", "x_": "opts=[(-3.8, 'L')]"}
{"t": 1789616948.4, "x": -2.34, "y": 2.05, "h": 79, "ev": "drive", "d11": "0.529", "d3": "tick=258360 goal=0 here=0", "x_": "d=84 exp=0.05 got=0.39 front"}
{"t": 1789616948.4, "x": -2.34, "y": 2.05, "h": 80, "ev": "ESCAPE", "d11": "0.519", "d3": "tick=258363 goal=0 here=0"}
{"t": 1789616957.0, "x": -2.21, "y": 2.04, "h": 357, "ev": "scan", "d11": "0.621", "d3": "tick=259216 goal=0 here=0", "sc": [0.31, 0.4, 0.43, 0.36, 0.29, 0.32, 1.09, 0.68, 0.66, 0.52, 0.31, 0.32, 0.74, 0.79, 1.25, 0.34]}
{"t": 1789616961.2, "x": -2.21, "y": 2.04, "h": 262, "ev": "turnR", "d11": "0.614", "d3": "tick=259641 goal=0 here=0", "x_": "opts=[(2.2, 'R'), (-7.3, 'B')]"}
{"t": 1789616961.8, "x": -2.22, "y": 2.02, "h": 264, "ev": "drive", "d11": "0.614", "d3": "tick=259699 goal=0 here=0", "x_": "d=28 exp=0.02 got=0.03 front"}
{"t": 1789616963.4, "x": -2.22, "y": 2.02, "h": 268, "ev": "scan", "d11": "0.636", "d3": "tick=259859 goal=0 here=0", "sc": [0.69, 0.79, 1.21, 0.35, 0.31, 0.41, 0.43, 0.35, 0.31, 0.94, 1.18, 0.69, 0.69, 0.5, 0.28, 0.46]}
{"t": 1789616963.5, "x": -2.22, "y": 2.02, "h": 271, "ev": "turnF", "d11": "0.617", "d3": "tick=259869 goal=0 here=0", "x_": "opts=[(2.5, 'F'), (-5.8, 'R')]"}
{"t": 1789616964.1, "x": -2.22, "y": 1.99, "h": 265, "ev": "drive", "d11": "0.626", "d3": "tick=259934 goal=0 here=0", "x_": "d=52 exp=0.03 got=0.43 front"}
{"t": 1789616964.1, "x": -2.22, "y": 1.99, "h": 265, "ev": "ESCAPE", "d11": "0.628", "d3": "tick=259936 goal=0 here=0"}
{"t": 1789616971.7, "x": -2.34, "y": 2.0, "h": 359, "ev": "scan", "d11": "0.679", "d3": "tick=260687 goal=0 here=0", "sc": [0.3, 0.34, 0.28, 0.23, 0.17, 0.18, 1.0, 1.33, 0.68, 0.79, 0.46, 0.63, 0.8, 1.42, 0.34, 0.26]}
{"t": 1789616975.4, "x": -2.34, "y": 2.0, "h": 273, "ev": "turnR", "d11": "0.670", "d3": "tick=261065 goal=0 here=0", "x_": "opts=[(2.2, 'R'), (-7.3, 'B')]"}
{"t": 1789616977.0, "x": -2.41, "y": 1.8, "h": 249, "ev": "drive", "d11": "0.684", "d3": "tick=261226 goal=0 here=0", "x_": "d=355 exp=0.21 got=0.53 front"}
{"t": 1789616979.1, "x": -2.41, "y": 1.81, "h": 270, "ev": "scan", "d11": "0.668", "d3": "tick=261432 goal=0 here=0", "sc": [0.64, 0.72, 1.16, 0.3, 0.27, 0.31, 0.46, 0.42, 0.34, 0.4, 1.23, 0.76, 0.72, 0.5, 0.28, 0.47]}
{"t": 1789616979.2, "x": -2.41, "y": 1.81, "h": 268, "ev": "turnF", "d11": "0.684", "d3": "tick=261444 goal=0 here=0", "x_": "opts=[(2.5, 'F'), (-2.8, 'R')]"}
{"t": 1789616981.1, "x": -2.42, "y": 1.55, "h": 268, "ev": "drive", "d11": "0.650", "d3": "tick=261633 goal=0 here=0", "x_": "d=428 exp=0.25 got=0.36 front"}
{"t": 1789616981.4, "x": -2.42, "y": 1.55, "h": 265, "ev": "scan", "d11": "0.665", "d3": "tick=261657 goal=0 here=0", "sc": [0.43, 0.47, 1.23, 0.93, 0.86, 0.34, 0.39, 0.62, 0.55, 1.19, 1.41, 0.74, 0.16, 0.17, 0.27, 0.31]}
{"t": 1789616985.3, "x": -2.42, "y": 1.55, "h": 353, "ev": "turnL", "d11": "0.598", "d3": "tick=262052 goal=0 here=0", "x_": "opts=[(2.3, 'L')]"}
{"t": 1789616986.1, "x": -2.37, "y": 1.56, "h": 359, "ev": "drive", "d11": "0.609", "d3": "tick=262134 goal=0 here=0", "x_": "d=96 exp=0.06 got=0.01 front"}
{"t": 1789616986.4, "x": -2.37, "y": 1.56, "h": 360, "ev": "scan", "d11": "0.608", "d3": "tick=262158 goal=0 here=0", "sc": [0.56, 0.28, 0.35, 0.6, 0.55, 1.19, 1.55, 0.8, 0.21, 0.27, 0.31, 0.5, 0.41, 0.52, 1.02, 0.83]}
{"t": 1789616992.7, "x": -2.37, "y": 1.56, "h": 177, "ev": "turnB", "d11": "0.615", "d3": "tick=262792 goal=0 here=0", "x_": "opts=[(0, 'B')]"}
{"t": 1789616993.2, "x": -2.36, "y": 1.55, "h": 178, "ev": "drive", "d11": "0.621", "d3": "tick=262847 goal=0 here=0", "x_": "d=-1 exp=-0.00 got=-0.01 front"}
{"t": 1789616993.3, "x": -2.36, "y": 1.55, "h": 178, "ev": "ESCAPE", "d11": "0.627", "d3": "tick=262849 goal=0 here=0"}
{"t": 1789616999.2, "x": -2.35, "y": 1.37, "h": 91, "ev": "scan", "d11": "0.575", "d3": "tick=263441 goal=0 here=0", "sc": [0.61, 0.67, 1.67, 0.96, 0.37, 0.44, 0.53, 0.42, 0.47, 0.97, 0.86, 0.73, 0.4, 0.12, 0.15, 0.25]}
{"t": 1789617005.6, "x": -2.35, "y": 1.37, "h": 277, "ev": "turnB", "d11": "0.466", "d3": "tick=264081 goal=0 here=0", "x_": "opts=[(0, 'B')]"}
{"t": 1789617007.2, "x": -2.29, "y": 1.16, "h": 290, "ev": "drive", "d11": "0.490", "d3": "tick=264244 goal=0 here=0", "x_": "d=360 exp=0.21 got=0.22 front"}
{"t": 1789617009.1, "x": -2.29, "y": 1.16, "h": 273, "ev": "scan", "d11": "0.497", "d3": "tick=264434 goal=0 here=0", "sc": [0.29, 0.79, 0.76, 0.63, 0.6, 0.42, 0.35, 0.24, 0.81, 1.46, 1.17, 0.43, 0.43, 0.42, 0.29, 0.28]}
{"t": 1789617015.3, "x": -2.29, "y": 1.16, "h": 98, "ev": "turnB", "d11": "0.509", "d3": "tick=265056 goal=0 here=0", "x_": "opts=[(-10.3, 'B')]"}
{"t": 1789617015.8, "x": -2.29, "y": 1.17, "h": 100, "ev": "drive", "d11": "0.506", "d3": "tick=265106 goal=0 here=0", "x_": "d=0 exp=-0.00 got=-0.00 front"}
{"t": 1789617017.5, "x": -2.29, "y": 1.17, "h": 90, "ev": "scan", "d11": "0.490", "d3": "tick=265266 goal=0 here=0", "sc": [0.76, 0.84, 1.8, 0.42, 0.43, 0.4, 0.36, 0.26, 0.29, 0.83, 0.78, 0.66, 0.66, 0.62, 0.38, 0.24]}
