1787896429 RX9: 
1787896432 RX9: 
1787896435 RX9: 
1787896461 RX9: 
1787896471 RX9: 
1787896479 RX9: 
1787896481 RX9: 
1787896489 RX9: 
1787896495 RX9: 
1787896514 RX9: 
1787896517 RX9: 
1787896520 RX9: 
1787896528 RX9: 
1787896531 RX9: 
1787896565 RX9: 
1787896578 RX9: 
1787896599 RX9: 
1787896607 RX9: 
1787896609 RX9: 
1787896613 RX9: 
1787896635 RX9: 
1787896643 RX9: 
1787896648 RX9: 
1787896666 RX9: 
1787896680 RX9: 
1787896696 RX9: 
1787896696 RX9: 
1787896718 RX9: 
1787896738 RX9: 
1787896740 RX9: 
1787896744 RX9: 
1787896749 RX9: 
1787896751 RX9: 
1787896753 RX9: 
1787896761 RX9: 
1787896766 RX9: 
1787896768 RX9: 
1787896773 RX9: 
1787896781 RX9: 
1787896782 RX9: 
1787896783 RX9: 
1787896806 RX9: 
1787896819 RX9: 
1787896853 RX5: ping
1787896855 RX5: ping
1787896856 RX9: 
1787896857 RX5: ping
1787896858 RX9: 
1787896859 RX5: ping
1787896861 RX5: ping
1787896863 RX5: ping
1787896887 RX9: 
1787896910 RX9: 
1787896917 RX9: 
1787896948 RX9: 
1787896957 RX5: ping
1787896959 RX5: ping
1787896961 RX5: ping
1787896963 RX5: ping
1787896964 RX5: ping
1787896964 RX5: where
1787896964 RX5: dist
1787896964 RX5: goal
1787896968 RX9: 
1787896969 RX9: 
1787896970 RX9: 
1787896973 RX5: ping
1787896973 RX5: ping
1787896973 RX5: where
1787896973 RX9: 
1787896974 RX5: help
1787896974 RX9: 
1787896976 RX9: 
1787896985 RX9: 
1787896986 RX9: 
1787896992 RX5: ping
1787896992 RX5: ping
1787896993 RX5: ping
1787896993 RX5: ping
1787896994 RX5: ping
1787896994 RX5: ping
1787896996 RX9: 
1787896997 RX9: 
1787897010 RX9: 
1787897020 RX9: 
1787897034 RX9: 
1787897035 RX9: 
1787897041 RX5: ping
1787897043 RX5: ping
1787897043 RX5: ping
1787897044 RX9: 
1787897045 RX5: ping
1787897045 RX5: ping
1787897045 RX5: ping
1787897046 RX9: 
1787897046 RX5: ping
1787897046 RX5: ping
1787897047 RX5: ping
1787897047 RX5: ping
1787897047 RX5: ping
1787897047 RX5: ping
1787897052 RX9: 
1787897059 RX9: 
1787897066 RX5: ping
1787897066 RX9: 
1787897067 RX5: ping
1787897067 RX5: ping
1787897069 RX5: ping
1787897070 RX5: ping
1787897070 RX5: ping
1787897073 RX9: 
1787897074 RX5: ping
1787897074 RX5: ping
1787897075 RX5: ping
1787897076 RX5: ping
1787897076 RX5: ping
1787897080 RX5: ping
1787897080 RX5: ping
1787897081 RX5: ping
1787897081 RX5: ping
1787897083 RX5: ping
1787897084 RX5: ping
1787897089 RX9: 
1787897090 RX9: 
1787897091 RX5: ping
1787897098 RX5: ping
1787897106 RX5: ping
1787897113 RX5: ping
1787897121 RX5: ping
1787897128 RX5: ping
1787897150 RX9: 
1787897152 RX9: 
1787897165 RX9: 
1787897221 RX9: 
1787897241 RX9: 
1787897265 RX9: 
1787897277 RX9: 
1787897318 RX9: 
1787897322 RX9: 
1787897328 RX9: 
1787897335 RX9: 
1787897335 RX9: 
1787897350 RX9: 
1787897360 RX9: 
1787897360 RX9: 
1787897363 RX9: 
1787897365 RX5: ping
1787897365 RX5: ping
1787897365 RX5: ping
1787897366 RX5: ping
1787897366 RX5: ping
1787897373 RX5: ping
1787897373 RX5: ping
1787897373 RX5: ping
1787897373 RX5: ping
1787897374 RX5: ping
1787897375 RX9: 
1787897397 RX5: ping
1787897401 RX5: ping
1787897402 RX5: ping
1787897402 RX5: ping
1787897402 RX5: ping
1787897402 RX9: 
1787897402 RX5: ping
1787897410 RX5: ping
1787897410 RX5: ping
1787897410 RX5: ping
1787897410 RX5: ping
1787897411 RX5: ping
1787897414 RX9: 
1787897429 RX5: ping
1787897429 RX5: ping
1787897429 RX5: ping
1787897429 RX5: ping
1787897430 RX5: ping
1787897430 RX9: 
1787897437 RX5: ping
1787897440 RX5: ping
1787897441 RX5: ping
1787897441 RX5: ping
1787897441 RX5: ping
1787897441 RX5: ping
1787897449 RX5: ping
1787897449 RX5: ping
1787897449 RX5: ping
1787897450 RX5: ping
1787897450 RX5: ping
1787897470 RX5: ping
1787897471 RX5: ping
1787897471 RX5: ping
1787897471 RX5: ping
1787897472 RX5: ping
1787897472 RX5: ping
1787897476 RX9: 
1787897480 RX5: ping
1787897480 RX5: ping
1787897480 RX5: ping
1787897481 RX5: ping
1787897481 RX5: ping
1787897498 RX9: 
1787897514 RX9: 
1787897516 RX5: ping
1787897516 RX5: ping
1787897517 RX5: ping
1787897517 RX5: ping
1787897518 RX5: ping
1787897518 RX9: 
1787897518 RX5: ping
1787897519 RX5: ping
1787897519 RX5: ping
1787897520 RX5: ping
1787897521 RX5: ping
1787897521 RX5: ping
1787897522 RX5: ping
1787897522 RX5: ping
1787897523 RX5: ping
1787897523 RX5: ping
1787897524 RX5: ping
1787897524 RX5: ping
1787897525 RX5: ping
1787897525 RX5: ping
1787897526 RX5: ping
1787897527 RX5: ping
1787897527 RX5: ping
1787897528 RX5: ping
1787897528 RX5: ping
1787897531 RX9: 
1787897533 RX9: 
1787897566 RX5: ping
1787897566 RX5: ping
1787897566 RX5: ping
1787897567 RX5: ping
1787897567 RX5: ping
1787897567 RX5: ping
1787897568 RX5: ping
1787897568 RX5: ping
1787897568 RX5: ping
1787897568 RX5: ping
1787897568 RX5: ping
1787897569 RX5: ping
1787897569 RX5: ping
1787897569 RX5: ping
1787897569 RX5: ping
1787897569 RX5: ping
1787897570 RX5: ping
1787897570 RX5: ping
1787897570 RX5: ping
1787897571 RX5: ping
1787897571 RX5: ping
1787897571 RX5: ping
1787897571 RX5: ping
1787897572 RX5: ping
1787897572 RX5: ping
1787897572 RX5: ping
1787897572 RX5: ping
1787897573 RX5: ping
1787897573 RX5: ping
1787897573 RX5: ping
1787897574 RX5: ping
1787897574 RX5: ping
1787897574 RX5: ping
1787897574 RX5: ping
1787897586 RX5: ping
1787897586 RX5: ping
1787897586 RX5: ping
1787897587 RX5: ping
1787897587 RX5: ping
1787897587 RX5: ping
1787897587 RX5: ping
1787897588 RX5: ping
1787897588 RX5: ping
1787897588 RX5: ping
1787897589 RX5: ping
1787897589 RX5: ping
1787897589 RX5: ping
1787897589 RX5: ping
1787897590 RX5: ping
1787897590 RX5: ping
1787897590 RX5: ping
1787897591 RX5: ping
1787897591 RX5: ping
1787897591 RX5: ping
1787897591 RX5: ping
1787897592 RX5: ping
1787897592 RX5: ping
1787897592 RX5: ping
1787897592 RX5: ping
1787897593 RX5: ping
1787897593 RX5: ping
1787897593 RX5: ping
1787897593 RX5: ping
1787897594 RX5: ping
1787897594 RX5: ping
1787897594 RX5: ping
1787897594 RX5: ping
1787897594 RX5: ping
1787897595 RX5: ping
1787897595 RX5: ping
1787897595 RX5: ping
1787897595 RX5: ping
1787897598 RX9: 
1787897599 RX9: 
1787897603 RX5: ping
1787897603 RX5: ping
1787897603 RX5: ping
1787897604 RX5: ping
1787897604 RX5: ping
1787897604 RX5: ping
1787897604 RX5: ping
1787897604 RX5: ping
1787897605 RX5: ping
1787897605 RX5: ping
1787897605 RX5: ping
1787897605 RX5: ping
1787897606 RX5: ping
1787897606 RX5: ping
1787897606 RX5: ping
1787897607 RX5: ping
1787897607 RX5: ping
1787897607 RX5: ping
1787897607 RX5: ping
1787897607 RX5: ping
1787897608 RX5: ping
1787897608 RX9: 
1787897608 RX5: ping
1787897608 RX5: ping
1787897608 RX5: ping
1787897609 RX5: ping
1787897609 RX5: ping
1787897609 RX5: ping
1787897609 RX5: ping
1787897610 RX5: ping
1787897610 RX5: ping
1787897610 RX5: ping
1787897610 RX5: ping
1787897611 RX5: ping
1787897611 RX5: ping
1787897611 RX5: ping
1787897611 RX5: ping
1787897612 RX5: ping
1787897612 RX5: ping
1787897612 RX9: 
1787897612 RX5: ping
1787897613 RX5: ping
1787897613 RX5: ping
1787897613 RX5: ping
1787897613 RX5: ping
1787897627 RX5: ping
1787897627 RX5: ping
1787897627 RX5: ping
1787897627 RX5: ping
1787897627 RX9: 
1787897627 RX5: ping
1787897628 RX5: ping
1787897628 RX9: 
1787897628 RX5: ping
1787897628 RX5: ping
1787897628 RX5: ping
1787897629 RX5: ping
1787897629 RX5: ping
1787897629 RX5: ping
1787897629 RX5: ping
1787897630 RX5: ping
1787897630 RX5: ping
1787897630 RX5: ping
1787897630 RX5: ping
1787897631 RX5: ping
1787897631 RX5: ping
1787897631 RX5: ping
1787897631 RX5: ping
1787897632 RX5: ping
1787897632 RX5: ping
1787897632 RX5: ping
1787897632 RX5: ping
1787897633 RX5: ping
1787897633 RX5: ping
1787897633 RX5: ping
1787897633 RX5: ping
1787897634 RX5: ping
1787897640 RX5: ping
1787897641 RX5: ping
1787897641 RX5: ping
1787897641 RX5: ping
1787897642 RX5: ping
1787897642 RX5: ping
1787897642 RX5: ping
1787897642 RX5: ping
1787897642 RX5: ping
1787897643 RX5: ping
1787897643 RX5: ping
1787897643 RX5: ping
1787897643 RX5: ping
1787897644 RX5: ping
1787897644 RX5: ping
1787897644 RX5: ping
1787897645 RX5: ping
1787897645 RX5: ping
1787897645 RX5: ping
1787897645 RX5: ping
1787897645 RX5: ping
1787897646 RX5: ping
1787897646 RX5: ping
1787897646 RX5: ping
1787897646 RX5: ping
1787897646 RX5: ping
1787897647 RX5: ping
1787897647 RX9: 
1787897647 RX5: ping
1787897647 RX5: ping
1787897648 RX5: ping
1787897648 RX5: ping
1787897648 RX5: ping
1787897648 RX5: ping
1787897648 RX5: ping
1787897649 RX5: ping
1787897649 RX5: ping
1787897649 RX9: 
1787897662 RX5: ping
1787897662 RX5: ping
1787897662 RX5: ping
1787897663 RX5: ping
1787897663 RX5: ping
1787897663 RX9: 
1787897663 RX5: ping
1787897664 RX5: ping
1787897664 RX5: ping
1787897665 RX5: ping
1787897665 RX9: 
1787897665 RX5: ping
1787897665 RX5: ping
1787897665 RX5: ping
1787897666 RX5: ping
1787897666 RX5: ping
1787897666 RX5: ping
1787897666 RX5: ping
1787897666 RX5: ping
1787897667 RX5: ping
1787897667 RX5: ping
1787897667 RX9: 
1787897667 RX5: ping
1787897668 RX5: ping
1787897668 RX5: ping
1787897668 RX5: ping
1787897668 RX5: ping
1787897668 RX5: ping
1787897669 RX5: ping
1787897669 RX5: ping
1787897669 RX5: ping
1787897670 RX5: ping
1787897670 RX5: ping
1787897670 RX5: ping
1787897670 RX5: ping
1787897671 RX5: ping
1787897671 RX5: ping
1787897671 RX5: ping
1787897671 RX5: ping
1787897678 RX5: ping
1787897678 RX5: ping
1787897679 RX5: ping
1787897679 RX5: ping
1787897679 RX5: ping
1787897679 RX5: ping
1787897680 RX5: ping
1787897680 RX5: ping
1787897680 RX5: ping
1787897680 RX5: ping
1787897680 RX5: ping
1787897681 RX5: ping
1787897681 RX5: ping
1787897688 RX5: ping
1787897688 RX5: ping
1787897688 RX5: ping
1787897688 RX5: ping
1787897689 RX5: ping
1787897689 RX5: ping
1787897689 RX5: ping
1787897689 RX5: ping
1787897689 RX5: ping
1787897690 RX5: ping
1787897690 RX5: ping
1787897690 RX5: ping
1787897691 RX5: ping
1787897691 RX5: ping
1787897691 RX5: ping
1787897693 RX9: 
1787897697 RX9: 
1787897700 RX9: 
1787897702 RX9: 
1787897706 RX5: ping
1787897707 RX5: ping
1787897707 RX5: hello
1787897707 RX5: 123
1787897707 RX5: where
1787897708 RX5: goal
1787897708 RX5: help
1787897708 RX5: ping
1787897709 RX5: ping
1787897709 RX5: ping
1787897709 RX5: ping
1787897709 RX5: ping
1787897720 RX5: ping
1787897721 RX5: ping
1787897721 RX9: 
1787897721 RX5: ping
1787897722 RX5: ping
1787897722 RX5: ping
1787897723 RX5: ping
1787897723 RX5: ping
1787897724 RX5: ping
1787897724 RX5: ping
1787897725 RX5: ping
1787897725 RX5: ping
1787897726 RX5: ping
1787897726 RX5: ping
1787897727 RX5: ping
1787897727 RX5: ping
1787897728 RX5: ping
1787897728 RX5: ping
1787897729 RX5: ping
1787897729 RX5: ping
1787897730 RX5: ping
1787897730 RX5: ping
1787897731 RX5: ping
1787897731 RX5: ping
1787897732 RX5: ping
1787897733 RX5: ping
1787897733 RX5: ping
1787897733 RX5: ping
1787897734 RX5: ping
1787897734 RX5: ping
1787897735 RX5: ping
1787897735 RX5: ping
1787897736 RX5: ping
1787897737 RX5: ping
1787897737 RX5: ping
1787897737 RX5: ping
1787897738 RX5: ping
1787897738 RX5: ping
1787897739 RX5: ping
1787897740 RX5: ping
1787897740 RX5: ping
1787897743 RX9: 
1787897757 RX9: 
1787897769 RX9: 
1787897769 RX9: 
1787897777 RX9: 
1787897786 RX9: 
1787897790 RX9: 
1787897801 RX5: p
1787897807 RX5: p
1787897807 RX5: p
1787897807 RX5: p
1787897807 RX5: p
1787897807 RX5: p
1787897808 RX5: p
1787897808 RX5: p
1787897808 RX5: p
1787897808 RX5: p
1787897808 RX5: p
1787897809 RX5: p
1787897809 RX5: p
1787897809 RX5: p
1787897809 RX5: p
1787897810 RX5: p
1787897810 RX5: p
1787897810 RX5: p
1787897810 RX5: p
1787897810 RX5: p
1787897811 RX5: p
1787897811 RX5: p
1787897811 RX5: p
1787897811 RX5: p
1787897811 RX5: p
1787897812 RX5: p
1787897812 RX5: p
1787897812 RX5: p
1787897812 RX5: p
1787897813 RX5: p
1787897813 RX5: p
1787897813 RX5: p
1787897813 RX5: p
1787897813 RX5: p
1787897814 RX5: p
1787897814 RX5: p
1787897814 RX5: p
1787897814 RX5: p
1787897815 RX5: p
1787897815 RX5: p
1787897815 RX5: p
1787897815 RX5: p
1787897816 RX5: p
1787897816 RX5: p
1787897816 RX5: p
1787897816 RX5: p
1787897816 RX5: p
1787897817 RX5: p
1787897817 RX5: p
1787897817 RX5: p
1787897817 RX5: p
1787897817 RX5: p
1787897818 RX5: p
1787897818 RX5: p
1787897818 RX5: p
1787897818 RX5: p
1787897819 RX5: p
1787897819 RX5: p
1787897819 RX5: p
1787897819 RX5: p
1787897819 RX5: p
1787897820 RX5: p
1787897820 RX5: p
1787897820 RX5: p
1787897820 RX5: p
1787897820 RX5: p
1787897821 RX5: p
1787897821 RX5: p
1787897821 RX5: p
1787897821 RX5: p
1787897822 RX5: p
1787897822 RX5: p
1787897822 RX5: p
1787897822 RX5: p
1787897822 RX5: p
1787897823 RX5: p
1787897823 RX5: p
1787897823 RX5: p
1787897823 RX5: p
1787897823 RX5: p
1787897824 RX5: p
1787897824 RX5: p
1787897824 RX5: p
1787897824 RX5: p
1787897824 RX9: 
1787897825 RX5: p
1787897825 RX5: p
1787897825 RX5: p
1787897825 RX5: p
1787897825 RX5: p
1787897826 RX5: p
1787897826 RX5: p
1787897826 RX5: p
1787897827 RX5: p
1787897827 RX5: p
1787897827 RX5: p
1787897827 RX9: 
1787897827 RX5: p
1787897828 RX5: p
1787897828 RX5: p
1787897828 RX5: p
1787897828 RX5: p
1787897828 RX5: p
1787897829 RX5: p
1787897829 RX5: p
1787897829 RX5: p
1787897829 RX5: p
1787897829 RX5: p
1787897830 RX5: p
1787897830 RX9: 
1787897830 RX5: p
1787897830 RX5: p
1787897830 RX5: p
1787897831 RX5: p
1787897831 RX5: p
1787897831 RX5: p
1787897831 RX5: p
1787897831 RX5: p
1787897832 RX5: p
1787897832 RX5: p
1787897832 RX5: p
1787897832 RX5: p
1787897833 RX5: p
1787897833 RX5: p
1787897833 RX5: p
1787897833 RX5: p
1787897833 RX5: p
1787897834 RX5: p
1787897834 RX5: p
1787897834 RX5: p
1787897834 RX5: p
1787897834 RX5: p
1787897835 RX5: p
1787897835 RX5: p
1787897835 RX5: p
1787897835 RX5: p
1787897836 RX5: p
1787897836 RX5: p
1787897836 RX5: p
1787897836 RX9: 
1787897836 RX5: p
1787897836 RX5: p
1787897837 RX5: p
1787897837 RX5: p
1787897837 RX5: p
1787897837 RX5: p
1787897838 RX5: p
1787897838 RX5: p
1787897838 RX9: 
1787897838 RX5: p
1787897838 RX5: p
1787897839 RX5: p
1787897839 RX5: p
1787897839 RX5: p
1787897839 RX5: p
1787897839 RX5: p
1787897840 RX5: p
1787897840 RX5: p
1787897840 RX5: p
1787897840 RX5: p
1787897840 RX5: p
1787897841 RX5: p
1787897841 RX5: p
1787897841 RX5: p
1787897841 RX5: p
1787897842 RX5: p
1787897842 RX5: p
1787897842 RX5: p
1787897842 RX5: p
1787897842 RX5: p
1787897843 RX5: p
1787897843 RX5: p
1787897843 RX5: p
1787897843 RX5: p
1787897843 RX5: p
1787897844 RX5: p
1787897844 RX5: p
1787897844 RX5: p
1787897844 RX5: p
1787897845 RX5: p
1787897845 RX5: p
1787897845 RX5: p
1787897845 RX5: p
1787897845 RX5: p
1787897846 RX5: p
1787897846 RX5: p
1787897846 RX5: p
1787897846 RX5: p
1787897847 RX5: p
1787897847 RX5: p
1787897847 RX5: p
1787897847 RX5: p
1787897847 RX5: p
1787897848 RX5: p
1787897848 RX5: p
1787897848 RX5: p
1787897854 RX9: 
1787897929 RX9: 
1787897956 RX9: 
1787897957 RX9: 
