1789581774.6 RUN h=223 b8=0.63 dl=0.16 dr=0.96 ticks=28
1789581777.3 TURN rand best=10 err=2 ticks=149 b8=0.45
1789581785.6 RUN h=271 b8=0.84 dl=1.09 dr=0.35 ticks=166
1789581786.0 DETOUR -45
1789581793.5 TURN rand best=10 err=2 ticks=202 b8=0.45
1789581800.1 TURN rand best=11 err=3 ticks=198 b8=0.42
1789581810.9 POSE x=-0.06 y=-0.05 th=221 ticks=194 d11=0.314 d3=tick=575403 goal=0 here=0
1789581811.5 RUN h=325 b8=0.48 dl=0.35 dr=0.11 ticks=199
1789581821.6 RUN h=305 b8=1.06 dl=0.42 dr=0.10 ticks=662
1789581832.0 RUN h=294 b8=1.02 dl=0.60 dr=0.36 ticks=1136
1789581841.1 POSE x=-0.47 y=-0.41 th=221 ticks=1555 d11=0.265 d3=tick=578422 goal=0 here=0
1789581842.3 RUN h=287 b8=0.89 dl=1.12 dr=0.41 ticks=1611
1789581852.6 RUN h=283 b8=0.86 dl=1.08 dr=0.41 ticks=2081
1789581862.8 RUN h=284 b8=0.86 dl=1.11 dr=0.42 ticks=2547
1789581871.4 POSE x=-0.88 y=-0.77 th=221 ticks=2941 d11=0.279 d3=tick=581453 goal=0 here=0
1789581873.1 RUN h=285 b8=0.86 dl=1.06 dr=0.43 ticks=3018
1789581883.4 RUN h=283 b8=0.88 dl=1.07 dr=0.44 ticks=3488
1789581893.7 RUN h=284 b8=0.87 dl=1.10 dr=0.44 ticks=3959
1789581901.9 POSE x=-1.30 y=-1.14 th=221 ticks=4333 d11=0.248 d3=tick=584498 goal=0 here=0
1789581904.0 RUN h=285 b8=0.86 dl=1.07 dr=0.41 ticks=4431
1789581914.3 RUN h=283 b8=0.86 dl=1.07 dr=0.42 ticks=4900
1789581924.6 RUN h=284 b8=0.87 dl=1.07 dr=0.41 ticks=5371
1789581926.8 DETOUR 45
1789581934.4 POSE x=-1.65 y=-1.44 th=221 ticks=5482 d11=0.284 d3=tick=587752 goal=0 here=0
1789581935.0 RUN h=327 b8=0.55 dl=0.40 dr=0.10 ticks=5489
1789581945.0 RUN h=313 b8=1.16 dl=0.43 dr=0.11 ticks=5947
1789581955.4 RUN h=299 b8=1.04 dl=0.56 dr=0.12 ticks=6423
1789581964.5 POSE x=-2.06 y=-1.80 th=221 ticks=6840 d11=0.294 d3=tick=590763 goal=0 here=0
1789581965.5 CROSS L
1789581973.5 TURN rand best=6 err=-2 ticks=6903 b8=0.43
1789581981.8 RUN h=201 b8=1.09 dl=0.09 dr=1.00 ticks=6911
1789581992.0 RUN h=214 b8=1.25 dl=0.09 dr=0.86 ticks=7374
1789581992.9 DETOUR 90
1789582008.0 POSE x=-2.23 y=-1.96 th=221 ticks=7427 d11=0.271 d3=tick=595112 goal=0 here=0
1789582008.6 RUN h=303 b8=1.05 dl=0.40 dr=0.12 ticks=7431
1789582018.9 RUN h=291 b8=0.99 dl=0.61 dr=0.36 ticks=7902
1789582029.1 RUN h=287 b8=0.90 dl=1.10 dr=0.42 ticks=8370
1789582038.2 POSE x=-2.64 y=-2.31 th=221 ticks=8783 d11=0.362 d3=tick=598129 goal=0 here=0
1789582039.4 RUN h=286 b8=0.86 dl=1.10 dr=0.41 ticks=8839
1789582046.0 RUN h=282 b8=0.86 dl=1.07 dr=0.42 ticks=25
1789582056.3 RUN h=280 b8=0.85 dl=1.01 dr=0.47 ticks=599
1789582066.6 RUN h=278 b8=0.87 dl=1.01 dr=0.46 ticks=1171
1789582075.6 POSE x=0.16 y=-0.65 th=284 ticks=1676 d11=0.359 d3=tick=601870 goal=0 here=0
1789582076.8 RUN h=279 b8=0.88 dl=1.00 dr=0.46 ticks=1744
1789582087.1 RUN h=282 b8=0.86 dl=1.03 dr=0.44 ticks=2321
1789582097.4 RUN h=279 b8=0.87 dl=1.01 dr=0.45 ticks=2894
1789582106.0 POSE x=0.32 y=-1.31 th=284 ticks=3370 d11=0.551 d3=tick=604904 goal=0 here=0
1789582107.7 RUN h=278 b8=0.51 dl=1.00 dr=0.47 ticks=3470
1789582118.0 RUN h=278 b8=0.87 dl=1.00 dr=0.46 ticks=4044
1789582128.1 RUN h=280 b8=0.86 dl=1.01 dr=0.45 ticks=4613
1789582136.3 POSE x=0.49 y=-1.96 th=284 ticks=5065 d11=0.586 d3=tick=607937 goal=0 here=0
1789582138.5 RUN h=279 b8=0.86 dl=1.00 dr=0.46 ticks=5192
1789582141.1 CROSS L
1789582149.1 TURN rand best=9 err=1 ticks=5359 b8=0.43
1789582153.0 RUN h=252 b8=0.46 dl=0.24 dr=0.54 ticks=5362
1789582153.3 TURN rand best=11 err=3 ticks=5384 b8=0.44
1789582164.7 RUN h=315 b8=1.17 dl=0.43 dr=0.11 ticks=5404
1789582166.3 POSE x=0.53 y=-2.13 th=284 ticks=5489 d11=0.537 d3=tick=610944 goal=0 here=0
1789582174.8 RUN h=296 b8=1.04 dl=0.59 dr=0.15 ticks=5970
1789582184.8 RUN h=288 b8=0.92 dl=1.10 dr=0.40 ticks=6529
1789582195.0 RUN h=283 b8=0.89 dl=1.09 dr=0.41 ticks=7098
1789582196.3 POSE x=0.69 y=-2.78 th=284 ticks=7169 d11=0.532 d3=tick=613938 goal=0 here=0
1789582205.3 RUN h=283 b8=0.86 dl=1.07 dr=0.40 ticks=7675
1789582215.3 RUN h=283 b8=0.87 dl=1.07 dr=0.43 ticks=8235
1789582223.1 CROSS L
1789582231.8 POSE x=0.84 y=-3.37 th=284 ticks=8697 d11=0.498 d3=tick=617492 goal=0 here=0
1789582231.9 TURN rand best=10 err=2 ticks=8697 b8=0.42
1789582240.7 RUN h=284 b8=0.87 dl=1.09 dr=0.43 ticks=8708
1789582250.7 RUN h=277 b8=0.50 dl=0.98 dr=0.49 ticks=9267
1789582260.9 RUN h=278 b8=0.50 dl=0.99 dr=0.48 ticks=9838
1789582262.2 POSE x=0.96 y=-3.84 th=284 ticks=9909 d11=0.599 d3=tick=620532 goal=0 here=0
1789582271.0 RUN h=280 b8=0.52 dl=0.98 dr=0.48 ticks=10401
1789582281.3 RUN h=279 b8=0.87 dl=1.01 dr=0.48 ticks=10975
1789582291.3 RUN h=279 b8=0.50 dl=0.99 dr=0.48 ticks=11539
1789582292.2 POSE x=1.12 y=-4.50 th=284 ticks=11588 d11=0.485 d3=tick=623532 goal=0 here=0
1789582301.4 RUN h=277 b8=0.51 dl=1.00 dr=0.48 ticks=12099
1789582311.4 RUN h=278 b8=0.53 dl=0.97 dr=0.49 ticks=12660
1789582321.7 RUN h=277 b8=0.50 dl=0.99 dr=0.48 ticks=13239
1789582322.7 POSE x=1.28 y=-5.16 th=284 ticks=13288 d11=0.611 d3=tick=626576 goal=0 here=0
1789582332.1 RUN h=279 b8=0.51 dl=0.99 dr=0.48 ticks=13818
1789582342.2 RUN h=276 b8=0.50 dl=0.98 dr=0.49 ticks=14383
1789582348.9 DETOUR 45
1789582357.2 POSE x=1.43 y=-5.73 th=284 ticks=14777 d11=0.592 d3=tick=630024 goal=0 here=0
1789582357.7 RUN h=322 b8=1.36 dl=0.44 dr=0.10 ticks=14784
1789582368.2 RUN h=309 b8=1.17 dl=0.42 dr=0.10 ticks=15368
1789582378.3 RUN h=294 b8=1.02 dl=0.60 dr=0.15 ticks=15936
1789582387.6 POSE x=1.59 y=-6.38 th=284 ticks=16453 d11=0.543 d3=tick=633066 goal=0 here=0
1789582388.5 RUN h=288 b8=0.91 dl=1.09 dr=0.40 ticks=16504
1789582391.4 CROSS L
1789582399.9 TURN rand best=7 err=-1 ticks=16705 b8=0.43
1789582404.5 RUN h=223 b8=0.59 dl=0.13 dr=1.01 ticks=16714
1789582414.7 RUN h=230 b8=1.60 dl=0.23 dr=1.03 ticks=17283
1789582418.0 POSE x=1.68 y=-6.78 th=284 ticks=17465 d11=0.531 d3=tick=636108 goal=0 here=0
1789582418.1 TURN rand best=7 err=-1 ticks=17473 b8=0.42
1789582424.6 DETOUR 90
1789582441.0 RUN h=308 b8=1.15 dl=0.42 dr=0.13 ticks=17654
1789582448.4 POSE x=1.74 y=-7.01 th=284 ticks=18063 d11=0.524 d3=tick=639147 goal=0 here=0
1789582451.7 RUN h=294 b8=1.03 dl=0.58 dr=0.15 ticks=18248
1789582462.1 RUN h=286 b8=0.91 dl=1.11 dr=0.39 ticks=18833
1789582472.3 RUN h=287 b8=0.90 dl=1.11 dr=0.40 ticks=19404
1789582478.8 POSE x=1.91 y=-7.67 th=284 ticks=19764 d11=0.587 d3=tick=642190 goal=0 here=0
1789582482.5 RUN h=285 b8=0.86 dl=1.08 dr=0.42 ticks=19972
1789582493.0 RUN h=288 b8=0.87 dl=1.10 dr=0.43 ticks=20559
1789582493.8 CROSS L
1789582502.5 TURN rand best=7 err=-1 ticks=20639 b8=0.44
1789582506.9 RUN h=224 b8=0.61 dl=0.12 dr=1.00 ticks=20649
1789582509.1 POSE x=2.00 y=-8.06 th=284 ticks=20768 d11=0.557 d3=tick=645222 goal=0 here=0
1789582517.3 RUN h=232 b8=0.56 dl=0.16 dr=1.05 ticks=21228
1789582518.9 TURN rand best=7 err=-1 ticks=21316 b8=0.45
1789582527.7 RUN h=222 b8=0.63 dl=0.11 dr=0.97 ticks=21610
1789582534.0 DETOUR 90
1789582549.6 POSE x=2.12 y=-8.53 th=284 ticks=21969 d11=0.608 d3=tick=649271 goal=0 here=0
1789582550.4 RUN h=316 b8=1.32 dl=0.41 dr=0.10 ticks=21976
1789582560.9 RUN h=306 b8=1.11 dl=0.41 dr=0.09 ticks=22566
1789582571.3 RUN h=291 b8=1.02 dl=0.60 dr=0.35 ticks=23150
1789582579.9 POSE x=2.28 y=-9.17 th=284 ticks=23624 d11=0.468 d3=tick=652296 goal=0 here=0
1789582581.3 RUN h=288 b8=0.90 dl=1.09 dr=0.43 ticks=23705
1789582591.7 RUN h=285 b8=0.88 dl=1.08 dr=0.44 ticks=24291
1789582596.1 CROSS L
1789582604.8 TURN rand best=7 err=-1 ticks=24561 b8=0.43
1789582609.3 RUN h=223 b8=0.63 dl=0.13 dr=0.98 ticks=24571
1789582610.6 POSE x=2.38 y=-9.56 th=284 ticks=24638 d11=0.596 d3=tick=655367 goal=0 here=0
1789582619.4 RUN h=232 b8=0.55 dl=0.16 dr=0.62 ticks=25132
1789582620.4 TURN rand best=9 err=1 ticks=25189 b8=0.45
1789582624.1 TURN rand best=11 err=3 ticks=25210 b8=0.44
1789582636.3 RUN h=315 b8=1.16 dl=0.43 dr=0.12 ticks=25213
1789582641.1 POSE x=2.46 y=-9.89 th=284 ticks=25481 d11=0.597 d3=tick=658419 goal=0 here=0
1789582646.9 RUN h=294 b8=1.02 dl=0.60 dr=0.16 ticks=25807
1789582657.0 RUN h=287 b8=0.93 dl=1.09 dr=0.39 ticks=26374
1789582667.4 RUN h=284 b8=0.87 dl=1.09 dr=0.44 ticks=26953
1789582671.2 POSE x=2.62 y=-10.54 th=284 ticks=27165 d11=0.487 d3=tick=661430 goal=0 here=0
1789582677.6 RUN h=286 b8=0.87 dl=1.10 dr=0.41 ticks=27521
1789582687.9 RUN h=284 b8=0.89 dl=1.11 dr=0.41 ticks=28100
1789582698.2 RUN h=285 b8=0.89 dl=1.10 dr=0.43 ticks=28679
1789582701.7 POSE x=2.79 y=-11.21 th=284 ticks=28872 d11=0.625 d3=tick=664482 goal=0 here=0
1789582708.7 RUN h=285 b8=0.90 dl=1.09 dr=0.44 ticks=29265
1789582718.8 RUN h=286 b8=0.88 dl=1.09 dr=0.41 ticks=29826
1789582729.2 RUN h=284 b8=0.88 dl=1.08 dr=0.43 ticks=30410
1789582731.8 POSE x=2.95 y=-11.86 th=284 ticks=30555 d11=0.647 d3=tick=667494 goal=0 here=0
1789582739.3 RUN h=286 b8=0.90 dl=1.11 dr=0.43 ticks=30973
1789582749.7 RUN h=286 b8=0.89 dl=1.11 dr=0.42 ticks=31555
1789582760.1 RUN h=285 b8=0.88 dl=1.09 dr=0.43 ticks=32137
1789582762.1 POSE x=3.11 y=-12.51 th=284 ticks=32244 d11=0.633 d3=tick=670517 goal=0 here=0
1789582770.1 RUN h=285 b8=0.89 dl=1.11 dr=0.43 ticks=32697
1789582780.6 RUN h=286 b8=0.89 dl=1.10 dr=0.40 ticks=33280
1789582790.6 RUN h=284 b8=0.88 dl=1.10 dr=0.43 ticks=33843
1789582792.1 POSE x=3.27 y=-13.17 th=284 ticks=33920 d11=0.529 d3=tick=673514 goal=0 here=0
1789582800.7 RUN h=284 b8=0.89 dl=1.10 dr=0.42 ticks=34405
1789582810.8 RUN h=286 b8=0.89 dl=1.09 dr=0.41 ticks=34968
1789582820.9 RUN h=283 b8=0.88 dl=1.10 dr=0.43 ticks=35533
1789582822.3 POSE x=3.44 y=-13.82 th=284 ticks=35611 d11=0.535 d3=tick=676540 goal=0 here=0
1789582822.9 CROSS L
1789582831.4 TURN rand best=11 err=3 ticks=35677 b8=0.41
1789582844.9 RUN h=309 b8=1.17 dl=0.41 dr=0.10 ticks=35679
1789582852.7 POSE x=3.48 y=-14.02 th=284 ticks=36113 d11=0.520 d3=tick=679582 goal=0 here=0
1789582855.3 RUN h=295 b8=1.60 dl=0.58 dr=0.14 ticks=36257
1789582865.7 RUN h=287 b8=0.90 dl=1.09 dr=0.41 ticks=36840
1789582873.6 CROSS L
1789582882.0 TURN rand best=11 err=3 ticks=37320 b8=0.42
1789582893.5 POSE x=3.60 y=-14.48 th=284 ticks=37316 d11=0.539 d3=tick=683661 goal=0 here=0
1789582894.5 RUN h=299 b8=1.05 dl=0.54 dr=0.14 ticks=37328
1789582904.4 RUN h=290 b8=0.94 dl=1.09 dr=0.40 ticks=37885
1789582914.8 RUN h=285 b8=0.86 dl=1.09 dr=0.44 ticks=38463
1789582923.8 POSE x=3.76 y=-15.12 th=284 ticks=38966 d11=0.484 d3=tick=686690 goal=0 here=0
1789582925.3 RUN h=283 b8=0.87 dl=1.06 dr=0.43 ticks=39054
1789582933.3 CROSS L
1789582941.9 TURN rand best=7 err=-1 ticks=39537 b8=0.39
1789582946.2 RUN h=221 b8=1.26 dl=0.10 dr=0.92 ticks=39545
1789582953.8 POSE x=3.86 y=-15.51 th=284 ticks=39969 d11=0.598 d3=tick=689692 goal=0 here=0
1789582956.7 RUN h=228 b8=0.58 dl=0.14 dr=1.02 ticks=40129
1789582961.3 TURN rand best=11 err=3 ticks=40390 b8=0.43
1789582973.5 RUN h=298 b8=1.03 dl=0.58 dr=0.14 ticks=40413
1789582983.7 RUN h=288 b8=0.93 dl=1.08 dr=0.40 ticks=40988
1789582984.1 POSE x=3.96 y=-15.92 th=284 ticks=41004 d11=0.601 d3=tick=692717 goal=0 here=0
1789582993.8 RUN h=286 b8=0.89 dl=1.09 dr=0.45 ticks=41550
1789583004.2 RUN h=282 b8=0.86 dl=1.05 dr=0.44 ticks=42132
1789583014.4 RUN h=282 b8=0.85 dl=1.05 dr=0.41 ticks=42702
1789583014.8 POSE x=4.12 y=-16.58 th=284 ticks=42721 d11=0.492 d3=tick=695789 goal=0 here=0
1789583024.8 RUN h=283 b8=0.87 dl=1.07 dr=0.43 ticks=43281
1789583035.4 RUN h=282 b8=0.87 dl=1.07 dr=0.42 ticks=43873
1789583042.0 DETOUR -45
1789583050.1 POSE x=4.27 y=-17.18 th=284 ticks=44269 d11=0.342 d3=tick=699314 goal=0 here=0
1789583050.2 TURN rand best=7 err=-1 ticks=44269 b8=0.44
1789583054.7 RUN h=223 b8=0.61 dl=0.12 dr=0.98 ticks=44280
1789583064.7 RUN h=234 b8=0.57 dl=0.17 dr=1.05 ticks=44841
1789583066.6 TURN rand best=6 err=-2 ticks=44943 b8=0.42
1789583075.3 RUN h=192 b8=1.04 dl=0.08 dr=0.42 ticks=44983
1789583080.6 POSE x=4.37 y=-17.57 th=284 ticks=45276 d11=0.376 d3=tick=702372 goal=0 here=0
1789583085.3 RUN h=201 b8=1.11 dl=0.09 dr=0.37 ticks=45540
1789583095.8 RUN h=211 b8=1.19 dl=0.10 dr=0.86 ticks=46126
1789583105.9 RUN h=219 b8=1.26 dl=0.10 dr=0.91 ticks=46688
1789583110.8 POSE x=4.53 y=-18.23 th=284 ticks=46963 d11=0.393 d3=tick=705393 goal=0 here=0
1789583116.6 RUN h=229 b8=0.57 dl=0.14 dr=1.02 ticks=47284
1789583122.9 TURN rand best=7 err=-1 ticks=47638 b8=0.43
1789583127.5 RUN h=217 b8=1.23 dl=0.10 dr=0.87 ticks=47677
1789583137.5 RUN h=229 b8=0.58 dl=0.13 dr=1.03 ticks=48238
1789583140.8 POSE x=4.67 y=-18.79 th=284 ticks=48420 d11=0.374 d3=tick=708391 goal=0 here=0
1789583144.3 TURN rand best=10 err=2 ticks=48615 b8=0.45
1789583151.0 TURN rand best=10 err=2 ticks=48632 b8=0.38
1789583159.9 RUN h=313 b8=1.17 dl=0.43 dr=0.11 ticks=48635
1789583170.3 RUN h=296 b8=1.01 dl=0.60 dr=0.14 ticks=49220
1789583171.3 POSE x=4.76 y=-19.13 th=284 ticks=49276 d11=0.352 d3=tick=711443 goal=0 here=0
1789583180.5 RUN h=285 b8=0.89 dl=1.11 dr=0.44 ticks=49793
1789583190.6 RUN h=283 b8=0.87 dl=1.05 dr=0.43 ticks=50355
1789583199.6 CROSS L
1789583208.3 POSE x=4.91 y=-19.75 th=284 ticks=50892 d11=0.351 d3=tick=715139 goal=0 here=0
1789583208.3 TURN rand best=6 err=-2 ticks=50892 b8=0.41
1789583217.5 RUN h=196 b8=1.08 dl=0.09 dr=0.38 ticks=50910
1789583222.0 DETOUR 90
1789583238.8 RUN h=288 b8=0.94 dl=1.09 dr=0.36 ticks=51197
1789583239.2 POSE x=4.94 y=-19.88 th=284 ticks=51217 d11=0.263 d3=tick=718224 goal=0 here=0
1789583249.2 RUN h=286 b8=0.89 dl=1.07 dr=0.42 ticks=51781
1789583259.3 RUN h=284 b8=0.86 dl=1.07 dr=0.43 ticks=52347
1789583269.5 RUN h=285 b8=0.88 dl=1.08 dr=0.44 ticks=52915
1789583269.9 POSE x=5.11 y=-20.55 th=284 ticks=52936 d11=0.274 d3=tick=721297 goal=0 here=0
1789583279.5 RUN h=286 b8=0.88 dl=1.07 dr=0.41 ticks=53476
1789583289.7 RUN h=284 b8=0.87 dl=1.08 dr=0.42 ticks=54043
1789583299.5 RUN h=285 b8=0.87 dl=1.08 dr=0.44 ticks=54594
1789583299.9 POSE x=5.27 y=-21.20 th=284 ticks=54611 d11=0.274 d3=tick=724301 goal=0 here=0
1789583305.8 CROSS L
1789583314.1 TURN rand best=10 err=2 ticks=54967 b8=0.42
1789583322.7 RUN h=280 b8=0.85 dl=1.03 dr=0.47 ticks=54975
1789583329.9 POSE x=5.34 y=-21.49 th=284 ticks=55377 d11=0.270 d3=tick=727302 goal=0 here=0
1789583333.0 RUN h=275 b8=0.48 dl=0.99 dr=0.50 ticks=55549
1789583337.6 TURN rand best=10 err=2 ticks=55808 b8=0.45
1789583346.5 RUN h=318 b8=1.31 dl=0.45 dr=0.12 ticks=55839
1789583356.5 RUN h=304 b8=1.07 dl=0.42 dr=0.11 ticks=56398
1789583360.0 POSE x=5.46 y=-21.96 th=284 ticks=56590 d11=0.338 d3=tick=730305 goal=0 here=0
1789583366.6 RUN h=292 b8=0.99 dl=0.61 dr=0.36 ticks=56962
1789583415.2 RUN h=300 b8=1.04 dl=0.56 dr=0.13 ticks=11
1789583425.4 RUN h=289 b8=0.94 dl=1.09 dr=0.37 ticks=583
1789583435.5 RUN h=286 b8=0.90 dl=1.09 dr=0.42 ticks=1148
1789583440.5 CROSS L
1789583449.2 POSE x=0.35 y=-0.46 th=353 havg=241 ticks=1461 d11=0.393 d3=tick=739233 goal=0 here=0
1789583449.3 TURN rand best=7 err=-1 ticks=1459 b8=0.43
1789583453.9 RUN h=220 b8=0.62 dl=0.12 dr=0.99 ticks=1473
1789583464.4 RUN h=231 b8=0.57 dl=0.17 dr=1.05 ticks=2057
1789583466.3 TURN rand best=11 err=3 ticks=2165 b8=0.43
1789583478.4 RUN h=295 b8=1.02 dl=0.56 dr=0.14 ticks=2190
1789583479.7 POSE x=0.65 y=-0.47 th=301 havg=292 ticks=2257 d11=0.337 d3=tick=742274 goal=0 here=0
1789583487.9 DETOUR 45
1789583496.6 RUN h=331 b8=0.54 dl=0.36 dr=0.08 ticks=2756
1789583506.7 RUN h=313 b8=1.23 dl=0.44 dr=0.10 ticks=3325
1789583510.0 POSE x=0.80 y=-0.93 th=288 havg=307 ticks=3507 d11=0.387 d3=tick=745312 goal=0 here=0
1789583517.1 RUN h=294 b8=1.02 dl=0.58 dr=0.16 ticks=3906
1789583527.5 RUN h=286 b8=0.92 dl=1.11 dr=0.39 ticks=4488
1789583537.7 RUN h=287 b8=0.89 dl=1.08 dr=0.40 ticks=5057
1789583540.4 POSE x=1.18 y=-1.48 th=310 havg=284 ticks=5206 d11=0.398 d3=tick=748347 goal=0 here=0
1789583548.2 RUN h=285 b8=0.90 dl=1.11 dr=0.42 ticks=5643
1789583552.7 CROSS L
1789583560.9 TURN rand best=7 err=-1 ticks=5918 b8=0.41
1789583565.5 RUN h=223 b8=0.60 dl=0.11 dr=1.02 ticks=5932
1789583570.6 POSE x=1.49 y=-1.68 th=7 havg=226 ticks=6214 d11=0.338 d3=tick=751373 goal=0 here=0
1789583576.2 RUN h=232 b8=0.57 dl=0.16 dr=1.03 ticks=6531
1789583577.4 TURN rand best=14 err=6 ticks=6595 b8=0.43
1789583601.4 POSE x=1.64 y=-1.68 th=232 havg=7 ticks=6612 d11=0.258 d3=tick=754450 goal=0 here=0
1789583602.5 RUN h=7 b8=0.49 dl=0.50 dr=0.09 ticks=6626
1789583608.1 TURN rand best=6 err=-2 ticks=6937 b8=0.44
1789583616.8 RUN h=313 b8=1.18 dl=0.39 dr=0.14 ticks=6974
1789583627.0 RUN h=296 b8=1.05 dl=0.53 dr=0.13 ticks=7544
1789583631.6 POSE x=1.71 y=-2.10 th=302 havg=296 ticks=7797 d11=0.293 d3=tick=757465 goal=0 here=0
1789583637.0 RUN h=290 b8=0.97 dl=0.60 dr=0.38 ticks=8102
1789583647.2 RUN h=283 b8=0.87 dl=1.08 dr=0.44 ticks=8673
1789583657.4 RUN h=284 b8=0.86 dl=1.08 dr=0.46 ticks=9246
1789583661.8 POSE x=2.13 y=-2.63 th=311 havg=286 ticks=9489 d11=0.252 d3=tick=760492 goal=0 here=0
1789583667.7 RUN h=285 b8=0.85 dl=1.06 dr=0.44 ticks=9822
1789583670.2 CROSS L
1789583678.4 TURN rand best=10 err=2 ticks=9985 b8=0.40
1789583686.8 RUN h=283 b8=0.86 dl=1.05 dr=0.46 ticks=9991
1789583692.0 POSE x=2.34 y=-2.85 th=315 havg=279 ticks=10275 d11=0.290 d3=tick=763505 goal=0 here=0
1789583697.1 RUN h=280 b8=0.49 dl=0.99 dr=0.48 ticks=10564
1789583707.6 RUN h=278 b8=0.47 dl=0.98 dr=0.51 ticks=11151
1789583717.7 RUN h=280 b8=0.47 dl=0.98 dr=0.49 ticks=11716
1789583722.2 POSE x=2.83 y=-3.32 th=317 havg=281 ticks=11963 d11=0.249 d3=tick=766527 goal=0 here=0
1789583727.7 RUN h=278 b8=0.49 dl=0.98 dr=0.51 ticks=12278
1789583738.8 RUN h=282 b8=0.86 dl=0.99 dr=0.47 ticks=36
1789583746.1 TURN rand best=4 err=-4 ticks=479 b8=0.44
1789583762.9 RUN h=188 b8=0.98 dl=0.09 dr=0.44 ticks=525
1789583769.1 POSE x=0.20 y=-0.16 th=9 havg=189 ticks=885 d11=0.270 d3=tick=771222 goal=0 here=0
1789583773.0 RUN h=190 b8=1.07 dl=0.08 dr=0.39 ticks=1116
1789583783.6 RUN h=191 b8=1.08 dl=0.09 dr=0.38 ticks=1735
1789583794.0 RUN h=192 b8=1.10 dl=0.10 dr=0.36 ticks=2349
1789583799.3 POSE x=0.90 y=-0.07 th=4 havg=195 ticks=2654 d11=0.342 d3=tick=774235 goal=0 here=0
1789583804.1 RUN h=195 b8=1.11 dl=0.08 dr=0.36 ticks=2941
1789583814.4 RUN h=194 b8=1.13 dl=0.09 dr=0.37 ticks=3550
1789583824.5 RUN h=198 b8=1.12 dl=0.10 dr=0.38 ticks=4139
1789583829.3 POSE x=1.61 y=-0.04 th=1 havg=199 ticks=4420 d11=0.365 d3=tick=777242 goal=0 here=0
1789583835.1 RUN h=199 b8=1.11 dl=0.10 dr=0.38 ticks=4761
1789583845.2 RUN h=200 b8=1.11 dl=0.10 dr=0.36 ticks=5351
1789583855.6 RUN h=202 b8=1.10 dl=0.10 dr=0.46 ticks=5965
1789583860.0 POSE x=2.33 y=-0.07 th=356 havg=202 ticks=6220 d11=0.350 d3=tick=780307 goal=0 here=0
1789583866.1 RUN h=202 b8=1.11 dl=0.10 dr=0.46 ticks=6588
1789583876.3 RUN h=204 b8=1.12 dl=0.09 dr=0.46 ticks=7187
1789583886.0 DETOUR -90
1789583901.9 POSE x=2.95 y=-0.10 th=79 havg=117 ticks=7780 d11=0.335 d3=tick=784502 goal=0 here=0
1789583902.0 TURN rand best=0 err=-8 ticks=7781 b8=0.10
1789583933.3 POSE x=2.95 y=-0.10 th=270 havg=292 ticks=7765 d11=0.378 d3=tick=787636 goal=0 here=0
1789583933.9 RUN h=292 b8=1.00 dl=0.57 dr=0.33 ticks=7776
1789583943.8 RUN h=287 b8=0.95 dl=1.10 dr=0.42 ticks=8379
1789583946.4 CROSS L
1789583955.0 TURN rand best=5 err=-3 ticks=8566 b8=0.42
1789583966.5 POSE x=2.98 y=-0.41 th=18 havg=179 ticks=8571 d11=0.258 d3=tick=790963 goal=0 here=0
1789583967.4 RUN h=178 b8=1.02 dl=0.09 dr=0.36 ticks=8587
1789583977.5 RUN h=182 b8=1.03 dl=0.10 dr=0.45 ticks=9176
1789583987.8 RUN h=185 b8=1.03 dl=0.09 dr=0.43 ticks=9783
1789583991.1 DETOUR 90
1789584007.1 POSE x=3.52 y=-0.27 th=288 havg=272 ticks=9988 d11=0.289 d3=tick=795017 goal=0 here=0
1789584007.6 RUN h=272 b8=0.49 dl=1.01 dr=0.47 ticks=9996
1789584011.9 TURN rand best=4 err=-4 ticks=10260 b8=0.44
1789584028.8 RUN h=182 b8=1.03 dl=0.09 dr=0.47 ticks=10314
1789584037.3 POSE x=3.76 y=-0.31 th=15 havg=182 ticks=10811 d11=0.272 d3=tick=798036 goal=0 here=0
1789584039.5 RUN h=184 b8=1.02 dl=0.08 dr=0.45 ticks=10940
1789584050.0 RUN h=185 b8=1.01 dl=0.11 dr=0.44 ticks=11561
1789584060.8 RUN h=186 b8=1.00 dl=0.09 dr=0.43 ticks=12193
1789584067.3 POSE x=4.46 y=-0.15 th=12 havg=186 ticks=12575 d11=0.294 d3=tick=801039 goal=0 here=0
1789584070.9 RUN h=187 b8=1.01 dl=0.09 dr=0.42 ticks=12790
1789584081.4 RUN h=190 b8=1.06 dl=0.08 dr=0.40 ticks=13405
1789584092.4 RUN h=191 b8=1.03 dl=0.08 dr=0.40 ticks=14050
1789584094.1 DETOUR -90
1789584110.3 POSE x=5.08 y=-0.04 th=93 havg=102 ticks=14185 d11=0.262 d3=tick=805343 goal=0 here=0
1789584110.4 TURN rand best=14 err=6 ticks=14185 b8=0.09
1789584134.5 TURN rand best=10 err=2 ticks=14175 b8=0.42
1789584142.9 POSE x=5.07 y=-0.03 th=284 havg=278 ticks=14171 d11=0.293 d3=tick=808600 goal=0 here=0
1789584143.7 RUN h=278 b8=0.86 dl=1.00 dr=0.46 ticks=14184
1789584150.8 TURN rand best=4 err=-4 ticks=14618 b8=0.45
1789584167.2 RUN h=186 b8=1.00 dl=0.08 dr=0.44 ticks=14651
1789584173.4 POSE x=5.28 y=-0.17 th=11 havg=188 ticks=15015 d11=0.271 d3=tick=811650 goal=0 here=0
1789584177.7 RUN h=189 b8=1.01 dl=0.09 dr=0.41 ticks=15272
1789584188.1 RUN h=190 b8=1.00 dl=0.10 dr=0.41 ticks=15877
1789584198.7 RUN h=192 b8=1.05 dl=0.08 dr=0.40 ticks=16501
1789584203.7 POSE x=5.98 y=-0.05 th=7 havg=192 ticks=16795 d11=0.288 d3=tick=814680 goal=0 here=0
1789584209.0 RUN h=192 b8=1.08 dl=0.08 dr=0.39 ticks=17106
1789584219.4 RUN h=195 b8=1.06 dl=0.09 dr=0.38 ticks=17723
1789584230.0 RUN h=196 b8=1.09 dl=0.10 dr=0.37 ticks=18345
1789584234.1 POSE x=6.69 y=0.01 th=3 havg=195 ticks=18579 d11=0.265 d3=tick=817715 goal=0 here=0
1789584240.6 RUN h=200 b8=1.11 dl=0.09 dr=0.36 ticks=18968
1789584250.7 RUN h=196 b8=1.12 dl=0.08 dr=0.37 ticks=19565
1789584260.7 RUN h=198 b8=1.10 dl=0.09 dr=0.35 ticks=20151
1789584264.4 POSE x=7.40 y=0.04 th=0 havg=198 ticks=20366 d11=0.273 d3=tick=820748 goal=0 here=0
1789584270.8 RUN h=199 b8=1.11 dl=0.11 dr=0.36 ticks=20746
1789584281.0 RUN h=200 b8=1.10 dl=0.09 dr=0.37 ticks=21342
1789584291.2 RUN h=204 b8=1.10 dl=0.10 dr=0.46 ticks=21934
1789584295.0 POSE x=8.12 y=0.00 th=354 havg=206 ticks=22157 d11=0.366 d3=tick=823812 goal=0 here=0
1789584301.2 RUN h=205 b8=1.13 dl=0.10 dr=0.48 ticks=22522
1789584311.9 RUN h=209 b8=1.15 dl=0.10 dr=0.50 ticks=23146
1789584322.2 RUN h=208 b8=1.14 dl=0.10 dr=0.50 ticks=23758
1789584325.7 POSE x=8.83 y=-0.10 th=351 havg=210 ticks=23961 d11=0.365 d3=tick=826880 goal=0 here=0
1789584332.3 RUN h=210 b8=1.20 dl=0.10 dr=0.85 ticks=24351
1789584342.9 RUN h=213 b8=1.22 dl=0.10 dr=0.87 ticks=24974
1789584353.3 RUN h=211 b8=1.23 dl=0.10 dr=0.85 ticks=25587
1789584356.1 POSE x=9.54 y=-0.24 th=347 havg=213 ticks=25750 d11=0.247 d3=tick=829920 goal=0 here=0
1789584363.8 RUN h=216 b8=1.25 dl=0.09 dr=0.84 ticks=26202
1789584373.9 RUN h=217 b8=1.26 dl=0.09 dr=0.85 ticks=26796
1789584384.0 RUN h=218 b8=1.27 dl=0.11 dr=0.88 ticks=27385
1789584386.9 POSE x=10.23 y=-0.44 th=340 havg=221 ticks=27554 d11=0.272 d3=tick=833003 goal=0 here=0
1789584394.5 RUN h=219 b8=1.26 dl=0.10 dr=0.89 ticks=28004
1789584404.8 RUN h=220 b8=1.26 dl=0.11 dr=0.91 ticks=28612
1789584414.8 RUN h=221 b8=1.30 dl=0.11 dr=0.94 ticks=29200
1789584417.6 POSE x=10.91 y=-0.68 th=339 havg=222 ticks=29360 d11=0.302 d3=tick=836064 goal=0 here=0
1789584425.0 RUN h=224 b8=0.62 dl=0.12 dr=0.99 ticks=29800
1789584435.6 RUN h=227 b8=0.61 dl=0.10 dr=1.01 ticks=30419
1789584443.0 RUN h=227 b8=0.59 dl=0.13 dr=1.02 ticks=56
1789584453.4 RUN h=222 b8=1.30 dl=0.11 dr=0.94 ticks=695
1789584463.7 RUN h=213 b8=1.23 dl=0.10 dr=0.85 ticks=1318
1789584472.6 POSE x=-0.41 y=-0.61 th=246 havg=208 ticks=1860 d11=0.432 d3=tick=841565 goal=0 here=0
1789584473.8 RUN h=206 b8=1.13 dl=0.09 dr=0.46 ticks=1936
1789584484.0 RUN h=200 b8=1.11 dl=0.09 dr=0.35 ticks=2563
1789584494.3 RUN h=192 b8=1.07 dl=0.09 dr=0.38 ticks=3187
1789584503.0 POSE x=-0.58 y=-1.33 th=266 havg=187 ticks=3716 d11=0.427 d3=tick=844609 goal=0 here=0
1789584504.4 RUN h=186 b8=1.00 dl=0.09 dr=0.42 ticks=3805
1789584514.9 RUN h=179 b8=0.96 dl=0.09 dr=0.44 ticks=4449
1789584515.3 DETOUR -45
1789584523.3 TURN rand best=10 err=2 ticks=4502 b8=0.13
1789584531.2 RUN h=170 b8=0.60 dl=0.09 dr=0.35 ticks=4511
1789584533.1 POSE x=-0.56 y=-1.69 th=283 havg=170 ticks=4624 d11=0.332 d3=tick=847616 goal=0 here=0
1789584533.1 TURN rand best=13 err=5 ticks=4629 b8=0.38
1789584554.2 RUN h=282 b8=0.85 dl=1.16 dr=0.35 ticks=4655
1789584563.2 POSE x=-0.79 y=-1.68 th=180 havg=277 ticks=5200 d11=0.450 d3=tick=850631 goal=0 here=0
1789584564.7 RUN h=275 b8=0.83 dl=1.05 dr=0.40 ticks=5293
1789584575.0 RUN h=269 b8=0.48 dl=1.00 dr=0.37 ticks=5922
1789584577.0 TURN rand best=10 err=2 ticks=6047 b8=0.45
1789584585.0 RUN h=302 b8=1.01 dl=0.46 dr=0.30 ticks=6113
1789584593.4 POSE x=-1.34 y=-1.63 th=162 havg=296 ticks=6623 d11=0.437 d3=tick=853651 goal=0 here=0
1789584595.5 RUN h=294 b8=1.02 dl=0.60 dr=0.18 ticks=6753
1789584605.8 RUN h=287 b8=0.88 dl=1.10 dr=0.39 ticks=7382
1789584616.2 RUN h=279 b8=0.87 dl=0.99 dr=0.45 ticks=8014
1789584623.5 POSE x=-2.06 y=-1.52 th=181 havg=275 ticks=8455 d11=0.317 d3=tick=856656 goal=0 here=0
1789584626.5 RUN h=275 b8=0.47 dl=1.00 dr=0.48 ticks=8642
1789584629.9 TURN rand best=5 err=-3 ticks=8841 b8=0.44
1789584639.2 RUN h=220 b8=0.59 dl=0.11 dr=1.02 ticks=11
1789584649.6 RUN h=215 b8=1.22 dl=0.09 dr=0.87 ticks=643
1789584660.3 RUN h=208 b8=1.11 dl=0.09 dr=0.46 ticks=1294
1789584669.2 POSE x=-0.32 y=-0.65 th=253 havg=201 ticks=1832 d11=0.308 d3=tick=861225 goal=0 here=0
1789584670.4 RUN h=199 b8=1.10 dl=0.09 dr=0.37 ticks=1911
1789584680.7 RUN h=194 b8=1.05 dl=0.08 dr=0.38 ticks=2540
1789584691.2 RUN h=188 b8=0.99 dl=0.10 dr=0.46 ticks=3183
1789584699.7 POSE x=-0.41 y=-1.38 th=273 havg=182 ticks=3699 d11=0.378 d3=tick=864278 goal=0 here=0
1789584701.8 RUN h=180 b8=0.95 dl=0.10 dr=0.45 ticks=3827
1789584712.1 RUN h=172 b8=0.84 dl=0.16 dr=0.46 ticks=4459
1789584722.6 RUN h=166 b8=0.55 dl=0.19 dr=0.49 ticks=5097
1789584729.7 POSE x=-0.24 y=-2.10 th=293 havg=159 ticks=5529 d11=0.314 d3=tick=867279 goal=0 here=0
1789584733.4 RUN h=156 b8=0.36 dl=0.18 dr=0.44 ticks=5758
1789584737.3 TURN rand best=10 err=2 ticks=5998 b8=0.31
1789584746.8 RUN h=197 b8=1.37 dl=0.20 dr=0.80 ticks=6040
1789584756.9 RUN h=191 b8=1.41 dl=0.13 dr=0.87 ticks=6656
1789584759.7 POSE x=-0.21 y=-2.59 th=265 havg=189 ticks=6824 d11=0.301 d3=tick=870277 goal=0 here=0
1789584767.4 RUN h=184 b8=1.35 dl=0.10 dr=0.85 ticks=7296
1789584777.7 RUN h=176 b8=0.61 dl=0.11 dr=0.61 ticks=7928
1789584787.8 TURN rand best=9 err=1 ticks=8542 b8=0.26
1789584791.7 POSE x=-0.17 y=-3.28 th=266 havg=187 ticks=8561 d11=0.297 d3=tick=873479 goal=0 here=0
1789584793.2 RUN h=188 b8=1.35 dl=0.11 dr=0.94 ticks=8576
1789584803.5 RUN h=179 b8=1.22 dl=0.12 dr=0.83 ticks=9206
1789584813.7 RUN h=174 b8=0.56 dl=0.10 dr=0.58 ticks=9831
1789584817.6 TURN rand best=9 err=1 ticks=10069 b8=0.25
1789584821.5 POSE x=-0.12 y=-3.89 th=265 havg=188 ticks=10090 d11=0.285 d3=tick=876462 goal=0 here=0
1789584823.9 RUN h=185 b8=1.35 dl=0.11 dr=0.93 ticks=10197
1789584834.7 RUN h=177 b8=1.20 dl=0.10 dr=0.83 ticks=10852
1789584844.8 RUN h=171 b8=0.41 dl=0.10 dr=0.57 ticks=11467
1789584846.8 TURN rand best=9 err=1 ticks=11584 b8=0.25
1789584851.7 POSE x=-0.08 y=-4.51 th=266 havg=188 ticks=11645 d11=0.302 d3=tick=879480 goal=0 here=0
1789584853.2 CROSS R
1789584862.6 RUN h=231 b8=0.51 dl=0.16 dr=0.10 ticks=11769
1789584872.8 RUN h=224 b8=0.69 dl=0.15 dr=0.08 ticks=12389
1789584881.7 POSE x=-0.38 y=-4.91 th=236 havg=218 ticks=12933 d11=0.424 d3=tick=882480 goal=0 here=0
1789584883.0 RUN h=217 b8=0.69 dl=0.13 dr=0.10 ticks=13014
1789584893.3 RUN h=209 b8=1.55 dl=0.11 dr=0.11 ticks=13642
1789584904.0 RUN h=199 b8=1.47 dl=0.10 dr=0.30 ticks=14291
1789584912.3 POSE x=-0.67 y=-5.59 th=257 havg=196 ticks=14796 d11=0.279 d3=tick=885535 goal=0 here=0
1789584914.5 RUN h=195 b8=1.45 dl=0.08 dr=0.88 ticks=14936
1789584920.7 DETOUR -45
1789584928.7 TURN rand best=10 err=2 ticks=15337 b8=0.15
1789584937.9 RUN h=190 b8=1.40 dl=0.10 dr=0.91 ticks=15347
1789584942.6 POSE x=-0.71 y=-5.92 th=266 havg=188 ticks=15636 d11=0.315 d3=tick=888572 goal=0 here=0
1789584948.3 RUN h=184 b8=1.39 dl=0.10 dr=0.89 ticks=15987
1789584959.0 RUN h=176 b8=0.58 dl=0.08 dr=0.65 ticks=16636
1789584961.5 TURN rand best=15 err=7 ticks=16790 b8=0.26
1789584989.5 POSE x=-0.70 y=-6.38 th=127 havg=330 ticks=16801 d11=0.390 d3=tick=893254 goal=0 here=0
1789584989.5 TURN rand best=5 err=-3 ticks=16799 b8=0.08
1789585001.6 RUN h=269 b8=0.95 dl=0.65 dr=0.10 ticks=16813
1789585011.9 RUN h=261 b8=0.88 dl=0.21 dr=0.09 ticks=17445
1789585020.2 POSE x=-1.14 y=-6.49 th=199 havg=256 ticks=17948 d11=0.657 d3=tick=896330 goal=0 here=0
1789585022.2 RUN h=254 b8=0.94 dl=0.20 dr=0.09 ticks=18073
1789585032.3 RUN h=249 b8=0.84 dl=1.24 dr=0.09 ticks=18687
1789585042.6 RUN h=240 b8=0.59 dl=0.18 dr=0.10 ticks=19319
1789585051.1 POSE x=-1.79 y=-6.86 th=219 havg=235 ticks=19832 d11=0.740 d3=tick=899422 goal=0 here=0
1789585052.7 RUN h=235 b8=0.58 dl=0.16 dr=0.10 ticks=19934
1789585056.1 DETOUR -45
1789585064.8 RUN h=188 b8=1.36 dl=0.10 dr=0.94 ticks=20183
1789585075.4 RUN h=182 b8=1.25 dl=0.10 dr=0.85 ticks=20828
1789585081.1 POSE x=-1.89 y=-7.35 th=275 havg=178 ticks=21173 d11=0.702 d3=tick=902419 goal=0 here=0
1789585084.8 TURN rand best=11 err=3 ticks=21399 b8=0.25
1789585097.3 RUN h=235 b8=0.58 dl=0.18 dr=0.10 ticks=21432
1789585107.9 RUN h=228 b8=0.54 dl=0.16 dr=0.09 ticks=22081
1789585111.4 POSE x=-2.13 y=-7.68 th=228 havg=225 ticks=22291 d11=0.632 d3=tick=905447 goal=0 here=0
1789585118.4 RUN h=221 b8=0.69 dl=0.13 dr=0.10 ticks=22721
1789585128.8 RUN h=216 b8=0.70 dl=0.14 dr=0.10 ticks=23359
1789585138.3 DETOUR 45
1789585146.6 POSE x=-2.50 y=-8.24 th=204 havg=252 ticks=23955 d11=0.722 d3=tick=908969 goal=0 here=0
1789585147.7 RUN h=251 b8=0.90 dl=1.40 dr=0.11 ticks=23973
1789585157.8 RUN h=243 b8=0.65 dl=0.17 dr=0.08 ticks=24588
1789585168.4 RUN h=237 b8=0.58 dl=0.16 dr=0.09 ticks=25237
1789585176.9 POSE x=-3.09 y=-8.63 th=223 havg=233 ticks=25747 d11=0.691 d3=tick=911994 goal=0 here=0
1789585178.8 RUN h=231 b8=0.53 dl=0.15 dr=0.11 ticks=25872
1789585189.3 RUN h=225 b8=0.66 dl=0.14 dr=0.10 ticks=26514
1789585199.7 RUN h=216 b8=0.71 dl=0.14 dr=0.11 ticks=27144
1789585207.6 POSE x=-3.54 y=-9.23 th=243 havg=211 ticks=27625 d11=0.672 d3=tick=915071 goal=0 here=0
1789585210.1 RUN h=209 b8=1.54 dl=0.12 dr=0.12 ticks=27780
1789585220.3 RUN h=201 b8=1.45 dl=0.10 dr=0.31 ticks=28402
1789585230.8 RUN h=195 b8=1.47 dl=0.09 dr=0.88 ticks=29039
1789585231.1 CROSS R
1789585239.5 POSE x=-3.73 y=-9.78 th=216 havg=238 ticks=29075 d11=0.710 d3=tick=918261 goal=0 here=0
1789585241.3 RUN h=239 b8=0.60 dl=0.16 dr=0.08 ticks=29139
1789585251.3 RUN h=230 b8=0.55 dl=0.15 dr=0.10 ticks=29752
1789585261.5 RUN h=224 b8=0.67 dl=0.15 dr=0.09 ticks=30374
1789585270.0 POSE x=-4.22 y=-10.30 th=236 havg=217 ticks=30886 d11=0.600 d3=tick=921306 goal=0 here=0
1789585272.1 RUN h=218 b8=0.71 dl=0.13 dr=0.10 ticks=31018
1789585282.2 RUN h=211 b8=0.94 dl=0.13 dr=0.10 ticks=31637
1789585292.8 RUN h=205 b8=1.46 dl=0.10 dr=0.29 ticks=32282
1789585300.1 POSE x=-4.52 y=-10.97 th=255 havg=197 ticks=32728 d11=0.582 d3=tick=924322 goal=0 here=0
1789585303.1 RUN h=198 b8=1.45 dl=0.12 dr=0.88 ticks=32911
1789585313.7 RUN h=189 b8=1.35 dl=0.08 dr=0.93 ticks=33562
1789585324.0 RUN h=182 b8=1.28 dl=0.06 dr=0.85 ticks=34186
1789585330.9 POSE x=-4.58 y=-11.71 th=275 havg=177 ticks=34605 d11=0.647 d3=tick=927399 goal=0 here=0
1789585334.4 RUN h=173 b8=0.41 dl=0.09 dr=0.61 ticks=34826
1789585334.8 TURN rand best=11 err=3 ticks=34849 b8=0.26
1789585347.3 RUN h=235 b8=0.59 dl=0.15 dr=0.10 ticks=34885
1789585357.8 RUN h=229 b8=0.55 dl=0.16 dr=0.10 ticks=35529
1789585361.4 POSE x=-4.82 y=-12.06 th=229 havg=225 ticks=35743 d11=0.615 d3=tick=930447 goal=0 here=0
1789585367.9 RUN h=221 b8=0.68 dl=0.14 dr=0.10 ticks=36143
1789585378.6 RUN h=215 b8=0.72 dl=0.12 dr=0.11 ticks=36794
1789585388.8 RUN h=208 b8=1.55 dl=0.11 dr=0.14 ticks=37421
1789585391.6 POSE x=-5.20 y=-12.69 th=248 havg=206 ticks=37588 d11=0.597 d3=tick=933470 goal=0 here=0
1789585394.5 DETOUR -45
1789585402.5 TURN rand best=9 err=1 ticks=37803 b8=0.18
1789585406.8 RUN h=177 b8=0.60 dl=0.09 dr=0.64 ticks=37808
1789585411.6 TURN rand best=13 err=5 ticks=38101 b8=0.27
1789585431.0 POSE x=-5.21 y=-12.89 th=176 havg=280 ticks=38115 d11=0.640 d3=tick=937404 goal=0 here=0
1789585431.9 RUN h=279 b8=0.95 dl=0.90 dr=0.11 ticks=38132
1789585442.4 RUN h=274 b8=0.97 dl=1.36 dr=0.11 ticks=38774
1789585452.8 RUN h=265 b8=0.92 dl=0.58 dr=0.10 ticks=39407
1789585461.5 POSE x=-5.93 y=-12.97 th=196 havg=259 ticks=39933 d11=0.661 d3=tick=940461 goal=0 here=0
1789585463.3 RUN h=258 b8=0.92 dl=0.19 dr=0.11 ticks=40046
1789585473.6 RUN h=251 b8=0.88 dl=0.17 dr=0.10 ticks=40675
1789585484.5 RUN h=242 b8=0.62 dl=0.15 dr=0.10 ticks=41340
1789585492.0 POSE x=-6.59 y=-13.30 th=216 havg=238 ticks=41796 d11=0.587 d3=tick=943508 goal=0 here=0
1789585494.9 RUN h=236 b8=0.55 dl=0.14 dr=0.11 ticks=41975
1789585505.7 RUN h=228 b8=0.54 dl=0.16 dr=0.10 ticks=42632
1789585516.0 RUN h=224 b8=0.68 dl=0.14 dr=0.10 ticks=43264
1789585522.3 POSE x=-7.10 y=-13.83 th=236 havg=215 ticks=43644 d11=0.638 d3=tick=946537 goal=0 here=0
1789585526.6 RUN h=216 b8=0.69 dl=0.13 dr=0.13 ticks=43911
1789585537.3 RUN h=206 b8=1.52 dl=0.14 dr=0.32 ticks=44562
1789585547.9 RUN h=199 b8=1.44 dl=0.11 dr=0.34 ticks=45209
1789585551.7 DETOUR 45
1789585560.4 POSE x=-7.40 y=-14.49 th=213 havg=240 ticks=45471 d11=0.716 d3=tick=950345 goal=0 here=0
1789585561.1 RUN h=240 b8=0.62 dl=0.17 dr=0.10 ticks=45476
1789585571.7 RUN h=234 b8=0.57 dl=0.14 dr=0.10 ticks=46128
1789585581.9 RUN h=228 b8=0.54 dl=0.13 dr=0.12 ticks=46745
1789585590.9 POSE x=-7.93 y=-14.99 th=233 havg=221 ticks=47293 d11=0.617 d3=tick=953395 goal=0 here=0
1789585592.1 RUN h=220 b8=0.69 dl=0.14 dr=0.12 ticks=47373
1789585602.4 RUN h=213 b8=0.87 dl=0.13 dr=0.10 ticks=48000
1789585612.9 RUN h=206 b8=1.52 dl=0.13 dr=0.30 ticks=48640
1789585621.0 POSE x=-8.26 y=-15.64 th=252 havg=201 ticks=49132 d11=0.656 d3=tick=956407 goal=0 here=0
1789585623.0 RUN h=199 b8=1.42 dl=0.12 dr=0.38 ticks=49254
1789585633.2 RUN h=192 b8=1.42 dl=0.09 dr=0.89 ticks=49880
1789585643.7 RUN h=186 b8=1.36 dl=0.09 dr=0.93 ticks=50523
1789585651.1 POSE x=-8.36 y=-16.36 th=272 havg=181 ticks=50972 d11=0.723 d3=tick=959423 goal=0 here=0
1789585654.1 RUN h=178 b8=0.65 dl=0.09 dr=0.84 ticks=51150
1789585660.8 TURN rand best=13 err=5 ticks=51565 b8=0.26
1789585680.3 RUN h=278 b8=0.94 dl=0.90 dr=0.12 ticks=51586
1789585681.7 POSE x=-8.37 y=-16.60 th=178 havg=280 ticks=51668 d11=0.698 d3=tick=962482 goal=0 here=0
1789585690.8 RUN h=271 b8=0.97 dl=1.38 dr=0.10 ticks=52226
1789585701.1 RUN h=266 b8=0.90 dl=0.57 dr=0.10 ticks=52853
1789585711.9 RUN h=259 b8=0.92 dl=0.19 dr=0.09 ticks=53510
1789585712.4 POSE x=-9.11 y=-16.71 th=198 havg=257 ticks=53544 d11=0.609 d3=tick=965553 goal=0 here=0
1789585721.9 RUN h=251 b8=0.90 dl=0.17 dr=0.12 ticks=54125
1789585732.1 RUN h=243 b8=0.63 dl=0.16 dr=0.11 ticks=54743
1789585742.3 RUN h=237 b8=0.60 dl=0.14 dr=0.11 ticks=55369
1789585742.9 POSE x=-9.76 y=-17.06 th=218 havg=238 ticks=55400 d11=0.629 d3=tick=968599 goal=0 here=0
1789585752.7 RUN h=229 b8=0.52 dl=0.14 dr=0.10 ticks=56004
1789585763.4 RUN h=222 b8=0.66 dl=0.13 dr=0.12 ticks=56658
1789585773.3 RUN h=216 b8=0.70 dl=0.12 dr=0.10 ticks=57263
1789585774.0 POSE x=-10.26 y=-17.63 th=239 havg=217 ticks=57303 d11=0.687 d3=tick=971712 goal=0 here=0
1789585784.0 RUN h=209 b8=1.56 dl=0.13 dr=0.13 ticks=57912
1789585794.7 RUN h=203 b8=1.43 dl=0.12 dr=0.31 ticks=58569
1789585804.2 POSE x=-10.52 y=-18.31 th=258 havg=195 ticks=59144 d11=0.621 d3=tick=974730 goal=0 here=0
1789585804.9 RUN h=195 b8=1.46 dl=0.10 dr=0.89 ticks=59188
1789585815.4 RUN h=186 b8=1.33 dl=0.10 dr=0.95 ticks=59827
1789585825.8 RUN h=180 b8=1.24 dl=0.09 dr=0.86 ticks=60466
1789585834.4 POSE x=-10.54 y=-19.04 th=278 havg=174 ticks=60985 d11=0.616 d3=tick=977745 goal=0 here=0
1789585834.4 TURN rand best=12 err=4 ticks=60990 b8=0.26
1789585850.9 RUN h=261 b8=0.87 dl=0.22 dr=0.08 ticks=61011
1789585861.2 RUN h=255 b8=0.92 dl=0.19 dr=0.08 ticks=61639
1789585864.5 POSE x=-10.87 y=-19.15 th=203 havg=253 ticks=61837 d11=0.607 d3=tick=980759 goal=0 here=0
1789585871.7 RUN h=248 b8=0.88 dl=0.19 dr=0.09 ticks=62280
1789585881.8 RUN h=242 b8=0.63 dl=0.15 dr=0.08 ticks=62894
1789585892.2 RUN h=233 b8=0.57 dl=0.15 dr=0.10 ticks=63531
1789585894.7 POSE x=-11.48 y=-19.55 th=222 havg=233 ticks=63681 d11=0.612 d3=tick=983781 goal=0 here=0
1789585902.4 RUN h=227 b8=0.56 dl=0.15 dr=0.09 ticks=64153
1789585912.3 RUN h=221 b8=0.71 dl=0.12 dr=0.11 ticks=64755
1789585922.8 RUN h=214 b8=0.70 dl=0.14 dr=0.11 ticks=65396
1789585925.3 POSE x=-11.93 y=-20.14 th=243 havg=211 ticks=65540 d11=0.601 d3=tick=986836 goal=0 here=0
1789585933.0 RUN h=207 b8=1.54 dl=0.12 dr=0.11 ticks=66021
1789585943.1 RUN h=198 b8=1.45 dl=0.11 dr=0.34 ticks=66638
1789585953.4 RUN h=191 b8=1.45 dl=0.12 dr=0.90 ticks=67265
1789585955.6 POSE x=-12.15 y=-20.84 th=262 havg=193 ticks=67398 d11=0.692 d3=tick=989871 goal=0 here=0
1789585963.4 RUN h=187 b8=1.36 dl=0.08 dr=0.95 ticks=67871
1789585973.4 RUN h=180 b8=0.66 dl=0.09 dr=0.85 ticks=68485
1789585976.5 DETOUR 90
1789585992.5 POSE x=-12.16 y=-21.36 th=191 havg=266 ticks=68693 d11=0.719 d3=tick=993559 goal=0 here=0
1789585993.3 RUN h=263 b8=0.90 dl=0.58 dr=0.10 ticks=68706
1789586004.0 RUN h=258 b8=0.90 dl=0.21 dr=0.09 ticks=69359
1789586014.7 RUN h=251 b8=0.88 dl=0.19 dr=0.10 ticks=70009
1789586022.7 POSE x=-12.83 y=-21.62 th=211 havg=244 ticks=70500 d11=0.649 d3=tick=996582 goal=0 here=0
1789586024.6 RUN h=243 b8=0.63 dl=0.16 dr=0.09 ticks=70620
1789586035.2 RUN h=234 b8=0.59 dl=0.18 dr=0.09 ticks=71262
1789586045.6 RUN h=230 b8=0.53 dl=0.15 dr=0.10 ticks=71896
1789586052.8 POSE x=-13.38 y=-22.10 th=231 havg=224 ticks=72336 d11=0.648 d3=tick=999592 goal=0 here=0
1789586055.6 RUN h=224 b8=0.69 dl=0.15 dr=0.11 ticks=72507
1789586065.6 RUN h=215 b8=0.70 dl=0.14 dr=0.10 ticks=73118
1789586076.2 RUN h=208 b8=1.55 dl=0.13 dr=0.10 ticks=73765
1789586083.0 POSE x=-13.74 y=-22.74 th=250 havg=204 ticks=74180 d11=0.649 d3=tick=1002612 goal=0 here=0
1789586086.4 RUN h=201 b8=1.46 dl=0.11 dr=0.31 ticks=74390
1789586097.0 RUN h=194 b8=1.46 dl=0.10 dr=0.88 ticks=75034
1789586107.0 RUN h=188 b8=1.35 dl=0.10 dr=0.94 ticks=75645
1789586112.4 CROSS R
1789586121.1 POSE x=-13.86 y=-23.46 th=228 havg=229 ticks=75998 d11=0.660 d3=tick=1006419 goal=0 here=0
1789586121.7 RUN h=227 b8=0.54 dl=0.14 dr=0.09 ticks=76007
1789586132.0 RUN h=220 b8=0.69 dl=0.13 dr=0.09 ticks=76637
1789586142.1 RUN h=214 b8=0.70 dl=0.15 dr=0.09 ticks=77257
1789586151.1 POSE x=-14.24 y=-24.06 th=247 havg=208 ticks=77800 d11=0.650 d3=tick=1009417 goal=0 here=0
1789586152.4 RUN h=206 b8=1.52 dl=0.12 dr=0.14 ticks=77883
1789586162.7 RUN h=198 b8=1.45 dl=0.10 dr=0.32 ticks=78510
1789586172.9 RUN h=192 b8=1.45 dl=0.10 dr=0.89 ticks=79133
1789586181.5 POSE x=-14.40 y=-24.78 th=267 havg=185 ticks=79656 d11=0.646 d3=tick=1012460 goal=0 here=0
1789586183.7 RUN h=186 b8=1.37 dl=0.09 dr=0.97 ticks=79795
1789586194.1 RUN h=178 b8=0.61 dl=0.10 dr=0.86 ticks=80426
1789586199.7 TURN rand best=9 err=1 ticks=80772 b8=0.24
1789586204.3 RUN h=191 b8=1.42 dl=0.10 dr=0.89 ticks=80801
1789586211.5 POSE x=-14.39 y=-25.41 th=267 havg=187 ticks=81239 d11=0.653 d3=tick=1015462 goal=0 here=0
1789586215.0 RUN h=184 b8=1.60 dl=0.09 dr=0.90 ticks=81452
1789586225.3 RUN h=177 b8=0.60 dl=0.10 dr=0.64 ticks=82081
1789586228.4 DETOUR 45
1789586237.0 RUN h=216 b8=0.68 dl=0.12 dr=0.10 ticks=82310
1789586241.6 POSE x=-14.44 y=-25.93 th=239 havg=216 ticks=82586 d11=0.653 d3=tick=1018469 goal=0 here=0
1789586247.7 RUN h=211 b8=0.92 dl=0.13 dr=0.11 ticks=82961
1789586257.6 RUN h=204 b8=1.48 dl=0.12 dr=0.95 ticks=83565
1789586268.0 RUN h=196 b8=1.43 dl=0.11 dr=0.90 ticks=84196
1789586271.7 POSE x=-14.69 y=-26.61 th=259 havg=195 ticks=84420 d11=0.657 d3=tick=1021477 goal=0 here=0
1789586278.0 RUN h=191 b8=1.38 dl=0.10 dr=0.92 ticks=84805
1789586288.7 RUN h=183 b8=1.38 dl=0.07 dr=0.90 ticks=85464
1789586294.6 DETOUR -45
1789586303.1 POSE x=-14.71 y=-27.19 th=315 havg=138 ticks=85854 d11=0.658 d3=tick=1024617 goal=0 here=0
1789586303.2 TURN rand best=11 err=3 ticks=85854 b8=0.16
1789586315.7 RUN h=198 b8=1.45 dl=0.10 dr=0.33 ticks=85855
1789586326.0 RUN h=192 b8=1.40 dl=0.13 dr=0.89 ticks=86488
1789586331.0 CROSS R
1789586339.6 POSE x=-14.77 y=-27.56 th=223 havg=231 ticks=86812 d11=0.642 d3=tick=1028267 goal=0 here=0
1789586340.6 RUN h=231 b8=0.54 dl=0.14 dr=0.09 ticks=86827
1789586351.3 RUN h=225 b8=0.67 dl=0.16 dr=0.11 ticks=87476
1789586361.4 RUN h=216 b8=0.70 dl=0.13 dr=0.11 ticks=88092
1789586370.1 POSE x=-15.19 y=-28.14 th=243 havg=209 ticks=88620 d11=0.712 d3=tick=1031319 goal=0 here=0
1789586371.5 RUN h=210 b8=1.57 dl=0.13 dr=0.09 ticks=88711
1789586374.1 CROSS R
1789586383.3 RUN h=252 b8=0.90 dl=0.17 dr=0.09 ticks=88902
1789586393.6 RUN h=245 b8=0.67 dl=0.16 dr=0.09 ticks=89528
1789586399.2 RUN h=241 b8=0.60 dl=0.17 dr=0.09 ticks=46
1789586409.5 RUN h=233 b8=0.58 dl=0.17 dr=0.08 ticks=672
1789586420.0 RUN h=226 b8=0.57 dl=0.14 dr=0.12 ticks=1312
1789586429.3 POSE x=-0.25 y=-0.70 th=260 havg=221 ticks=1880 d11=0.641 d3=tick=1037241 goal=0 here=0
1789586430.6 RUN h=220 b8=0.69 dl=0.13 dr=0.10 ticks=1961
1789586437.0 DETOUR 45
1789586445.6 RUN h=259 b8=0.90 dl=0.21 dr=0.10 ticks=2383
1789586455.8 RUN h=251 b8=0.87 dl=0.18 dr=0.08 ticks=3007
1789586459.8 POSE x=-0.51 y=-1.15 th=233 havg=248 ticks=3248 d11=0.722 d3=tick=1040294 goal=0 here=0
1789586466.7 RUN h=244 b8=0.64 dl=0.16 dr=0.11 ticks=3667
1789586476.8 RUN h=238 b8=0.59 dl=0.17 dr=0.09 ticks=4287
1789586486.8 RUN h=229 b8=0.55 dl=0.15 dr=0.09 ticks=4897
1789586490.3 POSE x=-0.85 y=-1.81 th=253 havg=228 ticks=5103 d11=0.692 d3=tick=1043337 goal=0 here=0
1789586496.1 DETOUR -45
1789586505.1 RUN h=178 b8=0.65 dl=0.09 dr=0.85 ticks=5504
1789586512.9 TURN rand best=9 err=1 ticks=5979 b8=0.24
1789586517.4 RUN h=190 b8=1.39 dl=0.11 dr=0.90 ticks=6019
1789586520.8 POSE x=-0.74 y=-2.22 th=290 havg=189 ticks=6225 d11=0.631 d3=tick=1046391 goal=0 here=0
1789586527.6 RUN h=185 b8=1.40 dl=0.09 dr=0.90 ticks=6639
1789586537.6 RUN h=178 b8=0.61 dl=0.10 dr=0.84 ticks=7253
1789586542.3 TURN rand best=2 err=-6 ticks=7538 b8=0.27
1789586566.4 POSE x=-0.50 y=-2.67 th=72 havg=41 ticks=7588 d11=0.737 d3=tick=1050951 goal=0 here=0
1789586566.5 TURN rand best=15 err=7 ticks=7588 b8=0.13
1789586595.8 RUN h=198 b8=1.44 dl=0.07 dr=0.31 ticks=7585
1789586597.2 POSE x=-0.49 y=-2.69 th=280 havg=199 ticks=7663 d11=0.661 d3=tick=1054034 goal=0 here=0
1789586606.3 RUN h=193 b8=1.45 dl=0.11 dr=0.94 ticks=8221
1789586616.6 RUN h=184 b8=1.36 dl=0.10 dr=0.96 ticks=8854
1789586619.3 DETOUR -45
1789586625.8 TURN rand best=12 err=4 ticks=9046 b8=0.14
1789586642.0 POSE x=-0.31 y=-3.21 th=245 havg=236 ticks=9039 d11=0.608 d3=tick=1058504 goal=0 here=0
1789586642.8 RUN h=234 b8=0.58 dl=0.15 dr=0.09 ticks=9046
1789586653.2 RUN h=227 b8=0.52 dl=0.15 dr=0.10 ticks=9683
1789586663.5 RUN h=221 b8=0.68 dl=0.16 dr=0.09 ticks=10314
1789586672.5 POSE x=-0.50 y=-3.90 th=264 havg=216 ticks=10854 d11=0.585 d3=tick=1061554 goal=0 here=0
1789586673.9 RUN h=214 b8=0.70 dl=0.16 dr=0.12 ticks=10949
1789586683.9 RUN h=208 b8=1.56 dl=0.13 dr=0.11 ticks=11560
1789586694.0 RUN h=202 b8=1.44 dl=0.10 dr=0.30 ticks=12175
1789586702.4 POSE x=-0.44 y=-4.63 th=284 havg=195 ticks=12685 d11=0.598 d3=tick=1064550 goal=0 here=0
1789586704.4 RUN h=195 b8=1.46 dl=0.11 dr=0.88 ticks=12811
1789586714.5 DETOUR -45
1789586722.6 TURN rand best=10 err=2 ticks=13451 b8=0.17
1789586731.7 RUN h=185 b8=1.36 dl=0.10 dr=0.95 ticks=13461
1789586732.9 POSE x=-0.33 y=-4.95 th=293 havg=187 ticks=13535 d11=0.678 d3=tick=1067602 goal=0 here=0
1789586741.8 RUN h=180 b8=0.65 dl=0.11 dr=0.86 ticks=14077
1789586743.5 DETOUR -90
1789586759.3 TURN rand best=12 err=4 ticks=14224 b8=0.09
1789586775.5 POSE x=-0.19 y=-5.17 th=300 havg=177 ticks=14217 d11=0.719 d3=tick=1071860 goal=0 here=0
1789586775.8 CROSS R
1789586785.1 RUN h=223 b8=0.67 dl=0.14 dr=0.10 ticks=14225
1789586795.3 RUN h=213 b8=0.70 dl=0.13 dr=0.10 ticks=14852
1789586805.5 RUN h=207 b8=1.57 dl=0.11 dr=0.11 ticks=15472
1789586806.0 POSE x=-0.24 y=-5.68 th=272 havg=207 ticks=15504 d11=0.667 d3=tick=1074914 goal=0 here=0
1789586816.0 RUN h=200 b8=1.46 dl=0.12 dr=0.31 ticks=16110
1789586826.1 RUN h=194 b8=1.47 dl=0.11 dr=0.89 ticks=16730
1789586836.3 POSE x=-0.09 y=-6.39 th=291 havg=189 ticks=17347 d11=0.662 d3=tick=1077943 goal=0 here=0
1789586837.1 RUN h=186 b8=1.35 dl=0.09 dr=0.96 ticks=17398
1789586847.3 RUN h=179 b8=1.23 dl=0.09 dr=0.87 ticks=18023
1789586855.4 TURN rand best=9 err=1 ticks=18518 b8=0.28
1789586859.9 RUN h=189 b8=1.40 dl=0.09 dr=0.91 ticks=18558
1789586866.4 POSE x=0.18 y=-6.97 th=292 havg=188 ticks=18951 d11=0.713 d3=tick=1080947 goal=0 here=0
1789586869.9 RUN h=185 b8=1.36 dl=0.09 dr=0.96 ticks=19169
1789586871.6 CROSS R
1789586880.3 RUN h=226 b8=0.55 dl=0.16 dr=0.10 ticks=19295
1789586890.5 RUN h=220 b8=0.69 dl=0.13 dr=0.09 ticks=19918
1789586897.1 POSE x=0.15 y=-7.50 th=264 havg=216 ticks=20320 d11=0.705 d3=tick=1084018 goal=0 here=0
1789586900.6 RUN h=212 b8=0.71 dl=0.13 dr=0.10 ticks=20539
1789586910.7 RUN h=206 b8=1.53 dl=0.12 dr=0.12 ticks=21153
1789586921.2 RUN h=199 b8=1.44 dl=0.12 dr=0.31 ticks=21791
1789586927.1 POSE x=0.20 y=-8.23 th=284 havg=197 ticks=22149 d11=0.603 d3=tick=1087015 goal=0 here=0
1789586931.5 RUN h=193 b8=1.45 dl=0.11 dr=0.88 ticks=22422
1789586933.9 CROSS R
1789586943.5 RUN h=234 b8=0.58 dl=0.15 dr=0.08 ticks=22624
1789586953.8 RUN h=227 b8=0.54 dl=0.15 dr=0.11 ticks=23254
1789586957.8 POSE x=0.13 y=-8.73 th=256 havg=224 ticks=23494 d11=0.580 d3=tick=1090085 goal=0 here=0
1789586964.0 RUN h=221 b8=0.69 dl=0.13 dr=0.10 ticks=23878
1789586974.4 RUN h=214 b8=1.60 dl=0.14 dr=0.10 ticks=24515
1789587084.4 RUN h=252 b8=0.91 dl=0.18 dr=0.09 ticks=19
1789587094.4 RUN h=258 b8=0.91 dl=0.20 dr=0.11 ticks=424
1789587104.0 BUMP ticks=713
1789587106.0 RUN h=276 b8=0.97 dl=1.39 dr=0.10 ticks=701
1789587107.9 CROSS L
1789587289.2 RUN h=263 b8=0.74 dl=1.21 dr=0.21 ticks=8 b=0.3,0.3,0.3,0.4,1.2,1.3,0.4,0.5,0.7,0.8,0.3,0.2,0.2,0.1,0.1,0.3
1789587299.5 RUN h=256 b8=0.94 dl=0.17 dr=0.10 ticks=636 b=0.1,0.1,0.1,0.2,0.2,1.3,0.9,0.6,0.9,1.0,0.3,0.1,0.1,0.1,0.1,0.1
1789587310.1 RUN h=250 b8=0.84 dl=0.15 dr=0.10 ticks=1282 b=0.1,0.1,0.1,0.1,0.2,1.3,1.5,0.6,0.8,1.0,0.3,0.1,0.1,0.1,0.1,0.1
1789587319.1 POSE x=0.05 y=-0.72 th=283 havg=242 ticks=1832 d11=0.281 d3=tick=1126222 goal=0 here=0
1789587320.6 RUN h=243 b8=0.59 dl=0.13 dr=0.12 ticks=1921 b=0.1,0.1,0.1,0.1,0.1,0.2,1.4,0.7,0.6,0.9,1.0,0.1,0.1,0.1,0.1,0.1
1789587330.9 RUN h=234 b8=0.56 dl=0.12 dr=0.10 ticks=2553 b=0.1,0.1,0.1,0.1,0.1,0.2,1.3,0.9,0.6,0.9,1.0,0.3,0.1,0.1,0.1,0.1
1789587340.8 DETOUR -45
1789587349.5 RUN h=186 b8=1.37 dl=0.10 dr=0.87 ticks=3203 b=0.1,0.1,0.1,0.1,0.1,0.1,0.1,0.2,1.4,1.5,0.6,0.9,1.0,0.3,0.1,0.1
1789587350.1 POSE x=0.27 y=-1.23 th=340 havg=185 ticks=3234 d11=0.269 d3=tick=1129320 goal=0 here=0
1789587360.0 RUN h=178 b8=0.60 dl=0.08 dr=0.83 ticks=3837 b=0.1,0.1,0.1,0.1,0.1,0.1,0.1,0.2,0.6,1.4,0.7,0.8,0.9,0.3,0.1,0.1
1789587365.2 TURN rand best=9 err=1 ticks=4159 b8=0.28
1789587370.4 RUN h=194 b8=1.41 dl=0.10 dr=0.89 ticks=4236 b=0.1,0.1,0.1,0.1,0.1,0.1,0.1,0.2,1.4,0.7,0.6,0.9,0.9,0.1,0.1,0.1
1789587380.6 POSE x=0.88 y=-1.44 th=340 havg=187 ticks=4852 d11=0.411 d3=tick=1132368 goal=0 here=0
1789587381.1 RUN h=185 b8=1.38 dl=0.09 dr=0.91 ticks=4885 b=0.1,0.1,0.1,0.1,0.1,0.1,0.2,0.2,1.4,1.5,0.5,0.9,0.9,0.1,0.1,0.1
1789587383.4 RUN h=184 b8=1.40 dl=0.10 dr=0.89 ticks=50 b=0.1,0.1,0.1,0.1,0.1,0.1,0.1,0.2,1.4,1.5,0.6,0.9,1.0,0.1,0.1,0.1
1789587393.6 RUN h=174 b8=0.58 dl=0.09 dr=0.61 ticks=672 b=0.1,0.1,0.1,0.1,0.1,0.1,0.2,0.2,0.6,1.5,0.7,0.6,0.9,0.3,0.1,0.1
1789587395.4 TURN rand best=13 err=5 ticks=782 b8=0.26
1789587414.6 POSE x=-0.31 y=-0.04 th=90 havg=281 ticks=798 d11=0.547 d3=tick=1135768 goal=0 here=0
1789587415.4 RUN h=281 b8=0.93 dl=0.89 dr=0.09 ticks=808 b=0.1,0.2,0.1,0.2,1.4,0.9,0.6,0.9,0.9,0.1,0.1,0.1,0.1,0.1,0.1,0.1
1789587425.7 RUN h=274 b8=0.97 dl=1.38 dr=0.12 ticks=1442 b=0.1,0.1,0.1,0.2,1.4,1.5,0.6,0.9,1.0,0.3,0.1,0.1,0.1,0.1,0.1,0.1
1789587436.4 RUN h=266 b8=0.91 dl=0.56 dr=0.10 ticks=2090 b=0.1,0.1,0.1,0.2,0.6,1.4,0.7,0.6,0.9,1.0,0.1,0.1,0.1,0.1,0.1,0.1
1789587444.8 POSE x=-0.44 y=0.66 th=110 havg=261 ticks=2604 d11=0.558 d3=tick=1138793 goal=0 here=0
1789587446.9 RUN h=259 b8=0.91 dl=0.18 dr=0.10 ticks=2734 b=0.1,0.1,0.1,0.1,0.2,1.4,0.9,0.6,0.9,1.0,0.1,0.1,0.1,0.1,0.1,0.1
1789587457.6 RUN h=253 b8=0.89 dl=0.17 dr=0.10 ticks=3386 b=0.1,0.1,0.1,0.1,0.2,1.4,1.5,0.5,0.9,0.9,0.3,0.1,0.1,0.1,0.1,0.1
1789587468.1 RUN h=244 b8=0.62 dl=0.17 dr=0.09 ticks=4028 b=0.1,0.1,1.6,0.1,0.2,0.6,1.5,0.7,0.6,0.9,0.4,0.1,0.1,0.1,0.1,0.1
1789587475.4 POSE x=-0.81 y=1.31 th=130 havg=239 ticks=4469 d11=0.395 d3=tick=1141849 goal=0 here=0
1789587478.2 RUN h=238 b8=0.58 dl=0.16 dr=0.11 ticks=4642 b=0.1,0.1,0.1,0.1,0.2,0.2,1.4,0.7,0.6,0.9,1.0,0.1,0.1,0.1,0.1,0.1
1789587488.3 RUN h=229 b8=0.55 dl=0.15 dr=0.09 ticks=5259 b=0.1,0.1,0.1,0.1,0.2,0.2,1.4,1.5,0.5,0.9,1.0,0.3,0.1,0.1,0.1,0.1
1789587498.7 RUN h=225 b8=0.69 dl=0.13 dr=0.11 ticks=5892 b=0.1,0.1,0.1,0.1,0.1,0.2,0.6,1.4,0.7,0.7,0.9,0.3,0.1,0.1,0.1,0.1
1789587505.9 POSE x=-1.38 y=1.78 th=150 havg=218 ticks=6332 d11=0.307 d3=tick=1144903 goal=0 here=0
1789587508.7 RUN h=216 b8=0.71 dl=0.14 dr=0.12 ticks=6505 b=0.1,0.1,0.1,0.1,0.1,0.2,0.2,1.4,0.7,0.6,0.9,0.9,0.1,0.1,0.1,0.1
1789587519.2 RUN h=209 b8=1.55 dl=0.13 dr=0.13 ticks=7147 b=0.1,0.1,0.1,0.1,0.1,0.1,0.2,1.3,1.6,0.5,1.0,1.0,0.1,0.1,0.1,0.1
1789587529.7 RUN h=202 b8=1.47 dl=0.11 dr=0.32 ticks=7783 b=0.1,0.1,0.1,0.1,0.1,0.1,0.2,0.6,1.5,0.7,0.8,0.9,0.3,0.1,0.1,0.1
1789587536.5 POSE x=-2.08 y=2.03 th=170 havg=197 ticks=8196 d11=0.299 d3=tick=1147955 goal=0 here=0
1789587540.2 RUN h=193 b8=1.45 dl=0.11 dr=0.89 ticks=8427 b=0.1,0.1,0.1,0.1,0.1,0.1,0.1,0.2,1.5,0.7,0.6,0.9,0.9,1.6,0.1,0.1
1789587546.2 DETOUR -45
1789587554.4 TURN rand best=13 err=5 ticks=8816 b8=0.15
1789587573.7 POSE x=-2.33 y=2.04 th=117 havg=252 ticks=8807 d11=0.313 d3=tick=1151675 goal=0 here=0
1789587574.5 RUN h=252 b8=0.88 dl=0.16 dr=0.10 ticks=8817 b=0.1,0.1,0.1,0.1,0.2,1.4,1.5,0.6,0.9,1.0,0.3,0.1,0.1,0.1,0.1,0.1
1789587584.7 RUN h=245 b8=0.64 dl=0.16 dr=0.11 ticks=9443 b=0.1,0.1,0.1,0.1,0.2,0.6,1.4,0.7,0.6,0.9,0.4,0.1,0.1,0.1,0.1,0.1
1789587594.8 RUN h=239 b8=0.58 dl=0.15 dr=0.12 ticks=10059 b=1.6,0.1,0.1,0.1,0.2,0.2,1.4,0.7,0.6,0.9,0.9,0.1,0.1,0.1,0.1,0.1
1789587604.2 POSE x=-2.77 y=2.61 th=137 havg=232 ticks=10628 d11=0.288 d3=tick=1154728 goal=0 here=0
1789587604.9 RUN h=230 b8=0.54 dl=0.14 dr=0.10 ticks=10671 b=0.1,0.1,0.1,0.1,0.1,0.2,1.4,1.5,0.5,1.0,1.0,0.3,0.1,0.1,0.1,0.1
1789587615.3 RUN h=225 b8=0.66 dl=0.14 dr=0.10 ticks=11308 b=0.1,0.1,0.1,0.1,0.1,0.2,0.6,1.4,0.7,0.8,0.9,0.3,0.1,0.1,0.1,0.2
1789587619.3 DETOUR -45
1789587628.1 RUN h=179 b8=0.59 dl=0.10 dr=0.64 ticks=11592 b=0.1,0.1,0.1,0.1,0.1,0.1,0.1,0.2,0.6,1.4,0.7,0.6,0.9,0.3,0.1,0.1
1789587632.8 TURN rand best=9 err=1 ticks=11881 b8=0.27
1789587636.8 POSE x=-3.20 y=2.82 th=175 havg=193 ticks=11902 d11=0.302 d3=tick=1157988 goal=0 here=0
1789587638.4 RUN h=190 b8=1.39 dl=0.10 dr=0.90 ticks=11960 b=0.1,0.1,0.1,0.1,0.1,0.1,0.2,0.2,1.4,0.7,0.6,0.9,0.9,0.1,0.1,0.1
1789587645.3 CROSS R
1789587654.8 RUN h=229 b8=0.52 dl=0.17 dr=0.07 ticks=12413 b=0.1,0.1,0.1,0.1,0.2,0.2,1.4,1.5,0.5,0.9,1.0,0.1,0.1,0.1,0.1,0.1
1789587664.8 RUN h=225 b8=0.68 dl=0.15 dr=0.09 ticks=13027 b=0.1,0.1,0.1,0.1,0.2,0.2,0.6,1.4,0.7,0.8,0.9,0.3,0.1,0.1,0.1,0.1
1789587666.9 POSE x=-3.63 y=3.01 th=147 havg=222 ticks=13148 d11=0.403 d3=tick=1160996 goal=0 here=0
1789587675.3 RUN h=216 b8=0.69 dl=0.14 dr=0.09 ticks=13665 b=0.1,0.1,0.1,0.1,0.1,0.2,0.2,1.4,0.7,0.6,0.9,0.9,0.1,0.1,0.1,0.1
1789587685.8 RUN h=210 b8=1.58 dl=0.11 dr=0.11 ticks=14305 b=0.1,0.1,0.1,0.1,0.1,0.1,0.2,1.4,1.6,0.6,0.9,0.9,0.1,0.1,0.1,0.1
1789587687.0 DETOUR 45
1789587696.0 RUN h=252 b8=0.89 dl=0.17 dr=0.08 ticks=14408 b=0.1,0.1,0.1,0.2,0.2,1.4,1.5,0.5,0.9,0.9,0.1,0.1,0.1,0.1,0.1,0.1
1789587697.4 POSE x=-4.09 y=3.27 th=119 havg=249 ticks=14487 d11=0.333 d3=tick=1164046 goal=0 here=0
1789587706.7 RUN h=243 b8=0.64 dl=0.17 dr=0.09 ticks=15056 b=0.1,0.1,0.1,0.1,0.2,0.6,1.4,0.7,0.6,0.9,0.3,0.1,0.1,0.1,0.1,0.1
1789587717.0 RUN h=237 b8=0.59 dl=0.18 dr=0.09 ticks=15689 b=0.1,0.1,0.1,0.1,0.2,0.2,1.4,0.7,0.6,0.9,0.9,0.1,0.1,0.1,0.1,0.1
1789587727.4 RUN h=230 b8=0.52 dl=0.15 dr=0.11 ticks=16319 b=0.1,0.1,0.1,0.1,0.2,0.2,1.4,1.5,0.5,1.0,1.0,0.1,0.1,0.1,0.1,0.1
1789587728.0 POSE x=-4.56 y=3.85 th=138 havg=230 ticks=16355 d11=0.299 d3=tick=1167108 goal=0 here=0
1789587737.8 RUN h=224 b8=0.69 dl=0.13 dr=0.07 ticks=16956 b=0.1,0.1,0.1,0.1,0.1,0.2,0.6,1.5,0.7,0.8,0.9,0.3,0.1,0.1,0.1,0.1
1789587748.2 RUN h=214 b8=0.70 dl=0.14 dr=0.09 ticks=17590 b=0.1,0.1,0.1,0.1,0.1,0.2,0.2,1.4,0.7,0.6,0.9,0.9,0.1,0.1,0.1,0.1
1789587758.0 POSE x=-5.18 y=4.23 th=158 havg=209 ticks=18187 d11=0.299 d3=tick=1170110 goal=0 here=0
1789587758.7 RUN h=208 b8=1.55 dl=0.12 dr=0.12 ticks=18233 b=0.1,0.1,0.1,0.1,0.1,0.2,0.2,1.4,1.6,0.5,0.9,1.0,0.1,0.1,0.1,0.1
1789587769.4 RUN h=202 b8=1.46 dl=0.10 dr=0.31 ticks=18882 b=0.1,0.1,0.1,0.1,0.1,0.1,0.2,0.6,1.5,0.7,0.8,0.9,0.3,0.1,0.1,0.1
1789587779.9 RUN h=193 b8=1.46 dl=0.09 dr=0.88 ticks=19525 b=0.1,0.1,0.1,0.1,0.1,0.1,0.2,0.2,1.5,0.7,0.6,0.9,1.0,0.1,0.1,0.1
1789587788.5 POSE x=-5.91 y=4.37 th=179 havg=188 ticks=20052 d11=0.288 d3=tick=1173163 goal=0 here=0
1789587790.7 RUN h=187 b8=1.37 dl=0.08 dr=0.95 ticks=20185 b=0.1,0.1,0.1,0.1,0.1,0.1,0.2,0.2,1.4,1.6,0.6,0.9,0.9,0.1,0.1,0.1
1789587801.3 RUN h=181 b8=0.65 dl=0.09 dr=0.85 ticks=20831 b=0.1,0.1,0.1,1.6,0.1,0.1,0.1,0.2,0.6,1.4,0.7,0.9,0.9,0.3,0.1,0.1
1789587808.4 TURN rand best=9 err=1 ticks=21268 b8=0.24
1789587813.1 RUN h=192 b8=1.40 dl=0.09 dr=0.89 ticks=21305 b=0.1,0.1,0.1,0.1,0.1,0.1,0.1,0.2,1.4,0.7,0.6,0.9,0.9,0.1,0.1,0.1
1789587818.8 POSE x=-6.55 y=4.33 th=179 havg=188 ticks=21653 d11=0.288 d3=tick=1176193 goal=0 here=0
1789587819.6 DETOUR -45
1789587827.9 TURN rand best=10 err=2 ticks=21737 b8=0.15
1789587837.1 RUN h=186 b8=1.36 dl=0.10 dr=0.96 ticks=21742 b=0.1,0.1,0.1,0.1,0.1,0.1,0.2,0.2,1.4,1.6,0.6,1.0,1.0,0.1,0.1,0.1
1789587847.2 RUN h=179 b8=1.22 dl=0.09 dr=0.88 ticks=22363 b=0.1,0.1,0.1,0.1,0.1,0.1,0.1,0.2,1.2,1.5,0.6,0.9,0.9,0.3,0.1,0.1
1789587849.4 POSE x=-6.88 y=4.30 th=188 havg=180 ticks=22492 d11=0.435 d3=tick=1179249 goal=0 here=0
1789587856.0 TURN rand best=13 err=5 ticks=22899 b8=0.26
1789587877.7 RUN h=288 b8=0.94 dl=0.69 dr=0.11 ticks=22932 b=0.1,0.1,0.2,0.4,1.5,0.7,0.6,0.9,0.9,0.1,0.1,0.1,0.1,0.1,0.1,0.1
1789587879.7 POSE x=-7.03 y=4.33 th=85 havg=287 ticks=23050 d11=0.377 d3=tick=1182277 goal=0 here=0
1789587887.8 RUN h=280 b8=0.97 dl=0.91 dr=0.16 ticks=23549 b=0.1,0.1,0.1,0.2,1.3,0.9,0.5,0.9,1.0,0.3,0.1,0.2,0.2,0.2,0.1,0.1
1789587898.0 RUN h=273 b8=0.97 dl=1.25 dr=0.15 ticks=24169 b=0.1,0.1,0.1,0.1,1.3,1.4,0.6,0.6,1.0,0.4,0.2,0.2,0.2,0.2,0.1,0.1
1789587908.3 RUN h=266 b8=0.90 dl=0.19 dr=0.16 ticks=24801 b=0.1,0.1,0.1,0.1,0.2,1.4,0.6,0.6,0.9,1.0,0.3,0.2,0.2,0.2,0.1,0.1
1789587910.2 POSE x=-7.10 y=5.07 th=105 havg=266 ticks=24914 d11=0.406 d3=tick=1185331 goal=0 here=0
1789587918.7 RUN h=260 b8=0.93 dl=0.14 dr=0.15 ticks=25435 b=0.1,0.1,0.1,0.1,0.1,1.3,0.9,0.5,0.9,1.0,0.3,0.2,0.2,0.2,0.1,0.1
1789587929.5 RUN h=252 b8=0.85 dl=0.13 dr=0.15 ticks=26093 b=0.1,0.1,0.1,0.1,0.1,1.3,1.4,0.7,0.8,1.0,0.4,0.2,0.1,0.2,0.2,0.1
1789587939.7 RUN h=245 b8=0.59 dl=0.12 dr=0.14 ticks=26717 b=0.1,0.1,0.1,0.1,0.1,0.5,1.4,0.6,0.6,0.9,1.0,0.2,0.1,0.2,0.2,0.1
1789587940.4 POSE x=-7.41 y=5.73 th=125 havg=244 ticks=26756 d11=0.365 d3=tick=1188349 goal=0 here=0
1789587949.8 RUN h=239 b8=0.53 dl=0.12 dr=0.16 ticks=27330 b=0.1,0.1,0.1,0.1,0.1,0.2,1.4,0.9,0.5,0.9,1.0,0.3,0.2,0.2,0.2,0.1
1789587959.8 RUN h=231 b8=0.54 dl=0.09 dr=0.14 ticks=27944 b=0.1,0.1,0.1,0.1,0.1,0.1,1.3,1.5,0.5,0.9,1.0,0.3,0.1,0.2,0.2,0.2
1789587970.0 RUN h=223 b8=0.64 dl=0.10 dr=0.15 ticks=28566 b=0.1,0.1,0.1,0.1,0.1,0.1,0.6,1.4,0.6,0.6,0.9,1.0,0.2,0.1,0.2,0.2
1789587970.6 POSE x=-7.93 y=6.25 th=144 havg=223 ticks=28599 d11=0.287 d3=tick=1191369 goal=0 here=0
1789587979.9 RUN h=217 b8=0.66 dl=0.09 dr=0.34 ticks=29170 b=0.1,0.1,0.1,0.1,0.1,0.1,0.1,1.4,0.7,0.6,0.9,1.0,0.3,0.2,0.2,0.2
1789587984.0 DETOUR -90
1789587999.7 TURN rand best=15 err=7 ticks=29458 b8=0.10
1789588026.7 POSE x=-8.23 y=6.40 th=94 havg=276 ticks=29445 d11=0.318 d3=tick=1196983 goal=0 here=0
1789588027.4 RUN h=276 b8=0.97 dl=1.32 dr=0.15 ticks=29456 b=1.6,0.1,0.1,0.1,1.3,1.5,0.6,0.9,1.0,0.4,0.1,0.2,0.2,0.2,1.6,0.1
1789588027.7 CROSS L
1789588037.8 RUN h=232 b8=0.60 dl=0.10 dr=0.16 ticks=29565 b=0.1,0.1,0.1,0.1,0.1,0.1,1.3,1.5,0.6,0.9,1.0,0.4,0.2,0.2,0.2,0.2
1789588048.4 RUN h=223 b8=0.63 dl=0.09 dr=0.17 ticks=30213 b=0.1,0.1,0.1,0.1,0.1,0.1,0.5,1.4,0.6,0.6,0.9,1.0,0.2,0.1,0.2,0.2
1789588056.9 POSE x=-8.63 y=6.70 th=150 havg=218 ticks=30727 d11=0.291 d3=tick=1199999 goal=0 here=0
1789588059.0 RUN h=217 b8=0.87 dl=0.10 dr=0.36 ticks=30859 b=0.1,0.1,0.1,0.1,0.1,0.1,0.1,1.4,0.9,0.5,0.9,1.0,0.4,0.2,0.2,0.2
1789588069.4 RUN h=210 b8=1.50 dl=0.08 dr=0.35 ticks=31490 b=0.2,0.1,0.1,0.1,0.1,0.1,0.1,1.3,1.5,0.5,0.9,1.0,0.3,0.2,0.2,0.2
1789588080.2 RUN h=202 b8=1.39 dl=0.09 dr=0.93 ticks=32153 b=0.2,0.1,0.1,0.1,0.1,0.1,0.1,0.5,1.4,0.7,0.6,0.9,1.0,0.2,0.2,0.2
1789588087.6 POSE x=-9.33 y=6.94 th=171 havg=197 ticks=32597 d11=0.276 d3=tick=1203064 goal=0 here=0
1789588090.3 RUN h=195 b8=1.41 dl=0.09 dr=0.91 ticks=32770 b=0.2,0.1,0.1,0.1,0.1,0.1,0.1,0.1,1.4,0.7,0.5,0.9,1.0,0.3,0.2,0.2
1789588098.6 CROSS R
1789588108.0 RUN h=234 b8=0.52 dl=0.10 dr=0.18 ticks=33307 b=0.1,0.1,0.1,0.1,0.1,0.1,1.3,1.5,0.5,0.9,1.0,0.4,0.2,0.2,0.2,0.2
1789588118.0 POSE x=-9.80 y=7.13 th=143 havg=227 ticks=33920 d11=0.307 d3=tick=1206114 goal=0 here=0
1789588118.7 RUN h=225 b8=0.65 dl=0.11 dr=0.18 ticks=33959 b=0.1,0.1,0.1,0.1,0.1,0.1,0.6,1.4,0.7,0.6,0.9,1.0,0.2,0.1,0.2,0.2
1789588129.1 RUN h=220 b8=0.65 dl=0.11 dr=0.34 ticks=34596 b=0.1,0.1,0.1,0.1,0.1,0.1,0.1,1.4,0.7,0.6,0.9,1.0,0.3,0.1,0.2,0.2
1789588139.7 RUN h=213 b8=1.52 dl=0.09 dr=0.35 ticks=35244 b=0.2,0.1,0.1,0.1,0.1,0.1,0.1,1.3,1.5,0.5,0.9,1.0,0.4,0.2,0.2,0.2
1789588148.5 POSE x=-10.45 y=7.47 th=163 havg=204 ticks=35777 d11=0.302 d3=tick=1209158 goal=0 here=0
1789588150.0 RUN h=203 b8=1.41 dl=0.08 dr=0.95 ticks=35872 b=0.2,0.1,0.1,0.1,0.1,0.1,0.1,1.2,1.4,0.7,0.6,0.9,1.1,0.2,0.2,0.2
1789588160.4 RUN h=198 b8=1.40 dl=0.09 dr=0.91 ticks=36510 b=0.2,0.1,0.1,0.1,0.1,0.1,0.1,0.2,1.4,0.6,0.6,0.9,1.0,0.3,0.1,0.2
1789588169.5 CROSS R
1789588178.8 RUN h=234 b8=0.51 dl=0.10 dr=0.15 ticks=37095 b=0.1,0.1,0.1,0.1,0.1,1.6,1.3,1.5,0.5,0.9,1.0,0.4,0.2,0.2,0.2,0.2
1789588179.4 POSE x=-10.98 y=7.58 th=135 havg=234 ticks=37129 d11=0.321 d3=tick=1212252 goal=0 here=0
1789588189.4 RUN h=228 b8=0.64 dl=0.09 dr=0.17 ticks=37742 b=0.1,0.1,0.1,0.1,0.1,0.1,1.2,1.4,0.6,0.6,0.9,1.1,0.2,0.2,0.2,1.6
1789588199.6 RUN h=221 b8=0.65 dl=0.10 dr=0.33 ticks=38364 b=0.1,0.1,0.1,0.1,0.1,0.1,0.1,1.4,0.7,0.6,0.9,1.0,0.3,0.1,0.2,0.2
1789588209.8 POSE x=-11.58 y=8.00 th=155 havg=213 ticks=38982 d11=0.285 d3=tick=1215290 goal=0 here=0
1789588210.5 RUN h=213 b8=1.53 dl=0.11 dr=0.37 ticks=39025 b=0.1,0.1,0.1,0.1,0.1,0.1,0.1,1.6,1.5,0.5,0.9,1.0,0.4,0.2,0.2,0.2
1789588220.6 RUN h=205 b8=1.41 dl=0.10 dr=0.96 ticks=39648 b=0.2,0.1,0.1,0.1,0.1,0.1,0.1,1.2,1.4,0.6,0.6,1.0,1.0,0.2,0.1,0.2
1789588231.0 RUN h=197 b8=1.41 dl=0.10 dr=0.87 ticks=40280 b=0.2,0.1,0.1,0.1,0.1,0.1,0.1,0.2,1.4,0.6,0.6,0.9,1.0,0.3,0.2,0.2
1789588240.2 POSE x=-12.30 y=8.19 th=174 havg=192 ticks=40834 d11=0.307 d3=tick=1218332 goal=0 here=0
1789588241.7 RUN h=190 b8=1.29 dl=0.10 dr=0.95 ticks=40930 b=0.2,0.1,0.1,0.1,1.6,0.1,0.1,0.1,1.3,1.5,0.5,0.9,1.0,0.3,0.1,0.2
1789588251.9 RUN h=183 b8=1.34 dl=0.10 dr=0.66 ticks=41557 b=0.2,0.2,0.1,0.1,0.1,0.1,0.1,0.1,1.3,1.4,0.6,0.7,1.6,0.4,0.2,0.1
1789588262.4 RUN h=179 b8=0.59 dl=0.10 dr=0.64 ticks=42195 b=0.1,0.1,0.1,0.1,0.1,0.1,0.1,0.2,0.6,1.4,0.7,0.6,0.9,0.3,0.1,0.1
1789588264.8 TURN rand best=9 err=1 ticks=42344 b8=0.25
1789588270.6 POSE x=-12.94 y=8.17 th=175 havg=191 ticks=42455 d11=0.367 d3=tick=1221372 goal=0 here=0
1789588272.8 RUN h=191 b8=1.38 dl=0.10 dr=0.90 ticks=42589 b=0.1,0.1,0.1,0.1,0.1,0.1,1.6,0.2,1.4,0.9,0.6,0.9,0.9,0.1,0.1,0.1
1789588283.0 RUN h=182 b8=1.42 dl=0.08 dr=0.89 ticks=43211 b=0.1,0.1,0.1,0.1,0.1,0.1,0.2,0.2,1.4,1.5,0.5,0.9,1.0,0.1,0.1,0.1
1789588286.4 CROSS R
1789588295.7 RUN h=224 b8=0.67 dl=0.14 dr=0.10 ticks=43452 b=0.1,0.1,0.1,0.1,0.1,0.2,0.6,1.5,0.7,0.8,0.9,0.3,0.1,0.1,0.1,0.1
1789588301.2 POSE x=-13.45 y=8.24 th=147 havg=221 ticks=43787 d11=0.432 d3=tick=1224431 goal=0 here=0
1789588306.4 RUN h=219 b8=0.70 dl=0.13 dr=0.10 ticks=44104 b=0.1,0.1,0.1,0.1,0.1,0.2,0.2,1.4,0.7,0.6,0.9,0.9,0.1,0.1,0.1,0.1
1789588316.7 RUN h=209 b8=1.56 dl=0.12 dr=0.11 ticks=44733 b=0.1,0.1,0.1,0.1,0.1,0.2,0.2,1.4,1.6,0.6,1.0,1.0,0.1,0.1,0.1,0.1
1789588326.1 DETOUR 45
1789588332.9 POSE x=-14.01 y=8.51 th=129 havg=237 ticks=45336 d11=0.345 d3=tick=1227599 goal=0 here=0
1789588333.8 RUN h=238 b8=0.57 dl=0.16 dr=0.09 ticks=45352 b=0.1,0.1,0.1,0.1,0.2,0.2,1.4,0.7,0.6,0.9,0.9,0.1,0.1,0.1,0.1,0.1
1789588338.0 DETOUR -45
1789588346.7 RUN h=192 b8=1.41 dl=0.09 dr=0.89 ticks=45652 b=0.1,0.1,0.1,0.1,0.1,0.1,0.2,0.2,1.4,0.7,0.6,0.9,0.9,0.1,1.6,0.1
1789588357.1 RUN h=184 b8=1.36 dl=0.10 dr=0.95 ticks=46281 b=0.1,0.1,0.1,0.1,0.1,0.1,0.2,0.2,1.4,1.6,0.5,0.9,1.0,0.1,0.1,0.1
1789588363.4 POSE x=-14.50 y=8.59 th=185 havg=181 ticks=46668 d11=0.421 d3=tick=1230649 goal=0 here=0
1789588367.5 RUN h=179 b8=0.61 dl=0.10 dr=0.83 ticks=46920 b=0.1,0.1,0.1,0.1,0.1,0.1,0.1,0.2,0.6,1.4,0.7,0.8,0.9,0.3,0.1,0.1
1789588370.5 DETOUR -45
1789588378.8 TURN rand best=14 err=6 ticks=47145 b8=0.14
1789588383.2 TURN rand best=11 err=3 ticks=0 b8=0.19
1789588395.2 RUN h=212 b8=0.92 dl=0.13 dr=0.11 ticks=10 b=0.1,0.1,0.1,0.1,0.1,0.2,0.2,1.3,0.9,0.6,0.9,1.0,0.1,0.1,0.1,0.1
1789588405.5 RUN h=203 b8=1.47 dl=0.12 dr=0.33 ticks=744 b=0.1,0.1,0.1,0.1,0.1,0.1,0.2,1.3,1.5,0.6,0.9,1.0,0.3,0.1,0.1,0.1
1789588413.6 POSE x=-0.07 y=0.52 th=105 havg=197 ticks=1317 d11=0.386 d3=tick=1235671 goal=0 here=0
1789588415.8 RUN h=196 b8=1.45 dl=0.12 dr=0.89 ticks=1479 b=0.1,0.1,0.1,0.1,0.1,0.1,0.2,0.2,1.5,0.7,0.6,0.9,0.9,0.1,0.1,0.1
1789588424.7 DETOUR 90
1789588441.3 RUN h=277 b8=0.96 dl=1.36 dr=0.09 ticks=2140 b=0.1,0.1,0.2,0.2,1.4,1.6,0.6,1.0,1.0,0.1,0.1,0.1,0.1,0.1,0.1,0.1
1789588444.0 POSE x=-0.11 y=0.86 th=31 havg=274 ticks=2330 d11=0.415 d3=tick=1238707 goal=0 here=0
1789588451.7 RUN h=268 b8=0.93 dl=0.59 dr=0.09 ticks=2881 b=0.1,0.1,0.1,0.2,0.6,1.4,0.7,0.6,0.9,0.3,0.1,0.1,0.1,0.1,0.1,0.1
1789588461.7 RUN h=260 b8=0.89 dl=0.21 dr=0.08 ticks=3594 b=0.1,0.1,0.1,0.2,0.2,1.4,0.7,0.6,0.9,0.9,0.1,0.1,0.1,0.1,0.1,0.1
1789588529.1 RUN h=254 b8=0.92 dl=0.16 dr=0.10 ticks=15 b=0.1,0.1,0.1,0.2,0.2,1.4,1.5,0.5,0.9,1.0,0.1,0.1,0.1,0.1,0.1,0.1
1789588539.3 RUN h=247 b8=0.64 dl=0.16 dr=0.09 ticks=745 b=0.1,0.1,0.1,0.1,0.2,0.6,1.4,0.7,0.6,0.9,1.6,0.1,0.1,0.1,0.1,0.1
1789588549.8 RUN h=238 b8=0.59 dl=0.14 dr=0.08 ticks=1484 b=0.1,0.1,0.1,0.1,0.1,0.2,1.4,0.7,0.6,0.9,0.9,0.1,0.1,0.1,0.1,0.1
1789588558.6 POSE x=-0.07 y=-0.83 th=276 havg=231 ticks=2109 d11=0.289 d3=tick=1250173 goal=0 here=0
1789588560.0 RUN h=229 b8=0.54 dl=0.15 dr=0.08 ticks=2206 b=0.1,0.1,0.1,0.1,0.2,0.2,1.4,1.5,0.5,0.9,0.9,0.1,0.1,0.1,0.1,0.1
1789588570.4 RUN h=221 b8=0.68 dl=0.14 dr=0.10 ticks=2947 b=0.1,0.1,0.1,0.1,0.1,0.2,0.4,1.5,0.7,0.6,0.9,0.9,0.1,0.1,0.1,1.6
1789588580.9 RUN h=213 b8=0.90 dl=0.13 dr=0.11 ticks=3696 b=0.1,0.1,0.1,0.1,0.1,0.1,0.2,1.4,0.9,0.6,0.9,0.9,0.1,1.6,0.1,0.1
1789588589.0 POSE x=0.20 y=-1.65 th=299 havg=205 ticks=4273 d11=0.285 d3=tick=1253213 goal=0 here=0
1789588591.5 RUN h=202 b8=1.46 dl=0.10 dr=0.32 ticks=4454 b=0.1,0.1,1.6,0.1,0.1,0.1,0.2,1.2,1.5,0.6,0.9,1.0,0.3,0.1,0.1,0.1
1789588602.3 RUN h=195 b8=1.45 dl=0.10 dr=0.87 ticks=5222 b=0.1,0.1,0.1,0.1,0.1,0.1,0.2,0.2,1.4,0.7,0.6,0.9,0.9,0.1,0.1,0.1
1789588612.9 RUN h=187 b8=1.36 dl=0.10 dr=0.94 ticks=5975 b=0.1,0.1,0.1,0.1,0.1,0.1,0.2,0.2,1.4,1.6,0.5,0.9,1.0,0.1,0.1,0.1
1789588615.3 CROSS R
1789588623.9 POSE x=0.68 y=-2.24 th=278 havg=228 ticks=6177 d11=0.297 d3=tick=1256701 goal=0 here=0
1789588624.7 RUN h=227 b8=0.54 dl=0.15 dr=0.09 ticks=6187 b=0.1,0.1,0.1,0.1,0.2,0.2,1.4,1.5,0.5,0.9,1.0,0.3,0.1,0.1,0.1,0.1
1789588635.2 RUN h=221 b8=0.69 dl=0.14 dr=0.10 ticks=6936 b=0.1,0.1,0.1,0.1,0.1,0.2,0.4,1.5,0.7,0.6,0.9,0.9,0.1,0.1,0.1,0.1
1789588645.9 RUN h=211 b8=0.93 dl=0.12 dr=0.11 ticks=7699 b=0.1,0.1,0.1,0.1,0.1,0.2,0.2,1.4,0.9,0.6,0.9,0.9,0.1,0.1,0.1,0.1
1789588654.3 POSE x=0.95 y=-3.02 th=300 havg=204 ticks=8293 d11=0.294 d3=tick=1259741 goal=0 here=0
1789588656.5 RUN h=203 b8=1.47 dl=0.15 dr=0.32 ticks=8451 b=0.1,0.1,0.1,0.1,1.6,0.1,0.2,1.6,1.5,0.7,0.9,1.0,0.3,0.1,0.1,0.1
1789588667.2 RUN h=195 b8=1.46 dl=0.11 dr=0.89 ticks=9209 b=0.1,0.1,0.1,0.1,0.1,0.1,0.2,0.2,1.5,0.7,0.6,0.9,0.9,1.6,0.1,0.1
1789588677.3 RUN h=188 b8=1.35 dl=0.08 dr=0.96 ticks=9931 b=0.1,0.1,0.1,0.1,0.1,0.1,0.2,0.2,1.4,1.6,0.6,1.0,1.0,0.1,0.1,0.1
1789588684.7 POSE x=1.53 y=-3.66 th=323 havg=180 ticks=10451 d11=0.303 d3=tick=1262774 goal=0 here=0
1789588687.6 RUN h=178 b8=0.61 dl=0.09 dr=0.83 ticks=10667 b=0.1,0.1,0.1,0.1,0.1,0.1,0.1,0.2,0.6,1.4,0.7,0.8,0.9,0.3,0.1,0.1
1789588692.3 TURN rand best=9 err=1 ticks=10998 b8=0.24
1789588698.2 RUN h=189 b8=1.40 dl=0.09 dr=0.96 ticks=11133 b=0.1,0.1,0.1,1.6,0.1,0.1,0.2,0.2,1.4,0.9,0.6,1.6,1.0,0.1,0.1,0.1
1789588708.7 RUN h=182 b8=1.35 dl=0.08 dr=0.87 ticks=11882 b=0.1,0.1,0.1,0.1,0.1,0.1,0.2,0.2,1.4,1.5,1.6,0.9,1.6,0.1,0.1,0.1
1789588714.9 POSE x=2.11 y=-4.12 th=326 havg=177 ticks=12319 d11=0.318 d3=tick=1265797 goal=0 here=0
1789588718.0 TURN rand best=12 err=4 ticks=12541 b8=0.27
1789588734.7 RUN h=263 b8=0.89 dl=0.22 dr=0.11 ticks=12574 b=0.1,0.1,0.1,0.2,0.2,1.6,0.7,0.6,0.9,0.9,0.1,0.1,0.1,0.1,0.1,0.1
1789588745.1 RUN h=255 b8=0.95 dl=0.19 dr=0.08 ticks=13316 b=0.1,0.1,0.1,0.1,0.2,1.4,1.6,0.6,0.9,1.0,0.1,0.1,0.1,0.1,0.1,0.1
1789588745.7 POSE x=2.07 y=-4.47 th=253 havg=253 ticks=13357 d11=0.294 d3=tick=1268880 goal=0 here=0
1789588755.5 RUN h=247 b8=0.86 dl=0.18 dr=0.09 ticks=14060 b=0.1,0.1,0.1,0.1,0.2,0.6,1.4,0.7,0.9,0.9,0.3,0.1,0.1,0.1,0.1,0.1
1789588766.0 RUN h=238 b8=0.60 dl=0.18 dr=0.10 ticks=14805 b=0.1,0.1,0.1,0.1,0.2,0.2,1.4,0.7,0.6,0.9,0.9,0.1,0.1,0.1,0.1,0.1
1789588775.7 POSE x=1.99 y=-5.32 th=276 havg=231 ticks=15494 d11=0.288 d3=tick=1271880 goal=0 here=0
1789588776.4 RUN h=227 b8=0.53 dl=0.16 dr=0.09 ticks=15542 b=0.1,0.1,0.1,0.1,0.2,0.2,1.4,1.5,0.5,0.9,0.9,0.1,0.1,1.6,0.1,0.1
1789588784.3 DETOUR -45
1789588793.0 RUN h=180 b8=0.66 dl=0.09 dr=0.85 ticks=16151 b=0.1,0.1,0.1,0.1,0.1,0.1,0.1,0.2,0.7,1.5,0.7,0.9,1.0,0.3,0.1,0.1
1789588800.5 TURN rand best=10 err=2 ticks=16690 b8=0.23
1789588809.2 POSE x=2.23 y=-5.70 th=288 havg=218 ticks=16721 d11=0.284 d3=tick=1275234 goal=0 here=0
1789588810.2 RUN h=216 b8=0.71 dl=0.14 dr=0.10 ticks=16737 b=0.1,0.1,0.1,0.1,0.1,0.1,0.2,1.5,0.7,0.6,0.9,1.0,0.1,0.1,0.1,0.1
1789588820.1 RUN h=210 b8=1.57 dl=0.12 dr=0.11 ticks=17445 b=0.1,0.1,0.1,0.1,0.1,0.2,0.2,1.4,1.6,0.5,0.9,0.9,0.1,0.1,0.1,0.1
1789588830.6 RUN h=201 b8=1.44 dl=0.11 dr=0.30 ticks=18189 b=0.1,0.1,0.1,0.1,0.1,0.1,0.2,0.6,1.4,0.7,0.8,0.9,0.3,0.1,0.1,0.1
1789588839.6 POSE x=2.65 y=-6.42 th=311 havg=193 ticks=18832 d11=0.314 d3=tick=1278273 goal=0 here=0
1789588840.9 RUN h=192 b8=1.45 dl=0.09 dr=0.90 ticks=18922 b=0.1,1.6,0.1,0.1,0.1,0.1,0.2,0.2,1.4,0.7,0.6,0.9,0.9,0.1,1.6,0.1
1789588844.2 DETOUR 90
1789588860.6 RUN h=280 b8=0.95 dl=1.37 dr=0.10 ticks=19187 b=0.1,0.1,0.1,0.2,1.4,1.6,0.6,0.9,1.0,0.1,0.1,0.1,0.1,0.1,0.1,0.1
1789588870.0 POSE x=2.58 y=-6.74 th=237 havg=272 ticks=19851 d11=0.277 d3=tick=1281309 goal=0 here=0
1789588870.6 RUN h=270 b8=0.93 dl=0.66 dr=0.08 ticks=19896 b=0.1,0.1,0.1,0.2,0.7,1.4,0.7,0.9,0.9,0.3,1.6,0.1,0.1,0.1,0.1,0.1
1789588881.0 RUN h=261 b8=0.89 dl=0.20 dr=0.09 ticks=20633 b=0.1,0.1,0.1,0.2,0.2,1.4,0.7,0.6,0.9,0.9,0.1,0.1,0.1,0.1,0.1,0.1
1789588891.3 RUN h=253 b8=0.95 dl=0.20 dr=0.10 ticks=21370 b=0.1,0.1,0.1,0.2,0.2,1.4,1.5,0.5,1.0,0.9,0.1,0.1,0.1,0.1,0.1,0.1
1789588900.2 POSE x=2.27 y=-7.54 th=261 havg=247 ticks=22002 d11=0.323 d3=tick=1284330 goal=0 here=0
1789588901.5 RUN h=245 b8=0.65 dl=0.18 dr=0.10 ticks=22097 b=0.1,0.1,0.1,0.2,0.2,0.6,1.4,0.7,0.7,0.9,0.3,0.1,0.1,0.1,0.1,0.1
1789588911.7 RUN h=237 b8=0.60 dl=0.18 dr=0.10 ticks=22824 b=0.1,0.1,0.1,0.1,0.2,0.2,1.4,0.7,0.6,0.9,0.9,0.1,0.1,0.1,0.1,0.1
1789588922.1 RUN h=230 b8=0.53 dl=0.19 dr=0.09 ticks=23563 b=0.1,0.1,0.1,0.1,1.6,0.2,1.4,1.5,0.5,0.9,0.9,0.1,0.1,0.1,0.1,0.1
1789588930.4 POSE x=2.31 y=-8.39 th=283 havg=223 ticks=24151 d11=0.294 d3=tick=1287350 goal=0 here=0
1789588932.7 RUN h=220 b8=0.68 dl=0.14 dr=0.11 ticks=24315 b=0.1,0.1,0.1,0.1,0.1,0.2,0.6,1.4,0.7,0.6,0.9,0.4,0.1,0.1,0.1,0.1
1789588943.4 RUN h=212 b8=0.89 dl=0.13 dr=0.12 ticks=25079 b=0.1,0.1,0.1,0.1,0.1,0.2,0.2,1.4,0.9,0.6,0.9,0.9,0.1,0.1,0.1,0.1
1789588953.4 RUN h=204 b8=1.48 dl=0.12 dr=0.32 ticks=25790 b=0.1,0.1,0.1,0.1,0.1,0.1,0.2,1.3,1.5,0.6,0.9,1.0,0.3,0.1,0.1,0.1
1789588960.8 POSE x=2.68 y=-9.17 th=307 havg=200 ticks=26317 d11=0.289 d3=tick=1290393 goal=0 here=0
1789588963.8 RUN h=195 b8=1.47 dl=0.11 dr=0.91 ticks=26529 b=0.1,0.1,0.1,0.1,0.1,0.1,0.1,0.2,1.5,0.7,0.6,0.9,0.9,0.1,0.1,0.1
1789588974.2 RUN h=186 b8=1.36 dl=0.09 dr=0.95 ticks=27275 b=0.1,0.1,0.1,0.1,0.1,0.1,0.2,0.2,1.4,1.6,0.6,0.9,1.0,0.1,0.1,0.1
1789588984.9 RUN h=179 b8=0.62 dl=0.09 dr=0.85 ticks=28032 b=0.1,0.1,0.1,0.1,0.1,0.1,0.1,0.2,0.6,1.5,0.7,0.8,0.9,0.3,0.1,0.1
1789588990.3 TURN rand best=13 err=5 ticks=28417 b8=0.27
1789589009.5 POSE x=3.30 y=-9.74 th=228 havg=280 ticks=28442 d11=0.413 d3=tick=1295265 goal=0 here=0
1789589010.6 RUN h=282 b8=0.94 dl=0.90 dr=0.10 ticks=28454 b=0.1,0.1,0.2,0.2,1.4,0.9,0.6,0.9,0.9,0.1,0.1,0.1,0.1,0.1,0.1,0.1
1789589020.7 RUN h=271 b8=0.97 dl=1.26 dr=0.11 ticks=29175 b=0.1,0.1,0.2,0.2,1.3,1.4,0.6,0.9,1.0,0.3,0.1,0.1,0.1,0.1,0.1,0.1
1789589031.1 RUN h=264 b8=0.91 dl=0.20 dr=0.10 ticks=29912 b=0.1,0.1,0.1,0.2,0.2,1.4,0.7,0.6,0.9,0.9,0.1,0.1,0.1,0.1,0.1,0.1
1789589040.2 POSE x=2.88 y=-10.45 th=250 havg=257 ticks=30553 d11=0.318 d3=tick=1298326 goal=0 here=0
1789589041.4 RUN h=255 b8=0.94 dl=0.17 dr=0.09 ticks=30650 b=0.1,0.1,0.1,0.1,0.2,1.4,1.6,0.5,0.9,0.9,0.1,0.1,0.1,0.1,0.1,0.1
1789589051.7 RUN h=248 b8=0.84 dl=0.16 dr=0.10 ticks=31380 b=0.1,0.1,0.1,0.1,0.2,0.6,1.4,0.7,0.8,0.9,0.3,0.1,0.1,0.1,0.1,0.1
1789589061.9 RUN h=240 b8=0.58 dl=0.15 dr=0.09 ticks=32108 b=0.1,0.1,0.1,0.1,0.2,0.2,1.4,0.7,0.6,0.9,0.9,0.1,0.1,0.1,0.1,0.1
1789589070.9 POSE x=2.77 y=-11.32 th=274 havg=232 ticks=32748 d11=0.284 d3=tick=1301404 goal=0 here=0
1789589072.2 RUN h=232 b8=0.51 dl=0.14 dr=0.11 ticks=32841 b=0.1,0.1,0.1,0.1,0.1,0.2,1.4,1.5,0.5,1.0,1.0,0.3,0.1,0.1,0.1,0.1
1789589082.9 RUN h=222 b8=0.69 dl=0.13 dr=0.10 ticks=33600 b=0.1,0.1,0.1,0.1,0.1,0.2,0.6,1.4,0.7,0.6,0.9,0.3,0.1,0.1,0.1,0.1
1789589093.3 RUN h=216 b8=0.88 dl=0.14 dr=0.11 ticks=34345 b=0.1,0.1,0.1,0.1,0.1,0.2,0.2,1.4,0.9,0.6,0.9,0.9,0.1,0.1,0.1,0.1
1789589101.0 POSE x=3.00 y=-12.14 th=297 havg=209 ticks=34888 d11=0.324 d3=tick=1304408 goal=0 here=0
1789589103.7 RUN h=207 b8=1.52 dl=0.12 dr=0.31 ticks=35082 b=0.1,0.1,0.1,0.1,0.1,0.1,0.2,1.4,1.5,0.5,0.9,1.0,0.3,0.1,0.1,0.1
1789589113.5 CROSS R
1789589124.0 RUN h=249 b8=0.87 dl=0.16 dr=0.08 ticks=35812 b=0.1,0.1,0.1,0.1,0.2,1.3,1.5,0.6,0.9,1.0,0.3,0.1,0.1,0.1,0.1,0.1
1789589131.3 POSE x=3.16 y=-12.65 th=263 havg=245 ticks=36329 d11=0.384 d3=tick=1307435 goal=0 here=0
1789589134.5 RUN h=242 b8=0.60 dl=0.15 dr=0.11 ticks=36565 b=0.1,0.1,0.1,0.1,0.1,0.2,1.4,0.7,0.6,0.9,0.9,0.1,0.1,0.1,0.1,0.1
1789589145.2 RUN h=233 b8=0.55 dl=0.13 dr=0.11 ticks=37323 b=0.1,0.1,0.1,0.1,0.1,0.2,1.3,1.6,0.6,0.9,1.0,0.1,0.1,0.1,0.1,0.1
1789589155.8 RUN h=225 b8=0.68 dl=0.14 dr=0.11 ticks=38076 b=0.1,0.1,0.1,0.1,0.1,0.1,0.6,1.4,0.7,0.9,0.9,1.6,0.1,0.1,0.1,0.1
1789589161.8 POSE x=3.24 y=-13.52 th=287 havg=221 ticks=38508 d11=0.389 d3=tick=1310494 goal=0 here=0
1789589166.0 RUN h=218 b8=0.70 dl=0.14 dr=0.11 ticks=38807 b=0.1,0.1,0.1,0.1,0.1,0.1,0.2,1.4,0.7,0.6,0.9,1.0,0.1,0.1,0.1,0.1
1789589176.1 RUN h=208 b8=1.55 dl=0.12 dr=0.31 ticks=39526 b=0.1,0.1,0.1,0.1,0.1,0.1,0.2,1.4,1.5,0.5,1.0,0.9,0.3,0.1,0.1,0.1
1789589186.2 RUN h=201 b8=1.45 dl=0.12 dr=0.33 ticks=40241 b=0.1,0.1,0.1,0.1,0.1,0.1,0.2,0.6,1.5,0.7,0.6,0.9,0.3,0.1,0.1,0.1
1789589188.5 CROSS R
1789589198.5 POSE x=3.58 y=-14.20 th=258 havg=248 ticks=40432 d11=0.490 d3=tick=1314156 goal=0 here=0
1789589199.3 RUN h=249 b8=0.85 dl=0.16 dr=0.09 ticks=40445 b=0.1,0.1,0.1,0.2,0.2,1.2,1.4,0.6,0.8,1.0,0.3,0.1,0.1,0.1,0.1,0.1
1789589209.1 DETOUR -45
1789589218.0 RUN h=199 b8=1.44 dl=0.12 dr=0.90 ticks=41199 b=0.1,0.1,0.1,0.1,0.1,0.1,0.2,0.4,1.4,0.7,0.6,0.9,0.9,0.1,0.1,0.1
1789589228.4 RUN h=190 b8=1.36 dl=0.07 dr=0.92 ticks=41936 b=0.1,0.1,0.1,0.1,0.1,0.1,0.1,0.2,1.4,0.9,0.6,0.9,1.0,0.1,0.1,0.1
1789589229.0 POSE x=3.77 y=-14.73 th=316 havg=189 ticks=41976 d11=0.405 d3=tick=1317206 goal=0 here=0
1789589238.8 RUN h=182 b8=1.25 dl=0.09 dr=0.86 ticks=42677 b=0.1,0.1,0.1,0.1,0.1,0.1,0.1,0.2,1.3,1.5,0.6,0.9,1.0,0.3,0.1,0.1
1789589246.8 POCKET probe beam=11 b=0.61
1789589246.8 TURN rand best=11 err=3 ticks=43247 b8=0.26
1789589259.0 RUN h=235 b8=0.59 dl=0.17 dr=0.09 ticks=43296 b=0.1,0.1,0.1,0.1,0.2,0.2,1.4,0.9,0.6,0.9,0.9,0.1,0.1,0.1,0.1,0.1
1789589259.6 POSE x=4.18 y=-15.06 th=271 havg=236 ticks=43335 d11=0.615 d3=tick=1320273 goal=0 here=0
1789589269.9 RUN h=227 b8=0.53 dl=0.15 dr=0.09 ticks=44075 b=0.1,0.1,0.1,0.1,0.2,0.2,1.4,1.5,0.5,0.9,1.0,0.1,0.1,0.1,0.1,0.1
1789589280.3 RUN h=219 b8=0.68 dl=0.14 dr=0.09 ticks=44810 b=0.1,0.1,0.1,0.1,0.1,0.2,0.3,1.5,0.7,0.6,0.9,0.9,0.1,0.1,0.1,0.1
1789589290.4 POSE x=4.37 y=-15.91 th=294 havg=213 ticks=45526 d11=0.553 d3=tick=1323348 goal=0 here=0
1789589291.2 RUN h=211 b8=0.95 dl=0.14 dr=0.11 ticks=45583 b=0.1,0.1,0.1,0.1,0.1,0.2,0.2,1.4,0.9,0.6,0.9,1.0,0.1,0.1,0.1,0.1
1789589301.2 RUN h=202 b8=1.45 dl=0.12 dr=0.31 ticks=46298 b=0.1,0.1,0.1,0.1,0.1,0.1,0.2,1.2,1.5,0.7,0.9,0.9,0.3,0.1,0.1,0.1
1789589311.4 RUN h=196 b8=1.44 dl=0.10 dr=0.91 ticks=47025 b=0.1,0.1,0.1,0.1,0.1,0.1,0.2,0.2,1.4,0.7,0.6,0.9,0.9,0.1,0.1,0.1
1789589320.9 POSE x=4.89 y=-16.60 th=318 havg=187 ticks=47695 d11=0.425 d3=tick=1326395 goal=0 here=0
1789589321.4 RUN h=187 b8=1.35 dl=0.09 dr=0.95 ticks=47739 b=0.1,0.1,0.1,0.1,0.1,0.1,0.2,0.2,1.4,1.6,0.6,1.0,0.9,0.1,0.1,0.1
1789589332.0 RUN h=179 b8=0.61 dl=0.11 dr=0.84 ticks=48490 b=0.1,0.1,0.1,0.1,1.6,0.1,0.1,1.6,0.6,1.4,0.7,0.8,0.9,0.3,0.1,0.1
1789589336.1 TURN rand best=11 err=3 ticks=48788 b8=0.26
1789589348.4 RUN h=236 b8=0.58 dl=0.16 dr=0.08 ticks=48820 b=0.1,0.1,0.1,0.1,0.2,0.2,1.4,0.9,0.6,0.9,0.9,0.1,0.1,0.1,0.1,0.1
1789589351.1 POSE x=5.25 y=-16.94 th=273 havg=233 ticks=49011 d11=0.453 d3=tick=1329423 goal=0 here=0
1789589358.6 RUN h=229 b8=0.54 dl=0.15 dr=0.09 ticks=49541 b=0.1,0.1,0.1,0.1,0.1,0.2,1.4,1.5,0.5,0.9,1.0,0.1,0.1,0.1,0.1,0.1
1789589368.9 RUN h=220 b8=0.69 dl=0.14 dr=0.08 ticks=50276 b=0.1,0.1,0.1,0.1,0.1,0.2,0.4,1.5,0.7,0.6,0.9,0.9,0.1,0.1,0.1,0.1
1789589379.2 RUN h=211 b8=0.92 dl=0.14 dr=0.09 ticks=51013 b=0.1,0.1,0.1,0.1,0.1,0.1,0.2,1.3,0.9,0.6,0.9,1.0,0.1,0.1,0.1,0.1
1789589381.3 POSE x=5.47 y=-17.77 th=296 havg=210 ticks=51159 d11=0.446 d3=tick=1332440 goal=0 here=0
1789589389.5 RUN h=203 b8=1.46 dl=0.11 dr=0.32 ticks=51744 b=0.1,0.1,0.1,0.1,0.1,0.1,0.2,1.2,1.5,0.6,1.6,1.0,0.3,0.1,0.1,0.1
1789589400.0 RUN h=195 b8=1.46 dl=0.12 dr=0.88 ticks=52491 b=0.1,0.1,0.1,0.1,0.1,0.1,0.2,0.2,1.5,0.7,0.6,0.9,0.9,0.1,0.1,0.1
1789589410.2 RUN h=189 b8=1.36 dl=0.09 dr=0.95 ticks=53221 b=0.1,0.1,0.1,0.1,0.1,0.1,0.1,0.2,1.4,1.6,0.5,1.0,1.0,0.1,0.1,0.1
1789589411.6 POSE x=5.99 y=-18.45 th=319 havg=185 ticks=53319 d11=0.348 d3=tick=1335474 goal=0 here=0
1789589420.1 RUN h=180 b8=0.63 dl=0.10 dr=0.87 ticks=53925 b=0.1,0.1,1.6,0.1,0.1,0.1,0.1,0.2,0.6,1.5,0.7,0.9,1.0,0.3,0.1,0.1
1789589426.3 TURN rand best=12 err=4 ticks=54361 b8=0.24
1789589442.3 POSE x=6.33 y=-18.70 th=246 havg=264 ticks=54388 d11=0.283 d3=tick=1338540 goal=0 here=0
1789589443.2 RUN h=263 b8=0.88 dl=0.23 dr=0.09 ticks=54400 b=0.1,0.1,0.1,0.2,0.2,1.5,0.7,0.6,0.9,0.9,0.1,0.1,0.1,0.1,0.1,0.1
1789589453.4 RUN h=254 b8=0.96 dl=0.20 dr=0.09 ticks=55126 b=0.1,0.1,0.1,0.2,0.2,1.4,1.5,0.6,1.0,1.0,0.1,0.1,0.1,0.1,0.1,0.1
1789589463.5 RUN h=248 b8=0.85 dl=0.18 dr=0.08 ticks=55846 b=0.1,0.1,0.1,0.1,0.2,0.6,1.5,0.7,0.9,0.9,0.3,0.1,0.1,0.1,0.1,0.1
1789589473.0 POSE x=6.15 y=-19.52 th=269 havg=239 ticks=56518 d11=0.324 d3=tick=1341608 goal=0 here=0
1789589474.3 RUN h=238 b8=0.59 dl=0.14 dr=0.09 ticks=56610 b=0.1,0.1,0.1,0.1,0.1,0.2,1.4,0.7,0.6,0.9,0.9,0.1,0.1,0.1,0.1,0.1
1789589484.5 RUN h=231 b8=0.54 dl=0.15 dr=0.09 ticks=57336 b=0.1,0.1,0.1,0.1,0.2,0.2,1.4,1.5,0.5,0.9,1.0,0.1,0.1,0.1,0.1,0.1
1789589494.7 RUN h=221 b8=0.69 dl=0.14 dr=0.09 ticks=58064 b=0.1,0.1,0.1,0.1,0.1,0.2,0.6,1.4,0.7,0.6,0.9,0.3,0.1,0.1,0.1,0.1
1789589503.4 POSE x=6.31 y=-20.36 th=292 havg=214 ticks=58679 d11=0.289 d3=tick=1344646 goal=0 here=0
1789589504.8 RUN h=214 b8=0.89 dl=0.14 dr=0.11 ticks=58788 b=0.1,0.1,0.1,0.1,0.1,0.2,0.2,1.4,0.9,0.6,0.9,0.9,0.1,0.1,0.1,0.1
1789589515.1 RUN h=205 b8=1.48 dl=0.12 dr=0.29 ticks=59513 b=0.1,0.1,0.1,0.1,0.1,0.1,0.2,1.4,1.5,0.5,0.9,1.0,0.3,0.1,0.1,0.1
1789589525.5 RUN h=198 b8=1.45 dl=0.09 dr=0.91 ticks=60257 b=0.1,0.1,0.1,0.1,0.1,0.1,0.2,0.4,1.4,0.7,0.6,0.9,0.9,0.1,0.1,0.1
1789589528.7 DETOUR 90
1789589544.7 POSE x=6.68 y=-20.99 th=227 havg=282 ticks=60521 d11=0.315 d3=tick=1348780 goal=0 here=0
1789589545.7 RUN h=284 b8=0.94 dl=0.70 dr=0.10 ticks=60542 b=0.1,0.1,0.2,0.2,1.4,0.7,0.6,0.9,0.9,0.1,0.1,0.1,0.1,0.1,0.1,0.1
1789589556.0 RUN h=275 b8=0.97 dl=1.36 dr=0.12 ticks=61274 b=0.1,0.1,0.1,0.2,1.4,1.5,0.5,0.9,1.0,0.3,0.1,0.1,0.1,0.2,0.1,0.1
1789589566.5 RUN h=266 b8=1.60 dl=0.55 dr=0.13 ticks=62020 b=0.1,0.1,0.1,0.2,0.6,1.4,0.7,0.6,1.6,1.0,0.1,0.1,0.1,0.1,0.1,0.1
1789589575.1 POSE x=6.25 y=-21.70 th=249 havg=259 ticks=62631 d11=0.406 d3=tick=1351820 goal=0 here=0
1789589576.5 RUN h=258 b8=0.95 dl=0.18 dr=0.10 ticks=62732 b=0.1,0.1,0.1,0.1,0.2,1.3,0.9,0.6,0.9,0.9,0.3,0.1,0.1,0.1,0.1,0.1
1789589586.5 RUN h=249 b8=0.85 dl=0.15 dr=0.12 ticks=63449 b=0.1,0.1,0.1,0.1,0.1,1.3,1.5,0.6,0.9,1.0,0.3,0.1,0.1,0.2,0.1,0.1
1789589596.5 RUN h=244 b8=0.61 dl=0.15 dr=0.10 ticks=64158 b=0.1,0.1,0.1,0.1,0.2,0.2,1.4,0.7,0.6,0.9,0.9,0.1,0.1,0.2,0.1,0.1
1789589605.6 POSE x=6.13 y=-22.55 th=273 havg=235 ticks=64804 d11=0.360 d3=tick=1354870 goal=0 here=0
1789589607.0 RUN h=233 b8=0.52 dl=0.14 dr=0.11 ticks=64903 b=0.1,0.1,0.1,0.1,0.1,0.2,1.3,1.5,0.5,1.0,1.0,0.3,0.1,0.1,0.1,0.2
1789589617.5 RUN h=224 b8=0.66 dl=0.14 dr=0.12 ticks=65656 b=0.1,0.1,0.1,0.1,0.1,0.2,0.6,1.4,0.7,0.6,0.9,0.4,0.1,0.1,0.1,0.1
1789589627.9 RUN h=217 b8=0.67 dl=0.13 dr=0.13 ticks=66392 b=0.1,0.1,0.1,0.1,0.1,0.2,0.2,1.4,0.7,0.6,0.9,0.9,0.1,0.1,0.1,0.1
1789589635.8 POSE x=6.34 y=-23.38 th=296 havg=211 ticks=66945 d11=0.422 d3=tick=1357885 goal=0 here=0
1789589638.4 RUN h=208 b8=1.53 dl=0.11 dr=0.31 ticks=67141 b=0.1,0.1,0.1,0.1,0.1,0.1,0.2,1.4,1.5,0.5,0.9,1.0,0.3,0.1,0.1,0.1
1789589649.0 RUN h=199 b8=1.44 dl=0.12 dr=0.90 ticks=67892 b=0.1,0.2,0.1,0.1,0.1,0.2,0.2,0.6,1.4,0.7,0.6,0.9,1.0,0.1,0.1,0.1
1789589659.8 RUN h=191 b8=1.35 dl=0.11 dr=0.93 ticks=68663 b=0.1,0.1,0.1,0.1,0.1,0.1,0.2,0.2,1.4,0.9,0.6,0.9,1.0,0.1,0.1,0.1
1789589666.0 POSE x=6.87 y=-24.05 th=319 havg=186 ticks=69101 d11=0.425 d3=tick=1360907 goal=0 here=0
1789589670.0 RUN h=183 b8=1.38 dl=0.10 dr=0.86 ticks=69392 b=0.1,0.1,0.1,0.1,0.1,0.1,0.1,0.2,1.4,1.5,0.6,0.9,1.0,0.3,0.1,0.1
1789589680.5 RUN h=175 b8=0.41 dl=0.09 dr=0.63 ticks=70135 b=0.1,0.1,0.1,0.1,0.1,0.1,0.1,0.2,0.4,1.5,0.7,0.6,0.9,0.9,0.1,0.1
1789589680.9 TURN rand best=9 err=1 ticks=70163 b8=0.25
1789589688.7 DETOUR 90
1789589704.7 POSE x=7.29 y=-24.38 th=232 havg=276 ticks=70455 d11=0.286 d3=tick=1364781 goal=0 here=0
1789589705.5 RUN h=279 b8=0.97 dl=1.37 dr=0.10 ticks=70463 b=0.1,0.1,0.2,0.2,1.4,1.5,0.5,0.9,1.0,0.1,0.1,0.1,0.1,0.1,0.1,0.1
1789589712.1 CROSS L
1789589721.6 RUN h=226 b8=0.54 dl=0.16 dr=0.11 ticks=71000 b=0.1,0.1,0.1,0.1,0.2,0.2,1.3,1.5,0.5,0.9,1.0,0.3,0.1,0.1,0.1,0.1
1789589732.0 RUN h=219 b8=0.69 dl=0.13 dr=0.10 ticks=71741 b=0.1,0.1,0.1,0.1,0.1,0.1,0.2,1.5,0.7,0.6,0.9,0.9,0.1,0.1,0.1,0.1
1789589735.4 POSE x=7.29 y=-24.93 th=290 havg=216 ticks=71975 d11=0.308 d3=tick=1367848 goal=0 here=0
1789589742.4 RUN h=213 b8=1.55 dl=0.12 dr=0.12 ticks=72476 b=0.1,0.1,0.1,0.1,0.1,0.2,0.2,1.4,1.6,0.6,0.9,0.9,0.1,0.1,0.1,0.1
1789589752.5 RUN h=203 b8=1.45 dl=0.12 dr=0.32 ticks=73194 b=0.1,0.1,0.1,0.1,0.1,0.1,0.2,0.6,1.4,0.7,0.9,1.0,0.3,0.1,0.1,0.1
1789589762.8 RUN h=193 b8=1.45 dl=0.10 dr=0.88 ticks=73933 b=0.1,0.1,0.1,1.6,0.1,0.1,0.2,0.2,1.5,0.7,0.6,0.9,0.9,0.1,0.1,0.1
1789589765.5 POSE x=7.75 y=-25.65 th=314 havg=192 ticks=74114 d11=0.316 d3=tick=1370854 goal=0 here=0
1789589773.0 RUN h=187 b8=1.36 dl=0.10 dr=0.95 ticks=74660 b=0.1,0.1,0.1,0.1,0.1,0.1,0.2,0.2,1.4,1.6,0.5,1.0,1.0,0.1,0.1,0.1
1789589782.8 DETOUR 90
1789589798.5 POSE x=8.13 y=-25.97 th=242 havg=268 ticks=75380 d11=0.326 d3=tick=1374158 goal=0 here=0
1789589799.2 RUN h=267 b8=0.89 dl=0.58 dr=0.10 ticks=75394 b=0.1,1.6,0.1,0.2,0.6,1.4,0.7,0.6,0.9,0.3,0.1,0.1,0.1,0.1,0.1,0.1
1789589809.8 RUN h=258 b8=0.91 dl=0.19 dr=0.10 ticks=76151 b=0.1,0.1,0.1,0.1,0.2,1.4,0.9,0.6,0.9,0.9,0.1,0.1,0.1,0.1,0.1,0.1
1789589820.2 RUN h=250 b8=0.86 dl=0.18 dr=0.09 ticks=76893 b=0.1,0.1,0.1,0.1,0.2,1.3,1.5,0.6,0.9,0.9,0.3,0.1,0.1,0.1,0.1,0.1
1789589828.9 POSE x=7.90 y=-26.78 th=265 havg=246 ticks=77504 d11=0.304 d3=tick=1377197 goal=0 here=0
1789589831.1 RUN h=241 b8=0.61 dl=0.17 dr=0.07 ticks=77662 b=0.1,0.1,0.1,0.1,0.2,0.2,1.5,0.7,0.6,0.9,0.9,0.1,0.1,0.1,0.1,0.1
1789589841.4 RUN h=232 b8=0.57 dl=0.17 dr=0.09 ticks=78399 b=0.1,0.1,0.1,0.1,0.2,0.2,1.4,1.6,0.6,0.9,1.0,0.1,0.1,0.1,0.1,0.1
1789589851.8 RUN h=225 b8=0.68 dl=0.17 dr=0.10 ticks=79137 b=0.1,0.1,0.1,0.1,0.2,0.2,0.6,1.5,0.7,0.8,0.9,0.3,0.1,0.1,0.1,0.1
1789589859.7 POSE x=8.02 y=-27.64 th=289 havg=220 ticks=79700 d11=0.288 d3=tick=1380281 goal=0 here=0
1789589862.0 RUN h=216 b8=0.71 dl=0.14 dr=0.11 ticks=79869 b=0.1,0.1,0.1,0.1,0.1,0.2,0.2,1.4,0.7,0.6,0.9,0.9,0.1,0.1,0.1,0.1
1789589872.4 RUN h=207 b8=1.53 dl=0.11 dr=0.12 ticks=80604 b=0.1,0.1,0.1,0.1,0.1,0.1,0.2,1.4,1.5,0.6,0.9,1.0,0.1,0.1,0.1,0.1
1789589882.5 RUN h=200 b8=1.46 dl=0.12 dr=0.32 ticks=81327 b=0.1,0.1,0.1,0.1,0.1,0.1,0.2,0.6,1.5,0.7,0.6,0.9,0.3,1.6,0.1,0.1
1789589889.9 POSE x=8.46 y=-28.38 th=312 havg=194 ticks=81850 d11=0.308 d3=tick=1383302 goal=0 here=0
1789589892.8 RUN h=194 b8=1.40 dl=0.09 dr=0.92 ticks=82056 b=0.1,0.1,0.1,0.1,0.1,0.1,0.2,0.2,1.4,0.7,0.6,0.9,0.9,0.1,0.1,0.1
1789589903.5 RUN h=183 b8=1.41 dl=0.10 dr=0.87 ticks=82819 b=0.1,0.1,0.1,0.1,0.1,0.1,0.1,0.2,1.4,1.5,0.6,0.9,1.0,0.1,0.1,0.1
1789589913.5 RUN h=175 b8=0.41 dl=0.09 dr=0.63 ticks=83530 b=0.1,0.1,0.1,0.1,0.1,0.1,0.1,0.2,0.4,1.5,0.7,0.6,0.9,0.9,0.1,0.1
1789589913.9 TURN rand best=9 err=1 ticks=83558 b8=0.27
1789589920.5 POSE x=9.04 y=-28.84 th=315 havg=191 ticks=83719 d11=0.299 d3=tick=1386357 goal=0 here=0
1789589923.5 RUN h=189 b8=1.34 dl=0.09 dr=0.93 ticks=83943 b=0.1,0.1,0.1,0.1,0.1,0.1,0.2,0.2,1.3,1.0,0.6,0.9,1.0,0.1,0.1,0.1
1789589931.8 DETOUR -45
1789589939.6 POCKET probe beam=12 b=0.57
1789589939.6 TURN rand best=12 err=4 ticks=84567 b8=0.15
1789589955.7 POSE x=9.30 y=-29.05 th=280 havg=227 ticks=84560 d11=0.332 d3=tick=1389880 goal=0 here=0
1789589956.6 RUN h=229 b8=0.57 dl=0.14 dr=0.09 ticks=84577 b=0.1,0.1,0.1,0.1,0.1,0.2,1.3,1.5,0.6,1.6,1.0,0.3,0.1,0.1,0.1,0.1
1789589967.2 RUN h=219 b8=0.68 dl=0.13 dr=0.10 ticks=85336 b=0.1,0.1,0.1,0.1,0.1,0.2,0.2,1.4,0.7,0.6,0.9,0.9,0.1,0.1,0.1,1.6
1789589977.9 RUN h=212 b8=1.57 dl=0.12 dr=0.13 ticks=86095 b=0.1,0.1,0.1,0.1,0.1,0.1,0.2,1.3,1.6,0.6,0.9,1.0,0.1,0.1,0.1,0.1
1789589986.1 POSE x=9.61 y=-29.82 th=303 havg=204 ticks=86678 d11=0.424 d3=tick=1392922 goal=0 here=0
1789589988.2 RUN h=203 b8=1.43 dl=0.11 dr=0.29 ticks=86830 b=0.1,0.1,0.1,0.1,0.1,0.1,0.2,0.6,1.4,0.7,0.8,0.9,0.3,0.1,0.1,0.1
1789589998.7 RUN h=195 b8=1.44 dl=0.10 dr=0.90 ticks=87574 b=0.1,0.1,0.1,0.1,0.1,0.1,0.2,0.2,1.4,0.7,0.6,0.9,0.9,0.1,0.1,0.1
1789590002.8 CROSS R
1789590012.1 RUN h=235 b8=0.56 dl=0.17 dr=0.11 ticks=87906 b=0.1,0.1,0.1,0.1,0.2,0.2,1.4,0.9,0.6,1.0,0.9,0.1,0.1,0.1,0.1,0.1
1789590016.2 POSE x=9.93 y=-30.32 th=276 havg=233 ticks=88198 d11=0.536 d3=tick=1395933 goal=0 here=0
1789590022.1 RUN h=227 b8=0.60 dl=0.14 dr=0.09 ticks=88622 b=0.1,0.1,0.1,0.1,0.1,0.2,1.3,1.5,0.6,0.9,1.0,0.3,0.1,0.1,0.1,0.1
1789590032.8 RUN h=219 b8=0.68 dl=0.12 dr=0.11 ticks=89380 b=0.1,0.1,0.1,0.1,0.1,0.2,0.2,1.5,0.7,0.6,0.9,0.9,0.1,0.1,0.1,0.1
1789590042.9 RUN h=208 b8=1.56 dl=0.14 dr=0.11 ticks=90103 b=0.1,0.1,0.1,0.1,0.1,0.1,0.2,1.3,1.6,0.6,1.0,1.0,0.1,0.1,0.1,0.1
1789590046.5 POSE x=10.20 y=-31.14 th=300 havg=209 ticks=90354 d11=0.592 d3=tick=1398957 goal=0 here=0
1789590053.5 RUN h=202 b8=1.43 dl=0.09 dr=0.31 ticks=90859 b=0.1,0.1,0.1,0.1,0.1,0.2,0.2,0.6,1.4,0.7,0.8,0.9,0.3,0.1,0.1,0.1
1789590063.6 RUN h=194 b8=1.43 dl=0.10 dr=0.90 ticks=91573 b=0.1,0.1,0.1,0.1,0.1,0.1,0.1,0.2,1.4,0.7,0.6,0.9,1.0,0.1,0.1,0.1
1789590074.1 RUN h=185 b8=1.39 dl=0.08 dr=0.89 ticks=92325 b=0.1,0.1,0.1,0.1,0.1,1.6,0.1,0.2,1.4,1.5,0.6,0.9,1.0,0.1,0.1,0.1
1789590077.0 POSE x=10.78 y=-31.78 th=323 havg=182 ticks=92528 d11=0.482 d3=tick=1402013 goal=0 here=0
1789590084.1 RUN h=176 b8=0.57 dl=0.08 dr=0.63 ticks=93038 b=0.1,0.1,0.1,0.1,0.1,0.1,0.1,0.2,0.6,1.5,0.7,0.6,0.9,0.4,0.1,0.1
1789590085.8 TURN rand best=13 err=5 ticks=93160 b8=0.25
1789590107.0 RUN h=288 b8=0.36 dl=0.67 dr=0.10 ticks=93189 b=0.1,0.1,0.1,0.6,1.5,0.7,0.6,0.9,0.4,0.1,0.1,0.1,0.1,0.1,0.1,0.1
1789590107.6 POSE x=10.97 y=-31.94 th=221 havg=290 ticks=93225 d11=0.360 d3=tick=1405065 goal=0 here=0
1789590117.1 CROSS L
1789590126.1 RUN h=235 b8=0.49 dl=0.10 dr=0.17 ticks=93944 b=0.1,0.1,0.1,0.1,0.1,0.1,1.3,1.5,0.5,1.0,1.0,0.3,0.2,0.2,0.2,0.1
1789590136.6 RUN h=229 b8=0.64 dl=0.10 dr=0.16 ticks=94692 b=0.1,0.1,0.1,0.1,0.1,0.1,1.2,1.4,0.6,0.6,0.9,1.1,0.2,0.2,0.2,0.2
1789590137.8 POSE x=10.81 y=-32.47 th=280 havg=228 ticks=94774 d11=0.316 d3=tick=1408086 goal=0 here=0
1789590142.9 DETOUR -45
1789590151.6 RUN h=180 b8=0.53 dl=0.09 dr=0.60 ticks=95186 b=0.2,0.2,0.1,0.1,0.1,0.1,0.1,0.1,0.5,1.6,0.7,0.6,0.9,1.0,0.2,0.2
1789590157.4 TURN rand best=12 err=4 ticks=95595 b8=0.25
1789590173.4 POSE x=10.99 y=-32.72 th=247 havg=260 ticks=95613 d11=0.295 d3=tick=1411646 goal=0 here=0
1789590174.3 RUN h=261 b8=0.88 dl=0.18 dr=0.09 ticks=95630 b=0.1,0.1,0.2,0.2,0.2,1.4,0.7,0.6,0.9,0.9,0.1,0.1,0.1,0.1,0.1,0.1
1789590184.9 RUN h=253 b8=0.91 dl=0.18 dr=0.10 ticks=96383 b=0.1,0.1,0.1,0.2,0.2,1.4,1.5,0.5,0.9,1.0,0.1,0.1,0.1,0.1,0.1,0.1
1789590195.5 RUN h=243 b8=0.61 dl=0.17 dr=0.10 ticks=97142 b=0.1,0.1,0.1,0.1,0.2,0.6,1.4,0.7,0.6,0.9,0.4,0.1,0.1,0.1,0.1,0.1
1789590203.8 POSE x=10.83 y=-33.54 th=270 havg=238 ticks=97730 d11=0.308 d3=tick=1414693 goal=0 here=0
1789590205.9 RUN h=234 b8=0.57 dl=0.16 dr=0.10 ticks=97880 b=0.1,0.1,0.1,0.1,0.2,0.2,1.4,0.9,0.6,0.9,1.0,0.1,0.1,0.1,0.1,0.1
1789590216.3 RUN h=227 b8=0.55 dl=0.15 dr=0.12 ticks=98623 b=1.6,0.1,0.1,0.1,0.2,0.2,1.3,1.5,0.6,0.9,1.0,0.3,0.1,0.1,0.1,0.1
1789590226.5 RUN h=220 b8=0.69 dl=0.16 dr=0.09 ticks=99348 b=0.1,0.1,0.1,0.1,1.6,0.2,0.3,1.4,0.7,0.6,0.9,0.9,0.1,0.1,0.1,0.1
1789590233.9 POSE x=10.99 y=-34.37 th=293 havg=213 ticks=99871 d11=0.332 d3=tick=1417698 goal=0 here=0
1789590237.1 RUN h=211 b8=0.93 dl=0.12 dr=0.12 ticks=100101 b=1.6,0.1,0.1,0.1,0.1,0.2,0.2,1.4,0.9,0.6,0.9,0.9,0.1,0.1,0.1,0.1
1789590244.5 DETOUR 45
1789590253.3 RUN h=248 b8=0.84 dl=0.16 dr=0.10 ticks=100663 b=0.1,0.1,0.1,0.2,0.2,0.6,1.4,0.7,0.8,0.9,0.3,0.1,0.1,0.1,0.1,0.1
1789590263.7 RUN h=237 b8=0.59 dl=0.16 dr=0.09 ticks=101405 b=0.1,0.1,0.1,0.1,0.2,0.2,1.4,0.7,0.6,0.9,0.9,0.1,0.1,0.1,0.1,0.1
1789590264.3 POSE x=11.10 y=-34.97 th=268 havg=238 ticks=101447 d11=0.430 d3=tick=1420738 goal=0 here=0
1789590274.0 RUN h=232 b8=0.52 dl=0.17 dr=0.08 ticks=102137 b=0.1,0.1,0.1,0.1,0.2,0.2,1.4,1.5,0.5,1.0,1.0,0.1,0.1,0.1,1.6,0.1
1789590284.6 RUN h=221 b8=0.66 dl=0.12 dr=0.10 ticks=102895 b=0.1,0.1,0.1,0.1,0.1,0.2,0.6,1.4,0.7,0.6,0.9,0.3,0.1,0.1,0.1,0.1
1789590294.6 POSE x=11.25 y=-35.81 th=291 havg=214 ticks=103606 d11=0.463 d3=tick=1423772 goal=0 here=0
1789590295.3 RUN h=212 b8=0.90 dl=0.13 dr=0.10 ticks=103658 b=0.1,0.1,0.1,0.1,0.1,0.2,0.2,1.4,0.9,0.6,1.6,0.9,0.1,0.1,0.1,0.1
1789590305.4 RUN h=206 b8=1.50 dl=0.10 dr=0.28 ticks=104376 b=0.1,0.1,0.1,0.1,0.1,0.1,0.2,1.4,1.5,0.6,0.9,1.0,0.3,0.1,0.1,0.1
1789590315.8 RUN h=198 b8=1.45 dl=0.12 dr=0.89 ticks=105117 b=0.1,0.1,0.1,0.1,0.1,0.1,0.2,0.3,1.5,0.7,0.6,0.9,0.9,0.1,0.1,0.1
1789590324.8 POSE x=11.72 y=-36.53 th=314 havg=192 ticks=105750 d11=0.453 d3=tick=1426784 goal=0 here=0
1789590326.3 RUN h=189 b8=1.34 dl=0.11 dr=0.93 ticks=105862 b=0.1,0.1,0.1,0.1,0.1,0.1,0.2,0.2,1.3,0.9,0.6,0.9,0.9,0.1,0.1,0.1
1789590336.6 RUN h=180 b8=1.24 dl=0.08 dr=0.85 ticks=106600 b=0.1,0.1,0.1,0.1,0.1,0.1,0.1,0.2,1.2,1.5,0.7,0.8,1.0,0.3,1.6,0.1
1789590343.1 POCKET probe beam=11 b=0.62
1789590343.1 TURN rand best=11 err=3 ticks=107060 b8=0.26
1789590354.7 POSE x=12.14 y=-36.86 th=269 havg=235 ticks=107079 d11=0.488 d3=tick=1429781 goal=0 here=0
1789590355.8 RUN h=236 b8=0.60 dl=0.16 dr=0.09 ticks=107094 b=0.1,0.1,0.1,0.1,0.2,0.2,1.4,0.9,0.6,0.9,0.9,0.1,0.1,0.1,0.1,0.1
1789590366.3 RUN h=228 b8=0.56 dl=0.18 dr=0.11 ticks=107839 b=0.1,0.1,0.1,0.1,0.2,0.2,1.4,1.5,0.6,0.9,1.0,0.1,0.1,0.1,0.1,0.1
1789590376.7 RUN h=221 b8=1.60 dl=0.12 dr=0.10 ticks=108578 b=0.1,0.1,0.1,0.1,0.1,0.2,0.4,1.5,1.6,0.6,0.9,0.9,0.1,0.1,0.1,0.1
1789590385.5 POSE x=12.30 y=-37.68 th=292 havg=213 ticks=109203 d11=0.466 d3=tick=1432855 goal=0 here=0
1789590387.0 RUN h=213 b8=0.91 dl=0.12 dr=0.12 ticks=109311 b=0.1,0.1,0.1,0.1,0.1,0.1,0.2,1.4,0.9,0.6,0.9,0.9,0.1,0.1,0.1,0.1
1789590397.5 RUN h=205 b8=1.46 dl=0.12 dr=0.30 ticks=110060 b=0.1,0.1,0.1,0.1,0.1,0.1,0.2,1.2,1.5,0.6,0.9,0.9,0.3,0.1,0.1,0.1
1789590407.6 DETOUR -90
1789590423.5 POSE x=12.65 y=-38.21 th=34 havg=106 ticks=110824 d11=0.532 d3=tick=1436663 goal=0 here=0
1789590423.6 POCKET probe beam=14 b=0.62
1789590423.6 TURN rand best=14 err=6 ticks=110825 b8=0.08
1789590448.4 RUN h=242 b8=0.61 dl=0.17 dr=0.10 ticks=110830 b=0.1,0.1,0.1,0.1,0.2,0.2,1.5,0.7,0.6,0.9,0.9,1.6,0.1,0.1,0.1,0.1
1789590453.9 POSE x=12.64 y=-38.37 th=271 havg=234 ticks=111223 d11=0.521 d3=tick=1439702 goal=0 here=0
1789590459.0 RUN h=231 b8=0.54 dl=0.15 dr=0.07 ticks=111589 b=0.1,0.1,0.1,0.1,0.2,0.2,1.4,1.5,0.5,1.0,1.0,0.1,0.1,0.1,0.1,0.1
1789590469.3 RUN h=222 b8=0.66 dl=0.12 dr=0.10 ticks=112321 b=0.1,0.1,0.1,0.1,0.1,0.2,0.6,1.4,0.7,0.7,0.9,0.3,0.1,0.1,0.1,0.1
1789590479.4 RUN h=215 b8=0.71 dl=0.14 dr=0.10 ticks=113040 b=0.1,0.1,0.1,0.1,0.1,0.2,0.2,1.4,0.7,0.6,0.9,1.0,0.1,0.1,0.1,0.1
1789590484.2 POSE x=12.84 y=-39.20 th=294 havg=210 ticks=113380 d11=0.522 d3=tick=1442730 goal=0 here=0
1789590489.7 RUN h=208 b8=1.54 dl=0.10 dr=0.12 ticks=113769 b=0.1,0.1,0.1,0.1,0.1,0.1,0.2,1.4,1.5,0.5,0.9,1.0,0.1,0.1,0.1,0.1
1789590500.2 RUN h=199 b8=1.46 dl=0.10 dr=0.36 ticks=114519 b=0.1,0.1,0.1,0.1,0.1,0.1,0.2,0.6,1.5,0.7,0.6,0.9,0.4,0.1,0.1,0.1
1789590510.3 RUN h=192 b8=1.38 dl=0.07 dr=0.90 ticks=115237 b=0.1,0.1,0.1,0.1,0.1,0.1,0.2,0.2,1.4,0.9,1.6,0.9,0.9,0.1,0.1,0.1
1789590514.6 POSE x=13.34 y=-39.90 th=318 havg=186 ticks=115538 d11=0.531 d3=tick=1445768 goal=0 here=0
1789590520.6 RUN h=182 b8=1.30 dl=0.09 dr=0.88 ticks=115975 b=0.1,0.1,0.1,0.1,0.1,0.1,0.2,0.2,1.3,1.5,0.6,0.9,1.0,0.3,0.1,0.1
1789590529.7 TURN rand best=9 err=1 ticks=116620 b8=0.26
1789590534.2 RUN h=192 b8=1.40 dl=0.10 dr=0.89 ticks=116665 b=0.1,0.1,0.1,0.1,0.1,0.1,0.2,0.2,1.4,0.7,0.6,0.9,0.9,0.1,0.1,0.1
1789590544.3 RUN h=185 b8=1.38 dl=0.10 dr=0.90 ticks=117378 b=0.1,0.1,0.1,0.1,0.1,0.1,0.1,0.2,1.4,1.5,0.5,0.9,1.0,0.1,0.1,0.1
1789590544.8 POSE x=13.92 y=-40.37 th=321 havg=183 ticks=117415 d11=0.545 d3=tick=1448792 goal=0 here=0
1789590554.2 RUN h=175 b8=0.58 dl=0.10 dr=0.63 ticks=118087 b=0.1,0.1,0.1,0.1,0.1,0.1,0.1,0.2,0.6,1.5,0.7,0.6,0.9,0.3,0.1,0.1
1789590555.3 DETOUR 90
1789590571.8 RUN h=263 b8=0.89 dl=0.23 dr=0.09 ticks=118199 b=0.1,0.1,0.1,0.2,0.2,1.4,0.7,0.6,0.9,0.9,0.1,0.1,0.1,0.1,0.1,0.1
1789590575.4 POSE x=14.12 y=-40.64 th=247 havg=260 ticks=118449 d11=0.527 d3=tick=1451849 goal=0 here=0
1789590582.4 RUN h=255 b8=0.95 dl=0.19 dr=0.09 ticks=118947 b=0.1,0.1,0.1,0.2,0.2,1.4,1.6,0.6,0.9,1.0,0.1,0.1,0.1,0.1,0.1,0.1
1789590592.8 RUN h=246 b8=0.85 dl=0.15 dr=0.09 ticks=119690 b=0.1,0.1,0.1,0.1,0.2,0.6,1.5,0.7,0.8,0.9,0.3,0.1,0.1,0.1,0.1,0.1
1789590600.9 DETOUR 45
1789590609.2 POSE x=13.95 y=-41.36 th=224 havg=282 ticks=120292 d11=0.512 d3=tick=1455232 goal=0 here=0
1789590610.1 RUN h=282 b8=0.95 dl=0.70 dr=0.11 ticks=120308 b=1.6,0.1,0.2,0.2,1.5,0.7,0.6,0.9,0.9,0.1,0.1,0.1,0.1,0.1,0.1,0.1
1789590614.5 CROSS L
1789590623.6 RUN h=234 b8=0.56 dl=0.14 dr=0.13 ticks=120662 b=0.1,0.1,0.1,0.1,0.1,0.2,1.6,0.9,0.6,0.9,1.0,0.3,0.1,0.1,0.1,0.1
1789590634.5 RUN h=227 b8=0.67 dl=0.13 dr=0.12 ticks=121438 b=0.1,0.1,0.1,0.1,0.1,0.1,1.2,1.4,0.7,0.9,0.9,0.3,0.1,0.1,0.1,0.1
1789590639.8 POSE x=13.92 y=-41.92 th=283 havg=223 ticks=121814 d11=0.406 d3=tick=1458291 goal=0 here=0
1789590644.7 RUN h=219 b8=0.68 dl=0.14 dr=0.15 ticks=122168 b=0.1,0.1,0.1,0.1,0.1,0.2,0.2,1.4,0.7,0.6,0.9,0.9,0.2,0.1,0.1,0.1
1789590649.9 DETOUR -45
