1789578169.3 h=324.4 d0=0 d5=0 d9=10129 d6=-631 d11=0.462 [0.565, 1.458, 0.627, 0.472, 0.683, 0.701, 0.71, 0.087, 0.085, 0.098, 0.123, 0.091, 0.095, 0.099, 0.334, 0.377] tick=211257 goal=0 here=0
1789578170.0 h=329.7 d0=0 d5=0 d9=10129 d6=-631 d11=0.474 [0.533, 1.459, 0.652, 0.46, 0.707, 0.731, 0.705, 0.101, 0.094, 0.112, 0.118, 0.086, 0.089, 0.107, 0.325, 0.364] tick=211323 goal=0 here=0
1789578170.7 h=326.3 d0=0 d5=0 d9=10127 d6=-629 d11=0.473 [0.563, 1.451, 0.653, 0.45, 0.718, 0.71, 0.699, 0.068, 0.103, 0.112, 0.122, 0.112, 0.102, 0.109, 0.339, 0.367] tick=211389 goal=0 here=0
1789578171.3 h=325.4 d0=0 d5=0 d9=10129 d6=-631 d11=0.466 [0.549, 1.457, 0.649, 0.451, 0.702, 0.702, 0.698, 0.098, 0.098, 0.117, 0.111, 0.103, 0.099, 0.128, 0.337, 0.362] tick=211455 goal=0 here=0
1789578172.0 h=325.9 d0=0 d5=0 d9=10127 d6=-629 d11=0.471 [0.557, 1.448, 0.636, 0.463, 0.695, 0.713, 0.716, 0.081, 0.087, 0.097, 0.113, 0.095, 0.079, 0.113, 0.342, 0.354] tick=211521 goal=0 here=0
1789578172.6 h=327.9 d0=0 d5=0 d9=10127 d6=-629 d11=0.456 [0.55, 1.444, 0.653, 0.452, 0.703, 0.717, 0.711, 0.081, 0.102, 0.097, 0.108, 0.103, 0.093, 0.128, 0.332, 0.359] tick=211588 goal=0 here=0
1789578173.3 h=323.2 d0=0 d5=0 d9=10127 d6=-629 d11=0.465 [0.555, 1.443, 0.642, 0.467, 0.716, 0.706, 0.702, 0.091, 0.088, 0.114, 0.113, 0.093, 0.085, 0.116, 0.35, 0.376] tick=211659 goal=0 here=0
1789578174.0 h=326.6 d0=0 d5=0 d9=10127 d6=-631 d11=0.475 [0.557, 1.456, 0.649, 0.477, 0.702, 0.724, 0.691, 0.087, 0.089, 0.113, 0.097, 0.113, 0.116, 0.116, 0.335, 0.354] tick=211725 goal=0 here=0
1789578174.7 h=327.7 d0=0 d5=0 d9=10129 d6=-629 d11=0.473 [0.548, 1.446, 0.654, 0.475, 0.695, 0.704, 0.704, 0.099, 0.1, 0.081, 0.089, 0.086, 0.088, 0.089, 0.332, 0.365] tick=211791 goal=0 here=0
1789578175.3 h=329.0 d0=0 d5=0 d9=10127 d6=-630 d11=0.473 [0.555, 1.459, 0.636, 0.449, 0.702, 0.719, 0.713, 0.113, 0.084, 0.1, 0.121, 0.109, 0.08, 0.111, 0.362, 0.361] tick=211857 goal=0 here=0
1789578176.0 h=326.9 d0=0 d5=0 d9=10128 d6=-630 d11=0.494 [0.561, 1.452, 0.622, 0.452, 0.694, 0.716, 0.7, 0.098, 0.107, 0.105, 0.119, 0.086, 0.09, 0.113, 0.355, 0.36] tick=211924 goal=0 here=0
1789578176.7 h=328.5 d0=0 d5=0 d9=10129 d6=-631 d11=0.481 [0.566, 1.472, 0.651, 0.447, 0.706, 0.717, 0.702, 0.103, 0.104, 0.099, 0.124, 0.102, 0.098, 0.096, 0.346, 0.356] tick=211990 goal=0 here=0
1789578177.3 h=323.5 d0=0 d5=0 d9=10127 d6=-630 d11=0.479 [0.561, 1.445, 0.659, 0.477, 0.699, 0.703, 0.71, 0.088, 0.088, 0.106, 0.114, 0.08, 0.093, 0.112, 0.339, 0.347] tick=212056 goal=0 here=0
1789578178.0 h=324.2 d0=0 d5=0 d9=10129 d6=-629 d11=0.488 [0.545, 1.465, 0.657, 0.461, 0.715, 0.709, 0.699, 0.093, 0.108, 0.101, 0.106, 0.11, 0.108, 0.121, 0.346, 0.355] tick=212122 goal=0 here=0
1789578178.7 h=323.3 d0=0 d5=0 d9=10127 d6=-629 d11=0.487 [0.548, 1.487, 0.633, 0.465, 0.692, 0.696, 0.706, 0.101, 0.096, 0.112, 0.125, 0.095, 0.103, 0.109, 0.367, 0.375] tick=212188 goal=0 here=0
1789578179.3 h=325.9 d0=0 d5=0 d9=10129 d6=-631 d11=0.483 [0.563, 1.455, 0.635, 0.453, 0.69, 0.712, 0.709, 0.103, 0.105, 0.113, 0.11, 0.085, 0.105, 0.11, 0.344, 0.359] tick=212254 goal=0 here=0
1789578180.0 h=329.8 d0=0 d5=0 d9=10129 d6=-631 d11=0.501 [0.553, 1.449, 0.645, 0.452, 0.713, 0.718, 0.696, 0.106, 0.102, 0.105, 0.141, 0.113, 0.081, 0.126, 0.336, 0.348] tick=212321 goal=0 here=0
1789578180.6 h=324.7 d0=0 d5=0 d9=10128 d6=-630 d11=0.486 [0.55, 1.457, 0.646, 0.465, 0.706, 0.714, 0.691, 0.099, 0.084, 0.105, 0.136, 0.102, 0.088, 0.122, 0.359, 0.358] tick=212387 goal=0 here=0
1789578181.3 h=325.7 d0=0 d5=0 d9=10127 d6=-631 d11=0.477 [0.561, 1.442, 0.632, 0.469, 0.697, 0.706, 0.693, 0.085, 0.099, 0.107, 0.119, 0.101, 0.09, 0.108, 0.347, 0.369] tick=212451 goal=0 here=0
1789578181.9 h=327.5 d0=0 d5=0 d9=10124 d6=-624 d11=0.497 [0.531, 1.366, 0.666, 0.452, 0.68, 0.708, 0.711, 0.099, 0.081, 0.089, 0.124, 0.108, 0.106, 0.11, 0.35, 0.371] tick=212517 goal=0 here=0
1789578182.6 h=318.0 d0=0 d5=0 d9=10114 d6=-613 d11=0.475 [0.505, 1.262, 1.443, 0.462, 0.684, 0.667, 0.704, 0.102, 0.096, 0.103, 0.124, 0.118, 0.094, 0.106, 0.339, 0.358] tick=212583 goal=0 here=0
1789578183.3 h=316.1 d0=0 d5=0 d9=10103 d6=-603 d11=0.477 [0.418, 0.994, 1.455, 0.441, 0.666, 0.684, 0.724, 0.128, 0.093, 0.107, 0.103, 0.099, 0.101, 0.09, 0.329, 0.37] tick=212649 goal=0 here=0
1789578184.0 h=314.9 d0=0 d5=0 d9=10100 d6=-600 d11=0.503 [0.389, 0.938, 1.474, 0.438, 0.657, 0.676, 0.723, 0.131, 0.1, 0.102, 0.099, 0.119, 0.086, 0.092, 0.322, 0.37] tick=212716 goal=0 here=0
1789578184.6 h=315.3 d0=0 d5=0 d9=10090 d6=-588 d11=0.479 [0.36, 0.706, 1.437, 0.433, 0.476, 0.706, 0.756, 0.792, 0.089, 0.099, 0.114, 0.09, 0.101, 0.101, 0.327, 0.354] tick=212785 goal=0 here=0
1789578185.3 h=305.9 d0=0 d5=0 d9=10081 d6=-577 d11=0.484 [0.364, 0.657, 1.393, 0.611, 0.461, 0.74, 0.716, 0.74, 0.09, 0.104, 0.126, 0.125, 0.088, 0.096, 0.109, 0.356] tick=212851 goal=0 here=0
1789578185.9 h=303.4 d0=0 d5=0 d9=10069 d6=-569 d11=0.482 [0.358, 0.581, 1.443, 0.635, 0.462, 0.724, 0.727, 0.705, 0.081, 0.099, 0.103, 0.117, 0.101, 0.105, 0.121, 0.341] tick=212920 goal=0 here=0
1789578186.6 h=304.4 d0=0 d5=0 d9=10065 d6=-563 d11=0.481 [0.358, 0.529, 1.451, 0.627, 0.459, 0.712, 0.675, 0.716, 0.097, 0.093, 0.122, 0.129, 0.082, 0.101, 0.116, 0.333] tick=212986 goal=0 here=0
1789578187.3 h=301.7 d0=0 d5=0 d9=10056 d6=-552 d11=0.477 [0.359, 0.504, 1.277, 1.441, 0.462, 0.691, 0.668, 0.716, 0.105, 0.079, 0.092, 0.129, 0.103, 0.075, 0.102, 0.339] tick=213052 goal=0 here=0
1789578188.0 h=297.5 d0=0 d5=0 d9=10045 d6=-543 d11=0.488 [0.353, 0.459, 1.051, 1.46, 0.45, 0.664, 0.671, 0.708, 0.113, 0.094, 0.087, 0.098, 0.091, 0.094, 0.126, 0.317] tick=213118 goal=0 here=0
1789578188.6 h=291.9 d0=0 d5=0 d9=10040 d6=-535 d11=0.490 [0.381, 0.386, 0.964, 1.46, 0.445, 0.64, 0.676, 0.707, 0.135, 0.114, 0.114, 0.123, 0.123, 0.086, 0.099, 0.305] tick=213184 goal=0 here=0
1789578189.3 h=292.6 d0=0 d5=0 d9=10031 d6=-527 d11=0.496 [0.37, 0.401, 0.742, 1.435, 0.433, 0.481, 0.682, 0.733, 0.774, 0.09, 0.107, 0.104, 0.105, 0.099, 0.087, 0.32] tick=213250 goal=0 here=0
1789578189.9 h=288.7 d0=0 d5=0 d9=10023 d6=-519 d11=0.475 [0.35, 0.358, 0.705, 1.389, 0.604, 0.468, 0.74, 0.751, 0.767, 0.083, 0.093, 0.109, 0.096, 0.082, 0.096, 0.31] tick=213317 goal=0 here=0
1789578190.6 h=284.3 d0=0 d5=0 d9=10013 d6=-507 d11=0.471 [0.336, 0.346, 0.635, 1.399, 0.62, 0.464, 0.753, 0.734, 0.709, 0.099, 0.118, 0.1, 0.098, 0.108, 0.088, 0.093] tick=213383 goal=0 here=0
1789578191.3 h=282.3 d0=0 d5=0 d9=10008 d6=-504 d11=0.494 [0.35, 0.352, 0.584, 1.439, 0.652, 0.462, 0.702, 0.706, 0.708, 0.107, 0.101, 0.119, 0.107, 0.094, 0.095, 0.125] tick=213449 goal=0 here=0
1789578191.9 h=277.1 d0=0 d5=0 d9=9999 d6=-492 d11=0.484 [0.336, 0.353, 0.506, 1.308, 1.435, 0.453, 0.675, 0.719, 0.724, 0.086, 0.082, 0.119, 0.121, 0.095, 0.1, 0.127] tick=213515 goal=0 here=0
1789578192.6 h=277.1 d0=0 d5=0 d9=9988 d6=-481 d11=0.483 [0.337, 0.357, 0.486, 1.214, 1.447, 0.452, 0.679, 0.673, 0.716, 0.103, 0.09, 0.089, 0.127, 0.117, 0.111, 0.101] tick=213581 goal=0 here=0
1789578193.2 h=269.5 d0=0 d5=0 d9=9982 d6=-474 d11=0.484 [0.311, 0.363, 0.425, 0.972, 1.461, 0.45, 0.664, 0.684, 0.721, 0.113, 0.091, 0.109, 0.115, 0.108, 0.094, 0.084] tick=213647 goal=0 here=0
1789578193.9 h=269.4 d0=0 d5=0 d9=9974 d6=-467 d11=0.479 [0.326, 0.359, 0.373, 0.741, 1.447, 0.433, 0.565, 0.687, 0.725, 0.141, 0.09, 0.102, 0.119, 0.106, 0.09, 0.09] tick=213714 goal=0 here=0
1789578194.6 h=265.6 d0=0 d5=0 d9=9967 d6=-458 d11=0.473 [0.317, 0.356, 0.353, 0.71, 1.41, 0.484, 0.486, 0.726, 0.739, 0.786, 0.097, 0.102, 0.107, 0.097, 0.072, 0.087] tick=213780 goal=0 here=0
1789578195.2 h=264.0 d0=0 d5=0 d9=9956 d6=-447 d11=0.479 [0.113, 0.367, 0.359, 0.647, 1.391, 0.612, 0.467, 0.752, 0.733, 0.711, 0.095, 0.087, 0.099, 0.127, 0.097, 0.092] tick=213846 goal=0 here=0
1789578195.9 h=256.8 d0=0 d5=0 d9=9952 d6=-443 d11=0.468 [0.134, 0.343, 0.368, 0.605, 1.427, 0.626, 0.472, 0.736, 0.715, 0.709, 0.093, 0.098, 0.106, 0.135, 0.102, 0.091] tick=213913 goal=0 here=0
1789578196.6 h=257.5 d0=0 d5=0 d9=9952 d6=-440 d11=0.491 [0.118, 0.351, 0.362, 0.619, 1.428, 0.633, 0.458, 0.719, 0.72, 0.713, 0.106, 0.096, 0.095, 0.124, 0.091, 0.093] tick=213979 goal=0 here=0
1789578197.2 h=259.6 d0=0 d5=0 d9=9958 d6=-433 d11=0.480 [0.094, 0.342, 0.353, 0.578, 1.425, 0.634, 0.459, 0.701, 0.736, 0.71, 0.076, 0.094, 0.09, 0.109, 0.11, 0.085] tick=214047 goal=0 here=0
1789578197.9 h=260.8 d0=0 d5=1 d9=9965 d6=-426 d11=0.490 [0.094, 0.341, 0.358, 0.588, 1.428, 0.637, 0.462, 0.727, 0.715, 0.712, 0.086, 0.1, 0.115, 0.112, 0.105, 0.078] tick=214116 goal=0 here=0
1789578198.6 h=259.3 d0=0 d5=1 d9=9972 d6=-419 d11=0.485 [0.103, 0.339, 0.345, 0.581, 1.448, 0.639, 0.46, 0.712, 0.738, 0.708, 0.096, 0.102, 0.11, 0.123, 0.1, 0.087] tick=214182 goal=0 here=0
1789578199.3 h=259.9 d0=0 d5=1 d9=9977 d6=-413 d11=0.472 [0.104, 0.349, 0.341, 0.571, 1.436, 0.649, 0.467, 0.733, 0.718, 0.698, 0.105, 0.101, 0.097, 0.099, 0.083, 0.099] tick=214248 goal=0 here=0
1789578199.9 h=261.5 d0=0 d5=1 d9=9986 d6=-404 d11=0.480 [0.101, 0.312, 0.349, 0.554, 1.457, 0.645, 0.465, 0.709, 0.706, 0.689, 0.096, 0.125, 0.119, 0.103, 0.1, 0.109] tick=214315 goal=0 here=0
1789578200.6 h=260.6 d0=0 d5=1 d9=9992 d6=-397 d11=0.481 [0.103, 0.337, 0.357, 0.57, 1.427, 0.636, 0.447, 0.727, 0.716, 0.719, 0.111, 0.105, 0.125, 0.111, 0.088, 0.091] tick=214381 goal=0 here=0
1789578201.2 h=263.7 d0=0 d5=1 d9=9999 d6=-393 d11=0.482 [0.107, 0.325, 0.355, 0.574, 1.45, 0.648, 0.484, 0.717, 0.72, -1.0, 0.106, 0.089, 0.099, 0.112, 0.109, 0.076] tick=214447 goal=0 here=0
1789578201.9 h=259.2 d0=0 d5=1 d9=10005 d6=-383 d11=0.476 [0.105, 0.343, 0.367, 0.547, 1.443, 0.633, 0.463, 0.731, 0.723, 0.711, 0.089, 0.095, 0.103, 0.121, 0.099, 0.066] tick=214514 goal=0 here=0
1789578202.6 h=263.8 d0=0 d5=1 d9=10012 d6=-377 d11=0.484 [0.102, 0.348, 0.341, 0.552, 1.461, 0.659, 0.454, 0.705, 0.729, 0.703, 0.102, 0.076, 0.123, 0.111, 0.095, 0.102] tick=214580 goal=0 here=0
1789578203.2 h=258.4 d0=0 d5=1 d9=10018 d6=-371 d11=0.469 [0.107, 0.338, 0.367, 0.545, 1.443, 0.658, 0.464, 0.722, 0.727, 0.702, 0.086, 0.092, 0.112, 0.1, 0.086, 0.09] tick=214646 goal=0 here=0
1789578203.9 h=261.1 d0=0 d5=1 d9=10024 d6=-365 d11=0.471 [0.098, 0.333, 0.353, 0.541, 1.44, 0.645, 0.466, 0.709, 0.732, 0.715, 0.092, 0.072, 0.112, 0.104, 0.076, 0.092] tick=214712 goal=0 here=0
1789578204.6 h=261.1 d0=0 d5=1 d9=10030 d6=-358 d11=0.485 [0.107, 0.339, 0.361, 0.535, 1.453, 0.646, 0.467, 0.712, 0.71, 0.7, 0.085, 0.103, 0.108, 0.118, 0.095, 0.095] tick=214779 goal=0 here=0
1789578205.3 h=256.1 d0=0 d5=1 d9=10039 d6=-348 d11=0.481 [0.102, 0.33, 0.366, 0.535, 1.447, 0.652, 0.453, 0.701, 0.706, 0.708, 0.088, 0.092, 0.107, 0.113, 0.086, 0.102] tick=214850 goal=0 here=0
1789578205.9 h=261.5 d0=0 d5=1 d9=10045 d6=-341 d11=0.503 [0.102, 0.338, 0.356, 0.536, 1.459, 0.657, 0.445, 0.69, 0.71, 0.699, 0.096, 0.106, 0.114, 0.126, 0.097, 0.097] tick=214918 goal=0 here=0
1789578206.6 h=253.2 d0=0 d5=1 d9=10052 d6=-335 d11=0.472 [0.112, 0.351, 0.363, 0.539, 1.448, 0.658, 0.453, 0.714, 0.724, 0.698, 0.105, 0.103, 0.088, 0.122, 0.098, 0.098] tick=214990 goal=0 here=0
1789578207.3 h=257.3 d0=0 d5=1 d9=10059 d6=-328 d11=0.474 [0.116, 0.33, 0.373, 0.528, 1.447, 0.644, 0.486, 0.692, 0.718, 0.707, 0.111, 0.102, 0.118, 0.113, 0.084, 0.091] tick=215056 goal=0 here=0
1789578208.0 h=257.7 d0=0 d5=1 d9=10064 d6=-322 d11=0.488 [0.115, 0.323, 0.337, 0.537, 1.456, 0.645, 0.473, 0.706, -1.0, 0.721, 0.114, 0.114, 0.08, 0.108, 0.105, 0.09] tick=215123 goal=0 here=0
1789578208.7 h=256.4 d0=0 d5=1 d9=10070 d6=-313 d11=0.488 [0.105, 0.339, 0.358, 0.541, 1.461, 0.632, 0.46, 0.7, 0.725, 0.714, 0.098, 0.092, 0.112, 0.106, 0.1, 0.089] tick=215189 goal=0 here=0
1789578209.3 h=257.1 d0=0 d5=1 d9=10079 d6=-306 d11=0.476 [0.113, 0.355, 0.356, 0.536, 1.466, 0.672, 0.462, 0.7, 0.692, 0.733, 0.091, 0.078, 0.106, 0.111, 0.093, 0.086] tick=215258 goal=0 here=0
1789578210.0 h=259.1 d0=0 d5=1 d9=10085 d6=-298 d11=0.480 [0.098, 0.325, 0.359, 0.521, 1.457, 0.669, 0.46, 0.704, 0.706, 0.725, 0.092, 0.083, 0.119, 0.125, 0.073, 0.094] tick=215326 goal=0 here=0
1789578210.7 h=256.5 d0=0 d5=1 d9=10091 d6=-293 d11=0.471 [0.093, 0.349, 0.366, 0.527, 1.456, 0.654, 0.473, 0.695, 0.712, 0.694, 0.101, 0.102, 0.11, 0.115, 0.082, 0.092] tick=215395 goal=0 here=0
1789578211.4 h=260.0 d0=0 d5=1 d9=10098 d6=-284 d11=0.483 [0.104, 0.324, 0.358, 0.538, 1.447, 0.654, 0.468, 0.703, 0.732, 0.712, 0.1, 0.105, 0.126, 0.114, 0.106, 0.092] tick=215461 goal=0 here=0
1789578212.1 h=259.7 d0=0 d5=1 d9=10105 d6=-279 d11=0.495 [0.102, 0.324, 0.362, 0.541, 1.425, 0.653, 0.465, 0.703, 0.701, 0.715, 0.096, 0.113, 0.109, 0.12, 0.105, 0.104] tick=215530 goal=0 here=0
1789578212.7 h=256.9 d0=0 d5=1 d9=10112 d6=-272 d11=0.470 [0.097, 0.315, -1.0, 0.525, 1.4, 0.656, 0.474, 0.715, -1.0, 0.716, 0.093, 0.101, 0.1, 0.108, 0.089, 0.077] tick=215599 goal=0 here=0
1789578213.4 h=259.3 d0=0 d5=1 d9=10117 d6=-264 d11=0.494 [0.103, 0.328, 0.373, 0.545, 1.398, 0.654, 0.47, 0.707, 0.706, 0.712, 0.1, 0.098, 0.117, 0.122, 0.106, 0.091] tick=215668 goal=0 here=0
1789578214.1 h=257.7 d0=0 d5=1 d9=10124 d6=-257 d11=0.482 [0.096, 0.317, 0.349, 0.522, 1.382, 0.649, 0.459, 0.695, 0.708, 0.712, 0.09, 0.104, 0.099, 0.121, 0.109, 0.097] tick=215734 goal=0 here=0
1789578214.8 h=257.5 d0=0 d5=1 d9=10131 d6=-249 d11=0.499 [0.116, 0.344, 0.356, 0.512, 1.39, 0.654, 0.468, 0.682, 0.71, 0.727, 0.079, 0.095, 0.129, 0.109, 0.098, -1.0] tick=215800 goal=0 here=0
1789578215.4 h=258.4 d0=0 d5=1 d9=10139 d6=-241 d11=0.472 [0.111, 0.331, 0.362, 0.53, 1.375, 0.671, 0.47, 0.703, 0.713, -1.0, 0.088, 0.075, 0.108, 0.111, 0.079, 0.079] tick=215869 goal=0 here=0
1789578216.1 h=261.1 d0=0 d5=1 d9=10144 d6=-234 d11=0.481 [0.103, 0.328, 0.353, 0.52, 1.38, 0.65, 0.478, 0.698, 0.69, 0.709, 0.09, 0.094, 0.112, 0.113, 0.076, 0.097] tick=215935 goal=0 here=0
1789578216.8 h=257.8 d0=0 d5=0 d9=10147 d6=-231 d11=0.485 [0.114, 0.327, 0.353, 0.507, 1.379, 0.667, -1.0, 0.697, 0.691, 0.701, 0.096, 0.106, 0.105, 0.13, 0.097, 0.11] tick=216003 goal=0 here=0
1789578217.5 h=258.5 d0=0 d5=0 d9=10147 d6=-231 d11=0.492 [0.108, 0.321, 0.366, 0.515, 1.373, 0.678, 0.459, 0.683, 0.706, 0.698, 0.098, 0.11, 0.101, 0.097, 0.085, 0.092] tick=216069 goal=0 here=0
1789578218.1 h=255.3 d0=0 d5=0 d9=10149 d6=-231 d11=0.478 [0.1, 0.323, 0.36, 0.521, 1.364, 0.669, 0.455, 0.687, 0.715, 0.724, 0.103, 0.098, 0.094, 0.119, 0.096, 0.091] tick=216136 goal=0 here=0
1789578218.8 h=259.4 d0=0 d5=0 d9=10149 d6=-233 d11=0.486 [0.092, 0.331, -1.0, 0.522, 1.357, 0.672, 0.476, 0.706, 0.69, 0.719, 0.087, 0.091, 0.101, 0.121, 0.091, -1.0] tick=216202 goal=0 here=0
1789578219.4 h=258.1 d0=0 d5=0 d9=10149 d6=-231 d11=0.477 [0.098, -1.0, 0.347, 0.524, 1.389, 0.649, 0.465, 0.695, 0.728, 0.706, 0.116, 0.096, 0.111, 0.093, 0.101, 0.094] tick=216268 goal=0 here=0
1789578220.1 h=260.1 d0=0 d5=0 d9=10149 d6=-232 d11=0.485 [0.11, 0.32, 0.348, 0.515, 1.369, 0.673, 0.458, 0.68, 0.707, 0.72, 0.105, 0.097, 0.106, 0.119, 0.096, 0.076] tick=216339 goal=0 here=0
1789578220.8 h=262.4 d0=0 d5=0 d9=10147 d6=-233 d11=0.486 [0.095, 0.328, 0.369, 0.54, 1.359, 0.656, 0.443, 0.703, 0.704, 0.716, 0.101, 0.109, 0.099, 0.111, 0.102, 0.089] tick=216408 goal=0 here=0
1789578221.5 h=260.5 d0=0 d5=0 d9=10148 d6=-231 d11=0.466 [0.102, 0.334, 0.365, 0.529, 1.386, 0.634, 0.446, 0.697, 0.694, 0.717, 0.093, 0.106, 0.121, 0.111, 0.087, 0.098] tick=216474 goal=0 here=0
1789578222.2 h=255.7 d0=0 d5=0 d9=10148 d6=-233 d11=0.495 [0.093, 0.329, 0.345, 0.531, 1.358, 0.656, 0.46, 0.69, 0.706, 0.712, 0.084, 0.103, 0.097, 0.093, 0.09, 0.09] tick=216540 goal=0 here=0
1789578222.8 h=254.8 d0=0 d5=0 d9=10149 d6=-231 d11=0.479 [0.1, 0.343, 0.346, 0.527, 1.388, 0.661, 0.488, 0.702, 0.714, 0.726, 0.091, 0.103, 0.107, 0.102, 0.095, 0.061] tick=216606 goal=0 here=0
1789578223.5 h=254.3 d0=0 d5=0 d9=10147 d6=-231 d11=0.486 [0.121, 0.323, 0.357, 0.547, 1.359, 0.658, 0.464, 0.681, 0.71, 0.717, 0.102, 0.098, 0.101, 0.123, 0.1, 0.1] tick=216672 goal=0 here=0
1789578224.2 h=257.9 d0=0 d5=0 d9=10149 d6=-233 d11=0.488 [0.103, 0.314, 0.364, 0.526, 1.382, 0.639, 0.461, 0.682, 0.694, 0.699, 0.115, 0.089, 0.129, 0.105, 0.095, 0.099] tick=216739 goal=0 here=0
1789578224.8 h=255.4 d0=0 d5=0 d9=10147 d6=-231 d11=0.464 [0.108, 0.327, 0.346, 0.53, 1.37, 0.657, 0.475, 0.691, 0.7, 0.706, 0.092, 0.102, 0.118, 0.113, 0.091, 0.09] tick=216805 goal=0 here=0
1789578225.5 h=258.9 d0=0 d5=0 d9=10149 d6=-231 d11=0.483 [0.109, 0.333, 0.351, 0.527, 1.374, 0.647, 0.472, 0.686, 0.698, 0.705, 0.069, 0.079, 0.102, 0.1, 0.086, 0.08] tick=216876 goal=0 here=0
1789578226.2 h=258.2 d0=0 d5=0 d9=10149 d6=-231 d11=0.483 [0.103, 0.323, 0.375, 0.52, 1.362, 0.654, 0.468, 0.712, 0.716, 0.7, 0.099, 0.102, 0.12, 0.121, 0.098, 0.083] tick=216942 goal=0 here=0
1789578226.9 h=255.2 d0=0 d5=0 d9=10148 d6=-232 d11=0.493 [-1.0, 0.33, 0.356, 0.544, 1.373, 0.661, 0.467, 0.684, 0.729, 0.705, 0.1, 0.068, 0.104, 0.113, 0.113, 0.078] tick=217008 goal=0 here=0
1789578227.5 h=256.1 d0=0 d5=0 d9=10147 d6=-232 d11=0.474 [0.105, 0.34, 0.369, 0.51, 1.357, 0.648, 0.461, 0.715, 0.704, 0.72, 0.099, 0.106, 0.099, 0.114, 0.115, 0.091] tick=217075 goal=0 here=0
1789578228.2 h=257.8 d0=0 d5=0 d9=10148 d6=-233 d11=0.478 [0.109, 0.329, 0.361, 0.534, 1.375, 0.664, 0.475, 0.715, 0.716, 0.715, 0.096, 0.081, 0.114, 0.115, 0.096, 0.096] tick=217141 goal=0 here=0
1789578228.9 h=258.4 d0=0 d5=0 d9=10148 d6=-233 d11=0.478 [0.092, 0.325, 0.353, 0.535, 1.351, 0.667, 0.451, 0.701, 0.715, 0.708, 0.084, 0.097, 0.103, 0.126, 0.081, 0.1] tick=217210 goal=0 here=0
1789578229.5 h=262.0 d0=0 d5=0 d9=10149 d6=-231 d11=0.482 [0.117, 0.339, 0.365, 0.512, 1.346, 0.667, 0.468, 0.701, 0.707, 0.705, 0.112, 0.093, 0.082, 0.104, 0.094, 0.092] tick=217276 goal=0 here=0
1789578230.2 h=258.4 d0=0 d5=0 d9=10148 d6=-231 d11=0.485 [0.104, 0.338, 0.338, 0.523, 1.378, 0.651, 0.456, 0.703, 0.691, 0.716, 0.102, 0.07, 0.106, 0.095, 0.108, 0.099] tick=217342 goal=0 here=0
1789578230.9 h=256.8 d0=0 d5=0 d9=10147 d6=-231 d11=0.480 [0.096, 0.338, 0.365, 0.513, 1.367, 0.666, 0.459, 0.705, 0.716, 0.721, 0.092, 0.093, 0.114, 0.103, 0.089, 0.079] tick=217413 goal=0 here=0
1789578231.6 h=257.7 d0=0 d5=0 d9=10148 d6=-232 d11=0.482 [0.105, 0.335, 0.353, 0.531, 1.368, 0.643, 0.469, 0.713, 0.717, 0.729, 0.09, 0.091, 0.115, 0.108, 0.09, 0.106] tick=217479 goal=0 here=0
1789578232.2 h=256.5 d0=0 d5=0 d9=10149 d6=-233 d11=0.481 [0.086, 0.316, 0.354, 0.513, -1.0, 0.665, 0.456, 0.697, 0.724, 0.693, 0.107, 0.096, 0.118, 0.111, 0.09, 0.084] tick=217545 goal=0 here=0
1789578232.9 h=259.7 d0=0 d5=0 d9=10147 d6=-232 d11=0.472 [0.106, 0.349, 0.366, 0.527, 1.362, 0.658, 0.444, 0.696, 0.698, 0.708, 0.105, 0.107, 0.099, 0.113, 0.074, 0.091] tick=217612 goal=0 here=0
1789578233.5 h=257.3 d0=0 d5=0 d9=10149 d6=-232 d11=0.481 [0.092, 0.332, 0.337, 0.523, 1.383, 0.662, 0.469, 0.7, 0.704, 0.727, 0.087, 0.087, 0.108, 0.109, 0.099, 0.103] tick=217680 goal=0 here=0
1789578234.2 h=258.6 d0=0 d5=0 d9=10149 d6=-231 d11=0.476 [0.099, 0.318, 0.349, 0.514, 1.383, 0.66, 0.448, 0.699, 0.714, 0.722, 0.092, 0.096, 0.137, 0.115, 0.099, 0.082] tick=217747 goal=0 here=0
1789578234.9 h=257.2 d0=0 d5=0 d9=10147 d6=-232 d11=0.481 [0.118, 0.324, 0.353, 0.518, 1.377, 0.661, 0.467, 0.681, 0.693, 0.713, 0.103, 0.1, 0.097, 0.113, 0.075, 0.089] tick=217813 goal=0 here=0
1789578235.6 h=253.4 d0=0 d5=0 d9=10147 d6=-232 d11=0.489 [0.108, 0.322, 0.365, 0.518, 1.372, 0.66, 0.458, 0.707, 0.705, 0.719, 0.11, 0.083, 0.1, 0.117, 0.09, 0.087] tick=217879 goal=0 here=0
1789578236.2 h=258.0 d0=0 d5=0 d9=10148 d6=-232 d11=0.472 [0.108, 0.316, 0.346, 0.538, 1.375, 0.652, 0.461, 0.706, 0.707, 0.709, 0.088, 0.086, 0.106, 0.106, 0.078, 0.087] tick=217948 goal=0 here=0
1789578236.9 h=258.9 d0=0 d5=0 d9=10149 d6=-232 d11=0.475 [0.101, 0.33, 0.346, 0.519, 1.372, 0.648, 0.462, 0.695, 0.718, 0.723, 0.1, 0.092, 0.1, 0.113, 0.086, 0.1] tick=218016 goal=0 here=0
1789578237.6 h=254.7 d0=0 d5=0 d9=10149 d6=-231 d11=0.476 [0.114, 0.329, 0.338, 0.516, 1.375, 0.666, 0.462, 0.703, 0.711, 0.708, 0.106, 0.091, 0.101, 0.115, 0.091, 0.098] tick=218083 goal=0 here=0
1789578238.3 h=254.2 d0=0 d5=0 d9=10148 d6=-233 d11=0.489 [0.105, 0.355, 0.35, 0.535, 1.36, 0.665, 0.472, 0.714, 0.73, 0.706, 0.101, 0.09, 0.109, 0.133, 0.099, 0.109] tick=218149 goal=0 here=0
1789578238.9 h=262.2 d0=0 d5=0 d9=10148 d6=-231 d11=0.475 [0.091, 0.335, 0.338, 0.536, 1.373, 0.658, 0.464, 0.685, 0.691, 0.692, 0.109, 0.085, 0.116, 0.116, 0.104, 0.1] tick=218215 goal=0 here=0
1789578239.6 h=254.3 d0=0 d5=0 d9=10147 d6=-233 d11=0.485 [0.098, 0.329, 0.356, 0.535, 1.364, 0.649, 0.459, 0.691, 0.703, 0.715, 0.08, 0.087, 0.1, 0.117, 0.094, 0.078] tick=218281 goal=0 here=0
1789578240.2 h=257.9 d0=0 d5=0 d9=10147 d6=-232 d11=0.477 [0.112, 0.338, 0.35, 0.543, 1.378, 0.656, 0.482, 0.702, 0.715, 0.706, 0.082, 0.08, 0.128, 0.115, 0.093, 0.09] tick=218347 goal=0 here=0
1789578240.9 h=257.8 d0=0 d5=0 d9=10149 d6=-233 d11=0.482 [0.104, 0.347, 0.353, 0.525, 1.35, 0.662, 0.475, 0.683, 0.715, 0.7, 0.104, 0.101, 0.108, 0.115, 0.088, 0.093] tick=218413 goal=0 here=0
1789578241.6 h=258.8 d0=0 d5=0 d9=10148 d6=-233 d11=0.482 [0.098, 0.319, 0.341, 0.513, 1.372, 0.648, 0.464, 0.668, 0.707, 0.718, 0.113, 0.116, 0.087, 0.111, 0.092, 0.112] tick=218480 goal=0 here=0
1789578242.2 h=259.1 d0=0 d5=0 d9=10148 d6=-232 d11=0.491 [0.109, 0.347, 0.366, 0.497, 1.37, 0.668, 0.449, 0.67, 0.706, 0.699, 0.092, 0.096, 0.099, 0.108, 0.097, -1.0] tick=218548 goal=0 here=0
1789578242.9 h=258.3 d0=0 d5=0 d9=10147 d6=-233 d11=0.483 [0.106, 0.337, 0.351, 0.531, 1.375, 0.649, 0.465, 0.701, 0.699, 0.728, 0.09, 0.106, 0.119, 0.118, 0.086, 0.102] tick=218615 goal=0 here=0
1789578243.6 h=257.7 d0=0 d5=0 d9=10149 d6=-232 d11=0.504 [0.111, 0.335, -1.0, 0.516, 1.355, 0.636, 0.487, 0.7, 0.714, 0.695, 0.097, 0.096, 0.123, 0.125, 0.076, 0.093] tick=218681 goal=0 here=0
1789578244.2 h=255.9 d0=0 d5=0 d9=10147 d6=-233 d11=0.486 [0.116, 0.325, 0.36, 0.52, 1.366, 0.662, 0.466, 0.68, 0.698, 0.703, 0.091, 0.1, 0.118, 0.109, 0.102, 0.109] tick=218747 goal=0 here=0
1789578244.9 h=256.0 d0=0 d5=0 d9=10149 d6=-232 d11=0.489 [0.104, 0.347, 0.372, 0.529, 1.398, 0.658, 0.469, 0.683, 0.719, 0.706, 0.093, 0.092, 0.116, 0.093, 0.095, 0.081] tick=218813 goal=0 here=0
1789578245.6 h=260.4 d0=0 d5=0 d9=10149 d6=-232 d11=0.476 [0.1, 0.319, 0.342, 0.528, 1.367, 0.648, 0.468, 0.682, 0.709, 0.691, 0.098, 0.096, 0.107, 0.101, 0.091, 0.083] tick=218879 goal=0 here=0
1789578246.2 h=255.3 d0=0 d5=0 d9=10148 d6=-232 d11=0.482 [0.094, 0.347, 0.342, 0.527, 1.346, 0.657, 0.459, 0.686, 0.7, 0.725, 0.087, 0.098, 0.125, 0.119, 0.084, 0.09] tick=218948 goal=0 here=0
1789578246.9 h=261.5 d0=0 d5=0 d9=10149 d6=-232 d11=0.475 [0.096, 0.35, 0.354, 0.51, 1.366, 0.659, 0.449, 0.67, 0.705, 0.695, 0.083, 0.088, 0.1, 0.12, 0.087, 0.105] tick=219014 goal=0 here=0
1789578247.6 h=259.6 d0=0 d5=0 d9=10147 d6=-231 d11=0.478 [0.11, 0.332, 0.359, 0.539, 1.37, 0.676, 0.464, 0.693, 0.713, 0.721, 0.105, 0.124, 0.102, 0.105, 0.094, 0.101] tick=219080 goal=0 here=0
1789578248.2 h=259.2 d0=0 d5=0 d9=10148 d6=-233 d11=0.470 [0.118, 0.341, 0.381, 0.519, 1.381, 0.658, 0.459, 0.688, 0.714, 0.693, 0.1, 0.098, 0.109, 0.121, 0.098, 0.083] tick=219146 goal=0 here=0
1789578248.9 h=257.3 d0=0 d5=0 d9=10149 d6=-232 d11=0.471 [0.095, 0.334, 0.375, 0.521, 1.375, 0.666, 0.456, 0.706, 0.701, 0.715, 0.09, 0.076, 0.108, 0.11, 0.1, 0.089] tick=219215 goal=0 here=0
1789578249.6 h=255.8 d0=0 d5=0 d9=10149 d6=-232 d11=0.475 [0.096, 0.336, 0.335, 0.522, 1.367, 0.66, 0.469, 0.693, 0.716, 0.713, 0.11, 0.077, 0.119, 0.116, 0.092, 0.088] tick=219281 goal=0 here=0
1789578250.2 h=256.9 d0=0 d5=0 d9=10148 d6=-231 d11=0.483 [0.092, 0.335, 0.366, 0.529, 1.368, 0.66, 0.476, 0.689, 0.705, 0.708, 0.109, 0.102, 0.108, 0.106, 0.11, 0.083] tick=219347 goal=0 here=0
1789578250.9 h=260.2 d0=0 d5=0 d9=10148 d6=-233 d11=0.479 [0.105, 0.329, 0.364, 0.53, 1.367, 0.66, 0.455, 0.69, 0.717, 0.717, 0.083, 0.092, 0.112, 0.094, 0.102, 0.096] tick=219416 goal=0 here=0
1789578251.6 h=257.0 d0=0 d5=0 d9=10149 d6=-232 d11=0.480 [0.135, 0.33, 0.371, 0.523, 1.375, 0.675, 0.463, 0.695, 0.71, 0.693, 0.105, 0.09, 0.104, 0.128, 0.081, 0.094] tick=219482 goal=0 here=0
1789578252.3 h=257.2 d0=0 d5=0 d9=10149 d6=-233 d11=0.482 [0.106, 0.334, 0.366, 0.53, 1.364, 0.653, 0.444, 0.69, 0.719, 0.709, 0.087, 0.087, 0.087, 0.113, 0.1, 0.098] tick=219548 goal=0 here=0
1789578252.9 h=259.5 d0=0 d5=0 d9=10148 d6=-231 d11=0.484 [0.117, 0.326, 0.349, 0.535, -1.0, 0.673, 0.476, 0.694, 0.713, 0.709, 0.108, 0.089, 0.088, 0.121, 0.096, 0.09] tick=219615 goal=0 here=0
1789578253.6 h=259.9 d0=0 d5=0 d9=10148 d6=-233 d11=0.479 [0.096, 0.338, 0.375, 0.52, 1.359, 0.655, 0.46, 0.7, 0.717, 0.717, 0.096, 0.113, 0.07, 0.122, 0.082, 0.09] tick=219681 goal=0 here=0
1789578254.2 h=258.3 d0=0 d5=0 d9=10148 d6=-233 d11=0.480 [0.077, 0.333, 0.357, 0.512, 1.361, 0.661, 0.464, 0.703, 0.688, 0.724, 0.1, 0.103, 0.106, 0.096, 0.113, 0.085] tick=219747 goal=0 here=0
1789578254.9 h=258.5 d0=0 d5=0 d9=10148 d6=-233 d11=0.479 [0.108, 0.329, 0.356, 0.524, 1.363, 0.672, 0.474, 0.7, 0.717, 0.712, -1.0, 0.105, 0.097, 0.107, 0.087, 0.076] tick=219813 goal=0 here=0
1789578255.6 h=260.0 d0=0 d5=0 d9=10148 d6=-231 d11=0.478 [0.111, 0.329, 0.371, 0.517, 1.372, 0.665, 0.459, 0.7, 0.703, 0.698, 0.104, 0.093, 0.091, 0.104, 0.093, 0.091] tick=219879 goal=0 here=0
1789578256.2 h=261.1 d0=0 d5=0 d9=10148 d6=-232 d11=0.490 [0.105, 0.331, 0.343, 0.513, 1.348, 0.643, 0.48, 0.708, 0.711, 0.703, 0.098, 0.086, 0.128, 0.106, 0.087, 0.087] tick=219945 goal=0 here=0
1789578256.9 h=258.6 d0=0 d5=0 d9=10149 d6=-231 d11=0.468 [0.115, 0.345, 0.358, 0.522, 1.371, 0.651, 0.451, 0.71, 0.71, 0.692, 0.086, 0.105, 0.119, 0.109, 0.105, 0.105] tick=220012 goal=0 here=0
1789578257.5 h=258.7 d0=0 d5=0 d9=10147 d6=-231 d11=0.481 [0.12, 0.328, 0.36, 0.527, 1.377, 0.663, 0.468, 0.697, 0.721, 0.722, 0.108, 0.095, 0.114, 0.127, 0.094, 0.096] tick=220078 goal=0 here=0
1789578258.2 h=257.5 d0=0 d5=0 d9=10148 d6=-231 d11=0.470 [0.103, 0.329, 0.353, 0.52, 1.366, 0.682, 0.469, 0.694, 0.693, 0.733, 0.1, 0.091, 0.114, 0.105, 0.082, 0.095] tick=220144 goal=0 here=0
1789578258.9 h=258.8 d0=0 d5=0 d9=10148 d6=-231 d11=0.474 [0.116, 0.331, 0.343, 0.533, 1.353, 0.674, 0.464, 0.683, 0.699, 0.713, 0.099, 0.102, 0.107, 0.096, 0.095, 0.073] tick=220210 goal=0 here=0
1789578259.5 h=260.9 d0=0 d5=0 d9=10147 d6=-232 d11=0.483 [0.101, 0.349, 0.334, 0.507, 1.362, 0.67, 0.454, 0.686, 0.703, 0.701, 0.101, 0.104, 0.109, 0.116, 0.094, 0.087] tick=220276 goal=0 here=0
1789578260.2 h=256.7 d0=0 d5=0 d9=10147 d6=-232 d11=0.477 [0.095, 0.312, 0.337, 0.526, 1.381, 0.653, 0.48, 0.703, 0.713, 0.707, 0.102, 0.1, 0.113, 0.107, 0.096, 0.117] tick=220342 goal=0 here=0
1789578260.9 h=254.4 d0=0 d5=0 d9=10149 d6=-231 d11=0.474 [0.08, 0.335, 0.362, 0.53, 1.378, 0.648, 0.476, 0.705, 0.693, 0.715, 0.092, 0.097, 0.092, 0.111, 0.069, 0.084] tick=220409 goal=0 here=0
1789578261.5 h=258.1 d0=0 d5=0 d9=10147 d6=-232 d11=0.473 [0.105, 0.318, 0.374, 0.518, 1.375, 0.677, 0.467, 0.686, 0.716, 0.718, 0.107, 0.08, 0.095, 0.123, 0.081, 0.076] tick=220475 goal=0 here=0
1789578262.2 h=256.6 d0=0 d5=0 d9=10147 d6=-233 d11=0.474 [0.099, 0.339, 0.352, 0.524, 1.36, 0.67, 0.447, 0.708, 0.709, 0.712, 0.104, 0.1, 0.113, 0.109, 0.082, 0.097] tick=220541 goal=0 here=0
1789578262.8 h=258.1 d0=0 d5=0 d9=10149 d6=-232 d11=0.483 [0.094, 0.33, 0.361, 0.534, 1.366, 0.65, 0.467, 0.706, 0.714, 0.696, 0.092, 0.093, 0.117, 0.125, 0.097, 0.092] tick=220607 goal=0 here=0
1789578263.5 h=256.5 d0=0 d5=0 d9=10149 d6=-231 d11=0.490 [0.112, 0.338, 0.349, 0.52, 1.363, 0.668, 0.465, 0.682, 0.714, 0.698, 0.112, 0.101, 0.101, 0.118, 0.092, 0.087] tick=220673 goal=0 here=0
1789578264.2 h=257.0 d0=0 d5=0 d9=10147 d6=-232 d11=0.470 [0.11, 0.331, 0.352, 0.53, 1.366, 0.663, 0.474, 0.695, 0.718, 0.716, 0.101, 0.087, 0.113, 0.108, 0.099, 0.097] tick=220739 goal=0 here=0
1789578264.8 h=256.6 d0=0 d5=0 d9=10147 d6=-231 d11=0.475 [0.117, 0.341, 0.352, 0.517, 1.384, 0.66, 0.472, 0.683, 0.703, 0.721, 0.091, 0.072, 0.11, 0.119, 0.091, 0.079] tick=220806 goal=0 here=0
1789578265.5 h=257.1 d0=0 d5=0 d9=10148 d6=-233 d11=0.466 [0.111, 0.339, 0.361, 0.513, 1.364, 0.656, 0.463, 0.691, 0.686, 0.714, 0.091, 0.075, 0.111, 0.098, 0.08, 0.073] tick=220874 goal=0 here=0
1789578266.2 h=256.3 d0=0 d5=0 d9=10148 d6=-233 d11=0.478 [0.117, 0.34, 0.352, 0.533, 1.376, 0.657, 0.467, 0.703, 0.704, 0.702, 0.103, 0.078, 0.128, 0.121, 0.109, 0.091] tick=220940 goal=0 here=0
1789578266.8 h=258.2 d0=0 d5=0 d9=10148 d6=-231 d11=0.480 [0.1, 0.334, 0.351, 0.503, 1.381, 0.66, 0.46, 0.686, 0.695, 0.714, 0.095, 0.113, 0.115, 0.109, 0.09, 0.084] tick=221007 goal=0 here=0
1789578267.5 h=257.3 d0=0 d5=0 d9=10148 d6=-231 d11=0.482 [0.094, 0.345, 0.366, 0.513, 1.36, 0.665, 0.475, 0.69, 0.698, 0.712, 0.107, 0.086, 0.093, 0.114, 0.1, 0.094] tick=221073 goal=0 here=0
1789578268.2 h=256.9 d0=0 d5=0 d9=10147 d6=-232 d11=0.486 [0.127, 0.332, 0.34, 0.521, 1.378, 0.672, 0.445, 0.693, 0.719, 0.723, 0.099, 0.097, 0.119, 0.098, 0.094, 0.085] tick=221139 goal=0 here=0
1789578268.8 h=259.7 d0=0 d5=0 d9=10148 d6=-232 d11=0.469 [0.096, 0.333, 0.347, 0.535, 1.359, 0.653, 0.466, 0.697, 0.704, 0.714, 0.09, 0.096, 0.111, 0.101, 0.084, 0.099] tick=221205 goal=0 here=0
1789578269.5 h=258.0 d0=0 d5=0 d9=10147 d6=-233 d11=0.469 [0.112, 0.326, 0.357, 0.536, 1.378, 0.648, 0.484, 0.716, 0.713, 0.697, 0.087, 0.125, 0.092, 0.128, 0.097, 0.08] tick=221271 goal=0 here=0
1789578270.1 h=259.6 d0=0 d5=0 d9=10149 d6=-231 d11=0.472 [0.106, 0.347, 0.345, 0.519, 1.377, 0.638, 0.476, 0.679, 0.705, 0.715, 0.091, 0.091, 0.114, 0.121, 0.083, 0.091] tick=221338 goal=0 here=0
1789578270.8 h=255.5 d0=0 d5=0 d9=10149 d6=-232 d11=0.493 [0.093, 0.338, 0.365, 0.501, 1.359, 0.645, 0.465, 0.705, 0.694, -1.0, 0.091, 0.097, 0.111, 0.11, 0.088, 0.097] tick=221404 goal=0 here=0
1789578271.5 h=258.4 d0=0 d5=0 d9=10147 d6=-232 d11=0.468 [0.096, 0.321, 0.346, 0.531, 1.359, 0.657, 0.46, 0.721, 0.716, 0.722, 0.096, 0.105, 0.114, 0.125, 0.103, 0.066] tick=221470 goal=0 here=0
1789578272.1 h=253.3 d0=0 d5=0 d9=10147 d6=-231 d11=0.488 [0.102, 0.342, 0.359, 0.527, 1.373, 0.656, 0.447, 0.686, 0.705, 0.722, 0.091, 0.098, 0.09, 0.109, 0.098, 0.094] tick=221541 goal=0 here=0
1789578272.8 h=257.7 d0=0 d5=0 d9=10149 d6=-233 d11=0.477 [0.098, 0.325, 0.356, 0.54, 1.366, 0.657, 0.449, 0.704, 0.714, 0.707, 0.099, 0.095, 0.114, 0.121, 0.103, 0.106] tick=221607 goal=0 here=0
1789578273.5 h=257.9 d0=0 d5=0 d9=10149 d6=-233 d11=0.475 [0.116, 0.347, 0.359, 0.509, 1.365, 0.656, 0.462, 0.682, 0.714, 0.706, 0.079, 0.112, 0.111, 0.124, 0.108, 0.07] tick=221674 goal=0 here=0
1789578274.2 h=257.2 d0=0 d5=0 d9=10149 d6=-231 d11=0.463 [0.088, 0.331, 0.356, 0.52, 1.38, 0.676, 0.485, 0.696, 0.725, 0.704, 0.078, 0.098, 0.1, 0.129, 0.093, 0.094] tick=221740 goal=0 here=0
1789578274.8 h=259.7 d0=0 d5=0 d9=10148 d6=-232 d11=0.469 [0.119, 0.344, 0.356, 0.516, 1.383, 0.654, 0.46, 0.691, 0.698, 0.705, 0.104, 0.091, 0.115, 0.134, 0.093, 0.093] tick=221806 goal=0 here=0
1789578275.5 h=258.9 d0=0 d5=0 d9=10147 d6=-232 d11=0.468 [0.1, 0.355, 0.36, 0.533, 1.376, 0.659, 0.462, 0.697, 0.709, 0.707, 0.103, 0.102, 0.109, 0.115, 0.089, 0.104] tick=221872 goal=0 here=0
1789578276.2 h=259.8 d0=0 d5=0 d9=10149 d6=-232 d11=0.481 [0.095, 0.334, 0.353, 0.515, 1.374, 0.647, 0.461, 0.707, 0.71, 0.696, 0.124, 0.104, 0.104, 0.133, 0.099, 0.085] tick=221938 goal=0 here=0
1789578276.8 h=257.1 d0=0 d5=0 d9=10148 d6=-232 d11=0.468 [0.1, 0.344, 0.368, 0.52, 1.373, 0.657, 0.47, 0.709, 0.724, 0.703, 0.101, 0.084, 0.121, 0.116, 0.104, 0.093] tick=222004 goal=0 here=0
1789578277.5 h=257.9 d0=0 d5=0 d9=10147 d6=-233 d11=0.480 [0.101, 0.333, 0.352, 0.537, 1.383, 0.664, 0.477, 0.708, 0.727, 0.698, 0.082, 0.111, 0.122, 0.115, 0.099, 0.098] tick=222071 goal=0 here=0
1789578278.1 h=257.8 d0=0 d5=0 d9=10147 d6=-233 d11=0.473 [0.093, 0.324, 0.35, 0.527, 1.387, 0.679, 0.465, 0.686, 0.696, 0.714, 0.074, 0.099, 0.091, 0.115, 0.093, 0.072] tick=222137 goal=0 here=0
1789578278.8 h=259.3 d0=0 d5=0 d9=10149 d6=-231 d11=0.460 [0.109, 0.328, 0.353, 0.522, 1.367, 0.658, 0.46, 0.698, 0.71, 0.703, 0.083, 0.09, 0.096, 0.11, 0.097, 0.096] tick=222203 goal=0 here=0
1789578279.5 h=253.3 d0=0 d5=0 d9=10148 d6=-232 d11=0.463 [0.09, 0.344, 0.333, 0.529, 1.363, 0.646, 0.447, -1.0, 0.718, 0.708, 0.089, 0.094, 0.127, 0.105, 0.096, 0.104] tick=222269 goal=0 here=0
1789578280.1 h=255.2 d0=0 d5=0 d9=10148 d6=-232 d11=0.458 [0.108, 0.321, 0.351, 0.515, 1.37, 0.662, 0.482, 0.704, 0.716, 0.704, 0.097, 0.077, 0.103, 0.113, 0.07, -1.0] tick=222335 goal=0 here=0
1789578280.8 h=255.8 d0=0 d5=0 d9=10149 d6=-232 d11=0.450 [0.108, 0.309, 0.337, 0.522, 1.365, 0.656, 0.466, 0.697, 0.724, 0.699, 0.089, 0.088, 0.105, 0.135, 0.091, 0.103] tick=222404 goal=0 here=0
1789578281.5 h=258.5 d0=0 d5=0 d9=10148 d6=-232 d11=0.457 [0.112, 0.319, 0.351, 0.525, 1.356, 0.659, 0.441, 0.705, 0.713, 0.705, 0.096, 0.08, 0.089, 0.1, 0.087, 0.092] tick=222468 goal=0 here=0
1789578282.1 h=259.3 d0=0 d5=0 d9=10148 d6=-232 d11=0.448 [0.108, 0.338, 0.362, 0.539, 1.375, 0.658, 0.464, 0.7, 0.707, 0.719, 0.1, 0.1, 0.097, 0.109, 0.101, 0.075] tick=222534 goal=0 here=0
1789578282.8 h=255.2 d0=0 d5=0 d9=10147 d6=-232 d11=0.454 [0.1, 0.323, 0.349, 0.513, 1.363, 0.656, 0.472, 0.716, 0.712, 0.734, 0.11, 0.107, 0.111, 0.109, 0.096, 0.103] tick=222601 goal=0 here=0
1789578283.4 h=258.7 d0=0 d5=0 d9=10147 d6=-231 d11=0.456 [0.105, 0.336, 0.356, 0.523, 1.377, 0.655, 0.475, 0.701, 0.709, 0.71, 0.096, 0.099, 0.113, 0.126, 0.097, 0.093] tick=222667 goal=0 here=0
1789578284.1 h=258.0 d0=0 d5=0 d9=10148 d6=-232 d11=0.443 [0.081, 0.319, 0.359, 0.52, 1.375, 0.651, 0.459, 0.677, 0.712, 0.705, 0.094, 0.099, 0.128, 0.131, 0.083, 0.103] tick=222733 goal=0 here=0
1789578284.8 h=256.3 d0=0 d5=0 d9=10148 d6=-232 d11=0.452 [0.096, 0.33, 0.39, 0.533, 1.387, 0.655, 0.462, 0.709, 0.721, 0.7, 0.089, 0.093, 0.097, 0.105, 0.08, 0.099] tick=222799 goal=0 here=0
1789578285.4 h=258.1 d0=0 d5=0 d9=10147 d6=-232 d11=0.435 [0.096, 0.327, 0.35, 0.533, 1.37, 0.651, 0.459, 0.697, 0.702, 0.713, 0.093, 0.12, 0.081, 0.113, 0.083, 0.086] tick=222868 goal=0 here=0
1789578286.1 h=260.6 d0=0 d5=0 d9=10147 d6=-231 d11=0.452 [0.104, 0.324, 0.358, 0.521, 1.368, 0.653, 0.447, 0.696, 0.687, 0.7, 0.092, 0.085, 0.12, 0.113, 0.077, 0.099] tick=222938 goal=0 here=0
1789578286.8 h=258.0 d0=0 d5=0 d9=10149 d6=-232 d11=0.449 [0.116, 0.329, 0.361, 0.531, 1.373, 0.658, 0.466, 0.706, 0.718, 0.695, 0.108, 0.11, 0.113, 0.126, 0.085, 0.093] tick=223004 goal=0 here=0
1789578287.5 h=257.3 d0=0 d5=0 d9=10147 d6=-233 d11=0.451 [0.099, 0.336, 0.363, 0.528, 1.371, 0.668, 0.47, 0.703, 0.723, 0.695, 0.1, 0.086, 0.103, 0.124, 0.115, 0.073] tick=223070 goal=0 here=0
1789578288.1 h=255.6 d0=0 d5=0 d9=10148 d6=-232 d11=0.460 [0.112, 0.325, 0.376, 0.536, 1.363, 0.655, 0.467, 0.706, 0.719, 0.706, 0.092, 0.1, 0.115, 0.102, 0.101, 0.094] tick=223136 goal=0 here=0
1789578288.8 h=253.6 d0=0 d5=0 d9=10148 d6=-232 d11=0.454 [0.109, 0.318, 0.365, 0.527, 1.365, 0.671, 0.479, 0.705, 0.722, 0.708, 0.078, 0.105, 0.11, 0.103, 0.095, 0.082] tick=223203 goal=0 here=0
1789578289.5 h=255.1 d0=0 d5=0 d9=10148 d6=-232 d11=0.434 [0.103, 0.33, 0.36, 0.531, 1.364, 0.673, 0.466, 0.688, 0.709, 0.715, 0.09, 0.09, 0.12, 0.142, 0.082, 0.105] tick=223269 goal=0 here=0
1789578290.1 h=254.2 d0=0 d5=0 d9=10147 d6=-231 d11=0.431 [0.096, 0.332, 0.354, 0.531, 1.38, 0.633, 0.469, 0.697, 0.703, 0.701, 0.093, 0.09, 0.1, 0.111, 0.092, 0.105] tick=223337 goal=0 here=0
1789578290.8 h=255.2 d0=0 d5=0 d9=10149 d6=-232 d11=0.420 [0.117, 0.329, 0.35, 0.534, 1.362, 0.666, 0.472, 0.696, 0.722, 0.687, 0.115, 0.122, 0.099, 0.116, 0.084, 0.096] tick=223404 goal=0 here=0
1789578291.5 h=254.7 d0=0 d5=0 d9=10149 d6=-232 d11=0.427 [0.096, 0.326, 0.355, 0.522, 1.375, 0.655, 0.475, 0.698, 0.739, 0.702, 0.106, 0.097, 0.109, 0.129, 0.103, 0.096] tick=223470 goal=0 here=0
1789578292.1 h=261.3 d0=0 d5=0 d9=10147 d6=-231 d11=0.417 [0.1, 0.333, 0.359, 0.514, 1.374, 0.657, 0.451, 0.688, 0.712, 0.703, 0.089, 0.109, 0.111, 0.106, 0.102, 0.076] tick=223536 goal=0 here=0
1789578292.8 h=254.9 d0=0 d5=0 d9=10147 d6=-233 d11=0.437 [0.114, 0.319, 0.34, 0.531, 1.349, 0.657, 0.465, 0.686, 0.709, 0.708, 0.089, 0.078, 0.112, 0.115, 0.092, 0.085] tick=223602 goal=0 here=0
1789578293.5 h=254.3 d0=0 d5=0 d9=10148 d6=-233 d11=0.434 [0.115, 0.335, 0.363, 0.515, 1.364, 0.654, 0.435, 0.698, 0.72, 0.71, 0.103, 0.092, 0.112, 0.127, 0.086, 0.07] tick=223668 goal=0 here=0
1789578294.1 h=252.9 d0=0 d5=0 d9=10147 d6=-232 d11=0.432 [0.101, 0.324, 0.352, 0.535, 1.362, 0.659, 0.458, 0.702, 0.733, 0.694, 0.095, 0.102, 0.102, 0.104, 0.099, 0.087] tick=223734 goal=0 here=0
1789578294.8 h=254.6 d0=0 d5=0 d9=10147 d6=-232 d11=0.442 [0.105, 0.324, 0.358, 0.533, 1.366, 0.667, 0.472, 0.706, 0.711, 0.709, 0.115, 0.093, 0.113, 0.12, 0.099, 0.077] tick=223801 goal=0 here=0
1789578295.4 h=258.6 d0=0 d5=0 d9=10148 d6=-233 d11=0.438 [0.11, 0.335, 0.344, 0.539, 1.355, 0.661, 0.461, 0.688, 0.706, 0.7, 0.088, 0.083, 0.091, 0.126, 0.09, 0.097] tick=223867 goal=0 here=0
1789578296.1 h=255.9 d0=0 d5=0 d9=10149 d6=-233 d11=0.437 [0.109, 0.329, 0.354, 0.525, 1.365, 0.65, 0.46, 0.7, 0.716, 0.721, 0.091, 0.104, 0.107, 0.097, 0.099, 0.094] tick=223935 goal=0 here=0
1789578296.8 h=255.9 d0=0 d5=0 d9=10149 d6=-231 d11=0.469 [0.107, 0.326, 0.346, 0.537, 1.357, 0.656, 0.46, 0.693, 0.717, 0.706, 0.101, 0.094, 0.124, -1.0, 0.094, 0.082] tick=224002 goal=0 here=0
1789578297.4 h=256.3 d0=0 d5=0 d9=10148 d6=-232 d11=0.455 [0.1, 0.329, 0.336, 0.539, 1.387, 0.658, 0.459, 0.687, 0.731, 0.696, 0.093, 0.088, 0.112, 0.122, 0.115, 0.092] tick=224068 goal=0 here=0
1789578298.1 h=257.8 d0=0 d5=0 d9=10148 d6=-232 d11=0.446 [0.108, 0.315, 0.357, 0.538, 1.367, 0.645, 0.474, 0.713, 0.701, 0.696, 0.09, 0.11, 0.089, 0.138, 0.083, 0.095] tick=224134 goal=0 here=0
1789578298.8 h=255.8 d0=0 d5=0 d9=10148 d6=-233 d11=0.447 [0.111, 0.351, 0.345, 0.527, 1.363, 0.665, 0.465, 0.725, 0.714, 0.701, 0.114, 0.087, 0.098, 0.136, 0.103, 0.098] tick=224200 goal=0 here=0
1789578299.4 h=257.4 d0=0 d5=0 d9=10147 d6=-233 d11=0.455 [0.115, 0.349, 0.346, 0.52, 1.37, 0.658, 0.466, 0.672, 0.709, 0.711, 0.101, 0.081, 0.103, 0.13, 0.11, 0.106] tick=224266 goal=0 here=0
1789578300.1 h=257.2 d0=0 d5=0 d9=10149 d6=-233 d11=0.446 [0.109, 0.328, 0.357, 0.518, 1.376, 0.674, 0.475, 0.699, 0.704, 0.7, 0.091, 0.102, 0.09, 0.101, 0.092, 0.09] tick=224335 goal=0 here=0
1789578300.8 h=256.7 d0=0 d5=0 d9=10148 d6=-232 d11=0.431 [0.089, 0.329, 0.357, 0.521, 1.377, 0.662, 0.447, 0.704, 0.707, 0.715, 0.089, 0.109, 0.096, 0.12, 0.077, 0.092] tick=224401 goal=0 here=0
1789578301.4 h=258.7 d0=0 d5=0 d9=10149 d6=-231 d11=0.456 [0.113, 0.332, 0.366, 0.518, 1.377, 0.66, 0.459, 0.691, 0.713, 0.702, 0.085, 0.11, 0.114, 0.122, 0.099, 0.086] tick=224467 goal=0 here=0
1789578302.1 h=253.7 d0=0 d5=1 d9=10138 d6=-220 d11=0.435 [0.106, 0.322, 0.366, 0.489, 1.287, 1.436, 0.458, 0.682, 0.685, 0.721, 0.11, 0.085, 0.113, 0.121, 0.116, 0.098] tick=224534 goal=0 here=0
1789578302.8 h=248.9 d0=0 d5=1 d9=10127 d6=-206 d11=0.445 [0.098, 0.3, 0.355, 0.417, 1.002, 1.449, 0.445, 0.66, 0.675, 0.741, 0.119, 0.097, 0.101, 0.122, 0.079, 0.087] tick=224600 goal=0 here=0
1789578303.4 h=245.3 d0=0 d5=0 d9=10120 d6=-200 d11=0.450 [0.109, 0.307, 0.375, 0.374, 0.726, 1.458, 0.447, 0.499, 0.698, 0.721, 0.133, 0.096, 0.091, 0.12, 0.103, 0.092] tick=224667 goal=0 here=0
1789578304.1 h=242.4 d0=0 d5=1 d9=10108 d6=-189 d11=0.450 [0.086, 0.324, 0.351, 0.37, 0.685, 1.393, 0.482, 0.457, 0.719, 0.741, 0.781, 0.109, 0.094, 0.12, 0.106, 0.083] tick=224738 goal=0 here=0
1789578304.8 h=235.3 d0=0 d5=0 d9=10095 d6=-174 d11=0.447 [0.08, 0.11, 0.339, 0.355, 0.596, 1.425, 0.628, 0.461, 0.717, 0.725, 0.723, 0.087, 0.09, 0.11, 0.107, 0.083] tick=224804 goal=0 here=0
1789578305.5 h=235.7 d0=0 d5=1 d9=10089 d6=-167 d11=0.454 [0.083, 0.105, 0.33, 0.352, 0.538, 1.406, 0.648, 0.473, 0.683, 0.717, 0.695, 0.112, 0.088, 0.107, 0.134, 0.087] tick=224870 goal=0 here=0
1789578306.1 h=230.8 d0=0 d5=1 d9=10076 d6=-154 d11=0.445 [0.088, 0.11, 0.324, 0.359, 0.482, 1.262, 1.443, 0.468, 0.677, 0.683, 0.704, 0.106, 0.093, 0.122, 0.128, 0.103] tick=224936 goal=0 here=0
1789578306.8 h=225.3 d0=0 d5=1 d9=10062 d6=-139 d11=0.440 [0.074, 0.095, 0.314, 0.344, 0.387, 0.975, 1.475, 0.447, 0.661, 0.674, 0.723, 0.116, 0.091, 0.117, 0.119, 0.099] tick=225005 goal=0 here=0
1789578307.5 h=221.6 d0=0 d5=1 d9=10058 d6=-133 d11=0.422 [0.085, -1.0, 0.314, 0.366, 0.378, 0.724, 1.466, 0.437, 0.511, 0.699, 0.745, 0.139, 0.081, 0.097, 0.12, 0.106] tick=225076 goal=0 here=0
1789578308.2 h=221.2 d0=0 d5=1 d9=10044 d6=-119 d11=0.436 [0.103, 0.104, 0.114, 0.36, 0.357, 0.679, 1.395, 0.612, 0.466, 0.762, 0.749, 0.766, 0.089, 0.093, 0.104, 0.093] tick=225142 goal=0 here=0
1789578308.9 h=218.0 d0=0 d5=1 d9=10029 d6=-107 d11=0.435 [0.077, 0.082, 0.102, 0.325, 0.344, 0.543, 1.453, 0.646, 0.443, 0.71, 0.729, 0.715, 0.09, 0.105, 0.104, 0.101] tick=225209 goal=0 here=0
1789578309.5 h=211.6 d0=0 d5=1 d9=10024 d6=-101 d11=0.444 [0.075, 0.088, 0.114, 0.326, 0.35, 0.528, 1.354, 0.655, 0.462, 0.689, 0.705, 0.719, 0.103, 0.1, 0.106, 0.128] tick=225275 goal=0 here=0
1789578310.2 h=206.7 d0=0 d5=1 d9=10012 d6=-87 d11=0.437 [0.086, 0.086, 0.111, 0.327, 0.358, 0.463, 1.203, 1.447, 0.45, 0.671, 0.668, 0.699, 0.101, 0.109, 0.098, 0.114] tick=225341 goal=0 here=0
1789578310.8 h=201.1 d0=0 d5=0 d9=10001 d6=-73 d11=0.439 [0.101, 0.082, 0.092, 0.314, 0.372, 0.372, 0.746, 1.468, 0.449, 0.601, 0.671, 0.742, 0.128, 0.099, 0.11, 0.109] tick=225407 goal=0 here=0
1789578311.5 h=203.2 d0=0 d5=1 d9=9993 d6=-66 d11=0.440 [0.095, 0.098, 0.116, 0.313, 0.347, 0.378, 0.712, 1.435, 0.437, 0.49, 0.703, 0.732, 0.138, 0.097, 0.104, 0.125] tick=225473 goal=0 here=0
1789578312.2 h=194.1 d0=0 d5=1 d9=9980 d6=-54 d11=0.436 [0.103, 0.083, 0.084, 0.119, 0.355, 0.362, 0.656, 1.395, 0.627, 0.48, 0.749, 0.738, 0.752, 0.098, 0.118, 0.114] tick=225539 goal=0 here=0
1789578312.8 h=191.0 d0=0 d5=1 d9=9974 d6=-48 d11=0.432 [0.106, 0.09, 0.074, 0.097, 0.341, 0.364, 0.639, 1.421, 0.642, 0.484, 0.747, 0.742, 0.727, 0.126, 0.099, 0.11] tick=225606 goal=0 here=0
1789578313.5 h=184.3 d0=0 d5=1 d9=9963 d6=-34 d11=0.455 [0.115, 0.082, 0.077, 0.091, 0.337, 0.365, 0.523, 1.304, 1.426, 0.472, 0.702, 0.704, 0.731, 0.102, 0.097, 0.119] tick=225672 goal=0 here=0
1789578314.2 h=183.0 d0=0 d5=0 d9=9954 d6=-26 d11=0.461 [0.123, 0.099, 0.082, 0.085, 0.32, -1.0, 0.472, 1.229, 1.448, 0.457, 0.68, 0.662, 0.718, 0.092, 0.086, 0.102] tick=225736 goal=0 here=0
1789578314.8 h=187.4 d0=0 d5=1 d9=9969 d6=-9 d11=0.441 [0.116, 0.098, 0.096, 0.09, 0.316, 0.341, 0.456, 1.25, 1.438, 0.453, 0.669, 0.675, 0.728, 0.114, 0.103, 0.094] tick=225798 goal=0 here=0
1789578315.4 h=188.3 d0=0 d5=1 d9=9991 d6=11 d11=0.449 [0.116, 0.113, 0.099, 0.107, 0.32, 0.362, 0.479, 1.233, 1.429, 0.465, 0.68, 0.702, 0.714, 0.103, 0.087, 0.1] tick=225868 goal=0 here=0
1789578316.1 h=184.6 d0=0 d5=1 d9=10011 d6=33 d11=0.459 [0.124, 0.115, 0.097, 0.085, 0.327, 0.362, 0.466, 1.211, 1.466, 0.455, 0.681, 0.68, 0.717, 0.104, 0.104, 0.102] tick=225934 goal=0 here=0
1789578316.8 h=186.0 d0=0 d5=1 d9=10030 d6=51 d11=0.456 [0.098, 0.109, 0.108, 0.097, 0.305, 0.369, 0.465, 1.193, 1.443, 0.444, 0.668, 0.663, 0.721, 0.11, 0.094, 0.099] tick=225997 goal=0 here=0
1789578317.4 h=182.4 d0=0 d5=1 d9=10045 d6=71 d11=0.455 [0.116, 0.096, 0.081, 0.124, 0.323, 0.351, 0.453, 1.192, 1.431, 0.443, 0.689, 0.693, 0.721, 0.126, 0.099, 0.094] tick=226065 goal=0 here=0
1789578318.1 h=180.6 d0=0 d5=1 d9=10032 d6=87 d11=0.450 [0.11, 0.095, 0.083, 0.09, 0.311, 0.355, 0.384, 0.743, 1.471, 0.437, 0.507, 0.696, 0.743, 0.13, 0.091, 0.104] tick=226131 goal=0 here=0
1789578318.7 h=179.0 d0=0 d5=0 d9=10024 d6=93 d11=0.463 [0.109, 0.098, 0.078, 0.085, 0.302, 0.362, 0.377, 0.693, 1.413, 0.481, 0.47, 0.715, 0.713, 0.79, 0.105, 0.103] tick=226198 goal=0 here=0
1789578319.4 h=174.0 d0=0 d5=1 d9=10039 d6=110 d11=0.433 [0.128, 0.099, 0.093, 0.09, 0.316, 0.34, 0.364, 0.668, 1.402, 0.475, 0.469, 0.733, 0.735, 0.779, 0.089, 0.082] tick=226264 goal=0 here=0
1789578320.1 h=178.8 d0=0 d5=1 d9=10057 d6=131 d11=0.451 [0.108, 0.101, 0.089, 0.097, 0.326, 0.368, 0.361, 0.689, 1.428, 0.469, 0.462, 0.734, 0.734, 0.783, 0.095, 0.102] tick=226330 goal=0 here=0
1789578320.7 h=176.0 d0=0 d5=1 d9=10077 d6=150 d11=0.440 [0.107, 0.095, 0.084, 0.099, 0.106, 0.375, 0.363, 0.698, 1.404, 0.477, 0.469, 0.733, 0.73, 0.767, 0.078, 0.104] tick=226394 goal=0 here=0
1789578321.4 h=176.1 d0=0 d5=1 d9=10096 d6=174 d11=0.432 [0.12, 0.103, 0.084, 0.1, 0.119, 0.356, 0.37, 0.691, 1.392, 0.45, 0.468, 0.736, 0.733, 0.777, 0.082, 0.101] tick=226462 goal=0 here=0
1789578322.1 h=172.6 d0=0 d5=1 d9=10116 d6=195 d11=0.444 [0.112, 0.129, 0.086, 0.065, 0.114, 0.361, 0.358, 0.679, 1.399, 0.463, 0.451, 0.735, 0.74, 0.764, 0.085, 0.101] tick=226529 goal=0 here=0
1789578322.7 h=173.9 d0=0 d5=1 d9=10137 d6=216 d11=0.420 [0.109, 0.107, 0.09, 0.088, 0.102, 0.334, 0.353, 0.679, 1.409, 0.467, 0.472, 0.735, 0.73, 0.767, 0.089, 0.11] tick=226600 goal=0 here=0
1789578323.4 h=177.7 d0=0 d5=1 d9=10158 d6=237 d11=0.447 [0.119, 0.1, 0.099, 0.091, 0.105, 0.372, 0.36, 0.687, 1.392, 0.608, 0.481, 0.741, 0.729, 0.78, 0.106, 0.096] tick=226666 goal=0 here=0
1789578324.1 h=174.8 d0=0 d5=1 d9=10178 d6=257 d11=0.449 [0.094, 0.103, 0.075, 0.1, 0.113, 0.361, 0.358, 0.677, 1.387, 0.625, 0.455, 0.744, 0.729, 0.789, 0.108, 0.1] tick=226735 goal=0 here=0
1789578324.8 h=174.6 d0=0 d5=1 d9=10199 d6=279 d11=0.450 [0.1, 0.099, 0.098, 0.081, 0.113, 0.374, 0.367, 0.681, 1.406, 0.605, 0.487, 0.752, 0.732, 0.752, 0.105, 0.088] tick=226801 goal=0 here=0
1789578325.4 h=173.0 d0=0 d5=1 d9=10218 d6=301 d11=0.442 [0.117, 0.099, 0.081, 0.079, 0.118, 0.356, 0.357, 0.672, 1.388, 0.61, 0.461, 0.737, 0.737, 0.765, 0.103, 0.089] tick=226870 goal=0 here=0
1789578326.1 h=172.7 d0=0 d5=0 d9=10233 d6=298 d11=0.444 [0.123, 0.098, 0.086, 0.104, 0.318, 0.356, 0.348, 0.697, 1.407, 0.47, 0.487, 0.717, 0.732, 0.791, 0.077, 0.115] tick=226936 goal=0 here=0
1789578326.8 h=184.9 d0=0 d5=0 d9=10245 d6=282 d11=0.449 [0.103, 0.11, 0.1, 0.093, 0.304, 0.37, 0.401, 0.984, 1.477, 0.454, 0.648, 0.692, 0.731, 0.106, 0.108, 0.096] tick=227002 goal=0 here=0
1789578327.5 h=183.1 d0=0 d5=1 d9=10253 d6=291 d11=0.444 [0.115, 0.084, 0.093, 0.077, 0.326, 0.351, 0.399, 1.013, 1.474, 0.456, 0.67, 0.677, 0.723, 0.096, 0.084, 0.097] tick=227069 goal=0 here=0
1789578328.1 h=182.6 d0=0 d5=1 d9=10274 d6=312 d11=0.433 [0.094, 0.115, 0.078, 0.094, 0.321, 0.367, 0.428, 1.007, 1.476, 0.459, 0.656, 0.688, 0.723, 0.105, 0.096, 0.1] tick=227133 goal=0 here=0
1789578328.8 h=183.8 d0=0 d5=1 d9=10293 d6=331 d11=0.447 [0.13, 0.105, 0.092, 0.094, 0.318, 0.365, 0.4, 0.988, 1.455, 0.46, 0.654, 0.69, 0.723, 0.125, 0.087, 0.102] tick=227199 goal=0 here=0
1789578329.4 h=178.8 d0=0 d5=1 d9=10312 d6=354 d11=0.451 [0.107, 0.11, 0.086, 0.092, 0.323, 0.378, 0.409, -1.0, 1.49, 0.435, 0.66, 0.667, 0.716, 0.106, 0.092, 0.09] tick=227265 goal=0 here=0
1789578330.1 h=181.6 d0=0 d5=1 d9=10331 d6=375 d11=0.452 [0.107, 0.102, 0.088, 0.135, 0.299, 0.374, 0.386, 0.995, 1.483, 0.472, 0.651, 0.7, 0.721, 0.118, 0.096, 0.099] tick=227331 goal=0 here=0
1789578330.7 h=180.9 d0=0 d5=1 d9=10351 d6=395 d11=0.448 [0.117, 0.094, 0.092, 0.089, 0.323, 0.369, 0.389, 0.963, 1.476, 0.446, 0.664, 0.682, 0.706, 0.109, 0.086, 0.087] tick=227395 goal=0 here=0
1789578331.4 h=182.7 d0=0 d5=1 d9=10369 d6=413 d11=0.464 [0.102, 0.104, 0.074, 0.103, 0.318, 0.356, 0.389, 0.948, 1.476, 0.444, 0.671, 0.674, 0.738, 0.11, 0.092, 0.116] tick=227461 goal=0 here=0
1789578332.1 h=180.1 d0=0 d5=1 d9=10390 d6=436 d11=0.437 [0.105, 0.1, 0.094, 0.101, 0.312, 0.381, 0.384, 0.948, 1.47, 0.455, 0.64, 0.668, 0.717, 0.134, 0.103, 0.112] tick=227529 goal=0 here=0
1789578332.7 h=177.8 d0=0 d5=1 d9=10410 d6=458 d11=0.456 [0.123, 0.114, 0.096, 0.095, 0.29, -1.0, 0.398, 0.944, 1.466, 0.448, 0.653, 0.682, 0.735, 0.113, 0.09, 0.093] tick=227595 goal=0 here=0
1789578333.4 h=178.5 d0=0 d5=1 d9=10429 d6=477 d11=0.449 [0.105, 0.112, 0.09, 0.086, 0.298, 0.358, 0.395, 0.948, 1.462, 0.46, 0.637, 0.692, 0.717, 0.114, 0.082, 0.119] tick=227661 goal=0 here=0
1789578334.0 h=179.5 d0=0 d5=1 d9=10447 d6=498 d11=0.461 [0.107, 0.098, 0.103, 0.107, 0.305, 0.359, 0.375, 0.937, 1.47, 0.45, 0.637, 0.684, 0.698, 0.126, 0.09, 0.089] tick=227724 goal=0 here=0
1789578334.7 h=179.6 d0=0 d5=1 d9=10468 d6=518 d11=0.439 [0.113, 0.086, 0.087, 0.099, 0.318, 0.372, 0.406, 0.756, 1.478, 0.435, 0.613, 0.69, 0.738, 0.123, 0.093, 0.085] tick=227790 goal=0 here=0
1789578335.3 h=178.1 d0=0 d5=1 d9=10487 d6=540 d11=0.451 [0.119, 0.11, 0.092, 0.098, 0.303, 0.361, 0.394, 0.728, 1.454, 0.446, 0.594, 0.688, 0.737, 0.104, 0.098, 0.104] tick=227856 goal=0 here=0
1789578336.0 h=183.6 d0=0 d5=1 d9=10507 d6=559 d11=0.441 [0.106, 0.1, 0.083, 0.086, 0.308, 0.354, 0.381, 0.744, 1.457, 0.449, 0.574, 0.689, 0.715, 0.113, 0.099, 0.099] tick=227920 goal=0 here=0
1789578336.6 h=180.1 d0=0 d5=1 d9=10525 d6=581 d11=0.435 [0.099, 0.105, 0.102, 0.093, 0.317, 0.373, 0.373, 0.732, 1.471, 0.438, 0.509, 0.68, 0.726, 0.128, 0.082, 0.089] tick=227986 goal=0 here=0
1789578337.3 h=181.5 d0=0 d5=1 d9=10544 d6=599 d11=0.455 [0.104, 0.102, 0.088, 0.095, 0.309, 0.358, 0.375, 0.72, 1.449, 0.435, 0.485, 0.698, 0.734, 0.129, 0.1, 0.112] tick=228052 goal=0 here=0
1789578338.0 h=177.4 d0=0 d5=1 d9=10565 d6=622 d11=0.451 [0.113, 0.102, 0.084, 0.086, 0.311, 0.365, 0.38, 0.736, 1.453, 0.444, 0.497, 0.701, 0.73, 0.135, 0.09, 0.105] tick=228117 goal=0 here=0
1789578338.6 h=176.2 d0=0 d5=1 d9=10583 d6=642 d11=0.455 [0.107, 0.1, 0.104, 0.117, 0.304, 0.359, -1.0, 0.74, 1.454, 0.45, 0.499, 0.691, 0.72, 0.141, 0.081, 0.103] tick=228183 goal=0 here=0
1789578339.3 h=177.6 d0=0 d5=1 d9=10602 d6=661 d11=0.437 [0.121, 0.099, 0.076, 0.095, 0.319, 0.349, 0.374, 0.723, 1.454, 0.442, 0.488, 0.704, 0.739, 0.121, 0.084, 0.101] tick=228249 goal=0 here=0
1789578339.9 h=176.3 d0=0 d5=1 d9=10622 d6=683 d11=0.438 [0.105, 0.081, 0.097, 0.104, 0.312, 0.361, 0.381, 0.717, 1.433, 0.432, 0.479, 0.722, -1.0, 0.113, 0.101, 0.1] tick=228318 goal=0 here=0
1789578340.6 h=180.1 d0=0 d5=1 d9=10643 d6=706 d11=0.436 [0.101, 0.105, 0.094, 0.102, 0.298, 0.355, 0.366, 0.712, 1.45, 0.427, 0.49, 0.696, 0.733, 0.122, 0.078, 0.095] tick=228384 goal=0 here=0
1789578341.3 h=179.4 d0=0 d5=1 d9=10664 d6=727 d11=0.442 [0.108, 0.111, 0.081, 0.097, 0.305, 0.357, 0.38, 0.714, 1.447, 0.42, 0.5, 0.712, 0.732, 0.13, 0.089, 0.091] tick=228453 goal=0 here=0
1789578342.0 h=178.8 d0=0 d5=0 d9=10683 d6=744 d11=0.458 [0.109, 0.122, 0.091, 0.093, 0.32, 0.359, 0.386, 0.698, 1.429, 0.441, 0.468, 0.7, 0.717, 0.144, 0.079, 0.108] tick=228522 goal=0 here=0
1789578342.6 h=183.8 d0=0 d5=0 d9=10697 d6=730 d11=0.465 [0.103, 0.102, 0.078, 0.122, 0.313, 0.36, 0.393, 1.013, 1.454, 0.441, 0.656, 0.689, 0.724, 0.13, 0.094, 0.111] tick=228588 goal=0 here=0
1789578343.3 h=188.1 d0=0 d5=0 d9=10705 d6=722 d11=0.458 [0.099, 0.099, 0.092, 0.097, 0.33, 0.358, 0.496, 1.258, 1.449, 0.461, 0.69, 0.703, 0.723, 0.099, 0.095, 0.084] tick=228657 goal=0 here=0
1789578344.0 h=190.2 d0=0 d5=1 d9=10720 d6=740 d11=0.437 [0.116, 0.09, 0.1, 0.096, 0.304, 0.37, -1.0, 1.237, 1.441, 0.464, 0.671, 0.672, 0.716, 0.101, 0.089, 0.106] tick=228724 goal=0 here=0
1789578344.7 h=188.3 d0=0 d5=0 d9=10738 d6=744 d11=0.460 [0.124, 0.103, 0.098, 0.109, 0.326, 0.367, 0.512, 1.284, 1.456, 0.46, 0.689, 0.683, 0.703, 0.097, 0.1, 0.106] tick=228790 goal=0 here=0
1789578345.3 h=192.0 d0=0 d5=0 d9=10751 d6=730 d11=0.452 [0.101, 0.09, 0.084, 0.103, 0.345, 0.349, 0.549, 1.442, -1.0, 0.489, 0.701, 0.713, 0.697, 0.084, 0.082, 0.124] tick=228856 goal=0 here=0
1789578346.0 h=193.7 d0=0 d5=0 d9=10752 d6=728 d11=0.458 [0.106, 0.099, 0.099, 0.103, 0.333, 0.375, 0.634, 1.423, 0.639, 0.47, 0.781, 0.73, 0.734, 0.084, 0.098, 0.096] tick=228922 goal=0 here=0
1789578346.7 h=189.1 d0=0 d5=0 d9=10739 d6=741 d11=0.464 [0.107, 0.098, 0.093, 0.111, 0.335, 0.364, 0.526, 1.327, 1.441, 0.446, 0.688, 0.7, 0.712, 0.08, 0.077, 0.104] tick=228988 goal=0 here=0
1789578347.3 h=187.9 d0=0 d5=0 d9=10731 d6=750 d11=0.450 [0.118, 0.091, 0.092, 0.109, 0.317, 0.365, 0.479, 1.238, 1.434, 0.471, 0.674, 0.668, 0.704, 0.081, 0.089, 0.088] tick=229053 goal=0 here=0
1789578348.0 h=185.7 d0=0 d5=1 d9=10743 d6=765 d11=0.452 [0.119, -1.0, 0.084, 0.082, 0.326, 0.38, 0.478, 1.226, 1.449, 0.454, 0.689, 0.663, 0.715, 0.093, 0.091, 0.106] tick=229119 goal=0 here=0
1789578348.6 h=182.1 d0=0 d5=1 d9=10763 d6=786 d11=0.463 [0.121, 0.082, 0.082, 0.091, 0.334, 0.352, 0.487, 1.227, 1.424, 0.455, 0.675, 0.679, 0.717, 0.083, 0.111, 0.105] tick=229186 goal=0 here=0
1789578349.3 h=180.4 d0=0 d5=1 d9=10783 d6=808 d11=0.437 [0.106, 0.098, 0.084, 0.09, 0.32, 0.363, 0.462, 1.208, 1.444, 0.452, 0.671, 0.682, 0.719, 0.09, 0.084, 0.112] tick=229252 goal=0 here=0
1789578350.0 h=183.6 d0=0 d5=1 d9=10802 d6=828 d11=0.442 [0.125, 0.104, 0.064, 0.095, 0.312, 0.38, 0.455, 1.201, 1.459, 0.453, 0.674, 0.69, 0.717, 0.1, 0.083, 0.104] tick=229318 goal=0 here=0
1789578350.6 h=186.6 d0=0 d5=1 d9=10823 d6=849 d11=0.442 [0.109, 0.09, 0.106, 0.092, 0.326, 0.374, 0.458, 1.188, 1.459, 0.463, 0.69, -1.0, 0.71, 0.092, 0.077, 0.107] tick=229384 goal=0 here=0
1789578351.3 h=182.8 d0=0 d5=1 d9=10842 d6=870 d11=0.437 [0.114, 0.095, 0.113, 0.087, 0.326, 0.373, 0.459, 1.129, 1.436, 0.476, 0.678, 0.689, 0.74, 0.087, 0.096, 0.083] tick=229450 goal=0 here=0
1789578351.9 h=185.0 d0=0 d5=1 d9=10864 d6=891 d11=0.423 [0.12, 0.079, 0.11, 0.099, 0.312, 0.35, 0.438, 1.071, 1.435, 0.453, 0.678, 0.682, 0.714, 0.095, 0.092, 0.108] tick=229519 goal=0 here=0
1789578352.6 h=180.7 d0=0 d5=1 d9=10881 d6=911 d11=0.439 [0.11, 0.107, 0.1, 0.098, 0.314, 0.378, 0.448, 1.071, 1.454, 0.477, 0.684, 0.688, 0.719, 0.101, 0.084, 0.087] tick=229585 goal=0 here=0
1789578353.3 h=180.7 d0=0 d5=1 d9=10901 d6=933 d11=0.448 [0.117, 0.088, 0.083, 0.094, 0.317, 0.359, 0.451, 1.048, 1.453, 0.48, 0.675, 0.68, 0.714, 0.092, 0.095, 0.101] tick=229651 goal=0 here=0
1789578353.9 h=180.0 d0=0 d5=1 d9=10897 d6=948 d11=0.426 [0.11, 0.101, 0.105, 0.097, 0.307, 0.359, 0.397, 0.964, 1.479, 0.442, 0.664, 0.701, 0.714, 0.128, 0.122, 0.11] tick=229718 goal=0 here=0
1789578354.6 h=175.0 d0=0 d5=1 d9=10885 d6=962 d11=0.430 [0.095, 0.112, 0.093, 0.099, 0.129, 0.353, 0.349, 0.693, 1.396, 0.463, 0.468, 0.723, 0.718, 0.77, 0.085, 0.099] tick=229784 goal=0 here=0
1789578355.3 h=169.5 d0=0 d5=1 d9=10892 d6=971 d11=0.441 [0.094, 0.11, 0.076, 0.09, 0.122, 0.354, 0.37, 0.691, 1.415, 0.481, 0.472, 0.73, 0.74, 0.762, 0.113, 0.09] tick=229850 goal=0 here=0
1789578355.9 h=174.6 d0=0 d5=1 d9=10911 d6=991 d11=0.438 [0.102, 0.109, 0.102, 0.11, 0.119, 0.357, 0.375, 0.689, 1.38, 0.6, 0.481, 0.733, 0.737, 0.757, 0.093, 0.095] tick=229914 goal=0 here=0
1789578356.6 h=172.9 d0=0 d5=1 d9=10930 d6=1012 d11=0.438 [0.104, 0.124, 0.088, 0.092, 0.099, 0.358, 0.375, 0.69, 1.407, 0.613, 0.476, 0.752, 0.722, 0.76, 0.077, 0.095] tick=229980 goal=0 here=0
1789578357.2 h=177.5 d0=0 d5=1 d9=10951 d6=1032 d11=0.432 [0.098, 0.107, 0.087, 0.092, 0.113, 0.362, 0.361, 0.683, 1.4, 0.612, 0.47, 0.728, 0.735, 0.762, 0.085, 0.094] tick=230049 goal=0 here=0
1789578357.9 h=170.8 d0=0 d5=1 d9=10970 d6=1053 d11=0.446 [0.103, 0.11, 0.096, 0.083, 0.108, 0.358, 0.358, 0.697, 1.404, 0.621, 0.457, 0.756, 0.736, 0.758, 0.092, 0.095] tick=230116 goal=0 here=0
1789578358.6 h=172.6 d0=0 d5=1 d9=10990 d6=1076 d11=0.461 [0.112, 0.107, 0.098, 0.111, 0.103, 0.367, 0.34, 0.67, 1.387, 0.612, 0.473, 0.737, 0.731, 0.739, 0.087, 0.104] tick=230182 goal=0 here=0
1789578359.3 h=173.0 d0=0 d5=1 d9=11011 d6=1095 d11=0.439 [0.109, 0.109, 0.097, 0.082, 0.114, 0.349, 0.378, 0.674, 1.389, 0.611, 0.451, 0.758, 0.732, 0.758, 0.089, 0.094] tick=230250 goal=0 here=0
1789578359.9 h=167.7 d0=0 d5=1 d9=11005 d6=1112 d11=0.446 [0.101, 0.091, 0.083, 0.097, 0.118, 0.34, 0.365, 0.606, 1.439, 0.645, 0.454, 0.741, 0.723, 0.724, 0.099, 0.062] tick=230317 goal=0 here=0
1789578360.6 h=169.7 d0=0 d5=0 d9=10993 d6=1126 d11=0.439 [0.113, 0.118, 0.11, 0.107, 0.099, 0.345, 0.366, 0.53, 1.312, 1.432, 0.48, 0.681, 0.701, 0.715, 0.087, 0.098] tick=230385 goal=0 here=0
1789578361.3 h=167.3 d0=0 d5=0 d9=10999 d6=1117 d11=0.454 [0.102, 0.115, 0.099, 0.082, 0.1, 0.334, 0.361, 0.506, 1.342, 0.658, 0.459, 0.687, 0.715, 0.713, 0.081, 0.087] tick=230452 goal=0 here=0
1789578362.0 h=170.9 d0=0 d5=0 d9=11013 d6=1103 d11=0.450 [0.095, 0.124, 0.096, 0.093, 0.115, 0.35, 0.354, 0.643, 1.396, 0.617, 0.478, 0.769, 0.724, 0.697, 0.085, 0.101] tick=230518 goal=0 here=0
1789578362.6 h=171.4 d0=0 d5=1 d9=11020 d6=1106 d11=0.446 [0.107, 0.102, 0.096, 0.09, 0.11, 0.354, 0.374, 0.674, 1.382, 0.623, 0.457, 0.743, 0.72, 0.74, 0.081, 0.095] tick=230584 goal=0 here=0
1789578363.3 h=172.8 d0=0 d5=1 d9=11040 d6=1127 d11=0.449 [0.118, 0.098, 0.078, 0.091, 0.126, 0.354, 0.34, 0.688, 1.37, 0.621, 0.473, 0.765, 0.75, 0.756, 0.069, 0.094] tick=230651 goal=0 here=0
1789578363.9 h=171.1 d0=0 d5=1 d9=11057 d6=1146 d11=0.464 [0.108, 0.113, 0.091, 0.1, 0.112, 0.341, 0.364, 0.685, 1.392, 0.62, 0.473, 0.761, 0.732, 0.743, 0.088, 0.097] tick=230717 goal=0 here=0
1789578364.6 h=175.3 d0=0 d5=1 d9=11077 d6=1167 d11=0.453 [0.096, 0.098, 0.1, 0.102, 0.114, 0.358, 0.373, 0.667, 1.386, 0.629, 0.473, 0.765, 0.727, 0.727, 0.091, 0.102] tick=230783 goal=0 here=0
1789578365.3 h=174.3 d0=0 d5=1 d9=11098 d6=1188 d11=0.455 [0.111, 0.101, 0.078, 0.083, 0.115, 0.362, 0.341, 0.654, 1.406, 0.62, 0.451, 0.768, 0.736, 0.734, 0.078, 0.09] tick=230850 goal=0 here=0
1789578365.9 h=171.5 d0=0 d5=1 d9=11118 d6=1209 d11=0.458 [0.093, 0.108, 0.083, 0.093, 0.108, 0.364, 0.346, 0.662, 1.415, 0.609, 0.475, 0.766, 0.734, 0.721, 0.099, 0.083] tick=230914 goal=0 here=0
1789578366.6 h=177.1 d0=0 d5=1 d9=11135 d6=1228 d11=0.463 [0.092, 0.095, 0.102, 0.093, 0.109, 0.34, 0.348, 0.654, 1.386, 0.634, 0.47, 0.759, 0.742, 0.731, 0.089, 0.093] tick=230980 goal=0 here=0
1789578367.2 h=171.9 d0=0 d5=1 d9=11156 d6=1251 d11=0.471 [0.103, 0.102, 0.093, 0.1, 0.112, 0.352, 0.364, 0.649, 1.423, 0.627, 0.474, 0.765, 0.746, 0.735, 0.105, 0.118] tick=231046 goal=0 here=0
1789578367.9 h=173.7 d0=0 d5=1 d9=11174 d6=1272 d11=0.454 [0.094, 0.104, 0.107, 0.104, 0.082, 0.335, 0.353, 0.645, 1.41, 0.633, 0.47, 0.765, 0.73, 0.71, 0.107, 0.068] tick=231111 goal=0 here=0
1789578368.5 h=172.6 d0=0 d5=1 d9=11195 d6=1292 d11=0.445 [0.113, 0.107, 0.086, 0.104, 0.121, 0.351, 0.362, 0.648, 1.408, 0.623, 0.467, 0.783, 0.735, 0.717, 0.091, 0.101] tick=231177 goal=0 here=0
1789578369.2 h=170.2 d0=0 d5=1 d9=11214 d6=1313 d11=0.457 [0.102, 0.115, 0.088, 0.083, 0.099, 0.336, 0.348, 0.645, 1.432, 0.647, 0.475, 0.775, 0.727, 0.712, 0.075, 0.089] tick=231243 goal=0 here=0
1789578369.9 h=167.2 d0=0 d5=1 d9=11232 d6=1333 d11=0.442 [0.106, 0.109, 0.078, 0.086, 0.111, 0.336, 0.378, -1.0, 1.415, 0.635, 0.465, 0.767, 0.737, 0.708, 0.087, 0.087] tick=231307 goal=0 here=0
1789578370.5 h=167.2 d0=0 d5=1 d9=11251 d6=1355 d11=0.469 [0.099, 0.116, 0.091, 0.091, 0.112, 0.342, 0.36, 0.643, 1.436, 0.644, 0.474, 0.75, 0.727, 0.715, 0.088, 0.119] tick=231376 goal=0 here=0
1789578371.2 h=170.6 d0=0 d5=1 d9=11274 d6=1376 d11=0.452 [0.083, 0.121, 0.08, 0.069, 0.109, 0.343, 0.37, 0.629, 1.438, 0.635, 0.472, 0.732, 0.723, 0.708, 0.093, 0.085] tick=231444 goal=0 here=0
1789578371.9 h=166.8 d0=0 d5=1 d9=11293 d6=1395 d11=0.449 [0.09, 0.119, 0.109, 0.101, 0.12, 0.355, 0.366, 0.607, 1.446, 0.641, 0.466, 0.746, 0.727, 0.719, 0.089, 0.087] tick=231509 goal=0 here=0
1789578372.5 h=170.5 d0=0 d5=1 d9=11313 d6=1417 d11=0.463 [0.101, 0.11, 0.084, 0.081, 0.111, 0.342, 0.369, 0.618, 1.448, 0.639, 0.446, 0.722, 0.706, 0.716, -1.0, 0.094] tick=231575 goal=0 here=0
1789578373.2 h=171.5 d0=0 d5=1 d9=11332 d6=1436 d11=0.457 [0.106, 0.111, 0.097, 0.078, 0.115, 0.327, 0.371, 0.6, 1.452, 0.646, 0.482, 0.72, -1.0, 0.714, 0.085, 0.087] tick=231641 goal=0 here=0
1789578373.8 h=167.0 d0=0 d5=1 d9=11352 d6=1456 d11=0.452 [0.119, 0.132, 0.094, 0.089, 0.126, 0.332, 0.365, 0.59, 1.437, 0.625, 0.466, 0.729, 0.725, 0.709, 0.107, 0.105] tick=231705 goal=0 here=0
1789578374.5 h=170.5 d0=0 d5=1 d9=11369 d6=1478 d11=0.466 [0.107, 0.121, 0.102, 0.088, 0.1, 0.328, 0.359, 0.572, 1.433, 0.656, 0.464, 0.71, 0.734, 0.713, 0.098, 0.093] tick=231771 goal=0 here=0
1789578375.1 h=169.4 d0=0 d5=1 d9=11391 d6=1500 d11=0.452 [0.103, 0.109, 0.082, 0.098, 0.108, 0.329, 0.354, 0.567, 1.455, 0.647, 0.464, 0.74, 0.713, 0.72, 0.093, 0.103] tick=231840 goal=0 here=0
1789578375.8 h=170.2 d0=0 d5=1 d9=11410 d6=1520 d11=0.457 [0.104, 0.127, 0.095, 0.089, 0.094, 0.341, 0.354, 0.565, 1.446, 0.653, 0.459, 0.697, 0.73, 0.708, 0.103, 0.088] tick=231906 goal=0 here=0
1789578376.5 h=169.0 d0=0 d5=1 d9=11431 d6=1543 d11=0.456 [0.118, 0.112, 0.082, 0.091, 0.114, 0.333, 0.37, 0.541, 1.441, 0.658, 0.468, 0.713, 0.713, 0.725, 0.093, 0.103] tick=231975 goal=0 here=0
1789578377.2 h=169.2 d0=0 d5=1 d9=11452 d6=1564 d11=0.451 [0.097, 0.103, 0.101, 0.087, 0.091, 0.333, 0.362, 0.555, 1.443, 0.664, 0.471, 0.709, 0.718, 0.698, 0.093, 0.088] tick=232044 goal=0 here=0
1789578377.9 h=168.7 d0=0 d5=1 d9=11470 d6=1584 d11=0.440 [0.131, 0.119, 0.103, 0.077, 0.105, 0.319, 0.362, 0.525, 1.449, 0.652, 0.467, 0.687, 0.718, 0.705, 0.095, 0.098] tick=232110 goal=0 here=0
1789578378.5 h=168.1 d0=0 d5=1 d9=11492 d6=1608 d11=0.458 [0.091, 0.122, 0.083, 0.102, 0.097, 0.327, 0.355, 0.543, 1.455, 0.644, 0.463, 0.697, 0.711, -1.0, 0.095, 0.088] tick=232187 goal=0 here=0
1789578379.3 h=166.5 d0=0 d5=1 d9=11514 d6=1630 d11=0.445 [0.105, 0.107, 0.113, 0.098, 0.099, 0.345, 0.365, 0.536, 1.396, 0.657, 0.461, 0.688, 0.715, 0.71, 0.088, 0.084] tick=232253 goal=0 here=0
1789578380.0 h=167.5 d0=0 d5=1 d9=11532 d6=1649 d11=0.447 [0.103, 0.112, 0.096, 0.096, 0.102, 0.359, 0.357, 0.538, 1.363, 0.647, 0.456, 0.693, 0.702, 0.698, 0.084, 0.083] tick=232319 goal=0 here=0
1789578380.6 h=169.0 d0=0 d5=1 d9=11553 d6=1672 d11=0.453 [0.079, 0.124, 0.091, 0.1, 0.108, 0.336, 0.369, 0.514, 1.36, 0.634, 0.462, 0.713, 0.72, 0.698, 0.098, 0.087] tick=232390 goal=0 here=0
1789578381.3 h=168.4 d0=0 d5=1 d9=11572 d6=1695 d11=0.451 [0.098, 0.109, 0.106, 0.095, 0.116, 0.326, 0.356, 0.519, 1.336, 0.668, 0.458, 0.692, 0.689, 0.709, 0.096, 0.09] tick=232457 goal=0 here=0
1789578382.0 h=171.2 d0=0 d5=1 d9=11592 d6=1714 d11=0.454 [0.098, 0.114, 0.098, 0.098, 0.107, 0.334, 0.365, 0.526, 1.338, 0.675, 0.476, 0.694, 0.708, 0.704, 0.107, 0.076] tick=232521 goal=0 here=0
1789578382.6 h=167.1 d0=0 d5=1 d9=11612 d6=1733 d11=0.454 [0.108, 0.125, 0.085, 0.086, 0.094, 0.327, 0.388, 0.525, 1.337, 1.453, 0.461, 0.694, 0.701, 0.699, 0.083, 0.072] tick=232585 goal=0 here=0
1789578383.3 h=166.7 d0=0 d5=0 d9=11629 d6=1747 d11=0.477 [0.124, 0.121, 0.088, 0.079, 0.121, 0.325, 0.364, 0.525, 1.352, 0.678, 0.46, 0.694, 0.721, 0.699, 0.093, 0.065] tick=232651 goal=0 here=0
1789578383.9 h=166.7 d0=0 d5=0 d9=11643 d6=1734 d11=0.439 [0.111, 0.107, 0.115, 0.087, 0.109, 0.343, 0.375, 0.65, 1.431, 0.612, -1.0, 0.772, 0.746, 0.704, 0.086, 0.092] tick=232717 goal=0 here=0
1789578384.6 h=175.0 d0=0 d5=0 d9=11650 d6=1726 d11=0.454 [0.11, 0.11, 0.1, 0.094, 0.112, 0.354, 0.357, 0.672, 1.394, 0.485, 0.448, 0.721, 0.743, 0.779, 0.083, 0.096] tick=232781 goal=0 here=0
1789578385.2 h=170.4 d0=0 d5=1 d9=11664 d6=1743 d11=0.454 [0.109, 0.107, 0.085, 0.101, 0.109, 0.34, 0.36, 0.679, 1.405, 0.604, 0.469, 0.732, 0.75, 0.775, 0.114, 0.08] tick=232848 goal=0 here=0
1789578385.9 h=174.8 d0=0 d5=1 d9=11684 d6=1764 d11=0.447 [0.093, -1.0, 0.076, 0.104, 0.12, 0.358, 0.374, 0.686, 1.402, 0.596, 0.443, 0.746, 0.736, 0.76, 0.077, 0.081] tick=232914 goal=0 here=0
1789578386.6 h=176.1 d0=0 d5=1 d9=11704 d6=1787 d11=0.453 [0.107, 0.094, 0.095, 0.095, 0.118, 0.365, 0.344, 0.676, 1.392, 0.588, 0.459, 0.734, 0.75, 0.756, 0.093, 0.091] tick=232985 goal=0 here=0
1789578387.3 h=171.0 d0=0 d5=1 d9=11726 d6=1809 d11=0.454 [-1.0, 0.097, 0.082, 0.094, 0.1, 0.363, 0.37, 0.669, 1.401, 0.608, 0.475, 0.732, 0.736, 0.761, 0.087, 0.084] tick=233054 goal=0 here=0
1789578387.9 h=175.1 d0=0 d5=1 d9=11745 d6=1830 d11=0.454 [-1.0, 0.106, 0.089, 0.094, 0.117, 0.361, 0.369, 0.667, 1.389, 0.61, 0.466, 0.735, 0.724, 0.753, 0.083, 0.1] tick=233118 goal=0 here=0
1789578388.6 h=172.9 d0=0 d5=1 d9=11765 d6=1851 d11=0.465 [0.108, 0.114, 0.087, 0.099, 0.114, 0.364, 0.367, 0.677, 1.39, 0.622, 0.465, 0.748, 0.722, 0.758, 0.099, 0.098] tick=233187 goal=0 here=0
1789578389.3 h=169.8 d0=0 d5=1 d9=11785 d6=1872 d11=0.468 [0.109, 0.118, 0.093, 0.086, 0.099, 0.36, 0.372, 0.673, 1.395, 0.633, 0.472, 0.745, 0.738, 0.761, 0.074, 0.092] tick=233253 goal=0 here=0
1789578390.0 h=172.9 d0=0 d5=1 d9=11802 d6=1893 d11=0.451 [0.097, 0.107, 0.097, 0.093, 0.112, 0.339, 0.369, 0.685, 1.405, 0.607, 0.468, 0.743, 0.756, 0.743, 0.09, 0.081] tick=233321 goal=0 here=0
1789578390.6 h=176.9 d0=0 d5=0 d9=11820 d6=1885 d11=0.442 [0.096, 0.096, 0.082, 0.106, 0.313, 0.342, 0.356, 0.69, 1.416, 0.461, 0.484, 0.718, 0.735, 0.794, 0.073, 0.102] tick=233387 goal=0 here=0
1789578391.3 h=180.5 d0=0 d5=0 d9=11832 d6=1873 d11=0.450 [0.112, 0.095, 0.095, 0.103, 0.301, 0.357, 0.387, 0.986, 1.458, 0.439, 0.667, 0.67, 0.722, 0.102, 0.089, 0.095] tick=233453 goal=0 here=0
1789578392.0 h=185.2 d0=0 d5=1 d9=11840 d6=1882 d11=0.451 [0.106, 0.098, 0.082, 0.095, 0.291, 0.347, 0.41, 0.981, 1.465, 0.457, 0.656, 0.674, 0.728, 0.103, 0.097, 0.088] tick=233519 goal=0 here=0
1789578392.6 h=180.6 d0=0 d5=1 d9=11861 d6=1903 d11=0.435 [0.101, 0.087, 0.082, 0.086, 0.318, 0.375, 0.412, 0.971, 1.464, 0.445, 0.659, 0.673, 0.731, 0.125, 0.1, 0.109] tick=233588 goal=0 here=0
1789578393.3 h=182.3 d0=0 d5=1 d9=11881 d6=1925 d11=0.442 [0.118, 0.087, 0.109, 0.096, 0.303, 0.359, 0.4, 0.987, 1.446, 0.444, 0.657, 0.693, 0.715, 0.129, 0.106, 0.116] tick=233654 goal=0 here=0
1789578394.0 h=181.0 d0=0 d5=1 d9=11900 d6=1943 d11=0.454 [0.115, 0.106, 0.092, 0.091, 0.309, 0.362, 0.388, 0.961, 1.476, 0.427, 0.653, 0.692, 0.71, 0.127, 0.093, 0.076] tick=233720 goal=0 here=0
1789578394.6 h=183.7 d0=0 d5=1 d9=11919 d6=1966 d11=0.435 [0.1, 0.103, 0.086, 0.08, 0.327, 0.345, 0.388, 0.942, 1.468, 0.46, 0.648, 0.677, 0.724, 0.127, 0.094, 0.119] tick=233789 goal=0 here=0
1789578395.3 h=177.5 d0=0 d5=1 d9=11939 d6=1989 d11=0.434 [0.102, 0.113, 0.095, 0.092, 0.328, 0.355, 0.41, 0.933, 1.478, 0.453, 0.634, 0.688, 0.717, 0.108, 0.09, 0.1] tick=233862 goal=0 here=0
1789578396.0 h=181.9 d0=0 d5=1 d9=11959 d6=2008 d11=0.451 [0.105, 0.096, 0.083, 0.098, 0.317, 0.369, 0.387, 0.94, 1.461, 0.458, 0.648, 0.677, 0.722, 0.099, 0.071, 0.113] tick=233926 goal=0 here=0
1789578396.7 h=180.4 d0=0 d5=1 d9=11981 d6=2029 d11=0.450 [0.116, 0.109, 0.08, 0.093, 0.317, 0.378, 0.396, 0.739, 1.466, 0.425, 0.635, 0.69, 0.725, 0.13, 0.1, 0.099] tick=233992 goal=0 here=0
1789578397.4 h=179.4 d0=0 d5=0 d9=11997 d6=2037 d11=0.459 [0.097, -1.0, 0.099, 0.099, 0.313, 0.375, 0.409, 0.967, 1.475, 0.449, 0.647, 0.695, 0.717, 0.112, 0.103, 0.094] tick=234061 goal=0 here=0
1789578398.0 h=186.6 d0=0 d5=0 d9=12012 d6=2023 d11=0.443 [0.108, 0.084, 0.095, 0.121, 0.305, 0.347, 0.488, 1.255, 1.432, 0.451, 0.687, 0.697, 0.717, 0.083, 0.095, 0.102] tick=234127 goal=0 here=0
1789578398.7 h=190.1 d0=0 d5=1 d9=12016 d6=2022 d11=0.464 [0.118, -1.0, 0.073, 0.101, 0.328, 0.357, 0.512, 1.296, 1.433, 0.447, 0.684, 0.712, 0.712, 0.086, 0.101, 0.098] tick=234193 goal=0 here=0
1789578399.4 h=190.0 d0=0 d5=1 d9=12036 d6=2043 d11=0.454 [0.112, 0.11, 0.096, 0.094, 0.33, 0.37, 0.502, 1.311, 1.448, 0.468, 0.677, 0.704, 0.712, 0.089, 0.101, 0.082] tick=234259 goal=0 here=0
1789578400.0 h=190.4 d0=0 d5=1 d9=12057 d6=2064 d11=0.446 [0.119, 0.094, 0.087, 0.109, 0.327, 0.372, 0.483, 1.298, 1.451, 0.468, 0.661, 0.686, 0.697, 0.09, 0.087, 0.138] tick=234326 goal=0 here=0
1789578400.7 h=189.0 d0=0 d5=1 d9=12074 d6=2083 d11=0.441 [0.087, 0.095, 0.09, 0.115, 0.321, 0.355, 0.511, 1.291, 1.419, 0.477, 0.68, 0.713, 0.721, 0.091, 0.089, 0.086] tick=234392 goal=0 here=0
1789578401.4 h=185.4 d0=0 d5=1 d9=12095 d6=2105 d11=0.463 [0.101, 0.094, 0.095, 0.116, 0.314, 0.358, 0.519, 1.272, 1.441, 0.447, 0.695, 0.703, 0.731, 0.078, 0.089, 0.106] tick=234458 goal=0 here=0
1789578402.0 h=185.4 d0=0 d5=1 d9=12117 d6=2126 d11=0.453 [0.121, 0.09, 0.085, 0.109, 0.339, 0.353, 0.498, 1.299, 1.445, 0.47, 0.687, 0.713, 0.717, 0.107, 0.088, 0.086] tick=234532 goal=0 here=0
1789578402.8 h=184.2 d0=0 d5=1 d9=12136 d6=2148 d11=0.445 [0.106, 0.101, 0.084, 0.103, 0.322, 0.367, 0.503, 1.285, 1.444, 0.48, 0.675, 0.696, 0.723, 0.083, 0.088, 0.097] tick=234598 goal=0 here=0
1789578403.4 h=186.6 d0=0 d5=1 d9=12156 d6=2169 d11=0.459 [0.113, 0.096, 0.105, 0.088, 0.334, 0.346, 0.483, 1.286, 1.438, 0.467, 0.685, 0.678, 0.724, 0.094, -1.0, 0.103] tick=234660 goal=0 here=0
1789578404.0 h=183.2 d0=0 d5=1 d9=12175 d6=2188 d11=0.451 [0.112, 0.103, 0.087, 0.116, 0.328, 0.361, 0.495, 1.258, 1.419, 0.474, 0.688, 0.689, 0.711, 0.091, 0.105, 0.091] tick=234726 goal=0 here=0
1789578404.7 h=184.1 d0=0 d5=1 d9=12193 d6=2208 d11=0.453 [0.122, 0.086, 0.091, 0.081, 0.331, 0.364, 0.483, 1.275, 1.442, 0.463, 0.671, 0.677, 0.713, 0.108, 0.085, 0.098] tick=234793 goal=0 here=0
1789578405.4 h=183.8 d0=0 d5=1 d9=12214 d6=2230 d11=0.460 [0.118, 0.084, 0.09, 0.096, 0.315, 0.359, 0.483, 1.248, 1.458, 0.454, 0.684, 0.671, 0.682, 0.095, 0.081, 0.116] tick=234859 goal=0 here=0
1789578406.0 h=186.5 d0=0 d5=1 d9=12233 d6=2252 d11=0.437 [0.117, 0.109, 0.097, 0.1, 0.311, 0.356, 0.481, 1.256, 1.451, 0.449, 0.691, 0.689, 0.723, 0.081, 0.083, -1.0] tick=234928 goal=0 here=0
1789578406.7 h=187.1 d0=0 d5=1 d9=12254 d6=2273 d11=0.445 [0.126, 0.1, 0.095, 0.11, 0.329, 0.346, 0.469, 1.258, 1.434, 0.447, 0.678, 0.692, 0.722, 0.086, 0.104, 0.103] tick=234997 goal=0 here=0
1789578407.4 h=185.4 d0=0 d5=1 d9=12274 d6=2294 d11=0.455 [0.121, 0.1, 0.08, 0.091, 0.334, 0.355, 0.481, 1.243, 1.44, 0.454, 0.68, 0.675, 0.707, 0.098, 0.097, 0.111] tick=235063 goal=0 here=0
1789578408.1 h=187.7 d0=0 d5=1 d9=12293 d6=2316 d11=0.458 [0.112, 0.111, 0.093, 0.088, 0.32, 0.372, 0.46, 1.211, 1.446, 0.471, 0.677, 0.677, 0.711, 0.101, 0.098, 0.109] tick=235129 goal=0 here=0
1789578408.7 h=183.9 d0=0 d5=1 d9=12311 d6=2336 d11=0.446 [0.105, 0.107, 0.089, 0.11, 0.298, 0.352, 0.467, 1.204, 1.441, 0.468, 0.694, 0.689, 0.727, 0.094, 0.076, 0.11] tick=235193 goal=0 here=0
1789578409.4 h=183.1 d0=0 d5=1 d9=12332 d6=2356 d11=0.441 [0.131, 0.079, 0.092, 0.099, 0.327, 0.372, 0.46, 1.199, 1.445, 0.457, 0.676, 0.685, 0.689, 0.103, 0.086, 0.104] tick=235255 goal=0 here=0
1789578410.0 h=186.1 d0=0 d5=1 d9=12352 d6=2378 d11=0.466 [0.096, 0.098, 0.085, 0.095, 0.314, 0.367, 0.452, 1.191, 1.457, 0.463, 0.668, 0.698, 0.713, 0.088, 0.094, 0.101] tick=235324 goal=0 here=0
1789578410.7 h=183.2 d0=0 d5=1 d9=12370 d6=2397 d11=0.462 [0.12, 0.078, 0.083, 0.11, 0.339, 0.378, 0.454, 1.088, 1.455, 0.461, 0.674, 0.67, 0.725, 0.107, 0.084, 0.093] tick=235392 goal=0 here=0
1789578411.4 h=184.3 d0=0 d5=0 d9=12392 d6=2417 d11=0.466 [0.099, 0.107, 0.076, 0.094, 0.332, 0.372, 0.449, 1.062, 1.436, 0.474, 0.68, 0.678, 0.702, 0.112, 0.084, 0.11] tick=235464 goal=0 here=0
1789578412.1 h=191.5 d0=0 d5=0 d9=12405 d6=2402 d11=0.447 [0.117, 0.086, 0.092, 0.099, 0.331, 0.357, 0.502, 1.318, 1.435, 0.469, 0.7, 0.695, 0.712, 0.102, 0.099, 0.11] tick=235530 goal=0 here=0
1789578412.7 h=193.6 d0=0 d5=0 d9=12413 d6=2395 d11=0.462 [0.113, 0.095, 0.103, 0.106, 0.34, 0.364, 0.581, 1.439, 0.642, 0.462, 0.722, 0.716, 0.687, 0.089, 0.12, 0.105] tick=235594 goal=0 here=0
1789578413.4 h=192.7 d0=0 d5=0 d9=12405 d6=2404 d11=0.442 [0.118, 0.092, 0.092, 0.109, 0.324, 0.376, 0.527, 1.373, 0.651, 0.45, 0.701, 0.687, 0.694, 0.102, 0.098, 0.099] tick=235660 goal=0 here=0
1789578414.0 h=185.9 d0=0 d5=0 d9=12391 d6=2417 d11=0.454 [0.106, 0.1, 0.101, 0.102, 0.329, 0.36, 0.473, 1.221, 1.426, 0.457, 0.676, 0.676, 0.705, 0.085, 0.079, 0.096] tick=235726 goal=0 here=0
1789578414.7 h=181.2 d0=0 d5=1 d9=12397 d6=2427 d11=0.460 [0.107, 0.075, 0.089, 0.081, 0.319, 0.366, 0.461, 1.061, 1.467, 0.445, 0.674, 0.682, 0.713, 0.103, 0.084, 0.095] tick=235793 goal=0 here=0
1789578415.4 h=184.1 d0=0 d5=1 d9=12418 d6=2448 d11=0.428 [0.127, 0.112, 0.082, 0.107, 0.31, 0.36, 0.425, 1.063, 1.469, 0.449, 0.671, 0.675, 0.711, 0.099, 0.077, 0.096] tick=235859 goal=0 here=0
1789578416.0 h=178.6 d0=0 d5=1 d9=12436 d6=2468 d11=0.448 [0.142, 0.075, 0.078, 0.093, 0.306, 0.371, 0.45, 1.039, 1.455, 0.479, 0.676, 0.67, 0.713, 0.09, 0.092, 0.1] tick=235925 goal=0 here=0
1789578416.7 h=181.1 d0=0 d5=1 d9=12455 d6=2488 d11=0.456 [0.106, 0.116, 0.067, 0.093, 0.319, 0.373, 0.425, 1.019, 1.452, 0.484, 0.658, 0.679, 0.722, 0.102, 0.079, 0.101] tick=235991 goal=0 here=0
1789578417.3 h=179.8 d0=0 d5=1 d9=12475 d6=2509 d11=0.454 [0.091, 0.1, 0.086, 0.101, 0.327, 0.375, 0.444, 1.036, 1.473, 0.445, 0.672, 0.681, 0.706, 0.103, 0.086, 0.105] tick=236058 goal=0 here=0
1789578418.0 h=184.8 d0=0 d5=1 d9=12497 d6=2531 d11=0.446 [0.119, 0.09, 0.075, 0.093, 0.326, 0.358, 0.409, 1.006, 1.47, 0.463, 0.678, 0.671, 0.705, 0.12, 0.088, 0.096] tick=236124 goal=0 here=0
1789578418.7 h=186.1 d0=0 d5=1 d9=12516 d6=2550 d11=0.445 [0.102, 0.091, 0.077, 0.107, 0.327, 0.363, 0.404, 1.013, 1.475, 0.458, 0.668, 0.668, 0.711, 0.104, 0.082, 0.112] tick=236188 goal=0 here=0
1789578419.3 h=181.8 d0=0 d5=1 d9=12536 d6=2572 d11=0.436 [0.113, 0.088, 0.077, 0.09, -1.0, 0.368, 0.417, 0.993, 1.472, 0.445, 0.676, 0.669, 0.733, 0.096, 0.095, 0.11] tick=236257 goal=0 here=0
1789578420.0 h=182.7 d0=0 d5=1 d9=12555 d6=2592 d11=0.443 [0.109, 0.081, 0.094, 0.091, 0.31, 0.354, 0.406, 0.995, 1.455, 0.447, 0.665, 0.679, 0.713, 0.101, 0.089, 0.09] tick=236323 goal=0 here=0
1789578420.7 h=184.4 d0=0 d5=1 d9=12572 d6=2612 d11=0.458 [0.108, 0.107, 0.076, 0.102, 0.319, 0.355, 0.406, 0.988, 1.462, 0.47, 0.673, 0.677, 0.721, 0.121, 0.095, 0.078] tick=236387 goal=0 here=0
1789578421.3 h=178.5 d0=0 d5=1 d9=12592 d6=2634 d11=0.444 [0.112, 0.096, 0.077, 0.101, 0.321, 0.361, 0.408, 1.003, 1.468, 0.455, 0.65, 0.697, 0.712, 0.117, 0.076, 0.097] tick=236453 goal=0 here=0
1789578422.0 h=181.9 d0=0 d5=1 d9=12612 d6=2656 d11=0.442 [0.116, 0.106, 0.076, 0.083, 0.324, 0.369, 0.399, 0.995, 1.49, -1.0, 0.64, 0.699, 0.727, 0.102, 0.073, 0.087] tick=236520 goal=0 here=0
1789578422.6 h=182.8 d0=0 d5=1 d9=12631 d6=2675 d11=0.458 [0.11, 0.102, -1.0, 0.106, 0.302, 0.361, 0.405, 0.977, 1.481, 0.439, 0.632, 0.676, 0.709, 0.126, 0.097, 0.114] tick=236584 goal=0 here=0
1789578423.3 h=179.7 d0=0 d5=1 d9=12651 d6=2695 d11=0.444 [0.109, 0.129, 0.087, 0.107, 0.309, 0.353, 0.409, 0.985, 1.477, 0.454, 0.655, 0.652, 0.717, 0.135, 0.081, 0.105] tick=236650 goal=0 here=0
1789578423.9 h=183.8 d0=0 d5=1 d9=12670 d6=2718 d11=0.440 [0.137, 0.104, 0.096, 0.101, 0.314, 0.372, 0.391, 0.963, 1.473, 0.445, 0.648, 0.696, 0.754, 0.122, 0.084, 0.108] tick=236716 goal=0 here=0
1789578424.6 h=181.1 d0=0 d5=1 d9=12691 d6=2738 d11=0.445 [0.104, 0.102, 0.098, 0.1, 0.302, 0.378, 0.391, 0.972, 1.475, 0.467, 0.637, 0.683, 0.737, 0.118, 0.108, 0.093] tick=236785 goal=0 here=0
1789578425.3 h=179.0 d0=0 d5=1 d9=12710 d6=2759 d11=0.448 [0.125, 0.105, 0.092, 0.085, 0.302, 0.352, 0.373, 0.957, 1.463, 0.467, 0.644, 0.688, 0.728, 0.132, 0.09, 0.081] tick=236852 goal=0 here=0
1789578425.9 h=178.6 d0=0 d5=1 d9=12730 d6=2780 d11=0.446 [0.107, 0.109, 0.086, 0.088, 0.315, 0.38, 0.394, 0.931, 1.461, 0.451, 0.644, 0.679, 0.731, -1.0, 0.09, 0.109] tick=236918 goal=0 here=0
1789578426.6 h=177.2 d0=0 d5=1 d9=12749 d6=2799 d11=0.451 [0.123, 0.082, 0.104, 0.1, 0.31, 0.383, 0.388, 0.738, 1.488, 0.434, 0.612, 0.694, 0.738, 0.132, 0.099, 0.116] tick=236982 goal=0 here=0
1789578427.3 h=177.6 d0=0 d5=1 d9=12770 d6=2822 d11=0.440 [0.109, 0.076, 0.104, 0.103, 0.313, 0.374, 0.395, 0.736, 1.47, 0.454, 0.61, 0.706, 0.726, 0.142, 0.098, 0.084] tick=237048 goal=0 here=0
1789578427.9 h=176.6 d0=0 d5=0 d9=12777 d6=2838 d11=0.464 [0.1, 0.104, 0.117, 0.114, 0.314, 0.363, 0.382, 0.719, 1.445, 0.434, 0.49, 0.687, 0.727, 0.127, 0.086, 0.081] tick=237114 goal=0 here=0
1789578428.6 h=173.0 d0=0 d5=0 d9=12763 d6=2853 d11=0.456 [0.102, 0.119, -1.0, 0.096, 0.11, 0.362, 0.363, 0.671, 1.406, 0.613, 0.462, 0.746, 0.722, 0.754, 0.091, 0.095] tick=237180 goal=0 here=0
1789578429.2 h=171.2 d0=0 d5=0 d9=12760 d6=2858 d11=0.459 [0.101, 0.113, 0.091, 0.102, 0.101, 0.344, 0.379, 0.634, 1.424, 0.626, 0.463, 0.743, 0.732, 0.699, 0.1, 0.084] tick=237247 goal=0 here=0
1789578429.9 h=171.1 d0=0 d5=1 d9=12778 d6=2879 d11=0.451 [-1.0, 0.112, 0.105, 0.089, 0.115, 0.339, 0.359, 0.638, 1.426, 0.625, 0.449, 0.751, 0.721, 0.693, 0.089, -1.0] tick=237313 goal=0 here=0
1789578430.6 h=167.1 d0=0 d5=1 d9=12798 d6=2900 d11=0.441 [0.111, 0.108, 0.089, 0.118, 0.124, 0.353, 0.364, 0.623, 1.403, 0.635, 0.457, 0.726, 0.73, 0.724, 0.102, 0.099] tick=237380 goal=0 here=0
1789578431.2 h=165.1 d0=0 d5=1 d9=12819 d6=2922 d11=0.459 [0.113, 0.12, 0.098, 0.093, 0.115, 0.346, 0.373, 0.593, 1.438, 0.638, 0.461, 0.737, 0.726, 0.708, 0.081, 0.085] tick=237446 goal=0 here=0
1789578431.9 h=172.0 d0=0 d5=1 d9=12837 d6=2942 d11=0.443 [0.094, 0.102, 0.074, 0.086, 0.096, 0.323, 0.36, 0.598, 1.445, 0.632, 0.46, 0.709, 0.714, 0.736, 0.106, 0.091] tick=237512 goal=0 here=0
1789578432.6 h=168.3 d0=0 d5=1 d9=12857 d6=2965 d11=0.458 [0.098, 0.117, 0.091, 0.087, 0.116, 0.352, 0.369, 0.572, 1.447, 0.629, 0.462, 0.703, 0.723, 0.695, 0.075, 0.095] tick=237579 goal=0 here=0
1789578433.2 h=168.0 d0=0 d5=1 d9=12878 d6=2984 d11=0.457 [0.092, 0.131, 0.1, 0.086, 0.094, 0.334, 0.368, 0.563, 1.44, 0.645, 0.466, 0.729, 0.727, 0.713, 0.087, 0.102] tick=237645 goal=0 here=0
1789578433.9 h=167.1 d0=0 d5=1 d9=12898 d6=3004 d11=0.446 [0.101, 0.115, 0.084, 0.102, 0.096, 0.353, 0.367, 0.569, 1.448, 0.653, 0.472, 0.702, 0.73, 0.721, 0.083, 0.098] tick=237711 goal=0 here=0
1789578434.6 h=166.0 d0=0 d5=1 d9=12917 d6=3028 d11=0.444 [0.101, 0.127, 0.092, 0.092, 0.129, 0.33, 0.368, 0.559, 1.434, 0.65, 0.477, 0.704, 0.712, 0.707, 0.096, 0.094] tick=237784 goal=0 here=0
1789578435.3 h=172.6 d0=0 d5=1 d9=12938 d6=3049 d11=0.456 [0.104, 0.103, 0.103, 0.077, 0.091, 0.347, 0.349, 0.557, 1.448, 0.658, 0.456, 0.732, 0.717, 0.705, 0.09, 0.081] tick=237850 goal=0 here=0
1789578435.9 h=165.9 d0=0 d5=1 d9=12958 d6=3071 d11=0.452 [0.112, 0.128, 0.098, 0.107, 0.113, 0.338, 0.347, 0.529, 1.454, 0.648, 0.454, 0.7, 0.7, 0.702, 0.1, 0.077] tick=237919 goal=0 here=0
1789578436.6 h=170.0 d0=0 d5=1 d9=12979 d6=3092 d11=0.450 [0.096, 0.116, 0.088, 0.101, 0.127, 0.333, 0.345, 0.527, 1.474, 0.657, 0.487, 0.716, 0.698, 0.692, 0.091, 0.074] tick=237985 goal=0 here=0
1789578437.3 h=167.4 d0=0 d5=1 d9=12996 d6=3111 d11=0.443 [0.098, 0.106, 0.101, 0.093, 0.125, 0.338, 0.371, 0.534, 1.456, 0.661, 0.46, 0.703, 0.705, 0.708, 0.09, 0.098] tick=238051 goal=0 here=0
1789578437.9 h=169.6 d0=0 d5=1 d9=13016 d6=3132 d11=0.452 [0.114, 0.116, 0.088, 0.1, -1.0, 0.345, 0.35, 0.537, 1.401, 0.668, 0.462, 0.689, 0.716, 0.707, 0.088, 0.09] tick=238118 goal=0 here=0
1789578438.6 h=165.5 d0=0 d5=1 d9=13037 d6=3154 d11=0.438 [0.098, 0.098, 0.095, 0.097, 0.105, 0.335, 0.381, 0.502, 1.37, 0.658, 0.467, 0.713, 0.72, 0.705, 0.093, 0.11] tick=238186 goal=0 here=0
1789578439.3 h=167.4 d0=0 d5=1 d9=13058 d6=3175 d11=0.460 [0.088, 0.097, 0.094, 0.075, 0.09, 0.318, 0.366, 0.529, 1.356, 0.655, 0.454, 0.695, 0.724, 0.717, 0.107, 0.089] tick=238255 goal=0 here=0
1789578440.0 h=168.9 d0=0 d5=1 d9=13077 d6=3196 d11=0.459 [0.096, 0.107, 0.086, 0.087, 0.114, 0.326, 0.352, 0.535, 1.351, 0.67, 0.461, 0.687, 0.687, 0.737, 0.095, 0.089] tick=238317 goal=0 here=0
1789578440.6 h=169.6 d0=0 d5=1 d9=13096 d6=3217 d11=0.450 [0.102, 0.104, 0.091, 0.099, 0.106, 0.323, 0.368, 0.532, 1.336, 0.661, 0.458, 0.688, 0.705, 0.719, 0.093, 0.073] tick=238383 goal=0 here=0
1789578441.3 h=165.0 d0=0 d5=1 d9=13116 d6=3237 d11=0.462 [0.111, 0.118, 0.079, 0.086, 0.113, 0.352, 0.358, 0.526, 1.344, 1.444, 0.46, 0.689, 0.692, 0.705, 0.094, 0.084] tick=238449 goal=0 here=0
1789578441.9 h=165.3 d0=0 d5=1 d9=13134 d6=3259 d11=0.444 [0.1, 0.127, 0.096, 0.094, 0.11, 0.328, 0.349, 0.512, 1.328, 1.438, 0.465, 0.684, 0.715, 0.7, 0.08, 0.099] tick=238513 goal=0 here=0
1789578442.6 h=161.8 d0=0 d5=1 d9=13155 d6=3279 d11=0.454 [0.094, 0.112, 0.106, 0.081, 0.113, 0.321, 0.367, 0.519, 1.339, 1.436, 0.49, 0.692, 0.713, 0.7, 0.107, 0.097] tick=238582 goal=0 here=0
1789578443.3 h=168.0 d0=0 d5=0 d9=13170 d6=3283 d11=0.445 [0.094, 0.096, 0.084, 0.086, 0.109, 0.335, 0.369, 0.515, 1.4, 0.647, 0.468, 0.709, 0.721, 0.706, 0.092, 0.081] tick=238648 goal=0 here=0
1789578443.9 h=171.7 d0=0 d5=0 d9=13184 d6=3270 d11=0.439 [0.115, 0.122, 0.083, 0.103, 0.107, 0.354, 0.347, 0.652, 1.396, 0.634, 0.472, -1.0, 0.735, 0.726, 0.105, 0.098] tick=238717 goal=0 here=0
1789578444.6 h=171.5 d0=0 d5=1 d9=13192 d6=3269 d11=0.454 [0.098, 0.11, 0.08, 0.094, 0.118, 0.367, 0.361, 0.683, 1.409, 0.613, 0.463, 0.729, 0.716, 0.792, 0.08, 0.091] tick=238783 goal=0 here=0
1789578445.3 h=175.5 d0=0 d5=1 d9=13209 d6=3292 d11=0.451 [0.101, 0.099, 0.098, 0.099, 0.117, 0.364, 0.371, 0.681, 1.4, 0.601, 0.467, 0.757, 0.745, 0.771, 0.085, 0.092] tick=238849 goal=0 here=0
1789578445.9 h=174.7 d0=0 d5=1 d9=13231 d6=3313 d11=0.462 [0.098, 0.122, 0.088, 0.071, 0.11, 0.337, 0.369, 0.68, 1.396, 0.604, 0.465, 0.745, 0.735, 0.76, 0.086, 0.113] tick=238920 goal=0 here=0
1789578446.6 h=174.3 d0=0 d5=1 d9=13252 d6=3333 d11=0.464 [0.106, 0.107, 0.085, 0.094, 0.124, 0.367, 0.349, 0.664, 1.396, 0.605, 0.456, 0.729, 0.749, 0.772, 0.089, 0.088] tick=238987 goal=0 here=0
1789578447.3 h=174.4 d0=0 d5=1 d9=13272 d6=3354 d11=0.453 [0.107, 0.098, 0.083, 0.091, 0.144, 0.362, 0.364, 0.687, 1.394, 0.616, 0.475, 0.736, 0.741, 0.749, 0.095, 0.086] tick=239053 goal=0 here=0
1789578448.0 h=172.0 d0=0 d5=1 d9=13291 d6=3377 d11=0.454 [0.096, 0.101, 0.11, 0.094, 0.102, 0.375, 0.371, 0.676, 1.374, 0.608, 0.455, 0.74, 0.714, 0.759, 0.093, 0.106] tick=239119 goal=0 here=0
1789578448.6 h=173.3 d0=0 d5=1 d9=13311 d6=3397 d11=0.462 [0.102, 0.107, 0.084, 0.117, 0.117, 0.354, 0.374, 0.674, 1.383, 0.607, 0.477, 0.756, 0.732, 0.74, 0.106, 0.088] tick=239186 goal=0 here=0
1789578449.3 h=171.5 d0=0 d5=1 d9=13329 d6=3417 d11=0.467 [0.101, 0.101, 0.092, 0.117, 0.115, 0.371, 0.357, 0.673, 1.405, 0.623, 0.484, 0.748, 0.742, 0.737, 0.09, 0.117] tick=239248 goal=0 here=0
1789578449.9 h=175.7 d0=0 d5=0 d9=13344 d6=3407 d11=0.467 [0.11, 0.095, 0.101, 0.096, 0.286, 0.357, 0.349, 0.682, 1.408, 0.459, 0.472, 0.735, 0.746, 0.789, 0.081, 0.099] tick=239316 goal=0 here=0
1789578450.6 h=184.2 d0=0 d5=0 d9=13356 d6=3396 d11=0.464 [0.103, 0.101, 0.083, 0.102, 0.322, 0.365, 0.399, 0.989, 1.46, 0.46, 0.667, 0.694, 0.717, 0.104, 0.099, 0.108] tick=239382 goal=0 here=0
1789578451.3 h=178.6 d0=0 d5=1 d9=13365 d6=3407 d11=0.449 [0.12, 0.091, 0.096, 0.107, 0.326, 0.363, 0.41, 1.018, 1.477, 0.439, 0.669, 0.68, 0.725, 0.116, 0.092, 0.094] tick=239449 goal=0 here=0
1789578451.9 h=180.7 d0=0 d5=1 d9=13386 d6=3429 d11=0.450 [0.117, 0.102, 0.093, 0.094, 0.311, 0.367, 0.405, 0.991, 1.471, 0.453, 0.655, 0.693, 0.716, 0.101, 0.081, 0.094] tick=239513 goal=0 here=0
1789578452.6 h=181.4 d0=0 d5=1 d9=13405 d6=3449 d11=0.433 [0.092, 0.094, 0.083, 0.088, 0.307, 0.393, 0.407, 0.953, 1.477, 0.445, 0.66, 0.678, 0.736, 0.129, 0.093, 0.097] tick=239584 goal=0 here=0
1789578453.3 h=175.4 d0=0 d5=1 d9=13426 d6=3471 d11=0.452 [0.114, 0.096, 0.099, 0.093, 0.324, 0.37, 0.381, 0.955, 1.468, 0.464, 0.659, 0.688, 0.729, 0.115, 0.09, 0.107] tick=239650 goal=0 here=0
1789578453.9 h=181.7 d0=0 d5=1 d9=13445 d6=3491 d11=0.455 [0.108, 0.1, 0.092, 0.079, 0.316, -1.0, 0.382, 0.965, 1.492, 0.448, 0.653, 0.693, 0.721, 0.112, 0.108, 0.092] tick=239717 goal=0 here=0
1789578454.6 h=175.5 d0=0 d5=1 d9=13465 d6=3512 d11=0.466 [0.114, 0.107, 0.084, 0.101, 0.306, 0.369, 0.378, 0.941, 1.47, 0.445, 0.637, 0.69, 0.734, 0.109, 0.095, 0.093] tick=239785 goal=0 here=0
1789578455.3 h=178.7 d0=0 d5=1 d9=13485 d6=3533 d11=0.467 [0.137, 0.093, 0.085, 0.084, 0.304, 0.357, 0.398, 0.927, 1.457, 0.426, 0.641, 0.709, 0.7, 0.139, 0.112, 0.105] tick=239852 goal=0 here=0
1789578456.0 h=176.9 d0=0 d5=1 d9=13503 d6=3555 d11=0.438 [0.093, 0.096, 0.087, 0.098, 0.311, 0.359, 0.383, 0.752, 1.456, 0.444, 0.629, 0.691, 0.725, 0.102, 0.09, 0.092] tick=239919 goal=0 here=0
1789578456.6 h=175.4 d0=0 d5=1 d9=13524 d6=3575 d11=0.454 [0.087, 0.09, 0.079, 0.11, 0.304, 0.362, 0.38, 0.748, 1.468, 0.434, 0.61, 0.699, 0.732, 0.121, 0.091, 0.094] tick=239987 goal=0 here=0
1789578457.3 h=174.3 d0=0 d5=0 d9=13523 d6=3593 d11=0.446 [0.11, 0.092, 0.082, 0.099, 0.305, 0.352, 0.361, 0.7, 1.421, 0.442, 0.487, 0.699, 0.736, 0.154, 0.101, 0.096] tick=240053 goal=0 here=0
1789578458.0 h=171.3 d0=0 d5=0 d9=13507 d6=3607 d11=0.458 [0.087, 0.081, 0.094, 0.121, 0.104, 0.365, 0.365, 0.647, 1.395, 0.615, 0.458, 0.77, 0.723, 0.723, 0.091, 0.083] tick=240120 goal=0 here=0
1789578458.6 h=171.4 d0=0 d5=1 d9=13513 d6=3614 d11=0.451 [0.098, 0.118, 0.103, 0.095, 0.1, 0.347, 0.35, 0.631, 1.42, 0.62, 0.48, 0.739, 0.737, 0.723, 0.073, 0.093] tick=240186 goal=0 here=0
1789578459.3 h=167.4 d0=0 d5=1 d9=13533 d6=3633 d11=0.459 [0.105, 0.113, 0.08, 0.086, 0.087, 0.339, 0.38, 0.627, 1.428, 0.633, 0.476, 0.749, 0.741, 0.713, 0.09, 0.088] tick=240250 goal=0 here=0
1789578459.9 h=169.2 d0=0 d5=0 d9=13552 d6=3655 d11=0.456 [0.101, 0.122, 0.095, 0.078, 0.102, 0.341, 0.38, 0.623, 1.424, 0.638, 0.464, 0.74, 0.724, 0.709, 0.083, 0.087] tick=240316 goal=0 here=0
1789578460.6 h=165.5 d0=0 d5=0 d9=13538 d6=3667 d11=0.456 [0.084, 0.114, 0.088, 0.089, 0.095, 0.353, 0.357, 0.528, 1.321, 1.434, 0.459, 0.69, 0.681, 0.69, 0.089, 0.101] tick=240382 goal=0 here=0
1789578461.3 h=159.4 d0=0 d5=0 d9=13530 d6=3677 d11=0.460 [0.098, 0.11, 0.112, 0.104, 0.105, 0.321, 0.374, 0.458, 1.205, 1.44, 0.484, 0.697, 0.687, 0.707, 0.087, 0.086] tick=240452 goal=0 here=0
1789578462.0 h=164.2 d0=0 d5=0 d9=13538 d6=3666 d11=0.454 [0.111, 0.122, -1.0, -1.0, 0.106, 0.332, 0.367, 0.517, 1.306, 1.411, 0.462, 0.683, 0.683, 0.711, 0.094, 0.091] tick=240521 goal=0 here=0
1789578462.6 h=171.9 d0=0 d5=0 d9=13551 d6=3653 d11=0.461 [0.115, 0.112, 0.107, 0.079, 0.106, 0.343, 0.345, 0.626, 1.439, 0.64, 0.486, 0.735, 0.719, 0.7, 0.085, 0.086] tick=240587 goal=0 here=0
1789578463.3 h=171.4 d0=0 d5=1 d9=13564 d6=3665 d11=0.457 [0.111, 0.104, 0.094, 0.113, 0.1, 0.359, 0.36, 0.615, 1.421, 0.631, 0.455, 0.745, 0.722, 0.714, 0.094, 0.1] tick=240657 goal=0 here=0
1789578464.0 h=170.6 d0=0 d5=1 d9=13582 d6=3687 d11=0.447 [0.097, 0.096, 0.102, 0.081, 0.104, 0.357, 0.37, 0.633, 1.445, 0.651, 0.445, 0.735, 0.746, 0.721, 0.097, 0.086] tick=240723 goal=0 here=0
1789578464.7 h=170.4 d0=0 d5=1 d9=13602 d6=3709 d11=0.461 [0.086, 0.105, 0.091, 0.111, 0.102, 0.364, 0.348, 0.591, 1.444, 0.63, 0.458, 0.711, 0.72, 0.708, 0.1, 0.08] tick=240792 goal=0 here=0
1789578465.4 h=168.0 d0=0 d5=1 d9=13621 d6=3730 d11=0.461 [0.089, 0.102, 0.106, 0.093, 0.1, 0.348, 0.368, 0.596, 1.435, 0.642, 0.469, 0.746, 0.72, 0.709, 0.113, 0.094] tick=240858 goal=0 here=0
1789578466.0 h=169.9 d0=0 d5=1 d9=13642 d6=3750 d11=0.462 [0.098, 0.122, 0.083, 0.09, 0.11, 0.334, 0.376, 0.585, 1.444, 0.638, 0.445, 0.726, 0.726, 0.711, 0.086, 0.105] tick=240925 goal=0 here=0
1789578466.7 h=169.3 d0=0 d5=1 d9=13662 d6=3772 d11=0.454 [0.095, 0.112, 0.086, 0.078, 0.108, 0.344, 0.366, 0.566, 1.469, 0.642, 0.461, 0.705, 0.727, 0.705, 0.093, 0.094] tick=240991 goal=0 here=0
1789578467.3 h=167.4 d0=0 d5=1 d9=13682 d6=3793 d11=0.462 [0.097, 0.103, 0.088, 0.083, 0.119, 0.326, 0.354, 0.554, 1.447, 0.643, 0.488, 0.704, 0.722, 0.718, 0.103, 0.081] tick=241057 goal=0 here=0
1789578468.0 h=167.4 d0=0 d5=1 d9=13700 d6=3812 d11=0.454 [0.113, 0.113, 0.09, 0.07, 0.116, 0.334, 0.361, 0.55, 1.457, 0.652, 0.474, 0.702, 0.719, 0.7, 0.087, 0.086] tick=241123 goal=0 here=0
1789578468.6 h=170.1 d0=0 d5=1 d9=13721 d6=3833 d11=0.460 [0.107, 0.114, 0.106, 0.095, 0.1, 0.333, 0.354, 0.535, 1.469, 0.638, 0.467, 0.716, 0.736, 0.712, 0.092, 0.089] tick=241187 goal=0 here=0
1789578469.3 h=170.4 d0=0 d5=1 d9=13740 d6=3852 d11=0.467 [0.105, 0.112, 0.097, 0.078, 0.109, 0.341, 0.349, 0.536, 1.47, 0.666, -1.0, 0.697, 0.711, 0.703, 0.094, 0.086] tick=241253 goal=0 here=0
1789578470.0 h=165.9 d0=0 d5=1 d9=13758 d6=3873 d11=0.466 [0.112, 0.123, 0.088, 0.094, 0.111, 0.353, 0.356, 0.542, 1.452, 0.647, 0.449, 0.714, 0.704, 0.699, 0.096, 0.105] tick=241319 goal=0 here=0
1789578470.6 h=165.9 d0=0 d5=1 d9=13777 d6=3894 d11=0.470 [0.113, 0.118, 0.107, 0.093, 0.101, 0.335, 0.354, 0.516, 1.398, 0.649, 0.467, 0.697, 0.724, 0.695, 0.098, 0.096] tick=241386 goal=0 here=0
1789578471.3 h=168.7 d0=0 d5=1 d9=13799 d6=3917 d11=0.461 [0.108, 0.107, 0.089, 0.086, 0.108, 0.331, 0.349, 0.526, 1.402, 0.676, 0.468, 0.704, 0.718, 0.714, 0.088, 0.087] tick=241454 goal=0 here=0
1789578472.0 h=171.0 d0=0 d5=1 d9=13817 d6=3936 d11=0.460 [0.1, 0.109, 0.086, 0.103, 0.097, 0.325, 0.368, 0.509, 1.371, 0.648, 0.472, 0.692, 0.71, 0.706, 0.07, 0.083] tick=241521 goal=0 here=0
1789578472.6 h=165.5 d0=0 d5=1 d9=13837 d6=3958 d11=0.456 [0.107, 0.126, 0.094, 0.106, 0.109, 0.318, 0.36, 0.532, 1.351, 0.671, 0.474, 0.678, 0.719, 0.69, 0.11, 0.086] tick=241585 goal=0 here=0
1789578473.3 h=170.6 d0=0 d5=1 d9=13856 d6=3978 d11=0.462 [0.1, 0.114, 0.098, 0.073, 0.117, 0.334, 0.369, 0.54, 1.339, 0.641, 0.474, 0.678, 0.704, 0.696, 0.088, 0.095] tick=241651 goal=0 here=0
1789578473.9 h=168.7 d0=0 d5=1 d9=13877 d6=3998 d11=0.468 [0.097, 0.108, 0.086, 0.102, 0.099, 0.345, 0.354, 0.516, 1.332, 0.662, 0.466, 0.686, 0.697, 0.708, 0.103, 0.086] tick=241717 goal=0 here=0
1789578474.6 h=165.8 d0=0 d5=1 d9=13898 d6=4021 d11=0.467 [0.089, 0.114, 0.098, 0.1, 0.093, 0.326, 0.342, 0.524, 1.337, 1.459, 0.47, 0.666, 0.705, 0.707, 0.097, 0.086] tick=241788 goal=0 here=0
1789578475.3 h=170.3 d0=0 d5=1 d9=13918 d6=4043 d11=0.459 [0.102, 0.121, 0.099, 0.093, 0.099, 0.338, 0.362, 0.522, 1.348, 1.427, 0.459, 0.699, 0.7, 0.703, 0.092, 0.094] tick=241854 goal=0 here=0
1789578476.0 h=165.2 d0=0 d5=0 d9=13931 d6=4040 d11=0.464 [0.108, 0.116, 0.079, 0.1, 0.098, 0.338, 0.366, 0.529, 1.439, 0.65, 0.462, 0.72, 0.7, 0.699, 0.096, 0.083] tick=241921 goal=0 here=0
1789578476.6 h=175.6 d0=0 d5=0 d9=13946 d6=4025 d11=0.459 [0.09, 0.117, 0.105, 0.084, 0.12, 0.367, 0.362, 0.671, 1.403, 0.61, 0.451, 0.739, 0.734, 0.765, 0.097, 0.071] tick=241987 goal=0 here=0
1789578477.3 h=171.4 d0=0 d5=1 d9=13952 d6=4033 d11=0.464 [0.11, 0.101, 0.103, 0.082, 0.121, 0.355, 0.367, 0.69, 1.416, 0.604, 0.464, 0.728, -1.0, 0.756, 0.093, 0.098] tick=242053 goal=0 here=0
1789578478.0 h=173.0 d0=0 d5=1 d9=13972 d6=4052 d11=0.459 [0.095, 0.09, 0.095, 0.086, 0.1, 0.352, 0.373, 0.684, 1.391, 0.599, 0.454, 0.736, 0.738, 0.751, 0.079, 0.079] tick=242118 goal=0 here=0
1789578478.6 h=172.7 d0=0 d5=1 d9=13991 d6=4073 d11=0.438 [0.102, 0.11, 0.092, 0.083, 0.113, 0.374, 0.345, 0.673, 1.389, 0.608, 0.475, 0.76, 0.736, 0.767, 0.083, 0.087] tick=242184 goal=0 here=0
1789578479.3 h=172.4 d0=0 d5=1 d9=14010 d6=4093 d11=0.458 [0.104, 0.114, 0.092, 0.092, 0.104, 0.362, 0.362, 0.673, 1.397, 0.6, 0.46, 0.725, 0.747, 0.75, 0.085, 0.099] tick=242250 goal=0 here=0
1789578479.9 h=170.8 d0=0 d5=1 d9=14030 d6=4113 d11=0.465 [0.095, 0.123, 0.084, 0.09, 0.11, 0.344, 0.361, 0.676, -1.0, 0.605, 0.471, 0.749, 0.745, 0.753, 0.09, 0.096] tick=242314 goal=0 here=0
1789578480.6 h=170.6 d0=0 d5=1 d9=14048 d6=4134 d11=0.448 [0.088, 0.115, 0.08, -1.0, 0.103, 0.353, 0.343, 0.696, 1.394, 0.62, 0.471, 0.743, 0.737, 0.729, 0.084, 0.081] tick=242381 goal=0 here=0
1789578481.2 h=176.5 d0=0 d5=1 d9=14070 d6=4156 d11=0.451 [0.107, 0.084, 0.091, 0.105, 0.115, 0.366, 0.366, 0.677, 1.395, 0.619, 0.474, 0.755, 0.74, 0.746, 0.104, 0.086] tick=242447 goal=0 here=0
1789578481.9 h=172.5 d0=0 d5=1 d9=14088 d6=4177 d11=0.461 [0.108, 0.118, 0.09, 0.105, 0.104, 0.352, 0.363, 0.663, 1.399, 0.625, 0.463, 0.752, 0.719, 0.738, 0.093, 0.117] tick=242511 goal=0 here=0
1789578482.5 h=170.5 d0=0 d5=1 d9=14109 d6=4198 d11=0.475 [0.105, 0.105, 0.103, 0.097, 0.105, 0.364, 0.364, 0.667, 1.415, 0.625, 0.46, 0.768, 0.752, 0.745, 0.094, 0.104] tick=242577 goal=0 here=0
1789578483.2 h=171.3 d0=0 d5=1 d9=14127 d6=4217 d11=0.458 [0.117, 0.101, 0.099, 0.077, 0.101, 0.367, 0.368, 0.65, 1.417, 0.613, 0.46, 0.774, 0.749, 0.734, 0.089, 0.081] tick=242643 goal=0 here=0
1789578483.9 h=172.2 d0=0 d5=1 d9=14148 d6=4239 d11=0.455 [0.097, 0.126, 0.091, 0.087, 0.1, 0.357, 0.359, 0.658, 1.412, 0.615, 0.468, 0.751, 0.731, 0.722, 0.088, 0.092] tick=242710 goal=0 here=0
1789578484.5 h=173.5 d0=0 d5=1 d9=14168 d6=4259 d11=0.456 [0.111, 0.103, 0.081, 0.099, 0.118, 0.349, 0.373, 0.666, 1.407, 0.615, 0.469, 0.765, 0.736, 0.718, 0.081, 0.08] tick=242776 goal=0 here=0
1789578485.2 h=173.7 d0=0 d5=1 d9=14186 d6=4281 d11=0.456 [0.106, 0.114, 0.093, 0.09, 0.111, 0.337, 0.366, 0.654, 1.415, 0.626, 0.452, 0.757, 0.738, 0.721, 0.111, 0.107] tick=242842 goal=0 here=0
1789578485.9 h=173.5 d0=0 d5=1 d9=14206 d6=4302 d11=0.462 [0.108, 0.121, 0.093, 0.08, 0.133, 0.36, 0.358, 0.654, 1.412, 0.628, 0.466, -1.0, 0.749, 0.703, 0.092, 0.088] tick=242914 goal=0 here=0
1789578486.6 h=172.2 d0=0 d5=1 d9=14228 d6=4324 d11=0.456 [0.107, 0.106, 0.098, 0.085, 0.121, 0.35, 0.366, 0.658, 1.42, 0.629, 0.486, 0.765, 0.727, 0.717, 0.09, 0.091] tick=242983 goal=0 here=0
1789578487.3 h=173.6 d0=0 d5=1 d9=14248 d6=4346 d11=0.462 [0.086, 0.115, 0.099, 0.095, -1.0, 0.331, 0.341, 0.646, 1.399, 0.613, 0.455, 0.778, 0.714, 0.699, 0.081, 0.096] tick=243052 goal=0 here=0
1789578488.0 h=171.2 d0=0 d5=1 d9=14267 d6=4368 d11=0.459 [0.107, 0.094, 0.091, 0.098, 0.125, 0.333, 0.354, 0.651, 1.419, 0.625, 0.461, 0.748, 0.739, 0.722, 0.107, 0.081] tick=243116 goal=0 here=0
1789578488.6 h=171.3 d0=0 d5=1 d9=14287 d6=4389 d11=0.464 [0.101, 0.1, 0.1, 0.1, 0.105, 0.347, 0.343, 0.646, 1.417, 0.635, 0.472, 0.73, 0.735, 0.706, 0.1, 0.103] tick=243188 goal=0 here=0
1789578489.3 h=173.6 d0=0 d5=1 d9=14309 d6=4410 d11=0.454 [0.098, 0.106, 0.084, 0.087, 0.119, 0.351, 0.359, 0.649, 1.435, 0.64, 0.464, 0.753, 0.724, 0.724, 0.087, 0.088] tick=243256 goal=0 here=0
1789578490.0 h=171.1 d0=0 d5=1 d9=14330 d6=4433 d11=0.451 [0.101, 0.1, 0.088, 0.096, 0.104, 0.335, 0.345, 0.623, 1.426, 0.618, 0.461, 0.727, 0.748, 0.705, 0.092, 0.089] tick=243325 goal=0 here=0
1789578490.7 h=170.3 d0=0 d5=1 d9=14349 d6=4454 d11=0.464 [0.115, 0.121, 0.091, 0.086, 0.106, 0.344, 0.343, 0.601, 1.427, 0.618, 0.46, 0.741, 0.728, 0.729, 0.095, 0.096] tick=243391 goal=0 here=0
1789578491.3 h=175.4 d0=0 d5=0 d9=14365 d6=4450 d11=0.461 [0.107, 0.125, 0.101, 0.084, 0.112, 0.357, 0.362, 0.658, 1.382, 0.609, 0.478, 0.763, 0.734, 0.727, 0.1, 0.093] tick=243457 goal=0 here=0
1789578492.0 h=180.4 d0=0 d5=0 d9=14377 d6=4438 d11=0.456 [0.117, 0.101, 0.096, 0.093, 0.32, 0.363, 0.366, 0.706, 1.428, 0.434, 0.496, 0.695, 0.738, 0.134, 0.077, 0.083] tick=243523 goal=0 here=0
1789578492.7 h=176.3 d0=0 d5=1 d9=14384 d6=4443 d11=0.454 [0.104, 0.131, 0.084, 0.089, 0.331, 0.345, 0.36, 0.741, 1.453, 0.427, 0.504, 0.706, 0.734, 0.131, 0.087, 0.109] tick=243590 goal=0 here=0
1789578493.3 h=178.1 d0=0 d5=1 d9=14403 d6=4464 d11=0.456 [0.114, 0.091, 0.086, 0.092, 0.3, 0.352, 0.382, 0.728, 1.464, 0.44, 0.504, 0.678, 0.72, 0.122, 0.091, 0.093] tick=243655 goal=0 here=0
1789578494.0 h=176.7 d0=0 d5=1 d9=14424 d6=4485 d11=0.459 [0.114, 0.113, 0.103, 0.096, 0.309, 0.357, 0.388, 0.746, 1.453, 0.453, 0.506, 0.701, 0.739, 0.127, 0.085, 0.089] tick=243721 goal=0 here=0
1789578494.6 h=180.0 d0=0 d5=1 d9=14444 d6=4507 d11=0.458 [0.107, 0.119, 0.075, 0.111, 0.302, 0.361, 0.375, 0.731, 1.437, 0.439, 0.488, 0.7, 0.747, 0.137, 0.099, 0.093] tick=243790 goal=0 here=0
1789578495.3 h=177.0 d0=0 d5=1 d9=14461 d6=4527 d11=0.483 [0.096, 0.112, 0.073, 0.113, 0.302, 0.36, 0.373, 0.711, 1.447, 0.434, 0.506, 0.685, 0.726, 0.124, 0.105, 0.078] tick=243852 goal=0 here=0
1789578496.0 h=176.8 d0=0 d5=1 d9=14480 d6=4547 d11=0.461 [0.11, 0.103, 0.103, 0.097, 0.305, 0.363, 0.361, 0.706, 1.431, 0.458, 0.503, 0.702, 0.726, 0.143, 0.099, 0.091] tick=243918 goal=0 here=0
1789578496.6 h=176.1 d0=0 d5=1 d9=14500 d6=4568 d11=0.438 [0.124, 0.076, 0.103, 0.084, 0.309, 0.356, 0.373, 0.71, 1.434, 0.431, 0.482, 0.708, 0.74, 0.14, 0.073, 0.095] tick=243984 goal=0 here=0
1789578497.3 h=174.3 d0=0 d5=1 d9=14521 d6=4589 d11=0.467 [0.109, 0.105, 0.088, 0.067, 0.308, 0.365, 0.382, 0.698, 1.432, 0.459, 0.49, 0.709, 0.729, 0.146, 0.115, 0.092] tick=244051 goal=0 here=0
1789578497.9 h=176.4 d0=0 d5=1 d9=14539 d6=4609 d11=0.467 [0.111, 0.1, 0.089, 0.093, 0.317, 0.366, 0.362, 0.701, 1.423, 0.44, 0.49, 0.694, 0.733, 0.786, 0.092, 0.068] tick=244117 goal=0 here=0
1789578498.6 h=177.3 d0=0 d5=1 d9=14561 d6=4629 d11=0.452 [0.104, 0.102, 0.098, 0.096, 0.328, 0.334, 0.374, 0.68, 1.42, 0.452, 0.475, 0.71, 0.734, 0.771, 0.086, 0.093] tick=244183 goal=0 here=0
1789578499.3 h=171.9 d0=0 d5=1 d9=14580 d6=4650 d11=0.451 [0.111, 0.104, 0.099, 0.082, 0.13, 0.367, 0.355, 0.71, 1.421, 0.459, 0.487, 0.71, 0.741, 0.806, 0.098, 0.083] tick=244252 goal=0 here=0
1789578500.0 h=176.3 d0=0 d5=1 d9=14599 d6=4672 d11=0.461 [0.093, 0.123, 0.087, 0.105, 0.118, 0.346, 0.376, 0.7, -1.0, 0.46, 0.488, 0.715, 0.733, 0.778, 0.099, 0.09] tick=244318 goal=0 here=0
1789578500.6 h=177.6 d0=0 d5=1 d9=14622 d6=4696 d11=0.455 [0.095, 0.103, 0.091, 0.108, 0.123, 0.364, 0.362, 0.694, 1.401, 0.477, 0.474, 0.729, 0.723, 0.778, 0.087, 0.097] tick=244396 goal=0 here=0
1789578501.4 h=173.7 d0=0 d5=1 d9=14643 d6=4718 d11=0.459 [0.095, 0.121, 0.097, 0.083, 0.095, 0.35, 0.375, 0.681, 1.398, 0.456, 0.473, 0.716, 0.722, 0.78, 0.085, 0.108] tick=244462 goal=0 here=0
1789578502.1 h=174.5 d0=0 d5=1 d9=14663 d6=4737 d11=0.457 [0.108, 0.096, 0.081, 0.083, 0.105, 0.362, 0.374, 0.695, 1.388, 0.476, 0.474, 0.724, 0.72, 0.77, 0.078, 0.112] tick=244528 goal=0 here=0
1789578502.7 h=180.3 d0=0 d5=1 d9=14681 d6=4759 d11=0.468 [0.085, 0.092, 0.091, 0.097, 0.127, 0.362, 0.36, 0.686, 1.396, 0.47, 0.471, 0.733, 0.731, 0.792, 0.059, 0.095] tick=244592 goal=0 here=0
1789578503.4 h=173.5 d0=0 d5=1 d9=14699 d6=4779 d11=0.470 [0.114, 0.101, 0.1, 0.086, 0.104, 0.36, 0.366, 0.695, 1.408, 0.468, 0.455, 0.729, 0.737, 0.775, 0.095, 0.095] tick=244658 goal=0 here=0
1789578504.0 h=176.2 d0=0 d5=1 d9=14719 d6=4801 d11=0.464 [0.122, 0.118, 0.085, 0.106, 0.102, 0.361, 0.36, 0.694, 1.393, 0.608, 0.468, 0.734, 0.732, 0.773, -1.0, 0.098] tick=244724 goal=0 here=0
1789578504.7 h=175.9 d0=0 d5=1 d9=14739 d6=4820 d11=0.462 [0.117, 0.088, 0.089, 0.088, 0.105, -1.0, 0.357, 0.683, 1.404, 0.61, 0.472, 0.735, 0.758, 0.783, 0.089, 0.076] tick=244791 goal=0 here=0
1789578505.3 h=175.6 d0=0 d5=1 d9=14760 d6=4841 d11=0.466 [0.097, 0.112, 0.107, 0.098, 0.118, 0.357, 0.372, 0.687, 1.393, 0.615, 0.462, 0.733, 0.745, 0.769, 0.098, 0.102] tick=244857 goal=0 here=0
1789578506.0 h=172.9 d0=0 d5=1 d9=14782 d6=4866 d11=0.460 [0.109, 0.087, 0.104, 0.087, 0.107, 0.37, 0.366, 0.666, 1.395, 0.61, 0.451, 0.729, 0.743, 0.776, 0.092, 0.092] tick=244932 goal=0 here=0
1789578506.8 h=174.8 d0=0 d5=1 d9=14801 d6=4887 d11=0.457 [0.1, 0.099, 0.11, 0.087, 0.111, 0.354, 0.357, -1.0, 1.387, 0.62, 0.474, 0.745, -1.0, 0.751, 0.081, 0.112] tick=245000 goal=0 here=0
