{"t": 1788325692.9, "x": -3.37, "y": 4.18, "h": 81.2, "L": [0.385, 0.527, 0.585, 0.812, 0.689, 0.661, 0.819, 0.874, 0.252, 0.242, 0.186, 0.115, 0.09, 0.091, 0.102, 0.16], "st": {"tick": 563446, "goal": 0, "here": 1}, "d11": "0.442", "tag": "sit"}
{"t": 1788325694.9, "x": -3.37, "y": 4.18, "h": 81.0, "L": [0.392, 0.53, 0.58, 0.815, 0.684, 0.675, 0.82, 0.869, 0.252, 0.264, -1.0, 0.098, 0.09, 0.074, 0.101, 0.144], "st": {"tick": 563647, "goal": 0, "here": 1}, "d11": "0.441", "tag": "sit"}
{"t": 1788325696.9, "x": -3.37, "y": 4.18, "h": 79.3, "L": [0.401, 0.51, 0.601, 0.83, 0.681, 0.664, 0.81, 0.856, 0.245, 0.255, 0.181, 0.118, 0.096, 0.08, 0.106, 0.153], "st": {"tick": 563847, "goal": 0, "here": 1}, "d11": "0.376", "tag": "sit"}
{"t": 1788325698.9, "x": -3.37, "y": 4.18, "h": 80.9, "L": [0.375, 0.531, 0.599, 0.823, 0.689, 0.662, 0.821, 0.868, 0.249, 0.241, 0.188, 0.103, 0.082, 0.097, 0.109, 0.163], "st": {"tick": 564047, "goal": 0, "here": 1}, "d11": "0.405", "tag": "sit"}
{"t": 1788325700.9, "x": -3.37, "y": 4.18, "h": 79.6, "L": [0.395, 0.51, 0.597, 0.814, 0.674, 0.66, 0.834, 0.857, 0.26, 0.26, 0.17, 0.117, 0.091, 0.077, 0.102, 0.152], "st": {"tick": 564248, "goal": 0, "here": 1}, "d11": "0.449", "tag": "sit"}
{"t": 1788325702.9, "x": -3.37, "y": 4.18, "h": 81.1, "L": [0.396, 0.522, 0.577, 0.82, 0.683, 0.679, 0.833, 0.867, 0.245, 0.265, 0.162, 0.123, 0.097, 0.104, 0.111, 0.142], "st": {"tick": 564448, "goal": 0, "here": 1}, "d11": "0.395", "tag": "sit"}
{"t": 1788325704.9, "x": -3.37, "y": 4.18, "h": 76.4, "L": [0.397, 0.516, 0.61, 0.812, 0.662, 0.67, 0.836, 0.862, 0.244, 0.234, 0.164, 0.093, 0.105, 0.097, 0.106, 0.169], "st": {"tick": 564648, "goal": 0, "here": 1}, "d11": "0.403", "tag": "sit"}
{"t": 1788325706.9, "x": -3.37, "y": 4.18, "h": 80.7, "L": [0.39, 0.512, 0.585, 0.811, 0.683, 0.679, 0.817, 0.855, 0.254, 0.256, 0.161, 0.112, 0.084, 0.097, 0.098, 0.14], "st": {"tick": 564849, "goal": 0, "here": 1}, "d11": "0.452", "tag": "sit"}
{"t": 1788325708.9, "x": -3.37, "y": 4.18, "h": 79.6, "L": [0.394, 0.502, 0.607, 0.797, 0.663, 0.657, 0.822, 0.852, 0.264, 0.26, 0.177, 0.111, 0.105, 0.094, 0.111, 0.155], "st": {"tick": 565049, "goal": 0, "here": 1}, "d11": "0.440", "tag": "sit"}
{"t": 1788325711.0, "x": -3.37, "y": 4.18, "h": 82.1, "L": [0.373, 0.506, 0.583, 0.811, 0.675, 0.666, 0.835, 0.841, 0.258, 0.26, 0.18, 0.12, 0.096, 0.087, 0.097, 0.14], "st": {"tick": 565254, "goal": 0, "here": 1}, "d11": "0.394", "tag": "sit"}
{"t": 1788325713.0, "x": -3.37, "y": 4.18, "h": 84.2, "L": [0.392, 0.507, 0.595, 0.828, 0.659, 0.663, 0.799, 0.856, 0.25, 0.253, 0.165, 0.091, 0.089, 0.098, 0.117, 0.148], "st": {"tick": 565455, "goal": 0, "here": 1}, "d11": "0.399", "tag": "sit"}
{"t": 1788325722.2, "x": -3.37, "y": 4.18, "h": 278.6, "L": [0.19, 0.172, 0.101, 0.093, 0.105, 0.111, 0.147, 0.314, 0.554, 0.645, 0.839, 0.685, 0.664, 0.795, 0.228, 0.209], "st": {"tick": 566371, "goal": 0, "here": 1}, "d11": "0.476", "tag": "off"}
{"t": 1788325731.9, "x": -3.37, "y": 4.18, "h": 81.8, "L": [0.364, 0.48, 0.538, 0.795, 0.69, 0.676, 0.847, 0.899, 0.279, 0.288, 0.168, 0.121, 0.089, 0.103, 0.104, 0.144], "st": {"tick": 567347, "goal": 0, "here": 1}, "d11": "0.377", "tag": "reenter"}
{"t": 1788325731.9, "x": -3.37, "y": 4.18, "h": 79.6, "L": [0.371, 0.474, 0.564, 0.816, 0.68, 0.663, 0.823, 0.899, 0.279, 0.296, 0.157, 0.107, 0.084, 0.073, 0.104, 0.145], "st": {"tick": 567350, "goal": 0, "here": 1}, "d11": "0.386", "tag": "back"}
{"t": 1788325732.0, "x": -3.37, "y": 4.18, "h": 81.2, "L": [0.382, 0.475, 0.548, 0.804, 0.671, 0.667, 0.838, 0.9, 0.281, 0.306, 0.173, 0.123, 0.085, 0.081, 0.115, 0.152], "st": {"tick": 567353, "goal": 0, "here": 1}, "d11": "0.368", "tag": "sit"}
{"t": 1788325734.0, "x": -3.37, "y": 4.18, "h": 77.6, "L": [0.393, 0.472, 0.556, 0.804, 0.665, 0.657, 0.835, 0.9, 0.279, 0.278, 0.185, 0.101, 0.068, 0.099, 0.101, 0.156], "st": {"tick": 567556, "goal": 0, "here": 1}, "d11": "0.366", "tag": "sit"}
{"t": 1788325736.0, "x": -3.37, "y": 4.18, "h": 78.8, "L": [0.382, 0.476, 0.56, 0.804, 0.68, 0.679, 0.848, 0.902, 0.283, 0.265, 0.166, 0.121, 0.082, 0.105, 0.084, 0.174], "st": {"tick": 567756, "goal": 0, "here": 1}, "d11": "0.387", "tag": "sit"}
{"t": 1788325738.0, "x": -3.37, "y": 4.18, "h": 79.9, "L": [0.391, 0.463, 0.547, 0.801, 0.677, 0.672, 0.84, 0.899, 0.286, 0.277, 0.177, 0.118, 0.077, 0.079, 0.081, 0.172], "st": {"tick": 567956, "goal": 0, "here": 1}, "d11": "0.488", "tag": "sit"}
{"t": 1788325740.0, "x": -3.37, "y": 4.18, "h": 79.6, "L": [0.389, 0.475, 0.545, 0.803, 0.69, 0.674, 0.85, 0.903, 0.283, 0.288, 0.182, 0.12, 0.075, 0.092, 0.105, 0.139], "st": {"tick": 568157, "goal": 0, "here": 1}, "d11": "0.650", "tag": "sit"}
{"t": 1788325742.0, "x": -3.37, "y": 4.18, "h": 81.3, "L": [0.393, 0.469, 0.55, 0.796, 0.673, 0.672, 0.846, 0.913, 0.289, 0.298, 0.199, 0.091, 0.072, 0.081, 0.099, 0.165], "st": {"tick": 568357, "goal": 0, "here": 1}, "d11": "0.775", "tag": "sit"}
{"t": 1788325744.0, "x": -3.37, "y": 4.18, "h": 80.9, "L": [0.378, 0.471, 0.557, 0.809, 0.689, 0.669, 0.834, 0.898, 0.269, 0.28, 0.17, 0.098, 0.082, 0.095, 0.091, 0.149], "st": {"tick": 568557, "goal": 0, "here": 1}, "d11": "0.821", "tag": "sit"}
{"t": 1788325746.0, "x": -3.37, "y": 4.18, "h": 78.7, "L": [0.387, 0.491, 0.56, 0.795, 0.69, 0.659, 0.836, 0.887, 0.284, 0.27, 0.171, 0.114, -1.0, 0.103, 0.105, 0.158], "st": {"tick": 568757, "goal": 0, "here": 1}, "d11": "0.785", "tag": "sit"}
{"t": 1788325748.0, "x": -3.37, "y": 4.18, "h": 77.3, "L": [0.384, -1.0, 0.568, 0.804, 0.691, 0.668, 0.839, 0.904, 0.282, 0.278, -1.0, 0.1, 0.102, 0.108, 0.115, 0.151], "st": {"tick": 568958, "goal": 0, "here": 1}, "d11": "0.708", "tag": "sit"}
{"t": 1788325750.0, "x": -3.37, "y": 4.18, "h": 78.9, "L": [0.374, 0.497, 0.552, 0.822, 0.684, 0.673, 0.84, 0.896, 0.271, 0.313, 0.192, 0.101, 0.095, 0.086, -1.0, 0.168], "st": {"tick": 569158, "goal": 0, "here": 1}, "d11": "0.697", "tag": "sit"}
{"t": 1788325752.0, "x": -3.37, "y": 4.18, "h": 77.8, "L": [0.368, 0.463, 0.551, 0.783, 0.679, 0.658, -1.0, 0.907, 0.28, 0.291, 0.166, 0.098, 0.083, 0.091, 0.106, 0.158], "st": {"tick": 569358, "goal": 0, "here": 1}, "d11": "0.807", "tag": "sit"}
{"t": 1788325754.0, "x": -3.37, "y": 4.18, "h": 78.7, "L": [0.391, 0.501, 0.562, 0.787, 0.678, 0.672, 0.831, 0.903, 0.274, 0.278, 0.169, 0.106, 0.092, 0.099, 0.099, 0.143], "st": {"tick": 569559, "goal": 0, "here": 1}, "d11": "0.812", "tag": "sit"}
{"t": 1788325756.0, "x": -3.37, "y": 4.18, "h": 79.0, "L": [0.394, 0.489, 0.558, 0.814, 0.67, 0.676, 0.851, 0.903, 0.281, 0.288, 0.171, 0.104, 0.087, 0.09, 0.113, 0.148], "st": {"tick": 569759, "goal": 0, "here": 1}, "d11": "0.805", "tag": "sit"}
{"t": 1788325758.0, "x": -3.37, "y": 4.18, "h": 74.0, "L": [0.377, 0.499, 0.565, 0.785, 0.688, 0.667, 0.851, 0.912, 0.288, 0.295, 0.169, 0.122, 0.072, 0.088, 0.108, 0.15], "st": {"tick": 569959, "goal": 0, "here": 1}, "d11": "0.822", "tag": "sit"}
{"t": 1788325760.0, "x": -3.37, "y": 4.18, "h": 75.4, "L": [0.377, 0.465, 0.56, 0.8, -1.0, 0.67, 0.856, 0.905, 0.303, 0.281, 0.167, 0.114, 0.096, 0.096, 0.128, 0.171], "st": {"tick": 570160, "goal": 0, "here": 1}, "d11": "0.728", "tag": "sit"}
{"t": 1788325762.0, "x": -3.37, "y": 4.18, "h": 77.1, "L": [0.377, 0.485, 0.558, 0.815, 0.683, 0.665, 0.847, 0.887, 0.277, 0.272, 0.17, 0.133, 0.094, 0.098, 0.103, 0.145], "st": {"tick": 570360, "goal": 0, "here": 1}, "d11": "0.655", "tag": "sit"}
{"t": 1788325764.1, "x": -3.37, "y": 4.18, "h": 77.0, "L": [0.383, 0.492, 0.563, 0.791, 0.676, 0.663, 0.833, 0.894, 0.277, 0.274, 0.177, 0.102, 0.085, 0.092, 0.123, 0.16], "st": {"tick": 570560, "goal": 0, "here": 1}, "d11": "0.578", "tag": "sit"}
{"t": 1788325766.1, "x": -3.37, "y": 4.18, "h": 81.3, "L": [0.378, 0.463, 0.533, 0.808, 0.673, 0.667, 0.833, 0.891, 0.284, 0.28, 0.159, 0.109, 0.095, 0.084, 0.11, 0.155], "st": {"tick": 570761, "goal": 0, "here": 1}, "d11": "0.652", "tag": "sit"}
{"t": 1788325768.1, "x": -3.37, "y": 4.18, "h": 75.2, "L": [0.373, 0.507, 0.554, 0.808, 0.688, 0.658, 0.834, -1.0, 0.267, 0.273, 0.159, 0.102, 0.1, 0.106, 0.092, 0.142], "st": {"tick": 570961, "goal": 0, "here": 1}, "d11": "0.743", "tag": "sit"}
{"t": 1788325770.1, "x": -3.37, "y": 4.18, "h": 79.5, "L": [0.377, 0.479, 0.564, 0.825, 0.692, 0.682, 0.838, 0.915, 0.285, 0.276, 0.179, 0.098, 0.104, 0.083, 0.098, 0.166], "st": {"tick": 571161, "goal": 0, "here": 1}, "d11": "0.815", "tag": "sit"}
{"t": 1788325779.9, "x": -3.37, "y": 4.18, "h": 279.0, "L": [0.188, 0.184, 0.127, 0.09, 0.097, 0.085, 0.164, 0.268, 0.571, 0.631, 0.876, 0.688, 0.652, 0.803, 0.211, 0.198], "st": {"tick": 572140, "goal": 0, "here": 1}, "d11": "0.806", "tag": "off"}
{"t": 1788325788.4, "x": -3.37, "y": 4.18, "h": 78.3, "L": [0.322, 0.543, 0.629, 0.851, -1.0, 0.66, 0.812, 0.243, 0.211, 0.214, 0.187, 0.121, 0.099, 0.083, 0.112, 0.149], "st": {"tick": 572999, "goal": 0, "here": 1}, "d11": "0.795", "tag": "reenter"}
{"t": 1788325788.5, "x": -3.37, "y": 4.18, "h": 74.4, "L": [0.31, 0.565, 0.636, 0.838, 0.68, 0.661, 0.812, 0.229, 0.187, -1.0, 0.208, 0.123, 0.102, 0.098, 0.104, 0.136], "st": {"tick": 573001, "goal": 0, "here": 1}, "d11": "0.772", "tag": "back"}
{"t": 1788325788.5, "x": -3.37, "y": 4.18, "h": 76.8, "L": [0.325, 0.558, 0.64, 0.839, 0.687, 0.684, 0.791, 0.248, 0.211, 0.208, 0.193, 0.124, 0.101, 0.082, 0.087, 0.142], "st": {"tick": 573004, "goal": 0, "here": 1}, "d11": "0.771", "tag": "sit"}
{"t": 1788325790.5, "x": -3.37, "y": 4.18, "h": 75.2, "L": [0.317, 0.565, 0.628, 0.851, 0.698, 0.661, 0.799, 0.234, 0.191, 0.214, 0.189, 0.132, 0.104, 0.089, 0.108, 0.137], "st": {"tick": 573210, "goal": 0, "here": 1}, "d11": "0.704", "tag": "sit"}
{"t": 1788325792.5, "x": -3.37, "y": 4.18, "h": 75.0, "L": [0.312, 0.561, 0.628, 0.849, 0.698, 0.67, 0.809, 0.229, 0.205, -1.0, 0.193, 0.118, 0.101, 0.082, 0.101, 0.155], "st": {"tick": 573410, "goal": 0, "here": 1}, "d11": "0.626", "tag": "sit"}
{"t": 1788325794.6, "x": -3.37, "y": 4.18, "h": 77.1, "L": [0.322, 0.553, 0.623, 0.852, 0.696, 0.672, 0.809, 0.229, 0.208, 0.21, 0.201, 0.107, 0.084, 0.078, 0.104, 0.142], "st": {"tick": 573610, "goal": 0, "here": 1}, "d11": "0.668", "tag": "sit"}
{"t": 1788325796.6, "x": -3.37, "y": 4.18, "h": 75.2, "L": [0.312, 0.563, 0.621, 0.829, 0.681, 0.658, 0.801, 0.248, 0.203, 0.227, 0.192, 0.119, 0.082, 0.091, 0.089, 0.156], "st": {"tick": 573810, "goal": 0, "here": 1}, "d11": "0.740", "tag": "sit"}
{"t": 1788325798.6, "x": -3.37, "y": 4.18, "h": 76.4, "L": [0.315, 0.559, 0.63, 0.855, 0.692, 0.661, 0.813, 0.231, 0.229, 0.207, 0.208, 0.107, 0.095, 0.095, 0.112, 0.139], "st": {"tick": 574011, "goal": 0, "here": 1}, "d11": "0.816", "tag": "sit"}
{"t": 1788325800.6, "x": -3.37, "y": 4.18, "h": 76.6, "L": [0.318, 0.544, 0.617, 0.853, 0.687, 0.673, 0.809, 0.239, 0.206, 0.213, 0.199, 0.111, 0.096, 0.098, 0.099, 0.147], "st": {"tick": 574216, "goal": 0, "here": 1}, "d11": "0.839", "tag": "sit"}
{"t": 1788325802.6, "x": -3.37, "y": 4.18, "h": 75.5, "L": [0.302, 0.564, 0.618, 0.86, 0.679, 0.654, 0.809, 0.23, 0.209, 0.222, 0.201, 0.126, 0.084, 0.097, 0.097, 0.126], "st": {"tick": 574416, "goal": 0, "here": 1}, "d11": "0.832", "tag": "sit"}
{"t": 1788325804.7, "x": -3.37, "y": 4.18, "h": 78.9, "L": [0.291, 0.556, 0.647, 0.844, 0.682, 0.666, 0.807, 0.227, 0.206, 0.212, 0.195, 0.116, 0.1, 0.097, 0.105, 0.15], "st": {"tick": 574622, "goal": 0, "here": 1}, "d11": "0.833", "tag": "sit"}
{"t": 1788325806.7, "x": -3.37, "y": 4.18, "h": 74.9, "L": [0.329, 0.555, 0.613, 0.859, 0.72, 0.654, 0.814, 0.231, 0.206, 0.216, 0.169, 0.112, 0.095, 0.1, 0.109, -1.0], "st": {"tick": 574822, "goal": 0, "here": 1}, "d11": "0.844", "tag": "sit"}
{"t": 1788325808.7, "x": -3.37, "y": 4.18, "h": 78.8, "L": [0.33, 0.551, 0.635, 0.87, 0.68, 0.682, 0.817, 0.257, 0.206, 0.203, 0.182, 0.11, 0.11, 0.096, 0.101, 0.135], "st": {"tick": 575022, "goal": 0, "here": 1}, "d11": "0.853", "tag": "sit"}
{"t": 1788325810.7, "x": -3.37, "y": 4.18, "h": 74.8, "L": [0.322, 0.542, 0.615, 0.86, 0.669, 0.669, 0.796, 0.24, 0.225, 0.219, 0.194, 0.125, 0.092, 0.092, 0.111, 0.142], "st": {"tick": 575223, "goal": 0, "here": 1}, "d11": "0.855", "tag": "sit"}
{"t": 1788325812.7, "x": -3.37, "y": 4.18, "h": 74.9, "L": [0.33, 0.548, 0.636, 0.864, 0.683, 0.655, 0.794, 0.246, 0.216, 0.208, 0.193, 0.115, 0.083, 0.094, 0.093, 0.155], "st": {"tick": 575423, "goal": 0, "here": 1}, "d11": "0.773", "tag": "sit"}
{"t": 1788325814.7, "x": -3.37, "y": 4.18, "h": 75.7, "L": [0.294, 0.541, 0.645, 0.851, 0.7, 0.676, 0.783, 0.244, 0.205, 0.226, 0.188, 0.099, 0.107, 0.094, 0.106, 0.124], "st": {"tick": 575623, "goal": 0, "here": 1}, "d11": "0.708", "tag": "sit"}
{"t": 1788325816.7, "x": -3.37, "y": 4.18, "h": 76.8, "L": [0.325, 0.564, 0.633, 0.837, 0.676, 0.671, 0.818, 0.233, 0.199, 0.217, 0.181, 0.122, 0.105, 0.102, 0.096, 0.145], "st": {"tick": 575823, "goal": 0, "here": 1}, "d11": "0.626", "tag": "sit"}
{"t": 1788325818.7, "x": -3.37, "y": 4.18, "h": 76.2, "L": [0.329, 0.555, 0.639, 0.811, 0.69, 0.681, 0.804, 0.248, 0.205, 0.215, 0.204, 0.12, 0.091, 0.09, 0.1, 0.151], "st": {"tick": 576024, "goal": 0, "here": 1}, "d11": "0.638", "tag": "sit"}
{"t": 1788325820.7, "x": -3.37, "y": 4.18, "h": 74.3, "L": [0.315, 0.569, 0.625, 0.844, 0.694, 0.669, 0.807, 0.251, 0.234, 0.231, 0.171, 0.111, 0.096, 0.099, 0.109, 0.156], "st": {"tick": 576224, "goal": 0, "here": 1}, "d11": "0.701", "tag": "sit"}
{"t": 1788325822.7, "x": -3.37, "y": 4.18, "h": 73.6, "L": [0.311, 0.556, 0.623, 0.851, 0.671, 0.665, 0.806, 0.242, 0.224, 0.227, 0.19, 0.105, 0.101, 0.09, 0.099, 0.132], "st": {"tick": 576424, "goal": 0, "here": 1}, "d11": "0.791", "tag": "sit"}
{"t": 1788325824.7, "x": -3.37, "y": 4.18, "h": 78.4, "L": [0.303, 0.558, 0.629, -1.0, 0.684, 0.658, 0.801, 0.249, 0.213, 0.221, 0.198, 0.093, 0.093, 0.101, 0.111, 0.137], "st": {"tick": 576625, "goal": 0, "here": 1}, "d11": "0.843", "tag": "sit"}
{"t": 1788325826.7, "x": -3.37, "y": 4.18, "h": 74.8, "L": [0.319, 0.565, 0.612, 0.84, 0.676, 0.673, 0.794, 0.237, 0.209, 0.222, 0.196, 0.113, 0.094, 0.084, 0.108, 0.14], "st": {"tick": 576825, "goal": 0, "here": 1}, "d11": "0.811", "tag": "sit"}
{"t": 1788325835.3, "x": -3.37, "y": 4.18, "h": 278.7, "L": [0.2, 0.177, 0.1, 0.085, 0.083, 0.101, 0.141, 0.333, 0.573, 0.641, 0.853, 0.692, 0.651, 0.787, 0.194, 0.197], "st": {"tick": 577689, "goal": 0, "here": 1}, "d11": "0.628", "tag": "off"}
{"t": 1788325844.6, "x": -3.37, "y": 4.18, "h": 79.7, "L": [0.363, -1.0, 0.593, 0.793, 0.699, 0.671, 0.841, 0.855, 0.242, 0.222, 0.188, 0.112, 0.091, 0.097, 0.106, 0.165], "st": {"tick": 578617, "goal": 0, "here": 1}, "d11": "0.814", "tag": "reenter"}
{"t": 1788325844.6, "x": -3.37, "y": 4.18, "h": 82.4, "L": [0.364, 0.537, 0.601, 0.817, 0.673, 0.669, 0.807, -1.0, 0.246, 0.248, 0.192, 0.107, 0.081, 0.105, -1.0, 0.141], "st": {"tick": 578620, "goal": 0, "here": 1}, "d11": "0.801", "tag": "back"}
{"t": 1788325844.7, "x": -3.37, "y": 4.18, "h": 82.9, "L": [0.349, 0.534, 0.606, 0.811, 0.677, 0.66, 0.798, 0.865, 0.255, 0.237, 0.182, 0.132, 0.102, 0.099, 0.097, 0.159], "st": {"tick": 578623, "goal": 0, "here": 1}, "d11": "0.804", "tag": "sit"}
{"t": 1788325846.7, "x": -3.37, "y": 4.18, "h": 80.5, "L": [0.372, 0.514, 0.58, 0.822, 0.677, 0.677, 0.801, 0.848, 0.247, 0.236, 0.176, 0.109, 0.091, 0.082, 0.121, 0.166], "st": {"tick": 578826, "goal": 0, "here": 1}, "d11": "0.839", "tag": "sit"}
{"t": 1788325848.7, "x": -3.37, "y": 4.18, "h": 79.1, "L": [0.383, 0.523, 0.598, 0.823, 0.679, 0.66, 0.8, 0.857, 0.237, 0.245, 0.17, 0.111, 0.095, 0.108, 0.113, 0.163], "st": {"tick": 579026, "goal": 0, "here": 1}, "d11": "0.818", "tag": "sit"}
{"t": 1788325850.7, "x": -3.37, "y": 4.18, "h": 81.3, "L": [0.36, 0.522, 0.621, 0.828, 0.687, 0.67, 0.814, 0.848, 0.239, 0.243, 0.167, 0.1, 0.091, 0.081, 0.098, 0.154], "st": {"tick": 579226, "goal": 0, "here": 1}, "d11": "0.742", "tag": "sit"}
{"t": 1788325852.7, "x": -3.37, "y": 4.18, "h": 80.4, "L": [0.383, 0.539, 0.605, 0.829, 0.675, 0.665, 0.811, 0.878, 0.245, 0.229, 0.182, 0.126, 0.088, 0.095, 0.111, 0.156], "st": {"tick": 579427, "goal": 0, "here": 1}, "d11": "0.630", "tag": "sit"}
{"t": 1788325854.7, "x": -3.37, "y": 4.18, "h": 78.7, "L": [0.362, 0.514, 0.607, 0.81, 0.678, 0.659, 0.841, 0.864, 0.261, 0.235, 0.173, 0.119, 0.095, 0.104, 0.094, 0.154], "st": {"tick": 579627, "goal": 0, "here": 1}, "d11": "0.614", "tag": "sit"}
{"t": 1788325856.7, "x": -3.37, "y": 4.18, "h": 78.3, "L": [0.366, -1.0, 0.613, 0.816, 0.665, 0.664, 0.813, 0.84, 0.231, 0.24, 0.174, -1.0, 0.094, 0.084, 0.116, -1.0], "st": {"tick": 579827, "goal": 0, "here": 1}, "d11": "0.694", "tag": "sit"}
{"t": 1788325858.7, "x": -3.37, "y": 4.18, "h": 79.4, "L": [0.354, 0.52, -1.0, 0.842, 0.684, 0.669, 0.813, 0.843, 0.239, 0.227, 0.176, 0.122, 0.095, 0.089, 0.105, 0.159], "st": {"tick": 580028, "goal": 0, "here": 1}, "d11": "0.777", "tag": "sit"}
{"t": 1788325860.7, "x": -3.37, "y": 4.18, "h": 80.4, "L": [0.354, 0.522, 0.604, 0.824, 0.685, 0.68, 0.814, 0.841, 0.228, -1.0, 0.181, 0.108, 0.104, 0.082, -1.0, 0.161], "st": {"tick": 580228, "goal": 0, "here": 1}, "d11": "0.829", "tag": "sit"}
{"t": 1788325862.7, "x": -3.37, "y": 4.18, "h": 80.7, "L": [0.354, 0.528, 0.609, 0.823, 0.676, 0.671, 0.815, 0.853, 0.228, 0.253, 0.18, 0.104, -1.0, 0.097, 0.111, 0.137], "st": {"tick": 580428, "goal": 0, "here": 1}, "d11": "0.799", "tag": "sit"}
{"t": 1788325864.8, "x": -3.37, "y": 4.18, "h": 74.2, "L": [0.362, 0.53, 0.606, 0.828, 0.694, 0.676, 0.802, 0.848, 0.238, 0.244, 0.182, 0.119, 0.092, 0.086, 0.116, 0.15], "st": {"tick": 580634, "goal": 0, "here": 1}, "d11": "0.851", "tag": "sit"}
{"t": 1788325866.8, "x": -3.37, "y": 4.18, "h": 76.5, "L": [0.366, 0.528, 0.604, 0.805, 0.679, 0.675, 0.819, 0.869, 0.23, 0.25, 0.188, 0.115, 0.097, 0.102, 0.105, 0.138], "st": {"tick": 580834, "goal": 0, "here": 1}, "d11": "0.835", "tag": "sit"}
{"t": 1788325868.8, "x": -3.37, "y": 4.18, "h": 79.2, "L": [0.353, 0.513, 0.612, 0.834, 0.675, 0.694, 0.828, 0.84, 0.239, 0.259, 0.172, 0.103, 0.094, 0.103, 0.089, 0.142], "st": {"tick": 581035, "goal": 0, "here": 1}, "d11": "0.849", "tag": "sit"}
{"t": 1788325870.8, "x": -3.37, "y": 4.18, "h": 76.8, "L": [0.364, 0.512, 0.586, 0.822, 0.681, 0.677, 0.817, 0.85, 0.247, 0.23, 0.189, 0.11, 0.085, -1.0, 0.101, 0.151], "st": {"tick": 581237, "goal": 0, "here": 1}, "d11": "0.751", "tag": "sit"}
{"t": 1788325872.9, "x": -3.37, "y": 4.18, "h": 79.7, "L": [0.376, 0.532, 0.614, 0.827, 0.705, 0.66, 0.81, 0.859, 0.239, 0.266, 0.164, 0.104, 0.078, 0.106, 0.099, 0.156], "st": {"tick": 581441, "goal": 0, "here": 1}, "d11": "0.615", "tag": "sit"}
{"t": 1788325874.9, "x": -3.37, "y": 4.18, "h": 79.1, "L": [0.359, 0.526, -1.0, 0.823, 0.697, 0.675, 0.816, 0.876, 0.242, 0.241, 0.179, 0.124, 0.099, 0.091, 0.101, 0.161], "st": {"tick": 581649, "goal": 0, "here": 1}, "d11": "0.473", "tag": "sit"}
{"t": 1788325876.9, "x": -3.37, "y": 4.18, "h": 76.3, "L": [0.373, 0.526, 0.613, 0.821, 0.687, 0.678, 0.807, 0.857, 0.246, 0.249, 0.181, 0.096, 0.1, 0.082, 0.116, 0.163], "st": {"tick": 581849, "goal": 0, "here": 1}, "d11": "0.428", "tag": "sit"}
{"t": 1788325878.9, "x": -3.37, "y": 4.18, "h": 81.0, "L": [0.363, 0.508, 0.6, 0.818, 0.696, 0.667, 0.811, 0.85, 0.248, 0.249, 0.177, 0.11, 0.106, 0.103, 0.118, 0.152], "st": {"tick": 582049, "goal": 0, "here": 1}, "d11": "0.353", "tag": "sit"}
{"t": 1788325880.9, "x": -3.37, "y": 4.18, "h": 73.8, "L": [0.35, 0.509, 0.589, 0.824, 0.675, 0.664, 0.805, 0.85, 0.234, 0.249, 0.185, 0.116, 0.102, 0.074, 0.09, 0.166], "st": {"tick": 582250, "goal": 0, "here": 1}, "d11": "0.351", "tag": "sit"}
{"t": 1788325883.0, "x": -3.37, "y": 4.18, "h": 81.9, "L": [0.376, 0.541, 0.603, 0.812, 0.675, 0.67, 0.821, 0.864, 0.231, 0.253, 0.175, 0.106, 0.091, 0.103, 0.093, 0.171], "st": {"tick": 582450, "goal": 0, "here": 1}, "d11": "0.393", "tag": "sit"}
{"t": 1788325891.8, "x": -3.37, "y": 4.18, "h": 279.6, "L": [0.199, 0.163, 0.121, 0.088, 0.094, 0.1, 0.133, 0.351, 0.561, 0.658, 0.828, 0.658, -1.0, 0.786, 0.217, 0.221], "st": {"tick": 583334, "goal": 0, "here": 1}, "d11": "0.473", "tag": "off"}
{"t": 1788325901.2, "x": -3.37, "y": 4.18, "h": 76.4, "L": [0.354, 0.503, 0.558, 0.812, -1.0, 0.662, 0.83, 0.889, -1.0, 0.28, 0.183, 0.129, 0.099, 0.109, 0.117, 0.141], "st": {"tick": 584275, "goal": 0, "here": 1}, "d11": "0.438", "tag": "reenter"}
{"t": 1788325901.2, "x": -3.37, "y": 4.18, "h": 79.2, "L": [0.313, 0.5, 0.581, 0.819, 0.689, 0.663, 0.819, 0.896, 0.271, 0.283, 0.166, 0.126, 0.104, 0.109, 0.09, 0.154], "st": {"tick": 584277, "goal": 0, "here": 1}, "d11": "0.456", "tag": "back"}
{"t": 1788325901.2, "x": -3.37, "y": 4.18, "h": 77.0, "L": [0.348, 0.499, 0.553, 0.796, 0.685, 0.671, 0.833, 0.918, 0.281, 0.28, 0.177, 0.117, 0.11, 0.086, 0.117, 0.151], "st": {"tick": 584280, "goal": 0, "here": 1}, "d11": "0.437", "tag": "sit"}
{"t": 1788325903.3, "x": -3.37, "y": 4.18, "h": 79.4, "L": [0.361, 0.514, 0.559, 0.821, 0.678, 0.636, 0.833, 0.923, 0.262, 0.303, 0.175, 0.121, 0.083, 0.118, 0.112, 0.152], "st": {"tick": 584483, "goal": 0, "here": 1}, "d11": "0.483", "tag": "sit"}
{"t": 1788325905.3, "x": -3.37, "y": 4.18, "h": 77.1, "L": [0.346, 0.47, 0.563, 0.794, 0.691, 0.653, 0.836, 0.899, 0.263, 0.278, 0.175, 0.128, 0.093, 0.095, 0.099, 0.153], "st": {"tick": 584683, "goal": 0, "here": 1}, "d11": "0.513", "tag": "sit"}
{"t": 1788325907.3, "x": -3.37, "y": 4.18, "h": 78.5, "L": [0.35, 0.492, 0.576, 0.81, 0.697, 0.678, 0.835, 0.904, 0.255, 0.278, 0.172, 0.108, 0.084, 0.088, 0.115, 0.144], "st": {"tick": 584888, "goal": 0, "here": 1}, "d11": "0.479", "tag": "sit"}
{"t": 1788325909.3, "x": -3.37, "y": 4.18, "h": 79.2, "L": [0.337, 0.491, 0.564, 0.801, 0.693, 0.671, 0.831, 0.901, 0.258, 0.272, 0.207, 0.127, 0.098, 0.085, 0.097, 0.137], "st": {"tick": 585089, "goal": 0, "here": 1}, "d11": "0.426", "tag": "sit"}
{"t": 1788325911.3, "x": -3.37, "y": 4.18, "h": 74.4, "L": [0.343, 0.483, 0.554, 0.801, 0.666, 0.67, 0.832, 0.895, 0.262, 0.306, 0.198, 0.115, 0.134, 0.1, 0.092, 0.131], "st": {"tick": 585289, "goal": 0, "here": 1}, "d11": "0.370", "tag": "sit"}
{"t": 1788325913.3, "x": -3.37, "y": 4.18, "h": 77.3, "L": [0.356, 0.494, 0.557, 0.792, 0.674, -1.0, 0.835, 0.875, 0.28, 0.288, 0.194, 0.087, 0.082, 0.092, 0.102, 0.143], "st": {"tick": 585489, "goal": 0, "here": 1}, "d11": "0.364", "tag": "sit"}
{"t": 1788325915.4, "x": -3.37, "y": 4.18, "h": 79.3, "L": [0.341, 0.489, 0.56, 0.809, 0.689, 0.668, 0.841, 0.903, 0.243, 0.258, 0.166, 0.11, 0.091, 0.08, 0.111, 0.146], "st": {"tick": 585690, "goal": 0, "here": 1}, "d11": "0.363", "tag": "sit"}
{"t": 1788325917.4, "x": -3.37, "y": 4.18, "h": 79.8, "L": [0.375, 0.493, 0.542, 0.792, -1.0, 0.676, 0.833, 0.891, 0.26, 0.278, 0.183, 0.1, 0.093, 0.095, 0.106, 0.139], "st": {"tick": 585891, "goal": 0, "here": 1}, "d11": "0.352", "tag": "sit"}
{"t": 1788325919.4, "x": -3.37, "y": 4.18, "h": 81.3, "L": [0.352, 0.485, 0.549, 0.775, 0.688, 0.664, 0.826, 0.901, 0.255, 0.287, 0.185, 0.134, 0.097, 0.094, 0.099, 0.145], "st": {"tick": 586091, "goal": 0, "here": 1}, "d11": "0.363", "tag": "sit"}
{"t": 1788325921.4, "x": -3.37, "y": 4.18, "h": 78.2, "L": [0.343, 0.495, 0.544, 0.796, 0.692, 0.664, 0.845, 0.886, 0.266, 0.278, 0.197, 0.125, 0.093, 0.093, 0.093, 0.141], "st": {"tick": 586291, "goal": 0, "here": 1}, "d11": "0.375", "tag": "sit"}
{"t": 1788325923.4, "x": -3.37, "y": 4.18, "h": 78.5, "L": [0.352, 0.493, 0.561, 0.803, 0.692, 0.663, 0.838, 0.903, 0.273, 0.287, 0.166, 0.115, 0.096, 0.101, 0.115, 0.143], "st": {"tick": 586492, "goal": 0, "here": 1}, "d11": "0.360", "tag": "sit"}
{"t": 1788325925.4, "x": -3.37, "y": 4.18, "h": 81.1, "L": [0.357, 0.466, 0.574, 0.794, 0.661, 0.68, 0.831, 0.914, 0.269, 0.282, 0.183, 0.127, 0.099, 0.081, 0.107, 0.139], "st": {"tick": 586692, "goal": 0, "here": 1}, "d11": "0.368", "tag": "sit"}
{"t": 1788325927.4, "x": -3.37, "y": 4.18, "h": 76.7, "L": [0.336, 0.498, 0.57, 0.802, 0.69, 0.666, 0.837, 0.883, 0.271, 0.275, 0.195, 0.094, 0.106, 0.083, 0.103, 0.134], "st": {"tick": 586892, "goal": 0, "here": 1}, "d11": "0.351", "tag": "sit"}
{"t": 1788325929.4, "x": -3.37, "y": 4.18, "h": 77.7, "L": [0.341, 0.484, 0.553, 0.794, 0.68, 0.655, 0.827, 0.899, 0.275, 0.277, 0.167, 0.105, 0.082, 0.109, 0.098, 0.137], "st": {"tick": 587093, "goal": 0, "here": 1}, "d11": "0.353", "tag": "sit"}
{"t": 1788325931.4, "x": -3.37, "y": 4.18, "h": 75.3, "L": [0.358, 0.512, 0.563, 0.799, 0.689, 0.646, 0.827, 0.898, 0.27, 0.283, 0.179, 0.127, 0.107, 0.105, 0.119, 0.141], "st": {"tick": 587293, "goal": 0, "here": 1}, "d11": "0.356", "tag": "sit"}
{"t": 1788325933.4, "x": -3.37, "y": 4.18, "h": 79.7, "L": [0.346, 0.493, 0.579, 0.806, 0.69, 0.664, 0.827, 0.91, 0.262, 0.283, 0.175, 0.114, 0.092, 0.092, 0.108, 0.156], "st": {"tick": 587493, "goal": 0, "here": 1}, "d11": "0.356", "tag": "sit"}
{"t": 1788325935.4, "x": -3.37, "y": 4.18, "h": 79.1, "L": [0.354, 0.482, 0.567, 0.813, 0.663, 0.659, 0.83, 0.886, 0.269, 0.282, 0.176, 0.107, 0.092, 0.089, 0.106, 0.134], "st": {"tick": 587694, "goal": 0, "here": 1}, "d11": "0.354", "tag": "sit"}
{"t": 1788325937.4, "x": -3.37, "y": 4.18, "h": 77.9, "L": [0.347, 0.493, 0.57, 0.809, 0.661, 0.679, 0.824, 0.864, 0.276, 0.273, 0.193, 0.093, 0.085, 0.092, 0.12, 0.161], "st": {"tick": 587894, "goal": 0, "here": 1}, "d11": "0.355", "tag": "sit"}
{"t": 1788325939.4, "x": -3.37, "y": 4.18, "h": 77.9, "L": [0.371, 0.49, 0.551, 0.808, 0.677, 0.67, 0.824, 0.898, 0.261, 0.279, 0.181, 0.122, 0.107, -1.0, 0.108, 0.168], "st": {"tick": 588094, "goal": 0, "here": 1}, "d11": "0.351", "tag": "sit"}
{"t": 1788325948.9, "x": -3.37, "y": 4.18, "h": 279.1, "L": [0.191, 0.175, 0.12, 0.089, 0.093, 0.106, 0.134, 0.289, 0.586, 0.636, 0.873, 0.695, 0.667, -1.0, 0.218, 0.199], "st": {"tick": 589050, "goal": 0, "here": 1}, "d11": "0.558", "tag": "off"}
{"t": 1788325957.7, "x": -3.37, "y": 4.18, "h": 74.0, "L": [-1.0, 0.557, 0.613, 0.853, 0.677, 0.669, 0.826, 0.859, 0.235, 0.225, 0.189, 0.11, 0.102, 0.085, 0.113, 0.144], "st": {"tick": 589921, "goal": 0, "here": 1}, "d11": "0.849", "tag": "reenter"}
{"t": 1788325957.7, "x": -3.37, "y": 4.18, "h": 79.2, "L": [0.309, 0.535, 0.629, 0.839, 0.679, 0.669, 0.808, 0.872, 0.204, 0.233, 0.205, 0.107, 0.093, 0.103, 0.105, 0.144], "st": {"tick": 589924, "goal": 0, "here": 1}, "d11": "0.828", "tag": "back"}
{"t": 1788325957.7, "x": -3.37, "y": 4.18, "h": 73.9, "L": [0.306, 0.563, 0.614, 0.853, 0.7, 0.672, 0.817, 0.849, 0.209, 0.227, 0.202, 0.114, 0.103, 0.1, 0.111, 0.151], "st": {"tick": 589927, "goal": 0, "here": 1}, "d11": "0.842", "tag": "sit"}
{"t": 1788325959.7, "x": -3.37, "y": 4.18, "h": 78.2, "L": [0.315, 0.541, 0.622, 0.869, 0.698, 0.659, 0.805, 0.862, 0.217, 0.212, 0.202, 0.124, -1.0, 0.091, 0.1, 0.143], "st": {"tick": 590129, "goal": 0, "here": 1}, "d11": "0.794", "tag": "sit"}
{"t": 1788325961.7, "x": -3.37, "y": 4.18, "h": 76.4, "L": [0.3, 0.535, 0.604, 0.855, 0.693, 0.675, 0.803, 0.848, 0.194, 0.225, 0.198, 0.114, 0.09, 0.101, 0.105, 0.138], "st": {"tick": 590330, "goal": 0, "here": 1}, "d11": "0.716", "tag": "sit"}
{"t": 1788325963.7, "x": -3.37, "y": 4.18, "h": 76.0, "L": [0.317, 0.548, 0.626, 0.84, 0.687, 0.666, 0.817, 0.846, 0.226, 0.217, 0.201, 0.114, 0.105, 0.073, 0.099, 0.14], "st": {"tick": 590530, "goal": 0, "here": 1}, "d11": "0.705", "tag": "sit"}
{"t": 1788325965.8, "x": -3.37, "y": 4.18, "h": 76.8, "L": [0.313, 0.538, 0.611, 0.856, 0.691, 0.658, 0.814, 0.845, 0.209, 0.245, 0.211, 0.121, 0.086, 0.07, 0.088, 0.15], "st": {"tick": 590730, "goal": 0, "here": 1}, "d11": "0.798", "tag": "sit"}
{"t": 1788325967.8, "x": -3.37, "y": 4.18, "h": 75.3, "L": [0.324, -1.0, 0.612, 0.875, 0.696, 0.665, 0.803, 0.834, 0.204, 0.21, 0.192, 0.126, 0.091, 0.092, 0.095, 0.136], "st": {"tick": 590931, "goal": 0, "here": 1}, "d11": "0.778", "tag": "sit"}
{"t": 1788325969.8, "x": -3.37, "y": 4.18, "h": 79.4, "L": [0.32, 0.55, 0.621, 0.871, 0.708, 0.645, 0.825, 0.841, 0.194, 0.248, 0.204, 0.123, 0.075, 0.09, 0.106, 0.149], "st": {"tick": 591131, "goal": 0, "here": 1}, "d11": "0.805", "tag": "sit"}
{"t": 1788325971.8, "x": -3.37, "y": 4.18, "h": 73.1, "L": [0.294, 0.552, 0.617, 0.852, 0.681, 0.656, 0.808, 0.856, 0.211, 0.22, 0.184, 0.113, 0.088, 0.089, 0.089, 0.153], "st": {"tick": 591331, "goal": 0, "here": 1}, "d11": "0.843", "tag": "sit"}
{"t": 1788325973.8, "x": -3.37, "y": 4.18, "h": 77.4, "L": [0.311, 0.54, 0.619, 0.862, 0.695, 0.653, 0.816, 0.876, 0.217, 0.21, 0.198, 0.1, 0.104, 0.082, 0.085, 0.128], "st": {"tick": 591531, "goal": 0, "here": 1}, "d11": "0.807", "tag": "sit"}
{"t": 1788325975.8, "x": -3.37, "y": 4.18, "h": 76.2, "L": [0.3, 0.557, 0.615, 0.855, 0.674, 0.653, 0.815, 0.855, 0.219, 0.203, 0.208, 0.107, 0.113, 0.094, 0.092, 0.135], "st": {"tick": 591732, "goal": 0, "here": 1}, "d11": "0.730", "tag": "sit"}
{"t": 1788325977.8, "x": -3.37, "y": 4.18, "h": 77.5, "L": [0.32, 0.552, 0.598, 0.863, 0.694, 0.656, 0.795, 0.849, 0.185, 0.241, 0.206, 0.13, 0.093, 0.082, 0.103, 0.147], "st": {"tick": 591932, "goal": 0, "here": 1}, "d11": "0.621", "tag": "sit"}
{"t": 1788325979.8, "x": -3.37, "y": 4.18, "h": 76.4, "L": [0.306, 0.544, 0.616, 0.855, 0.688, 0.667, 0.804, 0.86, 0.203, 0.204, 0.201, 0.111, 0.084, 0.088, 0.119, 0.157], "st": {"tick": 592133, "goal": 0, "here": 1}, "d11": "0.642", "tag": "sit"}
{"t": 1788325981.8, "x": -3.37, "y": 4.18, "h": 74.3, "L": [0.322, 0.565, 0.611, 0.867, 0.687, 0.658, 0.834, 0.862, 0.196, 0.223, 0.193, 0.129, 0.109, 0.084, 0.115, 0.155], "st": {"tick": 592333, "goal": 0, "here": 1}, "d11": "0.720", "tag": "sit"}
{"t": 1788325983.8, "x": -3.37, "y": 4.18, "h": 76.6, "L": [0.312, 0.54, 0.607, 0.852, 0.701, 0.674, 0.814, 0.85, 0.21, -1.0, 0.219, 0.127, 0.094, 0.104, 0.106, 0.149], "st": {"tick": 592533, "goal": 0, "here": 1}, "d11": "0.809", "tag": "sit"}
{"t": 1788325985.8, "x": -3.37, "y": 4.18, "h": 74.4, "L": [0.293, 0.55, 0.621, 0.854, 0.694, 0.667, 0.804, 0.851, 0.222, 0.226, 0.188, 0.116, 0.104, 0.101, 0.121, 0.131], "st": {"tick": 592734, "goal": 0, "here": 1}, "d11": "0.841", "tag": "sit"}
{"t": 1788325987.8, "x": -3.37, "y": 4.18, "h": 80.1, "L": [0.325, 0.549, 0.604, 0.849, 0.696, 0.674, 0.816, 0.851, 0.217, 0.213, 0.197, 0.111, 0.101, 0.098, 0.09, 0.12], "st": {"tick": 592934, "goal": 0, "here": 1}, "d11": "0.812", "tag": "sit"}
{"t": 1788325989.8, "x": -3.37, "y": 4.18, "h": 75.0, "L": [0.307, 0.54, 0.614, 0.835, 0.684, 0.649, 0.819, 0.855, 0.204, 0.235, 0.215, 0.113, 0.09, 0.079, 0.093, 0.141], "st": {"tick": 593134, "goal": 0, "here": 1}, "d11": "0.845", "tag": "sit"}
{"t": 1788325991.8, "x": -3.37, "y": 4.18, "h": 76.4, "L": [0.312, 0.541, 0.626, 0.849, 0.68, 0.657, 0.809, 0.843, 0.209, 0.243, 0.184, 0.135, 0.095, 0.086, 0.085, 0.145], "st": {"tick": 593335, "goal": 0, "here": 1}, "d11": "0.785", "tag": "sit"}
{"t": 1788325993.8, "x": -3.37, "y": 4.18, "h": 76.8, "L": [0.31, 0.54, 0.628, 0.844, 0.699, 0.654, 0.802, 0.854, 0.208, 0.231, 0.201, 0.117, 0.093, 0.094, 0.099, 0.14], "st": {"tick": 593535, "goal": 0, "here": 1}, "d11": "0.715", "tag": "sit"}
{"t": 1788325995.8, "x": -3.37, "y": 4.18, "h": 73.5, "L": [0.286, 0.543, 0.592, 0.862, 0.7, 0.676, 0.831, 0.853, 0.217, 0.215, 0.197, 0.107, 0.087, -1.0, 0.101, 0.135], "st": {"tick": 593735, "goal": 0, "here": 1}, "d11": "0.621", "tag": "sit"}
{"t": 1788326004.5, "x": -3.37, "y": 4.18, "h": 277.8, "L": [0.184, 0.157, 0.119, 0.097, 0.088, 0.108, 0.131, 0.339, 0.593, 0.681, 0.844, 0.669, 0.675, 0.773, 0.193, 0.17], "st": {"tick": 594604, "goal": 0, "here": 1}, "d11": "0.833", "tag": "off"}
{"t": 1788326014.2, "x": -3.37, "y": 4.18, "h": 78.5, "L": [0.376, 0.495, 0.571, 0.823, 0.683, 0.645, 0.824, 0.887, 0.248, 0.259, 0.177, 0.116, 0.083, 0.095, 0.098, 0.157], "st": {"tick": 595573, "goal": 0, "here": 1}, "d11": "0.614", "tag": "reenter"}
{"t": 1788326014.2, "x": -3.37, "y": 4.18, "h": 78.3, "L": [0.389, 0.493, 0.604, 0.813, 0.684, -1.0, 0.825, 0.885, 0.259, 0.282, 0.156, 0.104, 0.089, 0.109, 0.117, 0.161], "st": {"tick": 595576, "goal": 0, "here": 1}, "d11": "0.613", "tag": "back"}
{"t": 1788326014.2, "x": -3.37, "y": 4.18, "h": 79.3, "L": [0.391, 0.512, 0.574, 0.824, 0.684, 0.653, 0.807, 0.87, 0.253, 0.264, 0.181, 0.1, 0.1, 0.079, 0.109, 0.159], "st": {"tick": 595579, "goal": 0, "here": 1}, "d11": "0.609", "tag": "sit"}
{"t": 1788326016.3, "x": -3.37, "y": 4.18, "h": 79.0, "L": [0.386, 0.503, 0.588, 0.82, 0.68, 0.662, 0.834, 0.879, 0.251, 0.257, 0.177, 0.095, 0.082, 0.087, 0.122, 0.138], "st": {"tick": 595782, "goal": 0, "here": 1}, "d11": "0.655", "tag": "sit"}
{"t": 1788326018.3, "x": -3.37, "y": 4.18, "h": 78.9, "L": [0.4, 0.512, 0.589, 0.805, 0.667, 0.678, 0.838, 0.861, 0.26, 0.277, 0.18, 0.11, 0.083, 0.087, 0.094, 0.14], "st": {"tick": 595987, "goal": 0, "here": 1}, "d11": "0.693", "tag": "sit"}
{"t": 1788326020.3, "x": -3.37, "y": 4.18, "h": 81.8, "L": [0.386, 0.495, 0.574, 0.824, 0.654, 0.675, -1.0, 0.871, 0.262, 0.268, 0.159, 0.104, 0.094, 0.1, 0.114, 0.152], "st": {"tick": 596187, "goal": 0, "here": 1}, "d11": "0.694", "tag": "sit"}
{"t": 1788326022.3, "x": -3.37, "y": 4.18, "h": 78.2, "L": [0.384, 0.51, 0.579, 0.8, 0.668, 0.649, 0.815, 0.874, 0.253, 0.264, 0.168, 0.106, 0.1, 0.089, 0.099, 0.148], "st": {"tick": 596387, "goal": 0, "here": 1}, "d11": "0.543", "tag": "sit"}
{"t": 1788326024.3, "x": -3.37, "y": 4.18, "h": 81.2, "L": [0.381, 0.494, 0.58, 0.814, 0.688, 0.675, 0.805, 0.881, 0.232, 0.252, 0.163, 0.12, 0.105, 0.109, 0.113, 0.149], "st": {"tick": 596588, "goal": 0, "here": 1}, "d11": "0.551", "tag": "sit"}
{"t": 1788326026.3, "x": -3.37, "y": 4.18, "h": 79.8, "L": [0.387, 0.508, 0.592, 0.811, 0.683, 0.652, 0.816, 0.868, 0.285, 0.266, 0.181, 0.106, 0.081, 0.095, 0.107, 0.169], "st": {"tick": 596788, "goal": 0, "here": 1}, "d11": "0.552", "tag": "sit"}
{"t": 1788326028.3, "x": -3.37, "y": 4.18, "h": 79.3, "L": [0.385, 0.501, 0.592, 0.824, 0.673, 0.67, 0.84, 0.876, 0.255, 0.255, 0.172, 0.124, 0.11, 0.089, 0.094, 0.145], "st": {"tick": 596988, "goal": 0, "here": 1}, "d11": "0.557", "tag": "sit"}
{"t": 1788326030.4, "x": -3.37, "y": 4.18, "h": 81.4, "L": [0.411, 0.492, 0.593, 0.816, 0.674, 0.675, -1.0, 0.875, 0.248, 0.248, 0.166, 0.104, 0.09, 0.096, 0.089, 0.167], "st": {"tick": 597189, "goal": 0, "here": 1}, "d11": "0.572", "tag": "sit"}
{"t": 1788326032.4, "x": -3.37, "y": 4.18, "h": 82.3, "L": [0.406, 0.522, 0.58, 0.783, 0.669, 0.654, 0.826, 0.867, 0.255, 0.263, 0.186, 0.118, 0.069, 0.09, 0.112, 0.152], "st": {"tick": 597396, "goal": 0, "here": 1}, "d11": "0.667", "tag": "sit"}
{"t": 1788326034.4, "x": -3.37, "y": 4.18, "h": 78.7, "L": [0.395, 0.534, 0.584, 0.816, 0.672, 0.68, 0.828, 0.899, 0.231, 0.244, 0.177, 0.085, 0.085, 0.102, 0.113, 0.155], "st": {"tick": 597596, "goal": 0, "here": 1}, "d11": "0.777", "tag": "sit"}
{"t": 1788326036.4, "x": -3.37, "y": 4.18, "h": 80.5, "L": [0.399, 0.494, 0.59, 0.82, 0.7, 0.663, 0.823, 0.876, 0.256, 0.264, 0.176, 0.119, 0.103, 0.083, 0.104, 0.145], "st": {"tick": 597796, "goal": 0, "here": 1}, "d11": "0.811", "tag": "sit"}
{"t": 1788326038.4, "x": -3.37, "y": 4.18, "h": 80.6, "L": [0.364, 0.504, 0.597, 0.807, 0.666, 0.682, 0.812, 0.847, 0.25, 0.28, 0.161, 0.107, 0.091, 0.088, 0.113, 0.167], "st": {"tick": 597997, "goal": 0, "here": 1}, "d11": "0.797", "tag": "sit"}
{"t": 1788326040.4, "x": -3.37, "y": 4.18, "h": 80.9, "L": [0.388, 0.522, 0.576, 0.804, 0.655, 0.669, 0.838, 0.865, 0.28, 0.272, 0.167, 0.112, 0.086, 0.101, 0.108, 0.145], "st": {"tick": 598197, "goal": 0, "here": 1}, "d11": "0.840", "tag": "sit"}
{"t": 1788326042.4, "x": -3.37, "y": 4.18, "h": 80.8, "L": [0.392, 0.511, 0.591, 0.812, 0.681, 0.656, 0.821, 0.869, 0.268, 0.267, 0.169, 0.089, 0.092, 0.082, 0.103, 0.17], "st": {"tick": 598398, "goal": 0, "here": 1}, "d11": "0.808", "tag": "sit"}
{"t": 1788326044.4, "x": -3.37, "y": 4.18, "h": 74.7, "L": [0.396, 0.508, 0.586, 0.825, 0.67, 0.647, 0.811, 0.87, 0.258, 0.261, 0.18, 0.108, 0.1, 0.099, 0.114, 0.172], "st": {"tick": 598598, "goal": 0, "here": 1}, "d11": "0.747", "tag": "sit"}
{"t": 1788326046.4, "x": -3.37, "y": 4.18, "h": 79.0, "L": [0.369, 0.527, 0.594, 0.816, 0.685, 0.672, 0.825, 0.852, 0.263, 0.269, 0.176, 0.112, 0.086, 0.099, 0.116, 0.158], "st": {"tick": 598798, "goal": 0, "here": 1}, "d11": "0.622", "tag": "sit"}
{"t": 1788326048.4, "x": -3.37, "y": 4.18, "h": 78.5, "L": [0.386, 0.509, 0.591, 0.815, 0.674, 0.668, 0.821, 0.86, 0.251, 0.274, 0.177, 0.11, 0.084, 0.091, 0.126, 0.16], "st": {"tick": 598999, "goal": 0, "here": 1}, "d11": "0.600", "tag": "sit"}
{"t": 1788326050.4, "x": -3.37, "y": 4.18, "h": 76.4, "L": [0.381, 0.508, 0.587, 0.818, 0.68, 0.657, 0.812, -1.0, 0.247, 0.246, 0.155, -1.0, 0.083, 0.087, 0.092, 0.146], "st": {"tick": 599199, "goal": 0, "here": 1}, "d11": "0.626", "tag": "sit"}
{"t": 1788326052.4, "x": -3.37, "y": 4.18, "h": 78.5, "L": [0.384, 0.512, 0.59, 0.822, 0.682, 0.682, 0.846, 0.87, 0.258, 0.272, 0.177, 0.113, 0.084, 0.072, 0.103, 0.152], "st": {"tick": 599400, "goal": 0, "here": 1}, "d11": "0.632", "tag": "sit"}
{"t": 1788326061.9, "x": -3.37, "y": 4.18, "h": 278.7, "L": [0.174, 0.152, 0.104, 0.084, 0.097, 0.109, 0.158, 0.326, 0.591, 0.658, 0.836, 0.684, 0.669, 0.763, 0.169, 0.162], "st": {"tick": 600343, "goal": 0, "here": 1}, "d11": "0.604", "tag": "off"}
{"t": 1788326071.5, "x": -3.37, "y": 4.18, "h": 78.1, "L": [0.323, 0.487, 0.563, 0.81, 0.684, 0.671, 0.824, 0.896, 0.279, 0.26, 0.19, 0.111, 0.086, 0.091, 0.108, 0.137], "st": {"tick": 601306, "goal": 0, "here": 1}, "d11": "0.664", "tag": "reenter"}
{"t": 1788326071.5, "x": -3.37, "y": 4.18, "h": 75.6, "L": [0.321, 0.5, 0.59, 0.797, 0.689, 0.666, 0.819, 0.914, 0.266, 0.293, 0.189, 0.131, 0.08, 0.111, 0.087, 0.155], "st": {"tick": 601308, "goal": 0, "here": 1}, "d11": "0.648", "tag": "back"}
{"t": 1788326071.6, "x": -3.37, "y": 4.18, "h": 73.8, "L": [0.338, 0.514, 0.558, 0.812, 0.67, 0.661, 0.836, 0.908, 0.256, 0.261, 0.166, 0.12, 0.1, 0.084, 0.096, 0.157], "st": {"tick": 601311, "goal": 0, "here": 1}, "d11": "0.664", "tag": "sit"}
{"t": 1788326073.6, "x": -3.37, "y": 4.18, "h": 76.2, "L": [0.335, 0.484, 0.557, 0.785, 0.698, 0.671, 0.833, 0.902, 0.272, 0.276, 0.177, 0.118, 0.102, 0.097, 0.082, 0.137], "st": {"tick": 601514, "goal": 0, "here": 1}, "d11": "0.658", "tag": "sit"}
{"t": 1788326075.6, "x": -3.37, "y": 4.18, "h": 78.0, "L": [0.33, 0.506, 0.555, 0.802, 0.693, 0.661, 0.833, 0.905, 0.27, 0.266, 0.181, 0.093, 0.105, 0.076, 0.099, 0.136], "st": {"tick": 601715, "goal": 0, "here": 1}, "d11": "0.685", "tag": "sit"}
{"t": 1788326077.6, "x": -3.37, "y": 4.18, "h": 77.8, "L": [0.326, 0.491, 0.571, 0.785, 0.695, 0.678, 0.815, 0.898, 0.276, 0.265, 0.17, 0.118, 0.075, 0.083, 0.112, 0.132], "st": {"tick": 601915, "goal": 0, "here": 1}, "d11": "0.674", "tag": "sit"}
{"t": 1788326079.6, "x": -3.37, "y": 4.18, "h": 75.5, "L": [0.343, 0.495, 0.574, 0.804, 0.693, 0.667, 0.824, 0.896, 0.258, 0.279, 0.185, 0.104, 0.11, 0.094, 0.116, 0.154], "st": {"tick": 602116, "goal": 0, "here": 1}, "d11": "0.678", "tag": "sit"}
{"t": 1788326081.6, "x": -3.37, "y": 4.18, "h": 74.8, "L": [0.327, 0.505, 0.55, 0.806, 0.687, 0.648, 0.833, 0.906, 0.25, 0.27, 0.191, 0.104, 0.089, 0.075, 0.116, 0.143], "st": {"tick": 602316, "goal": 0, "here": 1}, "d11": "0.671", "tag": "sit"}
{"t": 1788326083.6, "x": -3.37, "y": 4.18, "h": 79.2, "L": [0.327, 0.506, 0.581, 0.798, 0.684, 0.674, 0.819, 0.911, 0.266, 0.273, 0.182, 0.108, 0.084, 0.102, -1.0, 0.143], "st": {"tick": 602516, "goal": 0, "here": 1}, "d11": "0.665", "tag": "sit"}
{"t": 1788326085.6, "x": -3.37, "y": 4.18, "h": 75.2, "L": [0.338, 0.5, 0.566, 0.804, 0.693, 0.672, 0.82, 0.9, 0.269, 0.262, 0.191, 0.107, 0.099, -1.0, 0.092, 0.143], "st": {"tick": 602717, "goal": 0, "here": 1}, "d11": "0.604", "tag": "sit"}
{"t": 1788326087.6, "x": -3.37, "y": 4.18, "h": 74.0, "L": [0.316, 0.506, 0.565, 0.783, 0.683, 0.677, 0.842, 0.889, 0.266, 0.262, 0.191, 0.132, 0.077, 0.09, 0.126, 0.163], "st": {"tick": 602917, "goal": 0, "here": 1}, "d11": "0.620", "tag": "sit"}
{"t": 1788326089.7, "x": -3.37, "y": 4.18, "h": 76.9, "L": [0.337, 0.484, 0.564, 0.792, 0.69, 0.65, 0.826, 0.899, 0.283, 0.263, 0.162, 0.104, 0.104, 0.085, 0.11, 0.161], "st": {"tick": 603117, "goal": 0, "here": 1}, "d11": "0.619", "tag": "sit"}
{"t": 1788326091.7, "x": -3.37, "y": 4.18, "h": 77.8, "L": [0.315, 0.485, 0.564, 0.799, 0.717, 0.674, 0.848, 0.886, 0.271, 0.257, 0.198, 0.124, 0.093, 0.089, 0.093, 0.156], "st": {"tick": 603323, "goal": 0, "here": 1}, "d11": "0.757", "tag": "sit"}
{"t": 1788326093.7, "x": -3.37, "y": 4.18, "h": 77.8, "L": [0.344, 0.487, 0.576, 0.786, 0.68, -1.0, 0.829, 0.912, 0.244, 0.269, 0.182, 0.126, 0.08, 0.077, 0.094, 0.156], "st": {"tick": 603523, "goal": 0, "here": 1}, "d11": "0.772", "tag": "sit"}
{"t": 1788326095.7, "x": -3.37, "y": 4.18, "h": 74.1, "L": [0.33, 0.475, 0.559, 0.807, 0.686, 0.669, 0.825, 0.884, 0.266, 0.276, 0.203, 0.139, 0.093, 0.091, 0.104, 0.167], "st": {"tick": 603724, "goal": 0, "here": 1}, "d11": "0.731", "tag": "sit"}
{"t": 1788326097.7, "x": -3.37, "y": 4.18, "h": 75.9, "L": [0.328, 0.487, 0.558, 0.808, 0.682, 0.657, 0.821, 0.912, 0.27, 0.294, 0.183, 0.117, 0.09, 0.085, 0.104, 0.137], "st": {"tick": 603924, "goal": 0, "here": 1}, "d11": "0.723", "tag": "sit"}
{"t": 1788326099.7, "x": -3.37, "y": 4.18, "h": 79.0, "L": [0.336, 0.497, 0.549, 0.8, 0.697, 0.65, 0.835, 0.91, 0.258, 0.274, 0.185, 0.124, 0.094, 0.082, 0.115, 0.151], "st": {"tick": 604124, "goal": 0, "here": 1}, "d11": "0.799", "tag": "sit"}
{"t": 1788326101.7, "x": -3.37, "y": 4.18, "h": 75.3, "L": [0.334, 0.483, 0.559, 0.797, 0.685, 0.67, 0.823, 0.884, 0.266, 0.284, 0.182, 0.119, 0.084, 0.111, 0.095, 0.156], "st": {"tick": 604324, "goal": 0, "here": 1}, "d11": "0.763", "tag": "sit"}
{"t": 1788326103.7, "x": -3.37, "y": 4.18, "h": 75.0, "L": [0.313, 0.479, 0.566, 0.808, 0.677, 0.675, 0.83, 0.894, 0.271, 0.258, 0.184, 0.111, 0.093, 0.103, 0.117, 0.146], "st": {"tick": 604525, "goal": 0, "here": 1}, "d11": "0.802", "tag": "sit"}
{"t": 1788326105.7, "x": -3.37, "y": 4.18, "h": 74.5, "L": [0.32, 0.515, 0.564, 0.788, 0.674, 0.645, 0.81, 0.891, 0.26, 0.293, 0.191, 0.121, 0.104, 0.092, 0.112, 0.131], "st": {"tick": 604725, "goal": 0, "here": 1}, "d11": "0.821", "tag": "sit"}
{"t": 1788326107.7, "x": -3.37, "y": 4.18, "h": 78.2, "L": [0.34, 0.484, 0.564, 0.796, 0.675, 0.674, 0.825, 0.9, 0.277, 0.274, 0.179, 0.12, 0.099, 0.086, 0.093, 0.142], "st": {"tick": 604925, "goal": 0, "here": 1}, "d11": "0.759", "tag": "sit"}
{"t": 1788326109.7, "x": -3.37, "y": 4.18, "h": 76.3, "L": [0.302, 0.505, 0.57, 0.796, 0.679, 0.672, 0.836, 0.909, 0.263, 0.285, 0.186, 0.123, 0.102, 0.094, 0.111, 0.141], "st": {"tick": 605126, "goal": 0, "here": 1}, "d11": "0.678", "tag": "sit"}
{"t": 1788326119.2, "x": -3.37, "y": 4.18, "h": 274.8, "L": [0.196, 0.17, 0.117, 0.092, 0.092, 0.097, 0.131, 0.283, 0.573, 0.651, 0.881, 0.697, 0.653, 0.786, 0.218, 0.185], "st": {"tick": 606073, "goal": 0, "here": 1}, "d11": "0.762", "tag": "off"}
{"t": 1788326127.6, "x": -3.37, "y": 4.18, "h": 75.6, "L": [0.336, 0.551, 0.644, 0.819, 0.681, 0.676, 0.798, 0.247, 0.196, 0.219, 0.2, 0.117, 0.086, 0.085, 0.112, 0.134], "st": {"tick": 606919, "goal": 0, "here": 1}, "d11": "0.690", "tag": "reenter"}
{"t": 1788326127.7, "x": -3.37, "y": 4.18, "h": 76.6, "L": [0.338, 0.568, 0.641, 0.852, 0.678, 0.663, 0.814, 0.22, 0.198, 0.214, 0.201, 0.1, 0.096, 0.086, 0.1, 0.132], "st": {"tick": 606922, "goal": 0, "here": 1}, "d11": "0.699", "tag": "back"}
{"t": 1788326127.7, "x": -3.37, "y": 4.18, "h": 74.7, "L": [0.307, 0.549, 0.639, 0.857, 0.675, 0.668, 0.8, 0.215, 0.188, 0.225, 0.172, 0.11, 0.072, 0.105, 0.091, 0.139], "st": {"tick": 606924, "goal": 0, "here": 1}, "d11": "0.709", "tag": "sit"}
{"t": 1788326129.7, "x": -3.37, "y": 4.18, "h": 75.3, "L": [0.334, 0.557, 0.633, 0.837, 0.687, 0.667, 0.806, 0.237, 0.203, 0.204, 0.181, 0.125, 0.121, 0.079, 0.103, 0.143], "st": {"tick": 607127, "goal": 0, "here": 1}, "d11": "0.757", "tag": "sit"}
{"t": 1788326131.7, "x": -3.37, "y": 4.18, "h": 73.3, "L": [0.321, 0.572, 0.627, 0.836, 0.685, 0.654, 0.806, 0.231, 0.193, 0.208, 0.191, 0.113, 0.095, 0.113, 0.127, 0.133], "st": {"tick": 607327, "goal": 0, "here": 1}, "d11": "0.827", "tag": "sit"}
{"t": 1788326133.7, "x": -3.37, "y": 4.18, "h": 75.6, "L": [0.325, 0.567, 0.616, 0.866, 0.696, 0.678, 0.774, 0.23, 0.21, 0.205, 0.197, 0.1, 0.095, 0.094, 0.105, 0.14], "st": {"tick": 607528, "goal": 0, "here": 1}, "d11": "0.801", "tag": "sit"}
{"t": 1788326135.7, "x": -3.37, "y": 4.18, "h": 76.6, "L": [0.324, 0.551, 0.643, 0.858, 0.676, 0.658, 0.794, 0.227, 0.212, 0.204, 0.186, 0.121, 0.095, 0.066, 0.093, 0.16], "st": {"tick": 607728, "goal": 0, "here": 1}, "d11": "0.835", "tag": "sit"}
{"t": 1788326137.7, "x": -3.37, "y": 4.18, "h": 78.5, "L": [0.321, 0.552, 0.627, 0.852, 0.701, 0.656, 0.82, 0.225, 0.203, 0.221, 0.176, 0.12, 0.09, 0.092, 0.09, 0.162], "st": {"tick": 607928, "goal": 0, "here": 1}, "d11": "0.841", "tag": "sit"}
{"t": 1788326139.7, "x": -3.37, "y": 4.18, "h": 74.9, "L": [0.309, 0.571, 0.629, 0.829, 0.697, 0.641, 0.797, 0.242, 0.201, 0.211, 0.188, 0.114, 0.087, 0.1, 0.088, 0.147], "st": {"tick": 608129, "goal": 0, "here": 1}, "d11": "0.774", "tag": "sit"}
{"t": 1788326141.7, "x": -3.37, "y": 4.18, "h": 77.5, "L": [0.328, 0.555, 0.637, 0.849, 0.667, 0.672, 0.796, 0.219, 0.196, 0.222, 0.173, 0.131, 0.112, 0.1, 0.093, 0.152], "st": {"tick": 608329, "goal": 0, "here": 1}, "d11": "0.656", "tag": "sit"}
{"t": 1788326143.7, "x": -3.37, "y": 4.18, "h": 73.9, "L": [0.333, 0.568, 0.627, 0.84, 0.682, 0.654, 0.79, 0.235, 0.193, 0.212, 0.196, 0.122, 0.105, 0.083, 0.083, 0.143], "st": {"tick": 608530, "goal": 0, "here": 1}, "d11": "0.639", "tag": "sit"}
{"t": 1788326145.7, "x": -3.37, "y": 4.18, "h": 77.5, "L": [0.322, 0.55, 0.641, -1.0, 0.715, 0.653, 0.774, 0.224, 0.203, 0.194, 0.179, 0.121, 0.095, 0.092, 0.106, 0.137], "st": {"tick": 608730, "goal": 0, "here": 1}, "d11": "0.682", "tag": "sit"}
{"t": 1788326147.8, "x": -3.37, "y": 4.18, "h": 70.0, "L": [0.324, 0.56, 0.627, 0.852, 0.706, 0.666, 0.783, 0.223, 0.209, 0.21, 0.166, 0.125, 0.093, 0.1, 0.108, 0.134], "st": {"tick": 608930, "goal": 0, "here": 1}, "d11": "0.759", "tag": "sit"}
{"t": 1788326149.8, "x": -3.37, "y": 4.18, "h": 77.4, "L": [0.334, 0.576, 0.649, 0.852, 0.677, -1.0, 0.795, 0.247, 0.224, 0.217, 0.185, 0.137, 0.083, 0.083, 0.12, 0.14], "st": {"tick": 609130, "goal": 0, "here": 1}, "d11": "0.831", "tag": "sit"}
{"t": 1788326151.8, "x": -3.37, "y": 4.18, "h": 75.3, "L": [0.308, 0.55, 0.65, 0.849, 0.678, 0.688, 0.793, 0.233, 0.201, 0.215, 0.172, 0.135, 0.098, 0.093, 0.108, 0.158], "st": {"tick": 609336, "goal": 0, "here": 1}, "d11": "0.842", "tag": "sit"}
{"t": 1788326153.9, "x": -3.37, "y": 4.18, "h": 76.2, "L": [0.321, 0.562, 0.64, 0.851, 0.69, 0.679, 0.785, 0.235, 0.216, 0.207, 0.194, 0.114, 0.092, 0.09, 0.102, 0.127], "st": {"tick": 609536, "goal": 0, "here": 1}, "d11": "0.793", "tag": "sit"}
{"t": 1788326155.9, "x": -3.37, "y": 4.18, "h": 77.9, "L": [0.311, 0.551, 0.648, 0.833, 0.674, 0.658, 0.795, 0.238, 0.204, 0.206, 0.19, 0.117, 0.091, 0.076, 0.114, 0.162], "st": {"tick": 609747, "goal": 0, "here": 1}, "d11": "0.780", "tag": "sit"}
{"t": 1788326157.9, "x": -3.37, "y": 4.18, "h": 77.0, "L": [0.314, 0.552, 0.629, 0.845, 0.69, 0.661, -1.0, 0.245, 0.198, 0.228, 0.174, 0.114, 0.104, 0.082, 0.101, 0.149], "st": {"tick": 609947, "goal": 0, "here": 1}, "d11": "0.786", "tag": "sit"}
{"t": 1788326159.9, "x": -3.37, "y": 4.18, "h": 77.4, "L": [0.309, 0.568, 0.627, 0.839, 0.685, 0.65, 0.788, 0.243, 0.203, 0.213, 0.187, 0.111, 0.091, 0.106, 0.105, 0.13], "st": {"tick": 610147, "goal": 0, "here": 1}, "d11": "0.780", "tag": "sit"}
{"t": 1788326161.9, "x": -3.37, "y": 4.18, "h": 78.1, "L": [0.324, 0.583, 0.631, 0.857, 0.683, 0.657, 0.794, 0.252, 0.199, 0.226, 0.188, 0.109, 0.108, 0.094, 0.089, 0.143], "st": {"tick": 610347, "goal": 0, "here": 1}, "d11": "0.775", "tag": "sit"}
{"t": 1788326163.9, "x": -3.37, "y": 4.18, "h": 77.3, "L": [0.32, 0.55, 0.64, 0.834, 0.689, 0.673, 0.787, 0.23, 0.188, 0.217, 0.202, 0.121, 0.093, 0.11, 0.104, 0.159], "st": {"tick": 610548, "goal": 0, "here": 1}, "d11": "0.789", "tag": "sit"}
{"t": 1788326166.0, "x": -3.37, "y": 4.18, "h": 77.6, "L": [0.322, 0.57, 0.628, 0.83, 0.671, 0.654, 0.819, 0.236, 0.212, 0.228, 0.185, 0.126, 0.106, 0.079, 0.103, 0.135], "st": {"tick": 610753, "goal": 0, "here": 1}, "d11": "0.783", "tag": "sit"}
{"t": 1788326174.4, "x": -3.37, "y": 4.18, "h": 283.5, "L": [0.216, 0.169, 0.097, 0.095, 0.085, 0.112, 0.148, 0.401, -1.0, 0.668, 0.816, 0.68, 0.669, 0.773, 0.179, 0.178], "st": {"tick": 611598, "goal": 0, "here": 1}, "d11": "0.791", "tag": "off"}
{"t": 1788326183.9, "x": -3.37, "y": 4.18, "h": 78.8, "L": [0.4, 0.527, 0.622, 0.803, 0.676, 0.667, 0.799, 0.269, 0.253, 0.227, 0.16, 0.106, 0.078, 0.111, 0.089, 0.147], "st": {"tick": 612543, "goal": 0, "here": 1}, "d11": "0.770", "tag": "reenter"}
{"t": 1788326183.9, "x": -3.37, "y": 4.18, "h": 81.1, "L": [0.388, 0.523, 0.603, 0.807, 0.675, 0.68, 0.814, 0.264, 0.238, 0.269, 0.168, 0.117, 0.098, 0.084, 0.096, 0.149], "st": {"tick": 612546, "goal": 0, "here": 1}, "d11": "0.768", "tag": "back"}
{"t": 1788326183.9, "x": -3.37, "y": 4.18, "h": 79.3, "L": [0.406, 0.515, 0.611, 0.813, 0.666, 0.673, 0.821, 0.28, 0.254, 0.236, 0.166, 0.116, 0.08, 0.099, 0.093, 0.165], "st": {"tick": 612549, "goal": 0, "here": 1}, "d11": "0.774", "tag": "sit"}
{"t": 1788326186.0, "x": -3.37, "y": 4.18, "h": 75.4, "L": [0.401, 0.507, 0.626, 0.819, 0.682, 0.666, 0.819, 0.278, 0.249, 0.244, 0.188, 0.117, 0.113, 0.076, 0.094, 0.168], "st": {"tick": 612752, "goal": 0, "here": 1}, "d11": "0.770", "tag": "sit"}
{"t": 1788326188.0, "x": -3.37, "y": 4.18, "h": 79.6, "L": [0.392, 0.529, 0.624, 0.818, 0.677, 0.665, 0.813, 0.28, 0.253, 0.244, 0.175, 0.121, 0.099, 0.098, -1.0, 0.149], "st": {"tick": 612952, "goal": 0, "here": 1}, "d11": "0.778", "tag": "sit"}
{"t": 1788326190.0, "x": -3.37, "y": 4.18, "h": 79.9, "L": [0.399, 0.524, 0.624, 0.814, 0.68, 0.659, 0.82, 0.268, 0.253, 0.228, 0.17, 0.114, 0.087, 0.078, 0.116, 0.15], "st": {"tick": 613152, "goal": 0, "here": 1}, "d11": "0.791", "tag": "sit"}
{"t": 1788326192.0, "x": -3.37, "y": 4.18, "h": 81.2, "L": [0.385, 0.526, 0.606, 0.809, 0.664, 0.681, 0.815, 0.277, 0.239, 0.255, 0.172, 0.102, 0.104, 0.091, 0.11, 0.157], "st": {"tick": 613353, "goal": 0, "here": 1}, "d11": "0.770", "tag": "sit"}
{"t": 1788326194.0, "x": -3.37, "y": 4.18, "h": 74.4, "L": [0.384, 0.53, 0.608, 0.817, 0.69, 0.675, 0.824, 0.262, 0.244, 0.237, 0.17, 0.101, 0.118, 0.083, 0.087, 0.149], "st": {"tick": 613553, "goal": 0, "here": 1}, "d11": "0.777", "tag": "sit"}
{"t": 1788326196.0, "x": -3.37, "y": 4.18, "h": 82.2, "L": [0.405, 0.542, 0.6, 0.796, 0.664, 0.665, 0.826, 0.261, 0.243, 0.246, 0.148, 0.106, 0.081, 0.082, 0.09, 0.151], "st": {"tick": 613754, "goal": 0, "here": 1}, "d11": "0.773", "tag": "sit"}
{"t": 1788326198.0, "x": -3.37, "y": 4.18, "h": 80.5, "L": [0.397, 0.54, 0.625, 0.806, 0.67, 0.658, 0.834, 0.272, 0.234, 0.242, 0.157, -1.0, 0.108, 0.107, 0.12, 0.153], "st": {"tick": 613954, "goal": 0, "here": 1}, "d11": "0.780", "tag": "sit"}
{"t": 1788326200.0, "x": -3.37, "y": 4.18, "h": 82.7, "L": [0.405, 0.525, 0.602, 0.824, 0.681, 0.674, 0.812, 0.265, 0.246, 0.24, 0.16, 0.107, 0.09, 0.083, 0.095, 0.152], "st": {"tick": 614154, "goal": 0, "here": 1}, "d11": "0.762", "tag": "sit"}
{"t": 1788326202.0, "x": -3.37, "y": 4.18, "h": 80.5, "L": [0.396, 0.524, 0.614, 0.825, 0.695, 0.681, 0.802, 0.278, 0.244, 0.252, 0.171, 0.119, 0.096, 0.107, 0.119, 0.142], "st": {"tick": 614355, "goal": 0, "here": 1}, "d11": "0.771", "tag": "sit"}
{"t": 1788326204.0, "x": -3.37, "y": 4.18, "h": 80.5, "L": [0.385, 0.498, 0.599, 0.807, 0.69, 0.671, 0.827, 0.261, 0.237, 0.234, 0.147, 0.1, -1.0, 0.086, 0.1, 0.162], "st": {"tick": 614555, "goal": 0, "here": 1}, "d11": "0.768", "tag": "sit"}
{"t": 1788326206.0, "x": -3.37, "y": 4.18, "h": 80.9, "L": [0.4, 0.523, 0.608, 0.812, 0.681, 0.669, 0.804, 0.272, 0.231, 0.245, 0.165, 0.117, 0.088, 0.084, 0.096, 0.163], "st": {"tick": 614756, "goal": 0, "here": 1}, "d11": "0.788", "tag": "sit"}
{"t": 1788326208.0, "x": -3.37, "y": 4.18, "h": 79.8, "L": [0.406, 0.517, 0.623, 0.805, 0.671, 0.671, 0.818, 0.282, 0.247, 0.249, 0.164, 0.118, 0.106, 0.076, 0.103, 0.145], "st": {"tick": 614956, "goal": 0, "here": 1}, "d11": "0.772", "tag": "sit"}
{"t": 1788326210.0, "x": -3.37, "y": 4.18, "h": 80.0, "L": [0.387, 0.504, 0.623, 0.82, 0.667, 0.662, 0.802, 0.28, 0.255, 0.259, 0.184, 0.115, 0.089, 0.1, 0.112, 0.166], "st": {"tick": 615156, "goal": 0, "here": 1}, "d11": "0.770", "tag": "sit"}
{"t": 1788326212.0, "x": -3.37, "y": 4.18, "h": 81.7, "L": [0.39, 0.528, 0.621, 0.832, 0.683, 0.671, 0.812, 0.279, 0.241, 0.242, 0.179, 0.106, 0.091, 0.099, 0.119, 0.146], "st": {"tick": 615357, "goal": 0, "here": 1}, "d11": "0.778", "tag": "sit"}
{"t": 1788326214.0, "x": -3.37, "y": 4.18, "h": 80.8, "L": [0.403, 0.525, 0.611, 0.82, 0.693, 0.672, 0.808, 0.253, 0.241, 0.272, 0.179, 0.126, 0.106, 0.095, -1.0, 0.157], "st": {"tick": 615557, "goal": 0, "here": 1}, "d11": "0.762", "tag": "sit"}
{"t": 1788326216.0, "x": -3.37, "y": 4.18, "h": 79.9, "L": [0.42, 0.532, 0.605, 0.807, 0.668, 0.677, 0.836, 0.262, 0.24, 0.236, 0.167, 0.102, 0.093, 0.098, -1.0, 0.149], "st": {"tick": 615757, "goal": 0, "here": 1}, "d11": "0.770", "tag": "sit"}
{"t": 1788326218.0, "x": -3.37, "y": 4.18, "h": 78.1, "L": [0.385, 0.516, 0.612, 0.804, 0.68, 0.669, 0.812, 0.266, 0.265, 0.244, 0.173, 0.085, 0.087, 0.085, 0.102, 0.135], "st": {"tick": 615958, "goal": 0, "here": 1}, "d11": "0.772", "tag": "sit"}
{"t": 1788326220.0, "x": -3.37, "y": 4.18, "h": 77.8, "L": [0.407, 0.512, 0.612, 0.819, 0.682, 0.668, 0.817, 0.26, 0.245, 0.246, 0.166, 0.12, 0.097, -1.0, 0.111, 0.164], "st": {"tick": 616158, "goal": 0, "here": 1}, "d11": "0.764", "tag": "sit"}
{"t": 1788326222.0, "x": -3.37, "y": 4.18, "h": 83.0, "L": [0.391, 0.52, 0.594, 0.817, 0.667, 0.67, 0.841, 0.275, 0.237, 0.247, 0.185, 0.126, 0.097, 0.087, 0.101, 0.154], "st": {"tick": 616358, "goal": 0, "here": 1}, "d11": "0.757", "tag": "sit"}
{"t": 1788326231.7, "x": -3.37, "y": 4.18, "h": 272.8, "L": [0.19, 0.171, 0.126, 0.104, 0.068, 0.105, 0.132, 0.26, 0.582, 0.637, 0.839, 0.706, 0.63, 0.779, 0.203, 0.185], "st": {"tick": 617329, "goal": 0, "here": 1}, "d11": "0.786", "tag": "off"}
{"t": 1788326241.4, "x": -3.37, "y": 4.18, "h": 79.1, "L": [0.346, 0.523, 0.592, 0.836, 0.682, 0.678, 0.824, 0.876, 0.234, 0.266, 0.168, 0.106, 0.081, 0.098, 0.097, 0.161], "st": {"tick": 618295, "goal": 0, "here": 1}, "d11": "0.778", "tag": "reenter"}
{"t": 1788326241.4, "x": -3.37, "y": 4.18, "h": 75.2, "L": [0.351, 0.486, 0.587, 0.839, 0.676, 0.666, 0.821, 0.859, 0.243, 0.282, 0.2, 0.1, 0.102, -1.0, 0.103, 0.135], "st": {"tick": 618298, "goal": 0, "here": 1}, "d11": "0.780", "tag": "back"}
{"t": 1788326241.5, "x": -3.37, "y": 4.18, "h": 78.6, "L": [0.342, 0.507, 0.583, 0.837, 0.691, 0.657, 0.81, 0.883, 0.242, 0.262, 0.178, 0.098, 0.093, 0.084, 0.101, 0.136], "st": {"tick": 618301, "goal": 0, "here": 1}, "d11": "0.759", "tag": "sit"}
{"t": 1788326243.5, "x": -3.37, "y": 4.18, "h": 78.1, "L": [0.345, 0.508, 0.594, 0.83, 0.689, 0.654, 0.82, 0.87, 0.239, 0.251, 0.176, 0.118, 0.097, 0.107, 0.117, 0.145], "st": {"tick": 618504, "goal": 0, "here": 1}, "d11": "0.779", "tag": "sit"}
{"t": 1788326245.5, "x": -3.37, "y": 4.18, "h": 77.8, "L": [0.36, 0.524, 0.593, 0.827, 0.691, 0.659, 0.823, 0.874, 0.262, 0.254, 0.188, 0.128, 0.107, 0.099, 0.096, 0.133], "st": {"tick": 618704, "goal": 0, "here": 1}, "d11": "0.770", "tag": "sit"}
{"t": 1788326247.5, "x": -3.37, "y": 4.18, "h": 79.4, "L": [0.344, 0.529, 0.598, 0.827, 0.674, 0.661, 0.832, 0.87, 0.25, 0.253, 0.162, 0.111, 0.092, 0.077, 0.109, 0.143], "st": {"tick": 618904, "goal": 0, "here": 1}, "d11": "0.766", "tag": "sit"}
{"t": 1788326249.5, "x": -3.37, "y": 4.18, "h": 79.0, "L": [0.337, 0.504, 0.594, 0.821, 0.678, 0.668, -1.0, 0.884, 0.26, 0.245, 0.184, 0.122, 0.09, 0.091, 0.105, -1.0], "st": {"tick": 619105, "goal": 0, "here": 1}, "d11": "0.778", "tag": "sit"}
{"t": 1788326251.5, "x": -3.37, "y": 4.18, "h": 76.5, "L": [0.358, 0.524, 0.573, 0.824, 0.687, 0.663, 0.838, 0.867, 0.253, 0.26, 0.171, 0.107, 0.083, 0.097, 0.102, 0.153], "st": {"tick": 619306, "goal": 0, "here": 1}, "d11": "0.767", "tag": "sit"}
{"t": 1788326253.5, "x": -3.37, "y": 4.18, "h": 76.0, "L": [0.365, 0.517, 0.588, 0.843, 0.672, 0.677, 0.821, 0.865, 0.24, 0.245, 0.167, 0.134, 0.098, 0.075, 0.1, 0.163], "st": {"tick": 619506, "goal": 0, "here": 1}, "d11": "0.759", "tag": "sit"}
{"t": 1788326255.5, "x": -3.37, "y": 4.18, "h": 79.8, "L": [0.332, 0.515, 0.593, 0.822, 0.691, 0.666, 0.835, 0.88, 0.26, 0.255, 0.197, 0.116, 0.099, 0.095, 0.11, 0.158], "st": {"tick": 619706, "goal": 0, "here": 1}, "d11": "0.765", "tag": "sit"}
{"t": 1788326257.5, "x": -3.37, "y": 4.18, "h": 77.0, "L": [0.35, 0.502, 0.592, 0.841, 0.681, 0.663, 0.806, 0.879, -1.0, 0.262, 0.189, 0.119, 0.092, 0.094, 0.098, 0.143], "st": {"tick": 619906, "goal": 0, "here": 1}, "d11": "0.757", "tag": "sit"}
{"t": 1788326259.5, "x": -3.37, "y": 4.18, "h": 76.5, "L": [0.344, 0.512, 0.597, 0.854, 0.693, 0.666, 0.825, 0.871, 0.251, 0.248, 0.19, 0.126, 0.089, 0.103, 0.104, 0.136], "st": {"tick": 620107, "goal": 0, "here": 1}, "d11": "0.768", "tag": "sit"}
{"t": 1788326261.5, "x": -3.37, "y": 4.18, "h": 75.7, "L": [0.362, 0.503, 0.588, 0.833, 0.696, 0.657, 0.817, 0.862, 0.239, 0.257, 0.179, 0.117, 0.113, 0.096, 0.102, 0.14], "st": {"tick": 620307, "goal": 0, "here": 1}, "d11": "0.775", "tag": "sit"}
{"t": 1788326263.5, "x": -3.37, "y": 4.18, "h": 76.1, "L": [0.337, 0.52, 0.598, 0.835, 0.687, 0.675, 0.815, 0.879, 0.24, 0.253, 0.18, 0.108, 0.097, 0.092, 0.081, 0.138], "st": {"tick": 620507, "goal": 0, "here": 1}, "d11": "0.768", "tag": "sit"}
{"t": 1788326265.5, "x": -3.37, "y": 4.18, "h": 80.4, "L": [0.332, 0.514, 0.572, 0.842, 0.688, 0.653, 0.825, 0.869, 0.24, 0.247, 0.194, 0.095, 0.09, 0.095, 0.095, 0.147], "st": {"tick": 620708, "goal": 0, "here": 1}, "d11": "0.767", "tag": "sit"}
{"t": 1788326267.5, "x": -3.37, "y": 4.18, "h": 76.3, "L": [-1.0, 0.509, 0.58, 0.822, 0.678, 0.653, 0.818, 0.877, 0.242, 0.251, 0.169, 0.13, 0.11, 0.088, 0.105, 0.162], "st": {"tick": 620908, "goal": 0, "here": 1}, "d11": "0.770", "tag": "sit"}
{"t": 1788326269.6, "x": -3.37, "y": 4.18, "h": 76.4, "L": [0.369, 0.512, 0.585, 0.829, 0.679, 0.656, 0.819, 0.857, 0.247, 0.267, 0.162, 0.104, 0.105, 0.095, 0.094, 0.156], "st": {"tick": 621113, "goal": 0, "here": 1}, "d11": "0.775", "tag": "sit"}
{"t": 1788326271.7, "x": -3.37, "y": 4.18, "h": 78.5, "L": [0.35, 0.525, 0.574, 0.827, 0.683, 0.685, 0.835, 0.866, 0.263, 0.232, 0.19, 0.109, 0.091, 0.097, 0.104, 0.153], "st": {"tick": 621324, "goal": 0, "here": 1}, "d11": "0.765", "tag": "sit"}
{"t": 1788326273.7, "x": -3.37, "y": 4.18, "h": 80.2, "L": [0.351, 0.512, 0.565, 0.825, 0.684, 0.652, 0.824, 0.874, 0.268, -1.0, 0.185, 0.128, 0.09, 0.091, 0.1, 0.141], "st": {"tick": 621524, "goal": 0, "here": 1}, "d11": "0.765", "tag": "sit"}
{"t": 1788326275.7, "x": -3.37, "y": 4.18, "h": 75.8, "L": [0.339, 0.521, 0.589, 0.826, 0.679, 0.659, 0.83, 0.852, 0.225, 0.256, 0.189, 0.121, 0.092, 0.084, 0.102, 0.146], "st": {"tick": 621724, "goal": 0, "here": 1}, "d11": "0.760", "tag": "sit"}
{"t": 1788326277.7, "x": -3.37, "y": 4.18, "h": 81.9, "L": [0.34, 0.509, 0.582, 0.83, 0.682, 0.674, 0.807, 0.884, 0.242, 0.237, 0.178, 0.109, 0.082, 0.078, 0.121, 0.155], "st": {"tick": 621925, "goal": 0, "here": 1}, "d11": "0.777", "tag": "sit"}
{"t": 1788326279.8, "x": -3.37, "y": 4.18, "h": 76.7, "L": [0.351, 0.533, 0.583, 0.829, 0.663, 0.681, 0.812, 0.876, 0.248, 0.264, 0.172, 0.116, 0.08, 0.111, 0.107, 0.147], "st": {"tick": 622130, "goal": 0, "here": 1}, "d11": "0.767", "tag": "sit"}
{"t": 1788326289.1, "x": -3.37, "y": 4.18, "h": 273.4, "L": [0.189, 0.146, 0.109, 0.081, 0.088, 0.103, 0.153, 0.312, 0.587, 0.665, 0.83, 0.701, 0.66, 0.781, 0.179, 0.178], "st": {"tick": 623061, "goal": 0, "here": 1}, "d11": "0.791", "tag": "off"}
{"t": 1788326298.3, "x": -3.37, "y": 4.18, "h": 78.8, "L": [0.354, 0.529, 0.611, 0.843, 0.698, 0.659, 0.798, 0.264, 0.246, 0.228, 0.183, 0.115, 0.092, 0.098, 0.099, 0.165], "st": {"tick": 623982, "goal": 0, "here": 1}, "d11": "0.778", "tag": "reenter"}
{"t": 1788326298.3, "x": -3.37, "y": 4.18, "h": 78.3, "L": [0.342, 0.535, 0.609, 0.834, 0.688, 0.673, 0.818, 0.246, 0.235, 0.254, 0.175, 0.106, 0.099, 0.087, 0.114, 0.15], "st": {"tick": 623985, "goal": 0, "here": 1}, "d11": "0.774", "tag": "back"}
{"t": 1788326298.3, "x": -3.37, "y": 4.18, "h": 79.7, "L": [0.348, 0.544, 0.62, 0.829, 0.681, 0.665, 0.82, 0.256, 0.242, 0.238, 0.174, 0.099, 0.09, 0.086, 0.1, 0.149], "st": {"tick": 623987, "goal": 0, "here": 1}, "d11": "0.773", "tag": "sit"}
{"t": 1788326300.4, "x": -3.37, "y": 4.18, "h": 79.5, "L": [0.34, 0.525, 0.62, 0.848, 0.682, 0.665, 0.804, 0.271, 0.241, 0.247, 0.182, 0.117, 0.079, 0.098, 0.106, 0.158], "st": {"tick": 624190, "goal": 0, "here": 1}, "d11": "0.788", "tag": "sit"}
{"t": 1788326302.4, "x": -3.37, "y": 4.18, "h": 78.1, "L": [0.344, 0.532, 0.621, 0.831, 0.691, 0.678, 0.806, 0.258, 0.224, 0.237, 0.179, 0.12, 0.066, 0.098, 0.096, 0.15], "st": {"tick": 624396, "goal": 0, "here": 1}, "d11": "0.771", "tag": "sit"}
{"t": 1788326304.4, "x": -3.37, "y": 4.18, "h": 80.9, "L": [0.367, 0.514, 0.629, 0.822, 0.677, 0.67, 0.797, 0.27, 0.234, 0.252, 0.192, 0.117, 0.108, 0.09, 0.1, 0.154], "st": {"tick": 624596, "goal": 0, "here": 1}, "d11": "0.767", "tag": "sit"}
{"t": 1788326306.4, "x": -3.37, "y": 4.18, "h": 76.4, "L": [0.353, 0.538, 0.609, 0.826, 0.694, 0.671, 0.815, 0.258, 0.23, 0.216, 0.176, 0.109, 0.116, 0.081, 0.106, 0.144], "st": {"tick": 624796, "goal": 0, "here": 1}, "d11": "0.773", "tag": "sit"}
{"t": 1788326308.4, "x": -3.37, "y": 4.18, "h": 78.8, "L": [0.344, 0.525, 0.614, 0.821, 0.696, 0.673, 0.814, 0.25, 0.221, 0.236, 0.194, 0.116, 0.099, 0.088, 0.101, 0.145], "st": {"tick": 624996, "goal": 0, "here": 1}, "d11": "0.775", "tag": "sit"}
{"t": 1788326310.4, "x": -3.37, "y": 4.18, "h": 75.0, "L": [0.329, 0.533, 0.603, 0.839, 0.67, 0.657, 0.813, 0.26, 0.228, 0.229, 0.191, 0.121, 0.084, 0.085, 0.089, 0.159], "st": {"tick": 625197, "goal": 0, "here": 1}, "d11": "0.776", "tag": "sit"}
{"t": 1788326312.4, "x": -3.37, "y": 4.18, "h": 78.6, "L": [0.331, 0.536, 0.617, 0.843, 0.677, 0.656, 0.794, 0.277, 0.232, 0.216, 0.202, 0.115, 0.094, 0.079, 0.111, 0.131], "st": {"tick": 625397, "goal": 0, "here": 1}, "d11": "0.787", "tag": "sit"}
{"t": 1788326314.4, "x": -3.37, "y": 4.18, "h": 77.5, "L": [0.327, 0.533, 0.615, 0.829, 0.685, 0.666, 0.82, 0.269, 0.231, 0.248, 0.179, 0.128, 0.112, 0.099, 0.116, 0.155], "st": {"tick": 625598, "goal": 0, "here": 1}, "d11": "0.769", "tag": "sit"}
{"t": 1788326316.4, "x": -3.37, "y": 4.18, "h": 79.6, "L": [0.354, 0.537, -1.0, 0.838, 0.695, 0.662, 0.803, 0.268, 0.224, 0.229, 0.175, 0.109, 0.087, 0.096, 0.105, 0.137], "st": {"tick": 625798, "goal": 0, "here": 1}, "d11": "0.777", "tag": "sit"}
{"t": 1788326318.4, "x": -3.37, "y": 4.18, "h": 76.3, "L": [0.346, 0.557, 0.626, 0.835, 0.668, 0.648, 0.805, 0.267, 0.239, 0.206, 0.161, 0.124, 0.117, 0.078, 0.097, 0.159], "st": {"tick": 625998, "goal": 0, "here": 1}, "d11": "0.777", "tag": "sit"}
{"t": 1788326320.4, "x": -3.37, "y": 4.18, "h": 78.7, "L": [0.343, 0.547, 0.612, 0.838, 0.682, 0.642, 0.811, 0.256, 0.21, 0.23, 0.183, 0.104, 0.098, 0.082, 0.092, 0.142], "st": {"tick": 626198, "goal": 0, "here": 1}, "d11": "0.766", "tag": "sit"}
{"t": 1788326322.4, "x": -3.37, "y": 4.18, "h": 78.3, "L": [0.332, 0.546, 0.613, 0.847, 0.697, 0.676, 0.806, 0.247, 0.221, 0.223, 0.176, 0.134, 0.077, 0.105, 0.107, 0.141], "st": {"tick": 626399, "goal": 0, "here": 1}, "d11": "0.783", "tag": "sit"}
{"t": 1788326324.4, "x": -3.37, "y": 4.18, "h": 78.5, "L": [0.34, 0.522, 0.622, 0.857, 0.683, 0.67, 0.817, 0.255, 0.231, 0.233, 0.184, 0.135, 0.084, 0.1, 0.11, 0.149], "st": {"tick": 626599, "goal": 0, "here": 1}, "d11": "0.777", "tag": "sit"}
{"t": 1788326326.4, "x": -3.37, "y": 4.18, "h": 80.4, "L": [0.343, 0.541, 0.605, 0.827, 0.673, 0.667, 0.814, 0.264, 0.223, 0.241, 0.176, 0.107, 0.097, 0.105, 0.105, 0.136], "st": {"tick": 626800, "goal": 0, "here": 1}, "d11": "0.779", "tag": "sit"}
{"t": 1788326328.4, "x": -3.37, "y": 4.18, "h": 80.4, "L": [0.349, 0.513, 0.616, 0.838, 0.676, 0.67, 0.817, 0.279, 0.213, 0.241, 0.18, 0.123, 0.099, 0.087, 0.1, 0.146], "st": {"tick": 627000, "goal": 0, "here": 1}, "d11": "0.785", "tag": "sit"}
{"t": 1788326330.5, "x": -3.37, "y": 4.18, "h": 76.9, "L": [0.343, 0.543, 0.606, 0.832, 0.676, 0.651, 0.796, 0.244, 0.227, 0.245, 0.172, 0.103, 0.084, 0.093, 0.1, 0.14], "st": {"tick": 627200, "goal": 0, "here": 1}, "d11": "0.777", "tag": "sit"}
{"t": 1788326332.5, "x": -3.37, "y": 4.18, "h": 79.7, "L": [0.343, 0.549, 0.611, 0.838, 0.688, 0.667, 0.799, 0.273, 0.219, 0.24, 0.169, 0.12, 0.106, 0.092, 0.1, 0.147], "st": {"tick": 627403, "goal": 0, "here": 1}, "d11": "0.782", "tag": "sit"}
{"t": 1788326334.5, "x": -3.37, "y": 4.18, "h": 79.5, "L": [0.346, 0.553, 0.627, 0.829, 0.677, 0.678, 0.821, 0.254, 0.225, 0.234, 0.169, 0.103, 0.086, 0.094, 0.09, 0.14], "st": {"tick": 627603, "goal": 0, "here": 1}, "d11": "0.779", "tag": "sit"}
{"t": 1788326336.5, "x": -3.37, "y": 4.18, "h": 77.6, "L": [0.342, 0.527, 0.622, 0.852, 0.686, 0.652, 0.813, 0.268, 0.233, 0.241, 0.181, 0.112, 0.093, 0.07, 0.101, 0.154], "st": {"tick": 627803, "goal": 0, "here": 1}, "d11": "0.780", "tag": "sit"}
{"t": 1788326345.4, "x": -3.37, "y": 4.18, "h": 277.8, "L": [0.188, 0.168, 0.11, 0.093, 0.09, 0.11, 0.144, 0.3, 0.57, 0.66, 0.842, 0.691, 0.668, 0.795, 0.197, 0.19], "st": {"tick": 628691, "goal": 0, "here": 1}, "d11": "0.786", "tag": "off"}
{"t": 1788326354.6, "x": -3.37, "y": 4.18, "h": 81.2, "L": [0.372, 0.539, 0.627, 0.814, 0.685, 0.674, 0.794, 0.252, 0.232, 0.237, 0.178, 0.124, -1.0, 0.088, 0.117, 0.166], "st": {"tick": 629616, "goal": 0, "here": 1}, "d11": "0.777", "tag": "reenter"}
{"t": 1788326354.6, "x": -3.37, "y": 4.18, "h": 81.8, "L": [0.365, 0.525, 0.637, 0.824, 0.674, 0.675, 0.823, 0.276, 0.226, 0.224, 0.162, 0.106, 0.081, 0.112, 0.111, 0.141], "st": {"tick": 629619, "goal": 0, "here": 1}, "d11": "0.771", "tag": "back"}
{"t": 1788326354.7, "x": -3.37, "y": 4.18, "h": 77.1, "L": [0.376, 0.536, 0.627, 0.812, 0.685, 0.665, 0.808, 0.252, 0.226, 0.221, 0.157, 0.104, 0.087, 0.101, 0.111, 0.152], "st": {"tick": 629621, "goal": 0, "here": 1}, "d11": "0.771", "tag": "sit"}
{"t": 1788326356.7, "x": -3.37, "y": 4.18, "h": 82.5, "L": [0.365, -1.0, 0.626, 0.84, 0.687, 0.667, 0.809, 0.254, 0.243, 0.23, 0.16, 0.102, 0.096, 0.09, 0.108, 0.154], "st": {"tick": 629824, "goal": 0, "here": 1}, "d11": "0.766", "tag": "sit"}
{"t": 1788326358.7, "x": -3.37, "y": 4.18, "h": 78.9, "L": [0.389, 0.541, 0.603, 0.828, 0.673, 0.669, 0.802, 0.257, 0.239, 0.236, 0.164, 0.102, 0.084, 0.098, 0.115, 0.157], "st": {"tick": 630025, "goal": 0, "here": 1}, "d11": "0.798", "tag": "sit"}
{"t": 1788326360.7, "x": -3.37, "y": 4.18, "h": 80.4, "L": [0.383, 0.532, 0.622, 0.821, 0.692, 0.659, 0.791, 0.252, 0.248, 0.241, 0.182, 0.108, 0.089, 0.106, 0.115, 0.163], "st": {"tick": 630225, "goal": 0, "here": 1}, "d11": "0.769", "tag": "sit"}
{"t": 1788326362.8, "x": -3.37, "y": 4.18, "h": 81.4, "L": [0.377, 0.542, 0.63, 0.816, 0.672, 0.676, 0.804, 0.269, 0.227, 0.233, 0.179, 0.119, 0.079, 0.086, 0.085, 0.136], "st": {"tick": 630425, "goal": 0, "here": 1}, "d11": "0.778", "tag": "sit"}
{"t": 1788326364.8, "x": -3.37, "y": 4.18, "h": 79.5, "L": [0.388, 0.541, 0.627, 0.815, 0.674, 0.675, 0.822, 0.257, 0.227, 0.233, 0.188, 0.115, 0.092, 0.083, 0.1, 0.158], "st": {"tick": 630631, "goal": 0, "here": 1}, "d11": "0.774", "tag": "sit"}
{"t": 1788326366.8, "x": -3.37, "y": 4.18, "h": 76.8, "L": [0.381, 0.535, 0.628, 0.825, 0.709, 0.681, 0.792, 0.246, 0.228, 0.238, 0.175, 0.089, 0.089, 0.085, 0.104, 0.148], "st": {"tick": 630831, "goal": 0, "here": 1}, "d11": "0.784", "tag": "sit"}
{"t": 1788326368.8, "x": -3.37, "y": 4.18, "h": 81.5, "L": [0.38, 0.547, 0.638, 0.809, 0.675, 0.657, 0.804, 0.254, 0.208, 0.238, 0.183, 0.109, 0.103, 0.085, 0.103, 0.143], "st": {"tick": 631031, "goal": 0, "here": 1}, "d11": "0.776", "tag": "sit"}
{"t": 1788326370.8, "x": -3.37, "y": 4.18, "h": 82.3, "L": [0.374, 0.537, 0.62, 0.802, 0.678, 0.677, 0.831, 0.25, 0.235, 0.222, 0.179, 0.104, 0.117, 0.088, 0.092, 0.143], "st": {"tick": 631231, "goal": 0, "here": 1}, "d11": "0.769", "tag": "sit"}
{"t": 1788326372.8, "x": -3.37, "y": 4.18, "h": 77.7, "L": [0.356, 0.535, 0.633, 0.801, 0.681, 0.663, 0.823, 0.262, 0.217, 0.228, 0.184, 0.084, 0.097, 0.064, 0.099, 0.16], "st": {"tick": 631432, "goal": 0, "here": 1}, "d11": "0.788", "tag": "sit"}
{"t": 1788326374.8, "x": -3.37, "y": 4.18, "h": 75.9, "L": [0.386, 0.537, 0.626, 0.803, 0.677, 0.66, 0.809, 0.259, 0.207, 0.239, 0.167, 0.111, 0.091, 0.084, 0.101, 0.163], "st": {"tick": 631632, "goal": 0, "here": 1}, "d11": "0.787", "tag": "sit"}
{"t": 1788326376.8, "x": -3.37, "y": 4.18, "h": 80.5, "L": [0.383, 0.537, 0.623, 0.801, 0.673, 0.67, 0.818, 0.236, 0.213, 0.231, 0.171, 0.11, 0.101, 0.101, 0.108, 0.143], "st": {"tick": 631837, "goal": 0, "here": 1}, "d11": "0.784", "tag": "sit"}
{"t": 1788326378.8, "x": -3.37, "y": 4.18, "h": 79.3, "L": [0.375, 0.539, 0.622, 0.803, 0.68, 0.677, 0.82, 0.277, 0.228, 0.24, 0.18, 0.103, 0.092, 0.094, 0.11, 0.166], "st": {"tick": 632038, "goal": 0, "here": 1}, "d11": "0.770", "tag": "sit"}
{"t": 1788326380.8, "x": -3.37, "y": 4.18, "h": 80.4, "L": [0.386, 0.53, 0.652, 0.834, 0.672, 0.656, 0.805, 0.262, 0.234, 0.235, 0.176, -1.0, 0.098, 0.097, 0.111, 0.148], "st": {"tick": 632238, "goal": 0, "here": 1}, "d11": "0.774", "tag": "sit"}
{"t": 1788326382.8, "x": -3.37, "y": 4.18, "h": 77.4, "L": [0.381, 0.545, 0.619, 0.831, 0.684, 0.668, 0.805, 0.242, 0.235, 0.234, 0.18, 0.098, 0.084, 0.096, 0.102, 0.144], "st": {"tick": 632438, "goal": 0, "here": 1}, "d11": "0.779", "tag": "sit"}
{"t": 1788326384.8, "x": -3.37, "y": 4.18, "h": 84.8, "L": [0.395, 0.524, 0.625, 0.823, 0.692, 0.659, 0.811, 0.256, 0.227, 0.247, 0.189, 0.11, 0.08, 0.095, 0.103, 0.144], "st": {"tick": 632638, "goal": 0, "here": 1}, "d11": "0.772", "tag": "sit"}
{"t": 1788326386.8, "x": -3.37, "y": 4.18, "h": 77.4, "L": [0.358, 0.546, 0.615, 0.813, 0.668, 0.659, 0.803, 0.269, 0.233, 0.214, 0.175, 0.092, 0.097, 0.092, 0.098, 0.143], "st": {"tick": 632839, "goal": 0, "here": 1}, "d11": "0.765", "tag": "sit"}
{"t": 1788326388.8, "x": -3.37, "y": 4.18, "h": 79.4, "L": [0.392, 0.528, 0.606, 0.816, 0.674, 0.661, 0.817, 0.238, 0.219, 0.25, 0.17, 0.125, 0.098, 0.082, 0.106, 0.147], "st": {"tick": 633039, "goal": 0, "here": 1}, "d11": "0.777", "tag": "sit"}
{"t": 1788326390.8, "x": -3.37, "y": 4.18, "h": 79.0, "L": [0.375, 0.55, 0.613, 0.824, 0.692, 0.673, 0.794, 0.257, 0.217, 0.238, 0.189, 0.113, 0.086, 0.093, 0.091, 0.151], "st": {"tick": 633240, "goal": 0, "here": 1}, "d11": "0.780", "tag": "sit"}
{"t": 1788326392.9, "x": -3.37, "y": 4.18, "h": 74.9, "L": [0.371, 0.527, 0.631, 0.843, 0.663, 0.662, 0.823, 0.234, 0.224, 0.231, 0.189, 0.115, 0.102, 0.096, 0.111, 0.157], "st": {"tick": 633445, "goal": 0, "here": 1}, "d11": "0.790", "tag": "sit"}
{"t": 1788326401.4, "x": -3.37, "y": 4.18, "h": 283.9, "L": [0.206, 0.204, 0.123, 0.09, 0.087, 0.099, 0.151, 0.386, 0.558, 0.641, 0.8, 0.68, 0.677, 0.789, 0.233, 0.204], "st": {"tick": 634295, "goal": 0, "here": 1}, "d11": "0.777", "tag": "off"}
{"t": 1788326410.3, "x": -3.37, "y": 4.18, "h": 82.6, "L": [0.408, 0.541, 0.635, 0.816, 0.666, 0.654, 0.813, 0.252, 0.218, 0.22, 0.173, 0.105, 0.097, 0.096, 0.106, 0.155], "st": {"tick": 635183, "goal": 0, "here": 1}, "d11": "0.771", "tag": "reenter"}
{"t": 1788326410.3, "x": -3.37, "y": 4.18, "h": 79.0, "L": [0.383, 0.536, 0.632, 0.804, 0.679, 0.67, 0.797, 0.237, 0.231, 0.232, 0.18, 0.102, 0.095, 0.097, 0.102, 0.145], "st": {"tick": 635186, "goal": 0, "here": 1}, "d11": "0.766", "tag": "back"}
{"t": 1788326410.3, "x": -3.37, "y": 4.18, "h": 80.2, "L": [0.38, 0.531, 0.638, 0.816, 0.681, 0.679, 0.798, 0.254, 0.22, 0.222, 0.165, 0.107, 0.098, 0.079, 0.099, 0.158], "st": {"tick": 635189, "goal": 0, "here": 1}, "d11": "0.773", "tag": "sit"}
{"t": 1788326412.4, "x": -3.37, "y": 4.18, "h": 81.9, "L": [0.396, 0.521, 0.625, 0.804, 0.688, 0.681, 0.803, 0.263, 0.226, 0.227, 0.163, 0.103, 0.088, 0.072, 0.111, 0.144], "st": {"tick": 635392, "goal": 0, "here": 1}, "d11": "0.787", "tag": "sit"}
{"t": 1788326414.4, "x": -3.37, "y": 4.18, "h": 82.2, "L": [0.391, 0.533, 0.632, 0.811, 0.677, 0.67, 0.81, 0.26, 0.219, 0.228, 0.174, 0.105, 0.084, 0.096, 0.115, 0.159], "st": {"tick": 635592, "goal": 0, "here": 1}, "d11": "0.775", "tag": "sit"}
{"t": 1788326416.4, "x": -3.37, "y": 4.18, "h": 79.4, "L": [0.394, 0.53, 0.619, 0.829, 0.676, 0.657, 0.804, 0.267, 0.228, 0.236, 0.17, 0.119, 0.092, 0.099, 0.103, 0.149], "st": {"tick": 635792, "goal": 0, "here": 1}, "d11": "0.783", "tag": "sit"}
{"t": 1788326418.4, "x": -3.37, "y": 4.18, "h": 81.6, "L": [0.395, 0.551, 0.642, 0.816, 0.671, 0.659, 0.812, 0.272, 0.241, -1.0, 0.179, 0.097, 0.108, 0.093, 0.102, 0.158], "st": {"tick": 635993, "goal": 0, "here": 1}, "d11": "0.774", "tag": "sit"}
{"t": 1788326420.4, "x": -3.37, "y": 4.18, "h": 83.1, "L": [0.403, 0.543, -1.0, 0.808, 0.681, 0.669, 0.808, 0.24, 0.237, 0.232, 0.16, 0.116, 0.093, 0.082, 0.105, 0.155], "st": {"tick": 636193, "goal": 0, "here": 1}, "d11": "0.774", "tag": "sit"}
{"t": 1788326422.4, "x": -3.37, "y": 4.18, "h": 87.6, "L": [0.38, 0.546, 0.645, 0.835, 0.678, 0.656, 0.805, 0.258, 0.224, 0.235, 0.16, 0.105, 0.099, 0.098, 0.107, 0.168], "st": {"tick": 636393, "goal": 0, "here": 1}, "d11": "0.775", "tag": "sit"}
{"t": 1788326424.4, "x": -3.37, "y": 4.18, "h": 78.7, "L": [0.399, 0.538, 0.626, 0.817, 0.661, 0.67, 0.811, 0.249, 0.227, 0.231, 0.183, 0.129, 0.072, 0.083, 0.104, 0.155], "st": {"tick": 636594, "goal": 0, "here": 1}, "d11": "0.775", "tag": "sit"}
{"t": 1788326426.4, "x": -3.37, "y": 4.18, "h": 78.2, "L": [0.399, 0.532, 0.632, 0.818, 0.682, 0.668, 0.799, 0.248, 0.239, 0.237, 0.172, 0.117, 0.098, 0.118, 0.099, 0.148], "st": {"tick": 636795, "goal": 0, "here": 1}, "d11": "0.777", "tag": "sit"}
{"t": 1788326428.4, "x": -3.37, "y": 4.18, "h": 81.9, "L": [0.389, 0.539, 0.634, 0.825, 0.702, 0.674, 0.814, 0.253, 0.219, 0.239, 0.168, 0.105, 0.093, 0.093, 0.101, 0.156], "st": {"tick": 636995, "goal": 0, "here": 1}, "d11": "0.767", "tag": "sit"}
{"t": 1788326430.5, "x": -3.37, "y": 4.18, "h": 78.5, "L": [0.4, 0.536, 0.633, 0.819, 0.681, 0.667, 0.813, 0.235, 0.204, -1.0, 0.167, 0.123, 0.092, 0.06, 0.094, 0.142], "st": {"tick": 637200, "goal": 0, "here": 1}, "d11": "0.784", "tag": "sit"}
{"t": 1788326432.5, "x": -3.37, "y": 4.18, "h": 78.5, "L": [0.387, 0.539, 0.64, 0.819, 0.674, 0.666, 0.812, 0.263, 0.222, 0.249, 0.126, 0.095, 0.087, -1.0, 0.113, 0.151], "st": {"tick": 637401, "goal": 0, "here": 1}, "d11": "0.775", "tag": "sit"}
{"t": 1788326434.5, "x": -3.37, "y": 4.18, "h": 77.7, "L": [0.404, 0.535, 0.653, 0.808, 0.677, 0.678, 0.778, 0.238, 0.224, 0.23, 0.179, 0.124, 0.108, 0.103, 0.107, 0.152], "st": {"tick": 637601, "goal": 0, "here": 1}, "d11": "0.761", "tag": "sit"}
{"t": 1788326436.5, "x": -3.37, "y": 4.18, "h": 78.7, "L": [0.392, 0.545, 0.622, 0.823, 0.701, 0.678, 0.801, 0.25, 0.228, 0.239, 0.182, 0.113, 0.089, 0.093, 0.117, 0.159], "st": {"tick": 637802, "goal": 0, "here": 1}, "d11": "0.784", "tag": "sit"}
{"t": 1788326438.5, "x": -3.37, "y": 4.18, "h": 77.6, "L": [0.391, 0.537, 0.632, 0.803, 0.671, 0.68, 0.78, 0.25, 0.219, 0.23, 0.168, 0.108, 0.097, 0.092, 0.087, 0.152], "st": {"tick": 638002, "goal": 0, "here": 1}, "d11": "0.772", "tag": "sit"}
{"t": 1788326440.5, "x": -3.37, "y": 4.18, "h": 83.3, "L": [0.408, 0.532, 0.633, 0.808, 0.678, 0.654, 0.817, 0.246, 0.211, 0.241, 0.16, 0.098, 0.082, 0.107, 0.104, 0.143], "st": {"tick": 638202, "goal": 0, "here": 1}, "d11": "0.772", "tag": "sit"}
{"t": 1788326442.5, "x": -3.37, "y": 4.18, "h": 76.7, "L": [0.398, 0.547, 0.632, 0.794, 0.679, 0.661, 0.813, 0.26, 0.228, 0.228, 0.158, 0.134, 0.097, 0.089, 0.104, 0.153], "st": {"tick": 638403, "goal": 0, "here": 1}, "d11": "0.768", "tag": "sit"}
{"t": 1788326444.5, "x": -3.37, "y": 4.18, "h": 84.2, "L": [0.395, 0.546, 0.626, 0.814, 0.669, 0.666, 0.805, 0.244, 0.229, 0.228, 0.169, 0.104, 0.11, 0.095, 0.103, 0.16], "st": {"tick": 638608, "goal": 0, "here": 1}, "d11": "0.786", "tag": "sit"}
{"t": 1788326446.5, "x": -3.37, "y": 4.18, "h": 82.8, "L": [0.386, 0.539, 0.626, 0.817, 0.682, 0.657, 0.791, 0.244, 0.232, 0.227, 0.156, -1.0, 0.114, 0.095, 0.103, 0.16], "st": {"tick": 638809, "goal": 0, "here": 1}, "d11": "0.774", "tag": "sit"}
{"t": 1788326448.5, "x": -3.37, "y": 4.18, "h": 80.9, "L": [0.397, 0.552, 0.623, 0.815, 0.663, 0.663, 0.785, 0.265, 0.218, 0.243, 0.173, 0.117, 0.108, 0.091, 0.1, 0.168], "st": {"tick": 639009, "goal": 0, "here": 1}, "d11": "0.776", "tag": "sit"}
{"t": 1788326457.7, "x": -3.37, "y": 4.18, "h": 276.7, "L": [0.204, 0.167, 0.116, 0.089, 0.084, 0.105, 0.137, 0.28, 0.589, 0.655, 0.875, 0.688, 0.648, 0.794, 0.223, 0.181], "st": {"tick": 639923, "goal": 0, "here": 1}, "d11": "0.779", "tag": "off"}
{"t": 1788326467.0, "x": -3.37, "y": 4.18, "h": 79.7, "L": [0.351, 0.524, 0.594, 0.815, 0.681, 0.653, 0.812, 0.879, 0.266, 0.253, 0.175, 0.096, 0.093, 0.088, 0.112, 0.146], "st": {"tick": 640855, "goal": 0, "here": 1}, "d11": "0.630", "tag": "reenter"}
{"t": 1788326467.0, "x": -3.37, "y": 4.18, "h": 81.4, "L": [0.358, 0.526, 0.597, 0.83, 0.678, 0.657, 0.826, 0.867, 0.263, 0.256, 0.186, 0.12, 0.098, 0.083, 0.113, 0.149], "st": {"tick": 640858, "goal": 0, "here": 1}, "d11": "0.616", "tag": "back"}
{"t": 1788326467.1, "x": -3.37, "y": 4.18, "h": 79.4, "L": [0.34, 0.515, 0.6, 0.821, 0.676, 0.66, 0.84, 0.874, 0.253, 0.242, 0.181, 0.12, 0.094, 0.072, 0.097, 0.145], "st": {"tick": 640861, "goal": 0, "here": 1}, "d11": "0.636", "tag": "sit"}
{"t": 1788326469.1, "x": -3.37, "y": 4.18, "h": 76.8, "L": [0.368, 0.518, 0.584, 0.837, 0.691, 0.666, 0.812, 0.875, 0.235, 0.26, 0.183, 0.1, 0.091, 0.095, 0.085, 0.127], "st": {"tick": 641064, "goal": 0, "here": 1}, "d11": "0.657", "tag": "sit"}
{"t": 1788326471.1, "x": -3.37, "y": 4.18, "h": 85.2, "L": [-1.0, 0.522, 0.603, 0.804, 0.689, 0.652, 0.805, 0.867, 0.237, 0.26, 0.186, 0.124, 0.077, 0.098, 0.111, 0.132], "st": {"tick": 641264, "goal": 0, "here": 1}, "d11": "0.647", "tag": "sit"}
{"t": 1788326473.1, "x": -3.37, "y": 4.18, "h": 78.2, "L": [0.357, 0.519, 0.595, 0.809, 0.673, 0.664, 0.82, 0.854, 0.249, 0.262, 0.176, 0.114, 0.084, 0.099, 0.086, 0.172], "st": {"tick": 641464, "goal": 0, "here": 1}, "d11": "0.669", "tag": "sit"}
{"t": 1788326475.1, "x": -3.37, "y": 4.18, "h": 77.5, "L": [0.365, 0.503, 0.596, 0.837, 0.691, 0.679, 0.803, 0.854, 0.246, 0.25, 0.179, 0.104, 0.101, 0.084, 0.106, 0.144], "st": {"tick": 641667, "goal": 0, "here": 1}, "d11": "0.645", "tag": "sit"}
{"t": 1788326477.1, "x": -3.37, "y": 4.18, "h": 81.6, "L": [0.35, 0.528, 0.584, 0.829, 0.693, 0.674, 0.817, 0.863, 0.243, 0.23, 0.186, 0.112, 0.109, 0.094, 0.111, 0.136], "st": {"tick": 641867, "goal": 0, "here": 1}, "d11": "0.650", "tag": "sit"}
{"t": 1788326479.1, "x": -3.37, "y": 4.18, "h": 78.5, "L": [0.35, 0.526, 0.611, 0.836, 0.706, 0.681, 0.815, 0.867, 0.233, 0.248, 0.178, 0.108, 0.079, 0.099, 0.121, 0.139], "st": {"tick": 642067, "goal": 0, "here": 1}, "d11": "0.654", "tag": "sit"}
{"t": 1788326481.1, "x": -3.37, "y": 4.18, "h": 79.1, "L": [0.355, 0.511, 0.616, 0.85, 0.675, 0.668, 0.812, 0.848, 0.222, 0.255, 0.172, 0.126, 0.091, 0.081, 0.097, 0.166], "st": {"tick": 642268, "goal": 0, "here": 1}, "d11": "0.633", "tag": "sit"}
{"t": 1788326483.1, "x": -3.37, "y": 4.18, "h": 81.2, "L": [0.359, 0.495, 0.593, 0.83, 0.696, 0.677, 0.847, 0.868, 0.253, 0.253, 0.19, 0.128, 0.09, 0.094, 0.106, 0.153], "st": {"tick": 642468, "goal": 0, "here": 1}, "d11": "0.581", "tag": "sit"}
{"t": 1788326485.1, "x": -3.37, "y": 4.18, "h": 79.4, "L": [0.359, 0.546, 0.61, 0.811, 0.676, 0.659, 0.813, 0.849, 0.241, 0.244, 0.192, 0.133, 0.094, 0.1, 0.091, 0.14], "st": {"tick": 642668, "goal": 0, "here": 1}, "d11": "0.578", "tag": "sit"}
{"t": 1788326487.2, "x": -3.37, "y": 4.18, "h": 78.5, "L": [0.359, 0.515, 0.603, 0.825, 0.686, 0.659, 0.82, 0.882, 0.26, 0.237, 0.176, 0.112, 0.114, 0.09, 0.103, 0.135], "st": {"tick": 642868, "goal": 0, "here": 1}, "d11": "0.568", "tag": "sit"}
{"t": 1788326489.2, "x": -3.37, "y": 4.18, "h": 80.0, "L": [0.353, 0.509, 0.613, 0.832, 0.688, 0.677, 0.822, 0.857, 0.262, 0.251, 0.188, 0.124, 0.094, 0.08, 0.099, 0.132], "st": {"tick": 643074, "goal": 0, "here": 1}, "d11": "0.457", "tag": "sit"}
{"t": 1788326491.2, "x": -3.37, "y": 4.18, "h": 80.0, "L": [0.365, 0.521, 0.599, 0.806, 0.676, 0.65, 0.822, 0.869, 0.265, 0.252, 0.173, 0.114, 0.101, 0.065, 0.121, -1.0], "st": {"tick": 643274, "goal": 0, "here": 1}, "d11": "0.406", "tag": "sit"}
{"t": 1788326493.2, "x": -3.37, "y": 4.18, "h": 76.3, "L": [0.36, 0.512, 0.606, 0.832, 0.687, 0.655, 0.815, 0.864, 0.234, 0.246, 0.198, 0.11, 0.118, 0.08, 0.112, 0.158], "st": {"tick": 643475, "goal": 0, "here": 1}, "d11": "0.410", "tag": "sit"}
{"t": 1788326495.2, "x": -3.37, "y": 4.18, "h": 77.5, "L": [0.368, 0.507, 0.592, 0.82, 0.679, 0.678, 0.821, 0.858, 0.246, 0.251, 0.191, 0.123, 0.066, 0.061, 0.111, 0.164], "st": {"tick": 643675, "goal": 0, "here": 1}, "d11": "0.423", "tag": "sit"}
{"t": 1788326497.2, "x": -3.37, "y": 4.18, "h": 80.0, "L": [0.369, 0.517, 0.596, 0.826, 0.685, 0.654, 0.839, 0.872, 0.237, 0.254, 0.169, 0.14, 0.091, 0.092, 0.096, 0.148], "st": {"tick": 643875, "goal": 0, "here": 1}, "d11": "0.550", "tag": "sit"}
{"t": 1788326499.2, "x": -3.37, "y": 4.18, "h": 81.2, "L": [0.356, 0.506, 0.588, 0.812, 0.682, 0.676, 0.83, 0.846, 0.25, 0.247, 0.183, 0.128, 0.104, 0.087, 0.104, 0.156], "st": {"tick": 644076, "goal": 0, "here": 1}, "d11": "0.635", "tag": "sit"}
{"t": 1788326501.2, "x": -3.37, "y": 4.18, "h": 80.0, "L": [0.375, 0.507, 0.601, 0.84, 0.688, 0.671, 0.827, 0.873, 0.232, 0.244, 0.214, 0.103, 0.088, 0.092, 0.095, 0.16], "st": {"tick": 644276, "goal": 0, "here": 1}, "d11": "0.757", "tag": "sit"}
{"t": 1788326503.3, "x": -3.37, "y": 4.18, "h": 77.0, "L": [0.346, 0.525, 0.602, 0.827, 0.687, 0.658, 0.817, 0.884, 0.224, 0.245, -1.0, 0.121, 0.088, 0.11, 0.103, 0.158], "st": {"tick": 644481, "goal": 0, "here": 1}, "d11": "0.801", "tag": "sit"}
{"t": 1788326505.3, "x": -3.37, "y": 4.18, "h": 76.5, "L": [0.368, 0.531, 0.601, 0.809, 0.687, 0.66, 0.822, 0.861, 0.25, 0.241, 0.171, 0.119, 0.097, 0.093, 0.111, 0.155], "st": {"tick": 644682, "goal": 0, "here": 1}, "d11": "0.753", "tag": "sit"}
{"t": 1788326514.2, "x": -3.37, "y": 4.18, "h": 279.2, "L": [0.18, 0.169, 0.116, 0.088, 0.103, 0.089, 0.152, 0.395, 0.59, 0.675, 0.81, 0.67, 0.674, 0.763, 0.193, 0.189], "st": {"tick": 645571, "goal": 0, "here": 1}, "d11": "0.684", "tag": "off"}
{"t": 1788326524.2, "x": -3.37, "y": 4.18, "h": 75.3, "L": [0.331, 0.449, 0.51, 0.701, 0.705, 0.651, 0.795, 1.015, 0.309, 0.334, 0.185, 0.12, 0.103, 0.07, 0.103, 0.149], "st": {"tick": 646578, "goal": 0, "here": 1}, "d11": "0.811", "tag": "reenter"}
{"t": 1788326524.3, "x": -3.37, "y": 4.18, "h": 75.9, "L": [0.319, 0.43, 0.498, 0.714, 0.683, 0.677, 0.79, 1.006, 0.294, 0.333, 0.189, 0.116, 0.082, 0.079, 0.104, 0.137], "st": {"tick": 646581, "goal": 0, "here": 1}, "d11": "0.823", "tag": "back"}
{"t": 1788326524.3, "x": -3.37, "y": 4.18, "h": 74.7, "L": [0.298, 0.44, 0.511, 0.703, 0.688, 0.669, 0.797, 1.023, 0.307, 0.313, 0.188, 0.107, 0.098, 0.089, 0.108, 0.148], "st": {"tick": 646583, "goal": 0, "here": 1}, "d11": "0.834", "tag": "sit"}
{"t": 1788326526.3, "x": -3.37, "y": 4.18, "h": 76.7, "L": [0.337, 0.431, 0.514, 0.709, 0.682, 0.662, 0.787, 1.024, 0.309, 0.33, 0.201, 0.128, 0.1, 0.071, 0.113, 0.148], "st": {"tick": 646786, "goal": 0, "here": 1}, "d11": "0.755", "tag": "sit"}
{"t": 1788326528.3, "x": -3.37, "y": 4.18, "h": 75.3, "L": [0.293, 0.442, 0.509, 0.686, 0.7, 0.659, 0.796, 1.015, 0.33, 0.325, 0.19, 0.121, 0.09, 0.08, 0.1, 0.169], "st": {"tick": 646987, "goal": 0, "here": 1}, "d11": "0.664", "tag": "sit"}
{"t": 1788326530.3, "x": -3.37, "y": 4.18, "h": 73.9, "L": [0.314, 0.449, 0.503, 0.697, 0.688, 0.658, 0.796, 1.024, 0.308, 0.31, 0.193, 0.115, 0.085, 0.099, 0.089, 0.137], "st": {"tick": 647187, "goal": 0, "here": 1}, "d11": "0.715", "tag": "sit"}
{"t": 1788326532.3, "x": -3.37, "y": 4.18, "h": 75.0, "L": [0.31, -1.0, 0.515, 0.697, 0.685, 0.679, 0.786, 1.026, 0.313, 0.311, 0.201, 0.108, 0.105, 0.083, 0.09, 0.127], "st": {"tick": 647387, "goal": 0, "here": 1}, "d11": "0.795", "tag": "sit"}
{"t": 1788326534.3, "x": -3.37, "y": 4.18, "h": 75.8, "L": [0.305, 0.448, 0.521, 0.686, 0.689, 0.681, 0.802, 1.017, 0.307, 0.344, 0.187, 0.122, 0.089, 0.08, 0.106, 0.12], "st": {"tick": 647587, "goal": 0, "here": 1}, "d11": "0.755", "tag": "sit"}
{"t": 1788326536.3, "x": -3.37, "y": 4.18, "h": 76.5, "L": [0.319, 0.439, 0.489, 0.699, 0.701, 0.655, 0.8, 1.002, 0.3, -1.0, 0.183, 0.118, 0.106, 0.067, 0.12, 0.153], "st": {"tick": 647788, "goal": 0, "here": 1}, "d11": "0.796", "tag": "sit"}
{"t": 1788326538.3, "x": -3.37, "y": 4.18, "h": 77.6, "L": [0.313, 0.445, 0.503, 0.69, 0.673, 0.664, 0.792, 1.021, 0.319, 0.325, 0.178, 0.099, 0.099, 0.098, 0.111, 0.151], "st": {"tick": 647988, "goal": 0, "here": 1}, "d11": "0.822", "tag": "sit"}
{"t": 1788326540.3, "x": -3.37, "y": 4.18, "h": 75.1, "L": [0.32, 0.445, 0.501, 0.701, 0.694, 0.643, 0.784, 1.01, 0.302, 0.331, 0.171, 0.122, 0.098, 0.077, 0.095, 0.154], "st": {"tick": 648188, "goal": 0, "here": 1}, "d11": "0.765", "tag": "sit"}
{"t": 1788326542.3, "x": -3.37, "y": 4.18, "h": 74.5, "L": [0.315, 0.44, 0.49, 0.703, 0.68, 0.662, 0.797, 1.017, 0.317, 0.34, 0.182, 0.112, 0.081, 0.095, 0.088, 0.143], "st": {"tick": 648388, "goal": 0, "here": 1}, "d11": "0.680", "tag": "sit"}
{"t": 1788326544.3, "x": -3.37, "y": 4.18, "h": 78.6, "L": [0.304, 0.433, 0.506, 0.723, 0.707, 0.664, 0.791, 1.001, 0.302, 0.332, 0.18, 0.108, 0.08, 0.09, 0.09, 0.137], "st": {"tick": 648589, "goal": 0, "here": 1}, "d11": "0.630", "tag": "sit"}
{"t": 1788326546.3, "x": -3.37, "y": 4.18, "h": 81.1, "L": [0.327, 0.464, 0.484, 0.705, 0.705, 0.669, 0.804, 1.017, 0.305, 0.323, 0.203, 0.112, 0.097, 0.09, 0.101, 0.157], "st": {"tick": 648789, "goal": 0, "here": 1}, "d11": "0.615", "tag": "sit"}
{"t": 1788326548.3, "x": -3.37, "y": 4.18, "h": 76.2, "L": [0.322, 0.449, 0.491, 0.692, 0.693, 0.649, 0.776, 1.033, 0.312, 0.323, 0.194, 0.112, 0.092, 0.094, 0.087, 0.121], "st": {"tick": 648989, "goal": 0, "here": 1}, "d11": "0.619", "tag": "sit"}
{"t": 1788326550.4, "x": -3.37, "y": 4.18, "h": 78.5, "L": [0.32, 0.439, 0.506, 0.703, 0.685, 0.676, 0.81, 1.018, 0.311, 0.332, 0.182, 0.122, 0.098, 0.102, 0.099, 0.135], "st": {"tick": 649190, "goal": 0, "here": 1}, "d11": "0.715", "tag": "sit"}
{"t": 1788326552.4, "x": -3.37, "y": 4.18, "h": 82.1, "L": [0.311, 0.428, 0.5, 0.72, 0.681, -1.0, 0.789, 1.001, 0.315, 0.336, 0.18, 0.099, 0.084, 0.076, 0.102, 0.14], "st": {"tick": 649395, "goal": 0, "here": 1}, "d11": "0.780", "tag": "sit"}
{"t": 1788326554.4, "x": -3.37, "y": 4.18, "h": 74.1, "L": [0.312, 0.452, 0.503, 0.684, 0.687, 0.673, 0.815, 1.021, 0.298, 0.324, 0.178, 0.099, 0.075, 0.075, 0.111, 0.154], "st": {"tick": 649595, "goal": 0, "here": 1}, "d11": "0.761", "tag": "sit"}
{"t": 1788326556.4, "x": -3.37, "y": 4.18, "h": 76.6, "L": [0.311, 0.458, 0.498, 0.695, 0.678, 0.651, 0.808, 1.016, 0.304, 0.304, 0.184, 0.099, 0.102, 0.11, 0.094, 0.158], "st": {"tick": 649796, "goal": 0, "here": 1}, "d11": "0.694", "tag": "sit"}
{"t": 1788326558.4, "x": -3.37, "y": 4.18, "h": 79.5, "L": [0.318, 0.422, 0.506, 0.7, 0.701, 0.653, 0.815, 1.007, 0.321, 0.326, 0.177, 0.113, 0.073, 0.086, 0.099, 0.143], "st": {"tick": 649996, "goal": 0, "here": 1}, "d11": "0.684", "tag": "sit"}
{"t": 1788326560.4, "x": -3.37, "y": 4.18, "h": 75.9, "L": [0.32, 0.439, 0.506, 0.697, 0.678, 0.66, 0.791, 1.01, 0.31, 0.314, 0.173, 0.119, 0.1, 0.108, 0.108, 0.14], "st": {"tick": 650199, "goal": 0, "here": 1}, "d11": "0.768", "tag": "sit"}
{"t": 1788326562.4, "x": -3.37, "y": 4.18, "h": 76.5, "L": [0.318, 0.467, 0.518, 0.701, 0.688, 0.667, 0.791, 0.996, 0.309, 0.307, 0.194, 0.13, 0.084, 0.078, 0.098, 0.14], "st": {"tick": 650399, "goal": 0, "here": 1}, "d11": "0.797", "tag": "sit"}
{"t": 1788326572.1, "x": -3.37, "y": 4.18, "h": 280.6, "L": [0.205, 0.166, 0.116, 0.088, 0.077, 0.098, 0.144, 0.351, 0.573, 0.643, 0.844, 0.68, 0.671, 0.778, 0.208, 0.207], "st": {"tick": 651365, "goal": 0, "here": 1}, "d11": "0.663", "tag": "off"}
{"t": 1788326581.0, "x": -3.37, "y": 4.18, "h": 75.9, "L": [0.282, 0.526, 0.589, 0.818, 0.698, 0.654, 0.816, 0.881, 0.225, 0.248, 0.199, 0.126, 0.099, 0.105, 0.101, 0.14], "st": {"tick": 652255, "goal": 0, "here": 1}, "d11": "0.579", "tag": "reenter"}
{"t": 1788326581.0, "x": -3.37, "y": 4.18, "h": 76.1, "L": [0.308, 0.529, 0.597, 0.824, 0.681, 0.643, 0.826, 0.872, 0.239, 0.22, 0.208, 0.12, 0.104, 0.095, 0.123, 0.149], "st": {"tick": 652258, "goal": 0, "here": 1}, "d11": "0.579", "tag": "back"}
{"t": 1788326581.1, "x": -3.37, "y": 4.18, "h": 76.0, "L": [0.298, 0.508, 0.592, 0.802, 0.683, 0.637, 0.83, 0.887, 0.242, 0.234, 0.223, 0.114, 0.1, 0.079, 0.111, 0.132], "st": {"tick": 652261, "goal": 0, "here": 1}, "d11": "0.573", "tag": "sit"}
{"t": 1788326583.1, "x": -3.37, "y": 4.18, "h": 79.6, "L": [0.31, 0.526, 0.599, 0.814, 0.695, 0.675, 0.822, 0.878, 0.246, 0.257, 0.188, 0.12, 0.103, 0.072, 0.08, 0.129], "st": {"tick": 652464, "goal": 0, "here": 1}, "d11": "0.678", "tag": "sit"}
{"t": 1788326585.2, "x": -3.37, "y": 4.18, "h": 74.1, "L": [0.304, 0.51, 0.58, 0.803, 0.701, 0.654, 0.794, 0.898, 0.248, 0.255, 0.187, 0.119, 0.097, 0.095, 0.102, 0.144], "st": {"tick": 652670, "goal": 0, "here": 1}, "d11": "0.782", "tag": "sit"}
{"t": 1788326587.2, "x": -3.37, "y": 4.18, "h": 72.1, "L": [0.323, 0.531, 0.596, 0.815, 0.718, 0.661, 0.824, 0.923, 0.237, 0.236, 0.198, 0.128, 0.1, 0.087, 0.099, 0.13], "st": {"tick": 652871, "goal": 0, "here": 1}, "d11": "0.802", "tag": "sit"}
{"t": 1788326589.2, "x": -3.37, "y": 4.18, "h": 75.0, "L": [0.297, 0.504, 0.594, 0.81, 0.665, 0.644, 0.822, 0.895, 0.223, 0.249, 0.191, 0.12, 0.089, 0.087, 0.105, 0.141], "st": {"tick": 653071, "goal": 0, "here": 1}, "d11": "0.755", "tag": "sit"}
{"t": 1788326591.2, "x": -3.37, "y": 4.18, "h": 74.1, "L": [0.304, 0.537, 0.601, 0.806, 0.686, 0.656, 0.802, 0.899, 0.229, 0.251, 0.197, 0.141, 0.097, 0.091, 0.102, 0.168], "st": {"tick": 653271, "goal": 0, "here": 1}, "d11": "0.694", "tag": "sit"}
{"t": 1788326593.2, "x": -3.37, "y": 4.18, "h": 79.1, "L": [0.294, 0.516, 0.588, 0.818, 0.689, 0.669, 0.796, 0.885, 0.232, 0.259, 0.198, 0.118, 0.101, 0.089, 0.105, 0.138], "st": {"tick": 653472, "goal": 0, "here": 1}, "d11": "0.757", "tag": "sit"}
{"t": 1788326595.2, "x": -3.37, "y": 4.18, "h": 75.4, "L": [0.305, 0.53, 0.597, 0.84, 0.709, 0.658, 0.815, 0.893, 0.238, 0.233, 0.192, 0.106, 0.091, 0.077, 0.104, 0.133], "st": {"tick": 653672, "goal": 0, "here": 1}, "d11": "0.804", "tag": "sit"}
{"t": 1788326597.2, "x": -3.37, "y": 4.18, "h": 76.5, "L": [0.315, 0.504, 0.589, 0.794, 0.683, 0.675, 0.811, 0.874, 0.227, 0.25, 0.194, -1.0, 0.094, 0.091, 0.11, 0.153], "st": {"tick": 653872, "goal": 0, "here": 1}, "d11": "0.778", "tag": "sit"}
{"t": 1788326599.2, "x": -3.37, "y": 4.18, "h": 76.9, "L": [0.296, 0.536, 0.591, 0.822, 0.696, 0.641, 0.831, 0.878, 0.263, 0.248, 0.211, 0.115, 0.087, 0.091, 0.086, 0.144], "st": {"tick": 654078, "goal": 0, "here": 1}, "d11": "0.826", "tag": "sit"}
{"t": 1788326601.2, "x": -3.37, "y": 4.18, "h": 74.4, "L": [0.292, 0.528, 0.587, 0.838, 0.673, 0.66, 0.808, 0.892, 0.232, 0.237, 0.191, 0.121, 0.101, 0.088, 0.106, 0.13], "st": {"tick": 654278, "goal": 0, "here": 1}, "d11": "0.806", "tag": "sit"}
{"t": 1788326603.2, "x": -3.37, "y": 4.18, "h": 73.4, "L": [0.295, 0.545, 0.596, 0.814, 0.694, 0.664, 0.816, 0.881, 0.24, 0.244, 0.188, 0.115, 0.095, 0.094, 0.091, 0.14], "st": {"tick": 654479, "goal": 0, "here": 1}, "d11": "0.768", "tag": "sit"}
{"t": 1788326605.2, "x": -3.37, "y": 4.18, "h": 75.1, "L": [0.304, 0.521, 0.589, 0.821, 0.706, 0.669, 0.81, 0.889, 0.237, 0.241, 0.196, 0.125, 0.082, 0.088, 0.1, 0.153], "st": {"tick": 654679, "goal": 0, "here": 1}, "d11": "0.645", "tag": "sit"}
{"t": 1788326607.2, "x": -3.37, "y": 4.18, "h": 74.1, "L": [0.318, 0.534, 0.596, 0.804, 0.687, 0.669, 0.808, 0.888, 0.242, 0.244, 0.195, 0.101, 0.092, 0.08, 0.101, 0.137], "st": {"tick": 654879, "goal": 0, "here": 1}, "d11": "0.620", "tag": "sit"}
{"t": 1788326609.2, "x": -3.37, "y": 4.18, "h": 77.3, "L": [0.308, 0.522, 0.592, 0.809, 0.705, 0.656, 0.82, 0.885, 0.237, 0.245, 0.214, 0.116, 0.092, 0.106, 0.095, 0.161], "st": {"tick": 655080, "goal": 0, "here": 1}, "d11": "0.664", "tag": "sit"}
{"t": 1788326611.2, "x": -3.37, "y": 4.18, "h": 73.5, "L": [0.307, 0.51, 0.59, 0.804, 0.677, 0.656, 0.817, 0.908, 0.227, 0.237, 0.184, 0.122, 0.074, 0.078, 0.098, 0.134], "st": {"tick": 655280, "goal": 0, "here": 1}, "d11": "0.761", "tag": "sit"}
{"t": 1788326613.3, "x": -3.37, "y": 4.18, "h": 75.9, "L": [0.293, 0.527, 0.598, 0.817, 0.689, 0.667, 0.793, 0.878, 0.218, 0.271, 0.203, 0.111, 0.08, 0.099, 0.1, -1.0], "st": {"tick": 655480, "goal": 0, "here": 1}, "d11": "0.827", "tag": "sit"}
{"t": 1788326615.3, "x": -3.37, "y": 4.18, "h": 73.0, "L": [0.287, 0.541, 0.569, 0.803, 0.684, 0.666, 0.83, 0.889, 0.238, 0.248, 0.199, 0.129, 0.098, 0.093, 0.111, 0.141], "st": {"tick": 655681, "goal": 0, "here": 1}, "d11": "0.840", "tag": "sit"}
{"t": 1788326617.3, "x": -3.37, "y": 4.18, "h": 74.9, "L": [0.289, 0.522, 0.588, 0.827, 0.697, 0.666, 0.821, 0.905, 0.237, 0.246, 0.173, 0.114, 0.108, 0.083, 0.081, 0.144], "st": {"tick": 655881, "goal": 0, "here": 1}, "d11": "0.799", "tag": "sit"}
{"t": 1788326619.3, "x": -3.37, "y": 4.18, "h": 74.7, "L": [0.313, 0.508, 0.613, 0.78, 0.708, 0.669, 0.806, 0.883, 0.252, 0.248, 0.199, 0.121, 0.103, 0.083, 0.087, 0.156], "st": {"tick": 656082, "goal": 0, "here": 1}, "d11": "0.681", "tag": "sit"}
{"t": 1788326628.2, "x": -3.37, "y": 4.18, "h": 279.5, "L": [0.215, 0.178, 0.126, 0.093, 0.082, 0.12, 0.147, 0.301, 0.571, 0.658, 0.85, 0.683, 0.671, 0.78, 0.215, 0.189], "st": {"tick": 656974, "goal": 0, "here": 1}, "d11": "0.828", "tag": "off"}
{"t": 1788326637.5, "x": -3.37, "y": 4.18, "h": 75.2, "L": [0.317, 0.506, 0.6, 0.815, 0.683, 0.667, 0.826, 0.872, 0.252, 0.262, 0.186, 0.113, 0.086, 0.068, 0.094, 0.164], "st": {"tick": 657904, "goal": 0, "here": 1}, "d11": "0.736", "tag": "reenter"}
{"t": 1788326637.5, "x": -3.37, "y": 4.18, "h": 76.0, "L": [0.334, 0.499, 0.564, 0.819, 0.682, 0.666, 0.811, 0.885, 0.229, 0.281, 0.175, 0.099, 0.097, 0.086, 0.113, 0.144], "st": {"tick": 657907, "goal": 0, "here": 1}, "d11": "0.749", "tag": "back"}
{"t": 1788326637.5, "x": -3.37, "y": 4.18, "h": 76.3, "L": [0.334, 0.516, 0.572, 0.803, 0.7, 0.678, 0.814, 0.9, 0.244, 0.271, 0.18, 0.126, 0.101, 0.071, 0.096, 0.143], "st": {"tick": 657910, "goal": 0, "here": 1}, "d11": "0.745", "tag": "sit"}
{"t": 1788326639.6, "x": -3.37, "y": 4.18, "h": 81.9, "L": [0.334, 0.494, 0.57, 0.812, 0.677, 0.665, 0.818, 0.882, 0.255, 0.254, 0.173, 0.127, 0.109, 0.091, 0.094, 0.144], "st": {"tick": 658113, "goal": 0, "here": 1}, "d11": "0.796", "tag": "sit"}
{"t": 1788326641.6, "x": -3.37, "y": 4.18, "h": 80.6, "L": [0.338, 0.5, 0.588, 0.81, 0.693, 0.661, 0.821, 0.888, 0.249, 0.252, 0.167, 0.107, 0.115, 0.084, 0.098, 0.157], "st": {"tick": 658313, "goal": 0, "here": 1}, "d11": "0.791", "tag": "sit"}
{"t": 1788326643.6, "x": -3.37, "y": 4.18, "h": 77.6, "L": [0.327, 0.508, 0.581, 0.824, 0.684, 0.665, 0.826, 0.874, 0.266, 0.257, 0.196, 0.119, 0.084, 0.097, 0.106, 0.156], "st": {"tick": 658513, "goal": 0, "here": 1}, "d11": "0.836", "tag": "sit"}
{"t": 1788326645.6, "x": -3.37, "y": 4.18, "h": 78.6, "L": [0.338, 0.512, 0.57, 0.809, 0.684, 0.66, 0.816, 0.9, 0.279, 0.232, 0.181, 0.108, 0.101, 0.091, 0.119, 0.157], "st": {"tick": 658713, "goal": 0, "here": 1}, "d11": "0.824", "tag": "sit"}
{"t": 1788326647.6, "x": -3.37, "y": 4.18, "h": 78.5, "L": [0.336, 0.502, 0.562, 0.812, 0.703, 0.65, 0.838, 0.903, 0.269, 0.273, 0.178, 0.123, 0.09, 0.11, 0.095, 0.147], "st": {"tick": 658914, "goal": 0, "here": 1}, "d11": "0.813", "tag": "sit"}
{"t": 1788326649.6, "x": -3.37, "y": 4.18, "h": 80.6, "L": [0.332, 0.51, 0.579, 0.812, 0.713, 0.659, 0.842, 0.89, 0.275, 0.28, 0.184, 0.113, 0.086, 0.087, 0.121, 0.135], "st": {"tick": 659114, "goal": 0, "here": 1}, "d11": "0.752", "tag": "sit"}
{"t": 1788326651.6, "x": -3.37, "y": 4.18, "h": 78.1, "L": [0.346, 0.515, 0.579, 0.82, 0.692, 0.676, 0.812, 0.893, 0.253, 0.269, 0.179, 0.117, 0.097, 0.082, 0.096, 0.147], "st": {"tick": 659314, "goal": 0, "here": 1}, "d11": "0.634", "tag": "sit"}
{"t": 1788326653.6, "x": -3.37, "y": 4.18, "h": 77.4, "L": [0.32, 0.515, 0.591, 0.831, 0.672, 0.672, 0.812, 0.89, 0.263, 0.262, 0.185, 0.134, 0.09, 0.093, 0.121, 0.133], "st": {"tick": 659515, "goal": 0, "here": 1}, "d11": "0.578", "tag": "sit"}
{"t": 1788326655.6, "x": -3.37, "y": 4.18, "h": 77.2, "L": [0.338, 0.508, 0.568, 0.806, 0.675, 0.661, 0.829, 0.892, 0.253, 0.252, 0.181, 0.101, 0.092, 0.103, 0.111, 0.116], "st": {"tick": 659715, "goal": 0, "here": 1}, "d11": "0.590", "tag": "sit"}
{"t": 1788326657.6, "x": -3.37, "y": 4.18, "h": 75.8, "L": [0.313, 0.518, 0.578, 0.81, 0.686, 0.668, 0.831, 0.885, 0.273, 0.275, 0.189, 0.11, 0.112, 0.078, 0.102, 0.151], "st": {"tick": 659915, "goal": 0, "here": 1}, "d11": "0.682", "tag": "sit"}
{"t": 1788326659.6, "x": -3.37, "y": 4.18, "h": 79.7, "L": [0.339, 0.517, 0.573, 0.795, 0.69, 0.675, 0.808, 0.891, 0.255, 0.262, 0.184, 0.113, 0.084, 0.077, 0.095, 0.162], "st": {"tick": 660116, "goal": 0, "here": 1}, "d11": "0.779", "tag": "sit"}
{"t": 1788326661.6, "x": -3.37, "y": 4.18, "h": 76.4, "L": [0.323, 0.492, 0.573, 0.817, 0.694, 0.667, 0.809, 0.885, 0.261, 0.254, 0.178, 0.119, 0.108, 0.094, 0.099, 0.144], "st": {"tick": 660316, "goal": 0, "here": 1}, "d11": "0.826", "tag": "sit"}
{"t": 1788326663.6, "x": -3.37, "y": 4.18, "h": 74.3, "L": [0.34, 0.502, 0.586, 0.803, 0.702, 0.66, 0.811, 0.885, 0.256, 0.265, 0.174, 0.108, 0.088, 0.09, 0.117, 0.152], "st": {"tick": 660516, "goal": 0, "here": 1}, "d11": "0.793", "tag": "sit"}
{"t": 1788326665.6, "x": -3.37, "y": 4.18, "h": 73.7, "L": [-1.0, 0.498, 0.579, 0.822, 0.687, 0.655, 0.818, 0.887, 0.251, 0.264, 0.196, 0.129, 0.098, 0.107, 0.106, 0.134], "st": {"tick": 660717, "goal": 0, "here": 1}, "d11": "0.719", "tag": "sit"}
{"t": 1788326667.6, "x": -3.37, "y": 4.18, "h": 78.3, "L": [0.326, 0.526, 0.569, 0.818, 0.693, 0.681, 0.846, -1.0, 0.25, 0.271, 0.181, 0.122, -1.0, 0.103, 0.109, 0.155], "st": {"tick": 660917, "goal": 0, "here": 1}, "d11": "0.694", "tag": "sit"}
{"t": 1788326669.6, "x": -3.37, "y": 4.18, "h": 77.9, "L": [0.326, 0.512, 0.572, -1.0, 0.675, 0.663, 0.837, 0.899, 0.239, 0.251, 0.17, 0.116, 0.084, 0.087, 0.11, 0.141], "st": {"tick": 661118, "goal": 0, "here": 1}, "d11": "0.781", "tag": "sit"}
{"t": 1788326671.6, "x": -3.37, "y": 4.18, "h": 72.4, "L": [0.317, 0.49, 0.574, 0.807, 0.693, 0.664, 0.85, 0.882, 0.241, 0.261, 0.175, 0.124, 0.085, 0.102, 0.112, 0.138], "st": {"tick": 661318, "goal": 0, "here": 1}, "d11": "0.799", "tag": "sit"}
