[1788375443] RX: R1 t=110999 h=143.1 st=ROAM
[1788375444] RX: R1 t=111203 h=143.0 st=ROAM
[1788375445] RX: R1 t=111404 h=144.3 st=ROAM
[1788375448] RX: R1 t=111609 h=146.8 st=ROAM
[1788375449] RX: R1 t=111811 h=140.9 st=ROAM
[1788375449] RX: R1 t=112012 h=147.4 st=ROAM
[1788375449] RX: R1 t=112212 h=103.2 st=ROAM
[1788375450] RX: R1 t=112417 h=99.5 st=ROAM
[1788375450] RX: R1 t=112618 h=99.7 st=ROAM
[1788375450] RX: R1 t=112821 h=102.6 st=ROAM
[1788375452] RX: R1 t=113022 h=98.8 st=ROAM
[1788375453] RX: R1 t=113222 h=96.6 st=ROAM
[1788375453] RX: R1 t=113424 h=62.7 st=TURN
[1788376827] RX: B1 PING d11=0.651 h=157 t=1788376826
[1788377036] RX: B1 PING d11=0.659 t=1788377035
[1788377043] RX: B1 PING d11=0.655 t=1788377038
[1788377049] RX: B1 PING d11=0.858 t=1788377044
[1788377054] RX: B1->B2: I trilaterate from your PINGs+d11. Please PING every 1-2s. HOLD STILL 30s if you can. Then both go GOAL x~0.4 y~-0.8. ACK?
[1788377055] RX: B1 PING d11=0.885 t=1788377052
[1788377060] RX: B1 PING d11=0.798 t=1788377056
[1788377065] RX: B1 PING d11=0.860 t=1788377060
[1788377067] RX: B1 PING d11=0.851 t=1788377065
[1788377072] RX: B1->B2: I trilaterate from your PINGs+d11. Please PING every 1-2s. HOLD STILL 30s if you can. Then both go GOAL x~0.4 y~-0.8. ACK?
[1788377078] RX: B1 PING d11=0.720 t=1788377073
[1788377082] RX: B1 PING d11=0.750 t=1788377076
[1788377087] RX: B1 PING d11=0.834 t=1788377081
[1788377089] RX: B1 PING d11=0.956 t=1788377086
[1788377091] RX: B1->B2: I trilaterate from your PINGs+d11. Please PING every 1-2s. HOLD STILL 30s if you can. Then both go GOAL x~0.4 y~-0.8. ACK?
[1788377099] RX: B1 PING d11=0.942 t=1788377094
[1788377103] RX: B1 PING d11=0.988 t=1788377098
[1788377104] RX: B1 PING d11=0.960 t=1788377103
[1788377107] RX: B1 PING d11=0.952 t=1788377106
[1788377113] RX: B1->B2: I trilaterate from your PINGs+d11. Please PING every 1-2s. HOLD STILL 30s if you can. Then both go GOAL x~0.4 y~-0.8. ACK?
[1788377117] RX: B1 PING d11=0.953 t=1788377115
[1788377121] RX: B1 PING d11=0.928 t=1788377119
[1788377126] RX: B1 PING d11=0.946 t=1788377124
[1788377128] RX: B1 PING d11=0.953 t=1788377128
[1788377135] RX: B1->B2: I trilaterate from your PINGs+d11. Please PING every 1-2s. HOLD STILL 30s if you can. Then both go GOAL x~0.4 y~-0.8. ACK?
[1788377139] RX: B1 PING d11=0.982 t=1788377136
[1788377140] RX: B1 PING d11=0.978 t=1788377139
[1788377144] RX: B1 PING d11=0.909 t=1788377144
[1788377153] RX: B1 PING d11=0.669 t=1788377149
[1788377154] RX: B1->B2: I trilaterate from your PINGs+d11. Please PING every 1-2s. HOLD STILL 30s if you can. Then both go GOAL x~0.4 y~-0.8. ACK?
[1788377158] RX: B1 PING d11=0.743 t=1788377157
[1788377168] RX: B1 PING d11=0.704 t=1788377166
[1788377174] RX: B1 PING d11=0.657 t=1788377172
[1788377185] RX: B1 PING d11=0.657 t=1788377180
[1788377220] RX: B1->B2: I trilaterate from your PINGs+d11. Please PING every 1-2s. HOLD STILL 30s if you can. Then both go GOAL x~0.4 y~-0.8. ACK?
[1788377276] RX: B1 coming! d11=0.78 STAY AT GOAL!
[1788377277] RX: B1 coming! d11=0.71 STAY AT GOAL!
[1788377435] RX: B1 coming! d11=0.99 STAY AT GOAL!
[1788377440] RX: B1 coming! d11=0.95 STAY AT GOAL!
[1788377443] RX: B1 coming! d11=0.93 STAY AT GOAL!
[1788377446] RX: B1 coming! d11=0.90 STAY AT GOAL!
[1788377448] RX: B1->B2: keep PINGing! I am navigating to your GOALSEEN. Please also send GOALSEEN often!
[1788377450] RX: B1->B2: keep PINGing! I am navigating to your GOALSEEN. Please also send GOALSEEN often!
[1788377451] RX: B1 PING d11=0.83 t=1788377391
[1788377452] RX: B1 PING d11=0.78 t=1788377396
[1788377454] RX: B1 PING d11=0.76 t=1788377398
[1788377455] RX: B1 PING d11=0.75 t=1788377408
[1788377456] RX: B1 PING d11=0.76 t=1788377419
[1788377459] RX: B1 PING d11=0.75 t=1788377430
[1788377460] RX: B1 PING d11=0.65 t=1788377437
[1788377480] RX: B1 PING d11=0.79 t=1788377478
[1788377511] RX: B1 PING d11=0.73 t=1788377483
[1788377517] RX: B1 PING d11=0.68 t=1788377486
[1788377521] RX: B1 PING d11=0.64 t=1788377515
[1788377529] RX: B1 PING d11=0.71 t=1788377525
[1788377538] RX: B1 PING d11=0.72 t=1788377536
[1788377548] RX: B1 PING d11=0.71 t=1788377546
[1788377560] RX: B1->B2 PLAN: SYNC phases. I broadcast MOVE or FREEZE. When I say FREEZE: you COME to me (your d11 falls). When I say MOVE: you HOLD. 30s phases. ACK!
[1788377569] RX: B1 MOVE d11=0.72 t=1788377560
[1788377569] RX: B1 MOVE d11=0.69 t=1788377561
[1788377570] RX: B1 MOVE d11=0.68 t=1788377563
[1788377570] RX: B1 MOVE d11=0.68 t=1788377565
[1788377570] RX: B1 MOVE d11=0.67 t=1788377567
[1788377570] RX: B1 MOVE d11=0.70 t=1788377569
[1788377570] RX: B1 MOVE d11=0.69 t=1788377570
[1788377572] RX: B1 MOVE d11=0.70 t=1788377571
[1788377573] RX: B1 MOVE d11=0.70 t=1788377573
[1788377575] RX: B1 MOVE d11=0.71 t=1788377574
[1788377577] RX: B1 MOVE d11=0.70 t=1788377576
[1788377578] RX: B1 MOVE d11=0.71 t=1788377578
[1788377581] RX: B1 MOVE d11=0.72 t=1788377580
[1788377582] RX: B1 MOVE d11=0.73 t=1788377582
[1788377585] RX: B1 FREEZE d11=0.69 t=1788377584
[1788377586] RX: B1 FREEZE d11=0.69 t=1788377586
[1788377587] RX: B1 FREEZE d11=0.70 t=1788377587
[1788377589] RX: B1 FREEZE d11=0.70 t=1788377588
[1788377590] RX: B1 FREEZE d11=0.69 t=1788377589
[1788377591] RX: B1 FREEZE d11=0.70 t=1788377591
[1788377592] RX: B1 FREEZE d11=0.69 t=1788377592
[1788377594] RX: B1 FREEZE d11=0.70 t=1788377593
[1788377595] RX: B1 FREEZE d11=0.70 t=1788377594
[1788377596] RX: B1 FREEZE d11=0.70 t=1788377596
[1788377597] RX: B1 FREEZE d11=0.69 t=1788377597
[1788377599] RX: B1 FREEZE d11=0.71 t=1788377598
[1788377600] RX: B1 FREEZE d11=0.69 t=1788377599
[1788377601] RX: B1 FREEZE d11=0.70 t=1788377601
[1788377603] RX: B1 FREEZE d11=0.71 t=1788377602
[1788377604] RX: B1 FREEZE d11=0.71 t=1788377603
[1788377605] RX: B1 FREEZE d11=0.71 t=1788377604
[1788377606] RX: B1 FREEZE d11=0.71 t=1788377606
[1788377607] RX: B1 FREEZE d11=0.71 t=1788377607
[1788377609] RX: B1 FREEZE d11=0.69 t=1788377608
[1788377610] RX: B1 MOVE d11=0.72 t=1788377609
[1788377611] RX: B1 MOVE d11=0.71 t=1788377611
[1788377612] RX: B1 MOVE d11=0.69 t=1788377612
[1788377615] RX: B1 MOVE d11=0.69 t=1788377615
[1788377617] RX: B1 MOVE d11=0.68 t=1788377617
[1788377619] RX: B1->B2: NEW PLAN. You GO TO GOAL (x=0.4 y=-0.8) and STAY THERE 5 minutes. I am homing to you via d11 sensor. When I arrive we BOTH WIN (both at goal). Please HOLD at goal. ACK!
[1788377621] RX: B1 MOVE d11=0.67 t=1788377620
[1788377622] RX: B1 MOVE d11=0.69 t=1788377622
[1788377624] RX: B1 MOVE d11=0.69 t=1788377624
[1788377625] RX: B1 MOVE d11=0.68 t=1788377625
[1788377628] RX: B1 MOVE d11=0.71 t=1788377627
[1788377629] RX: B1 MOVE d11=0.71 t=1788377629
[1788377631] RX: B1 MOVE d11=0.72 t=1788377631
[1788377632] RX: B1 MOVE d11=0.71 t=1788377632
[1788377634] RX: B1 MOVE d11=0.73 t=1788377633
[1788377635] RX: B1 FREEZE d11=0.72 t=1788377635
[1788377637] RX: B1 FREEZE d11=0.71 t=1788377636
[1788377638] RX: B1 FREEZE d11=0.72 t=1788377637
[1788377639] RX: B1 FREEZE d11=0.71 t=1788377639
[1788377644] RX: B1 FREEZE d11=0.71 t=1788377640
[1788377646] RX: B1 FREEZE d11=0.72 t=1788377641
[1788377647] RX: B1 FREEZE d11=0.73 t=1788377642
[1788377650] RX: B1 FREEZE d11=0.71 t=1788377644
[1788377655] RX: B1 FREEZE d11=0.72 t=1788377645
[1788377657] RX: B1 FREEZE d11=0.73 t=1788377646
[1788377658] RX: B1 FREEZE d11=0.69 t=1788377647
[1788377663] RX: B1 FREEZE d11=0.71 t=1788377649
[1788377666] RX: B1 FREEZE d11=0.71 t=1788377650
[1788377669] RX: B1 FREEZE d11=0.66 t=1788377651
[1788377670] RX: B1 MOVE d11=0.64 t=1788377662
[1788377673] RX: B1 MOVE d11=0.72 t=1788377664
[1788377674] RX: B1 MOVE d11=0.81 t=1788377667
[1788377675] RX: B1 MOVE d11=0.82 t=1788377669
[1788377680] RX: B1 MOVE d11=0.84 t=1788377670
[1788377937] RX: B1 FREEZE d11=0.98 t=1788377749
[1788377942] RX: B1 FREEZE d11=0.96 t=1788377756
[1788377943] RX: B1 FREEZE d11=0.98 t=1788377758
[1788377948] RX: B1 FREEZE d11=0.96 t=1788377760
[1788377949] RX: B1 FREEZE d11=0.95 t=1788377761
