SWEEP START
sweep ring=0 d0=0 d5=0 st=(415673, 0, 0)
sweep ring=0 d0= d5=1 st=(416239, 0, 0)
sweep ring=0 d0=0 d5=0 st=(None, None, None)
sweep ring=0 d0=0 d5=0 st=(416643, 0, 0)
sweep ring=0 d0=0 d5=0 st=(416799, 0, 0)
sweep ring=0 d0=0 d5=0 st=(417367, 0, 0)
sweep ring=0 d0=0 d5=0 st=(417893, 0, 0)
sweep ring=0 d0=0 d5=0 st=(417963, 0, 0)
sweep ring=0.34 d0=0 d5=0 st=(418074, 0, 0)
sweep ring=0.34 d0=0 d5=1 st=(418649, 0, 0)
sweep ring=0.34 d0=0 d5=0 st=(418950, 0, 0)
sweep ring=0.34 d0=0 d5=0 st=(419132, 0, 0)
sweep ring=0.34 d0=0 d5=0 st=(419226, 0, 0)
sweep ring=0.34 d0=0 d5=0 st=(419614, 0, 0)
sweep ring=0.34 d0=0 d5=0 st=(419770, 0, 0)
sweep ring=0.34 d0=None d5=0 st=(None, None, None)
sweep ring=0.68 d0=0 d5=0 st=(420360, 0, 0)
sweep ring=0.68 d0=0 d5=0 st=(420429, 0, 0)
sweep ring=0.68 d0=0 d5=0 st=(420652, 0, 0)
sweep ring=0.68 d0=0 d5=0 st=(421183, 0, 0)
sweep ring=0.68 d0=0 d5=0 st=(421257, 0, 0)
sweep ring=0.68 d0=0 d5=0 st=(421547, 0, 0)
sweep ring=0.68 d0=0 d5=0 st=(421683, 0, 0)
sweep ring=0.68 d0=0 d5=0 st=(422067, 0, 0)
sweep ring=1.02 d0=0 d5=0 st=(422169, 0, 0)
sweep ring=1.02 d0=0 d5=0 st=(422245, 0, 0)
sweep ring=1.02 d0=0 d5=0 st=(422633, 0, 0)
sweep ring=1.02 d0=0 d5=0 st=(422737, 0, 0)
sweep ring=1.02 d0=0 d5=0 st=(422869, 0, 0)
sweep ring=1.02 d0=0 d5=0 st=(423406, 0, 0)
sweep ring=1.02 d0=0 d5=0 st=(423488, 0, 0)
sweep ring=1.02 d0=0 d5=0 st=(423754, 0, 0)
sweep ring=1.36 d0=0 d5=0 st=(423898, 0, 0)
sweep ring=1.36 d0=0 d5=0 st=(424281, 0, 0)
sweep ring=1.36 d0=0 d5=0 st=(424348, 0, 0)
sweep ring=1.36 d0=0 d5=0 st=(424417, 0, 0)
sweep ring=1.36 d0=0 d5=0 st=(424779, 0, 0)
sweep ring=1.36 d0=0 d5=0 st=(424906, 0, 0)
sweep ring=1.36 d0= d5=0 st=(424981, 0, 0)
sweep ring=1.36 d0=0 d5=0 st=(425415, 0, 0)
sweep ring=1.7000000000000002 d0=0 d5=0 st=(425519, 0, 0)
sweep ring=1.7000000000000002 d0=0 d5=0 st=(425643, 0, 0)
sweep ring=1.7000000000000002 d0=0 d5=0 st=(426215, 0, 0)
sweep ring=1.7000000000000002 d0=0 d5=0 st=(426275, 0, 0)
sweep ring=1.7000000000000002 d0=0 d5=0 st=(426522, 0, 0)
Traceback (most recent call last):
  File "/bot/src/sweep.py", line 66, in <module>
    odo()
  File "/bot/src/sweep.py", line 44, in odo
    d=((e[0]-prev[0])+(e[1]-prev[1]))/2.0*0.000503
        ~~~~^~~~~~~~
TypeError: unsupported operand type(s) for -: 'NoneType' and 'int'
