start t=24542.8 d0=0 d5=0 d11=0.947 front=[0.0]
drive t=24542.8 d0=0 d5=0 d11=0.947 front=[0.0]
drive t=24543.1 d0=0 d5=1 d11=0.943 front=[0.0]
drive t=24543.3 d0=0 d5=1 d11=0.953 front=[0.0]
drive t=24543.6 d0=0 d5=1 d11=0.963 front=[0.0]
drive t=24543.8 d0=0 d5=1 d11=0.948 front=[0.0]
drive t=24544.1 d0=0 d5=1 d11=0.953 front=[0.0]
drive t=24544.3 d0=0 d5=1 d11=0.954 front=[0.0]
drive t=24544.6 d0=0 d5=1 d11=0.952 front=[0.0]
drive t=24544.8 d0=0 d5=1 d11=0.943 front=[0.0]
drive t=24545.1 d0=0 d5=1 d11=0.949 front=[0.0]
drive t=24545.3 d0=0 d5=1 d11=0.954 front=[0.0]
drive t=24545.6 d0=0 d5=1 d11=0.952 front=[0.0]
drive t=24545.8 d0=0 d5=1 d11=0.958 front=[0.0]
drive t=24546.1 d0=0 d5=1 d11=0.954 front=[0.0]
drive t=24546.3 d0=0 d5=1 d11=0.956 front=[0.0]
drive t=24546.6 d0=0 d5=1 d11=0.949 front=[0.0]
drive t=24546.8 d0=0 d5=1 d11=0.960 front=[0.0]
drive t=24547.1 d0=0 d5=1 d11=0.959 front=[0.0]
drive t=24547.3 d0=0 d5=1 d11=0.956 front=[0.0]
drive t=24547.6 d0=0 d5=1 d11=0.949 front=[0.0]
drive t=24547.8 d0=0 d5=1 d11=0.940 front=[0.0]
drive t=24548.1 d0=0 d5=1 d11=0.963 front=[0.0]
drive t=24548.3 d0=0 d5=1 d11=0.958 front=[0.0]
drive t=24548.6 d0=0 d5=1 d11=0.958 front=[0.0]
drive t=24548.8 d0=0 d5=1 d11=0.954 front=[0.0]
drive t=24549.1 d0=0 d5=1 d11=0.948 front=[0.0]
drive t=24549.3 d0=0 d5=1 d11=0.967 front=[0.0]
drive t=24549.6 d0=0 d5=1 d11=0.940 front=[0.0]
drive t=24549.8 d0=0 d5=1 d11=0.951 front=[0.0]
drive t=24550.1 d0=0 d5=1 d11=0.948 front=[0.0]
drive t=24550.3 d0=0 d5=1 d11=0.964 front=[0.0]
drive t=24550.6 d0=0 d5=1 d11=0.962 front=[0.0]
drive t=24550.8 d0=0 d5=1 d11=0.961 front=[0.0]
drive t=24551.1 d0=0 d5=1 d11=0.953 front=[0.0]
drive t=24551.3 d0=0 d5=1 d11=0.944 front=[0.0]
drive t=24551.6 d0=0 d5=1 d11=0.952 front=[0.0]
drive t=24551.8 d0=0 d5=1 d11=0.951 front=[0.0]
drive t=24552.1 d0=0 d5=1 d11=0.959 front=[0.0]
drive t=24552.3 d0=0 d5=1 d11=0.960 front=[0.0]
drive t=24552.6 d0=0 d5=1 d11=0.962 front=[0.0]
drive t=24552.8 d0=0 d5=1 d11=0.956 front=[0.0]
drive t=24553.1 d0=0 d5=1 d11=0.965 front=[0.0]
drive t=24553.3 d0=0 d5=1 d11=0.939 front=[0.0]
drive t=24553.6 d0=0 d5=1 d11=0.948 front=[0.0]
drive t=24553.8 d0=0 d5=1 d11=0.958 front=[0.0]
drive t=24554.1 d0=0 d5=1 d11=0.961 front=[0.0]
drive t=24554.3 d0=0 d5=1 d11=0.970 front=[0.0]
drive t=24554.6 d0=0 d5=1 d11=0.952 front=[0.0]
stopped t=24554.8 d0=0 d5=1 d11=0.955 front=[0.0]
rest t=24556.8 d0=0 d5=0 d11=0.954 front=[0.0]
rev t=24556.8 d0=0 d5=0 d11=0.954 front=[0.0]
rev t=24557.1 d0=0 d5=0 d11=0.955 front=[0.0]
rev t=24557.3 d0=0 d5=0 d11=0.941 front=[0.0]
rev t=24557.6 d0=0 d5=0 d11=0.949 front=[0.0]
rev t=24557.8 d0=0 d5=0 d11=0.947 front=[0.0]
rev t=24558.1 d0=0 d5=0 d11=0.950 front=[0.0]
rev t=24558.3 d0=0 d5=0 d11=0.942 front=[0.0]
rev t=24558.6 d0=0 d5=0 d11=0.939 front=[0.0]
rev t=24558.8 d0=0 d5=0 d11=0.934 front=[0.0]
rev t=24559.1 d0=0 d5=0 d11=0.943 front=[0.0]
rev t=24559.3 d0=0 d5=0 d11=0.940 front=[0.0]
rev t=24559.6 d0=0 d5=0 d11=0.956 front=[0.0]
rev t=24559.8 d0=0 d5=0 d11=0.940 front=[0.0]
rev t=24560.1 d0=0 d5=0 d11=0.925 front=[0.0]
rev t=24560.3 d0=0 d5=0 d11=0.947 front=[0.0]
rev t=24560.6 d0=0 d5=0 d11=0.921 front=[0.0]
end t=24560.8 d0=0 d5=0 d11=0.938 front=[0.0]
