35268.1 DANCE start here=True goal=False
35268.1 PEAK 0.636
35268.4 PEAK 0.640
35268.4 RX A DRIVE TO B d11 RISING
35268.6 PEAK 0.641
35268.6 RX A COME ON WAY
35268.9 RX GOAL YES A ON WAY
35269.1 PEAK 0.645
35269.1 RX GOAL YES A ON WAY
35269.4 RX GOAL YES A COMING
35269.6 RX GOAL YES A COMING
35269.9 RX A DRIVE TO B d11 RISING
35270.1 RX A COME ON WAY
35270.4 RX A COME ON WAY
35270.6 RX GOAL YES A ON WAY
35270.9 PEAK 0.649
35270.9 RX GOAL YES A ON WAY
35271.1 RX GOAL YES A ON WAY
35271.4 RX GOAL YES A ON WAY
35271.6 RX GOAL YES A ON WAY
35271.9 PEAK 0.650
35271.9 RX GOAL YES A COMING
35272.1 RX GOAL YES A COMING
35272.4 PEAK 0.652
35272.4 RX GOAL YES A COMING
35272.6 RX GOAL YES A COMING
35272.9 RX GOAL YES A COMING
35273.1 RX GOAL YES A COMING
35273.4 RX A DRIVE TO B d11 RISING
35273.6 RX A DRIVE TO B d11 RISING
35273.9 RX A DRIVE TO B d11 RISING
35274.1 RX A DRIVE TO B d11 RISING
35274.4 RX A DRIVE TO B d11 RISING
35274.6 RX A DRIVE TO B d11 RISING
35274.9 RX A COME ON WAY
35275.1 RX A COME ON WAY
35275.4 RX A COME ON WAY
35275.6 RX A COME ON WAY
35275.9 RX A COME ON WAY
35276.1 RX GOAL YES A ON WAY
35276.4 RX GOAL YES A ON WAY
35276.6 RX GOAL YES A ON WAY
35276.9 RX GOAL YES A ON WAY
35277.1 RX GOAL YES A ON WAY
35277.4 RX GOAL YES A ON WAY
35277.6 RX GOAL YES A COMING
35277.9 RX GOAL YES A COMING
35278.1 RX GOAL YES A COMING
35278.4 RX GOAL YES A COMING
35278.6 RX GOAL YES A COMING
35278.9 RX A DRIVE TO B d11 RISING
35279.1 RX A DRIVE TO B d11 RISING
35279.4 RX A DRIVE TO B d11 RISING
35279.6 RX A DRIVE TO B d11 RISING
35279.9 RX A DRIVE TO B d11 RISING
35280.1 RX A DRIVE TO B d11 RISING
35280.4 RX A COME ON WAY
35280.6 RX A COME ON WAY
35280.9 PEAK 0.653
35280.9 RX A COME ON WAY
35281.1 RX A COME ON WAY
35281.4 RX A COME ON WAY
35281.6 PEAK 0.659
35281.6 RX A COME ON WAY
35281.9 RX A COME ON WAY
35282.1 RX A COME ON WAY
35282.4 RX A COME ON WAY
35282.6 RX A COME ON WAY
35282.9 RX A COME ON WAY
35283.1 RX A COME ON WAY
35283.4 RX A COME ON WAY
35283.6 RX A COME ON WAY
35283.9 RX A COME ON WAY
35284.1 RX A COME ON WAY
35284.4 RX A COME ON WAY
35284.6 RX A COME ON WAY
35284.9 RX A COME ON WAY
35285.1 RX A COME ON WAY
35285.4 RX A COME ON WAY
35285.6 RX A COME ON WAY
35285.9 RX A COME ON WAY
35286.1 RX A COME ON WAY
35286.4 RX A COME ON WAY
35286.6 RX A COME ON WAY
35286.9 RX A COME ON WAY
35287.1 RX A COME ON WAY
35287.4 RX A COME ON WAY
35287.6 RX A COME ON WAY
35287.9 RX A COME ON WAY
35288.1 RX A COME ON WAY
35288.4 RX A COME ON WAY
35288.6 RX A COME ON WAY
35288.9 RX A COME ON WAY
35289.1 RX A COME ON WAY
35289.4 RX A COME ON WAY
35289.6 RX A COME ON WAY
35289.9 RX A COME ON WAY
35290.1 RX A COME ON WAY
35290.4 RX A COME ON WAY
35290.6 RX A COME ON WAY
35290.9 RX A COME ON WAY
35291.1 RX A COME ON WAY
35291.4 RX A COME ON WAY
35291.6 RX A COME ON WAY
35291.9 RX A COME ON WAY
35292.1 RX A COME ON WAY
35292.4 RX A COME ON WAY
35292.6 RX A COME ON WAY
35292.9 RX A COME ON WAY
35293.1 RX A COME ON WAY
35293.4 RX A COME ON WAY
35293.6 RX A COME ON WAY
35293.9 RX A COME ON WAY
35294.1 RX A COME ON WAY
35294.4 RX A COME ON WAY
35294.6 RX A COME ON WAY
35294.9 RX A COME ON WAY
35295.1 RX A COME ON WAY
35295.4 RX A COME ON WAY
35295.6 RX A COME ON WAY
35295.9 RX A COME ON WAY
35296.1 RX A COME ON WAY
35296.4 RX A COME ON WAY
35296.6 RX A COME ON WAY
35296.9 RX A COME ON WAY
35297.1 RX A COME ON WAY
35297.4 RX A COME ON WAY
35297.6 RX A COME ON WAY
35297.9 RX A COME ON WAY
35298.1 RX A COME ON WAY
35298.4 RX A COME ON WAY
35298.6 RX A COME ON WAY
35298.9 RX A COME ON WAY
35299.1 RX A COME ON WAY
35299.4 RX A COME ON WAY
35299.6 RX A COME ON WAY
35299.9 RX A COME ON WAY
35300.1 RX A COME ON WAY
35300.4 PEAK 0.674
35300.4 RX A COME ON WAY
35300.6 RX A COME ON WAY
35300.9 RX A COME ON WAY
35301.1 RX A COME ON WAY
35301.4 RX A COME ON WAY
35301.6 RX GOAL YES A COMING
35301.9 RX GOAL YES A COMING
35302.1 RX GOAL YES A COMING
35302.4 RX GOAL YES A COMING
35302.6 RX GOAL YES A COMING
35302.9 RX GOAL YES A COMING
35303.1 RX A SEARCHING TO B
35303.4 RX A SEARCHING TO B
35303.6 RX A SEARCHING TO B
35303.9 RX A SEARCHING TO B
35304.1 RX A SEARCHING TO B
35304.4 RX A SEARCHING TO B
35304.6 RX A COME ON WAY
35304.9 RX A COME ON WAY
35305.1 RX A COME ON WAY
35305.4 RX A COME ON WAY
35305.6 RX A COME ON WAY
35305.9 RX GOAL YES A ON WAY
35306.1 RX GOAL YES A ON WAY
35306.4 RX GOAL YES A ON WAY
35306.6 RX GOAL YES A ON WAY
35306.9 RX GOAL YES A ON WAY
35307.1 RX GOAL YES A ON WAY
35307.4 RX GOAL YES A COMING
35307.6 RX GOAL YES A COMING
35307.9 RX GOAL YES A COMING
35308.1 RX GOAL YES A COMING
35308.4 RX GOAL YES A COMING
35308.6 RX A SEARCHING TO B
35308.9 RX A SEARCHING TO B
35309.1 RX A SEARCHING TO B
35309.4 RX A SEARCHING TO B
35309.6 RX A SEARCHING TO B
35309.9 RX A SEARCHING TO B
35310.1 RX A COME ON WAY
35310.4 RX A COME ON WAY
35310.6 RX A COME ON WAY
35310.9 RX A COME ON WAY
35311.1 RX A COME ON WAY
35311.4 RX GOAL YES A ON WAY
35311.6 RX GOAL YES A ON WAY
35311.9 RX GOAL YES A ON WAY
35312.1 RX GOAL YES A ON WAY
35312.4 RX GOAL YES A ON WAY
35312.6 RX GOAL YES A ON WAY
35312.9 RX GOAL YES A COMING
35313.1 RX GOAL YES A COMING
35313.4 RX GOAL YES A COMING
35313.6 RX GOAL YES A COMING
35313.9 RX GOAL YES A COMING
35314.1 RX GOAL YES A COMING
35314.4 RX A SEARCHING TO B
35314.6 RX A SEARCHING TO B
35314.9 RX A SEARCHING TO B
35315.1 RX A SEARCHING TO B
35315.4 RX A SEARCHING TO B
35315.6 RX A COME ON WAY
35315.9 RX A COME ON WAY
35316.1 RX A COME ON WAY
35316.4 RX A COME ON WAY
35316.6 RX A COME ON WAY
35316.9 RX A COME ON WAY
35317.1 RX GOAL YES A ON WAY
35317.4 RX GOAL YES A ON WAY
35317.6 RX GOAL YES A ON WAY
35317.9 RX GOAL YES A ON WAY
35318.1 RX GOAL YES A ON WAY
35318.4 RX GOAL YES A COMING
35318.6 RX GOAL YES A COMING
35318.9 RX GOAL YES A COMING
35319.1 RX GOAL YES A COMING
35319.4 RX GOAL YES A COMING
35319.6 RX GOAL YES A COMING
35319.9 RX A SEARCHING TO B
35320.1 RX A SEARCHING TO B
35320.4 RX A SEARCHING TO B
35320.6 RX A SEARCHING TO B
35320.9 RX A SEARCHING TO B
35321.1 RX A SEARCHING TO B
35321.4 RX A COME ON WAY
35321.6 RX A COME ON WAY
35321.9 RX A COME ON WAY
35322.2 RX A COME ON WAY
35322.4 RX A COME ON WAY
35322.7 RX GOAL YES A ON WAY
35322.9 RX GOAL YES A ON WAY
35323.2 RX GOAL YES A ON WAY
35323.4 RX GOAL YES A ON WAY
35323.7 RX GOAL YES A ON WAY
35323.9 RX GOAL YES A ON WAY
35324.2 RX GOAL YES A COMING
35324.4 RX GOAL YES A COMING
35324.7 RX GOAL YES A COMING
35324.9 RX GOAL YES A COMING
35325.2 RX GOAL YES A COMING
35325.4 RX A SEARCHING TO B
35325.7 RX A SEARCHING TO B
35325.9 RX A SEARCHING TO B
35326.2 RX A SEARCHING TO B
35326.4 RX A SEARCHING TO B
35326.7 RX A SEARCHING TO B
35326.9 RX A COME ON WAY
35327.2 RX A COME ON WAY
35327.4 RX A COME ON WAY
35327.7 RX A COME ON WAY
35327.9 RX A COME ON WAY
35328.2 RX A COME ON WAY
35328.4 RX GOAL YES A ON WAY
35328.7 RX GOAL YES A ON WAY
35328.9 RX GOAL YES A ON WAY
35329.2 RX GOAL YES A ON WAY
35329.4 RX GOAL YES A ON WAY
35329.7 RX GOAL YES A COMING
35329.9 RX GOAL YES A COMING
35330.2 RX GOAL YES A COMING
35330.4 RX GOAL YES A COMING
35330.7 RX GOAL YES A COMING
35330.9 RX GOAL YES A COMING
35331.2 RX A SEARCHING TO B
35331.4 RX A SEARCHING TO B
35331.7 RX A SEARCHING TO B
35331.9 RX A SEARCHING TO B
35332.2 RX A SEARCHING TO B
35332.4 RX A COME ON WAY
35332.7 RX A COME ON WAY
35332.9 RX A COME ON WAY
35333.2 RX A COME ON WAY
35333.4 RX A COME ON WAY
35333.7 RX A COME ON WAY
35333.9 RX GOAL YES A ON WAY
35334.2 RX GOAL YES A ON WAY
35334.4 RX GOAL YES A ON WAY
35334.7 RX GOAL YES A ON WAY
35334.9 RX GOAL YES A ON WAY
35335.2 RX GOAL YES A ON WAY
35335.4 RX GOAL YES A COMING
35335.7 RX GOAL YES A COMING
35335.9 RX GOAL YES A COMING
35336.2 RX GOAL YES A COMING
35336.4 RX GOAL YES A COMING
35336.7 RX A SEARCHING TO B
35336.9 RX A SEARCHING TO B
35337.2 RX A SEARCHING TO B
35337.4 RX A SEARCHING TO B
35337.7 RX A SEARCHING TO B
35337.9 RX A SEARCHING TO B
35338.2 RX A COME ON WAY
35338.4 RX A COME ON WAY
35338.7 RX A COME ON WAY
35338.9 RX A COME ON WAY
35339.2 RX A COME ON WAY
35339.4 RX GOAL YES A ON WAY
35339.7 RX GOAL YES A ON WAY
35339.9 RX GOAL YES A ON WAY
35340.2 RX GOAL YES A ON WAY
35340.4 RX GOAL YES A ON WAY
35340.7 RX GOAL YES A ON WAY
35340.9 RX GOAL YES A COMING
35341.2 RX GOAL YES A COMING
35341.4 RX GOAL YES A COMING
35341.7 RX GOAL YES A COMING
35341.9 RX GOAL YES A COMING
35342.2 RX GOAL YES A COMING
35342.4 RX A SEARCHING TO B
35342.7 RX A SEARCHING TO B
35342.9 RX A SEARCHING TO B
35343.2 RX A SEARCHING TO B
35343.4 RX A SEARCHING TO B
35343.7 RX A COME ON WAY
35343.9 RX A COME ON WAY
35344.2 RX A COME ON WAY
35344.4 RX A COME ON WAY
35344.7 RX A COME ON WAY
35344.9 RX A COME ON WAY
35345.2 RX GOAL YES A ON WAY
35345.4 RX GOAL YES A ON WAY
35345.7 RX GOAL YES A ON WAY
35345.9 RX GOAL YES A ON WAY
35346.2 RX GOAL YES A ON WAY
35346.4 RX GOAL YES A COMING
35346.7 RX GOAL YES A COMING
35346.9 RX GOAL YES A COMING
35347.2 RX GOAL YES A COMING
35347.4 RX GOAL YES A COMING
35347.7 RX GOAL YES A COMING
35347.9 RX A SEARCHING TO B
35348.2 RX A SEARCHING TO B
35348.4 RX A SEARCHING TO B
35348.7 RX A SEARCHING TO B
35348.9 RX A SEARCHING TO B
35349.2 RX A COME ON WAY
35349.4 RX A COME ON WAY
35349.7 RX A COME ON WAY
35349.9 RX A COME ON WAY
35350.2 RX A COME ON WAY
35350.4 RX A COME ON WAY
35350.7 RX GOAL YES A ON WAY
35350.9 RX GOAL YES A ON WAY
35351.2 RX GOAL YES A ON WAY
35351.4 RX GOAL YES A ON WAY
35351.7 RX GOAL YES A ON WAY
35351.9 RX GOAL YES A ON WAY
35352.2 RX GOAL YES A COMING
35352.4 RX GOAL YES A COMING
35352.7 RX GOAL YES A COMING
35352.9 RX GOAL YES A COMING
35353.2 RX GOAL YES A COMING
35353.4 RX A SEARCHING TO B
35353.7 RX A SEARCHING TO B
35353.9 RX A SEARCHING TO B
35354.2 RX A SEARCHING TO B
35354.4 RX A SEARCHING TO B
35354.7 RX A SEARCHING TO B
35354.9 RX A COME ON WAY
35355.2 RX A COME ON WAY
35355.4 RX A COME ON WAY
35355.7 RX A COME ON WAY
35355.9 RX A COME ON WAY
35356.2 RX A COME ON WAY
35356.4 RX GOAL YES A ON WAY
35356.7 RX GOAL YES A ON WAY
35356.9 RX GOAL YES A ON WAY
35357.2 RX GOAL YES A ON WAY
35357.4 RX GOAL YES A ON WAY
35357.7 RX GOAL YES A COMING
35357.9 RX GOAL YES A COMING
35358.2 RX GOAL YES A COMING
35358.4 RX GOAL YES A COMING
35358.7 RX GOAL YES A COMING
35358.9 RX GOAL YES A COMING
35359.2 RX A SEARCHING TO B
35359.4 RX A SEARCHING TO B
35359.7 RX A SEARCHING TO B
35359.9 RX A SEARCHING TO B
35360.2 RX A SEARCHING TO B
35360.4 RX A COME ON WAY
35360.7 RX A COME ON WAY
35360.9 RX A COME ON WAY
35361.2 RX A COME ON WAY
35361.4 RX A COME ON WAY
35361.7 RX A COME ON WAY
35361.9 RX GOAL YES A ON WAY
35362.2 RX GOAL YES A ON WAY
35362.4 RX GOAL YES A ON WAY
35362.7 RX GOAL YES A ON WAY
35362.9 RX GOAL YES A ON WAY
35363.2 RX GOAL YES A COMING
35363.4 RX GOAL YES A COMING
35363.7 RX GOAL YES A COMING
35363.9 RX GOAL YES A COMING
35364.2 RX GOAL YES A COMING
35364.4 RX GOAL YES A COMING
35364.7 RX A SEARCHING TO B
35364.9 RX A SEARCHING TO B
35365.2 RX A SEARCHING TO B
35365.4 RX A SEARCHING TO B
35365.7 RX A SEARCHING TO B
35365.9 RX A SEARCHING TO B
35366.2 RX A COME ON WAY
35366.4 RX A COME ON WAY
35366.7 RX A COME ON WAY
35366.9 RX A COME ON WAY
35367.2 RX A COME ON WAY
35367.4 RX GOAL YES A ON WAY
35367.7 RX GOAL YES A ON WAY
35367.9 RX GOAL YES A ON WAY
35368.2 RX GOAL YES A ON WAY
35368.4 RX GOAL YES A ON WAY
35368.7 RX GOAL YES A ON WAY
35368.9 RX GOAL YES A COMING
35369.2 RX GOAL YES A COMING
35369.4 RX GOAL YES A COMING
35369.7 RX GOAL YES A COMING
35369.9 RX GOAL YES A COMING
35370.2 RX GOAL YES A COMING
35370.4 RX A SEARCHING TO B
35370.7 RX A SEARCHING TO B
35370.9 RX A SEARCHING TO B
35371.2 RX A SEARCHING TO B
35371.4 RX A SEARCHING TO B
35371.7 RX A COME ON WAY
35371.9 RX A COME ON WAY
35372.2 RX A COME ON WAY
35372.4 RX A COME ON WAY
35372.7 RX A COME ON WAY
35372.9 RX A COME ON WAY
35373.2 RX GOAL YES A ON WAY
35373.4 RX GOAL YES A ON WAY
35373.7 RX GOAL YES A ON WAY
35373.9 RX GOAL YES A ON WAY
35374.2 RX GOAL YES A ON WAY
35374.4 RX GOAL YES A COMING
35374.7 RX GOAL YES A COMING
35374.9 RX GOAL YES A COMING
35375.2 RX GOAL YES A COMING
35375.4 RX GOAL YES A COMING
35375.7 RX GOAL YES A COMING
35375.9 RX A SEARCHING TO B
35376.2 RX A SEARCHING TO B
35376.4 RX A SEARCHING TO B
35376.7 RX A SEARCHING TO B
35376.9 RX A SEARCHING TO B
35377.2 RX A SEARCHING TO B
35377.4 RX A COME ON WAY
35377.7 RX A COME ON WAY
35377.9 RX A COME ON WAY
35378.2 RX A COME ON WAY
35378.4 RX A COME ON WAY
35378.7 RX GOAL YES A ON WAY
35378.9 RX GOAL YES A ON WAY
35379.2 RX GOAL YES A ON WAY
35379.4 RX GOAL YES A ON WAY
35379.7 RX GOAL YES A ON WAY
35379.9 RX GOAL YES A ON WAY
35380.2 RX GOAL YES A COMING
35380.4 RX GOAL YES A COMING
35380.7 RX GOAL YES A COMING
35380.9 RX GOAL YES A COMING
35381.2 RX GOAL YES A COMING
35381.4 RX A SEARCHING TO B
35381.7 RX A SEARCHING TO B
35381.9 RX A SEARCHING TO B
35382.2 RX A SEARCHING TO B
35382.4 RX A SEARCHING TO B
35382.7 RX A SEARCHING TO B
35382.9 RX A COME ON WAY
35383.2 RX A COME ON WAY
35383.4 RX A COME ON WAY
35383.7 RX A COME ON WAY
35383.9 RX A COME ON WAY
35384.2 RX GOAL YES A ON WAY
35384.4 RX GOAL YES A ON WAY
35384.7 RX GOAL YES A ON WAY
35384.9 RX GOAL YES A ON WAY
35385.2 RX GOAL YES A ON WAY
35385.4 RX GOAL YES A ON WAY
35385.7 RX GOAL YES A COMING
35386.0 RX GOAL YES A COMING
35386.2 RX GOAL YES A COMING
35386.5 RX GOAL YES A COMING
35386.7 RX GOAL YES A COMING
35387.0 RX GOAL YES A COMING
35387.2 RX A SEARCHING TO B
35387.5 RX A SEARCHING TO B
35387.7 RX A SEARCHING TO B
35388.0 RX A SEARCHING TO B
35388.2 RX A SEARCHING TO B
35388.5 RX A COME ON WAY
35388.7 RX A COME ON WAY
35389.0 RX A COME ON WAY
35389.2 RX A COME ON WAY
35389.5 RX A COME ON WAY
35389.7 RX A COME ON WAY
35390.0 RX GOAL YES A ON WAY
35390.2 RX GOAL YES A ON WAY
35390.5 RX GOAL YES A ON WAY
35390.7 RX GOAL YES A ON WAY
35391.0 RX GOAL YES A ON WAY
35391.2 RX GOAL YES A ON WAY
35391.5 RX GOAL YES A COMING
35391.7 RX GOAL YES A COMING
35392.0 RX GOAL YES A COMING
35392.2 RX GOAL YES A COMING
35392.5 RX GOAL YES A COMING
35392.7 RX A SEARCHING TO B
35393.0 RX A SEARCHING TO B
35393.2 RX A SEARCHING TO B
35393.5 RX A SEARCHING TO B
35393.7 RX A SEARCHING TO B
35394.0 RX A SEARCHING TO B
35394.2 RX A COME ON WAY
35394.5 RX A COME ON WAY
35394.7 RX A COME ON WAY
35395.0 RX A COME ON WAY
35395.2 RX A COME ON WAY
35395.5 RX GOAL YES A ON WAY
35395.7 RX GOAL YES A ON WAY
35396.0 RX GOAL YES A ON WAY
35396.2 RX GOAL YES A ON WAY
35396.5 RX GOAL YES A ON WAY
35396.7 RX GOAL YES A ON WAY
35397.0 RX GOAL YES A COMING
35397.2 RX GOAL YES A COMING
35397.5 RX GOAL YES A COMING
35397.7 RX GOAL YES A COMING
35398.0 RX GOAL YES A COMING
35398.2 RX A SEARCHING TO B
35398.5 RX A SEARCHING TO B
35398.7 RX A SEARCHING TO B
35399.0 RX A SEARCHING TO B
35399.2 RX A SEARCHING TO B
35399.5 RX A SEARCHING TO B
35399.7 RX A COME ON WAY
35400.0 RX A COME ON WAY
35400.2 RX A COME ON WAY
35400.5 RX A COME ON WAY
35400.7 RX A COME ON WAY
35401.0 RX A COME ON WAY
35401.2 RX GOAL YES A ON WAY
35401.5 RX GOAL YES A ON WAY
35401.7 RX GOAL YES A ON WAY
35402.0 RX GOAL YES A ON WAY
35402.2 RX GOAL YES A ON WAY
35402.5 RX GOAL YES A COMING
35402.7 RX GOAL YES A COMING
35403.0 RX GOAL YES A COMING
35403.2 RX GOAL YES A COMING
35403.5 RX GOAL YES A COMING
35403.7 RX GOAL YES A COMING
35404.0 RX A SEARCHING TO B
35404.2 RX A SEARCHING TO B
35404.5 RX A SEARCHING TO B
35404.7 RX A SEARCHING TO B
35405.0 RX A SEARCHING TO B
35405.2 RX A SEARCHING TO B
35405.5 RX A COME ON WAY
35405.7 RX A COME ON WAY
35406.0 RX A COME ON WAY
35406.2 RX A COME ON WAY
35406.5 RX A COME ON WAY
35406.7 RX GOAL YES A ON WAY
35407.0 RX GOAL YES A ON WAY
35407.2 RX GOAL YES A ON WAY
35407.5 RX GOAL YES A ON WAY
35407.7 RX GOAL YES A ON WAY
35408.0 RX GOAL YES A ON WAY
35408.2 RX GOAL YES A COMING
35408.5 RX GOAL YES A COMING
35408.7 RX GOAL YES A COMING
35409.0 RX GOAL YES A COMING
35409.2 RX GOAL YES A COMING
35409.5 RX A SEARCHING TO B
35409.7 RX A SEARCHING TO B
35410.0 RX A SEARCHING TO B
35410.2 RX A SEARCHING TO B
35410.5 RX A SEARCHING TO B
35410.7 RX A SEARCHING TO B
35411.0 RX A COME ON WAY
35411.2 RX A COME ON WAY
35411.5 RX A COME ON WAY
35411.7 RX A COME ON WAY
35412.0 RX A COME ON WAY
35412.2 RX GOAL YES A ON WAY
35412.5 RX GOAL YES A ON WAY
35412.7 RX GOAL YES A ON WAY
35413.0 RX GOAL YES A ON WAY
35413.2 RX GOAL YES A ON WAY
35413.5 RX GOAL YES A ON WAY
35413.7 RX GOAL YES A COMING
35414.0 RX GOAL YES A COMING
35414.2 RX GOAL YES A COMING
35414.5 RX GOAL YES A COMING
35414.7 RX GOAL YES A COMING
35415.0 RX GOAL YES A COMING
35415.2 RX A SEARCHING TO B
35415.5 RX A SEARCHING TO B
35415.7 RX A SEARCHING TO B
35416.0 RX A SEARCHING TO B
35416.2 RX A SEARCHING TO B
35416.5 RX A COME ON WAY
35416.7 RX A COME ON WAY
35417.0 RX A COME ON WAY
35417.2 RX A COME ON WAY
35417.5 RX A COME ON WAY
35417.7 RX A COME ON WAY
35418.0 RX GOAL YES A ON WAY
35418.2 RX GOAL YES A ON WAY
35418.5 RX GOAL YES A ON WAY
35418.7 RX GOAL YES A ON WAY
35419.0 RX GOAL YES A ON WAY
35419.2 RX GOAL YES A ON WAY
35419.5 RX GOAL YES A COMING
35419.7 RX GOAL YES A COMING
35420.0 RX GOAL YES A COMING
35420.2 RX GOAL YES A COMING
35420.5 RX GOAL YES A COMING
35420.7 RX A SEARCHING TO B
35421.0 RX A SEARCHING TO B
35421.2 RX A SEARCHING TO B
35421.5 RX A SEARCHING TO B
35421.7 RX A SEARCHING TO B
35422.0 RX A SEARCHING TO B
35422.2 RX A COME ON WAY
35422.5 RX A COME ON WAY
35422.7 RX A COME ON WAY
35423.0 RX A COME ON WAY
35423.2 RX A COME ON WAY
35423.5 RX GOAL YES A ON WAY
35423.7 RX GOAL YES A ON WAY
35424.0 RX GOAL YES A ON WAY
35424.2 RX GOAL YES A ON WAY
35424.5 RX GOAL YES A ON WAY
35424.7 RX GOAL YES A ON WAY
35425.0 RX GOAL YES A COMING
35425.2 RX GOAL YES A COMING
35425.5 RX GOAL YES A COMING
35425.7 RX GOAL YES A COMING
35426.0 RX GOAL YES A COMING
35426.2 RX A SEARCHING TO B
35426.5 RX A SEARCHING TO B
35426.7 RX A SEARCHING TO B
35427.0 RX A SEARCHING TO B
35427.2 RX A SEARCHING TO B
35427.5 RX A SEARCHING TO B
35427.7 RX A COME ON WAY
35428.0 RX A COME ON WAY
35428.2 RX A COME ON WAY
35428.5 RX A COME ON WAY
35428.7 RX A COME ON WAY
35429.0 RX A COME ON WAY
35429.2 RX GOAL YES A ON WAY
35429.5 RX GOAL YES A ON WAY
35429.7 RX GOAL YES A ON WAY
35430.0 RX GOAL YES A ON WAY
35430.2 RX GOAL YES A ON WAY
35430.5 RX GOAL YES A COMING
35430.7 RX GOAL YES A COMING
35431.0 RX GOAL YES A COMING
35431.2 RX GOAL YES A COMING
35431.5 RX GOAL YES A COMING
35431.7 RX GOAL YES A COMING
35432.0 RX A SEARCHING TO B
35432.2 RX A SEARCHING TO B
35432.5 RX A SEARCHING TO B
35432.7 RX A SEARCHING TO B
35434.0 DANCE start here=False goal=False
35434.2 PEAK 0.647
35434.2 RX A COME ON WAY
35434.5 RX A COME ON WAY
35434.7 RX GOAL YES A ON WAY
35435.0 PEAK 0.649
35435.0 RX GOAL YES A ON WAY
35435.2 PEAK 0.658
35435.2 RX GOAL YES A ON WAY
35435.5 RX GOAL YES A ON WAY
35435.7 RX GOAL YES A ON WAY
35436.0 RX GOAL YES A ON WAY
35436.2 RX GOAL YES A COMING
35436.5 RX GOAL YES A COMING
35436.7 RX GOAL YES A COMING
35437.0 RX GOAL YES A COMING
35437.2 RX GOAL YES A COMING
35437.5 RX A SEARCHING TO B
35437.7 RX A SEARCHING TO B
35438.0 RX A SEARCHING TO B
35438.2 RX A SEARCHING TO B
35438.5 RX A SEARCHING TO B
35438.7 RX A SEARCHING TO B
35439.0 RX A COME ON WAY
35439.2 RX A COME ON WAY
35439.5 RX A COME ON WAY
35439.7 RX A COME ON WAY
35440.0 RX A COME ON WAY
35440.2 RX GOAL YES A ON WAY
35440.5 RX GOAL YES A ON WAY
35440.7 RX GOAL YES A ON WAY
35441.0 RX GOAL YES A ON WAY
35441.2 RX GOAL YES A ON WAY
35441.5 RX GOAL YES A ON WAY
35441.7 RX GOAL YES A COMING
35442.0 RX GOAL YES A COMING
35442.2 RX GOAL YES A COMING
35442.5 RX GOAL YES A COMING
35442.7 RX GOAL YES A COMING
35443.0 RX GOAL YES A COMING
35443.2 RX A SEARCHING TO B
35443.5 RX A SEARCHING TO B
35443.7 RX A SEARCHING TO B
35444.0 RX A SEARCHING TO B
35444.2 RX A SEARCHING TO B
35444.5 RX A SEARCHING TO B
35444.7 RX A SEARCHING TO B
35445.0 RX A SEARCHING TO B
35445.2 PEAK 0.661
35445.2 RX A SEARCHING TO B
35445.5 RX A SEARCHING TO B
35445.7 RX A SEARCHING TO B
35446.0 RX A SEARCHING TO B
35446.2 RX A SEARCHING TO B
35446.5 RX A SEARCHING TO B
35446.7 RX A SEARCHING TO B
35447.0 RX A SEARCHING TO B
35447.3 RX A SEARCHING TO B
35447.5 RX A SEARCHING TO B
35447.8 RX A SEARCHING TO B
35448.0 RX A SEARCHING TO B
35448.3 RX A SEARCHING TO B
35448.5 RX A SEARCHING TO B
35448.8 RX A SEARCHING TO B
35449.0 RX A SEARCHING TO B
35449.3 RX A SEARCHING TO B
35449.5 RX A SEARCHING TO B
35449.8 RX A SEARCHING TO B
35450.0 RX A SEARCHING TO B
35450.3 RX A SEARCHING TO B
35450.5 RX A SEARCHING TO B
35450.8 RX A SEARCHING TO B
35451.0 RX A SEARCHING TO B
35451.3 RX A SEARCHING TO B
35451.5 RX A SEARCHING TO B
35451.8 RX A SEARCHING TO B
35452.0 RX A SEARCHING TO B
35452.3 RX A SEARCHING TO B
35452.5 RX A SEARCHING TO B
35452.8 RX A SEARCHING TO B
35453.0 RX A SEARCHING TO B
35453.3 RX A SEARCHING TO B
35453.5 RX A SEARCHING TO B
35453.8 RX A SEARCHING TO B
35454.0 RX A SEARCHING TO B
35454.3 RX A SEARCHING TO B
35454.5 RX A SEARCHING TO B
35454.8 RX A SEARCHING TO B
35455.0 RX A SEARCHING TO B
35455.3 RX A SEARCHING TO B
35455.5 RX A SEARCHING TO B
35455.8 RX A SEARCHING TO B
35456.0 RX A SEARCHING TO B
35456.3 RX A SEARCHING TO B
35456.5 RX A SEARCHING TO B
35456.8 RX A SEARCHING TO B
35457.0 RX A SEARCHING TO B
35457.3 RX A SEARCHING TO B
35457.5 RX A SEARCHING TO B
35457.8 RX A SEARCHING TO B
35458.0 RX A SEARCHING TO B
35458.3 RX A SEARCHING TO B
35458.5 RX A SEARCHING TO B
35458.8 RX A SEARCHING TO B
35459.0 RX A SEARCHING TO B
35459.3 RX A SEARCHING TO B
35459.5 RX A SEARCHING TO B
35459.8 RX A SEARCHING TO B
35460.0 RX A SEARCHING TO B
35460.3 RX A SEARCHING TO B
35460.5 RX A SEARCHING TO B
35460.8 RX A SEARCHING TO B
35461.0 RX A SEARCHING TO B
35461.3 RX A SEARCHING TO B
35461.5 RX A SEARCHING TO B
35461.8 RX A SEARCHING TO B
35462.0 RX A SEARCHING TO B
35462.3 RX A SEARCHING TO B
35462.5 RX A SEARCHING TO B
35462.8 RX A SEARCHING TO B
35463.0 RX A SEARCHING TO B
35463.3 RX A SEARCHING TO B
35463.5 RX A SEARCHING TO B
35463.8 RX A SEARCHING TO B
35464.0 RX A SEARCHING TO B
35464.3 RX A SEARCHING TO B
35464.5 RX A SEARCHING TO B
35464.8 RX A SEARCHING TO B
35465.0 RX A SEARCHING TO B
35465.3 RX A SEARCHING TO B
35465.5 RX A SEARCHING TO B
35465.8 RX A SEARCHING TO B
35466.0 RX A SEARCHING TO B
35466.3 RX A SEARCHING TO B
35466.5 RX A SEARCHING TO B
35466.8 RX A SEARCHING TO B
35467.0 RX A SEARCHING TO B
35467.3 RX A SEARCHING TO B
35467.5 RX A SEARCHING TO B
35467.8 RX A SEARCHING TO B
35468.0 RX A SEARCHING TO B
35468.3 RX A SEARCHING TO B
35468.5 RX A SEARCHING TO B
35468.8 RX A SEARCHING TO B
35469.0 RX A SEARCHING TO B
35469.3 RX A SEARCHING TO B
35469.5 RX A SEARCHING TO B
35469.8 RX A SEARCHING TO B
35470.0 RX A SEARCHING TO B
35470.3 RX A SEARCHING TO B
35470.5 RX A SEARCHING TO B
35470.8 RX A SEARCHING TO B
35471.0 RX A SEARCHING TO B
35471.3 RX A SEARCHING TO B
35471.5 RX A SEARCHING TO B
35471.8 RX A SEARCHING TO B
35472.0 RX A SEARCHING TO B
35472.3 RX A SEARCHING TO B
35472.5 RX A SEARCHING TO B
35472.8 RX A SEARCHING TO B
35473.0 RX A SEARCHING TO B
35473.3 RX A SEARCHING TO B
35473.5 RX A SEARCHING TO B
35473.8 RX A SEARCHING TO B
35474.0 RX A SEARCHING TO B
35474.3 RX A SEARCHING TO B
35474.5 RX A SEARCHING TO B
35474.8 RX A SEARCHING TO B
35475.0 RX A SEARCHING TO B
35475.3 RX A SEARCHING TO B
35475.5 RX A SEARCHING TO B
35475.8 RX A SEARCHING TO B
35476.0 RX A SEARCHING TO B
35476.3 RX A SEARCHING TO B
35476.5 RX A SEARCHING TO B
35476.8 RX A SEARCHING TO B
35477.0 RX A SEARCHING TO B
35477.3 RX A SEARCHING TO B
35477.5 RX A SEARCHING TO B
35477.8 RX A SEARCHING TO B
35478.0 RX A SEARCHING TO B
35478.3 RX A SEARCHING TO B
35478.5 RX A SEARCHING TO B
35478.8 RX A SEARCHING TO B
35479.0 RX A SEARCHING TO B
35479.3 RX A SEARCHING TO B
35479.5 RX A SEARCHING TO B
35479.8 RX A SEARCHING TO B
35480.0 RX A SEARCHING TO B
35480.3 RX A SEARCHING TO B
35480.5 RX A SEARCHING TO B
35480.8 RX A SEARCHING TO B
35481.0 RX A SEARCHING TO B
35481.3 RX A SEARCHING TO B
35481.5 RX A SEARCHING TO B
35481.8 RX A SEARCHING TO B
35482.0 RX A SEARCHING TO B
35482.3 RX A SEARCHING TO B
35482.5 RX A SEARCHING TO B
35482.8 RX A SEARCHING TO B
35483.0 RX A SEARCHING TO B
35483.3 RX A SEARCHING TO B
35483.5 RX A SEARCHING TO B
35483.8 RX A SEARCHING TO B
35484.0 RX A SEARCHING TO B
35484.3 RX A SEARCHING TO B
35484.5 RX A SEARCHING TO B
35484.8 RX A SEARCHING TO B
35485.0 RX A SEARCHING TO B
35485.3 RX A SEARCHING TO B
35485.5 RX A SEARCHING TO B
35485.8 RX A SEARCHING TO B
35486.0 RX A SEARCHING TO B
35486.3 RX A SEARCHING TO B
35486.5 RX A SEARCHING TO B
35486.8 RX A SEARCHING TO B
35487.0 RX A SEARCHING TO B
35487.3 RX A SEARCHING TO B
35487.5 RX A SEARCHING TO B
35487.8 RX A SEARCHING TO B
35488.0 RX A SEARCHING TO B
35488.3 RX A SEARCHING TO B
35488.5 RX A SEARCHING TO B
35488.8 RX A SEARCHING TO B
35489.0 RX A SEARCHING TO B
35489.3 RX A SEARCHING TO B
35489.5 RX A SEARCHING TO B
35489.8 RX A SEARCHING TO B
35490.0 RX A SEARCHING TO B
35490.3 RX A SEARCHING TO B
35490.5 RX A SEARCHING TO B
35490.8 RX A SEARCHING TO B
35491.0 RX A SEARCHING TO B
35491.3 RX A SEARCHING TO B
35491.5 RX A SEARCHING TO B
35491.8 RX A SEARCHING TO B
35492.0 RX A SEARCHING TO B
35492.3 RX A SEARCHING TO B
35492.5 RX A SEARCHING TO B
35492.8 RX A SEARCHING TO B
35493.0 RX A SEARCHING TO B
35493.3 RX A SEARCHING TO B
35493.5 RX A SEARCHING TO B
35493.8 RX A SEARCHING TO B
35494.0 RX A SEARCHING TO B
35494.3 RX A SEARCHING TO B
35494.5 RX A SEARCHING TO B
35494.8 RX A SEARCHING TO B
35495.0 RX A SEARCHING TO B
35495.3 RX A SEARCHING TO B
35495.5 RX A SEARCHING TO B
35495.8 RX A SEARCHING TO B
35496.0 RX A SEARCHING TO B
35496.3 RX A SEARCHING TO B
35496.5 RX A SEARCHING TO B
35496.8 RX A SEARCHING TO B
35497.0 RX A SEARCHING TO B
35497.3 RX A SEARCHING TO B
35497.5 RX A SEARCHING TO B
35497.8 RX A SEARCHING TO B
35498.0 RX A SEARCHING TO B
35498.3 RX A SEARCHING TO B
35498.5 RX A SEARCHING TO B
35498.8 RX A SEARCHING TO B
35499.0 RX A SEARCHING TO B
35499.3 RX A SEARCHING TO B
35499.5 RX A SEARCHING TO B
35499.8 RX A SEARCHING TO B
35500.0 RX A SEARCHING TO B
35500.3 RX A SEARCHING TO B
35500.5 RX A SEARCHING TO B
35500.8 RX A SEARCHING TO B
35501.0 RX A SEARCHING TO B
35501.3 RX A SEARCHING TO B
35501.5 RX A SEARCHING TO B
35501.8 RX A SEARCHING TO B
35502.0 RX A SEARCHING TO B
35502.3 RX A SEARCHING TO B
35502.5 RX A SEARCHING TO B
35502.8 RX A SEARCHING TO B
35503.0 RX A SEARCHING TO B
35503.3 RX A SEARCHING TO B
35503.5 RX A SEARCHING TO B
35503.8 RX A SEARCHING TO B
35504.0 RX A SEARCHING TO B
35504.3 RX A SEARCHING TO B
35504.5 RX A SEARCHING TO B
35504.8 RX A SEARCHING TO B
35505.0 RX A SEARCHING TO B
35505.3 RX A SEARCHING TO B
35505.5 RX A SEARCHING TO B
35505.8 RX A SEARCHING TO B
35506.0 RX A SEARCHING TO B
35506.3 RX A SEARCHING TO B
35506.6 RX A SEARCHING TO B
35506.8 RX A SEARCHING TO B
35507.1 RX A SEARCHING TO B
35507.3 RX A SEARCHING TO B
35507.6 RX A SEARCHING TO B
35507.8 RX A SEARCHING TO B
35508.1 RX A SEARCHING TO B
35508.3 RX A SEARCHING TO B
35508.6 RX A SEARCHING TO B
35508.8 RX A SEARCHING TO B
35509.1 RX A SEARCHING TO B
35509.3 RX A SEARCHING TO B
35509.6 RX A SEARCHING TO B
35509.8 RX A SEARCHING TO B
35510.1 RX A SEARCHING TO B
35510.3 RX A SEARCHING TO B
35510.6 RX A SEARCHING TO B
35510.8 RX A SEARCHING TO B
35511.1 RX A SEARCHING TO B
35511.3 RX A SEARCHING TO B
35511.6 RX A SEARCHING TO B
35511.8 RX A SEARCHING TO B
35512.1 RX A SEARCHING TO B
35512.3 RX A SEARCHING TO B
35512.6 RX A SEARCHING TO B
35512.8 RX A SEARCHING TO B
35513.1 RX A SEARCHING TO B
35513.3 RX A SEARCHING TO B
35513.6 RX A SEARCHING TO B
35513.8 RX A SEARCHING TO B
35514.1 RX A SEARCHING TO B
35514.3 RX A SEARCHING TO B
35514.6 RX A SEARCHING TO B
35514.8 RX A SEARCHING TO B
35515.1 RX A SEARCHING TO B
35515.3 RX A SEARCHING TO B
35515.6 RX A SEARCHING TO B
35515.8 RX A SEARCHING TO B
35516.1 RX A SEARCHING TO B
35516.3 RX A SEARCHING TO B
35516.6 RX A SEARCHING TO B
35516.8 RX A SEARCHING TO B
35517.1 RX A SEARCHING TO B
35517.3 RX A SEARCHING TO B
35517.6 RX A SEARCHING TO B
35517.8 RX A SEARCHING TO B
35518.1 RX A SEARCHING TO B
35518.3 RX A SEARCHING TO B
35518.6 RX A SEARCHING TO B
35518.8 RX A SEARCHING TO B
35519.1 RX A SEARCHING TO B
35519.3 RX A SEARCHING TO B
35519.6 RX A SEARCHING TO B
35519.8 RX A SEARCHING TO B
35520.1 RX A SEARCHING TO B
35520.3 RX A SEARCHING TO B
35520.6 RX A SEARCHING TO B
35520.8 RX A SEARCHING TO B
35521.1 RX A SEARCHING TO B
35521.3 RX A SEARCHING TO B
35521.6 RX A SEARCHING TO B
35521.8 RX A SEARCHING TO B
35522.1 RX A SEARCHING TO B
35522.3 RX A SEARCHING TO B
35522.6 RX A SEARCHING TO B
35522.8 RX A SEARCHING TO B
35523.1 RX A SEARCHING TO B
35523.3 RX A SEARCHING TO B
35523.6 RX A SEARCHING TO B
35523.8 RX A SEARCHING TO B
35524.1 RX A SEARCHING TO B
35524.3 RX A SEARCHING TO B
35524.6 RX A SEARCHING TO B
35524.8 RX A SEARCHING TO B
35525.1 RX A SEARCHING TO B
35525.3 RX A SEARCHING TO B
35525.6 RX A SEARCHING TO B
35525.8 RX A SEARCHING TO B
35526.1 RX A SEARCHING TO B
35526.3 RX A SEARCHING TO B
35526.6 RX A SEARCHING TO B
35526.8 RX A SEARCHING TO B
35527.1 RX A SEARCHING TO B
35527.3 RX A SEARCHING TO B
35527.6 RX A SEARCHING TO B
35527.8 RX A SEARCHING TO B
35528.1 RX A SEARCHING TO B
35528.3 RX A SEARCHING TO B
35528.6 RX A SEARCHING TO B
35528.8 RX A SEARCHING TO B
35529.1 RX A SEARCHING TO B
35529.3 RX A SEARCHING TO B
35529.6 RX A SEARCHING TO B
35529.8 RX A SEARCHING TO B
35530.1 RX A SEARCHING TO B
35530.3 RX A SEARCHING TO B
35530.6 RX A SEARCHING TO B
35530.8 RX A SEARCHING TO B
35531.1 RX A SEARCHING TO B
35531.3 RX A SEARCHING TO B
35531.6 RX A SEARCHING TO B
35531.8 RX A SEARCHING TO B
35532.1 RX A SEARCHING TO B
35532.3 RX A SEARCHING TO B
35532.6 RX A SEARCHING TO B
35532.8 RX A SEARCHING TO B
35533.1 RX A SEARCHING TO B
35533.3 RX A SEARCHING TO B
35533.6 RX A SEARCHING TO B
35533.8 RX A SEARCHING TO B
35534.1 RX A SEARCHING TO B
35534.3 RX A SEARCHING TO B
35534.6 RX A SEARCHING TO B
35534.8 RX A SEARCHING TO B
35535.1 RX A SEARCHING TO B
35535.3 RX A SEARCHING TO B
35535.6 RX A SEARCHING TO B
35535.8 RX A SEARCHING TO B
35536.1 RX A SEARCHING TO B
35536.3 RX A SEARCHING TO B
35536.6 RX A SEARCHING TO B
35536.8 RX A SEARCHING TO B
35537.1 RX A SEARCHING TO B
35537.3 RX A SEARCHING TO B
35537.6 RX A SEARCHING TO B
35537.8 RX A SEARCHING TO B
35538.1 RX A SEARCHING TO B
35538.3 RX A SEARCHING TO B
35538.6 RX A SEARCHING TO B
35538.8 RX A SEARCHING TO B
35539.1 RX A SEARCHING TO B
35539.3 RX A SEARCHING TO B
35539.6 RX A SEARCHING TO B
35539.8 RX A SEARCHING TO B
35540.1 RX A SEARCHING TO B
35540.3 RX A SEARCHING TO B
35540.6 RX A SEARCHING TO B
35540.8 RX A SEARCHING TO B
35541.1 RX A SEARCHING TO B
35541.3 RX A SEARCHING TO B
35541.6 RX A SEARCHING TO B
35541.8 RX A SEARCHING TO B
35542.1 RX A SEARCHING TO B
35542.3 RX A SEARCHING TO B
35542.6 RX A SEARCHING TO B
35542.8 RX A SEARCHING TO B
35543.1 RX A SEARCHING TO B
35543.3 RX A SEARCHING TO B
35543.6 RX A SEARCHING TO B
35543.8 RX A SEARCHING TO B
35544.1 RX A SEARCHING TO B
35544.3 RX A SEARCHING TO B
35544.6 RX A SEARCHING TO B
35544.8 RX A SEARCHING TO B
35545.1 RX A SEARCHING TO B
35545.3 RX A SEARCHING TO B
35545.6 RX A SEARCHING TO B
35545.8 RX A SEARCHING TO B
35546.1 RX A SEARCHING TO B
35546.3 RX A SEARCHING TO B
35546.6 RX A SEARCHING TO B
35546.8 RX A SEARCHING TO B
35547.1 RX A SEARCHING TO B
35547.3 RX A SEARCHING TO B
35547.6 RX A SEARCHING TO B
35547.8 RX A SEARCHING TO B
35548.1 RX A SEARCHING TO B
35548.3 RX A SEARCHING TO B
35548.6 RX A SEARCHING TO B
35548.8 RX A SEARCHING TO B
35549.1 RX A SEARCHING TO B
35549.3 RX A SEARCHING TO B
35549.6 RX A SEARCHING TO B
35549.8 RX A SEARCHING TO B
35550.1 RX A SEARCHING TO B
35550.3 RX A SEARCHING TO B
35550.6 RX A SEARCHING TO B
35550.8 RX A SEARCHING TO B
35551.1 RX A SEARCHING TO B
35551.3 RX A SEARCHING TO B
35551.6 RX A SEARCHING TO B
35551.8 RX A SEARCHING TO B
35552.1 RX A SEARCHING TO B
35552.3 RX A SEARCHING TO B
35552.6 RX A SEARCHING TO B
35552.8 RX A SEARCHING TO B
35553.1 RX A SEARCHING TO B
35553.3 RX A SEARCHING TO B
35553.6 RX A SEARCHING TO B
35553.8 RX A SEARCHING TO B
35554.1 RX A SEARCHING TO B
35554.3 RX A SEARCHING TO B
35554.6 RX A SEARCHING TO B
35554.8 RX A SEARCHING TO B
35555.1 RX A SEARCHING TO B
35555.3 RX A SEARCHING TO B
35555.6 RX A SEARCHING TO B
35555.8 RX A SEARCHING TO B
35556.1 RX A SEARCHING TO B
35556.3 RX A SEARCHING TO B
35556.6 RX A SEARCHING TO B
35556.8 RX A SEARCHING TO B
35557.1 RX A SEARCHING TO B
35557.3 RX A SEARCHING TO B
35557.6 RX A SEARCHING TO B
35557.8 RX A SEARCHING TO B
35558.1 RX A SEARCHING TO B
35558.3 RX A SEARCHING TO B
35558.6 RX A SEARCHING TO B
35558.8 RX A SEARCHING TO B
35559.1 RX A SEARCHING TO B
35559.3 RX A SEARCHING TO B
35559.6 RX A SEARCHING TO B
35559.8 RX A SEARCHING TO B
35560.1 RX A SEARCHING TO B
35560.3 RX A SEARCHING TO B
35560.6 RX A SEARCHING TO B
35560.8 RX A SEARCHING TO B
35561.1 RX A SEARCHING TO B
35561.3 RX A SEARCHING TO B
35561.6 RX A SEARCHING TO B
35561.8 RX A SEARCHING TO B
35562.1 RX A SEARCHING TO B
35562.3 RX A SEARCHING TO B
35562.6 RX A SEARCHING TO B
35562.8 RX A SEARCHING TO B
35563.1 RX A SEARCHING TO B
35563.3 RX A SEARCHING TO B
35563.6 RX A SEARCHING TO B
35563.8 RX A SEARCHING TO B
35564.1 RX A SEARCHING TO B
35564.3 RX A SEARCHING TO B
35564.6 RX A SEARCHING TO B
35564.8 RX A SEARCHING TO B
35565.1 RX A SEARCHING TO B
35565.3 RX A SEARCHING TO B
35565.6 RX A SEARCHING TO B
35565.9 RX A SEARCHING TO B
35566.1 RX A SEARCHING TO B
35566.4 RX A SEARCHING TO B
35566.6 RX A SEARCHING TO B
35566.9 RX A SEARCHING TO B
35567.1 RX A SEARCHING TO B
35567.4 RX A SEARCHING TO B
35567.6 RX A SEARCHING TO B
35567.9 RX A SEARCHING TO B
35568.1 RX A SEARCHING TO B
35568.4 RX A SEARCHING TO B
35568.6 RX A SEARCHING TO B
35568.9 RX A SEARCHING TO B
35570.1 DANCE start here=False goal=False
35570.4 PEAK 0.570
35572.6 PEAK 0.572
35573.4 PEAK 0.576
