31282.7 no saved state (FileNotFoundError(2, 'No such file or directory'))
31282.9 EP5 start pos=0.0,0.0 d11=0.742 tx=lost
31282.9 RX!! GOAL YES
31283.0 SUM pos=0.0,0.0 dist=0.0 cells=0 d11=0.719 tx=ok
31293.5 SWEEP h0=214 best=349 v=0.746 all=34:0.74 79:0.74 124:0.73 169:0.74 214:0.74 259:0.74 304:0.75 349:0.75
31293.5 HOME peak=0.746 v=0.746 tx=ok
31293.5 RX!! SEE
31293.5 *** PEER RANGE tx=ok - stop+burst
31293.5 RX!! SEE
31294.1 RX!! A ALIVE
31294.7 RX!! A ALIVE
31295.3 RX!! A ALIVE
31295.9 RX!! A ALIVE
31296.5 RX!! A ALIVE
31307.7 SWEEP h0=162 best=252 v=0.744 all=27:0.74 72:0.74 117:0.73 162:0.74 207:0.74 252:0.74 297:0.74 342:0.74
31307.7 HOME peak=0.746 v=0.744 tx=ok
31307.7 RX!! STUCK NO
31307.7 *** PEER RANGE tx=ok - stop+burst
31307.7 RX!! STUCK NO
31308.3 RX!! STUCK NO
31308.9 RX!! READY A MOVING TO YOU
31309.5 RX!! READY A MOVING TO YOU
31310.1 RX!! READY A MOVING TO YOU
31310.7 RX!! READY A MOVING TO YOU
31321.9 SWEEP h0=112 best=337 v=0.750 all=22:0.74 67:0.74 112:0.74 157:0.74 202:0.75 247:0.75 292:0.74 337:0.75
31321.9 HOME peak=0.750 v=0.750 tx=ok
31324.3 RX!! READY
31324.3 *** PEER RANGE tx=ok - stop+burst
31324.3 RX!! READY
31324.9 RX!! READY
31325.5 RX!! READY
31326.1 RX!! READY
31326.7 RX!! READY
31327.3 RX!! READY
31328.1 SUM pos=0.0,0.0 dist=0.0 cells=0 d11=0.738 tx=ok
31338.7 SWEEP h0=350 best=170 v=0.744 all=35:0.73 80:0.74 125:0.74 170:0.74 215:0.73 260:0.73 305:0.74 350:0.74
31338.7 HOME peak=0.750 v=0.744 tx=ok
31338.7 RX!! GOAL NO
31338.7 *** PEER RANGE tx=ok - stop+burst
31338.7 RX!! GOAL NO
31339.3 RX!! GOAL NO
31339.9 RX!! GOAL NO
31340.5 RX!! GOAL NO
31341.1 RX!! GOAL NO
31341.7 RX!! GOAL NO
31352.8 SWEEP h0=300 best=345 v=0.740 all=30:0.73 75:0.73 120:0.74 165:0.73 210:0.73 255:0.73 300:0.73 345:0.74
31352.8 HOME peak=0.750 v=0.740 tx=ok
31352.8 RX!! READY A MOVING TO YOU
31352.8 *** PEER RANGE tx=ok - stop+burst
31352.8 RX!! READY A MOVING TO YOU
31353.4 RX!! READY A MOVING TO YOU
31354.0 RX!! NOTSEE
31354.6 RX!! NOTSEE
31355.2 RX!! NOTSEE
31355.8 RX!! NOTSEE
31367.1 SWEEP h0=250 best=294 v=0.736 all=24:0.74 70:0.73 114:0.74 160:0.73 204:0.72 250:0.73 294:0.74 340:0.73
31367.1 HOME peak=0.750 v=0.736 tx=ok
31367.1 RX!! READY
31367.1 *** PEER RANGE tx=ok - stop+burst
31367.1 RX!! READY
31367.7 RX!! READY
31368.3 RX!! READY
31368.9 RX!! SEE
31369.5 RX!! SEE
31370.1 RX!! SEE
31381.2 SWEEP h0=198 best=62 v=0.734 all=18:0.73 62:0.73 108:0.73 152:0.73 198:0.73 242:0.73 288:0.73 332:0.73
31381.2 HOME peak=0.750 v=0.734 tx=ok
31381.2 RX!! GOAL NO
31381.2 *** PEER RANGE tx=ok - stop+burst
31381.2 RX!! GOAL NO
31382.3 loaded pose 0.0,0.0 cells=0
31382.5 EP5 start pos=0.0,0.0 d11=0.740 tx=ok
31382.5 *** PEER RANGE tx=ok - stop+burst
31384.3 RX!! STUCK NO
31384.9 RX!! STUCK NO
31385.5 RX!! STUCK NO
31386.2 SUM pos=0.0,0.0 dist=0.0 cells=0 d11=0.747 tx=ok
31386.4 HOLD d11=0.736 tx=ok
31386.4 RX!! STUCK NO
31387.3 RX!! STUCK NO
31387.3 *** PEER RANGE tx=busy - stop+burst
31387.3 RX!! STUCK NO
31387.9 RX!! STUCK NO
31388.5 RX!! STUCK NO
31389.1 RX!! READY A MOVING TO YOU
31389.7 RX!! READY A MOVING TO YOU
31390.3 RX!! READY A MOVING TO YOU
31391.1 HOLD d11=0.730 tx=ok
31391.1 RX!! READY A MOVING TO YOU
31392.0 RX!! READY A MOVING TO YOU
31392.0 *** PEER RANGE tx=busy - stop+burst
31392.0 RX!! READY A MOVING TO YOU
31392.6 RX!! READY A MOVING TO YOU
31393.2 RX!! READY A MOVING TO YOU
31393.8 RX!! NOTSEE
31394.4 RX!! NOTSEE
31395.0 RX!! NOTSEE
31395.8 HOLD d11=0.728 tx=ok
31395.8 RX!! NOTSEE
31396.7 RX!! NOTSEE
31396.7 *** PEER RANGE tx=busy - stop+burst
31396.7 RX!! NOTSEE
31397.3 RX!! NOTSEE
31397.9 RX!! NOTSEE
31398.5 RX!! NOTSEE
31399.1 RX!! GOAL YES
31399.7 RX!! GOAL YES
31400.5 HOLD d11=0.729 tx=ok
31400.5 RX!! GOAL YES
31401.4 RX!! GOAL YES
31401.4 *** PEER RANGE tx=busy - stop+burst
31401.4 RX!! GOAL YES
31402.0 RX!! GOAL YES
31402.6 RX!! GOAL YES
31403.2 RX!! GOAL YES
31403.8 RX!! READY
31404.4 RX!! READY
31405.2 HOLD d11=0.726 tx=ok
31405.2 RX!! READY
31406.1 RX!! READY
31406.1 *** PEER RANGE tx=busy - stop+burst
31406.1 RX!! READY
31406.7 RX!! READY
31407.3 RX!! READY
31407.9 RX!! READY
31408.5 RX!! READY
31409.1 RX!! SEE
31409.9 HOLD d11=0.720 tx=ok
31409.9 RX!! SEE
31410.8 RX!! SEE
31410.8 *** PEER RANGE tx=busy - stop+burst
31410.8 RX!! SEE
31411.4 RX!! SEE
31412.0 RX!! SEE
31412.6 RX!! SEE
31413.2 RX!! SEE
31413.8 RX!! A ALIVE
31414.6 HOLD d11=0.737 tx=ok
31414.6 RX!! A ALIVE
31415.5 RX!! A ALIVE
31415.5 *** PEER RANGE tx=busy - stop+burst
31415.5 RX!! A ALIVE
31416.1 RX!! A ALIVE
31416.7 RX!! A ALIVE
31417.3 RX!! A ALIVE
31417.9 RX!! A ALIVE
31418.5 RX!! A ALIVE
31419.3 HOLD d11=0.725 tx=ok
31419.3 RX!! GOAL NO
31420.2 RX!! GOAL NO
31420.2 *** PEER RANGE tx=busy - stop+burst
31420.2 RX!! GOAL NO
31420.8 RX!! GOAL NO
31421.4 RX!! GOAL NO
31422.0 RX!! GOAL NO
31422.6 RX!! GOAL NO
31423.2 RX!! GOAL NO
31424.0 HOLD d11=0.727 tx=ok
31424.0 RX!! STUCK NO
31424.9 RX!! STUCK NO
31424.9 *** PEER RANGE tx=busy - stop+burst
31424.9 RX!! STUCK NO
31425.5 RX!! STUCK NO
31426.1 RX!! STUCK NO
31426.7 RX!! STUCK NO
31427.3 RX!! STUCK NO
31427.9 RX!! STUCK NO
31428.7 HOLD d11=0.738 tx=ok
31428.7 RX!! READY A MOVING TO YOU
31429.6 RX!! READY A MOVING TO YOU
31429.6 *** PEER RANGE tx=busy - stop+burst
31429.6 RX!! READY A MOVING TO YOU
31430.2 RX!! READY A MOVING TO YOU
31430.8 RX!! READY A MOVING TO YOU
31431.4 RX!! READY A MOVING TO YOU
31432.0 RX!! READY A MOVING TO YOU
31432.6 RX!! READY A MOVING TO YOU
31433.3 SUM pos=0.0,0.0 dist=0.0 cells=0 d11=0.734 tx=ok
31433.5 HOLD d11=0.738 tx=ok
31433.5 RX!! READY A MOVING TO YOU
31434.4 RX!! NOTSEE
31434.4 *** PEER RANGE tx=busy - stop+burst
31434.4 RX!! NOTSEE
31435.0 RX!! NOTSEE
31435.6 RX!! NOTSEE
31436.2 RX!! NOTSEE
31436.8 RX!! NOTSEE
31437.4 RX!! NOTSEE
31438.3 HOLD d11=0.734 tx=ok
31438.3 RX!! NOTSEE
31439.2 RX!! GOAL YES
31439.2 *** PEER RANGE tx=busy - stop+burst
31439.2 RX!! GOAL YES
31439.8 RX!! GOAL YES
31440.4 RX!! GOAL YES
31441.0 RX!! GOAL YES
31441.6 RX!! GOAL YES
31442.2 RX!! GOAL YES
31443.0 HOLD d11=0.732 tx=ok
31443.0 RX!! GOAL YES
31443.9 RX!! READY
31443.9 *** PEER RANGE tx=busy - stop+burst
31443.9 RX!! READY
31444.5 RX!! READY
31445.1 RX!! READY
31445.7 RX!! READY
31446.3 RX!! READY
31446.9 RX!! READY
31447.7 HOLD d11=0.736 tx=ok
31447.7 RX!! READY
31448.6 RX!! READY
31448.6 *** PEER RANGE tx=busy - stop+burst
31448.6 RX!! READY
31449.2 RX!! SEE
31449.8 RX!! SEE
31450.4 RX!! SEE
31451.0 RX!! SEE
31451.6 RX!! SEE
31452.4 HOLD d11=0.729 tx=ok
31452.4 RX!! SEE
31453.3 RX!! SEE
31453.3 *** PEER RANGE tx=busy - stop+burst
31453.3 RX!! SEE
31453.9 RX!! A ALIVE
31454.5 RX!! A ALIVE
31455.1 RX!! A ALIVE
31455.7 RX!! A ALIVE
31456.3 RX!! A ALIVE
31457.1 HOLD d11=0.732 tx=ok
31457.1 RX!! A ALIVE
31458.0 RX!! A ALIVE
31458.0 *** PEER RANGE tx=busy - stop+burst
31458.0 RX!! A ALIVE
31458.6 RX!! A ALIVE
31459.2 RX!! GOAL NO
31459.8 RX!! GOAL NO
31460.4 RX!! GOAL NO
31461.0 RX!! GOAL NO
31461.8 HOLD d11=0.731 tx=ok
31461.8 RX!! GOAL NO
31462.7 RX!! GOAL NO
31462.7 *** PEER RANGE tx=busy - stop+burst
31462.7 RX!! GOAL NO
31463.3 RX!! GOAL NO
31463.9 RX!! STUCK NO
31464.5 RX!! STUCK NO
31465.1 RX!! STUCK NO
31465.7 RX!! STUCK NO
31466.5 HOLD d11=0.730 tx=ok
31466.5 RX!! STUCK NO
31467.4 RX!! STUCK NO
31467.4 *** PEER RANGE tx=busy - stop+burst
31467.4 RX!! STUCK NO
31468.0 RX!! STUCK NO
31468.6 RX!! STUCK NO
31469.2 RX!! READY A MOVING TO YOU
31469.8 RX!! READY A MOVING TO YOU
31470.4 RX!! READY A MOVING TO YOU
31471.2 HOLD d11=0.732 tx=ok
31471.2 RX!! READY A MOVING TO YOU
31472.1 RX!! READY A MOVING TO YOU
31472.1 *** PEER RANGE tx=busy - stop+burst
31472.1 RX!! READY A MOVING TO YOU
31472.7 RX!! READY A MOVING TO YOU
31473.3 RX!! READY A MOVING TO YOU
31473.9 RX!! NOTSEE
31474.5 RX!! NOTSEE
31475.1 RX!! NOTSEE
31475.9 HOLD d11=0.734 tx=ok
31475.9 RX!! NOTSEE
31476.8 RX!! NOTSEE
31476.8 *** PEER RANGE tx=busy - stop+burst
31476.8 RX!! NOTSEE
31477.4 RX!! NOTSEE
31478.0 RX!! NOTSEE
31478.6 RX!! NOTSEE
31479.2 RX!! GOAL YES
31479.8 RX!! GOAL YES
31480.5 SUM pos=0.0,-0.0 dist=0.0 cells=0 d11=0.734 tx=ok
31480.7 HOLD d11=0.736 tx=ok
31480.7 RX!! GOAL YES
31481.6 RX!! GOAL YES
31481.6 *** PEER RANGE tx=busy - stop+burst
31481.6 RX!! GOAL YES
31482.2 RX!! GOAL YES
31482.8 RX!! GOAL YES
31483.4 RX!! GOAL YES
31484.0 RX!! READY
31484.6 RX!! READY
31485.4 HOLD d11=0.730 tx=ok
31485.4 RX!! READY
31486.3 RX!! READY
31486.3 *** PEER RANGE tx=busy - stop+burst
31486.3 RX!! READY
31486.9 RX!! READY
31487.5 RX!! READY
31488.1 RX!! READY
31488.7 RX!! READY
31489.3 RX!! SEE
31490.1 HOLD d11=0.735 tx=ok
31490.1 RX!! SEE
31491.0 RX!! SEE
31491.0 *** PEER RANGE tx=busy - stop+burst
31491.0 RX!! SEE
31491.6 RX!! SEE
31492.2 RX!! SEE
31492.8 RX!! SEE
31493.4 RX!! SEE
31494.0 RX!! A ALIVE
31494.8 HOLD d11=0.732 tx=ok
31494.8 RX!! A ALIVE
31495.7 RX!! A ALIVE
31495.7 *** PEER RANGE tx=busy - stop+burst
31495.7 RX!! A ALIVE
31496.3 RX!! A ALIVE
31496.9 RX!! A ALIVE
31497.5 RX!! A ALIVE
31498.1 RX!! A ALIVE
31498.7 RX!! A ALIVE
31499.5 HOLD d11=0.734 tx=ok
31499.5 RX!! GOAL NO
31500.4 RX!! GOAL NO
31500.4 *** PEER RANGE tx=busy - stop+burst
31500.4 RX!! GOAL NO
31501.0 RX!! GOAL NO
31501.6 RX!! GOAL NO
31502.2 RX!! GOAL NO
31502.8 RX!! GOAL NO
31503.4 RX!! GOAL NO
31504.2 HOLD d11=0.734 tx=ok
31504.2 RX!! STUCK NO
31505.1 RX!! STUCK NO
31505.1 *** PEER RANGE tx=busy - stop+burst
31505.1 RX!! STUCK NO
31505.7 RX!! STUCK NO
31506.3 RX!! STUCK NO
31506.9 RX!! STUCK NO
31507.5 RX!! STUCK NO
31508.1 RX!! STUCK NO
31508.9 HOLD d11=0.734 tx=ok
31508.9 RX!! READY A MOVING TO YOU
31509.8 RX!! READY A MOVING TO YOU
31509.8 *** PEER RANGE tx=busy - stop+burst
31509.8 RX!! READY A MOVING TO YOU
31510.4 RX!! READY A MOVING TO YOU
31511.0 RX!! READY A MOVING TO YOU
31511.6 RX!! READY A MOVING TO YOU
31512.2 RX!! READY A MOVING TO YOU
31512.8 RX!! READY A MOVING TO YOU
31513.6 HOLD d11=0.740 tx=ok
31513.6 RX!! READY A MOVING TO YOU
31514.5 RX!! NOTSEE
31514.5 *** PEER RANGE tx=busy - stop+burst
31514.5 RX!! NOTSEE
31515.1 RX!! NOTSEE
31515.7 RX!! NOTSEE
31516.3 RX!! NOTSEE
31516.9 RX!! NOTSEE
31517.5 RX!! NOTSEE
31518.3 HOLD d11=0.724 tx=ok
31518.3 RX!! NOTSEE
31519.7 loaded pose 0.0,0.0 cells=0
31519.9 EP5 start pos=0.0,0.0 d11=0.726 tx=busy
31519.9 RX!! GOAL YES
31519.9 *** PEER RANGE tx=busy - stop+burst
31519.9 RX!! GOAL YES
31520.5 RX!! GOAL YES
31521.1 RX!! GOAL YES
31521.7 RX!! GOAL YES
31522.3 RX!! GOAL YES
31522.9 RX!! GOAL YES
31523.7 SUM pos=0.0,0.0 dist=0.0 cells=0 d11=0.734 tx=ok
31523.9 HOLD d11=0.732 tx=ok
31523.9 RX!! READY
31524.8 RX!! READY
31524.8 *** PEER RANGE tx=busy - stop+burst
31524.8 RX!! READY
31525.4 RX!! READY
31526.0 RX!! READY
31526.6 RX!! READY
31527.2 RX!! READY
31527.8 RX!! READY
31528.6 HOLD d11=0.730 tx=ok
31528.6 RX!! READY
31529.5 RX!! SEE
31529.5 *** PEER RANGE tx=busy - stop+burst
31529.5 RX!! SEE
31530.1 RX!! SEE
31530.7 RX!! SEE
31531.3 RX!! SEE
31531.9 RX!! SEE
31532.5 RX!! SEE
31533.3 HOLD d11=0.732 tx=ok
31533.3 RX!! SEE
31534.2 RX!! A ALIVE
31534.2 *** PEER RANGE tx=busy - stop+burst
31534.2 RX!! A ALIVE
31534.8 RX!! A ALIVE
31535.4 RX!! A ALIVE
31536.0 RX!! A ALIVE
31536.6 RX!! A ALIVE
31537.2 RX!! A ALIVE
31538.0 HOLD d11=0.728 tx=ok
31538.0 RX!! A ALIVE
31538.9 RX!! GOAL NO
31538.9 *** PEER RANGE tx=busy - stop+burst
31538.9 RX!! GOAL NO
31539.5 RX!! GOAL NO
31540.1 RX!! GOAL NO
31540.7 RX!! GOAL NO
31541.3 RX!! GOAL NO
31541.9 RX!! GOAL NO
31542.7 HOLD d11=0.736 tx=ok
31542.7 RX!! GOAL NO
31543.6 RX!! GOAL NO
31543.6 *** PEER RANGE tx=busy - stop+burst
31543.6 RX!! GOAL NO
31544.2 RX!! STUCK NO
31544.8 RX!! STUCK NO
31545.4 RX!! STUCK NO
31546.0 RX!! STUCK NO
31546.6 RX!! STUCK NO
31547.4 HOLD d11=0.738 tx=ok
31547.4 RX!! STUCK NO
31548.3 RX!! STUCK NO
31548.3 *** PEER RANGE tx=busy - stop+burst
31548.3 RX!! STUCK NO
31548.9 RX!! READY A MOVING TO YOU
31549.5 RX!! READY A MOVING TO YOU
31550.1 RX!! READY A MOVING TO YOU
31550.7 RX!! READY A MOVING TO YOU
31551.3 RX!! READY A MOVING TO YOU
31552.1 HOLD d11=0.730 tx=ok
31552.1 RX!! READY A MOVING TO YOU
31553.0 RX!! READY A MOVING TO YOU
31553.0 *** PEER RANGE tx=busy - stop+burst
31553.0 RX!! READY A MOVING TO YOU
31553.6 RX!! READY A MOVING TO YOU
31554.2 RX!! NOTSEE
31554.8 RX!! NOTSEE
31555.4 RX!! NOTSEE
31556.0 RX!! NOTSEE
31556.8 HOLD d11=0.735 tx=ok
31556.8 RX!! NOTSEE
31557.7 RX!! NOTSEE
31557.7 *** PEER RANGE tx=busy - stop+burst
31557.7 RX!! NOTSEE
31558.3 RX!! NOTSEE
31558.9 RX!! GOAL YES
31559.5 RX!! GOAL YES
31560.1 RX!! GOAL YES
31560.7 RX!! GOAL YES
31561.5 HOLD d11=0.729 tx=ok
31561.5 RX!! GOAL YES
31562.4 RX!! GOAL YES
31562.4 *** PEER RANGE tx=busy - stop+burst
31562.4 RX!! GOAL YES
31563.0 RX!! READY
31563.6 RX!! READY
31564.2 RX!! READY
31564.8 RX!! POS UNKNOWN d11=HIGH
31565.4 RX!! POS UNKNOWN d11=HIGH
31566.2 HOLD d11=0.731 tx=ok
31566.2 RX!! GOAL NO STUCK NO
31567.1 RX!! HDG=198 d11 GOOD
31567.1 *** PEER RANGE tx=busy - stop+burst
31567.1 RX!! HDG=198 d11 GOOD
31567.7 RX!! HDG=198 d11 GOOD
31568.3 RX!! HDG=198 d11 GOOD
31568.9 RX!! A ALIVE HDG=198
31569.5 RX!! A ALIVE HDG=198
31570.1 RX!! SEE
31570.8 SUM pos=0.0,0.0 dist=0.0 cells=0 d11=0.733 tx=ok
31571.0 HOLD d11=0.723 tx=ok
31571.0 RX!! SEE
31571.9 RX!! A HOLDING HERE COME
31571.9 *** PEER RANGE tx=busy - stop+burst
31571.9 RX!! A HOLDING HERE COME
31572.5 RX!! A HOLDING HERE COME
31573.1 RX!! READY
31573.7 RX!! READY
31574.3 RX!! POS UNKNOWN d11=HIGH
31574.9 RX!! POS UNKNOWN d11=HIGH
31575.7 HOLD d11=0.734 tx=ok
31575.7 RX!! GOAL NO STUCK NO
31576.6 RX!! GOAL NO STUCK NO
31576.6 *** PEER RANGE tx=busy - stop+burst
31576.6 RX!! GOAL NO STUCK NO
31577.2 RX!! HDG=198 d11 GOOD
31577.8 RX!! HDG=198 d11 GOOD
31578.4 RX!! A ALIVE HDG=198
31579.0 RX!! A ALIVE HDG=198
31579.6 RX!! SEE
31580.4 HOLD d11=0.723 tx=ok
31580.4 RX!! SEE
31581.3 RX!! A HOLDING HERE COME
31581.3 *** PEER RANGE tx=busy - stop+burst
31581.3 RX!! A HOLDING HERE COME
31581.9 RX!! A HOLDING HERE COME
31582.5 RX!! READY
31583.1 RX!! READY
31583.7 RX!! READY
31584.3 RX!! POS UNKNOWN d11=HIGH
31585.1 HOLD d11=0.735 tx=ok
31585.1 RX!! POS UNKNOWN d11=HIGH
31586.0 RX!! GOAL NO STUCK NO
31586.0 *** PEER RANGE tx=busy - stop+burst
31586.0 RX!! GOAL NO STUCK NO
31586.6 RX!! HDG=198 d11 GOOD
31587.2 RX!! HDG=198 d11 GOOD
31587.8 RX!! HDG=198 d11 GOOD
31588.4 RX!! A ALIVE HDG=198
31589.0 RX!! A ALIVE HDG=198
31589.8 HOLD d11=0.737 tx=ok
31589.8 RX!! SEE
31590.7 RX!! SEE
31590.7 *** PEER RANGE tx=busy - stop+burst
31590.7 RX!! SEE
31591.3 RX!! A HOLDING HERE COME
31591.9 RX!! A HOLDING HERE COME
31592.5 RX!! READY
31593.1 RX!! READY
31593.7 RX!! POS UNKNOWN d11=HIGH
31594.5 HOLD d11=0.734 tx=ok
31594.5 RX!! POS UNKNOWN d11=HIGH
31595.4 RX!! GOAL NO STUCK NO
31595.4 *** PEER RANGE tx=busy - stop+burst
31595.4 RX!! GOAL NO STUCK NO
31596.0 RX!! GOAL NO STUCK NO
31596.6 RX!! HDG=198 d11 GOOD
31597.2 RX!! HDG=198 d11 GOOD
31597.8 RX!! A ALIVE HDG=198
31598.4 RX!! A ALIVE HDG=198
31599.2 HOLD d11=0.734 tx=ok
31599.2 RX!! SEE
31600.1 RX!! SEE
31600.1 *** PEER RANGE tx=busy - stop+burst
31600.1 RX!! SEE
31600.7 RX!! A HOLDING HERE COME
31601.3 RX!! A HOLDING HERE COME
31601.9 RX!! A HOLDING HERE COME
31602.5 RX!! READY
31603.1 RX!! READY
31603.9 HOLD d11=0.724 tx=ok
31603.9 RX!! POS UNKNOWN d11=HIGH
31604.8 RX!! POS UNKNOWN d11=HIGH
31604.8 *** PEER RANGE tx=busy - stop+burst
31604.8 RX!! POS UNKNOWN d11=HIGH
31605.4 RX!! GOAL NO STUCK NO
31606.0 RX!! GOAL NO STUCK NO
31606.6 RX!! HDG=198 d11 GOOD
31607.2 RX!! HDG=198 d11 GOOD
31607.8 RX!! A ALIVE HDG=198
31608.6 HOLD d11=0.734 tx=ok
31608.6 RX!! A ALIVE HDG=198
31609.5 RX!! SEE
31609.5 *** PEER RANGE tx=busy - stop+burst
31609.5 RX!! SEE
31610.1 RX!! SEE
31610.7 RX!! A HOLDING HERE COME
31611.3 RX!! A HOLDING HERE COME
31611.9 RX!! READY
31612.5 RX!! READY
31613.3 HOLD d11=0.722 tx=ok
31613.3 RX!! POS UNKNOWN d11=HIGH
31614.2 RX!! POS UNKNOWN d11=HIGH
31614.2 *** PEER RANGE tx=busy - stop+burst
31614.2 RX!! POS UNKNOWN d11=HIGH
31614.8 RX!! GOAL NO STUCK NO
31615.4 RX!! GOAL NO STUCK NO
31616.0 RX!! HDG=198 d11 GOOD
31616.6 RX!! HDG=198 d11 GOOD
31617.2 RX!! HDG=198 d11 GOOD
31617.9 SUM pos=0.0,-0.0 dist=0.0 cells=0 d11=0.732 tx=ok
31618.1 HOLD d11=0.734 tx=ok
31618.1 RX!! A ALIVE HDG=198
31619.0 RX!! SEE
31619.0 *** PEER RANGE tx=busy - stop+burst
31619.0 RX!! SEE
31619.6 RX!! SEE
31620.3 RX!! A HOLDING HERE COME
31620.9 RX!! A HOLDING HERE COME
31621.5 RX!! A HOLDING HERE COME
31622.1 RX!! READY
31622.9 HOLD d11=0.734 tx=ok
31622.9 RX!! READY
31623.8 RX!! POS UNKNOWN d11=HIGH
31623.8 *** PEER RANGE tx=busy - stop+burst
31623.8 RX!! POS UNKNOWN d11=HIGH
31624.4 RX!! POS UNKNOWN d11=HIGH
31625.0 RX!! GOAL NO STUCK NO
31625.6 RX!! GOAL NO STUCK NO
31626.2 RX!! HDG=198 d11 GOOD
31626.8 RX!! HDG=198 d11 GOOD
31627.6 HOLD d11=0.736 tx=ok
31627.6 RX!! A ALIVE HDG=198
31628.5 RX!! A ALIVE HDG=198
31628.5 *** PEER RANGE tx=busy - stop+burst
31628.5 RX!! A ALIVE HDG=198
31629.1 RX!! SEE
31629.7 RX!! SEE
31630.3 RX!! A HOLDING HERE COME
31630.9 RX!! A HOLDING HERE COME
31631.5 RX!! READY
31632.3 HOLD d11=0.730 tx=ok
31632.3 RX!! READY
31633.2 RX!! POS UNKNOWN d11=HIGH
31633.2 *** PEER RANGE tx=busy - stop+burst
31633.2 RX!! POS UNKNOWN d11=HIGH
31633.8 RX!! POS UNKNOWN d11=HIGH
31634.4 RX!! pos=0.0,0.0 hdg=198
31635.0 RX!! pos=0.0,0.0 hdg=198
31635.6 RX!! POS 198
31637.1 loaded pose 0.0,0.0 cells=0
31637.3 EP5 start pos=0.0,0.0 d11=0.740 tx=ok
31637.3 RX!! POS 198
31637.3 *** PEER RANGE tx=ok - stop+burst
31637.3 RX!! POS 198
31637.9 RX!! POS 198
31638.5 RX!! pos=0.0,0.0 hdg=198
31639.1 RX!! pos=0.0,0.0 hdg=198
31639.7 RX!! POS 198
31640.3 RX!! POS 198
31641.0 SUM pos=0.0,0.0 dist=0.0 cells=0 d11=0.733 tx=ok
31641.2 HOLD d11=0.728 tx=ok
31641.2 RX!! HDG=198 d11 GOOD
31642.1 RX!! A ALIVE HDG=198
31642.1 *** PEER RANGE tx=busy - stop+burst
31642.1 RX!! A ALIVE HDG=198
31642.7 RX!! A ALIVE HDG=198
31643.3 RX!! SEE
31643.9 RX!! SEE
31644.5 RX!! SEE
31645.1 RX!! A HOLDING HERE COME
31645.9 HOLD d11=0.729 tx=ok
31645.9 RX!! A HOLDING HERE COME
31646.8 RX!! READY
31646.8 *** PEER RANGE tx=busy - stop+burst
31646.8 RX!! READY
31647.4 RX!! READY
31648.0 RX!! POS UNKNOWN d11=HIGH
31648.6 RX!! POS UNKNOWN d11=HIGH
31649.2 RX!! GOAL NO STUCK NO
31649.8 RX!! GOAL NO STUCK NO
31650.6 RX!! HDG=198 d11 GOOD
31661.0 SWEEP h0=147 best=282 v=0.737 all=12:0.73 57:0.74 102:0.73 147:0.74 192:0.73 237:0.73 282:0.74 327:0.73
31661.0 HOME peak=0.737 v=0.737 tx=ok
31661.0 RX!! HDG=198 d11 GOOD
31661.0 *** PEER RANGE tx=busy - stop+burst
31661.0 RX!! HDG=198 d11 GOOD
31661.6 RX!! A ALIVE HDG=198
31662.2 RX!! A ALIVE HDG=198
31662.8 RX!! A ALIVE HDG=198
31663.4 RX!! SEE
31664.0 RX!! SEE
31664.8 HOLD d11=0.734 tx=ok
31664.8 RX!! A HOLDING HERE COME
31665.7 RX!! A HOLDING HERE COME
31665.7 *** PEER RANGE tx=busy - stop+burst
31665.7 RX!! A HOLDING HERE COME
31666.3 RX!! READY
31666.9 RX!! READY
31667.5 RX!! POS UNKNOWN d11=HIGH
31668.1 RX!! POS UNKNOWN d11=HIGH
31668.7 RX!! GOAL NO STUCK NO
31669.5 HOLD d11=0.729 tx=ok
31669.5 RX!! GOAL NO STUCK NO
31670.4 RX!! HDG=198 d11 GOOD
31670.4 *** PEER RANGE tx=busy - stop+burst
31670.4 RX!! HDG=198 d11 GOOD
31671.0 RX!! HDG=198 d11 GOOD
31671.6 RX!! A ALIVE HDG=198
31672.2 RX!! A ALIVE HDG=198
31672.8 RX!! SEE
31673.4 RX!! SEE
31674.2 RX!! A HOLDING HERE COME
31684.7 SWEEP h0=97 best=52 v=0.737 all=7:0.73 52:0.74 97:0.73 142:0.73 187:0.72 232:0.73 277:0.73 322:0.73
31684.7 HOME peak=0.737 v=0.737 tx=ok
31687.3 RX!! POS UNKNOWN d11=HIGH
31687.3 *** PEER RANGE tx=busy - stop+burst
31687.3 RX!! POS UNKNOWN d11=HIGH
31687.9 RX!! POS UNKNOWN d11=HIGH
31688.5 RX!! GOAL NO STUCK NO
31689.1 RX!! GOAL NO STUCK NO
31689.7 RX!! HDG=198 d11 GOOD
31690.3 RX!! HDG=198 d11 GOOD
31691.1 SUM pos=0.0,0.0 dist=0.0 cells=0 d11=0.695 tx=ok
31701.7 SWEEP h0=49 best=184 v=0.694 all=4:0.69 49:0.68 94:0.68 139:0.69 184:0.69 229:0.69 274:0.69 319:0.69
31701.7 HOME peak=0.737 v=0.694 tx=ok
31701.7 RX!! A ALIVE HDG=198
31701.7 *** PEER RANGE tx=ok - stop+burst
31701.7 RX!! A ALIVE HDG=198
31702.3 RX!! SEE
31702.9 RX!! SEE
31703.5 RX!! SEE
31704.1 RX!! A HOLDING HERE COME
31704.7 RX!! A HOLDING HERE COME
31715.9 SWEEP h0=359 best=179 v=0.689 all=44:0.69 89:0.69 134:0.69 179:0.69 224:0.68 269:0.68 314:0.68 359:0.69
31715.9 HOME peak=0.737 v=0.689 tx=ok
31715.9 RX!! READY
31715.9 *** PEER RANGE tx=ok - stop+burst
31715.9 RX!! READY
31716.5 RX!! POS UNKNOWN d11=HIGH
31717.1 RX!! POS UNKNOWN d11=HIGH
31717.7 RX!! GOAL NO STUCK NO
31718.3 RX!! GOAL NO STUCK NO
31718.9 RX!! GOAL NO STUCK NO
31730.0 SWEEP h0=310 best=265 v=0.693 all=40:0.68 85:0.69 130:0.69 175:0.69 220:0.69 265:0.69 310:0.68 355:0.68
31730.0 HOME peak=0.737 v=0.693 tx=ok
31730.0 RX!! HDG=198 d11 GOOD
31730.0 *** PEER RANGE tx=ok - stop+burst
31730.0 RX!! HDG=198 d11 GOOD
31730.6 RX!! A ALIVE HDG=198
31731.2 RX!! A ALIVE HDG=198
31731.8 RX!! SEE
31732.4 RX!! SEE
31733.0 RX!! A HOLDING HERE COME
31744.2 SWEEP h0=257 best=32 v=0.690 all=32:0.69 77:0.69 122:0.68 167:0.69 212:0.68 257:0.69 302:0.68 347:0.68
31744.2 HOME peak=0.737 v=0.690 tx=ok
31744.2 RX!! READY
31744.2 *** PEER RANGE tx=ok - stop+burst
31744.2 RX!! READY
31744.8 RX!! READY
31745.4 RX!! READY
31746.0 RX!! POS UNKNOWN d11=HIGH
31746.6 RX!! POS UNKNOWN d11=HIGH
31747.2 RX!! GOAL NO STUCK NO
31747.9 SUM pos=0.0,0.0 dist=0.0 cells=0 d11=0.692 tx=ok
31758.5 SWEEP h0=208 best=28 v=0.696 all=28:0.70 73:0.69 118:0.68 163:0.69 208:0.69 253:0.69 298:0.69 343:0.69
31758.5 HOME peak=0.737 v=0.696 tx=ok
31758.5 RX!! HDG=198 d11 GOOD
31758.5 *** PEER RANGE tx=ok - stop+burst
31758.5 RX!! HDG=198 d11 GOOD
31759.1 RX!! HDG=198 d11 GOOD
31759.7 RX!! A ALIVE HDG=198
31760.3 RX!! A ALIVE HDG=198
31760.9 RX!! A ALIVE HDG=198
31761.5 RX!! SEE
31772.7 SWEEP h0=160 best=25 v=0.692 all=25:0.69 70:0.69 115:0.69 160:0.69 205:0.68 250:0.68 295:0.69 340:0.69
31772.7 HOME peak=0.737 v=0.692 tx=ok
31775.3 RX!! POS UNKNOWN d11=HIGH
31775.3 *** PEER RANGE tx=ok - stop+burst
31775.3 RX!! POS UNKNOWN d11=HIGH
31775.9 RX!! POS UNKNOWN d11=HIGH
31776.5 RX!! GOAL NO STUCK NO
31777.1 RX!! GOAL NO STUCK NO
31777.7 RX!! GOAL NO STUCK NO
31778.3 RX!! HDG=198 d11 GOOD
