24926.8 EXPLORE5 start
24927.0 POS 0.00,0.00 h=0 stop front=0.14 cov=1 tx=ok d11=0.893 lidar=0.2,0.3,1.3,1.3,0.6,0.4,0.3,0.3,0.4,0.6,0.6,0.6,0.8,1.2,0.2,0.1
24927.0 RX!! A-TO-B: A moving toward you slowly. STUCK NO GOAL NO. Please back up if blocking. beep1
24927.1 RX!! A-TO-B: A moving toward you slowly. STUCK NO GOAL NO. Please back up if blocking. beep1
24927.2 RX!! A-TO-B: A moving toward you slowly. STUCK NO GOAL NO. Please back up if blocking. beep1
24927.4 RX!! A-TO-B: A moving toward you slowly. STUCK NO GOAL NO. Please back up if blocking. beep1
24927.5 RX!! A-TO-B: A moving toward you slowly. STUCK NO GOAL NO. Please back up if blocking. beep1
24927.6 RX!! A-TO-B: A moving toward you slowly. STUCK NO GOAL NO. Please back up if blocking. beep1
24927.6 STUCK RECOVERY
24929.3 RX!! A-TO-B: A moving toward you slowly. STUCK NO GOAL NO. Please back up if blocking. beep1
24929.4 RX!! A-TO-B: A moving toward you slowly. STUCK NO GOAL NO. Please back up if blocking. beep1
24929.5 RX!! A-TO-B: A moving toward you slowly. STUCK NO GOAL NO. Please back up if blocking. beep1
24929.6 RX!! A-TO-B: A moving toward you slowly. STUCK NO GOAL NO. Please back up if blocking. beep1
24929.7 RX!! A-TO-B: A moving toward you slowly. STUCK NO GOAL NO. Please back up if blocking. beep1
24929.8 RX!! A-TO-B: A moving toward you slowly. STUCK NO GOAL NO. Please back up if blocking. beep1
24930.0 RX!! A-TO-B: A moving toward you slowly. STUCK NO GOAL NO. Please back up if blocking. beep1
24930.1 RX!! A-TO-B: A moving toward you slowly. STUCK NO GOAL NO. Please back up if blocking. beep1
24930.2 RX!! A-TO-B: A moving toward you slowly. STUCK NO GOAL NO. Please back up if blocking. beep1
24930.3 RX!! A-TO-B: A moving toward you slowly. STUCK NO GOAL NO. Please back up if blocking. beep1
24930.4 RX!! A-TO-B: A moving toward you slowly. STUCK NO GOAL NO. Please back up if blocking. beep1
24930.5 RX!! A-TO-B: A moving toward you slowly. STUCK NO GOAL NO. Please back up if blocking. beep1
24930.6 RX!! A-TO-B: A moving toward you slowly. STUCK NO GOAL NO. Please back up if blocking. beep1
24930.7 RX!! A-TO-B: A moving toward you slowly. STUCK NO GOAL NO. Please back up if blocking. beep1
24930.8 RX!! A-TO-B: A moving toward you slowly. STUCK NO GOAL NO. Please back up if blocking. beep1
24930.9 RX!! A-TO-B: A moving toward you slowly. STUCK NO GOAL NO. Please back up if blocking. beep1
24931.1 RX!! A-TO-B: A moving toward you slowly. STUCK NO GOAL NO. Please back up if blocking. beep1
24931.2 RX!! A-TO-B: A moving toward you slowly. STUCK NO GOAL NO. Please back up if blocking. beep1
24931.3 RX!! A-TO-B: A moving toward you slowly. STUCK NO GOAL NO. Please back up if blocking. beep1
24931.4 RX!! A-TO-B: A moving toward you slowly. STUCK NO GOAL NO. Please back up if blocking. beep1
24931.5 RX!! A-TO-B: A moving toward you slowly. STUCK NO GOAL NO. Please back up if blocking. beep1
24931.6 RX!! A-TO-B: A moving toward you slowly. STUCK NO GOAL NO. Please back up if blocking. beep1
24931.7 RX!! A-TO-B: A moving toward you slowly. STUCK NO GOAL NO. Please back up if blocking. beep1
24931.8 RX!! A-TO-B: A moving toward you slowly. STUCK NO GOAL NO. Please back up if blocking. beep1
24931.9 RX!! A-TO-B: A moving toward you slowly. STUCK NO GOAL NO. Please back up if blocking. beep1
24932.1 RX!! A-TO-B: A moving toward you slowly. STUCK NO GOAL NO. Please back up if blocking. beep1
24932.2 RX!! A-TO-B: A moving toward you slowly. STUCK NO GOAL NO. Please back up if blocking. beep1
24932.3 RX!! A-TO-B: A moving toward you slowly. STUCK NO GOAL NO. Please back up if blocking. beep1
24932.4 RX!! A-TO-B: A moving toward you slowly. STUCK NO GOAL NO. Please back up if blocking. beep1
24932.5 RX!! A-TO-B: A moving toward you slowly. STUCK NO GOAL NO. Please back up if blocking. beep1
24932.6 RX!! A-TO-B: A moving toward you slowly. STUCK NO GOAL NO. Please back up if blocking. beep1
24932.7 RX!! A-TO-B: A moving toward you slowly. STUCK NO GOAL NO. Please back up if blocking. beep1
24932.8 RX!! A-TO-B: A moving toward you slowly. STUCK NO GOAL NO. Please back up if blocking. beep1
24932.9 RX!! A-TO-B: A moving toward you slowly. STUCK NO GOAL NO. Please back up if blocking. beep1
24933.0 RX!! A-TO-B: A moving toward you slowly. STUCK NO GOAL NO. Please back up if blocking. beep1
24933.2 RX!! A-TO-B: A moving toward you slowly. STUCK NO GOAL NO. Please back up if blocking. beep1
24933.3 RX!! A-TO-B: A moving toward you slowly. STUCK NO GOAL NO. Please back up if blocking. beep1
24933.4 RX!! A-TO-B: A moving toward you slowly. STUCK NO GOAL NO. Please back up if blocking. beep1
24933.5 RX!! A-TO-B: A moving toward you slowly. STUCK NO GOAL NO. Please back up if blocking. beep1
24933.6 RX!! A-TO-B: A moving toward you slowly. STUCK NO GOAL NO. Please back up if blocking. beep1
24933.7 RX!! A-TO-B: A moving toward you slowly. STUCK NO GOAL NO. Please back up if blocking. beep1
24933.8 RX!! A-TO-B: A moving toward you slowly. STUCK NO GOAL NO. Please back up if blocking. beep1
24933.9 RX!! A-TO-B: A moving toward you slowly. STUCK NO GOAL NO. Please back up if blocking. beep1
24934.0 RX!! A-TO-B: A moving toward you slowly. STUCK NO GOAL NO. Please back up if blocking. beep1
24934.2 RX!! A-TO-B: A moving toward you slowly. STUCK NO GOAL NO. Please back up if blocking. beep1
24934.3 RX!! A-TO-B: A moving toward you slowly. STUCK NO GOAL NO. Please back up if blocking. beep1
24934.4 RX!! A-TO-B: A moving toward you slowly. STUCK NO GOAL NO. Please back up if blocking. beep1
24934.5 RX!! A-TO-B: A moving toward you slowly. STUCK NO GOAL NO. Please back up if blocking. beep1
24934.6 RX!! A-TO-B: A moving toward you slowly. STUCK NO GOAL NO. Please back up if blocking. beep1
24934.7 RX!! A-TO-B: A moving toward you slowly. STUCK NO GOAL NO. Please back up if blocking. beep1
24934.8 RX!! A-TO-B: A moving toward you slowly. STUCK NO GOAL NO. Please back up if blocking. beep1
24934.9 RX!! A-TO-B: A moving toward you slowly. STUCK NO GOAL NO. Please back up if blocking. beep1
24935.0 RX!! A-TO-B: A moving toward you slowly. STUCK NO GOAL NO. Please back up if blocking. beep1
24935.1 RX!! A-TO-B: A moving toward you slowly. STUCK NO GOAL NO. Please back up if blocking. beep1
24935.3 RX!! A-TO-B: A moving toward you slowly. STUCK NO GOAL NO. Please back up if blocking. beep1
24935.4 RX!! A-TO-B: A moving toward you slowly. STUCK NO GOAL NO. Please back up if blocking. beep1
24935.5 RX!! A-TO-B: A moving toward you slowly. STUCK NO GOAL NO. Please back up if blocking. beep2
24935.6 RX!! A-TO-B: A moving toward you slowly. STUCK NO GOAL NO. Please back up if blocking. beep2
24935.7 RX!! A-TO-B: A moving toward you slowly. STUCK NO GOAL NO. Please back up if blocking. beep2
24935.8 RX!! A-TO-B: A moving toward you slowly. STUCK NO GOAL NO. Please back up if blocking. beep2
24935.9 RX!! A-TO-B: A moving toward you slowly. STUCK NO GOAL NO. Please back up if blocking. beep2
24936.0 RX!! A-TO-B: A moving toward you slowly. STUCK NO GOAL NO. Please back up if blocking. beep2
24936.1 RX!! A-TO-B: A moving toward you slowly. STUCK NO GOAL NO. Please back up if blocking. beep2
24936.2 RX!! A-TO-B: A moving toward you slowly. STUCK NO GOAL NO. Please back up if blocking. beep2
24936.4 RX!! A-TO-B: A moving toward you slowly. STUCK NO GOAL NO. Please back up if blocking. beep2
24936.5 RX!! A-TO-B: A moving toward you slowly. STUCK NO GOAL NO. Please back up if blocking. beep2
24936.6 RX!! A-TO-B: A moving toward you slowly. STUCK NO GOAL NO. Please back up if blocking. beep2
24936.7 RX!! A-TO-B: A moving toward you slowly. STUCK NO GOAL NO. Please back up if blocking. beep2
24936.8 RX!! A-TO-B: A moving toward you slowly. STUCK NO GOAL NO. Please back up if blocking. beep2
24936.9 RX!! A-TO-B: A moving toward you slowly. STUCK NO GOAL NO. Please back up if blocking. beep2
24937.0 RX!! A-TO-B: A moving toward you slowly. STUCK NO GOAL NO. Please back up if blocking. beep2
24937.1 RX!! A-TO-B: A moving toward you slowly. STUCK NO GOAL NO. Please back up if blocking. beep2
24937.2 RX!! A-TO-B: A moving toward you slowly. STUCK NO GOAL NO. Please back up if blocking. beep2
24937.4 RX!! A-TO-B: A moving toward you slowly. STUCK NO GOAL NO. Please back up if blocking. beep2
24937.5 RX!! A-TO-B: A moving toward you slowly. STUCK NO GOAL NO. Please back up if blocking. beep2
24937.6 RX!! A-TO-B: A moving toward you slowly. STUCK NO GOAL NO. Please back up if blocking. beep2
24937.7 RX!! A-TO-B: A moving toward you slowly. STUCK NO GOAL NO. Please back up if blocking. beep2
24937.8 RX!! A-TO-B: A moving toward you slowly. STUCK NO GOAL NO. Please back up if blocking. beep2
24937.9 RX!! A-TO-B: A moving toward you slowly. STUCK NO GOAL NO. Please back up if blocking. beep2
24938.0 RX!! A-TO-B: A moving toward you slowly. STUCK NO GOAL NO. Please back up if blocking. beep2
24938.1 RX!! A-TO-B: A moving toward you slowly. STUCK NO GOAL NO. Please back up if blocking. beep2
24938.2 RX!! A-TO-B: A moving toward you slowly. STUCK NO GOAL NO. Please back up if blocking. beep2
24938.3 RX!! A-TO-B: A moving toward you slowly. STUCK NO GOAL NO. Please back up if blocking. beep2
24938.5 RX!! A-TO-B: A moving toward you slowly. STUCK NO GOAL NO. Please back up if blocking. beep2
24938.6 RX!! A-TO-B: A moving toward you slowly. STUCK NO GOAL NO. Please back up if blocking. beep2
24938.7 RX!! A-TO-B: A moving toward you slowly. STUCK NO GOAL NO. Please back up if blocking. beep2
24938.8 RX!! A-TO-B: A moving toward you slowly. STUCK NO GOAL NO. Please back up if blocking. beep2
24938.9 RX!! A-TO-B: A moving toward you slowly. STUCK NO GOAL NO. Please back up if blocking. beep2
24939.0 RX!! A-TO-B: A moving toward you slowly. STUCK NO GOAL NO. Please back up if blocking. beep2
24939.1 RX!! A-TO-B: A moving toward you slowly. STUCK NO GOAL NO. Please back up if blocking. beep2
24939.2 RX!! A-TO-B: A moving toward you slowly. STUCK NO GOAL NO. Please back up if blocking. beep2
24939.3 RX!! A-TO-B: A moving toward you slowly. STUCK NO GOAL NO. Please back up if blocking. beep2
24939.5 RX!! A-TO-B: A moving toward you slowly. STUCK NO GOAL NO. Please back up if blocking. beep2
24939.6 RX!! A-TO-B: A moving toward you slowly. STUCK NO GOAL NO. Please back up if blocking. beep2
24939.7 RX!! A-TO-B: A moving toward you slowly. STUCK NO GOAL NO. Please back up if blocking. beep2
24939.8 RX!! A-TO-B: A moving toward you slowly. STUCK NO GOAL NO. Please back up if blocking. beep2
24939.9 RX!! A-TO-B: A moving toward you slowly. STUCK NO GOAL NO. Please back up if blocking. beep2
24940.0 RX!! A-TO-B: A moving toward you slowly. STUCK NO GOAL NO. Please back up if blocking. beep2
24940.1 RX!! A-TO-B: A moving toward you slowly. STUCK NO GOAL NO. Please back up if blocking. beep2
24940.2 RX!! A-TO-B: A moving toward you slowly. STUCK NO GOAL NO. Please back up if blocking. beep2
24940.3 RX!! A-TO-B: A moving toward you slowly. STUCK NO GOAL NO. Please back up if blocking. beep2
24940.4 RX!! A-TO-B: A moving toward you slowly. STUCK NO GOAL NO. Please back up if blocking. beep2
24940.6 RX!! A-TO-B: A moving toward you slowly. STUCK NO GOAL NO. Please back up if blocking. beep2
24940.7 RX!! A-TO-B: A moving toward you slowly. STUCK NO GOAL NO. Please back up if blocking. beep2
24940.8 RX!! A-TO-B: A moving toward you slowly. STUCK NO GOAL NO. Please back up if blocking. beep2
24940.9 RX!! A-TO-B: A moving toward you slowly. STUCK NO GOAL NO. Please back up if blocking. beep2
24941.0 RX!! A-TO-B: A moving toward you slowly. STUCK NO GOAL NO. Please back up if blocking. beep2
24941.1 RX!! A-TO-B: A moving toward you slowly. STUCK NO GOAL NO. Please back up if blocking. beep2
24941.2 RX!! A-TO-B: A moving toward you slowly. STUCK NO GOAL NO. Please back up if blocking. beep2
24941.3 RX!! A-TO-B: A moving toward you slowly. STUCK NO GOAL NO. Please back up if blocking. beep2
24941.4 RX!! A-TO-B: A moving toward you slowly. STUCK NO GOAL NO. Please back up if blocking. beep2
24941.6 RX!! A-TO-B: A moving toward you slowly. STUCK NO GOAL NO. Please back up if blocking. beep2
24941.7 RX!! A-TO-B: A moving toward you slowly. STUCK NO GOAL NO. Please back up if blocking. beep2
24941.8 RX!! A-TO-B: A moving toward you slowly. STUCK NO GOAL NO. Please back up if blocking. beep2
24941.9 RX!! A-TO-B: A moving toward you slowly. STUCK NO GOAL NO. Please back up if blocking. beep2
24942.0 RX!! A-TO-B: A moving toward you slowly. STUCK NO GOAL NO. Please back up if blocking. beep2
24942.1 RX!! A-TO-B: A moving toward you slowly. STUCK NO GOAL NO. Please back up if blocking. beep2
24942.2 RX!! A-TO-B: A moving toward you slowly. STUCK NO GOAL NO. Please back up if blocking. beep2
24942.3 RX!! A-TO-B: A moving toward you slowly. STUCK NO GOAL NO. Please back up if blocking. beep2
24942.4 RX!! A-TO-B: A moving toward you slowly. STUCK NO GOAL NO. Please back up if blocking. beep2
24942.5 RX!! A-TO-B: A moving toward you slowly. STUCK NO GOAL NO. Please back up if blocking. beep2
24942.7 RX!! A-TO-B: A moving toward you slowly. STUCK NO GOAL NO. Please back up if blocking. beep2
24942.8 RX!! A-TO-B: A moving toward you slowly. STUCK NO GOAL NO. Please back up if blocking. beep2
24942.9 RX!! A-TO-B: A moving toward you slowly. STUCK NO GOAL NO. Please back up if blocking. beep2
24943.0 RX!! A-TO-B: A moving toward you slowly. STUCK NO GOAL NO. Please back up if blocking. beep2
24943.1 RX!! A-TO-B: A moving toward you slowly. STUCK NO GOAL NO. Please back up if blocking. beep2
24943.2 RX!! A-TO-B: A moving toward you slowly. STUCK NO GOAL NO. Please back up if blocking. beep2
24943.3 RX!! A-TO-B: A moving toward you slowly. STUCK NO GOAL NO. Please back up if blocking. beep2
24943.4 RX!! A-TO-B: A moving toward you slowly. STUCK NO GOAL NO. Please back up if blocking. beep2
24943.5 RX!! A-TO-B: A moving toward you slowly. STUCK NO GOAL NO. Please back up if blocking. beep2
24943.7 RX!! A-TO-B: A moving toward you slowly. STUCK NO GOAL NO. Please back up if blocking. beep2
24943.8 RX!! A-TO-B: A moving toward you slowly. STUCK NO GOAL NO. Please back up if blocking. beep2
24943.9 RX!! A-TO-B: A moving toward you slowly. STUCK NO GOAL NO. Please back up if blocking. beep2
24944.0 RX!! A-TO-B: A moving toward you slowly. STUCK NO GOAL NO. Please back up if blocking. beep2
24944.1 RX!! A-TO-B: A moving toward you slowly. STUCK NO GOAL NO. Please back up if blocking. beep2
24944.2 RX!! A-TO-B: A moving toward you slowly. STUCK NO GOAL NO. Please back up if blocking. beep2
24944.3 RX!! A-TO-B: A moving toward you slowly. STUCK NO GOAL NO. Please back up if blocking. beep2
24944.4 RX!! A-TO-B: A moving toward you slowly. STUCK NO GOAL NO. Please back up if blocking. beep2
24944.5 RX!! A-TO-B: A moving toward you slowly. STUCK NO GOAL NO. Please back up if blocking. beep2
24944.6 RX!! A-TO-B: A moving toward you slowly. STUCK NO GOAL NO. Please back up if blocking. beep2
24944.8 RX!! A-TO-B: A moving toward you slowly. STUCK NO GOAL NO. Please back up if blocking. beep2
24944.9 RX!! A-TO-B: A moving toward you slowly. STUCK NO GOAL NO. Please back up if blocking. beep2
24945.0 RX!! A-TO-B: A moving toward you slowly. STUCK NO GOAL NO. Please back up if blocking. beep2
24945.1 RX!! A-TO-B: A moving toward you slowly. STUCK NO GOAL NO. Please back up if blocking. beep2
24945.2 RX!! A-TO-B: A moving toward you slowly. STUCK NO GOAL NO. Please back up if blocking. beep2
24945.3 RX!! A-TO-B: A moving toward you slowly. STUCK NO GOAL NO. Please back up if blocking. beep2
24945.4 RX!! A-TO-B: A moving toward you slowly. STUCK NO GOAL NO. Please back up if blocking. beep2
24945.5 RX!! A-TO-B: A moving toward you slowly. STUCK NO GOAL NO. Please back up if blocking. beep2
24945.6 RX!! A-TO-B: A moving toward you slowly. STUCK NO GOAL NO. Please back up if blocking. beep2
24945.8 RX!! A-TO-B: A moving toward you slowly. STUCK NO GOAL NO. Please back up if blocking. beep2
24945.9 RX!! A-TO-B: A moving toward you slowly. STUCK NO GOAL NO. Please back up if blocking. beep2
24946.0 RX!! A-TO-B: A moving toward you slowly. STUCK NO GOAL NO. Please back up if blocking. beep2
24946.1 RX!! A-TO-B: A moving toward you slowly. STUCK NO GOAL NO. Please back up if blocking. beep2
24946.2 RX!! A-TO-B: A moving toward you slowly. STUCK NO GOAL NO. Please back up if blocking. beep2
24946.3 RX!! A-TO-B: A moving toward you slowly. STUCK NO GOAL NO. Please back up if blocking. beep2
24946.4 RX!! A-TO-B: A moving toward you slowly. STUCK NO GOAL NO. Please back up if blocking. beep2
24946.5 RX!! A-TO-B: A moving toward you slowly. STUCK NO GOAL NO. Please back up if blocking. beep2
24946.6 RX!! A-TO-B: A moving toward you slowly. STUCK NO GOAL NO. Please back up if blocking. beep2
24946.7 RX!! A-TO-B: A moving toward you slowly. STUCK NO GOAL NO. Please back up if blocking. beep2
24946.9 RX!! A-TO-B: A moving toward you slowly. STUCK NO GOAL NO. Please back up if blocking. beep2
24947.0 RX!! A-TO-B: A moving toward you slowly. STUCK NO GOAL NO. Please back up if blocking. beep2
24947.1 RX!! A-TO-B: A moving toward you slowly. STUCK NO GOAL NO. Please back up if blocking. beep2
24947.2 RX!! A-TO-B: A moving toward you slowly. STUCK NO GOAL NO. Please back up if blocking. beep2
24947.3 RX!! A-TO-B: A moving toward you slowly. STUCK NO GOAL NO. Please back up if blocking. beep2
24947.4 RX!! A-TO-B: A moving toward you slowly. STUCK NO GOAL NO. Please back up if blocking. beep3
24947.5 RX!! A-TO-B: A moving toward you slowly. STUCK NO GOAL NO. Please back up if blocking. beep3
24947.6 RX!! A-TO-B: A moving toward you slowly. STUCK NO GOAL NO. Please back up if blocking. beep3
24947.7 RX!! A-TO-B: A moving toward you slowly. STUCK NO GOAL NO. Please back up if blocking. beep3
24947.8 RX!! A-TO-B: A moving toward you slowly. STUCK NO GOAL NO. Please back up if blocking. beep3
24948.0 RX!! A-TO-B: A moving toward you slowly. STUCK NO GOAL NO. Please back up if blocking. beep3
24948.1 RX!! A-TO-B: A moving toward you slowly. STUCK NO GOAL NO. Please back up if blocking. beep3
24948.2 RX!! A-TO-B: A moving toward you slowly. STUCK NO GOAL NO. Please back up if blocking. beep3
24948.3 RX!! A-TO-B: A moving toward you slowly. STUCK NO GOAL NO. Please back up if blocking. beep3
24948.4 RX!! A-TO-B: A moving toward you slowly. STUCK NO GOAL NO. Please back up if blocking. beep3
24948.5 RX!! A-TO-B: A moving toward you slowly. STUCK NO GOAL NO. Please back up if blocking. beep3
24948.6 RX!! A-TO-B: A moving toward you slowly. STUCK NO GOAL NO. Please back up if blocking. beep3
24948.7 RX!! A-TO-B: A moving toward you slowly. STUCK NO GOAL NO. Please back up if blocking. beep3
24948.8 RX!! A-TO-B: A moving toward you slowly. STUCK NO GOAL NO. Please back up if blocking. beep3
24949.0 RX!! A-TO-B: A moving toward you slowly. STUCK NO GOAL NO. Please back up if blocking. beep3
24949.1 RX!! A-TO-B: A moving toward you slowly. STUCK NO GOAL NO. Please back up if blocking. beep3
24949.2 RX!! A-TO-B: A moving toward you slowly. STUCK NO GOAL NO. Please back up if blocking. beep3
24949.3 RX!! A-TO-B: A moving toward you slowly. STUCK NO GOAL NO. Please back up if blocking. beep3
24949.4 RX!! A-TO-B: A moving toward you slowly. STUCK NO GOAL NO. Please back up if blocking. beep3
24949.5 RX!! A-TO-B: A moving toward you slowly. STUCK NO GOAL NO. Please back up if blocking. beep3
24949.6 RX!! A-TO-B: A moving toward you slowly. STUCK NO GOAL NO. Please back up if blocking. beep3
24949.7 RX!! A-TO-B: A moving toward you slowly. STUCK NO GOAL NO. Please back up if blocking. beep3
24949.8 RX!! A-TO-B: A moving toward you slowly. STUCK NO GOAL NO. Please back up if blocking. beep3
24949.9 RX!! A-TO-B: A moving toward you slowly. STUCK NO GOAL NO. Please back up if blocking. beep3
24950.1 RX!! A-TO-B: A moving toward you slowly. STUCK NO GOAL NO. Please back up if blocking. beep3
24950.2 RX!! A-TO-B: A moving toward you slowly. STUCK NO GOAL NO. Please back up if blocking. beep3
24950.3 RX!! A-TO-B: A moving toward you slowly. STUCK NO GOAL NO. Please back up if blocking. beep3
24950.4 RX!! A-TO-B: A moving toward you slowly. STUCK NO GOAL NO. Please back up if blocking. beep3
24950.5 RX!! A-TO-B: A moving toward you slowly. STUCK NO GOAL NO. Please back up if blocking. beep3
24950.6 RX!! A-TO-B: A moving toward you slowly. STUCK NO GOAL NO. Please back up if blocking. beep3
24950.7 RX!! A-TO-B: A moving toward you slowly. STUCK NO GOAL NO. Please back up if blocking. beep3
24950.8 RX!! A-TO-B: A moving toward you slowly. STUCK NO GOAL NO. Please back up if blocking. beep3
24950.9 RX!! A-TO-B: A moving toward you slowly. STUCK NO GOAL NO. Please back up if blocking. beep3
24951.1 RX!! A-TO-B: A moving toward you slowly. STUCK NO GOAL NO. Please back up if blocking. beep3
24951.2 RX!! A-TO-B: A moving toward you slowly. STUCK NO GOAL NO. Please back up if blocking. beep3
24951.3 RX!! A-TO-B: A moving toward you slowly. STUCK NO GOAL NO. Please back up if blocking. beep3
24951.4 RX!! A-TO-B: A moving toward you slowly. STUCK NO GOAL NO. Please back up if blocking. beep3
24951.5 RX!! A-TO-B: A moving toward you slowly. STUCK NO GOAL NO. Please back up if blocking. beep3
24951.6 RX!! A-TO-B: A moving toward you slowly. STUCK NO GOAL NO. Please back up if blocking. beep3
24951.7 RX!! A-TO-B: A moving toward you slowly. STUCK NO GOAL NO. Please back up if blocking. beep3
24951.8 RX!! A-TO-B: A moving toward you slowly. STUCK NO GOAL NO. Please back up if blocking. beep3
24951.9 RX!! A-TO-B: A moving toward you slowly. STUCK NO GOAL NO. Please back up if blocking. beep3
24952.0 RX!! A-TO-B: A moving toward you slowly. STUCK NO GOAL NO. Please back up if blocking. beep3
24952.2 RX!! A-TO-B: A moving toward you slowly. STUCK NO GOAL NO. Please back up if blocking. beep3
24952.3 RX!! A-TO-B: A moving toward you slowly. STUCK NO GOAL NO. Please back up if blocking. beep3
24952.4 RX!! A-TO-B: A moving toward you slowly. STUCK NO GOAL NO. Please back up if blocking. beep3
24952.5 RX!! A-TO-B: A moving toward you slowly. STUCK NO GOAL NO. Please back up if blocking. beep3
24952.6 RX!! A-TO-B: A moving toward you slowly. STUCK NO GOAL NO. Please back up if blocking. beep3
24952.7 RX!! A-TO-B: A moving toward you slowly. STUCK NO GOAL NO. Please back up if blocking. beep3
24952.8 RX!! A-TO-B: A moving toward you slowly. STUCK NO GOAL NO. Please back up if blocking. beep3
24952.9 RX!! A-TO-B: A moving toward you slowly. STUCK NO GOAL NO. Please back up if blocking. beep3
24953.0 RX!! A-TO-B: A moving toward you slowly. STUCK NO GOAL NO. Please back up if blocking. beep3
24953.2 RX!! A-TO-B: A moving toward you slowly. STUCK NO GOAL NO. Please back up if blocking. beep3
24953.3 RX!! A-TO-B: A moving toward you slowly. STUCK NO GOAL NO. Please back up if blocking. beep3
24953.4 RX!! A-TO-B: A moving toward you slowly. STUCK NO GOAL NO. Please back up if blocking. beep3
24953.5 RX!! A-TO-B: A moving toward you slowly. STUCK NO GOAL NO. Please back up if blocking. beep3
24953.6 RX!! A-TO-B: A moving toward you slowly. STUCK NO GOAL NO. Please back up if blocking. beep3
24953.7 RX!! A-TO-B: A moving toward you slowly. STUCK NO GOAL NO. Please back up if blocking. beep3
24953.8 RX!! A-TO-B: A moving toward you slowly. STUCK NO GOAL NO. Please back up if blocking. beep3
24953.9 RX!! A-TO-B: A moving toward you slowly. STUCK NO GOAL NO. Please back up if blocking. beep3
24954.0 RX!! A-TO-B: A moving toward you slowly. STUCK NO GOAL NO. Please back up if blocking. beep3
24954.1 RX!! A-TO-B: A moving toward you slowly. STUCK NO GOAL NO. Please back up if blocking. beep3
24954.3 RX!! A-TO-B: A moving toward you slowly. STUCK NO GOAL NO. Please back up if blocking. beep3
24954.4 RX!! A-TO-B: A moving toward you slowly. STUCK NO GOAL NO. Please back up if blocking. beep3
24954.5 RX!! A-TO-B: A moving toward you slowly. STUCK NO GOAL NO. Please back up if blocking. beep3
24954.6 RX!! A-TO-B: A moving toward you slowly. STUCK NO GOAL NO. Please back up if blocking. beep3
24954.7 RX!! A-TO-B: A moving toward you slowly. STUCK NO GOAL NO. Please back up if blocking. beep3
24954.8 RX!! A-TO-B: A moving toward you slowly. STUCK NO GOAL NO. Please back up if blocking. beep3
24954.9 RX!! A-TO-B: A moving toward you slowly. STUCK NO GOAL NO. Please back up if blocking. beep3
24955.0 RX!! A-TO-B: A moving toward you slowly. STUCK NO GOAL NO. Please back up if blocking. beep3
24955.1 RX!! A-TO-B: A moving toward you slowly. STUCK NO GOAL NO. Please back up if blocking. beep3
24955.3 RX!! A-TO-B: A moving toward you slowly. STUCK NO GOAL NO. Please back up if blocking. beep3
24955.4 RX!! A-TO-B: A moving toward you slowly. STUCK NO GOAL NO. Please back up if blocking. beep3
24955.5 RX!! A-TO-B: A moving toward you slowly. STUCK NO GOAL NO. Please back up if blocking. beep3
24955.6 RX!! A-TO-B: A moving toward you slowly. STUCK NO GOAL NO. Please back up if blocking. beep3
24955.7 RX!! A-TO-B: A moving toward you slowly. STUCK NO GOAL NO. Please back up if blocking. beep3
24955.8 RX!! A-TO-B: A moving toward you slowly. STUCK NO GOAL NO. Please back up if blocking. beep3
24955.9 RX!! A-TO-B: A moving toward you slowly. STUCK NO GOAL NO. Please back up if blocking. beep3
24956.0 RX!! A-TO-B: A moving toward you slowly. STUCK NO GOAL NO. Please back up if blocking. beep3
24956.1 RX!! A-TO-B: A moving toward you slowly. STUCK NO GOAL NO. Please back up if blocking. beep3
24956.2 RX!! A-TO-B: A moving toward you slowly. STUCK NO GOAL NO. Please back up if blocking. beep3
24956.4 RX!! A-TO-B: A moving toward you slowly. STUCK NO GOAL NO. Please back up if blocking. beep3
24956.5 RX!! A-TO-B: A moving toward you slowly. STUCK NO GOAL NO. Please back up if blocking. beep3
24956.6 RX!! A-TO-B: A moving toward you slowly. STUCK NO GOAL NO. Please back up if blocking. beep3
24956.7 RX!! A-TO-B: A moving toward you slowly. STUCK NO GOAL NO. Please back up if blocking. beep3
24956.8 RX!! A-TO-B: A moving toward you slowly. STUCK NO GOAL NO. Please back up if blocking. beep3
24956.9 RX!! A-TO-B: A moving toward you slowly. STUCK NO GOAL NO. Please back up if blocking. beep3
24957.0 RX!! A-TO-B: A moving toward you slowly. STUCK NO GOAL NO. Please back up if blocking. beep3
24957.1 POS -0.06,-0.01 h=9 turn front=0.18 cov=1 tx=ok d11=0.916 lidar=0.2,0.2,0.4,1.1,1.5,0.6,0.3,0.3,0.3,0.3,0.5,0.6,0.5,0.6,1.0,0.2
24957.1 RX!! A-TO-B: A moving toward you slowly. STUCK NO GOAL NO. Please back up if blocking. beep3
24957.2 RX!! A-TO-B: A moving toward you slowly. STUCK NO GOAL NO. Please back up if blocking. beep3
24957.4 RX!! A-TO-B: A moving toward you slowly. STUCK NO GOAL NO. Please back up if blocking. beep3
24957.5 RX!! A-TO-B: A moving toward you slowly. STUCK NO GOAL NO. Please back up if blocking. beep3
24957.6 RX!! A-TO-B: A moving toward you slowly. STUCK NO GOAL NO. Please back up if blocking. beep3
24957.7 RX!! A-TO-B: A moving toward you slowly. STUCK NO GOAL NO. Please back up if blocking. beep3
24957.8 RX!! A-TO-B: A moving toward you slowly. STUCK NO GOAL NO. Please back up if blocking. beep3
24957.9 RX!! A-TO-B: A moving toward you slowly. STUCK NO GOAL NO. Please back up if blocking. beep3
24958.0 RX!! A-TO-B: A moving toward you slowly. STUCK NO GOAL NO. Please back up if blocking. beep3
24958.1 RX!! A-TO-B: A moving toward you slowly. STUCK NO GOAL NO. Please back up if blocking. beep3
24958.2 RX!! A-TO-B: A moving toward you slowly. STUCK NO GOAL NO. Please back up if blocking. beep3
24958.3 RX!! A-TO-B: A moving toward you slowly. STUCK NO GOAL NO. Please back up if blocking. beep3
24958.5 RX!! A-TO-B: A moving toward you slowly. STUCK NO GOAL NO. Please back up if blocking. beep3
24958.6 RX!! A-TO-B: A moving toward you slowly. STUCK NO GOAL NO. Please back up if blocking. beep3
24958.7 RX!! A-TO-B: A moving toward you slowly. STUCK NO GOAL NO. Please back up if blocking. beep3
24958.8 RX!! A-TO-B: A moving toward you slowly. STUCK NO GOAL NO. Please back up if blocking. beep3
24958.9 RX!! A-TO-B: A moving toward you slowly. STUCK NO GOAL NO. Please back up if blocking. beep3
24959.0 RX!! A-TO-B: A moving toward you slowly. STUCK NO GOAL NO. Please back up if blocking. beep3
24959.1 RX!! A-TO-B: A moving toward you slowly. STUCK NO GOAL NO. Please back up if blocking. beep3
24959.2 RX!! A-TO-B: A moving toward you slowly. STUCK NO GOAL NO. Please back up if blocking. beep3
24959.3 RX!! A-TO-B: A moving toward you slowly. STUCK NO GOAL NO. Please back up if blocking. beep3
24959.5 RX!! A-TO-B: A moving toward you slowly. STUCK NO GOAL NO. Please back up if blocking. beep4
24959.6 RX!! A-TO-B: A moving toward you slowly. STUCK NO GOAL NO. Please back up if blocking. beep4
24959.7 RX!! A-TO-B: A moving toward you slowly. STUCK NO GOAL NO. Please back up if blocking. beep4
24959.8 RX!! A-TO-B: A moving toward you slowly. STUCK NO GOAL NO. Please back up if blocking. beep4
24959.9 RX!! A-TO-B: A moving toward you slowly. STUCK NO GOAL NO. Please back up if blocking. beep4
24960.0 RX!! A-TO-B: A moving toward you slowly. STUCK NO GOAL NO. Please back up if blocking. beep4
24960.1 RX!! A-TO-B: A moving toward you slowly. STUCK NO GOAL NO. Please back up if blocking. beep4
24960.2 RX!! A-TO-B: A moving toward you slowly. STUCK NO GOAL NO. Please back up if blocking. beep4
24960.3 RX!! A-TO-B: A moving toward you slowly. STUCK NO GOAL NO. Please back up if blocking. beep4
24960.4 RX!! A-TO-B: A moving toward you slowly. STUCK NO GOAL NO. Please back up if blocking. beep4
24960.6 RX!! A-TO-B: A moving toward you slowly. STUCK NO GOAL NO. Please back up if blocking. beep4
24960.7 RX!! A-TO-B: A moving toward you slowly. STUCK NO GOAL NO. Please back up if blocking. beep4
24960.8 RX!! A-TO-B: A moving toward you slowly. STUCK NO GOAL NO. Please back up if blocking. beep4
24960.9 RX!! A-TO-B: A moving toward you slowly. STUCK NO GOAL NO. Please back up if blocking. beep4
24961.0 RX!! A-TO-B: A moving toward you slowly. STUCK NO GOAL NO. Please back up if blocking. beep4
24961.1 RX!! A-TO-B: A moving toward you slowly. STUCK NO GOAL NO. Please back up if blocking. beep4
24961.2 RX!! A-TO-B: A moving toward you slowly. STUCK NO GOAL NO. Please back up if blocking. beep4
24961.3 RX!! A-TO-B: A moving toward you slowly. STUCK NO GOAL NO. Please back up if blocking. beep4
24961.4 RX!! A-TO-B: A moving toward you slowly. STUCK NO GOAL NO. Please back up if blocking. beep4
24961.6 RX!! A-TO-B: A moving toward you slowly. STUCK NO GOAL NO. Please back up if blocking. beep4
24961.7 RX!! A-TO-B: A moving toward you slowly. STUCK NO GOAL NO. Please back up if blocking. beep4
24961.8 RX!! A-TO-B: A moving toward you slowly. STUCK NO GOAL NO. Please back up if blocking. beep4
24961.9 RX!! A-TO-B: A moving toward you slowly. STUCK NO GOAL NO. Please back up if blocking. beep4
24962.0 RX!! A-TO-B: A moving toward you slowly. STUCK NO GOAL NO. Please back up if blocking. beep4
24962.1 RX!! A-TO-B: A moving toward you slowly. STUCK NO GOAL NO. Please back up if blocking. beep4
24962.2 RX!! A-TO-B: A moving toward you slowly. STUCK NO GOAL NO. Please back up if blocking. beep4
24962.3 RX!! A-TO-B: A moving toward you slowly. STUCK NO GOAL NO. Please back up if blocking. beep4
24962.4 RX!! A-TO-B: A moving toward you slowly. STUCK NO GOAL NO. Please back up if blocking. beep4
24962.5 RX!! A-TO-B: A moving toward you slowly. STUCK NO GOAL NO. Please back up if blocking. beep4
24962.7 RX!! A-TO-B: A moving toward you slowly. STUCK NO GOAL NO. Please back up if blocking. beep4
24962.8 RX!! A-TO-B: A moving toward you slowly. STUCK NO GOAL NO. Please back up if blocking. beep4
24962.9 RX!! A-TO-B: A moving toward you slowly. STUCK NO GOAL NO. Please back up if blocking. beep4
24963.0 RX!! A-TO-B: A moving toward you slowly. STUCK NO GOAL NO. Please back up if blocking. beep4
24963.1 RX!! A-TO-B: A moving toward you slowly. STUCK NO GOAL NO. Please back up if blocking. beep4
24963.2 RX!! A-TO-B: A moving toward you slowly. STUCK NO GOAL NO. Please back up if blocking. beep4
24963.3 RX!! A-TO-B: A moving toward you slowly. STUCK NO GOAL NO. Please back up if blocking. beep4
24963.4 RX!! A-TO-B: A moving toward you slowly. STUCK NO GOAL NO. Please back up if blocking. beep4
24963.5 RX!! A-TO-B: A moving toward you slowly. STUCK NO GOAL NO. Please back up if blocking. beep4
24963.6 RX!! A-TO-B: A moving toward you slowly. STUCK NO GOAL NO. Please back up if blocking. beep4
24963.8 RX!! A-TO-B: A moving toward you slowly. STUCK NO GOAL NO. Please back up if blocking. beep4
24963.9 RX!! A-TO-B: A moving toward you slowly. STUCK NO GOAL NO. Please back up if blocking. beep4
24964.0 RX!! A-TO-B: A moving toward you slowly. STUCK NO GOAL NO. Please back up if blocking. beep4
24964.1 RX!! A-TO-B: A moving toward you slowly. STUCK NO GOAL NO. Please back up if blocking. beep4
24964.2 RX!! A-TO-B: A moving toward you slowly. STUCK NO GOAL NO. Please back up if blocking. beep4
24964.3 RX!! A-TO-B: A moving toward you slowly. STUCK NO GOAL NO. Please back up if blocking. beep4
24964.4 RX!! A-TO-B: A moving toward you slowly. STUCK NO GOAL NO. Please back up if blocking. beep4
24964.5 RX!! A-TO-B: A moving toward you slowly. STUCK NO GOAL NO. Please back up if blocking. beep4
24964.6 RX!! A-TO-B: A moving toward you slowly. STUCK NO GOAL NO. Please back up if blocking. beep4
24964.8 RX!! A-TO-B: A moving toward you slowly. STUCK NO GOAL NO. Please back up if blocking. beep4
24964.9 RX!! A-TO-B: A moving toward you slowly. STUCK NO GOAL NO. Please back up if blocking. beep4
24965.0 RX!! A-TO-B: A moving toward you slowly. STUCK NO GOAL NO. Please back up if blocking. beep4
24965.1 RX!! A-TO-B: A moving toward you slowly. STUCK NO GOAL NO. Please back up if blocking. beep4
24965.2 RX!! A-TO-B: A moving toward you slowly. STUCK NO GOAL NO. Please back up if blocking. beep4
24965.3 RX!! A-TO-B: A moving toward you slowly. STUCK NO GOAL NO. Please back up if blocking. beep4
24965.4 RX!! A-TO-B: A moving toward you slowly. STUCK NO GOAL NO. Please back up if blocking. beep4
24965.5 RX!! A-TO-B: A moving toward you slowly. STUCK NO GOAL NO. Please back up if blocking. beep4
24965.6 RX!! A-TO-B: A moving toward you slowly. STUCK NO GOAL NO. Please back up if blocking. beep4
24965.7 RX!! A-TO-B: A moving toward you slowly. STUCK NO GOAL NO. Please back up if blocking. beep4
24965.9 RX!! A-TO-B: A moving toward you slowly. STUCK NO GOAL NO. Please back up if blocking. beep4
24966.0 RX!! A-TO-B: A moving toward you slowly. STUCK NO GOAL NO. Please back up if blocking. beep4
24966.1 RX!! A-TO-B: A moving toward you slowly. STUCK NO GOAL NO. Please back up if blocking. beep4
24966.2 RX!! A-TO-B: A moving toward you slowly. STUCK NO GOAL NO. Please back up if blocking. beep4
24966.3 RX!! A-TO-B: A moving toward you slowly. STUCK NO GOAL NO. Please back up if blocking. beep4
24966.4 RX!! A-TO-B: A moving toward you slowly. STUCK NO GOAL NO. Please back up if blocking. beep4
24966.5 RX!! A-TO-B: A moving toward you slowly. STUCK NO GOAL NO. Please back up if blocking. beep4
24966.6 RX!! A-TO-B: A moving toward you slowly. STUCK NO GOAL NO. Please back up if blocking. beep4
24966.7 RX!! A-TO-B: A moving toward you slowly. STUCK NO GOAL NO. Please back up if blocking. beep4
24966.9 RX!! A-TO-B: A moving toward you slowly. STUCK NO GOAL NO. Please back up if blocking. beep4
24967.0 RX!! A-TO-B: A moving toward you slowly. STUCK NO GOAL NO. Please back up if blocking. beep4
24967.1 RX!! A-TO-B: A moving toward you slowly. STUCK NO GOAL NO. Please back up if blocking. beep4
24967.2 RX!! A-TO-B: A moving toward you slowly. STUCK NO GOAL NO. Please back up if blocking. beep4
24967.3 RX!! A-TO-B: A moving toward you slowly. STUCK NO GOAL NO. Please back up if blocking. beep4
24967.4 RX!! A-TO-B: A moving toward you slowly. STUCK NO GOAL NO. Please back up if blocking. beep4
24967.5 RX!! A-TO-B: A moving toward you slowly. STUCK NO GOAL NO. Please back up if blocking. beep4
24967.6 RX!! A-TO-B: A moving toward you slowly. STUCK NO GOAL NO. Please back up if blocking. beep4
24967.7 RX!! A-TO-B: A moving toward you slowly. STUCK NO GOAL NO. Please back up if blocking. beep4
24967.8 RX!! A-TO-B: A moving toward you slowly. STUCK NO GOAL NO. Please back up if blocking. beep4
24968.0 RX!! A-TO-B: A moving toward you slowly. STUCK NO GOAL NO. Please back up if blocking. beep4
24968.1 RX!! A-TO-B: A moving toward you slowly. STUCK NO GOAL NO. Please back up if blocking. beep4
24968.2 RX!! A-TO-B: A moving toward you slowly. STUCK NO GOAL NO. Please back up if blocking. beep4
24968.3 RX!! A-TO-B: A moving toward you slowly. STUCK NO GOAL NO. Please back up if blocking. beep4
24968.4 RX!! A-TO-B: A moving toward you slowly. STUCK NO GOAL NO. Please back up if blocking. beep4
24968.5 RX!! A-TO-B: A moving toward you slowly. STUCK NO GOAL NO. Please back up if blocking. beep4
24968.6 RX!! A-TO-B: A moving toward you slowly. STUCK NO GOAL NO. Please back up if blocking. beep4
24968.7 RX!! A-TO-B: A moving toward you slowly. STUCK NO GOAL NO. Please back up if blocking. beep4
24968.8 RX!! A-TO-B: A moving toward you slowly. STUCK NO GOAL NO. Please back up if blocking. beep4
24969.0 RX!! A-TO-B: A moving toward you slowly. STUCK NO GOAL NO. Please back up if blocking. beep4
24969.1 RX!! A-TO-B: A moving toward you slowly. STUCK NO GOAL NO. Please back up if blocking. beep4
24969.2 RX!! A-TO-B: A moving toward you slowly. STUCK NO GOAL NO. Please back up if blocking. beep4
24969.3 RX!! A-TO-B: A moving toward you slowly. STUCK NO GOAL NO. Please back up if blocking. beep4
24969.4 RX!! A-TO-B: A moving toward you slowly. STUCK NO GOAL NO. Please back up if blocking. beep4
24969.5 RX!! A-TO-B: A moving toward you slowly. STUCK NO GOAL NO. Please back up if blocking. beep4
24969.6 RX!! A-TO-B: A moving toward you slowly. STUCK NO GOAL NO. Please back up if blocking. beep4
24969.7 RX!! A-TO-B: A moving toward you slowly. STUCK NO GOAL NO. Please back up if blocking. beep4
24969.8 RX!! A-TO-B: A moving toward you slowly. STUCK NO GOAL NO. Please back up if blocking. beep4
24969.9 RX!! A-TO-B: A moving toward you slowly. STUCK NO GOAL NO. Please back up if blocking. beep4
24970.1 RX!! A-TO-B: A moving toward you slowly. STUCK NO GOAL NO. Please back up if blocking. beep4
24970.2 RX!! A-TO-B: A moving toward you slowly. STUCK NO GOAL NO. Please back up if blocking. beep4
24970.3 RX!! A-TO-B: A moving toward you slowly. STUCK NO GOAL NO. Please back up if blocking. beep4
24970.4 RX!! A-TO-B: A moving toward you slowly. STUCK NO GOAL NO. Please back up if blocking. beep4
24970.5 RX!! A-TO-B: A moving toward you slowly. STUCK NO GOAL NO. Please back up if blocking. beep4
24970.6 RX!! A-TO-B: A moving toward you slowly. STUCK NO GOAL NO. Please back up if blocking. beep4
24970.7 RX!! A-TO-B: A moving toward you slowly. STUCK NO GOAL NO. Please back up if blocking. beep4
24970.8 RX!! A-TO-B: A moving toward you slowly. STUCK NO GOAL NO. Please back up if blocking. beep4
24970.9 RX!! A-TO-B: A moving toward you slowly. STUCK NO GOAL NO. Please back up if blocking. beep4
24971.1 RX!! A-TO-B: A moving toward you slowly. STUCK NO GOAL NO. Please back up if blocking. beep4
24971.2 RX!! A-TO-B: A moving toward you slowly. STUCK NO GOAL NO. Please back up if blocking. beep4
24971.3 RX!! A-TO-B: A moving toward you slowly. STUCK NO GOAL NO. Please back up if blocking. beep4
24971.4 RX!! A-TO-B: A moving toward you slowly. STUCK NO GOAL NO. Please back up if blocking. beep4
24971.5 RX!! A-TO-B: A moving toward you slowly. STUCK NO GOAL NO. Please back up if blocking. beep5
24971.6 RX!! A-TO-B: A moving toward you slowly. STUCK NO GOAL NO. Please back up if blocking. beep5
24971.7 RX!! A-TO-B: A moving toward you slowly. STUCK NO GOAL NO. Please back up if blocking. beep5
24971.8 RX!! A-TO-B: A moving toward you slowly. STUCK NO GOAL NO. Please back up if blocking. beep5
24971.9 RX!! A-TO-B: A moving toward you slowly. STUCK NO GOAL NO. Please back up if blocking. beep5
24972.0 RX!! A-TO-B: A moving toward you slowly. STUCK NO GOAL NO. Please back up if blocking. beep5
24972.2 RX!! A-TO-B: A moving toward you slowly. STUCK NO GOAL NO. Please back up if blocking. beep5
24972.3 RX!! A-TO-B: A moving toward you slowly. STUCK NO GOAL NO. Please back up if blocking. beep5
24972.4 RX!! A-TO-B: A moving toward you slowly. STUCK NO GOAL NO. Please back up if blocking. beep5
24972.5 RX!! A-TO-B: A moving toward you slowly. STUCK NO GOAL NO. Please back up if blocking. beep5
24972.6 RX!! A-TO-B: A moving toward you slowly. STUCK NO GOAL NO. Please back up if blocking. beep5
24972.7 RX!! A-TO-B: A moving toward you slowly. STUCK NO GOAL NO. Please back up if blocking. beep5
24972.8 RX!! A-TO-B: A moving toward you slowly. STUCK NO GOAL NO. Please back up if blocking. beep5
24972.9 RX!! A-TO-B: A moving toward you slowly. STUCK NO GOAL NO. Please back up if blocking. beep5
24973.0 RX!! A-TO-B: A moving toward you slowly. STUCK NO GOAL NO. Please back up if blocking. beep5
24973.2 RX!! A-TO-B: A moving toward you slowly. STUCK NO GOAL NO. Please back up if blocking. beep5
24973.3 RX!! A-TO-B: A moving toward you slowly. STUCK NO GOAL NO. Please back up if blocking. beep5
24973.4 RX!! A-TO-B: A moving toward you slowly. STUCK NO GOAL NO. Please back up if blocking. beep5
24973.5 RX!! A-TO-B: A moving toward you slowly. STUCK NO GOAL NO. Please back up if blocking. beep5
24973.6 RX!! A-TO-B: A moving toward you slowly. STUCK NO GOAL NO. Please back up if blocking. beep5
24973.7 RX!! A-TO-B: A moving toward you slowly. STUCK NO GOAL NO. Please back up if blocking. beep5
24973.8 RX!! A-TO-B: A moving toward you slowly. STUCK NO GOAL NO. Please back up if blocking. beep5
24973.9 RX!! A-TO-B: A moving toward you slowly. STUCK NO GOAL NO. Please back up if blocking. beep5
24974.0 RX!! A-TO-B: A moving toward you slowly. STUCK NO GOAL NO. Please back up if blocking. beep5
24974.1 RX!! A-TO-B: A moving toward you slowly. STUCK NO GOAL NO. Please back up if blocking. beep5
24974.3 RX!! A-TO-B: A moving toward you slowly. STUCK NO GOAL NO. Please back up if blocking. beep5
24974.4 RX!! A-TO-B: A moving toward you slowly. STUCK NO GOAL NO. Please back up if blocking. beep5
24974.5 RX!! A-TO-B: A moving toward you slowly. STUCK NO GOAL NO. Please back up if blocking. beep5
24974.6 RX!! A-TO-B: A moving toward you slowly. STUCK NO GOAL NO. Please back up if blocking. beep5
24974.7 RX!! A-TO-B: A moving toward you slowly. STUCK NO GOAL NO. Please back up if blocking. beep5
24974.8 RX!! A-TO-B: A moving toward you slowly. STUCK NO GOAL NO. Please back up if blocking. beep5
24974.9 RX!! A-TO-B: A moving toward you slowly. STUCK NO GOAL NO. Please back up if blocking. beep5
24975.0 RX!! A-TO-B: A moving toward you slowly. STUCK NO GOAL NO. Please back up if blocking. beep5
24975.1 RX!! A-TO-B: A moving toward you slowly. STUCK NO GOAL NO. Please back up if blocking. beep5
24975.3 RX!! A-TO-B: A moving toward you slowly. STUCK NO GOAL NO. Please back up if blocking. beep5
24975.4 RX!! A-TO-B: A moving toward you slowly. STUCK NO GOAL NO. Please back up if blocking. beep5
24975.5 RX!! A-TO-B: A moving toward you slowly. STUCK NO GOAL NO. Please back up if blocking. beep5
24975.6 RX!! A-TO-B: A moving toward you slowly. STUCK NO GOAL NO. Please back up if blocking. beep5
24975.7 RX!! A-TO-B: A moving toward you slowly. STUCK NO GOAL NO. Please back up if blocking. beep5
24975.8 RX!! A-TO-B: A moving toward you slowly. STUCK NO GOAL NO. Please back up if blocking. beep5
24975.9 RX!! A-TO-B: A moving toward you slowly. STUCK NO GOAL NO. Please back up if blocking. beep5
24976.0 RX!! A-TO-B: A moving toward you slowly. STUCK NO GOAL NO. Please back up if blocking. beep5
24976.1 RX!! A-TO-B: A moving toward you slowly. STUCK NO GOAL NO. Please back up if blocking. beep5
24976.2 RX!! A-TO-B: A moving toward you slowly. STUCK NO GOAL NO. Please back up if blocking. beep5
24976.4 RX!! A-TO-B: A moving toward you slowly. STUCK NO GOAL NO. Please back up if blocking. beep5
24976.5 RX!! A-TO-B: A moving toward you slowly. STUCK NO GOAL NO. Please back up if blocking. beep5
24976.6 RX!! A-TO-B: A moving toward you slowly. STUCK NO GOAL NO. Please back up if blocking. beep5
24976.7 RX!! A-TO-B: A moving toward you slowly. STUCK NO GOAL NO. Please back up if blocking. beep5
24976.8 RX!! A-TO-B: A moving toward you slowly. STUCK NO GOAL NO. Please back up if blocking. beep5
24976.9 RX!! A-TO-B: A moving toward you slowly. STUCK NO GOAL NO. Please back up if blocking. beep5
24977.0 RX!! A-TO-B: A moving toward you slowly. STUCK NO GOAL NO. Please back up if blocking. beep5
24977.1 RX!! A-TO-B: A moving toward you slowly. STUCK NO GOAL NO. Please back up if blocking. beep5
24977.2 RX!! A-TO-B: A moving toward you slowly. STUCK NO GOAL NO. Please back up if blocking. beep5
24977.4 RX!! A-TO-B: A moving toward you slowly. STUCK NO GOAL NO. Please back up if blocking. beep5
24977.5 RX!! A-TO-B: A moving toward you slowly. STUCK NO GOAL NO. Please back up if blocking. beep5
24977.6 RX!! A-TO-B: A moving toward you slowly. STUCK NO GOAL NO. Please back up if blocking. beep5
24977.7 RX!! A-TO-B: A moving toward you slowly. STUCK NO GOAL NO. Please back up if blocking. beep5
24977.8 RX!! A-TO-B: A moving toward you slowly. STUCK NO GOAL NO. Please back up if blocking. beep5
24977.9 RX!! A-TO-B: A moving toward you slowly. STUCK NO GOAL NO. Please back up if blocking. beep5
24978.0 RX!! A-TO-B: A moving toward you slowly. STUCK NO GOAL NO. Please back up if blocking. beep5
24978.1 RX!! A-TO-B: A moving toward you slowly. STUCK NO GOAL NO. Please back up if blocking. beep5
24978.2 RX!! A-TO-B: A moving toward you slowly. STUCK NO GOAL NO. Please back up if blocking. beep5
24978.3 RX!! A-TO-B: A moving toward you slowly. STUCK NO GOAL NO. Please back up if blocking. beep5
24978.5 RX!! A-TO-B: A moving toward you slowly. STUCK NO GOAL NO. Please back up if blocking. beep5
24978.6 RX!! A-TO-B: A moving toward you slowly. STUCK NO GOAL NO. Please back up if blocking. beep5
24978.7 RX!! A-TO-B: A moving toward you slowly. STUCK NO GOAL NO. Please back up if blocking. beep5
24978.8 RX!! A-TO-B: A moving toward you slowly. STUCK NO GOAL NO. Please back up if blocking. beep5
24978.9 RX!! A-TO-B: A moving toward you slowly. STUCK NO GOAL NO. Please back up if blocking. beep5
24979.0 RX!! A-TO-B: A moving toward you slowly. STUCK NO GOAL NO. Please back up if blocking. beep5
24979.1 RX!! A-TO-B: A moving toward you slowly. STUCK NO GOAL NO. Please back up if blocking. beep5
24979.2 RX!! A-TO-B: A moving toward you slowly. STUCK NO GOAL NO. Please back up if blocking. beep5
24979.3 RX!! A-TO-B: A moving toward you slowly. STUCK NO GOAL NO. Please back up if blocking. beep5
24979.5 RX!! A-TO-B: A moving toward you slowly. STUCK NO GOAL NO. Please back up if blocking. beep5
24979.6 RX!! A-TO-B: A moving toward you slowly. STUCK NO GOAL NO. Please back up if blocking. beep5
24979.7 RX!! A-TO-B: A moving toward you slowly. STUCK NO GOAL NO. Please back up if blocking. beep5
24979.8 RX!! A-TO-B: A moving toward you slowly. STUCK NO GOAL NO. Please back up if blocking. beep5
24979.9 RX!! A-TO-B: A moving toward you slowly. STUCK NO GOAL NO. Please back up if blocking. beep5
24980.0 RX!! A-TO-B: A moving toward you slowly. STUCK NO GOAL NO. Please back up if blocking. beep5
24980.1 RX!! A-TO-B: A moving toward you slowly. STUCK NO GOAL NO. Please back up if blocking. beep5
24980.2 RX!! A-TO-B: A moving toward you slowly. STUCK NO GOAL NO. Please back up if blocking. beep5
24980.3 RX!! A-TO-B: A moving toward you slowly. STUCK NO GOAL NO. Please back up if blocking. beep5
24980.4 RX!! A-TO-B: A moving toward you slowly. STUCK NO GOAL NO. Please back up if blocking. beep5
24980.6 RX!! A-TO-B: A moving toward you slowly. STUCK NO GOAL NO. Please back up if blocking. beep5
24980.7 RX!! A-TO-B: A moving toward you slowly. STUCK NO GOAL NO. Please back up if blocking. beep5
24980.8 RX!! A-TO-B: A moving toward you slowly. STUCK NO GOAL NO. Please back up if blocking. beep5
24980.9 RX!! A-TO-B: A moving toward you slowly. STUCK NO GOAL NO. Please back up if blocking. beep5
24981.0 RX!! A-TO-B: A moving toward you slowly. STUCK NO GOAL NO. Please back up if blocking. beep5
24981.1 RX!! A-TO-B: A moving toward you slowly. STUCK NO GOAL NO. Please back up if blocking. beep5
24981.2 RX!! A-TO-B: A moving toward you slowly. STUCK NO GOAL NO. Please back up if blocking. beep5
24981.3 RX!! A-TO-B: A moving toward you slowly. STUCK NO GOAL NO. Please back up if blocking. beep5
24981.4 RX!! A-TO-B: A moving toward you slowly. STUCK NO GOAL NO. Please back up if blocking. beep5
24981.6 RX!! A-TO-B: A moving toward you slowly. STUCK NO GOAL NO. Please back up if blocking. beep5
24981.7 RX!! A-TO-B: A moving toward you slowly. STUCK NO GOAL NO. Please back up if blocking. beep5
24981.8 RX!! A-TO-B: A moving toward you slowly. STUCK NO GOAL NO. Please back up if blocking. beep5
24981.9 RX!! A-TO-B: A moving toward you slowly. STUCK NO GOAL NO. Please back up if blocking. beep5
24982.0 RX!! A-TO-B: A moving toward you slowly. STUCK NO GOAL NO. Please back up if blocking. beep5
24982.1 RX!! A-TO-B: A moving toward you slowly. STUCK NO GOAL NO. Please back up if blocking. beep5
24982.2 RX!! A-TO-B: A moving toward you slowly. STUCK NO GOAL NO. Please back up if blocking. beep5
24982.3 RX!! A-TO-B: A moving toward you slowly. STUCK NO GOAL NO. Please back up if blocking. beep5
24982.4 RX!! A-TO-B: A moving toward you slowly. STUCK NO GOAL NO. Please back up if blocking. beep5
24982.5 RX!! A-TO-B: A moving toward you slowly. STUCK NO GOAL NO. Please back up if blocking. beep5
24982.7 RX!! A-TO-B: A moving toward you slowly. STUCK NO GOAL NO. Please back up if blocking. beep5
24982.8 RX!! A-TO-B: A moving toward you slowly. STUCK NO GOAL NO. Please back up if blocking. beep5
24982.9 RX!! A-TO-B: A moving toward you slowly. STUCK NO GOAL NO. Please back up if blocking. beep5
24983.0 RX!! A-TO-B: A moving toward you slowly. STUCK NO GOAL NO. Please back up if blocking. beep5
24983.1 RX!! A-TO-B: A moving toward you slowly. STUCK NO GOAL NO. Please back up if blocking. beep5
24983.2 RX!! A-TO-B: A moving toward you slowly. STUCK NO GOAL NO. Please back up if blocking. beep5
24983.3 RX!! A-TO-B: A moving toward you slowly. STUCK NO GOAL NO. Please back up if blocking. beep5
24983.4 RX!! A-TO-B: A moving toward you slowly. STUCK NO GOAL NO. Please back up if blocking. beep5
24983.5 RX!! A-TO-B: A moving toward you slowly. STUCK NO GOAL NO. Please back up if blocking. beep6
24983.7 RX!! A-TO-B: A moving toward you slowly. STUCK NO GOAL NO. Please back up if blocking. beep6
24983.8 RX!! A-TO-B: A moving toward you slowly. STUCK NO GOAL NO. Please back up if blocking. beep6
24983.9 RX!! A-TO-B: A moving toward you slowly. STUCK NO GOAL NO. Please back up if blocking. beep6
24984.0 RX!! A-TO-B: A moving toward you slowly. STUCK NO GOAL NO. Please back up if blocking. beep6
24984.1 RX!! A-TO-B: A moving toward you slowly. STUCK NO GOAL NO. Please back up if blocking. beep6
24984.2 RX!! A-TO-B: A moving toward you slowly. STUCK NO GOAL NO. Please back up if blocking. beep6
24984.3 RX!! A-TO-B: A moving toward you slowly. STUCK NO GOAL NO. Please back up if blocking. beep6
24984.4 RX!! A-TO-B: A moving toward you slowly. STUCK NO GOAL NO. Please back up if blocking. beep6
24984.5 RX!! A-TO-B: A moving toward you slowly. STUCK NO GOAL NO. Please back up if blocking. beep6
24984.6 RX!! A-TO-B: A moving toward you slowly. STUCK NO GOAL NO. Please back up if blocking. beep6
24984.8 RX!! A-TO-B: A moving toward you slowly. STUCK NO GOAL NO. Please back up if blocking. beep6
24984.9 RX!! A-TO-B: A moving toward you slowly. STUCK NO GOAL NO. Please back up if blocking. beep6
24985.0 RX!! A-TO-B: A moving toward you slowly. STUCK NO GOAL NO. Please back up if blocking. beep6
24985.1 RX!! A-TO-B: A moving toward you slowly. STUCK NO GOAL NO. Please back up if blocking. beep6
24985.2 RX!! A-TO-B: A moving toward you slowly. STUCK NO GOAL NO. Please back up if blocking. beep6
24985.3 RX!! A-TO-B: A moving toward you slowly. STUCK NO GOAL NO. Please back up if blocking. beep6
24985.4 RX!! A-TO-B: A moving toward you slowly. STUCK NO GOAL NO. Please back up if blocking. beep6
24985.5 RX!! A-TO-B: A moving toward you slowly. STUCK NO GOAL NO. Please back up if blocking. beep6
24985.6 RX!! A-TO-B: A moving toward you slowly. STUCK NO GOAL NO. Please back up if blocking. beep6
24985.8 RX!! A-TO-B: A moving toward you slowly. STUCK NO GOAL NO. Please back up if blocking. beep6
24985.9 RX!! A-TO-B: A moving toward you slowly. STUCK NO GOAL NO. Please back up if blocking. beep6
24986.0 RX!! A-TO-B: A moving toward you slowly. STUCK NO GOAL NO. Please back up if blocking. beep6
24986.1 RX!! A-TO-B: A moving toward you slowly. STUCK NO GOAL NO. Please back up if blocking. beep6
24986.2 RX!! A-TO-B: A moving toward you slowly. STUCK NO GOAL NO. Please back up if blocking. beep6
24986.3 RX!! A-TO-B: A moving toward you slowly. STUCK NO GOAL NO. Please back up if blocking. beep6
24986.4 RX!! A-TO-B: A moving toward you slowly. STUCK NO GOAL NO. Please back up if blocking. beep6
24986.5 RX!! A-TO-B: A moving toward you slowly. STUCK NO GOAL NO. Please back up if blocking. beep6
24986.6 RX!! A-TO-B: A moving toward you slowly. STUCK NO GOAL NO. Please back up if blocking. beep6
24986.7 RX!! A-TO-B: A moving toward you slowly. STUCK NO GOAL NO. Please back up if blocking. beep6
24986.9 RX!! A-TO-B: A moving toward you slowly. STUCK NO GOAL NO. Please back up if blocking. beep6
24987.0 RX!! A-TO-B: A moving toward you slowly. STUCK NO GOAL NO. Please back up if blocking. beep6
24987.1 RX!! A-TO-B: A moving toward you slowly. STUCK NO GOAL NO. Please back up if blocking. beep6
24987.1 POS -0.06,-0.01 h=5 turn front=0.18 cov=1 tx=ok d11=0.909 lidar=0.2,0.2,0.3,0.9,1.5,0.6,0.4,0.3,0.3,0.3,0.5,0.6,0.5,0.6,0.9,1.3
24987.2 RX!! A-TO-B: A moving toward you slowly. STUCK NO GOAL NO. Please back up if blocking. beep6
24987.3 RX!! A-TO-B: A moving toward you slowly. STUCK NO GOAL NO. Please back up if blocking. beep6
24987.4 RX!! A-TO-B: A moving toward you slowly. STUCK NO GOAL NO. Please back up if blocking. beep6
24987.5 RX!! A-TO-B: A moving toward you slowly. STUCK NO GOAL NO. Please back up if blocking. beep6
24987.6 RX!! A-TO-B: A moving toward you slowly. STUCK NO GOAL NO. Please back up if blocking. beep6
24987.7 RX!! A-TO-B: A moving toward you slowly. STUCK NO GOAL NO. Please back up if blocking. beep6
24987.9 RX!! A-TO-B: A moving toward you slowly. STUCK NO GOAL NO. Please back up if blocking. beep6
24988.0 RX!! A-TO-B: A moving toward you slowly. STUCK NO GOAL NO. Please back up if blocking. beep6
24988.1 RX!! A-TO-B: A moving toward you slowly. STUCK NO GOAL NO. Please back up if blocking. beep6
24988.2 RX!! A-TO-B: A moving toward you slowly. STUCK NO GOAL NO. Please back up if blocking. beep6
24988.3 RX!! A-TO-B: A moving toward you slowly. STUCK NO GOAL NO. Please back up if blocking. beep6
24988.4 RX!! A-TO-B: A moving toward you slowly. STUCK NO GOAL NO. Please back up if blocking. beep6
24988.5 RX!! A-TO-B: A moving toward you slowly. STUCK NO GOAL NO. Please back up if blocking. beep6
24988.6 RX!! A-TO-B: A moving toward you slowly. STUCK NO GOAL NO. Please back up if blocking. beep6
24988.7 RX!! A-TO-B: A moving toward you slowly. STUCK NO GOAL NO. Please back up if blocking. beep6
24988.8 RX!! A-TO-B: A moving toward you slowly. STUCK NO GOAL NO. Please back up if blocking. beep6
24989.0 RX!! A-TO-B: A moving toward you slowly. STUCK NO GOAL NO. Please back up if blocking. beep6
24989.1 RX!! A-TO-B: A moving toward you slowly. STUCK NO GOAL NO. Please back up if blocking. beep6
24989.2 RX!! A-TO-B: A moving toward you slowly. STUCK NO GOAL NO. Please back up if blocking. beep6
24989.3 RX!! A-TO-B: A moving toward you slowly. STUCK NO GOAL NO. Please back up if blocking. beep6
24989.4 RX!! A-TO-B: A moving toward you slowly. STUCK NO GOAL NO. Please back up if blocking. beep6
24989.5 RX!! A-TO-B: A moving toward you slowly. STUCK NO GOAL NO. Please back up if blocking. beep6
24989.6 RX!! A-TO-B: A moving toward you slowly. STUCK NO GOAL NO. Please back up if blocking. beep6
24989.7 RX!! A-TO-B: A moving toward you slowly. STUCK NO GOAL NO. Please back up if blocking. beep6
24989.8 RX!! A-TO-B: A moving toward you slowly. STUCK NO GOAL NO. Please back up if blocking. beep6
24990.0 RX!! A-TO-B: A moving toward you slowly. STUCK NO GOAL NO. Please back up if blocking. beep6
24990.1 RX!! A-TO-B: A moving toward you slowly. STUCK NO GOAL NO. Please back up if blocking. beep6
24990.2 RX!! A-TO-B: A moving toward you slowly. STUCK NO GOAL NO. Please back up if blocking. beep6
24990.3 RX!! A-TO-B: A moving toward you slowly. STUCK NO GOAL NO. Please back up if blocking. beep6
24990.4 RX!! A-TO-B: A moving toward you slowly. STUCK NO GOAL NO. Please back up if blocking. beep6
24990.5 RX!! A-TO-B: A moving toward you slowly. STUCK NO GOAL NO. Please back up if blocking. beep6
24990.6 RX!! A-TO-B: A moving toward you slowly. STUCK NO GOAL NO. Please back up if blocking. beep6
24990.7 RX!! A-TO-B: A moving toward you slowly. STUCK NO GOAL NO. Please back up if blocking. beep6
24990.8 RX!! A-TO-B: A moving toward you slowly. STUCK NO GOAL NO. Please back up if blocking. beep6
24990.9 RX!! A-TO-B: A moving toward you slowly. STUCK NO GOAL NO. Please back up if blocking. beep6
24991.1 RX!! A-TO-B: A moving toward you slowly. STUCK NO GOAL NO. Please back up if blocking. beep6
24991.2 RX!! A-TO-B: A moving toward you slowly. STUCK NO GOAL NO. Please back up if blocking. beep6
24991.3 RX!! A-TO-B: A moving toward you slowly. STUCK NO GOAL NO. Please back up if blocking. beep6
24991.4 RX!! A-TO-B: A moving toward you slowly. STUCK NO GOAL NO. Please back up if blocking. beep6
24991.5 RX!! A-TO-B: A moving toward you slowly. STUCK NO GOAL NO. Please back up if blocking. beep6
24991.6 RX!! A-TO-B: A moving toward you slowly. STUCK NO GOAL NO. Please back up if blocking. beep6
24991.7 RX!! A-TO-B: A moving toward you slowly. STUCK NO GOAL NO. Please back up if blocking. beep6
24991.8 RX!! A-TO-B: A moving toward you slowly. STUCK NO GOAL NO. Please back up if blocking. beep6
24991.9 RX!! A-TO-B: A moving toward you slowly. STUCK NO GOAL NO. Please back up if blocking. beep6
24992.0 RX!! A-TO-B: A moving toward you slowly. STUCK NO GOAL NO. Please back up if blocking. beep6
24992.2 RX!! A-TO-B: A moving toward you slowly. STUCK NO GOAL NO. Please back up if blocking. beep6
24992.3 RX!! A-TO-B: A moving toward you slowly. STUCK NO GOAL NO. Please back up if blocking. beep6
24992.4 RX!! A-TO-B: A moving toward you slowly. STUCK NO GOAL NO. Please back up if blocking. beep6
24992.5 RX!! A-TO-B: A moving toward you slowly. STUCK NO GOAL NO. Please back up if blocking. beep6
24992.6 RX!! A-TO-B: A moving toward you slowly. STUCK NO GOAL NO. Please back up if blocking. beep6
24992.7 RX!! A-TO-B: A moving toward you slowly. STUCK NO GOAL NO. Please back up if blocking. beep6
24992.8 RX!! A-TO-B: A moving toward you slowly. STUCK NO GOAL NO. Please back up if blocking. beep6
24992.9 RX!! A-TO-B: A moving toward you slowly. STUCK NO GOAL NO. Please back up if blocking. beep6
24993.0 RX!! A-TO-B: A moving toward you slowly. STUCK NO GOAL NO. Please back up if blocking. beep6
24993.2 RX!! A-TO-B: A moving toward you slowly. STUCK NO GOAL NO. Please back up if blocking. beep6
24993.3 RX!! A-TO-B: A moving toward you slowly. STUCK NO GOAL NO. Please back up if blocking. beep6
24993.4 RX!! A-TO-B: A moving toward you slowly. STUCK NO GOAL NO. Please back up if blocking. beep6
24993.5 RX!! A-TO-B: A moving toward you slowly. STUCK NO GOAL NO. Please back up if blocking. beep6
24993.6 RX!! A-TO-B: A moving toward you slowly. STUCK NO GOAL NO. Please back up if blocking. beep6
24993.7 RX!! A-TO-B: A moving toward you slowly. STUCK NO GOAL NO. Please back up if blocking. beep6
24993.8 RX!! A-TO-B: A moving toward you slowly. STUCK NO GOAL NO. Please back up if blocking. beep6
24993.9 RX!! A-TO-B: A moving toward you slowly. STUCK NO GOAL NO. Please back up if blocking. beep6
24994.0 RX!! A-TO-B: A moving toward you slowly. STUCK NO GOAL NO. Please back up if blocking. beep6
24994.1 RX!! A-TO-B: A moving toward you slowly. STUCK NO GOAL NO. Please back up if blocking. beep6
24994.3 RX!! A-TO-B: A moving toward you slowly. STUCK NO GOAL NO. Please back up if blocking. beep6
24994.4 RX!! A-TO-B: A moving toward you slowly. STUCK NO GOAL NO. Please back up if blocking. beep6
24994.5 RX!! A-TO-B: A moving toward you slowly. STUCK NO GOAL NO. Please back up if blocking. beep6
24994.6 RX!! A-TO-B: A moving toward you slowly. STUCK NO GOAL NO. Please back up if blocking. beep6
24994.7 RX!! A-TO-B: A moving toward you slowly. STUCK NO GOAL NO. Please back up if blocking. beep6
24994.8 RX!! A-TO-B: A moving toward you slowly. STUCK NO GOAL NO. Please back up if blocking. beep6
24994.9 RX!! A-TO-B: A moving toward you slowly. STUCK NO GOAL NO. Please back up if blocking. beep6
24995.0 RX!! A-TO-B: A moving toward you slowly. STUCK NO GOAL NO. Please back up if blocking. beep6
24995.1 RX!! A-TO-B: A moving toward you slowly. STUCK NO GOAL NO. Please back up if blocking. beep6
24995.3 RX!! A-TO-B: A moving toward you slowly. STUCK NO GOAL NO. Please back up if blocking. beep6
24995.4 RX!! A-TO-B: A moving toward you slowly. STUCK NO GOAL NO. Please back up if blocking. beep6
24995.5 RX!! A-TO-B: A moving toward you slowly. STUCK NO GOAL NO. Please back up if blocking. beep7
24995.6 RX!! A-TO-B: A moving toward you slowly. STUCK NO GOAL NO. Please back up if blocking. beep7
24995.7 RX!! A-TO-B: A moving toward you slowly. STUCK NO GOAL NO. Please back up if blocking. beep7
24995.8 RX!! A-TO-B: A moving toward you slowly. STUCK NO GOAL NO. Please back up if blocking. beep7
24995.9 RX!! A-TO-B: A moving toward you slowly. STUCK NO GOAL NO. Please back up if blocking. beep7
24996.0 RX!! A-TO-B: A moving toward you slowly. STUCK NO GOAL NO. Please back up if blocking. beep7
24996.1 RX!! A-TO-B: A moving toward you slowly. STUCK NO GOAL NO. Please back up if blocking. beep7
24996.2 RX!! A-TO-B: A moving toward you slowly. STUCK NO GOAL NO. Please back up if blocking. beep7
24996.4 RX!! A-TO-B: A moving toward you slowly. STUCK NO GOAL NO. Please back up if blocking. beep7
24996.5 RX!! A-TO-B: A moving toward you slowly. STUCK NO GOAL NO. Please back up if blocking. beep7
24996.6 RX!! A-TO-B: A moving toward you slowly. STUCK NO GOAL NO. Please back up if blocking. beep7
24996.7 RX!! A-TO-B: A moving toward you slowly. STUCK NO GOAL NO. Please back up if blocking. beep7
24996.8 RX!! A-TO-B: A moving toward you slowly. STUCK NO GOAL NO. Please back up if blocking. beep7
24996.9 RX!! A-TO-B: A moving toward you slowly. STUCK NO GOAL NO. Please back up if blocking. beep7
24997.0 RX!! A-TO-B: A moving toward you slowly. STUCK NO GOAL NO. Please back up if blocking. beep7
24997.1 RX!! A-TO-B: A moving toward you slowly. STUCK NO GOAL NO. Please back up if blocking. beep7
24997.2 RX!! A-TO-B: A moving toward you slowly. STUCK NO GOAL NO. Please back up if blocking. beep7
24997.4 RX!! A-TO-B: A moving toward you slowly. STUCK NO GOAL NO. Please back up if blocking. beep7
24997.5 RX!! A-TO-B: A moving toward you slowly. STUCK NO GOAL NO. Please back up if blocking. beep7
24997.6 RX!! A-TO-B: A moving toward you slowly. STUCK NO GOAL NO. Please back up if blocking. beep7
24997.7 RX!! A-TO-B: A moving toward you slowly. STUCK NO GOAL NO. Please back up if blocking. beep7
24997.8 RX!! A-TO-B: A moving toward you slowly. STUCK NO GOAL NO. Please back up if blocking. beep7
24997.9 RX!! A-TO-B: A moving toward you slowly. STUCK NO GOAL NO. Please back up if blocking. beep7
24998.0 RX!! A-TO-B: A moving toward you slowly. STUCK NO GOAL NO. Please back up if blocking. beep7
24998.1 RX!! A-TO-B: A moving toward you slowly. STUCK NO GOAL NO. Please back up if blocking. beep7
24998.2 RX!! A-TO-B: A moving toward you slowly. STUCK NO GOAL NO. Please back up if blocking. beep7
24998.3 RX!! A-TO-B: A moving toward you slowly. STUCK NO GOAL NO. Please back up if blocking. beep7
24998.5 RX!! A-TO-B: A moving toward you slowly. STUCK NO GOAL NO. Please back up if blocking. beep7
24998.6 RX!! A-TO-B: A moving toward you slowly. STUCK NO GOAL NO. Please back up if blocking. beep7
24998.7 RX!! A-TO-B: A moving toward you slowly. STUCK NO GOAL NO. Please back up if blocking. beep7
24998.8 RX!! A-TO-B: A moving toward you slowly. STUCK NO GOAL NO. Please back up if blocking. beep7
24998.9 RX!! A-TO-B: A moving toward you slowly. STUCK NO GOAL NO. Please back up if blocking. beep7
24999.0 RX!! A-TO-B: A moving toward you slowly. STUCK NO GOAL NO. Please back up if blocking. beep7
24999.1 RX!! A-TO-B: A moving toward you slowly. STUCK NO GOAL NO. Please back up if blocking. beep7
24999.2 RX!! A-TO-B: A moving toward you slowly. STUCK NO GOAL NO. Please back up if blocking. beep7
24999.3 RX!! A-TO-B: A moving toward you slowly. STUCK NO GOAL NO. Please back up if blocking. beep7
24999.5 RX!! A-TO-B: A moving toward you slowly. STUCK NO GOAL NO. Please back up if blocking. beep7
24999.6 RX!! A-TO-B: A moving toward you slowly. STUCK NO GOAL NO. Please back up if blocking. beep7
24999.7 RX!! A-TO-B: A moving toward you slowly. STUCK NO GOAL NO. Please back up if blocking. beep7
24999.8 RX!! A-TO-B: A moving toward you slowly. STUCK NO GOAL NO. Please back up if blocking. beep7
24999.9 RX!! A-TO-B: A moving toward you slowly. STUCK NO GOAL NO. Please back up if blocking. beep7
25000.0 RX!! A-TO-B: A moving toward you slowly. STUCK NO GOAL NO. Please back up if blocking. beep7
25000.1 RX!! A-TO-B: A moving toward you slowly. STUCK NO GOAL NO. Please back up if blocking. beep7
25000.2 RX!! A-TO-B: A moving toward you slowly. STUCK NO GOAL NO. Please back up if blocking. beep7
25000.3 RX!! A-TO-B: A moving toward you slowly. STUCK NO GOAL NO. Please back up if blocking. beep7
25000.4 RX!! A-TO-B: A moving toward you slowly. STUCK NO GOAL NO. Please back up if blocking. beep7
25000.6 RX!! A-TO-B: A moving toward you slowly. STUCK NO GOAL NO. Please back up if blocking. beep7
25000.7 RX!! A-TO-B: A moving toward you slowly. STUCK NO GOAL NO. Please back up if blocking. beep7
25000.8 RX!! A-TO-B: A moving toward you slowly. STUCK NO GOAL NO. Please back up if blocking. beep7
25000.9 RX!! A-TO-B: A moving toward you slowly. STUCK NO GOAL NO. Please back up if blocking. beep7
25001.0 RX!! A-TO-B: A moving toward you slowly. STUCK NO GOAL NO. Please back up if blocking. beep7
25001.1 RX!! A-TO-B: A moving toward you slowly. STUCK NO GOAL NO. Please back up if blocking. beep7
25001.2 RX!! A-TO-B: A moving toward you slowly. STUCK NO GOAL NO. Please back up if blocking. beep7
25001.3 RX!! A-TO-B: A moving toward you slowly. STUCK NO GOAL NO. Please back up if blocking. beep7
25001.4 RX!! A-TO-B: A moving toward you slowly. STUCK NO GOAL NO. Please back up if blocking. beep7
25001.6 RX!! A-TO-B: A moving toward you slowly. STUCK NO GOAL NO. Please back up if blocking. beep7
25001.7 RX!! A-TO-B: A moving toward you slowly. STUCK NO GOAL NO. Please back up if blocking. beep7
25001.8 RX!! A-TO-B: A moving toward you slowly. STUCK NO GOAL NO. Please back up if blocking. beep7
25001.9 RX!! A-TO-B: A moving toward you slowly. STUCK NO GOAL NO. Please back up if blocking. beep7
25002.0 RX!! A-TO-B: A moving toward you slowly. STUCK NO GOAL NO. Please back up if blocking. beep7
25002.1 RX!! A-TO-B: A moving toward you slowly. STUCK NO GOAL NO. Please back up if blocking. beep7
25002.2 RX!! A-TO-B: A moving toward you slowly. STUCK NO GOAL NO. Please back up if blocking. beep7
25002.3 RX!! A-TO-B: A moving toward you slowly. STUCK NO GOAL NO. Please back up if blocking. beep7
25002.4 RX!! A-TO-B: A moving toward you slowly. STUCK NO GOAL NO. Please back up if blocking. beep7
25002.5 RX!! A-TO-B: A moving toward you slowly. STUCK NO GOAL NO. Please back up if blocking. beep7
25002.7 RX!! A-TO-B: A moving toward you slowly. STUCK NO GOAL NO. Please back up if blocking. beep7
25002.8 RX!! A-TO-B: A moving toward you slowly. STUCK NO GOAL NO. Please back up if blocking. beep7
25002.9 RX!! A-TO-B: A moving toward you slowly. STUCK NO GOAL NO. Please back up if blocking. beep7
25003.0 RX!! A-TO-B: A moving toward you slowly. STUCK NO GOAL NO. Please back up if blocking. beep7
25003.1 RX!! A-TO-B: A moving toward you slowly. STUCK NO GOAL NO. Please back up if blocking. beep7
25003.2 RX!! A-TO-B: A moving toward you slowly. STUCK NO GOAL NO. Please back up if blocking. beep7
25003.3 RX!! A-TO-B: A moving toward you slowly. STUCK NO GOAL NO. Please back up if blocking. beep7
25003.4 RX!! A-TO-B: A moving toward you slowly. STUCK NO GOAL NO. Please back up if blocking. beep7
25003.5 RX!! A-TO-B: A moving toward you slowly. STUCK NO GOAL NO. Please back up if blocking. beep7
25003.7 RX!! A-TO-B: A moving toward you slowly. STUCK NO GOAL NO. Please back up if blocking. beep7
25003.8 RX!! A-TO-B: A moving toward you slowly. STUCK NO GOAL NO. Please back up if blocking. beep7
25003.9 RX!! A-TO-B: A moving toward you slowly. STUCK NO GOAL NO. Please back up if blocking. beep7
25004.0 RX!! A-TO-B: A moving toward you slowly. STUCK NO GOAL NO. Please back up if blocking. beep7
25004.1 RX!! A-TO-B: A moving toward you slowly. STUCK NO GOAL NO. Please back up if blocking. beep7
25004.2 RX!! A-TO-B: A moving toward you slowly. STUCK NO GOAL NO. Please back up if blocking. beep7
25004.3 RX!! A-TO-B: A moving toward you slowly. STUCK NO GOAL NO. Please back up if blocking. beep7
25004.4 RX!! A-TO-B: A moving toward you slowly. STUCK NO GOAL NO. Please back up if blocking. beep7
25004.5 RX!! A-TO-B: A moving toward you slowly. STUCK NO GOAL NO. Please back up if blocking. beep7
25004.6 RX!! A-TO-B: A moving toward you slowly. STUCK NO GOAL NO. Please back up if blocking. beep7
25004.8 RX!! A-TO-B: A moving toward you slowly. STUCK NO GOAL NO. Please back up if blocking. beep7
25004.9 RX!! A-TO-B: A moving toward you slowly. STUCK NO GOAL NO. Please back up if blocking. beep7
25005.0 RX!! A-TO-B: A moving toward you slowly. STUCK NO GOAL NO. Please back up if blocking. beep7
25005.1 RX!! A-TO-B: A moving toward you slowly. STUCK NO GOAL NO. Please back up if blocking. beep7
25005.2 RX!! A-TO-B: A moving toward you slowly. STUCK NO GOAL NO. Please back up if blocking. beep7
25005.3 RX!! A-TO-B: A moving toward you slowly. STUCK NO GOAL NO. Please back up if blocking. beep7
25005.4 RX!! A-TO-B: A moving toward you slowly. STUCK NO GOAL NO. Please back up if blocking. beep7
25005.5 RX!! A-TO-B: A moving toward you slowly. STUCK NO GOAL NO. Please back up if blocking. beep7
25005.6 RX!! A-TO-B: A moving toward you slowly. STUCK NO GOAL NO. Please back up if blocking. beep7
25005.8 RX!! A-TO-B: A moving toward you slowly. STUCK NO GOAL NO. Please back up if blocking. beep7
25005.9 RX!! A-TO-B: A moving toward you slowly. STUCK NO GOAL NO. Please back up if blocking. beep7
25006.0 RX!! A-TO-B: A moving toward you slowly. STUCK NO GOAL NO. Please back up if blocking. beep7
25006.1 RX!! A-TO-B: A moving toward you slowly. STUCK NO GOAL NO. Please back up if blocking. beep7
25006.2 RX!! A-TO-B: A moving toward you slowly. STUCK NO GOAL NO. Please back up if blocking. beep7
25006.3 RX!! A-TO-B: A moving toward you slowly. STUCK NO GOAL NO. Please back up if blocking. beep7
25006.4 RX!! A-TO-B: A moving toward you slowly. STUCK NO GOAL NO. Please back up if blocking. beep7
25006.5 RX!! A-TO-B: A moving toward you slowly. STUCK NO GOAL NO. Please back up if blocking. beep7
25006.6 RX!! A-TO-B: A moving toward you slowly. STUCK NO GOAL NO. Please back up if blocking. beep7
25006.7 RX!! A-TO-B: A moving toward you slowly. STUCK NO GOAL NO. Please back up if blocking. beep7
25006.9 RX!! A-TO-B: A moving toward you slowly. STUCK NO GOAL NO. Please back up if blocking. beep7
25007.0 RX!! A-TO-B: A moving toward you slowly. STUCK NO GOAL NO. Please back up if blocking. beep7
