26010.6 EXPLORE6 start h=0.0 d11=0.000
26010.7 d11 CHANGED 0.669 -> 0.537
26010.7 POS 0.00,0.00 h=0 turn front=0.24 cov=1 tx=lost d11=0.537 lidar=0.3,0.2,0.2,0.2,0.3,0.4,0.6,0.5,1.2,0.9,0.3,0.2,0.4,0.9,1.0,0.9
26012.6 d11 CHANGED 0.537 -> 0.516
26013.0 d11 CHANGED 0.516 -> 0.539
26013.5 d11 CHANGED 0.539 -> 0.511
26013.8 WEDGED (turn_since=29)
26013.8 ESCAPE rear=[0.98, 0.54, 0.24, 0.42] l=[0.21, 0.21, 0.3, 0.4, 0.57, 0.5, 1.21, 0.98, 0.54, 0.24, 0.42, 0.48, 0.99, 0.99, 0.36, 0.28]
26016.3 d11 CHANGED 0.511 -> 0.542
26019.5 WEDGED (turn_since=29)
26019.5 ESCAPE rear=[0.86, 0.19, 0.18, 0.21] l=[0.28, 0.31, 0.4, 0.5, 0.59, 0.56, 1.16, 0.86, 0.19, 0.18, 0.21, 0.37, 1.01, 1.01, 0.42, 0.35]
26022.4 d11 CHANGED 0.542 -> 0.562
26023.0 d11 CHANGED 0.562 -> 0.529
26023.2 d11 CHANGED 0.529 -> 0.561
26023.3 d11 CHANGED 0.561 -> 0.539
26024.2 d11 CHANGED 0.539 -> 0.519
26026.8 d11 CHANGED 0.519 -> 0.539
26027.0 d11 CHANGED 0.539 -> 0.509
26028.0 WEDGED (turn_since=29)
26028.0 ESCAPE rear=[0.95, 0.81, 0.76, 0.23] l=[0.28, 0.31, 0.33, 0.38, 0.45, 0.36, 0.48, 0.95, 0.81, 0.76, 0.23, 0.28, 1.16, 1.11, 0.52, 0.34]
26030.6 d11 CHANGED 0.509 -> 0.534
26031.7 d11 CHANGED 0.534 -> 0.512
26035.0 WEDGED (turn_since=29)
26035.0 ESCAPE rear=[0.92, 0.77, 0.68, 0.78] l=[0.32, 0.33, 0.34, 0.4, 0.41, 0.32, 0.41, 0.92, 0.77, 0.68, 0.78, 0.26, 0.52, 1.17, 0.73, 0.41]
26041.5 WEDGED (turn_since=29)
26041.5 ESCAPE rear=[0.24, 0.56, 1.21, 0.61] l=[0.3, 0.32, 0.94, 0.83, 0.71, 0.69, 0.84, 0.24, 0.56, 1.21, 0.61, 0.41, 0.38, 0.35, 0.37, 0.37]
26044.1 d11 CHANGED 0.512 -> 0.532
26044.6 d11 CHANGED 0.532 -> 0.507
26045.4 d11 CHANGED 0.507 -> 0.538
26045.5 d11 CHANGED 0.538 -> 0.515
26049.1 WEDGED (turn_since=29)
26049.1 ESCAPE rear=[0.87, 0.76, 0.72, 0.86] l=[0.34, 0.36, 0.36, 0.43, 0.4, 0.38, 1.0, 0.87, 0.76, 0.72, 0.86, 0.27, 1.19, 1.17, 0.54, 0.37]
26052.0 d11 CHANGED 0.515 -> 0.538
26052.3 d11 CHANGED 0.538 -> 0.509
26054.3 d11 CHANGED 0.509 -> 0.536
26054.5 d11 CHANGED 0.536 -> 0.493
26054.6 d11 CHANGED 0.493 -> 0.518
26055.7 WEDGED (turn_since=29)
26055.7 ESCAPE rear=[0.94, 0.32, 1.22, 0.76] l=[0.36, 0.32, 0.65, 0.84, 0.68, 0.64, 0.73, 0.94, 0.32, 1.22, 0.76, 0.44, 0.38, 0.38, 0.36, 0.4]
26058.3 POS -0.09,0.27 h=283 turn front=0.32 cov=2 tx=lost d11=0.534 lidar=0.4,0.3,0.6,0.8,0.7,0.6,0.7,0.9,0.3,1.2,0.8,0.4,0.4,0.4,0.4,0.4
26059.2 d11 CHANGED 0.518 -> 0.541
26059.5 d11 CHANGED 0.541 -> 0.507
26059.6 d11 CHANGED 0.507 -> 0.527
26059.7 d11 CHANGED 0.527 -> 0.502
26060.3 d11 CHANGED 0.502 -> 0.523
26060.6 d11 CHANGED 0.523 -> 0.501
26061.4 d11 CHANGED 0.501 -> 0.524
26061.5 d11 CHANGED 0.524 -> 0.504
26062.8 WEDGED (turn_since=29)
26062.8 ESCAPE rear=[0.91, 0.74, 0.69, 0.77] l=[0.33, 0.35, 0.37, 0.44, 0.43, 0.33, 0.4, 0.91, 0.74, 0.69, 0.77, 0.25, 0.51, 1.18, 0.72, 0.41]
26065.4 d11 CHANGED 0.504 -> 0.524
26066.2 d11 CHANGED 0.524 -> 0.494
26066.5 d11 CHANGED 0.494 -> 0.523
26067.3 d11 CHANGED 0.523 -> 0.500
26069.7 WEDGED (turn_since=29)
26069.7 ESCAPE rear=[0.98, 0.44, 1.25, 0.66] l=[0.32, 0.3, 0.63, 0.84, 0.7, 0.65, 0.76, 0.98, 0.44, 1.25, 0.66, 0.44, -0.3, 0.38, 0.36, 0.37]
26072.3 d11 CHANGED 0.500 -> 0.528
26073.4 d11 CHANGED 0.528 -> 0.501
26074.0 d11 CHANGED 0.501 -> 0.528
26074.2 d11 CHANGED 0.528 -> 0.508
26076.7 d11 CHANGED 0.508 -> 0.530
26076.8 d11 CHANGED 0.530 -> 0.499
26077.2 d11 CHANGED 0.499 -> 0.526
26077.4 d11 CHANGED 0.526 -> 0.505
26077.5 WEDGED (turn_since=29)
26077.5 ESCAPE rear=[0.89, 0.74, 0.72, 0.84] l=[0.34, 0.35, -0.33, 0.44, 0.42, 0.32, 0.69, 0.89, 0.74, 0.72, 0.84, 0.27, 0.55, 1.18, 0.58, 0.39]
26080.1 d11 CHANGED 0.505 -> 0.530
26081.0 d11 CHANGED 0.530 -> 0.510
26081.4 d11 CHANGED 0.510 -> 0.531
26081.6 d11 CHANGED 0.531 -> 0.505
26081.9 d11 CHANGED 0.505 -> 0.525
26082.5 d11 CHANGED 0.525 -> 0.503
26083.1 d11 CHANGED 0.503 -> 0.532
26083.5 d11 CHANGED 0.532 -> 0.512
26083.7 WEDGED (turn_since=29)
26083.7 ESCAPE rear=[0.24, 1.21, 1.13, 0.59] l=[0.3, 0.36, 0.86, 0.72, 0.62, 0.67, 0.85, 0.24, 1.21, 1.13, 0.59, 0.4, 0.42, 0.39, 0.48, 0.42]
26086.2 d11 CHANGED 0.512 -> 0.536
26087.8 d11 CHANGED 0.536 -> 0.516
26089.7 d11 CHANGED 0.516 -> 0.496
26090.3 d11 CHANGED 0.496 -> 0.520
26091.7 d11 CHANGED 0.520 -> 0.496
26092.0 WEDGED (turn_since=29)
26092.0 ESCAPE rear=[0.87, 0.76, 0.72, 0.87] l=[0.33, 0.34, 0.35, 0.4, 0.37, 0.34, 0.98, 0.87, 0.76, 0.72, 0.87, 0.28, 1.23, 1.2, 0.55, 0.36]
26094.6 d11 CHANGED 0.496 -> 0.524
26095.3 d11 CHANGED 0.524 -> 0.497
26095.9 d11 CHANGED 0.497 -> 0.521
26096.1 d11 CHANGED 0.521 -> 0.501
