34044.9 FETCH start pos=-3.6,1.6
34044.9 BACK AT GOAL
34048.9 hub pos=-3.6,1.6 ok=False rx=0 d11=0.569
34055.0 BACK AT GOAL
34059.0 hub pos=-3.6,1.6 ok=False rx=0 d11=0.617
34062.5 RX GOAL NO STUCK NO
34062.6 RX GOAL NO STUCK NO
34062.7 RX GOAL NO STUCK NO
34062.8 RX GOAL NO STUCK NO
34062.9 RX GOAL NO STUCK NO
34063.0 RX GOAL NO STUCK NO
34063.1 RX GOAL NO STUCK NO
34063.2 RX GOAL NO STUCK NO
34063.3 RX GOAL NO STUCK NO
34063.4 RX GOAL NO STUCK NO
34063.5 RX GOAL NO STUCK NO
34063.6 RX GOAL NO STUCK NO
34063.7 RX GOAL NO STUCK NO
34063.8 RX GOAL NO STUCK NO
34063.9 RX GOAL NO STUCK NO
34064.0 RX GOAL NO STUCK NO
34064.1 RX GOAL NO STUCK NO
34064.2 RX GOAL NO STUCK NO
34064.3 RX GOAL NO STUCK NO
34064.4 RX GOAL NO STUCK NO
34064.5 RX GOAL NO STUCK NO
34064.6 RX GOAL NO STUCK NO
34064.8 RX GOAL NO STUCK NO
34064.9 RX GOAL NO STUCK NO
34065.0 RX GOAL NO STUCK NO
34065.1 RX GOAL NO STUCK NO
34065.2 RX GOAL NO STUCK NO
34065.3 RX GOAL NO STUCK NO
34065.4 RX GOAL NO STUCK NO
34065.5 RX GOAL NO STUCK NO
34065.6 RX GOAL NO STUCK NO
34065.7 RX GOAL NO STUCK NO
34065.8 RX GOAL NO STUCK NO
34065.9 RX GOAL NO STUCK NO
34066.0 RX GOAL NO STUCK NO
34066.1 RX GOAL NO STUCK NO
34066.6 hub pos=-3.7,1.4 ok=True rx=36 d11=0.677
34066.6 *** A RADIO IN RANGE - MEET MODE ***
34066.6 MEET MODE: hold+burst, then d11 gradient
34066.6 RX GOAL NO STUCK NO
34066.7 RX GOAL NO STUCK NO
34066.8 RX GOAL NO STUCK NO
34066.9 RX GOAL NO STUCK NO
34067.0 RX GOAL NO STUCK NO
34067.1 RX GOAL NO STUCK NO
34067.2 RX GOAL NO STUCK NO
34067.3 RX GOAL NO STUCK NO
34067.4 RX GOAL NO STUCK NO
34067.5 RX GOAL NO STUCK NO
34067.6 RX GOAL NO STUCK NO
34067.7 RX GOAL NO STUCK NO
34067.8 RX GOAL NO STUCK NO
34067.9 RX GOAL NO STUCK NO
34068.0 RX GOAL NO STUCK NO
34068.1 RX GOAL NO STUCK NO
34068.2 RX GOAL NO STUCK NO
34068.3 RX GOAL NO STUCK NO
34068.4 RX GOAL NO STUCK NO
34068.5 RX GOAL NO STUCK NO
34068.6 RX GOAL NO STUCK NO
34068.7 RX GOAL NO STUCK NO
34068.8 RX GOAL NO STUCK NO
34068.9 RX GOAL NO STUCK NO
34069.0 RX GOAL NO STUCK NO
34069.1 RX GOAL NO STUCK NO
34069.2 RX GOAL NO STUCK NO
34069.3 RX GOAL NO STUCK NO
34069.4 RX GOAL NO STUCK NO
34069.5 RX GOAL NO STUCK NO
34069.6 RX GOAL NO STUCK NO
34069.7 RX GOAL NO STUCK NO
34069.8 RX GOAL NO STUCK NO
34069.9 RX GOAL NO STUCK NO
34070.0 RX GOAL NO STUCK NO
34070.1 RX GOAL NO STUCK NO
34070.2 RX GOAL NO STUCK NO
34070.3 RX GOAL NO STUCK NO
34070.4 RX GOAL NO STUCK NO
34070.5 RX GOAL NO STUCK NO
34070.6 RX GOAL NO STUCK NO
34070.7 RX GOAL NO STUCK NO
34070.8 RX GOAL NO STUCK NO
34070.9 RX GOAL NO STUCK NO
34071.0 RX GOAL NO STUCK NO
34071.1 RX GOAL NO STUCK NO
34071.2 RX GOAL NO STUCK NO
34071.3 RX GOAL NO STUCK NO
34071.4 RX GOAL NO STUCK NO
34071.5 RX GOAL NO STUCK NO
34071.6 RX GOAL NO STUCK NO
34071.7 RX GOAL NO STUCK NO
34071.8 RX GOAL NO STUCK NO
34071.9 RX GOAL NO STUCK NO
34072.0 RX GOAL NO STUCK NO
34072.1 RX GOAL NO STUCK NO
34072.2 RX GOAL NO STUCK NO
34072.3 RX GOAL NO STUCK NO
34072.4 RX GOAL NO STUCK NO
34072.5 RX GOAL NO STUCK NO
34072.6 RX GOAL NO STUCK NO
34072.7 RX GOAL NO STUCK NO
34072.8 RX GOAL NO STUCK NO
34072.9 RX GOAL NO STUCK NO
34073.4 meet d11=0.671
34075.2 meet probe +0 d11=0.694
34080.6 meet probe +90 d11=0.718
34086.5 meet probe -90 d11=0.714
34094.5 meet probe +180 d11=0.685
34102.4 meet commit d11=0.696
34105.1 meet probe +0 d11=0.708
34117.0 meet probe +180 d11=0.704
34122.5 meet commit d11=0.714
34133.3 meet probe +180 d11=0.696
34138.9 meet probe +0 d11=0.694
34145.3 meet probe -90 d11=0.708
34150.8 meet probe +180 d11=0.701
34156.6 meet commit d11=0.702
34159.1 meet probe +90 d11=0.708
34165.7 meet probe -90 d11=0.673
34173.4 meet probe +180 d11=0.641
34181.4 meet commit d11=0.678
34182.5 FETCH start pos=-3.6,1.6
34182.9 RX READY
34183.0 RX READY
34183.1 RX READY
34183.2 RX READY
34183.3 RX READY
34183.4 RX READY
34183.5 RX READY
34183.6 RX READY
34183.7 RX READY
34183.8 RX READY
34183.9 RX READY
34184.0 RX READY
34184.1 RX READY
34184.2 RX READY
34184.3 RX POS UNKNOWN
34184.4 RX POS UNKNOWN
34184.5 RX POS UNKNOWN
34184.6 RX POS UNKNOWN
34184.7 RX POS UNKNOWN
34184.8 RX POS UNKNOWN
34184.9 RX POS UNKNOWN
34185.0 RX POS UNKNOWN
34185.1 RX POS UNKNOWN
34185.2 RX POS UNKNOWN
34185.3 RX POS UNKNOWN
34185.4 RX POS UNKNOWN
34185.5 RX POS UNKNOWN
34185.6 RX POS UNKNOWN
34185.7 RX GOAL NO STUCK NO
34185.8 RX GOAL NO STUCK NO
34185.9 RX GOAL NO STUCK NO
34186.0 RX GOAL NO STUCK NO
34186.5 hub pos=-3.6,1.6 ok=True rx=32 d11=0.763
34186.5 *** A RADIO IN RANGE - MEET MODE ***
34186.5 FARFIELD: move away from goal, then peak-hunt A
34190.5 farfield pushed, d11peak=0.780
34194.5 RX READY
34194.6 RX READY
34194.7 RX READY
34194.8 RX READY
34194.9 RX READY
34195.0 RX READY
34195.1 RX READY
34195.2 RX READY
34195.3 RX READY
34195.4 RX READY
34195.5 RX POS UNKNOWN
34195.6 RX POS UNKNOWN
34195.7 RX POS UNKNOWN
34195.8 RX POS UNKNOWN
34195.9 RX POS UNKNOWN
34196.0 RX POS UNKNOWN
34196.1 RX POS UNKNOWN
34196.2 RX POS UNKNOWN
34196.3 RX POS UNKNOWN
34196.4 RX POS UNKNOWN
34196.5 RX POS UNKNOWN
34196.6 RX POS UNKNOWN
34196.7 RX POS UNKNOWN
34196.8 RX POS UNKNOWN
34196.9 RX GOAL NO STUCK NO
34197.0 RX GOAL NO STUCK NO
34197.1 RX GOAL NO STUCK NO
34197.2 RX GOAL NO STUCK NO
34197.3 RX GOAL NO STUCK NO
34197.4 RX GOAL NO STUCK NO
34197.5 RX GOAL NO STUCK NO
34197.6 RX GOAL NO STUCK NO
34197.7 RX GOAL NO STUCK NO
34197.8 RX GOAL NO STUCK NO
34197.9 RX GOAL NO STUCK NO
34198.1 RX GOAL NO STUCK NO
34202.6 farfield hub pos=-3.6,1.6 ok=True rx=36 peak=0.801
34202.6 *** A RADIO - CLOSE HUNT ***
34202.6 CLOSE HUNT: d11 gradient with burst peaks
34218.8 close probe +180 peak=0.762
34239.1 close probe +180 peak=0.743
34253.3 close probe +90 peak=0.725
34261.4 close probe -90 peak=0.733
34270.5 close probe +180 peak=0.721
34281.0 close probe +0 peak=0.720
34285.4 close probe +90 peak=0.708
34292.1 close probe -90 peak=0.712
34299.9 close probe +180 peak=0.712
34307.7 close commit peak=0.733
34313.9 close probe +90 peak=0.717
34321.3 close probe -90 peak=0.727
34329.9 close probe +180 peak=0.709
34341.4 close probe +0 peak=0.723
34347.6 close probe +90 peak=0.726
