34528.8 LH2 start tx= d11=0.000 here=False
34727.9 LH2g start tx= d11=0.000 here=False
34729.7 hub0 med=0.688
34733.0 probe +0 med=0.708 moved=True
34744.3 probe +90 med=0.698 moved=True
34753.5 probe -90 med=0.691 moved=True
34761.8 commit dir +0 hub=0.688
34763.3 probe +0 med=0.692 moved=True
34774.5 probe +90 med=0.676 moved=True
34780.9 *** HERE=1 AT GOAL. HOLD+FLOOD FOR A. ***
34780.9 RX A DRIVE TO B d11 RISING
34781.0 RX A DRIVE TO B d11 RISING
34781.2 RX A DRIVE TO B d11 RISING
34781.3 RX A DRIVE TO B d11 RISING
34781.5 RX A DRIVE TO B d11 RISING
34781.6 RX A DRIVE TO B d11 RISING
34781.8 RX A COME ON WAY
34781.9 RX A COME ON WAY
34782.1 RX A COME ON WAY
34782.2 RX A COME ON WAY
34782.4 RX A COME ON WAY
34782.5 RX A COME ON WAY
34782.7 RX A COME ON WAY
34782.8 RX A COME ON WAY
34783.0 RX A COME ON WAY
34783.1 RX GOAL YES A ON WAY
34783.3 RX GOAL YES A ON WAY
34783.4 RX GOAL YES A ON WAY
34783.6 RX GOAL YES A ON WAY
34783.7 RX GOAL YES A ON WAY
34783.9 RX GOAL YES A ON WAY
34784.0 RX GOAL YES A ON WAY
34784.2 RX GOAL YES A ON WAY
34784.3 RX GOAL YES A ON WAY
34784.5 RX GOAL YES A COMING
34784.6 RX GOAL YES A COMING
34784.8 RX GOAL YES A COMING
34784.9 RX GOAL YES A COMING
34785.1 RX GOAL YES A COMING
34785.2 RX GOAL YES A COMING
34785.4 RX GOAL YES A COMING
34785.5 RX GOAL YES A COMING
34785.7 RX GOAL YES A COMING
34785.8 RX GOAL YES A COMING
34786.0 RX A DRIVE TO B d11 RISING
34786.1 RX A DRIVE TO B d11 RISING
34786.3 RX A DRIVE TO B d11 RISING
34786.4 RX A DRIVE TO B d11 RISING
34786.6 RX A DRIVE TO B d11 RISING
34786.7 RX A DRIVE TO B d11 RISING
34786.9 RX A DRIVE TO B d11 RISING
34787.0 RX A DRIVE TO B d11 RISING
34787.2 RX A DRIVE TO B d11 RISING
34787.3 RX A COME ON WAY
34787.5 RX A COME ON WAY
34787.6 RX A COME ON WAY
34787.8 RX A COME ON WAY
34787.9 RX A COME ON WAY
34788.1 RX A COME ON WAY
34788.2 RX A COME ON WAY
34788.4 RX A COME ON WAY
34788.5 RX A COME ON WAY
34788.7 RX A COME ON WAY
34788.8 RX GOAL YES A ON WAY
34789.0 RX GOAL YES A ON WAY
34789.1 RX GOAL YES A ON WAY
34789.3 RX GOAL YES A ON WAY
34789.4 RX GOAL YES A ON WAY
34789.6 RX GOAL YES A ON WAY
34789.7 RX GOAL YES A ON WAY
34789.9 RX GOAL YES A ON WAY
34790.0 RX GOAL YES A ON WAY
34790.2 RX GOAL YES A COMING
34790.3 RX GOAL YES A COMING
34790.5 RX GOAL YES A COMING
34790.6 RX GOAL YES A COMING
34790.8 RX GOAL YES A COMING
34790.9 RX GOAL YES A COMING
34791.1 RX GOAL YES A COMING
34791.2 RX GOAL YES A COMING
34791.4 RX GOAL YES A COMING
34791.5 RX A DRIVE TO B d11 RISING
34791.7 RX A DRIVE TO B d11 RISING
34791.8 RX A DRIVE TO B d11 RISING
34792.0 RX A DRIVE TO B d11 RISING
34792.1 RX A DRIVE TO B d11 RISING
34792.3 RX A DRIVE TO B d11 RISING
34792.4 RX A DRIVE TO B d11 RISING
34792.6 RX A DRIVE TO B d11 RISING
34792.7 RX A DRIVE TO B d11 RISING
34792.9 RX A DRIVE TO B d11 RISING
34793.0 RX A COME ON WAY
34793.2 RX A COME ON WAY
34793.3 RX A COME ON WAY
34793.5 RX A COME ON WAY
34793.6 RX A COME ON WAY
34793.8 RX A COME ON WAY
34793.9 RX A COME ON WAY
34794.1 RX A COME ON WAY
34794.2 RX A COME ON WAY
34794.4 RX GOAL YES A ON WAY
34794.5 RX GOAL YES A ON WAY
34794.7 RX GOAL YES A ON WAY
34794.8 RX GOAL YES A ON WAY
34795.0 RX GOAL YES A ON WAY
34795.1 RX GOAL YES A ON WAY
34795.3 RX GOAL YES A ON WAY
34795.4 RX GOAL YES A ON WAY
34795.6 RX GOAL YES A ON WAY
34795.7 RX GOAL YES A COMING
34795.9 RX GOAL YES A COMING
34796.1 RX GOAL YES A COMING
34796.2 RX GOAL YES A COMING
34796.4 RX GOAL YES A COMING
34796.5 RX GOAL YES A COMING
34796.7 RX GOAL YES A COMING
34796.8 RX GOAL YES A COMING
34797.0 RX GOAL YES A COMING
34797.1 RX A DRIVE TO B d11 RISING
34797.3 RX A DRIVE TO B d11 RISING
34797.4 RX A DRIVE TO B d11 RISING
34797.6 RX A DRIVE TO B d11 RISING
34797.7 RX A DRIVE TO B d11 RISING
34797.9 RX A DRIVE TO B d11 RISING
34798.0 RX A DRIVE TO B d11 RISING
34798.2 RX A DRIVE TO B d11 RISING
34798.3 RX A DRIVE TO B d11 RISING
34798.5 RX A DRIVE TO B d11 RISING
34798.6 RX A COME ON WAY
34798.8 RX A COME ON WAY
34798.9 RX A COME ON WAY
34799.1 RX A COME ON WAY
34799.2 RX A COME ON WAY
34799.4 RX A COME ON WAY
34799.5 RX A COME ON WAY
34799.7 RX A COME ON WAY
34799.8 RX A COME ON WAY
34800.0 RX GOAL YES A ON WAY
34800.1 RX GOAL YES A ON WAY
34800.3 RX GOAL YES A ON WAY
34800.4 RX GOAL YES A ON WAY
34800.6 RX GOAL YES A ON WAY
34800.7 RX GOAL YES A ON WAY
34800.9 RX GOAL YES A ON WAY
34801.0 RX GOAL YES A ON WAY
34801.2 RX GOAL YES A ON WAY
34801.3 RX GOAL YES A COMING
34801.5 RX GOAL YES A COMING
34801.6 RX GOAL YES A COMING
34801.8 RX GOAL YES A COMING
34801.9 RX GOAL YES A COMING
34802.1 RX GOAL YES A COMING
34802.2 RX GOAL YES A COMING
34802.4 RX GOAL YES A COMING
34802.5 RX GOAL YES A COMING
34802.7 RX GOAL YES A COMING
34802.8 RX A DRIVE TO B d11 RISING
34803.0 RX A DRIVE TO B d11 RISING
34803.1 RX A DRIVE TO B d11 RISING
34803.3 RX A DRIVE TO B d11 RISING
34803.4 RX A DRIVE TO B d11 RISING
34803.6 RX A DRIVE TO B d11 RISING
34803.7 RX A DRIVE TO B d11 RISING
34803.9 RX A DRIVE TO B d11 RISING
34804.0 RX A DRIVE TO B d11 RISING
34804.2 RX A COME ON WAY
34804.3 RX A COME ON WAY
34804.5 RX A COME ON WAY
34804.6 RX A COME ON WAY
34804.8 RX A COME ON WAY
34804.9 RX A COME ON WAY
34805.1 RX A COME ON WAY
34805.2 RX A COME ON WAY
34805.4 RX A COME ON WAY
34805.5 RX GOAL YES A ON WAY
34805.7 RX GOAL YES A ON WAY
34805.8 RX GOAL YES A ON WAY
34806.0 RX GOAL YES A ON WAY
34806.1 RX GOAL YES A ON WAY
34806.3 RX GOAL YES A ON WAY
34806.4 RX GOAL YES A ON WAY
34806.6 RX GOAL YES A ON WAY
34806.7 RX GOAL YES A ON WAY
34806.9 RX GOAL YES A ON WAY
34807.0 RX GOAL YES A COMING
34807.2 RX GOAL YES A COMING
34807.3 RX GOAL YES A COMING
34807.5 RX GOAL YES A COMING
34807.6 RX GOAL YES A COMING
34807.8 RX GOAL YES A COMING
34807.9 RX GOAL YES A COMING
34808.1 RX GOAL YES A COMING
34808.2 RX GOAL YES A COMING
34808.4 RX A DRIVE TO B d11 RISING
34808.5 RX A DRIVE TO B d11 RISING
34808.7 RX A DRIVE TO B d11 RISING
34808.8 RX A DRIVE TO B d11 RISING
34809.0 RX A DRIVE TO B d11 RISING
34809.1 RX A DRIVE TO B d11 RISING
34809.3 RX A DRIVE TO B d11 RISING
34809.4 RX A DRIVE TO B d11 RISING
34809.6 RX A DRIVE TO B d11 RISING
34809.7 RX A DRIVE TO B d11 RISING
34809.9 RX A COME ON WAY
34810.0 RX A COME ON WAY
34810.2 RX A COME ON WAY
34810.3 RX A COME ON WAY
34810.5 RX A COME ON WAY
34810.6 RX A COME ON WAY
34810.8 RX A COME ON WAY
34810.9 RX A COME ON WAY
34811.1 RX A COME ON WAY
34811.2 RX GOAL YES A ON WAY
34811.4 RX GOAL YES A ON WAY
34811.5 RX GOAL YES A ON WAY
34811.7 RX GOAL YES A ON WAY
34811.8 RX GOAL YES A ON WAY
34812.0 RX GOAL YES A ON WAY
34812.1 RX GOAL YES A ON WAY
34812.3 RX GOAL YES A ON WAY
34812.4 RX GOAL YES A ON WAY
34812.6 RX GOAL YES A COMING
34812.7 RX GOAL YES A COMING
34812.9 RX GOAL YES A COMING
34813.0 RX GOAL YES A COMING
34813.2 RX GOAL YES A COMING
34813.3 RX GOAL YES A COMING
34813.5 RX GOAL YES A COMING
34813.6 RX GOAL YES A COMING
34813.8 RX GOAL YES A COMING
34813.9 RX A DRIVE TO B d11 RISING
34814.1 RX A DRIVE TO B d11 RISING
34814.2 RX A DRIVE TO B d11 RISING
34814.4 RX A DRIVE TO B d11 RISING
34814.5 RX A DRIVE TO B d11 RISING
34814.7 RX A DRIVE TO B d11 RISING
34814.8 RX A DRIVE TO B d11 RISING
34815.0 RX A DRIVE TO B d11 RISING
34815.1 RX A DRIVE TO B d11 RISING
34815.3 RX A DRIVE TO B d11 RISING
34815.4 RX A COME ON WAY
34815.6 RX A COME ON WAY
34815.7 RX A COME ON WAY
34815.9 RX A COME ON WAY
34816.0 RX A COME ON WAY
34816.2 RX A COME ON WAY
34816.3 RX A COME ON WAY
34816.5 RX A COME ON WAY
34816.6 RX A COME ON WAY
34816.8 RX GOAL YES A ON WAY
34816.9 RX GOAL YES A ON WAY
34817.1 RX GOAL YES A ON WAY
34817.2 RX GOAL YES A ON WAY
34817.4 RX GOAL YES A ON WAY
34817.5 RX GOAL YES A ON WAY
34817.7 RX GOAL YES A ON WAY
34817.8 RX GOAL YES A ON WAY
34818.0 RX GOAL YES A ON WAY
34818.1 RX GOAL YES A COMING
