0.00 0.00 0.0 | 1.15,0.00 0.76,-0.31 0.80,-0.80 0.32,-0.78 0.00,-0.75 -0.28,-0.68 -0.68,-0.68 -0.36,-0.15 -0.38,-0.00 -0.35,0.15 -0.22,0.22 -0.11,0.27 -0.00,0.30 0.11,0.27 0.29,0.29 0.59,0.24
-0.11 -0.00 180.8 | -1.18,-0.02 -0.80,0.28 -0.90,0.77 -0.45,0.80 -0.11,0.27 0.17,0.70 0.59,0.72 0.34,0.19 0.34,0.01 0.13,-0.23 0.02,-0.29 -0.10,-0.30 -0.21,-0.25 -0.38,-0.28 -0.67,-0.24
-0.21 0.00 173.5 | -1.19,0.11 -0.82,0.34 -0.88,0.84 -0.45,0.82 -0.13,0.72 0.17,0.70 0.58,0.63 0.36,0.17 0.32,-0.06 0.26,-0.26 0.03,-0.30 -0.12,-0.33 -0.24,-0.27 -0.36,-0.27 -0.46,-0.20 -0.76,-0.16
-0.33 -0.00 179.1 | -1.22,0.01 -0.92,0.26 -1.10,0.80 -0.64,0.79 -0.31,0.75 -0.16,0.38 0.38,0.68 1.22,0.61 0.29,-0.01 0.25,-0.25 -0.03,-0.31 -0.22,-0.27 -0.33,-0.25 -0.44,-0.27 -0.54,-0.21 -0.94,-0.24
-0.44 0.01 175.1 | -1.24,0.08 -1.15,0.37 -0.73,0.35 -0.69,0.80 -0.38,0.80 -0.12,0.64 -0.16,0.25 1.20,0.53 0.25,-0.05 0.11,-0.28 -0.16,-0.33 -0.36,-0.27 -0.47,-0.29 -0.55,-0.19 -0.71,-0.21 -1.06,-0.19
-0.54 0.01 177.1 | -1.27,0.05 -1.23,0.34 -0.85,0.35 -0.82,0.80 -0.50,0.81 -0.20,0.74 -0.17,0.35 1.16,0.62 0.24,-0.03 0.01,-0.25 -0.28,-0.28 -0.44,-0.29 -0.55,-0.20 -0.66,-0.24 -0.78,-0.21 -1.11,-0.19
-0.65 0.01 180.0 | -1.30,0.01 -1.31,0.28 -0.93,0.29 -0.77,0.31 -0.65,0.81 -0.34,0.74 -0.26,0.39 1.10,0.73 0.24,0.01 -0.04,-0.24 -0.39,-0.25 -0.56,-0.20 -0.65,-0.25 -0.75,-0.24 -0.88,-0.23 -1.17,-0.21
-0.76 0.01 176.9 | -1.33,0.04 -1.30,0.27 -1.00,0.28 -0.87,0.33 -0.72,0.78 -0.41,0.74 -0.29,0.43 1.04,0.64 0.22,-0.04 -0.11,-0.30 -0.48,-0.30 -0.68,-0.22 -0.77,-0.25 -0.86,-0.21 -1.04,-0.24 -1.23,-0.16
-0.87 0.00 181.4 | -1.36,-0.01 -1.37,0.20 -1.20,0.32 -1.00,0.29 -0.88,0.32 -0.57,0.79 -0.28,0.63 0.98,0.82 0.20,0.03 -0.19,-0.26 -0.66,-0.20 -0.77,-0.23 -0.87,-0.22 -0.97,-0.25 -1.13,-0.26 -1.38,-0.22
-0.95 -0.04 210.1 | -1.36,-0.28 -1.30,-0.09 -1.20,0.02 -1.20,0.15 -1.40,0.73 -1.05,0.69 -0.39,2.06 -0.29,0.83 -0.47,0.24 -0.60,0.00 -0.71,-0.11 -0.78,-0.35 -0.91,-0.40 -1.05,-0.42 -1.23,-0.40
-0.91 0.01 228.5 | -1.21,-0.34 -1.16,-0.12 -1.27,-0.02 -1.74,0.29 -1.58,0.60 -1.82,1.88 -0.98,1.11 -0.73,0.51 -0.72,0.22 -0.70,0.11 -0.71,0.02 -0.66,-0.08 -0.64,-0.23 -0.69,-0.44 -0.88,-0.42 -1.07,-0.47
-0.86 0.08 229.4 | -1.16,-0.27 -1.21,-0.10 -1.23,0.05 -1.75,0.37 -1.40,0.55 -1.34,1.02 -0.94,1.08 -0.78,0.33 -0.70,0.26 -0.71,0.15 -0.71,0.09 -0.67,0.01 -0.61,-0.13 -0.64,-0.36 -0.82,-0.40 -1.04,-0.46
-0.88 0.02 251.7 | -0.98,-0.29 -1.09,-0.22 -1.66,-0.37 -1.60,-0.03 -2.97,0.71 -1.69,0.73 -1.11,0.48 -0.90,0.31 -0.81,0.22 -0.77,0.15 -0.65,0.14 -0.54,0.05 -0.37,-0.14 -0.54,-0.27 -0.64,-0.46 -0.84,-0.46
-0.87 0.13 266.0 | -0.90,-0.31 -1.31,-0.74 -1.57,-0.48 -2.79,-0.51 -1.95,0.20 -1.12,0.25 -1.02,0.29 -0.91,0.25 -0.86,0.24 -0.82,0.23 -0.71,0.26 -0.57,0.23 -0.38,0.09 -0.39,-0.11 -0.50,-0.31 -0.75,-0.24
-0.88 0.05 267.0 | -0.89,-0.31 -1.26,-0.77 -1.56,-0.56 -2.72,-0.60 -1.94,0.11 -1.48,0.34 -1.05,0.24 -0.95,0.26 -0.79,0.23 -0.65,0.26 -0.52,0.18 -0.43,0.03 -0.39,-0.18 -0.53,-0.33 -0.76,-0.27
-0.90 0.14 283.9 | -0.80,-0.27 -1.06,-0.90 -1.27,-0.47 -1.73,-0.47 -1.67,-0.05 -1.13,0.18 -1.02,0.21 -0.96,0.22 -0.88,0.28 -0.76,0.37 -0.60,0.36 -0.47,0.25 -0.34,0.06 -0.43,-0.14 -0.64,-0.21
-0.89 0.08 274.3 | -0.87,-0.30 -1.19,-0.82 -1.39,-0.50 -2.85,-0.91 -1.93,-0.00 -1.18,0.17 -1.09,0.24 -0.97,0.22 -0.91,0.24 -0.84,0.25 -0.70,0.30 -0.54,0.25 -0.44,0.11 -0.37,-0.10 -0.52,-0.25 -0.73,-0.25
-0.89 0.12 274.9 | -0.86,-0.29 -1.18,-0.80 -1.38,-0.46 -1.88,-0.40 -1.91,0.03 -1.13,0.19 -1.04,0.24 -0.95,0.23 -0.90,0.23 -0.85,0.26 -0.72,0.32 -0.57,0.28 -0.45,0.15 -0.37,-0.05 -0.48,-0.23 -0.71,-0.24
-0.89 0.04 272.5 | -0.87,-0.31 -1.20,-0.81 -1.44,-0.56 -2.81,-0.86 -1.95,-0.01 -1.35,0.21 -1.09,0.23 -0.97,0.22 -0.90,0.23 -0.82,0.24 -0.66,0.29 -0.52,0.21 -0.43,0.06 -0.39,-0.14 -0.53,-0.29 -0.75,-0.26
-0.89 0.09 268.9 | -0.90,-0.29 -1.27,-0.77 -1.44,-0.44 -1.94,-0.32 -1.92,0.11 -1.14,0.21 -1.06,0.28 -0.94,0.23 -0.89,0.23 -0.82,0.26 -0.69,0.28 -0.54,0.23 -0.45,0.09 -0.38,-0.13 -0.52,-0.28 -0.75,-0.25
-0.89 0.13 272.3 | -0.87,-0.28 -1.42,-0.45 -1.92,-0.35 -1.92,0.09 -1.12,0.21 -1.04,0.26 -0.94,0.23 -0.89,0.24 -0.84,0.26 -0.72,0.31 -0.58,0.27 -0.44,0.14 -0.38,-0.06 -0.48,-0.25 -0.74,-0.20
-0.89 0.08 270.0 | -1.25,-0.78 -1.48,-0.51 -2.83,-0.73 -1.98,0.08 -1.32,0.26 -1.06,0.25 -0.96,0.24 -0.82,0.25 -0.69,0.28 -0.57,0.21 -0.43,0.08 -0.40,-0.12 -0.52,-0.29 -0.76,-0.25
-0.89 0.09 269.9 | -0.89,-0.31 -1.25,-0.78 -1.43,-0.45 -2.87,-0.73 -1.95,0.09 -1.25,0.24 -1.07,0.27 -0.95,0.24 -0.89,0.22 -0.82,0.25 -0.69,0.29 -0.55,0.23 -0.44,0.09 -0.40,-0.12 -0.52,-0.28 -0.75,-0.24
-0.89 0.05 271.6 | -0.88,-0.32 -1.21,-0.80 -2.81,-0.81 -1.97,0.02 -1.34,0.22 -1.09,0.24 -0.97,0.23 -0.89,0.22 -0.82,0.23 -0.67,0.28 -0.54,0.20 -0.44,0.06 -0.39,-0.14 -0.53,-0.29 -0.75,-0.26
-0.91 0.09 273.5 | -0.89,-0.33 -1.22,-0.79 -1.55,-0.63 -2.80,-0.83 -2.03,0.02 -1.38,0.25 -1.12,0.27 -0.98,0.22 -0.92,0.27 -0.85,0.26 -0.73,0.30 -0.58,0.25 -0.47,0.12 -0.43,-0.08 -0.52,-0.26 -0.77,-0.21
-0.91 0.12 270.7 | -0.91,-0.28 -1.27,-0.76 -1.46,-0.44 -2.98,-0.77 -1.98,0.11 -1.17,0.22 -0.97,0.25 -0.92,0.26 -0.85,0.29 -0.73,0.31 -0.61,0.25 -0.49,0.13 -0.43,-0.07 -0.77,-0.21
-0.89 0.07 291.1 | -0.56,-0.79 -0.92,-0.88 -1.65,-1.64 -1.68,-0.68 -1.45,-0.15 -1.17,0.07 -1.06,0.14 -1.02,0.20 -0.97,0.25 -0.89,0.37 -0.76,0.38 -0.58,0.36 -0.43,0.25 -0.40,0.06 -0.59,-0.07 -0.64,-0.19
-0.92 0.10 305.7 | -0.32,-0.73 -0.75,-0.59 -1.09,-0.97 -1.34,-0.58 -1.14,-0.06 -1.08,0.06 -1.07,0.12 -1.06,0.19 -1.06,0.30 -0.98,0.39 -0.67,0.49 -0.48,0.41 -0.52,0.19 -0.53,0.03 -0.59,-0.10
-0.88 0.07 322.4 | -0.28,-0.39 -0.35,-0.84 -0.77,-0.77 -0.95,-0.19 -1.02,-0.11 -1.06,-0.03 -1.05,0.05 -1.15,0.14 -1.15,0.28 -1.11,0.48 -0.74,0.60 -0.68,0.33 -0.56,0.26 -0.55,0.11 0.07,-0.19
-0.77 0.06 354.2 | 0.20,-0.04 -0.13,-0.28 -0.51,-0.26 -0.69,-0.20 -0.79,-0.16 -0.86,-0.12 -1.03,-0.15 -1.20,-0.07 -1.29,0.11 -1.30,0.34 -1.09,0.46 -0.88,0.43 -0.73,0.39 -0.36,0.82 -0.11,0.59 0.96,0.58
-0.66 0.06 359.9 | 0.28,0.06 -0.06,-0.19 -0.40,-0.21 -0.59,-0.13 -0.66,-0.17 -0.75,-0.16 -0.89,-0.17 -1.13,-0.13 -1.27,0.06 -1.27,0.31 -0.94,0.34 -0.80,0.38 -0.66,0.85 -0.35,0.82 -0.24,0.48 1.12,0.80
-0.58 0.06 357.8 | 0.28,0.02 -0.01,-0.20 -0.36,-0.18 -0.49,-0.20 -0.59,-0.15 -0.68,-0.17 -0.79,-0.14 -1.09,-0.13 -1.27,0.08 -1.24,0.36 -0.88,0.38 -0.70,0.38 -0.55,0.89 -0.24,0.79 -0.17,0.44 1.18,0.71
-0.51 0.05 354.7 | 0.25,-0.02 -0.00,-0.22 -0.28,-0.22 -0.42,-0.22 -0.53,-0.16 -0.61,-0.15 -0.73,-0.14 -1.07,-0.12 -1.23,0.12 -1.22,0.43 -0.83,0.44 -0.76,0.88 -0.43,0.87 -0.12,0.78 -0.16,0.34 1.23,0.59
-0.37 0.04 357.2 | 0.29,0.01 -0.11,-0.25 -0.29,-0.19 -0.39,-0.23 -0.48,-0.18 -0.61,-0.18 -0.96,-0.17 -1.19,0.08 -1.12,0.40 -0.67,0.37 -0.66,0.85 -0.33,0.83 -0.17,0.48 0.39,0.73 1.26,0.63
-0.24 0.04 355.8 | 0.38,-0.01 0.24,-0.20 -0.00,-0.24 -0.15,-0.23 -0.25,-0.17 -0.37,-0.23 -0.45,-0.14 -0.74,-0.13 -1.17,0.11 -0.87,0.35 -0.94,0.84 -0.51,0.85 -0.18,0.80 -0.09,0.33 0.59,0.75 0.37,0.24
-0.14 0.04 359.5 | 0.39,0.03 0.32,-0.16 0.10,-0.21 -0.02,-0.25 -0.14,-0.23 -0.22,-0.17 -0.37,-0.19 -0.65,-0.17 -1.15,0.04 -0.84,0.33 -0.91,0.82 -0.47,0.87 -0.13,0.80 0.18,0.78 0.61,0.77 0.36,0.24
-0.03 0.03 356.4 | 0.41,0.00 0.35,-0.16 0.16,-0.19 0.06,-0.24 -0.05,-0.25 -0.14,-0.19 -0.31,-0.22 -0.58,-0.16 -1.11,0.10 -0.75,0.38 -0.79,0.89 -0.32,0.87 -0.00,0.49 0.30,0.71 0.71,0.68 0.38,0.17
0.08 0.03 358.2 | 0.44,0.01 0.39,-0.12 0.27,-0.18 0.17,-0.20 0.07,-0.24 -0.04,-0.24 -0.14,-0.19 -0.35,-0.14 -1.09,0.06 -0.71,0.38 -0.74,0.90 -0.03,0.32 0.11,0.79 0.39,0.72 0.78,0.68 0.37,0.13
0.04 0.03 353.8 | 0.40,-0.01 0.36,-0.15 0.23,-0.21 0.11,-0.20 0.01,-0.24 -0.09,-0.21 -0.19,-0.16 -0.40,-0.10 -1.13,0.16 -0.75,0.46 -0.72,0.98 -0.22,0.93 0.10,0.59 0.41,0.70 0.78,0.62 0.41,0.14
0.07 0.02 347.6 | 0.41,-0.05 0.38,-0.19 0.26,-0.28 0.11,-0.21 0.01,-0.25 -0.09,-0.20 -0.17,-0.13 -0.36,-0.05 -0.96,0.25 -0.88,0.69 -0.67,1.17 -0.10,0.98 0.18,0.54 0.51,0.66 0.85,0.53 0.51,0.10
0.03 0.04 344.9 | 0.37,-0.06 0.33,-0.20 0.20,-0.27 0.06,-0.23 -0.05,-0.25 -0.14,-0.18 -0.22,-0.11 -0.43,-0.02 -1.00,0.31 -0.89,0.74 -0.64,1.20 -0.10,0.97 0.17,0.56 0.51,0.66 0.83,0.50 0.47,0.09
-0.01 0.04 353.4 | 0.38,-0.01 0.18,-0.20 0.06,-0.20 -0.13,-0.17 -0.24,-0.15 -0.41,-0.07 -1.16,0.17 -1.02,0.60 -0.82,1.07 -0.26,0.93 0.03,0.39 0.37,0.72 0.75,0.64 0.46,0.17
0.05 0.04 358.5 | 0.45,0.03 0.14,-0.18 0.05,-0.23 -0.06,-0.21 -0.17,-0.17 -0.39,-0.13 -1.08,0.07 -0.73,0.39 -0.76,0.90 -0.27,0.87 0.07,0.81 0.37,0.75 0.79,0.74 0.37,0.16
-0.01 0.04 355.4 | 0.41,0.01 0.34,-0.14 0.15,-0.16 0.07,-0.21 -0.03,-0.22 -0.13,-0.19 -0.26,-0.17 -0.42,-0.09 -1.11,0.13 -0.75,0.42 -0.78,0.94 -0.30,0.92 0.03,0.61 0.35,0.75 0.75,0.69 0.37,0.17
0.03 0.05 11.7 | 0.41,0.13 0.33,-0.00 0.25,-0.09 0.19,-0.17 0.08,-0.19 -0.02,-0.22 -0.20,-0.30 -0.95,-0.61 -1.11,-0.18 -1.27,0.30 -0.77,0.58 -0.28,0.52 -0.13,0.82 0.21,1.00 0.27,0.42 0.34,0.26
-0.03 0.04 11.2 | 0.39,0.13 0.28,-0.02 0.20,-0.11 0.13,-0.19 0.02,-0.21 -0.08,-0.24 -0.25,-0.30 -0.94,-0.57 -1.14,-0.18 -1.32,0.30 -0.80,0.56 -0.19,0.28 -0.18,0.83 0.16,0.97 0.25,0.46 0.30,0.26
-0.08 0.03 17.5 | 0.37,0.17 0.25,0.00 0.20,-0.12 0.10,-0.18 -0.01,-0.22 -0.12,-0.33 -0.26,-0.31 -0.92,-0.67 -1.11,-0.29 -1.38,0.14 -0.88,0.45 -0.57,0.61 -0.33,0.80 -0.00,0.94 0.60,1.34 0.25,0.31
0.00 0.00 0.0 | 0.37,0.00 0.92,-0.38 0.53,-0.53 0.40,-0.96 0.00,-0.83 -0.10,-0.25 -0.16,-0.16 -0.15,-0.06 -0.16,-0.00 -0.23,0.09 -0.23,0.23 -0.18,0.44 -0.00,0.47 0.21,0.51 0.28,0.28 0.35,0.15
-2.78 7.67 283.2 | -2.62,7.01 -2.93,6.70 -3.70,6.18 -3.65,7.04 -3.39,7.52 -3.03,7.71 -2.90,7.74 -2.85,7.77 -2.81,7.81 -2.74,7.91 -2.62,7.92 -2.41,7.93 -2.31,7.78 -2.22,7.58 -2.43,7.45 -2.54,7.33
-2.78 7.67 283.2 | -2.69,7.28 -2.94,6.68 -3.44,6.60 -3.66,7.03 -3.41,7.52 -3.04,7.71 -2.91,7.75 -2.86,7.78 -2.81,7.81 -2.74,7.90 -2.62,7.92 -2.41,7.93 -2.34,7.77 -2.23,7.58 -2.42,7.45 -2.53,7.33
-2.76 7.63 302.0 | -2.26,6.84 -2.63,6.88 -3.01,6.54 -3.32,6.84 -2.99,7.49 -2.99,7.59 -2.92,7.67 -2.89,7.73 -2.87,7.82 -2.81,7.93 -2.66,8.07 -2.49,8.00 -2.30,7.91 -2.27,7.71 -2.42,7.55 -2.45,7.41
-2.65 7.58 334.0 | -1.07,6.80 -2.00,6.83 -2.40,6.85 -2.67,7.29 -2.77,7.33 -2.83,7.42 -2.86,7.51 -3.01,7.60 -3.05,7.77 -2.98,7.95 -2.84,8.11 -2.62,8.07 -2.51,7.87 -2.42,7.78 -1.84,7.86 -1.80,7.52
-2.56 7.58 357.4 | -1.65,7.53 -1.90,7.27 -2.29,7.28 -2.47,7.33 -2.57,7.33 -2.67,7.34 -2.83,7.33 -3.04,7.40 -3.14,7.60 -3.13,7.84 -2.81,7.84 -2.68,7.91 -2.53,8.33 -2.22,8.31 -2.00,8.09 -0.93,8.17
-2.46 7.57 358.7 | -1.60,7.55 -1.86,7.30 -2.21,7.31 -2.36,7.32 -2.46,7.34 -2.57,7.31 -2.69,7.34 -2.98,7.36 -3.11,7.58 -3.10,7.85 -2.74,7.87 -2.57,7.85 -2.44,8.34 -2.13,8.30 -2.06,7.95 -0.74,8.23
-2.35 7.56 356.1 | -1.59,7.51 -1.82,7.30 -2.10,7.27 -2.25,7.26 -2.37,7.34 -2.48,7.31 -2.61,7.34 -2.93,7.37 -3.10,7.61 -3.00,7.88 -2.65,7.90 -2.62,8.34 -2.30,8.36 -2.00,8.28 -1.99,7.88 -0.66,8.13
-2.24 7.55 356.3 | -1.56,7.51 -1.70,7.29 -1.95,7.23 -2.15,7.29 -2.26,7.25 -2.34,7.34 -2.52,7.30 -2.88,7.34 -3.05,7.61 -2.95,7.91 -2.50,7.86 -2.50,8.34 -2.19,8.32 -2.03,7.98 -1.48,8.21 -0.60,8.11
-2.13 7.55 356.6 | -1.53,7.51 -1.57,7.28 -1.85,7.23 -2.03,7.26 -2.15,7.30 -2.26,7.27 -2.38,7.33 -2.81,7.31 -3.03,7.60 -2.72,7.83 -2.83,8.33 -2.40,8.33 -2.09,8.28 -1.96,7.91 -1.38,8.22 -1.50,7.77
-2.03 7.54 358.0 | -1.51,7.53 -1.77,7.26 -1.91,7.23 -2.04,7.28 -2.16,7.26 -2.28,7.31 -2.57,7.34 -3.01,7.58 -2.66,7.83 -2.76,8.32 -2.33,8.34 -2.00,8.27 -1.69,8.29 -1.28,8.24 -1.48,7.75
-1.93 7.54 358.3 | -1.47,7.53 -1.51,7.35 -1.70,7.30 -1.82,7.25 -1.94,7.26 -2.05,7.28 -2.22,7.27 -2.52,7.32 -3.00,7.57 -2.61,7.85 -2.69,8.35 -2.23,8.34 -1.92,7.84 -1.62,8.23 -1.20,8.22 -1.47,7.71
-1.81 7.53 355.0 | -1.44,7.50 -1.49,7.36 -1.62,7.30 -1.73,7.28 -1.84,7.22 -1.94,7.28 -2.13,7.26 -2.42,7.34 -2.96,7.63 -2.55,7.92 -2.52,8.37 -1.90,7.80 -1.75,8.27 -1.47,8.19 -1.07,8.16 -1.47,7.64
-1.87 7.54 353.3 | -1.50,7.49 -1.50,7.33 -1.65,7.26 -1.80,7.27 -1.91,7.24 -2.01,7.29 -2.14,7.32 -2.28,7.42 -2.99,7.67 -2.60,7.94 -2.60,8.46 -2.12,8.40 -1.82,8.01 -1.50,8.20 -1.13,8.13 -1.41,7.67
-1.82 7.54 357.7 | -1.44,7.52 -1.47,7.37 -1.60,7.30 -1.73,7.29 -1.83,7.23 -1.95,7.26 -2.08,7.29 -2.42,7.32 -2.97,7.58 -2.56,7.88 -2.59,8.37 -2.12,8.34 -1.79,8.28 -1.50,8.22 -1.12,8.18 -1.47,7.66
-1.86 7.54 357.0 | -1.49,7.52 -1.49,7.36 -1.64,7.29 -1.76,7.25 -1.87,7.24 -1.98,7.28 -2.12,7.30 -2.42,7.34 -2.96,7.60 -2.61,7.90 -2.63,8.40 -2.16,8.38 -1.83,8.08 -1.54,8.20 -1.15,8.18 -1.45,7.68
-1.81 7.54 359.6 | -1.45,7.53 -1.47,7.39 -1.60,7.33 -1.71,7.28 -1.82,7.25 -1.93,7.25 -2.07,7.29 -2.43,7.29 -2.96,7.55 -2.58,7.86 -2.58,8.32 -2.13,8.32 -1.81,8.29 -1.52,8.23 -1.09,8.25 -1.49,7.67
-1.87 7.55 351.5 | -1.49,7.49 -1.51,7.33 -1.68,7.29 -1.80,7.25 -1.92,7.25 -2.01,7.31 -2.13,7.35 -2.28,7.44 -2.99,7.71 -2.57,7.97 -2.57,8.49 -2.09,8.42 -1.80,8.04 -1.47,8.21 -1.11,8.11 -1.41,7.66
-1.81 7.54 354.2 | -1.46,7.50 -1.48,7.36 -1.61,7.30 -1.73,7.28 -1.84,7.24 -1.94,7.29 -2.06,7.33 -2.26,7.41 -2.95,7.66 -2.54,7.93 -2.54,8.44 -2.06,8.37 -1.73,8.29 -1.45,8.19 -1.07,8.14 -1.47,7.64
-1.88 7.55 348.9 | -1.49,7.48 -1.52,7.31 -1.69,7.28 -1.82,7.26 -1.94,7.26 -2.03,7.33 -2.12,7.39 -2.29,7.47 -3.00,7.77 -2.81,8.17 -2.61,8.65 -2.06,8.46 -1.82,7.84 -1.45,8.21 -1.10,8.08 -1.41,7.65
-1.82 7.58 19.4 | -1.47,7.70 -1.51,7.56 -1.59,7.47 -1.64,7.38 -1.72,7.32 -1.83,7.27 -2.01,7.17 -2.70,6.78 -2.66,7.28 -3.02,7.64 -2.65,7.98 -2.19,8.00 -2.07,8.29 -1.76,8.54 -1.65,7.93 -1.55,7.81
-1.93 7.56 8.4 | -1.45,7.63 -1.48,7.45 -1.68,7.37 -1.77,7.29 -1.89,7.29 -2.00,7.28 -2.16,7.26 -2.72,7.09 -3.04,7.40 -2.52,7.71 -2.70,8.14 -2.34,8.25 -2.04,8.32 -1.73,8.36 -1.19,8.55 -1.58,7.77
-1.93 7.56 4.1 | -1.45,7.60 -1.60,7.45 -1.69,7.36 -1.80,7.30 -1.91,7.30 -2.05,7.20 -2.28,7.16 -2.88,7.09 -3.02,7.48 -3.12,7.96 -2.60,8.14 -2.27,8.24 -1.98,8.36 -1.64,8.42 -0.96,8.68 -1.54,7.75
-1.97 7.54 24.3 | -1.51,7.75 -1.65,7.42 -1.76,7.35 -1.86,7.29 -1.96,7.16 -2.16,7.05 -2.68,6.78 -2.90,7.12 -3.21,7.50 -2.80,7.86 -2.49,8.04 -2.30,8.28 -2.00,8.45 -1.44,8.95 -1.66,7.87
-2.01 7.53 23.2 | -1.52,7.74 -1.65,7.53 -1.71,7.41 -1.81,7.33 -1.88,7.22 -2.00,7.18 -2.32,6.74 -2.75,6.77 -2.63,7.26 -3.03,7.51 -2.77,7.83 -2.29,7.80 -2.31,8.24 -2.02,8.57 -1.82,8.00 -1.65,7.90
-2.01 7.52 45.2 | -1.75,7.79 -1.67,7.67 -1.72,7.52 -1.74,7.41 -1.75,7.26 -1.78,6.97 -2.01,6.51 -2.28,6.88 -2.78,6.75 -2.80,7.20 -2.72,7.52 -2.75,7.83 -2.23,8.03 -2.01,8.02 -1.81,8.01
-1.99 7.55 60.3 | -1.82,7.86 -1.76,7.73 -1.74,7.63 -1.63,7.51 -1.57,7.31 -1.34,6.71 -1.72,6.55 -2.16,6.27 -2.44,6.77 -2.59,7.09 -2.76,7.35 -2.88,7.67 -3.18,8.23 -2.27,7.91 -2.13,8.06 -1.95,7.92
-2.03 7.50 54.7 | -1.81,7.81 -1.75,7.68 -1.74,7.55 -1.67,7.42 -1.59,7.19 -1.49,6.64 -1.86,6.50 -2.06,7.39 -2.52,6.81 -2.64,7.12 -2.32,7.45 -2.84,7.68 -3.11,8.26 -2.29,7.90 -2.13,8.05 -1.94,7.92
-2.11 7.41 49.3 | -1.80,7.77 -1.74,7.60 -1.77,7.44 -1.74,7.29 -1.70,7.06 -1.69,6.58 -2.04,6.45 -2.60,5.94 -2.72,6.71 -2.76,7.09 -2.73,7.37 -2.38,7.50 -2.81,8.02 -2.85,8.88 -2.15,7.95 -1.92,7.99
-2.10 7.46 65.1 | -1.93,7.81 -1.86,7.67 -1.73,7.60 -1.61,7.44 -1.30,7.09 -1.42,6.73 -1.92,6.99 -2.14,6.48 -2.42,6.75 -2.58,7.01 -2.82,7.20 -3.11,7.50 -3.62,8.17 -2.46,7.86 -2.29,7.99 -2.08,7.91
-2.09 7.46 66.1 | -1.93,7.83 -1.85,7.69 -1.72,7.61 -1.61,7.45 -1.32,7.12 -1.41,6.75 -1.88,6.90 -2.12,6.50 -2.41,6.75 -2.57,7.01 -2.37,7.36 -3.00,7.49 -3.55,8.11 -2.44,7.82 -2.30,8.01 -2.08,7.92
-2.10 7.42 78.1 | -2.02,7.82 -1.90,7.72 -1.76,7.64 -1.55,7.52 -1.14,7.21 -1.32,6.88 -1.34,6.24 -1.96,6.64 -2.25,6.73 -2.47,6.89 -2.29,7.30 -3.09,7.23 -2.68,7.54 -2.56,7.73 -2.44,7.93 -2.19,7.89
-2.10 7.47 88.1 | -2.09,7.80 -1.94,7.82 -1.83,7.72 -1.35,7.75 -1.13,7.44 -1.53,7.21 -1.42,6.73 -1.83,6.74 -2.12,6.81 -2.23,7.19 -2.73,6.88 -3.53,6.93 -2.62,7.49 -2.65,7.72 -2.42,7.80 -2.25,7.87
-2.10 7.48 85.6 | -2.08,7.81 -1.93,7.83 -1.80,7.74 -1.33,7.73 -1.13,7.41 -1.54,7.20 -1.45,6.73 -1.86,6.73 -2.15,6.81 -2.24,7.20 -3.59,6.99 -2.61,7.52 -2.62,7.75 -2.39,7.81 -2.22,7.85
-2.12 7.55 103.3 | -2.18,7.83 -2.07,7.85 -1.85,7.98 -1.33,8.12 -1.16,7.77 -0.83,7.34 -1.38,7.09 -1.66,6.92 -2.03,7.18 -2.25,6.72 -2.83,6.39 -2.54,7.24 -2.69,7.41 -2.53,7.61 -2.43,7.74 -2.28,7.78
-2.12 7.54 112.3 | -2.11,7.90 -1.80,8.31 -1.41,8.24 -1.51,7.79 -1.10,7.54 -1.36,7.23 -1.63,7.05 -1.81,6.81 -2.12,6.51 -2.36,6.97 -2.51,7.15 -2.63,7.33 -2.51,7.55 -2.43,7.67 -2.32,7.75
-2.11 7.52 112.3 | -2.25,7.86 -2.11,7.93 -1.78,8.31 -1.39,8.23 -1.50,7.77 -1.10,7.52 -1.35,7.21 -1.62,7.03 -1.81,6.81 -2.11,6.49 -2.34,6.96 -2.50,7.13 -2.62,7.31 -2.52,7.52 -2.43,7.66 -2.32,7.74
-2.07 7.44 115.0 | -2.24,7.81 -2.09,7.98 -1.74,8.35 -1.38,8.19 -0.71,8.07 -1.21,7.48 -1.38,7.19 -1.83,7.22 -1.77,6.79 -2.03,6.46 -2.26,6.92 -2.40,7.08 -2.58,7.20 -2.49,7.42 -2.46,7.58 -2.32,7.67
-2.08 7.48 103.0 | -2.16,7.82 -2.02,7.84 -1.77,7.98 -1.28,8.05 -1.43,7.63 -0.95,7.29 -1.40,7.06 -1.69,6.93 -2.01,7.19 -2.22,6.66 -2.77,6.37 -2.49,7.19 -2.63,7.36 -2.52,7.56 -2.44,7.71 -2.28,7.76
-2.09 7.54 105.8 | -2.19,7.87 -2.06,7.87 -1.74,8.17 -1.34,8.14 -1.46,7.72 -1.06,7.42 -1.36,7.13 -1.66,6.98 -1.87,6.75 -2.21,6.56 -2.39,7.01 -2.52,7.20 -2.62,7.39 -2.48,7.58 -2.40,7.71 -2.25,7.74
-2.11 7.58 115.1 | -2.25,7.88 -2.13,7.89 -1.85,8.30 -1.46,8.29 -1.51,7.86 -1.09,7.62 -1.32,7.29 -1.58,7.09 -1.76,6.83 -2.06,6.51 -2.32,7.01 -2.49,7.16 -2.64,7.33 -2.49,7.56 -2.42,7.69 -2.30,7.75
0.00 0.00 0.0 | 0.38,0.00 0.37,-0.15 0.26,-0.26 0.08,-0.19 0.00,-0.13 -0.08,-0.18 -0.15,-0.15 -0.84,-0.35 -0.75,-0.00 -1.06,0.44 -0.64,0.64 -0.18,0.42 -0.00,0.38 0.14,0.34 0.28,0.28 0.44,0.18
-0.07 0.00 174.4 | -0.43,0.04 -0.37,0.16 -0.12,0.17 -0.06,0.12 0.04,0.20 0.13,0.16 0.67,0.22 1.13,-0.12 0.85,-0.49 0.25,-0.39 0.04,-0.36 -0.10,-0.36 -0.24,-0.33 -0.38,-0.26 -0.38,-0.10
-0.03 -0.00 175.0 | -0.41,0.03 -0.36,0.17 -0.22,0.22 -0.07,0.13 -0.02,0.14 0.07,0.19 0.15,0.15 0.67,0.22 1.13,-0.11 0.86,-0.47 0.27,-0.36 0.09,-0.38 -0.06,-0.36 -0.21,-0.36 -0.35,-0.27 -0.39,-0.12
-0.03 -0.00 168.2 | -0.40,0.07 -0.33,0.20 -0.21,0.27 -0.06,0.17 0.00,0.14 0.09,0.17 0.16,0.12 0.83,0.16 0.68,-0.15 0.97,-0.69 0.34,-0.57 0.06,-0.46 -0.10,-0.33 -0.25,-0.33 -0.35,-0.21
-0.07 -0.00 178.1 | -0.41,0.01 -0.38,0.14 -0.25,0.19 -0.11,0.12 -0.06,0.13 0.03,0.21 0.12,0.17 0.66,0.27 1.09,-0.04 0.83,-0.41 0.27,-0.36 0.06,-0.34 -0.08,-0.39 -0.38,-0.30 -0.37,-0.12
-0.01 0.00 185.6 | -0.40,-0.04 -0.35,0.10 -0.18,0.14 -0.08,0.13 0.05,0.22 0.55,0.68 0.63,0.35 1.17,0.12 0.71,-0.22 0.34,-0.29 0.15,-0.30 0.02,-0.37 -0.13,-0.38 -0.33,-0.38 -0.35,-0.18
-0.07 -0.03 207.0 | -0.39,-0.19 -0.33,-0.05 -0.17,0.00 -0.16,0.05 -0.17,0.17 -0.09,0.23 0.17,0.72 0.70,0.88 0.74,0.39 0.42,0.01 0.28,-0.14 0.24,-0.30 0.09,-0.35 -0.04,-0.45 -0.18,-0.35 -0.30,-0.29
-0.11 -0.07 226.0 | -0.30,-0.27 -0.23,-0.12 -0.24,-0.07 -0.34,0.02 -0.31,0.12 -0.43,0.67 -0.13,1.16 0.20,0.71 0.25,0.30 0.22,0.07 0.28,-0.06 0.24,-0.21 0.19,-0.36 0.03,-0.38 -0.10,-0.41 -0.23,-0.38
-0.04 0.04 239.5 | -0.20,-0.23 -0.20,-0.08 -0.32,-0.03 -0.34,0.08 -0.72,0.43 -0.76,0.99 -0.33,1.16 0.02,0.48 0.12,0.32 0.19,0.21 0.28,0.12 0.33,-0.18 0.17,-0.25 0.06,-0.36 -0.10,-0.35
-0.01 0.10 243.4 | -0.14,-0.16 -0.23,-0.09 -0.31,0.00 -1.00,0.17 -0.70,0.45 -0.74,0.94 -0.29,0.93 0.02,0.48 0.11,0.34 0.16,0.26 0.26,0.19 0.31,0.08 0.39,-0.10 0.23,-0.17 0.13,-0.33 -0.04,-0.31
0.02 0.18 247.3 | -0.11,-0.12 -0.24,-0.08 -0.85,-0.18 -0.93,0.18 -1.95,1.00 -0.77,0.98 -0.11,0.49 0.02,0.44 0.08,0.32 0.14,0.30 0.23,0.26 0.28,0.18 0.32,0.05 0.30,-0.10 0.20,-0.27 0.02,-0.29
0.04 0.24 254.3 | -0.05,-0.09 -0.20,-0.07 -0.80,-0.23 -0.91,0.13 -2.04,0.82 -0.84,0.93 -0.12,0.52 0.01,0.49 0.08,0.39 0.12,0.35 0.21,0.34 0.31,0.27 0.36,0.15 0.35,-0.00 0.28,-0.19 0.10,-0.25
0.04 0.22 267.5 | 0.02,-0.18 -0.13,-0.14 -0.69,-0.44 -1.76,-0.43 -1.10,0.27 -0.41,0.43 -0.13,0.41 -0.01,0.36 0.04,0.37 0.11,0.37 0.23,0.40 0.31,0.32 0.48,0.20 0.43,0.04 0.40,-0.18 0.17,-0.15
0.03 0.27 273.0 | 0.06,-0.17 -0.30,-0.68 -0.51,-0.33 -1.02,-0.23 -0.87,0.22 -0.21,0.36 -0.06,0.36 -0.01,0.37 0.03,0.37 0.08,0.40 0.19,0.44 0.29,0.39 0.45,0.29 0.51,0.10 0.43,-0.09 0.20,-0.07
0.03 0.20 265.6 | -0.01,-0.20 -0.15,-0.15 -0.72,-0.44 -1.74,-0.38 -1.10,0.29 -0.44,0.44 -0.16,0.41 -0.03,0.36 0.04,0.35 0.10,0.36 0.24,0.38 0.32,0.30 0.43,0.17 0.44,-0.01 0.37,-0.21 0.14,-0.15
0.02 0.24 275.4 | 0.06,-0.16 -0.26,-0.68 -0.48,-0.37 -1.97,-0.81 -1.05,0.14 -0.14,0.38 -0.05,0.37 0.01,0.39 0.07,0.41 0.19,0.44 0.30,0.39 0.43,0.28 0.50,0.09 0.40,-0.07 0.18,-0.06
0.02 0.22 272.6 | 0.04,-0.21 -0.32,-0.72 -0.52,-0.37 -1.04,-0.28 -1.05,0.17 -0.22,0.31 -0.10,0.33 -0.02,0.32 0.02,0.35 0.08,0.38 0.18,0.39 0.28,0.34 0.43,0.24 0.51,0.05 0.40,-0.13 0.17,-0.10
0.01 0.23 267.4 | -0.01,-0.17 -0.70,-0.41 -2.07,-0.52 -1.10,0.28 -0.29,0.37 -0.13,0.38 -0.04,0.36 0.01,0.38 0.09,0.41 0.19,0.40 0.29,0.34 0.41,0.21 0.45,0.03 0.35,-0.14 0.12,-0.08
-0.02 0.28 269.4 | -0.03,-0.14 -0.40,-0.62 -0.71,-0.40 -2.07,-0.55 -1.14,0.29 -0.31,0.40 -0.15,0.41 -0.07,0.41 -0.02,0.43 0.05,0.45 0.16,0.45 0.26,0.39 0.37,0.27 0.40,0.10 0.33,-0.09 0.11,-0.05
-0.03 0.33 279.3 | 0.04,-0.12 -0.27,-0.67 -0.53,-0.36 -0.98,-0.26 -0.85,0.20 -0.23,0.38 -0.11,0.39 -0.05,0.44 0.00,0.49 0.09,0.50 0.21,0.48 0.34,0.39 0.45,0.22 0.38,0.03
-0.03 0.26 271.8 | -0.02,-0.16 -0.27,-0.38 -0.70,-0.45 -2.03,-0.64 -1.15,0.23 -0.33,0.38 -0.18,0.40 -0.09,0.40 -0.04,0.43 0.04,0.45 0.14,0.45 0.25,0.39 0.35,0.28 0.40,0.10 0.32,-0.07 0.12,-0.06
-0.04 0.33 279.1 | 0.03,-0.12 -0.28,-0.68 -0.54,-0.36 -1.00,-0.26 -0.65,0.23 -0.23,0.37 -0.13,0.39 -0.09,0.41 -0.06,0.45 -0.00,0.50 0.08,0.49 0.20,0.48 0.33,0.39 0.43,0.22 0.37,0.03 0.15,0.01
-0.01 0.27 298.9 | 0.46,-0.59 0.08,-0.54 -0.35,-0.89 -0.71,-0.60 -0.27,0.13 -0.19,0.25 -0.13,0.31 -0.12,0.36 -0.10,0.44 -0.04,0.51 0.07,0.55 0.24,0.58 0.40,0.50 0.48,0.33 0.30,0.18 0.32,0.01
0.06 0.24 336.9 | 1.24,-0.26 0.79,-0.51 0.36,-0.51 0.06,-0.05 -0.03,0.01 -0.07,0.11 -0.13,0.16 -0.23,0.24 -0.27,0.38 -0.12,0.71 0.18,0.52 0.33,0.50 0.64,0.47 1.02,0.23
0.18 0.23 355.3 | 1.19,0.15 0.85,-0.11 0.35,0.03 0.27,-0.04 0.16,0.01 0.09,0.04 -0.08,0.01 -0.25,0.09 -0.32,0.27 -0.35,0.50 -0.13,0.60 0.07,0.58 0.21,0.54 0.57,0.98 0.84,0.78 2.01,0.82
0.30 0.22 358.2 | 1.23,0.20 0.89,-0.04 0.54,-0.04 0.37,0.02 0.29,-0.00 0.20,0.01 0.09,0.03 -0.19,0.04 -0.32,0.24 -0.31,0.50 0.04,0.50 0.16,0.57 0.32,1.03 0.63,0.97 0.75,0.65 2.09,0.90
0.39 0.23 0.8 | 1.24,0.24 0.94,0.01 0.62,0.01 0.50,-0.02 0.39,0.04 0.30,-0.01 0.19,0.02 -0.10,0.01 -0.28,0.22 0.05,0.56 0.04,1.04 0.38,1.05 0.70,0.99 0.77,0.61 2.11,0.96
0.47 0.23 1.7 | 1.28,0.25 1.01,0.02 0.71,0.01 0.59,-0.04 0.48,0.02 0.38,-0.01 0.26,0.00 -0.10,-0.03 -0.28,0.21 -0.24,0.50 0.12,0.56 0.13,0.99 0.45,1.05 0.74,0.93 0.76,0.54 2.25,1.03
0.60 0.23 359.2 | 1.29,0.22 1.07,0.03 0.88,-0.06 0.69,0.01 0.60,-0.04 0.52,0.03 0.36,-0.01 0.00,-0.01 -0.24,0.24 -0.14,0.55 0.29,0.55 0.28,1.03 0.62,1.01 0.79,0.65 1.35,0.95 1.30,0.50
0.68 0.23 0.8 | 1.30,0.24 1.14,0.05 0.96,-0.04 0.78,0.00 0.69,0.01 0.57,-0.05 0.52,0.05 0.18,0.01 -0.24,0.21 0.06,0.47 -0.10,0.99 0.35,1.00 0.67,0.99 0.84,0.61 1.44,1.00 1.29,0.49
0.83 0.22 358.2 | 1.33,0.21 1.28,0.02 1.06,-0.01 0.94,-0.06 0.83,-0.03 0.74,0.01 0.58,-0.02 0.34,0.03 -0.18,0.26 0.16,0.53 0.07,1.04 0.52,1.05 0.85,0.69 1.17,0.97 1.60,0.94 1.35,0.42
0.92 0.22 0.5 | 1.39,0.23 1.32,0.06 1.13,0.02 1.03,-0.04 0.92,-0.05 0.83,-0.01 0.65,-0.05 -0.17,0.21 0.18,0.52 0.11,1.02 0.58,1.04 0.92,0.77 1.22,0.95 1.64,0.95 1.31,0.39
1.03 0.22 358.2 | 1.34,0.08 1.22,0.02 1.12,-0.01 1.02,-0.05 0.91,-0.03 0.81,0.02 0.58,0.05 -0.14,0.26 0.24,0.58 0.21,1.09 0.71,1.06 1.05,0.99 1.35,0.93 1.76,0.91 1.33,0.34
0.97 0.23 356.4 | 1.38,0.20 1.31,0.06 1.12,0.05 1.05,-0.02 0.95,-0.05 0.85,-0.00 0.73,0.02 0.56,0.09 -0.16,0.30 0.21,0.60 0.19,1.11 0.68,1.07 1.00,0.81 1.30,0.90 1.70,0.88 1.33,0.35
0.98 0.22 350.7 | 1.34,0.17 1.32,0.02 1.20,-0.07 1.04,-0.02 0.94,-0.04 0.84,-0.00 0.74,0.05 0.56,0.13 -0.04,0.39 -0.02,0.85 0.17,1.35 0.76,1.16 1.05,0.65 1.40,0.90 1.73,0.76 1.43,0.33
0.00 0.00 0.0 | 1.15,0.00 0.36,-0.15 0.22,-0.22 0.08,-0.19 0.00,-0.20 -0.07,-0.16 -0.08,-0.08 -0.08,-0.03 -0.10,-0.00 -0.14,0.06 -0.15,0.15 -0.11,0.26 -0.00,0.34 0.11,0.27 0.83,0.83 1.33,0.55
0.00 0.00 12.1 | 1.14,0.24 0.38,-0.07 0.27,-0.17 0.12,-0.17 0.04,-0.19 -0.03,-0.17 -0.05,-0.08 -0.08,-0.05 -0.10,-0.02 -0.15,0.03 -0.18,0.12 -0.16,0.23 -0.07,0.33 0.06,0.29 0.63,0.98 1.19,0.82
0.07 0.02 20.3 | 0.82,0.30 0.41,0.01 0.34,-0.10 0.20,-0.12 0.13,-0.14 0.06,-0.22 0.01,-0.11 -0.04,-0.07 -0.10,-0.04 -0.16,0.03 -0.21,0.15 -0.15,0.26 -0.04,0.31 0.08,0.47 0.47,0.91 1.04,0.93
0.13 0.05 23.4 | 0.62,0.26 0.41,0.06 0.37,-0.05 0.28,-0.10 0.20,-0.12 0.13,-0.16 0.05,-0.15 -0.01,-0.09 -0.08,-0.04 -0.16,0.05 -0.19,0.18 -0.12,0.29 0.01,0.32 0.12,0.51 0.48,0.95 0.25,0.17
0.13 0.05 34.7 | 0.39,0.23 0.39,0.11 0.37,0.01 0.29,-0.05 0.25,-0.12 0.18,-0.18 0.10,-0.13 0.01,-0.13 -0.10,-0.11 -0.21,-0.02 -0.21,0.11 -0.08,0.19 -0.11,0.40 -0.07,0.98 0.36,1.31 0.54,0.70
0.08 0.01 41.4 | 0.35,0.25 0.37,0.11 0.33,-0.01 0.26,-0.08 0.26,-0.20 0.13,-0.14 0.07,-0.14 0.00,-0.15 -0.11,-0.16 -0.22,-0.10 -0.23,0.03 -0.15,0.12 -0.20,0.32 -0.23,0.92 0.16,1.31 0.44,0.74
0.08 0.01 39.3 | 0.36,0.24 0.36,0.09 0.33,-0.02 0.26,-0.09 0.26,-0.21 0.12,-0.15 0.06,-0.16 -0.02,-0.17 -0.12,-0.16 -0.23,0.04 -0.16,0.13 -0.19,0.33 -0.20,0.92 0.21,1.31 0.47,0.73
0.08 0.01 54.9 | 0.27,0.28 0.29,0.14 0.29,0.04 0.34,-0.05 0.23,-0.10 0.17,-0.14 0.11,-0.20 0.02,-0.25 -0.10,-0.25 -0.18,-0.15 -0.20,-0.04 -0.31,0.09 -0.73,0.57 -0.64,1.13 -0.10,1.05 0.16,0.37
0.05 -0.05 58.4 | 0.24,0.26 0.28,0.11 0.30,0.01 0.28,-0.09 0.18,-0.13 0.14,-0.18 0.09,-0.23 0.02,-0.25 -0.09,-0.27 -0.16,-0.20 -0.18,-0.11 -0.17,-0.02 -0.88,0.52 -0.75,1.05 -0.21,1.03 0.12,0.38
0.02 -0.11 63.0 | 0.20,0.25 0.27,0.10 0.31,-0.02 0.18,-0.13 0.14,-0.18 0.12,-0.24 0.07,-0.27 0.00,-0.29 -0.08,-0.29 -0.15,-0.25 -0.20,-0.18 -0.19,-0.10 -0.35,0.08 -0.89,0.95 -0.34,0.99 0.06,0.39
0.02 -0.11 65.5 | 0.18,0.26 0.26,0.11 0.30,-0.01 0.19,-0.12 0.16,-0.18 0.12,-0.22 0.07,-0.25 0.01,-0.28 -0.06,-0.29 -0.12,-0.24 -0.19,-0.19 -0.19,-0.10 -0.37,0.07 -0.94,0.92 -0.39,0.99 0.04,0.40
0.03 -0.05 81.0 | 0.07,0.24 0.16,0.17 0.21,0.08 0.18,-0.01 0.17,-0.07 0.17,-0.14 0.15,-0.21 0.09,-0.31 -0.01,-0.29 -0.11,-0.28 -0.15,-0.18 -1.06,-0.31 -1.36,0.17 -0.95,0.55 -0.23,0.31 -0.06,0.30
0.03 -0.04 100.2 | -0.02,0.20 0.08,0.21 0.11,0.08 0.15,0.04 0.22,-0.01 0.21,-0.08 0.25,-0.20 0.16,-0.26 0.07,-0.29 -0.02,-0.26 -0.25,-0.44 -1.15,-0.79 -1.11,-0.25 -0.44,0.06 -0.27,0.16 -0.14,0.21
0.04 -0.11 106.9 | 0.07,0.15 0.13,0.06 0.19,0.01 0.23,-0.05 0.24,-0.13 0.23,-0.20 0.18,-0.27 0.10,-0.31 0.03,-0.28 -0.14,-0.46 -1.02,-0.98 -0.05,-0.14 -0.55,-0.05 -0.32,0.09 -0.17,0.16
0.06 -0.17 107.2 | -0.04,0.16 0.09,0.09 0.16,0.01 0.21,-0.05 0.25,-0.11 0.27,-0.19 0.21,-0.25 0.17,-0.30 0.11,-0.32 0.05,-0.31 -0.10,-0.48 -1.81,-1.72 -1.11,-0.53 -0.54,-0.12 -0.33,0.03 -0.20,0.15
0.08 -0.24 108.2 | -0.05,0.15 0.10,0.04 0.19,-0.03 0.23,-0.11 0.25,-0.18 0.22,-0.25 0.20,-0.29 0.17,-0.34 0.11,-0.33 0.08,-0.34 0.04,-0.32 -0.57,-0.80 -1.23,-0.67 -0.35,-0.02 -0.22,0.11
0.10 -0.30 108.2 | -0.02,0.07 0.12,-0.03 0.21,-0.08 0.27,-0.16 0.29,-0.24 0.24,-0.31 0.21,-0.36 0.18,-0.40 0.13,-0.40 0.10,-0.41 0.06,-0.39 -0.94,-1.20 -1.05,-0.68 -0.32,-0.09 -0.20,0.05
0.12 -0.37 107.1 | 0.00,0.03 0.15,-0.10 0.23,-0.16 0.28,-0.23 0.31,-0.31 0.26,-0.38 0.25,-0.43 0.20,-0.46 0.16,-0.47 0.11,-0.46 0.07,-0.46 -0.91,-1.22 -1.01,-0.71 -0.50,-0.31 -0.29,-0.15 -0.17,-0.02
0.15 -0.43 110.7 | 0.01,-0.05 0.16,-0.16 0.24,-0.22 0.29,-0.30 0.34,-0.36 0.29,-0.43 0.26,-0.48 0.24,-0.52 0.18,-0.52 0.15,-0.52 0.12,-0.50 -0.83,-1.35 -0.94,-0.84 -0.48,-0.41 -0.29,-0.23 -0.15,-0.11
0.17 -0.49 115.9 | -0.01,-0.11 0.16,-0.23 0.25,-0.26 0.31,-0.34 0.34,-0.41 0.32,-0.48 0.30,-0.53 0.27,-0.57 0.22,-0.58 0.18,-0.57 0.14,-0.58 -0.71,-1.48 -0.87,-1.00 -0.46,-0.53 -0.28,-0.33 -0.16,-0.20
0.20 -0.55 111.4 | 0.05,-0.17 0.20,-0.30 0.29,-0.35 0.34,-0.42 0.38,-0.48 0.33,-0.56 0.32,-0.60 0.29,-0.64 0.23,-0.64 0.20,-0.63 0.16,-0.65 -0.75,-1.47 -0.86,-0.97 -0.43,-0.54 -0.25,-0.36 -0.10,-0.24
0.22 -0.61 114.6 | 0.05,-0.22 0.22,-0.36 0.30,-0.40 0.36,-0.47 0.40,-0.54 0.36,-0.61 0.36,-0.66 0.30,-0.69 0.27,-0.71 0.23,-0.71 0.19,-0.70 -0.65,-1.56 -0.81,-1.09 -0.40,-0.64 -0.23,-0.45 -0.08,-0.33
0.26 -0.67 117.4 | 0.05,-0.28 0.23,-0.43 0.33,-0.44 0.38,-0.52 0.43,-0.59 0.40,-0.66 0.39,-0.72 0.35,-0.75 0.30,-0.76 0.26,-0.78 0.22,-0.78 -0.56,-1.64 -0.75,-1.19 -0.34,-0.73 -0.21,-0.53 -0.07,-0.40
0.28 -0.74 115.6 | 0.09,-0.33 0.27,-0.49 0.36,-0.52 0.42,-0.59 0.45,-0.66 0.41,-0.73 0.40,-0.78 0.38,-0.82 0.32,-0.82 0.29,-0.83 0.17,-1.05 -0.58,-1.69 -0.68,-1.20 -0.31,-0.77 -0.17,-0.58 -0.03,-0.46
0.31 -0.79 116.6 | 0.12,-0.40 0.30,-0.53 0.38,-0.59 0.45,-0.64 0.48,-0.71 0.46,-0.78 0.44,-0.84 0.40,-0.87 0.36,-0.88 0.32,-0.89 0.21,-1.12 -0.55,-1.79 -0.56,-1.24 -0.25,-0.84 -0.13,-0.65 0.01,-0.53
0.35 -0.85 121.5 | 0.13,-0.49 0.31,-0.59 0.40,-0.63 0.47,-0.69 0.48,-0.83 0.47,-0.88 0.44,-0.92 0.40,-0.93 0.36,-0.94 0.26,-1.21 -0.43,-1.92 -0.43,-1.33 -0.19,-0.94 -0.12,-0.74 0.01,-0.61
0.38 -0.91 117.1 | 0.21,-0.58 0.36,-0.68 0.45,-0.70 0.51,-0.76 0.53,-0.84 0.52,-0.90 0.52,-0.96 0.46,-0.98 0.43,-1.00 0.39,-0.99 0.11,-1.76 -0.51,-1.96 -0.38,-1.30 -0.16,-0.96 -0.08,-0.76 0.07,-0.64
0.41 -0.97 120.7 | 0.24,-0.68 0.38,-0.72 0.47,-0.75 0.53,-0.81 0.54,-0.89 0.54,-0.95 0.54,-1.00 0.50,-1.04 0.47,-1.06 0.43,-1.06 0.20,-1.82 -0.42,-2.09 -0.31,-1.40 -0.09,-1.04 -0.05,-0.85 0.10,-0.74
0.45 -1.03 121.3 | 0.28,-0.75 0.41,-0.77 0.50,-0.82 0.56,-0.87 0.57,-0.95 0.59,-1.00 0.56,-1.05 0.54,-1.09 0.49,-1.09 0.46,-1.11 0.24,-1.89 -0.38,-2.16 -0.27,-1.47 -0.05,-1.10 -0.02,-0.91 0.12,-0.78
0.49 -1.08 123.7 | 0.32,-0.83 0.44,-0.83 0.53,-0.86 0.59,-0.93 0.61,-1.00 0.62,-1.06 0.61,-1.11 0.58,-1.14 0.53,-1.15 0.50,-1.18 0.31,-1.97 -0.28,-2.23 -0.22,-1.55 -0.00,-1.18 0.02,-0.99 0.15,-0.86
0.52 -1.14 123.1 | 0.35,-0.88 0.48,-0.91 0.56,-0.94 0.63,-0.98 0.65,-1.06 0.64,-1.12 0.65,-1.17 0.62,-1.21 0.57,-1.21 0.54,-1.24 0.34,-2.02 -0.25,-2.27 -0.18,-1.60 0.04,-1.23 0.06,-1.04 0.19,-0.91
0.56 -1.20 123.1 | 0.40,-0.94 0.52,-0.96 0.61,-0.98 0.66,-1.05 0.68,-1.12 0.68,-1.17 0.70,-1.22 0.65,-1.25 0.61,-1.27 0.58,-1.29 0.38,-2.08 -0.21,-2.32 0.01,-1.55 0.08,-1.29 0.10,-1.10 0.23,-0.96
0.61 -1.25 123.9 | 0.44,-1.01 0.56,-1.01 0.65,-1.04 0.71,-1.09 0.72,-1.17 0.73,-1.22 0.75,-1.27 0.69,-1.30 0.66,-1.33 0.63,-1.34 0.43,-2.12 -0.14,-2.37 0.05,-1.62 0.14,-1.34 0.16,-1.16 0.28,-1.03
0.65 -1.30 128.1 | 0.48,-1.08 0.58,-1.07 0.67,-1.09 0.74,-1.13 0.75,-1.22 0.78,-1.26 0.79,-1.32 0.73,-1.35 0.70,-1.37 0.68,-1.40 0.54,-2.17 -0.01,-2.47 0.13,-1.71 0.18,-1.43 0.18,-1.24 0.29,-1.10
0.69 -1.35 127.5 | 0.53,-1.14 0.63,-1.13 0.72,-1.15 0.79,-1.18 0.80,-1.26 0.82,-1.31 0.82,-1.37 0.78,-1.40 0.75,-1.43 0.71,-1.44 0.58,-2.21 0.01,-2.54 0.18,-1.74 0.21,-1.48 0.23,-1.29
