31786.8 MEET2 start. HOLDING. d11 loop begins.
31786.9 RX GOAL NO STUCK NO
31787.0 RX GOAL NO STUCK NO
31787.1 RX GOAL NO STUCK NO
31787.2 RX GOAL NO STUCK NO
31787.3 RX GOAL NO STUCK NO
31787.4 RX GOAL NO STUCK NO
31787.5 RX GOAL NO STUCK NO
31787.6 RX GOAL NO STUCK NO
31787.7 RX HDG=198 d11 GOOD
31787.8 RX HDG=198 d11 GOOD
31787.9 RX HDG=198 d11 GOOD
31788.0 RX HDG=198 d11 GOOD
31788.1 RX HDG=198 d11 GOOD
31788.2 RX HDG=198 d11 GOOD
31788.3 RX HDG=198 d11 GOOD
31788.4 RX HDG=198 d11 GOOD
31788.5 RX HDG=198 d11 GOOD
31788.6 RX HDG=198 d11 GOOD
31788.7 RX HDG=198 d11 GOOD
31788.8 RX HDG=198 d11 GOOD
31788.9 RX HDG=198 d11 GOOD
31789.0 RX A ALIVE HDG=198
31789.1 RX A ALIVE HDG=198
31789.2 RX A ALIVE HDG=198
31789.3 RX A ALIVE HDG=198
31789.4 RX A ALIVE HDG=198
31789.5 RX A ALIVE HDG=198
31789.6 RX A ALIVE HDG=198
31789.7 RX A ALIVE HDG=198
31789.8 RX A ALIVE HDG=198
31789.9 RX A ALIVE HDG=198
31790.0 RX A ALIVE HDG=198
31790.1 RX A ALIVE HDG=198
31790.2 RX A ALIVE HDG=198
31790.3 RX A ALIVE HDG=198
31790.4 RX SEE
31790.5 RX SEE
31790.6 RX SEE
31790.7 RX SEE
31790.8 RX SEE
31790.9 RX SEE
31791.0 RX SEE
31791.1 RX SEE
31791.2 RX SEE
31791.3 RX SEE
31791.4 RX SEE
31791.5 RX SEE
31791.6 RX SEE
31791.7 RX SEE
31791.8 RX A HOLDING HERE COME
31791.9 RX A HOLDING HERE COME
31792.0 RX A HOLDING HERE COME
31792.1 RX A HOLDING HERE COME
31792.2 RX A HOLDING HERE COME
31792.3 RX A HOLDING HERE COME
31792.4 RX A HOLDING HERE COME
31792.5 RX A HOLDING HERE COME
31792.6 RX A HOLDING HERE COME
31792.7 RX A HOLDING HERE COME
31792.8 RX A HOLDING HERE COME
31792.9 RX A HOLDING HERE COME
31793.0 RX A HOLDING HERE COME
31793.1 RX A HOLDING HERE COME
31793.2 RX READY
31793.3 RX READY
31793.4 RX READY
31793.5 RX READY
31793.6 RX READY
31793.7 RX READY
31793.8 RX READY
31793.9 RX READY
31794.0 RX READY
31794.1 RX READY
31794.2 RX READY
31794.3 RX READY
31794.4 RX READY
31794.5 RX READY
31794.6 RX POS UNKNOWN d11=HIGH
31794.7 RX POS UNKNOWN d11=HIGH
31794.8 d11=0.680 hdg=276
31794.8 RX POS UNKNOWN d11=HIGH
31794.9 RX POS UNKNOWN d11=HIGH
31795.0 RX POS UNKNOWN d11=HIGH
31795.1 RX POS UNKNOWN d11=HIGH
31795.2 RX POS UNKNOWN d11=HIGH
31795.3 RX POS UNKNOWN d11=HIGH
31795.4 RX POS UNKNOWN d11=HIGH
31795.5 RX POS UNKNOWN d11=HIGH
31795.6 RX POS UNKNOWN d11=HIGH
31795.7 RX POS UNKNOWN d11=HIGH
31795.8 RX POS UNKNOWN d11=HIGH
31795.9 RX POS UNKNOWN d11=HIGH
31796.0 RX GOAL NO STUCK NO
31796.1 RX GOAL NO STUCK NO
31796.2 RX GOAL NO STUCK NO
31796.3 RX GOAL NO STUCK NO
31796.4 RX GOAL NO STUCK NO
31796.5 RX GOAL NO STUCK NO
31796.6 RX GOAL NO STUCK NO
31796.7 RX GOAL NO STUCK NO
31796.8 RX GOAL NO STUCK NO
31796.9 RX GOAL NO STUCK NO
31797.0 RX GOAL NO STUCK NO
31797.1 RX GOAL NO STUCK NO
31797.2 RX GOAL NO STUCK NO
31797.3 RX GOAL NO STUCK NO
31797.4 RX HDG=198 d11 GOOD
31797.5 RX HDG=198 d11 GOOD
31797.6 RX HDG=198 d11 GOOD
31797.7 RX HDG=198 d11 GOOD
31797.8 RX HDG=198 d11 GOOD
31797.9 RX HDG=198 d11 GOOD
31798.0 RX HDG=198 d11 GOOD
31798.1 RX HDG=198 d11 GOOD
31798.2 RX HDG=198 d11 GOOD
31798.3 RX HDG=198 d11 GOOD
31798.4 RX HDG=198 d11 GOOD
31798.5 RX HDG=198 d11 GOOD
31798.6 RX HDG=198 d11 GOOD
31798.7 RX HDG=198 d11 GOOD
31798.8 RX A ALIVE HDG=198
31798.9 RX A ALIVE HDG=198
31799.0 RX A ALIVE HDG=198
31799.1 RX A ALIVE HDG=198
31799.2 RX A ALIVE HDG=198
31799.3 RX A ALIVE HDG=198
31799.4 RX A ALIVE HDG=198
31799.5 RX A ALIVE HDG=198
31799.6 RX A ALIVE HDG=198
31799.7 RX A ALIVE HDG=198
31799.8 RX A ALIVE HDG=198
31799.9 RX A ALIVE HDG=198
31800.0 RX A ALIVE HDG=198
31800.1 RX A ALIVE HDG=198
31800.2 RX SEE
31800.3 RX SEE
31800.4 RX SEE
31800.5 RX SEE
31800.6 RX SEE
31800.7 RX SEE
31800.8 RX SEE
31800.9 RX SEE
31801.0 RX SEE
31801.1 RX SEE
31801.2 RX SEE
31801.3 RX SEE
31801.4 RX SEE
31801.5 RX SEE
31801.6 RX A HOLDING HERE COME
31801.7 RX A HOLDING HERE COME
31801.8 RX A HOLDING HERE COME
31801.9 RX A HOLDING HERE COME
31802.0 RX A HOLDING HERE COME
31802.1 RX A HOLDING HERE COME
31802.2 RX A HOLDING HERE COME
31802.3 RX A HOLDING HERE COME
31802.4 RX A HOLDING HERE COME
31802.5 RX A HOLDING HERE COME
31802.6 RX A HOLDING HERE COME
31802.7 RX A HOLDING HERE COME
31802.8 d11=0.695 hdg=277
31802.8 RX A HOLDING HERE COME
31802.9 RX A HOLDING HERE COME
31803.0 RX READY
31803.1 RX READY
31803.2 RX READY
31803.3 RX READY
31803.4 RX READY
31803.5 RX READY
31803.6 RX READY
31803.7 RX READY
31803.8 RX READY
31803.9 RX READY
31804.0 RX READY
31804.1 RX READY
31804.2 RX READY
31804.3 RX READY
31804.4 RX POS UNKNOWN d11=HIGH
31804.5 RX POS UNKNOWN d11=HIGH
31804.6 RX POS UNKNOWN d11=HIGH
31804.7 RX POS UNKNOWN d11=HIGH
31804.8 RX POS UNKNOWN d11=HIGH
31804.9 RX POS UNKNOWN d11=HIGH
31805.0 RX POS UNKNOWN d11=HIGH
31805.1 RX POS UNKNOWN d11=HIGH
31805.2 RX POS UNKNOWN d11=HIGH
31805.3 RX POS UNKNOWN d11=HIGH
31805.4 RX POS UNKNOWN d11=HIGH
31805.5 RX POS UNKNOWN d11=HIGH
31805.6 RX POS UNKNOWN d11=HIGH
31805.7 RX POS UNKNOWN d11=HIGH
31805.8 RX GOAL NO STUCK NO
31805.9 RX GOAL NO STUCK NO
31806.0 RX GOAL NO STUCK NO
31806.1 RX GOAL NO STUCK NO
31806.2 RX GOAL NO STUCK NO
31806.3 RX GOAL NO STUCK NO
31806.4 RX GOAL NO STUCK NO
31806.5 RX GOAL NO STUCK NO
31806.6 RX GOAL NO STUCK NO
31806.7 RX GOAL NO STUCK NO
31806.8 RX GOAL NO STUCK NO
31806.9 RX GOAL NO STUCK NO
31807.0 RX GOAL NO STUCK NO
31807.1 RX GOAL NO STUCK NO
31807.2 RX HDG=198 d11 GOOD
31807.3 RX HDG=198 d11 GOOD
31807.4 RX HDG=198 d11 GOOD
31807.5 RX HDG=198 d11 GOOD
31807.6 RX HDG=198 d11 GOOD
31807.7 RX HDG=198 d11 GOOD
31807.8 RX HDG=198 d11 GOOD
31807.9 RX HDG=198 d11 GOOD
31808.0 RX HDG=198 d11 GOOD
31808.1 RX HDG=198 d11 GOOD
31808.2 RX HDG=198 d11 GOOD
31808.3 RX HDG=198 d11 GOOD
31808.4 RX HDG=198 d11 GOOD
31808.5 RX HDG=198 d11 GOOD
31808.6 RX A ALIVE HDG=198
31808.7 RX A ALIVE HDG=198
31808.8 RX A ALIVE HDG=198
31808.9 RX A ALIVE HDG=198
31809.0 RX A ALIVE HDG=198
31809.1 RX A ALIVE HDG=198
31809.2 RX A ALIVE HDG=198
31809.3 RX A ALIVE HDG=198
31809.4 RX A ALIVE HDG=198
31809.5 RX A ALIVE HDG=198
31809.6 RX A ALIVE HDG=198
31809.7 RX A ALIVE HDG=198
31809.8 RX A ALIVE HDG=198
31809.9 RX SEE
31810.0 RX SEE
31810.1 RX SEE
31810.2 RX SEE
31810.3 RX SEE
31810.4 RX SEE
31810.5 RX SEE
31810.6 RX SEE
31810.7 RX SEE
31810.8 d11=0.671 hdg=276
31810.8 RX SEE
31810.9 RX SEE
31811.0 RX SEE
31811.1 RX SEE
31811.2 RX SEE
31811.3 RX SEE
31811.4 RX A HOLDING HERE COME
31811.5 RX A HOLDING HERE COME
31811.6 RX A HOLDING HERE COME
31811.7 RX A HOLDING HERE COME
31811.8 RX A HOLDING HERE COME
31811.9 RX A HOLDING HERE COME
31812.0 RX A HOLDING HERE COME
31812.1 RX A HOLDING HERE COME
31812.2 RX A HOLDING HERE COME
31812.3 RX A HOLDING HERE COME
31812.4 RX A HOLDING HERE COME
31812.5 RX A HOLDING HERE COME
31812.6 RX A HOLDING HERE COME
31812.7 RX A HOLDING HERE COME
31812.8 RX READY
31812.9 RX READY
31813.0 RX READY
31813.1 RX READY
31813.2 RX READY
31813.3 RX READY
31813.4 RX READY
31813.5 RX READY
31813.6 RX READY
31813.7 RX READY
31813.8 RX READY
31813.9 RX READY
31814.0 RX READY
31814.1 RX READY
31814.2 RX POS UNKNOWN d11=HIGH
31814.3 RX POS UNKNOWN d11=HIGH
31814.4 RX POS UNKNOWN d11=HIGH
31814.5 RX POS UNKNOWN d11=HIGH
31814.6 RX POS UNKNOWN d11=HIGH
31814.7 RX POS UNKNOWN d11=HIGH
31814.8 RX POS UNKNOWN d11=HIGH
31814.9 RX POS UNKNOWN d11=HIGH
31815.0 RX POS UNKNOWN d11=HIGH
31815.1 RX POS UNKNOWN d11=HIGH
31815.2 RX POS UNKNOWN d11=HIGH
31815.3 RX POS UNKNOWN d11=HIGH
31815.4 RX POS UNKNOWN d11=HIGH
31815.5 RX POS UNKNOWN d11=HIGH
31815.6 RX GOAL NO STUCK NO
31815.7 RX GOAL NO STUCK NO
31815.8 RX GOAL NO STUCK NO
31815.9 RX GOAL NO STUCK NO
31816.0 RX GOAL NO STUCK NO
31816.1 RX GOAL NO STUCK NO
31816.2 RX GOAL NO STUCK NO
31816.3 RX GOAL NO STUCK NO
31816.4 RX GOAL NO STUCK NO
31816.5 RX GOAL NO STUCK NO
31816.6 RX GOAL NO STUCK NO
31816.7 RX GOAL NO STUCK NO
31816.8 RX GOAL NO STUCK NO
31816.9 RX GOAL NO STUCK NO
31817.0 RX HDG=198 d11 GOOD
31817.1 RX HDG=198 d11 GOOD
31817.2 RX HDG=198 d11 GOOD
31817.3 RX HDG=198 d11 GOOD
31817.4 RX HDG=198 d11 GOOD
31817.5 RX HDG=198 d11 GOOD
31817.6 RX HDG=198 d11 GOOD
31817.7 RX HDG=198 d11 GOOD
31817.8 RX HDG=198 d11 GOOD
31817.9 RX HDG=198 d11 GOOD
31818.0 RX HDG=198 d11 GOOD
31818.1 RX HDG=198 d11 GOOD
31818.2 RX HDG=198 d11 GOOD
31818.3 RX HDG=198 d11 GOOD
31818.4 RX A ALIVE HDG=198
31818.5 RX A ALIVE HDG=198
31818.6 RX A ALIVE HDG=198
31818.7 RX A ALIVE HDG=198
31818.8 d11=0.682 hdg=276
31818.8 RX A ALIVE HDG=198
31818.9 RX A ALIVE HDG=198
31819.0 RX A ALIVE HDG=198
31819.1 RX A ALIVE HDG=198
31819.2 RX A ALIVE HDG=198
31819.3 RX A ALIVE HDG=198
31819.4 RX A ALIVE HDG=198
31819.5 RX A ALIVE HDG=198
31819.6 RX A ALIVE HDG=198
31819.7 RX A ALIVE HDG=198
31819.8 RX SEE
31819.9 RX SEE
31820.0 RX SEE
31820.1 RX SEE
31820.2 RX SEE
31820.3 RX SEE
31820.4 RX SEE
31820.5 RX SEE
31820.6 RX SEE
31820.7 RX SEE
31820.8 RX SEE
31820.9 RX SEE
31821.0 RX SEE
31821.1 RX SEE
31821.2 RX A HOLDING HERE COME
31821.3 RX A HOLDING HERE COME
31821.4 RX A HOLDING HERE COME
31821.5 RX A HOLDING HERE COME
31821.6 RX A HOLDING HERE COME
31821.7 RX A HOLDING HERE COME
31821.8 RX A HOLDING HERE COME
31821.9 RX A HOLDING HERE COME
31822.0 RX A HOLDING HERE COME
31822.1 RX A HOLDING HERE COME
31822.2 RX A HOLDING HERE COME
31822.3 RX A HOLDING HERE COME
31822.4 RX A HOLDING HERE COME
31822.5 RX A HOLDING HERE COME
31822.6 RX READY
31822.7 RX READY
31822.8 RX READY
31822.9 RX READY
31823.0 RX READY
31823.1 RX READY
31823.2 RX READY
31823.3 RX READY
31823.4 RX READY
31823.5 RX READY
31823.6 RX READY
31823.7 RX READY
31823.8 RX READY
31823.9 RX POS UNKNOWN d11=HIGH
31824.0 RX POS UNKNOWN d11=HIGH
31824.1 RX POS UNKNOWN d11=HIGH
31824.2 RX POS UNKNOWN d11=HIGH
31824.3 RX POS UNKNOWN d11=HIGH
31824.4 RX POS UNKNOWN d11=HIGH
31824.5 RX POS UNKNOWN d11=HIGH
31824.6 RX POS UNKNOWN d11=HIGH
31824.7 RX POS UNKNOWN d11=HIGH
31824.8 RX POS UNKNOWN d11=HIGH
31824.9 RX POS UNKNOWN d11=HIGH
31825.0 RX POS UNKNOWN d11=HIGH
31825.1 RX POS UNKNOWN d11=HIGH
31825.2 RX POS UNKNOWN d11=HIGH
31825.3 RX POS UNKNOWN d11=HIGH
31825.5 RX GOAL NO STUCK NO
31825.6 RX GOAL NO STUCK NO
31825.7 RX GOAL NO STUCK NO
31825.8 RX GOAL NO STUCK NO
31825.9 RX GOAL NO STUCK NO
31826.0 RX GOAL NO STUCK NO
31826.1 RX GOAL NO STUCK NO
31826.2 RX GOAL NO STUCK NO
31826.3 RX GOAL NO STUCK NO
31826.4 RX GOAL NO STUCK NO
31826.5 RX GOAL NO STUCK NO
31826.6 RX GOAL NO STUCK NO
31826.7 RX GOAL NO STUCK NO
31826.8 RX GOAL NO STUCK NO
31826.9 d11=0.693 hdg=274
31826.9 RX HDG=198 d11 GOOD
31827.0 RX HDG=198 d11 GOOD
31827.1 RX HDG=198 d11 GOOD
31827.2 RX HDG=198 d11 GOOD
31827.3 RX HDG=198 d11 GOOD
31827.4 RX HDG=198 d11 GOOD
31827.5 RX HDG=198 d11 GOOD
31827.6 RX HDG=198 d11 GOOD
31827.7 RX HDG=198 d11 GOOD
31827.8 RX HDG=198 d11 GOOD
31827.9 RX HDG=198 d11 GOOD
31828.0 RX HDG=198 d11 GOOD
31828.1 RX HDG=198 d11 GOOD
31828.2 RX A ALIVE HDG=198
31828.3 RX A ALIVE HDG=198
31828.4 RX A ALIVE HDG=198
31828.5 RX A ALIVE HDG=198
31828.6 RX A ALIVE HDG=198
31828.7 RX A ALIVE HDG=198
31828.8 RX A ALIVE HDG=198
31828.9 RX A ALIVE HDG=198
31829.0 RX A ALIVE HDG=198
31829.1 RX A ALIVE HDG=198
31829.2 RX A ALIVE HDG=198
31829.3 RX A ALIVE HDG=198
31829.4 RX A ALIVE HDG=198
31829.5 RX A ALIVE HDG=198
31829.6 RX SEE
31829.7 RX SEE
31829.8 RX SEE
31829.9 RX SEE
31830.0 RX SEE
31830.1 RX SEE
31830.2 RX SEE
31830.3 RX SEE
31830.4 RX SEE
31830.5 RX SEE
31830.6 RX SEE
31830.7 RX SEE
31830.8 RX SEE
31830.9 RX SEE
31831.0 RX A HOLDING HERE COME
31831.1 RX A HOLDING HERE COME
31831.2 RX A HOLDING HERE COME
31831.3 RX A HOLDING HERE COME
31831.4 RX A HOLDING HERE COME
31831.5 RX A HOLDING HERE COME
31831.6 RX A HOLDING HERE COME
31831.7 RX A HOLDING HERE COME
31831.8 RX A HOLDING HERE COME
31831.9 RX A HOLDING HERE COME
31832.0 RX A HOLDING HERE COME
31832.1 RX A HOLDING HERE COME
31832.2 RX A HOLDING HERE COME
31832.3 RX A HOLDING HERE COME
31832.4 RX A HOLDING HERE COME
31832.5 RX READY
31832.6 RX READY
31832.7 RX READY
31832.8 RX READY
31832.9 RX READY
31833.0 RX READY
31833.1 RX READY
31833.2 RX READY
31833.3 RX READY
31833.4 RX READY
31833.5 RX READY
31833.6 RX READY
31833.7 RX READY
31833.8 RX READY
31833.9 RX POS UNKNOWN d11=HIGH
31834.0 RX POS UNKNOWN d11=HIGH
31834.1 RX POS UNKNOWN d11=HIGH
31834.2 RX POS UNKNOWN d11=HIGH
31834.3 RX POS UNKNOWN d11=HIGH
31834.4 RX POS UNKNOWN d11=HIGH
31834.5 RX POS UNKNOWN d11=HIGH
31834.6 RX POS UNKNOWN d11=HIGH
31834.7 RX POS UNKNOWN d11=HIGH
31834.8 RX POS UNKNOWN d11=HIGH
31834.9 d11=0.686 hdg=274
31834.9 RX POS UNKNOWN d11=HIGH
31835.0 RX POS UNKNOWN d11=HIGH
31835.1 RX POS UNKNOWN d11=HIGH
31835.2 RX POS UNKNOWN d11=HIGH
31835.3 RX GOAL NO STUCK NO
31835.4 RX GOAL NO STUCK NO
31835.5 RX GOAL NO STUCK NO
31835.6 RX GOAL NO STUCK NO
31835.7 RX GOAL NO STUCK NO
31835.8 RX GOAL NO STUCK NO
31835.9 RX GOAL NO STUCK NO
31836.0 RX GOAL NO STUCK NO
31836.1 RX GOAL NO STUCK NO
31836.2 RX GOAL NO STUCK NO
31836.3 RX GOAL NO STUCK NO
31836.4 RX GOAL NO STUCK NO
31836.5 RX GOAL NO STUCK NO
31836.6 RX HDG=198 d11 GOOD
31836.7 RX HDG=198 d11 GOOD
31836.8 RX HDG=198 d11 GOOD
31836.9 RX HDG=198 d11 GOOD
31837.0 RX HDG=198 d11 GOOD
31837.1 RX HDG=198 d11 GOOD
31837.2 RX HDG=198 d11 GOOD
31837.3 RX HDG=198 d11 GOOD
31837.4 RX HDG=198 d11 GOOD
31837.5 RX HDG=198 d11 GOOD
31837.6 RX HDG=198 d11 GOOD
31837.7 RX HDG=198 d11 GOOD
31837.8 RX HDG=198 d11 GOOD
31837.9 RX HDG=198 d11 GOOD
31838.0 RX A ALIVE HDG=198
31838.1 RX A ALIVE HDG=198
31838.2 RX A ALIVE HDG=198
31838.3 RX A ALIVE HDG=198
31838.4 RX A ALIVE HDG=198
31838.5 RX A ALIVE HDG=198
31838.6 RX A ALIVE HDG=198
31838.7 RX A ALIVE HDG=198
31838.8 RX A ALIVE HDG=198
31838.9 RX A ALIVE HDG=198
31839.0 RX A ALIVE HDG=198
31839.1 RX A ALIVE HDG=198
31839.2 RX A ALIVE HDG=198
31839.3 RX A ALIVE HDG=198
31839.4 RX A ALIVE HDG=198
31839.5 RX SEE
31839.6 RX SEE
31839.7 RX SEE
31839.8 RX SEE
31839.9 RX SEE
31840.0 RX SEE
31840.1 RX SEE
31840.2 RX SEE
31840.3 RX SEE
31840.4 RX SEE
31840.5 RX SEE
31840.6 RX SEE
31840.7 RX SEE
31840.8 RX SEE
31840.9 RX A HOLDING HERE COME
31841.0 RX A HOLDING HERE COME
31841.1 RX A HOLDING HERE COME
31841.2 RX A HOLDING HERE COME
31841.3 RX A HOLDING HERE COME
31841.4 RX A HOLDING HERE COME
31841.5 RX A HOLDING HERE COME
31841.6 RX A HOLDING HERE COME
31841.7 RX A HOLDING HERE COME
31841.8 RX A HOLDING HERE COME
31841.9 RX A HOLDING HERE COME
31842.0 RX A HOLDING HERE COME
31842.1 RX A HOLDING HERE COME
31842.2 RX READY
31842.3 RX READY
31842.4 RX READY
31842.5 RX READY
31842.6 RX READY
31842.7 RX READY
31842.8 RX READY
31842.9 d11=0.684 hdg=272
31842.9 RX READY
31843.0 RX READY
31843.1 RX READY
31843.2 RX READY
31843.3 RX READY
31843.4 RX READY
31843.5 RX READY
31843.6 RX READY
31843.7 RX READY
31843.8 RX READY
31843.9 RX READY
31844.0 RX READY
31844.1 RX READY
31844.2 RX READY
31844.3 RX READY
31844.4 RX READY
31844.5 RX READY
31844.6 RX READY
31844.7 RX READY
31844.8 RX READY
31844.9 RX READY
31845.0 RX READY
31845.1 RX READY
31845.2 RX READY
31845.3 RX READY
31845.4 RX READY
31845.5 RX READY
31845.6 RX READY
31845.7 RX POS UNKNOWN d11 RISING
31845.8 RX POS UNKNOWN d11 RISING
31845.9 RX POS UNKNOWN d11 RISING
31846.0 RX POS UNKNOWN d11 RISING
31846.1 RX POS UNKNOWN d11 RISING
31846.2 RX POS UNKNOWN d11 RISING
31846.3 RX POS UNKNOWN d11 RISING
31846.4 RX POS UNKNOWN d11 RISING
31846.5 RX POS UNKNOWN d11 RISING
31846.6 RX POS UNKNOWN d11 RISING
31846.7 RX POS UNKNOWN d11 RISING
31846.8 RX POS UNKNOWN d11 RISING
31846.9 RX POS UNKNOWN d11 RISING
31847.0 RX POS UNKNOWN d11 RISING
31847.1 RX GOAL NO STUCK NO
31847.2 RX GOAL NO STUCK NO
31847.3 RX GOAL NO STUCK NO
31847.4 RX GOAL NO STUCK NO
31847.5 RX GOAL NO STUCK NO
31847.6 RX GOAL NO STUCK NO
31847.7 RX GOAL NO STUCK NO
31847.8 RX GOAL NO STUCK NO
31847.9 RX GOAL NO STUCK NO
31848.0 RX GOAL NO STUCK NO
31848.1 RX GOAL NO STUCK NO
31848.2 RX GOAL NO STUCK NO
31848.3 RX GOAL NO STUCK NO
31848.4 RX GOAL NO STUCK NO
31848.5 RX HDG=198
31848.6 RX HDG=198
31848.7 RX HDG=198
31848.8 RX HDG=198
31848.9 RX HDG=198
31849.0 RX HDG=198
31849.1 RX HDG=198
31849.2 RX HDG=198
31849.3 RX HDG=198
31849.4 RX HDG=198
31849.5 RX HDG=198
31849.6 RX HDG=198
31849.7 RX HDG=198
31849.8 RX HDG=198
31849.9 RX A ALIVE A MOVING TO YOU
31850.0 RX A ALIVE A MOVING TO YOU
31850.1 RX A ALIVE A MOVING TO YOU
31850.2 RX A ALIVE A MOVING TO YOU
31850.3 RX A ALIVE A MOVING TO YOU
31850.4 RX A ALIVE A MOVING TO YOU
31850.5 RX A ALIVE A MOVING TO YOU
31850.6 RX A ALIVE A MOVING TO YOU
31850.7 RX A ALIVE A MOVING TO YOU
31850.8 RX A ALIVE A MOVING TO YOU
31850.9 d11=0.668 hdg=278
31850.9 RX A ALIVE A MOVING TO YOU
31851.0 RX A ALIVE A MOVING TO YOU
31851.1 RX A ALIVE A MOVING TO YOU
31851.2 RX A ALIVE A MOVING TO YOU
31851.3 RX SEE
31851.4 RX SEE
31851.5 RX SEE
31851.6 RX SEE
31851.7 RX SEE
31851.8 RX SEE
31851.9 RX SEE
31852.0 RX SEE
31852.1 RX SEE
31852.2 RX SEE
31852.3 RX SEE
31852.4 RX SEE
31852.5 RX SEE
31852.6 RX SEE
31852.7 RX A COME TO ME
31852.8 RX A COME TO ME
31852.9 RX A COME TO ME
31853.0 RX A COME TO ME
31853.1 RX A COME TO ME
31853.2 RX A COME TO ME
31853.3 RX A COME TO ME
31853.4 RX A COME TO ME
31853.5 RX A COME TO ME
31853.6 RX A COME TO ME
31853.7 RX A COME TO ME
31853.8 RX A COME TO ME
31853.9 RX A COME TO ME
31854.0 RX A COME TO ME
31854.1 RX READY
31854.2 RX READY
31854.3 RX READY
31854.4 RX READY
31854.5 RX READY
31854.6 RX READY
31854.7 RX READY
31854.8 RX READY
31854.9 RX READY
31855.0 RX READY
31855.1 RX READY
31855.2 RX READY
31855.3 RX READY
31855.4 RX READY
31855.5 RX POS UNKNOWN d11 RISING
31855.6 RX POS UNKNOWN d11 RISING
31855.7 RX POS UNKNOWN d11 RISING
31855.8 RX POS UNKNOWN d11 RISING
31855.9 RX POS UNKNOWN d11 RISING
31856.0 RX POS UNKNOWN d11 RISING
31856.1 RX POS UNKNOWN d11 RISING
31856.2 RX POS UNKNOWN d11 RISING
31856.3 RX POS UNKNOWN d11 RISING
31856.4 RX POS UNKNOWN d11 RISING
31856.5 RX POS UNKNOWN d11 RISING
31856.6 RX POS UNKNOWN d11 RISING
31856.7 RX POS UNKNOWN d11 RISING
31856.8 RX POS UNKNOWN d11 RISING
31856.9 RX GOAL NO STUCK NO
31857.0 RX GOAL NO STUCK NO
31857.1 RX GOAL NO STUCK NO
31857.2 RX GOAL NO STUCK NO
31857.3 RX GOAL NO STUCK NO
31857.4 RX GOAL NO STUCK NO
31857.5 RX GOAL NO STUCK NO
31857.6 RX GOAL NO STUCK NO
31857.7 RX GOAL NO STUCK NO
31857.8 RX GOAL NO STUCK NO
31857.9 RX GOAL NO STUCK NO
31858.0 RX GOAL NO STUCK NO
31858.1 RX GOAL NO STUCK NO
31858.2 RX GOAL NO STUCK NO
31858.3 RX HDG=198
31858.4 RX HDG=198
31858.5 RX HDG=198
31858.6 RX HDG=198
31858.7 RX HDG=198
31858.8 RX HDG=198
31858.9 d11=0.686 hdg=275
31858.9 RX HDG=198
31859.0 RX HDG=198
31859.1 RX HDG=198
31859.2 RX HDG=198
31859.3 RX HDG=198
31859.4 RX HDG=198
31859.5 RX HDG=198
31859.6 RX HDG=198
31859.7 RX A ALIVE A MOVING TO YOU
31859.8 RX A ALIVE A MOVING TO YOU
31859.9 RX A ALIVE A MOVING TO YOU
31860.0 RX A ALIVE A MOVING TO YOU
31860.1 RX A ALIVE A MOVING TO YOU
31860.2 RX A ALIVE A MOVING TO YOU
31860.3 RX A ALIVE A MOVING TO YOU
31860.4 RX A ALIVE A MOVING TO YOU
31860.5 RX A ALIVE A MOVING TO YOU
31860.6 RX A ALIVE A MOVING TO YOU
31860.7 RX A ALIVE A MOVING TO YOU
31860.8 RX A ALIVE A MOVING TO YOU
31860.9 RX A ALIVE A MOVING TO YOU
31861.0 RX A ALIVE A MOVING TO YOU
31861.1 RX SEE
31861.2 RX SEE
31861.3 RX SEE
31861.4 RX SEE
31861.5 RX SEE
31861.6 RX SEE
31861.7 RX SEE
31861.8 RX SEE
31861.9 RX SEE
31862.0 RX SEE
31862.1 RX SEE
31862.2 RX SEE
31862.3 RX SEE
31862.4 RX SEE
31862.5 RX A COME TO ME
31862.6 RX A COME TO ME
31862.7 RX A COME TO ME
31862.8 RX A COME TO ME
31862.9 RX A COME TO ME
31863.0 RX A COME TO ME
31863.1 RX A COME TO ME
31863.2 RX A COME TO ME
31863.3 RX A COME TO ME
31863.4 RX A COME TO ME
31863.5 RX A COME TO ME
31863.6 RX A COME TO ME
31863.7 RX A COME TO ME
31863.8 RX A COME TO ME
31863.9 RX READY
31864.0 RX READY
31864.1 RX READY
31864.2 RX READY
31864.3 RX READY
31864.4 RX READY
31864.5 RX READY
31864.6 RX READY
31864.7 RX READY
31864.8 RX READY
31864.9 RX READY
31865.0 RX READY
31865.1 RX READY
31865.2 RX READY
31865.3 RX POS UNKNOWN d11 RISING
31865.4 RX POS UNKNOWN d11 RISING
31865.5 RX POS UNKNOWN d11 RISING
31865.6 RX POS UNKNOWN d11 RISING
31865.7 RX POS UNKNOWN d11 RISING
31865.8 RX POS UNKNOWN d11 RISING
31865.9 RX POS UNKNOWN d11 RISING
31866.0 RX POS UNKNOWN d11 RISING
31866.1 RX POS UNKNOWN d11 RISING
31866.2 RX POS UNKNOWN d11 RISING
31866.3 RX POS UNKNOWN d11 RISING
31866.4 RX POS UNKNOWN d11 RISING
31866.5 RX POS UNKNOWN d11 RISING
31866.6 RX POS UNKNOWN d11 RISING
31866.7 RX GOAL NO STUCK NO
31866.8 RX GOAL NO STUCK NO
31866.9 d11=0.693 hdg=276
31866.9 RX GOAL NO STUCK NO
31867.0 RX GOAL NO STUCK NO
31867.1 RX GOAL NO STUCK NO
31867.2 RX GOAL NO STUCK NO
31867.3 RX GOAL NO STUCK NO
31867.4 RX GOAL NO STUCK NO
31867.5 RX GOAL NO STUCK NO
31867.6 RX GOAL NO STUCK NO
31867.7 RX GOAL NO STUCK NO
31867.8 RX GOAL NO STUCK NO
31867.9 RX GOAL NO STUCK NO
31868.0 RX GOAL NO STUCK NO
31868.1 RX HDG=198
31868.2 RX HDG=198
31868.3 RX HDG=198
31868.4 RX HDG=198
31868.5 RX HDG=198
31868.6 RX HDG=198
31868.7 RX HDG=198
31868.8 RX HDG=198
31868.9 RX HDG=198
31869.0 RX HDG=198
31869.1 RX HDG=198
31869.2 RX HDG=198
31869.3 RX HDG=198
31869.4 RX HDG=198
31869.5 RX A ALIVE A MOVING TO YOU
31869.6 RX A ALIVE A MOVING TO YOU
31869.7 RX A ALIVE A MOVING TO YOU
31869.8 RX A ALIVE A MOVING TO YOU
31869.9 RX A ALIVE A MOVING TO YOU
31870.0 RX A ALIVE A MOVING TO YOU
31870.1 RX A ALIVE A MOVING TO YOU
31870.2 RX A ALIVE A MOVING TO YOU
31870.3 RX A ALIVE A MOVING TO YOU
31870.4 RX A ALIVE A MOVING TO YOU
31870.5 RX A ALIVE A MOVING TO YOU
31870.6 RX A ALIVE A MOVING TO YOU
31870.7 RX A ALIVE A MOVING TO YOU
31870.8 RX A ALIVE A MOVING TO YOU
31870.9 RX SEE
31871.0 RX SEE
31871.1 RX SEE
31871.2 RX SEE
31871.3 RX SEE
31871.4 RX SEE
31871.5 RX SEE
31871.6 RX SEE
31871.7 RX SEE
31871.8 RX SEE
31871.9 RX SEE
31872.0 RX SEE
31872.1 RX SEE
31872.2 RX SEE
31872.3 RX A COME TO ME
31872.4 RX A COME TO ME
31872.5 RX A COME TO ME
31872.6 RX A COME TO ME
31872.7 RX A COME TO ME
31872.8 RX A COME TO ME
31872.9 RX A COME TO ME
31873.0 RX A COME TO ME
31873.1 RX A COME TO ME
31873.2 RX A COME TO ME
31873.3 RX A COME TO ME
31873.4 RX A COME TO ME
31873.5 RX A COME TO ME
31873.6 RX A COME TO ME
31873.7 RX READY
31873.8 RX READY
31873.9 RX READY
31874.0 RX READY
31874.1 RX READY
31874.2 RX READY
31874.3 RX READY
31874.4 RX READY
31874.5 RX READY
31874.6 RX READY
31874.7 RX READY
31874.8 RX READY
31874.9 d11=0.679 hdg=274
31874.9 RX READY
31875.0 RX READY
31875.1 RX POS UNKNOWN d11 RISING
31875.2 RX POS UNKNOWN d11 RISING
31875.3 RX POS UNKNOWN d11 RISING
31875.4 RX POS UNKNOWN d11 RISING
31875.5 RX POS UNKNOWN d11 RISING
31875.6 RX POS UNKNOWN d11 RISING
31875.7 RX POS UNKNOWN d11 RISING
31875.8 RX POS UNKNOWN d11 RISING
31875.9 RX POS UNKNOWN d11 RISING
31876.0 RX POS UNKNOWN d11 RISING
31876.1 RX POS UNKNOWN d11 RISING
31876.2 RX POS UNKNOWN d11 RISING
31876.3 RX POS UNKNOWN d11 RISING
31876.4 RX POS UNKNOWN d11 RISING
31876.5 RX GOAL NO STUCK NO
31876.6 RX GOAL NO STUCK NO
31876.7 RX GOAL NO STUCK NO
31876.8 RX GOAL NO STUCK NO
31876.9 RX GOAL NO STUCK NO
31877.0 RX GOAL NO STUCK NO
31877.1 RX GOAL NO STUCK NO
31877.2 RX GOAL NO STUCK NO
31877.3 RX GOAL NO STUCK NO
31877.4 RX GOAL NO STUCK NO
31877.5 RX GOAL NO STUCK NO
31877.6 RX GOAL NO STUCK NO
31877.7 RX GOAL NO STUCK NO
31877.8 RX GOAL NO STUCK NO
31877.9 RX HDG=198
31878.0 RX HDG=198
31878.1 RX HDG=198
31878.2 RX HDG=198
31878.3 RX HDG=198
31878.4 RX HDG=198
31878.5 RX HDG=198
31878.6 RX HDG=198
31878.7 RX HDG=198
31878.8 RX HDG=198
31878.9 RX HDG=198
31879.0 RX HDG=198
31879.1 RX HDG=198
31879.2 RX HDG=198
31879.3 RX A ALIVE A MOVING TO YOU
31879.4 RX A ALIVE A MOVING TO YOU
31879.5 RX A ALIVE A MOVING TO YOU
31879.6 RX A ALIVE A MOVING TO YOU
31879.7 RX A ALIVE A MOVING TO YOU
31879.8 RX A ALIVE A MOVING TO YOU
31879.9 RX A ALIVE A MOVING TO YOU
31880.0 RX A ALIVE A MOVING TO YOU
31880.1 RX A ALIVE A MOVING TO YOU
31880.2 RX A ALIVE A MOVING TO YOU
31880.3 RX A ALIVE A MOVING TO YOU
31880.4 RX A ALIVE A MOVING TO YOU
31880.5 RX A ALIVE A MOVING TO YOU
31880.6 RX A ALIVE A MOVING TO YOU
31880.7 RX SEE
31880.8 RX SEE
31880.9 RX SEE
31881.0 RX SEE
31881.1 RX SEE
31881.2 RX SEE
31881.3 RX SEE
31881.4 RX SEE
31881.5 RX SEE
31881.6 RX SEE
31881.7 RX SEE
31881.8 RX SEE
31881.9 RX SEE
31882.0 RX SEE
31882.1 RX A COME TO ME
31882.2 RX A COME TO ME
31882.3 RX A COME TO ME
31882.4 RX A COME TO ME
31882.5 RX A COME TO ME
31882.6 RX A COME TO ME
31882.7 RX A COME TO ME
31882.8 RX A COME TO ME
31882.9 d11=0.662 hdg=274
31882.9 RX A COME TO ME
31883.0 RX A COME TO ME
31883.1 RX A COME TO ME
31883.2 RX A COME TO ME
31883.3 RX A COME TO ME
31883.4 RX A COME TO ME
31883.5 RX READY
31883.6 RX READY
31883.7 RX READY
31883.8 RX READY
31883.9 RX READY
31884.0 RX READY
31884.1 RX READY
31884.2 RX READY
31884.3 RX READY
31884.4 RX READY
31884.5 RX READY
31884.6 RX READY
31884.7 RX READY
31884.8 RX READY
31884.9 RX POS UNKNOWN d11 RISING
31885.0 RX POS UNKNOWN d11 RISING
31885.1 RX POS UNKNOWN d11 RISING
31885.2 RX POS UNKNOWN d11 RISING
31885.3 RX POS UNKNOWN d11 RISING
31885.4 RX POS UNKNOWN d11 RISING
31885.6 RX POS UNKNOWN d11 RISING
31885.7 RX POS UNKNOWN d11 RISING
