0.00 0.00 0.462 lost 0.00
-0.02 -0.02 0.461 lost 0.03
-0.03 -0.04 0.458 lost 0.05
-0.05 -0.06 0.465 lost 0.08
-0.06 -0.09 0.464 lost 0.11
-0.08 -0.11 0.464 lost 0.14
-0.09 -0.13 0.459 lost 0.16
-0.11 -0.16 0.458 lost 0.19
-0.12 -0.18 0.458 lost 0.22
-0.13 -0.20 0.456 lost 0.24
-0.14 -0.23 0.452 lost 0.27
-0.16 -0.25 0.458 lost 0.30
-0.17 -0.27 0.460 lost 0.32
-0.18 -0.30 0.455 lost 0.35
-0.19 -0.32 0.456 lost 0.38
-0.21 -0.34 0.462 lost 0.40
-0.22 -0.37 0.457 lost 0.43
-0.23 -0.39 0.460 lost 0.46
-0.24 -0.42 0.459 lost 0.48
-0.26 -0.44 0.457 lost 0.51
-0.27 -0.47 0.460 lost 0.54
-0.28 -0.49 0.458 lost 0.56
-0.29 -0.51 0.460 lost 0.59
-0.30 -0.54 0.457 lost 0.62
-0.31 -0.56 0.465 lost 0.65
-0.32 -0.59 0.462 lost 0.67
-0.33 -0.61 0.461 lost 0.70
-0.34 -0.64 0.459 lost 0.73
-0.35 -0.66 0.457 lost 0.75
-0.36 -0.69 0.463 lost 0.78
-0.37 -0.71 0.451 lost 0.81
-0.38 -0.74 0.452 lost 0.83
-0.39 -0.76 0.464 lost 0.86
0.00 0.00 0.458 lost 0.00
-0.01 -0.02 0.458 lost 0.03
-0.02 -0.05 0.460 lost 0.05
-0.03 -0.08 0.457 lost 0.08
-0.03 -0.10 0.456 lost 0.11
-0.04 -0.13 0.456 lost 0.13
-0.05 -0.15 0.452 lost 0.16
-0.06 -0.18 0.460 lost 0.19
-0.07 -0.20 0.452 lost 0.21
-0.07 -0.23 0.456 lost 0.24
-0.08 -0.25 0.457 lost 0.27
-0.09 -0.28 0.457 lost 0.29
-0.10 -0.31 0.457 lost 0.32
-0.11 -0.35 0.459 lost 0.36
-0.11 -0.38 0.458 lost 0.39
-0.12 -0.40 0.453 lost 0.42
-0.12 -0.43 0.455 lost 0.45
-0.13 -0.45 0.454 lost 0.47
-0.13 -0.48 0.457 lost 0.50
-0.14 -0.51 0.457 lost 0.53
-0.15 -0.53 0.456 lost 0.55
-0.15 -0.56 0.453 lost 0.58
-0.16 -0.59 0.460 lost 0.61
-0.16 -0.61 0.456 lost 0.63
-0.16 -0.64 0.455 lost 0.66
-0.16 -0.67 0.460 lost 0.69
-0.17 -0.69 0.462 lost 0.72
-0.17 -0.72 0.454 lost 0.74
-0.18 -0.75 0.459 lost 0.77
-0.18 -0.77 0.460 lost 0.80
-0.18 -0.80 0.453 lost 0.82
-0.18 -0.83 0.452 lost 0.85
-0.18 -0.85 0.457 lost 0.88
-0.19 -0.88 0.459 lost 0.90
-0.19 -0.91 0.464 lost 0.93
-0.19 -0.93 0.462 lost 0.96
-0.19 -0.96 0.458 lost 0.98
-0.19 -0.99 0.461 lost 1.01
-0.19 -1.01 0.459 lost 1.04
-0.19 -1.04 0.466 lost 1.06
-0.19 -1.07 0.458 lost 1.09
-0.19 -1.10 0.463 lost 1.12
-0.19 -1.12 0.451 lost 1.15
-0.19 -1.15 0.461 lost 1.17
-0.19 -1.18 0.461 lost 1.20
-0.19 -1.20 0.463 lost 1.23
-0.19 -1.23 0.460 lost 1.25
-0.19 -1.26 0.463 lost 1.28
-0.19 -1.28 0.461 lost 1.31
-0.19 -1.31 0.455 lost 1.33
-0.19 -1.34 0.452 lost 1.36
-0.19 -1.37 0.455 lost 1.39
-0.18 -1.39 0.449 lost 1.42
-0.18 -1.42 0.441 lost 1.44
-0.18 -1.44 0.443 lost 1.47
-0.18 -1.47 0.432 lost 1.50
-0.17 -1.50 0.431 lost 1.52
-0.17 -1.52 0.428 lost 1.55
-0.17 -1.55 0.429 lost 1.58
-0.16 -1.58 0.414 lost 1.60
-0.16 -1.60 0.416 lost 1.63
-0.16 -1.63 0.411 lost 1.66
-0.15 -1.66 0.407 lost 1.68
-0.15 -1.69 0.408 lost 1.71
-0.15 -1.70 0.403 lost 1.74
-0.14 -1.72 0.405 lost 1.77
-0.14 -1.73 0.402 lost 1.80
-0.14 -1.75 0.400 lost 1.82
-0.13 -1.76 0.399 lost 1.85
-0.13 -1.78 0.403 lost 1.88
-0.12 -1.80 0.393 lost 1.91
-0.12 -1.81 0.401 lost 1.94
-0.12 -1.81 0.404 lost 1.94
-0.11 -1.78 0.408 lost 1.98
-0.11 -1.78 0.408 lost 1.98
-0.08 -1.73 0.414 lost 2.04
-0.05 -1.69 0.417 lost 2.09
0.01 -1.67 0.413 lost 2.15
0.07 -1.67 0.406 lost 2.21
0.12 -1.69 0.399 lost 2.27
0.15 -1.70 0.406 lost 2.30
0.11 -1.68 0.408 lost 2.35
0.08 -1.67 0.411 lost 2.38
0.06 -1.67 0.420 lost 2.40
0.03 -1.66 0.419 lost 2.43
0.01 -1.65 0.424 lost 2.45
0.01 -1.65 0.419 lost 2.46
0.06 -1.64 0.415 lost 2.51
0.11 -1.63 0.413 lost 2.57
0.17 -1.61 0.405 lost 2.62
0.23 -1.61 0.403 lost 2.68
0.28 -1.63 0.399 lost 2.74
0.33 -1.65 0.397 lost 2.79
0.39 -1.66 0.389 lost 2.85
0.44 -1.64 0.382 lost 2.90
0.50 -1.63 0.382 lost 2.96
0.55 -1.61 0.378 lost 3.02
0.60 -1.61 0.369 lost 3.07
0.66 -1.59 0.371 lost 3.13
0.72 -1.58 0.365 lost 3.19
0.77 -1.59 0.359 lost 3.24
0.82 -1.62 0.352 lost 3.30
0.86 -1.67 0.347 lost 3.36
0.88 -1.69 0.338 lost 3.39
0.85 -1.65 0.348 lost 3.44
0.83 -1.63 0.356 lost 3.46
0.82 -1.61 0.357 lost 3.49
0.80 -1.59 0.362 lost 3.52
0.78 -1.57 0.364 lost 3.55
0.78 -1.57 0.360 lost 3.55
0.83 -1.60 0.356 lost 3.60
0.89 -1.61 0.345 lost 3.66
0.94 -1.63 0.343 lost 3.71
0.99 -1.66 0.330 lost 3.77
1.02 -1.71 0.331 lost 3.83
1.02 -1.72 0.324 lost 3.85
1.00 -1.68 0.334 lost 3.89
0.98 -1.66 0.335 lost 3.92
0.97 -1.64 0.345 lost 3.94
0.96 -1.64 0.341 lost 3.95
1.01 -1.67 0.331 lost 4.00
1.06 -1.69 0.323 lost 4.06
1.12 -1.70 0.320 lost 4.11
1.16 -1.74 0.316 lost 4.17
1.19 -1.79 0.307 lost 4.23
1.22 -1.84 0.305 lost 4.28
1.25 -1.88 0.298 lost 4.34
1.31 -1.90 0.293 lost 4.39
1.31 -1.91 0.294 lost 4.41
1.32 -1.91 0.283 lost 4.41
1.36 -1.94 0.282 lost 4.47
1.41 -1.97 0.281 lost 4.52
1.45 -2.01 0.274 lost 4.58
1.49 -2.04 0.261 lost 4.64
1.55 -2.06 0.265 lost 4.69
1.60 -2.07 0.260 lost 4.75
1.61 -2.06 0.261 lost 4.76
1.57 -2.07 0.261 lost 4.81
1.52 -2.07 0.263 lost 4.85
1.52 -2.07 0.265 lost 4.86
1.55 -2.07 0.257 lost 4.89
1.52 -2.07 0.266 lost 4.91
1.50 -2.08 0.265 lost 4.94
1.47 -2.08 0.271 lost 4.97
1.44 -2.08 0.270 lost 4.99
1.42 -2.09 0.269 lost 5.02
1.39 -2.09 0.274 lost 5.05
1.36 -2.10 0.277 lost 5.08
1.34 -2.10 0.271 lost 5.10
1.31 -2.11 0.280 lost 5.13
1.29 -2.11 0.284 lost 5.15
1.29 -2.11 0.275 lost 5.16
