0.00 0.00 0.279 lost 0.00
-0.00 0.00 0.287 lost 0.00
0.01 0.06 0.284 lost 0.06
0.03 0.08 0.285 lost 0.10
0.01 0.06 0.288 lost 0.12
-0.00 0.04 0.284 lost 0.15
-0.00 0.04 0.287 lost 0.15
0.04 0.07 0.288 lost 0.21
0.07 0.08 0.287 lost 0.24
0.07 0.08 0.288 lost 0.25
0.12 0.10 0.293 lost 0.30
0.18 0.12 0.282 lost 0.36
0.19 0.12 0.281 lost 0.38
0.15 0.11 0.282 lost 0.43
0.12 0.10 0.282 lost 0.45
0.12 0.10 0.284 lost 0.46
0.15 0.11 0.289 lost 0.50
0.15 0.11 0.286 lost 0.50
0.16 0.11 0.283 lost 0.51
0.12 0.10 0.283 lost 0.56
0.12 0.10 0.286 lost 0.56
0.17 0.12 0.287 lost 0.61
0.18 0.12 0.287 lost 0.63
0.14 0.11 0.290 lost 0.67
0.10 0.09 0.287 lost 0.72
0.10 0.09 0.294 lost 0.72
0.15 0.11 0.287 lost 0.78
0.18 0.12 0.291 lost 0.81
0.14 0.11 0.295 lost 0.86
0.13 0.11 0.285 lost 0.86
0.19 0.12 0.285 lost 0.91
0.20 0.13 0.289 lost 0.93
0.20 0.13 0.288 lost 0.93
0.21 0.13 0.290 lost 0.95
0.17 0.12 0.290 lost 0.99
0.13 0.10 0.296 lost 1.04
0.13 0.10 0.295 lost 1.04
0.18 0.12 0.288 lost 1.10
0.19 0.12 0.293 lost 1.12
0.15 0.11 0.289 lost 1.16
0.12 0.10 0.295 lost 1.19
0.13 0.10 0.296 lost 1.19
0.18 0.12 0.290 lost 1.25
0.19 0.12 0.296 lost 1.27
0.15 0.11 0.297 lost 1.31
0.15 0.11 0.297 lost 1.31
0.28 0.16 0.289 lost 1.45
0.24 0.15 0.294 lost 1.50
0.20 0.12 0.298 lost 1.54
0.16 0.10 0.302 lost 1.59
0.12 0.08 0.295 lost 1.63
0.10 0.07 0.299 lost 1.66
0.08 0.05 0.303 lost 1.69
0.05 0.04 0.302 lost 1.71
0.03 0.03 0.301 lost 1.74
0.01 0.01 0.302 lost 1.77
-0.02 -0.00 0.300 lost 1.79
-0.02 -0.00 0.311 lost 1.80
0.04 0.01 0.305 lost 1.85
0.10 0.01 0.308 lost 1.91
0.15 -0.00 0.291 lost 1.97
0.21 0.00 0.288 lost 2.02
0.26 0.03 0.290 lost 2.08
0.28 0.04 0.283 lost 2.11
0.26 0.03 0.290 lost 2.14
0.23 0.02 0.292 lost 2.17
0.23 0.02 0.291 lost 2.17
0.28 0.04 0.297 lost 2.22
0.31 0.06 0.281 lost 2.26
0.29 0.04 0.291 lost 2.29
0.26 0.03 0.297 lost 2.31
0.24 0.02 0.290 lost 2.34
0.24 0.02 0.291 lost 2.34
0.27 0.03 0.298 lost 2.38
0.24 0.02 0.289 lost 2.40
0.22 0.01 0.293 lost 2.43
0.22 0.01 0.292 lost 2.43
0.27 0.03 0.297 lost 2.49
0.30 0.04 0.291 lost 2.52
0.27 0.03 0.290 lost 2.55
0.25 0.02 0.296 lost 2.58
0.22 0.01 0.294 lost 2.60
0.22 0.01 0.294 lost 2.60
0.28 0.03 0.298 lost 2.66
0.30 0.05 0.296 lost 2.69
0.28 0.03 0.297 lost 2.72
0.25 0.02 0.296 lost 2.75
0.23 0.01 0.301 lost 2.78
0.20 -0.00 0.301 lost 2.80
0.21 -0.00 0.302 lost 2.81
0.25 0.02 0.293 lost 2.86
0.31 0.05 0.295 lost 2.92
0.41 0.12 0.291 lost 3.04
0.39 0.10 0.292 lost 3.07
0.37 0.09 0.292 lost 3.10
0.35 0.07 0.296 lost 3.13
0.32 0.06 0.295 lost 3.15
0.30 0.04 0.291 lost 3.18
0.28 0.03 0.302 lost 3.21
0.26 0.01 0.300 lost 3.23
0.26 0.01 0.293 lost 3.23
0.31 0.03 0.295 lost 3.29
0.37 0.02 0.290 lost 3.35
0.43 0.01 0.287 lost 3.40
0.48 0.03 0.282 lost 3.46
0.53 0.05 0.280 lost 3.51
0.57 0.09 0.275 lost 3.57
0.58 0.12 0.288 lost 3.61
0.57 0.09 0.287 lost 3.64
0.55 0.07 0.281 lost 3.66
0.54 0.05 0.287 lost 3.69
0.52 0.03 0.285 lost 3.72
0.50 0.01 0.287 lost 3.75
0.49 -0.01 0.281 lost 3.77
0.47 -0.03 0.287 lost 3.80
0.46 -0.06 0.292 lost 3.83
0.44 -0.08 0.287 lost 3.85
0.42 -0.10 0.281 lost 3.88
0.42 -0.10 0.284 lost 3.88
0.44 -0.05 0.296 lost 3.93
0.43 -0.02 0.284 lost 3.97
0.44 -0.04 0.285 lost 4.00
0.44 -0.07 0.283 lost 4.02
0.44 -0.10 0.288 lost 4.05
0.44 -0.10 0.287 lost 4.05
0.46 -0.04 0.285 lost 4.11
0.46 -0.02 0.287 lost 4.14
0.46 -0.04 0.288 lost 4.17
0.46 -0.07 0.282 lost 4.20
0.46 -0.07 0.287 lost 4.20
0.44 -0.02 0.288 lost 4.25
0.44 0.01 0.290 lost 4.29
0.44 -0.01 0.291 lost 4.32
0.44 -0.04 0.282 lost 4.34
0.44 -0.07 0.286 lost 4.37
0.44 -0.09 0.283 lost 4.40
0.44 -0.09 0.285 lost 4.40
0.43 -0.04 0.289 lost 4.45
0.41 -0.02 0.287 lost 4.49
0.44 -0.03 0.292 lost 4.53
0.44 -0.03 0.290 lost 4.53
0.47 0.02 0.289 lost 4.59
0.48 0.05 0.292 lost 4.62
0.47 0.02 0.288 lost 4.65
0.47 -0.01 0.286 lost 4.67
0.46 -0.03 0.289 lost 4.70
0.45 -0.06 0.289 lost 4.73
0.44 -0.08 0.282 lost 4.75
0.44 -0.11 0.283 lost 4.78
0.43 -0.13 0.284 lost 4.81
0.43 -0.13 0.284 lost 4.81
0.43 -0.08 0.289 lost 4.86
0.41 -0.06 0.289 lost 4.90
0.42 -0.08 0.284 lost 4.93
0.42 -0.08 0.285 lost 4.93
0.38 -0.04 0.293 lost 4.98
0.36 -0.03 0.293 lost 5.01
0.36 -0.02 0.292 lost 5.01
0.31 0.00 0.300 lost 5.07
0.26 0.03 0.310 lost 5.13
0.21 0.05 0.312 lost 5.18
0.16 0.08 0.323 lost 5.24
0.11 0.11 0.324 lost 5.30
0.07 0.15 0.328 lost 5.35
0.02 0.18 0.338 lost 5.41
0.02 0.18 0.369 lost 5.41
0.02 0.18 0.356 lost 5.41
0.02 0.18 0.359 lost 5.41
0.02 0.18 0.365 lost 5.41
0.02 0.18 0.375 lost 5.41
0.02 0.18 0.381 lost 5.41
0.02 0.18 0.389 lost 5.41
0.02 0.18 0.394 lost 5.41
0.02 0.18 0.398 lost 5.41
0.02 0.18 0.401 lost 5.41
0.02 0.18 0.406 lost 5.41
0.02 0.18 0.407 lost 5.41
0.02 0.18 0.431 lost 5.41
0.02 0.18 0.440 lost 5.41
0.02 0.18 0.434 lost 5.41
0.02 0.18 0.443 lost 5.41
0.02 0.18 0.450 lost 5.41
0.02 0.18 0.457 lost 5.41
0.02 0.18 0.462 lost 5.41
0.02 0.18 0.478 lost 5.41
0.02 0.18 0.478 lost 5.41
0.02 0.18 0.479 lost 5.41
0.02 0.18 0.470 lost 5.41
0.02 0.18 0.470 lost 5.41
0.02 0.18 0.463 lost 5.41
0.02 0.18 0.460 lost 5.41
0.02 0.18 0.462 lost 5.41
0.02 0.18 0.464 lost 5.41
0.02 0.18 0.465 lost 5.41
0.02 0.18 0.465 lost 5.41
0.02 0.18 0.464 lost 5.41
0.02 0.18 0.460 lost 5.41
0.02 0.18 0.453 lost 5.41
0.02 0.18 0.443 lost 5.41
0.02 0.18 0.432 lost 5.41
0.02 0.18 0.432 lost 5.41
0.02 0.18 0.435 lost 5.41
0.02 0.18 0.424 lost 5.41
0.02 0.18 0.422 lost 5.41
0.02 0.18 0.425 lost 5.41
0.02 0.18 0.426 lost 5.41
0.02 0.18 0.427 lost 5.41
0.02 0.18 0.442 lost 5.41
0.02 0.18 0.435 lost 5.41
0.02 0.18 0.433 lost 5.41
0.02 0.18 0.422 lost 5.41
0.02 0.18 0.422 lost 5.41
0.02 0.18 0.412 lost 5.41
0.02 0.18 0.413 lost 5.41
0.02 0.18 0.413 lost 5.41
0.02 0.18 0.406 lost 5.41
0.02 0.18 0.410 lost 5.41
0.02 0.18 0.412 lost 5.41
0.02 0.18 0.414 lost 5.41
0.02 0.18 0.404 lost 5.41
0.02 0.18 0.410 lost 5.41
0.02 0.18 0.415 lost 5.41
0.02 0.18 0.414 lost 5.41
0.02 0.18 0.413 lost 5.41
0.02 0.18 0.409 lost 5.41
0.02 0.18 0.413 lost 5.41
0.02 0.18 0.407 lost 5.41
0.02 0.18 0.409 lost 5.41
0.02 0.18 0.406 lost 5.41
0.00 0.00 0.428 lost 0.00
0.00 0.00 0.467 lost 0.00
0.00 0.00 0.472 lost 0.00
0.00 0.00 0.530 lost 0.00
0.00 0.00 0.546 lost 0.00
0.00 0.00 0.538 lost 0.00
0.00 0.00 0.484 lost 0.00
0.00 0.00 0.445 lost 0.00
0.00 0.00 0.429 lost 0.00
0.00 0.00 0.408 lost 0.00
0.00 0.00 0.397 lost 0.00
0.00 0.00 0.390 lost 0.00
0.00 0.00 0.378 lost 0.00
0.00 0.00 0.337 lost 0.00
0.00 0.00 0.329 lost 0.00
0.00 0.00 0.331 lost 0.00
0.00 0.00 0.325 lost 0.00
0.00 0.00 0.331 lost 0.00
0.00 0.00 0.331 lost 0.00
0.00 0.00 0.335 lost 0.00
0.00 0.00 0.334 lost 0.00
0.00 0.00 0.333 lost 0.00
0.00 0.00 0.331 lost 0.00
0.00 0.00 0.325 lost 0.00
0.00 0.00 0.329 lost 0.00
0.00 0.00 0.332 lost 0.00
0.00 0.00 0.328 lost 0.00
0.00 0.00 0.332 lost 0.00
0.00 0.00 0.326 lost 0.00
0.00 0.00 0.335 lost 0.00
0.00 0.00 0.339 lost 0.00
0.00 0.00 0.350 lost 0.00
0.00 0.00 0.347 lost 0.00
0.00 0.00 0.337 lost 0.00
0.00 0.00 0.332 lost 0.00
0.00 0.00 0.335 lost 0.00
0.00 0.00 0.343 lost 0.00
0.00 0.00 0.341 lost 0.00
0.00 0.00 0.330 lost 0.00
0.00 0.00 0.337 lost 0.00
0.00 0.00 0.343 lost 0.00
0.00 0.00 0.338 lost 0.00
0.00 0.00 0.340 lost 0.00
0.00 0.00 0.334 lost 0.00
0.00 0.00 0.333 lost 0.00
0.00 0.00 0.339 lost 0.00
0.00 0.00 0.343 lost 0.00
0.00 0.00 0.334 lost 0.00
0.00 0.00 0.331 lost 0.00
0.00 0.00 0.333 lost 0.00
0.00 0.00 0.341 lost 0.00
0.00 0.00 0.335 lost 0.00
0.00 0.00 0.336 lost 0.00
0.00 0.00 0.325 lost 0.00
0.00 0.00 0.332 lost 0.00
0.00 0.00 0.344 lost 0.00
0.00 0.00 0.344 lost 0.00
0.00 0.00 0.342 lost 0.00
0.00 0.00 0.335 lost 0.00
0.00 0.00 0.337 lost 0.00
0.00 0.00 0.332 lost 0.00
0.00 0.00 0.335 lost 0.00
0.00 0.00 0.334 lost 0.00
0.00 0.00 0.329 lost 0.00
0.00 0.00 0.330 lost 0.00
0.00 0.00 0.330 lost 0.00
0.00 0.00 0.326 lost 0.00
0.00 0.00 0.329 lost 0.00
0.00 0.00 0.332 lost 0.00
0.00 0.00 0.335 lost 0.00
0.00 0.00 0.336 lost 0.00
0.00 0.00 0.332 lost 0.00
0.00 0.00 0.329 lost 0.00
0.00 0.00 0.332 lost 0.00
0.00 0.00 0.326 lost 0.00
0.00 0.00 0.323 lost 0.00
0.00 0.00 0.318 lost 0.00
0.00 0.00 0.310 lost 0.00
0.00 0.00 0.312 lost 0.00
0.00 0.00 0.309 lost 0.00
0.00 0.00 0.309 lost 0.00
0.00 0.00 0.315 lost 0.00
0.00 0.00 0.310 lost 0.00
0.00 0.00 0.315 lost 0.00
0.00 0.00 0.317 lost 0.00
0.00 0.00 0.317 lost 0.00
0.00 0.00 0.314 lost 0.00
0.00 0.00 0.317 lost 0.00
0.00 0.00 0.310 lost 0.00
0.00 0.00 0.310 lost 0.00
0.00 0.00 0.305 lost 0.00
0.00 0.00 0.313 lost 0.00
0.00 0.00 0.309 lost 0.00
0.00 0.00 0.317 lost 0.00
0.00 0.00 0.315 lost 0.00
0.00 0.00 0.317 lost 0.00
0.00 0.00 0.322 lost 0.00
0.00 0.00 0.323 lost 0.00
0.00 0.00 0.332 lost 0.00
0.00 0.00 0.345 lost 0.00
0.00 0.00 0.340 lost 0.00
0.00 0.00 0.333 lost 0.00
0.00 0.00 0.332 lost 0.00
0.00 0.00 0.340 lost 0.00
0.00 0.00 0.346 lost 0.00
0.00 0.00 0.344 lost 0.00
0.00 0.00 0.349 lost 0.00
0.00 0.00 0.348 lost 0.00
0.00 0.00 0.346 lost 0.00
0.00 0.00 0.358 lost 0.00
0.00 0.00 0.353 lost 0.00
0.00 0.00 0.353 lost 0.00
0.00 0.00 0.350 lost 0.00
0.00 0.00 0.337 lost 0.00
0.00 0.00 0.337 lost 0.00
0.00 0.00 0.337 lost 0.00
0.00 0.00 0.336 lost 0.00
0.00 0.00 0.330 lost 0.00
0.00 0.00 0.331 lost 0.00
0.00 0.00 0.337 lost 0.00
0.00 0.00 0.331 lost 0.00
0.00 0.00 0.325 lost 0.00
0.00 0.00 0.330 lost 0.00
0.00 0.00 0.330 lost 0.00
0.00 0.00 0.333 lost 0.00
0.00 0.00 0.324 lost 0.00
0.00 0.00 0.329 lost 0.00
0.00 0.00 0.328 lost 0.00
0.00 0.00 0.334 lost 0.00
0.00 0.00 0.329 lost 0.00
0.00 0.00 0.331 lost 0.00
0.00 0.00 0.336 lost 0.00
0.00 0.00 0.326 lost 0.00
0.00 0.00 0.335 lost 0.00
0.00 0.00 0.332 lost 0.00
0.00 0.00 0.323 lost 0.00
0.00 0.00 0.326 lost 0.00
0.00 0.00 0.330 lost 0.00
0.00 0.00 0.334 lost 0.00
0.00 0.00 0.328 lost 0.00
0.00 0.00 0.326 lost 0.00
0.00 0.00 0.332 lost 0.00
0.00 0.00 0.329 lost 0.00
0.00 0.00 0.338 lost 0.00
0.00 0.00 0.332 lost 0.00
0.00 0.00 0.327 lost 0.00
0.00 0.00 0.326 lost 0.00
0.00 0.00 0.330 lost 0.00
0.00 0.00 0.330 lost 0.00
0.00 0.00 0.328 lost 0.00
0.00 0.00 0.330 lost 0.00
0.00 0.00 0.327 lost 0.00
0.00 0.00 0.332 lost 0.00
0.00 0.00 0.332 lost 0.00
0.00 0.00 0.333 lost 0.00
0.00 0.00 0.333 lost 0.00
0.00 0.00 0.329 lost 0.00
0.00 0.00 0.338 lost 0.00
0.00 0.00 0.335 lost 0.00
0.00 0.00 0.334 lost 0.00
0.00 0.00 0.335 lost 0.00
0.00 0.00 0.329 lost 0.00
0.00 0.00 0.318 lost 0.00
0.00 0.00 0.316 lost 0.00
0.00 0.00 0.316 lost 0.00
0.00 0.00 0.317 lost 0.00
0.00 0.00 0.308 lost 0.00
0.00 0.00 0.314 lost 0.00
0.00 0.00 0.305 lost 0.00
0.00 0.00 0.307 lost 0.00
0.00 0.00 0.303 lost 0.00
0.00 0.00 0.300 lost 0.00
0.00 0.00 0.301 lost 0.00
0.00 0.00 0.294 lost 0.00
0.00 0.00 0.304 lost 0.00
0.00 0.00 0.303 lost 0.00
0.00 0.00 0.292 lost 0.00
0.00 0.00 0.292 lost 0.00
0.00 0.00 0.289 lost 0.00
0.00 0.00 0.298 lost 0.00
0.00 0.00 0.292 lost 0.00
0.00 0.00 0.295 lost 0.00
0.00 0.00 0.289 lost 0.00
0.00 0.00 0.289 lost 0.00
0.00 0.00 0.296 lost 0.00
0.00 0.00 0.293 lost 0.00
0.00 0.00 0.292 lost 0.00
0.00 0.00 0.289 lost 0.00
0.00 0.00 0.290 lost 0.00
0.00 0.00 0.292 lost 0.00
0.00 0.00 0.284 lost 0.00
0.00 0.00 0.286 lost 0.00
0.00 0.00 0.287 lost 0.00
0.00 0.00 0.283 lost 0.00
0.00 0.00 0.281 lost 0.00
0.00 0.00 0.284 lost 0.00
0.00 0.00 0.288 lost 0.00
0.00 0.00 0.280 lost 0.00
0.00 0.00 0.283 lost 0.00
0.00 0.00 0.279 lost 0.00
0.00 0.00 0.283 lost 0.00
0.00 0.00 0.279 lost 0.00
0.00 0.00 0.280 lost 0.00
0.00 0.00 0.276 lost 0.00
0.00 0.00 0.272 lost 0.00
0.00 0.00 0.280 lost 0.00
0.00 0.00 0.281 lost 0.00
0.00 0.00 0.277 lost 0.00
0.00 0.00 0.278 lost 0.00
0.00 0.00 0.275 lost 0.00
0.00 0.00 0.275 lost 0.00
0.00 0.00 0.276 lost 0.00
0.00 0.00 0.278 lost 0.00
0.00 0.00 0.277 lost 0.00
0.00 0.00 0.270 lost 0.00
0.00 0.00 0.276 lost 0.00
0.00 0.00 0.280 busy 0.00
0.00 0.00 0.275 busy 0.00
0.00 0.00 0.272 busy 0.00
0.00 0.00 0.270 busy 0.00
0.00 0.00 0.277 busy 0.00
0.00 0.00 0.275 lost 0.00
0.00 0.00 0.275 lost 0.00
0.00 0.00 0.279 lost 0.00
0.00 0.00 0.277 lost 0.00
0.00 0.00 0.276 lost 0.00
0.00 0.00 0.274 busy 0.00
0.00 0.00 0.280 lost 0.00
0.00 0.00 0.278 lost 0.00
0.00 0.00 0.284 lost 0.00
0.00 0.00 0.289 busy 0.00
0.00 0.00 0.285 busy 0.00
0.00 0.00 0.284 busy 0.00
0.00 0.00 0.280 lost 0.00
0.00 0.00 0.288 busy 0.00
0.00 0.00 0.285 lost 0.00
0.00 0.00 0.282 busy 0.00
0.00 0.00 0.291 busy 0.00
0.00 0.00 0.286 busy 0.00
0.00 0.00 0.282 busy 0.00
0.00 0.00 0.288 busy 0.00
0.00 0.00 0.284 busy 0.00
0.00 0.00 0.287 lost 0.00
0.00 0.00 0.283 busy 0.00
0.00 0.00 0.286 busy 0.00
0.00 0.00 0.283 busy 0.00
0.00 0.00 0.281 busy 0.00
0.00 0.00 0.283 busy 0.00
0.00 0.00 0.283 lost 0.00
0.00 0.00 0.287 lost 0.00
0.00 0.00 0.285 lost 0.00
0.00 0.00 0.289 lost 0.00
0.00 0.00 0.279 lost 0.00
0.00 0.00 0.284 lost 0.00
