0.2,0.00,0.00,198.6,0.33,0.29,0.45,0.39,0.39,0.55,1.06,1.27,0.21,0.25,0.50,0.58,0.69,0.79,1.44,0.26,0,0
0.3,0.00,0.00,207.7,0.31,0.42,0.42,0.38,0.42,0.59,1.17,1.23,0.23,0.27,0.53,0.59,0.69,0.93,0.27,0.25,0,0
0.5,-0.00,-0.00,203.4,0.30,0.32,0.44,0.37,0.42,0.56,1.08,1.27,0.22,0.27,0.52,0.57,0.70,0.82,1.42,0.26,0,0
0.6,-0.00,-0.00,205.4,0.31,0.41,0.41,0.38,0.43,0.57,1.14,1.23,0.24,0.27,0.55,0.61,0.69,0.95,0.28,0.27,0,0
0.8,-0.00,-0.00,204.8,0.31,0.34,0.42,0.38,0.42,0.56,1.10,1.24,0.23,0.24,0.52,0.58,0.67,0.83,1.42,0.24,0,0
0.9,0.00,0.00,206.1,0.31,0.42,0.41,0.35,0.43,0.59,1.13,1.24,0.23,0.26,0.55,0.60,0.68,0.94,0.26,0.25,0,0
1.1,-0.00,0.00,203.1,0.32,0.33,0.43,0.38,0.42,0.56,1.11,1.26,0.24,0.28,0.52,0.57,0.69,0.84,1.41,0.25,0,0
1.2,0.00,0.00,207.4,0.30,0.42,0.44,0.36,0.42,0.57,1.13,1.22,0.24,0.27,0.55,0.59,0.71,0.96,0.29,0.26,0,0
1.4,-0.01,-0.00,200.3,0.31,0.32,0.43,0.35,0.40,0.56,1.10,1.25,0.21,0.26,0.54,0.56,0.70,0.82,1.39,0.24,0,0
1.6,-0.00,-0.00,201.3,0.31,0.32,0.42,0.38,0.42,0.56,1.11,1.25,0.23,0.28,0.53,0.57,0.68,0.83,1.41,0.26,0,0
1.8,0.00,0.00,214.8,0.28,0.45,0.44,0.36,0.45,0.76,1.21,0.43,0.24,0.29,0.58,0.68,0.75,1.11,0.28,0.34,0,0
1.9,0.00,0.00,212.7,0.30,0.45,0.42,0.36,0.46,0.60,1.25,0.44,0.24,0.28,0.59,0.67,0.72,1.03,0.28,0.30,0,0
2.1,0.00,0.00,201.8,0.32,0.32,0.43,0.37,0.41,0.56,1.12,1.29,0.21,0.25,0.54,0.59,0.70,0.81,1.43,-1.00,0,0
2.2,0.00,0.00,201.8,0.31,0.43,0.42,0.38,0.44,0.56,1.14,1.24,0.24,0.26,0.57,0.60,0.69,0.95,0.28,0.27,0,0
2.4,-0.00,0.00,200.0,0.30,0.30,0.43,0.37,0.40,0.56,1.11,1.26,0.21,0.27,0.54,0.58,0.69,0.80,1.42,0.26,0,0
2.6,0.00,0.00,201.1,0.32,0.29,0.44,0.39,0.39,0.56,1.09,1.26,0.21,0.26,0.53,0.56,0.68,0.82,1.42,0.27,0,0
3.4,0.14,0.10,215.6,0.33,0.50,0.46,0.40,0.48,0.76,1.18,0.37,0.18,0.23,0.58,0.61,0.70,1.00,0.30,0.32,0,0
3.6,0.14,0.11,206.0,0.37,0.50,0.47,0.38,0.45,0.59,1.26,0.38,0.19,0.22,0.48,0.56,0.68,0.94,1.41,-1.00,0,0
3.8,0.14,0.11,207.4,0.35,0.48,0.48,0.39,0.45,0.58,1.24,0.39,0.21,0.22,0.49,0.56,0.69,0.95,1.39,0.29,0,0
3.9,0.15,0.11,217.5,0.34,0.48,0.44,0.40,0.53,0.83,1.15,0.21,0.21,0.21,0.57,0.64,0.74,1.13,0.30,0.34,0,0
4.1,0.14,0.11,210.4,0.33,0.50,0.45,0.39,0.49,0.80,1.19,0.36,0.22,0.22,0.56,0.62,0.72,1.01,0.29,0.33,0,0
4.2,0.14,0.11,205.9,0.35,0.47,0.44,0.39,0.47,0.57,1.16,0.41,0.19,0.20,0.48,0.53,0.67,0.82,1.42,0.27,0,0
4.4,0.14,0.11,206.9,0.35,0.48,0.46,0.39,0.45,0.59,1.26,0.40,0.20,0.22,0.50,0.56,0.68,0.95,1.40,0.30,0,0
4.6,0.15,0.11,217.1,0.32,0.48,0.43,0.41,0.53,0.84,1.17,0.23,0.22,0.21,0.59,0.65,0.73,1.15,0.29,0.32,0,0
4.7,0.15,0.11,214.3,0.34,0.48,0.44,0.37,0.55,0.84,1.18,0.22,0.20,0.23,0.56,0.63,0.73,1.14,0.31,0.34,0,0
4.9,0.14,0.11,205.8,0.34,0.49,0.46,0.38,0.43,0.61,1.26,0.38,0.19,0.24,0.51,0.56,0.71,0.94,1.40,0.30,0,0
5.0,0.14,0.11,208.8,0.34,0.51,0.46,0.37,0.46,0.73,1.22,0.40,0.21,0.23,0.60,0.59,0.71,0.99,1.39,0.30,0,0
5.2,0.14,0.11,219.2,0.33,0.47,0.41,0.42,0.52,0.88,1.20,0.20,0.21,0.24,0.54,0.67,0.82,1.28,0.28,0.36,0,0
5.4,0.15,0.11,211.0,0.32,0.50,0.42,0.39,0.52,0.84,1.19,0.21,0.21,0.25,0.58,0.65,0.73,1.17,0.30,0.34,0,0
5.5,0.14,0.11,205.6,0.35,0.47,0.46,0.38,0.45,0.57,1.16,0.41,0.19,0.23,0.47,0.55,0.69,0.81,1.44,0.28,0,0
5.7,0.14,0.11,205.5,0.35,0.47,0.48,0.38,0.45,0.60,1.25,0.40,0.19,0.24,0.50,0.57,0.70,0.96,1.41,0.28,0,0
5.8,0.15,0.11,215.4,0.33,0.50,0.43,0.40,0.53,0.83,1.18,0.22,0.20,-1.00,0.56,0.64,0.73,1.17,0.30,0.34,0,0
6.0,0.15,0.11,226.6,0.35,0.48,0.37,0.45,0.54,1.08,1.22,0.19,0.19,0.46,0.53,0.65,0.81,1.36,0.29,0.36,0,0
6.1,0.14,0.11,218.2,0.33,0.45,0.38,0.42,0.56,1.02,1.23,0.17,0.21,0.26,0.53,0.68,0.83,1.32,0.28,0.37,0,0
6.3,0.15,0.11,214.6,0.34,0.51,0.46,0.39,0.49,0.80,-1.00,0.38,0.19,0.21,0.57,0.61,0.72,1.04,0.32,0.31,0,0
6.4,0.14,0.11,208.2,0.35,0.46,0.46,0.36,0.45,-1.00,1.15,0.42,0.20,0.22,0.49,0.55,0.66,0.83,1.42,0.31,0,0
6.6,0.14,0.11,208.9,0.36,0.48,0.46,0.38,0.44,0.61,1.25,0.41,0.20,0.22,0.52,0.55,0.69,0.97,1.41,0.28,0,0
6.7,0.15,0.11,214.8,0.32,0.50,0.43,0.40,0.52,0.84,1.17,0.22,0.21,0.23,0.55,0.65,0.72,1.16,0.31,0.33,0,0
6.9,0.14,0.11,212.3,0.33,0.50,0.45,0.39,0.50,0.77,1.17,0.38,0.21,0.22,0.56,0.62,0.70,1.02,0.30,0.34,0,0
7.1,0.14,0.11,200.8,0.38,0.45,0.46,0.39,0.44,0.58,1.10,1.22,0.19,0.22,0.48,0.54,0.67,0.85,1.48,0.29,0,0
7.3,0.14,0.11,190.2,0.34,0.33,0.50,0.45,0.40,0.53,0.82,1.18,0.23,0.21,0.21,0.56,0.66,0.73,1.08,0.30,0,0
7.4,0.14,0.11,187.0,0.28,0.35,0.49,0.48,0.38,0.44,0.57,1.26,0.41,0.20,0.22,0.53,0.55,0.67,0.94,1.40,0,0
7.6,0.14,0.11,190.3,0.33,0.32,0.52,0.45,0.37,0.49,0.79,1.18,0.38,0.22,0.22,0.59,0.60,0.72,1.03,0.31,0,0
7.8,0.14,0.11,184.9,0.29,0.33,0.50,0.45,0.38,0.46,0.75,1.22,0.39,0.22,0.23,0.54,0.59,0.69,0.98,1.39,0,0
8.0,0.14,0.11,191.6,0.32,0.33,0.50,0.44,0.38,0.48,0.80,1.19,0.37,0.19,0.22,0.56,0.61,0.68,1.01,0.32,0,0
8.2,0.14,0.11,188.9,0.32,0.35,0.49,0.46,0.38,0.46,-1.00,1.23,0.38,0.21,0.22,0.58,0.58,0.70,0.97,1.41,0,0
8.3,0.14,0.11,190.0,0.31,0.35,0.50,0.44,0.37,0.51,0.78,1.18,0.37,0.20,0.22,0.58,0.60,0.68,1.04,0.28,0,0
8.5,0.14,0.11,186.1,0.30,0.33,0.51,0.47,0.39,0.47,0.75,1.21,0.37,0.23,0.21,0.56,0.59,0.68,0.98,1.41,0,0
8.6,0.14,0.11,190.9,0.33,0.34,0.52,0.45,0.38,-1.00,0.79,1.18,0.37,0.21,0.22,-1.00,0.61,-1.00,1.04,0.32,0,0
8.8,0.14,0.11,186.2,0.30,0.33,0.49,0.45,0.39,0.46,0.76,1.23,0.39,0.20,0.22,0.57,0.58,0.71,0.98,1.40,0,0
8.9,0.14,0.11,189.2,0.32,0.33,0.51,0.46,0.38,0.48,0.78,1.18,-1.00,0.21,0.23,0.57,0.61,0.69,1.02,0.29,0,0
9.1,0.14,0.11,187.2,-1.00,0.34,0.50,0.48,0.37,0.46,0.76,1.20,0.38,0.20,0.23,0.52,0.59,0.68,0.98,1.42,0,0
9.3,0.14,0.11,189.6,0.32,0.35,0.50,0.46,0.39,0.48,0.75,1.23,0.37,0.21,0.22,0.55,0.58,0.69,1.00,1.39,0,0
9.4,0.14,0.11,195.7,0.34,0.31,0.47,0.41,0.40,0.54,0.85,1.20,0.19,0.20,0.23,0.55,0.66,0.80,1.27,0.30,0,0
9.6,0.14,0.11,190.8,0.35,0.33,0.49,0.43,0.39,0.52,0.81,1.19,0.22,0.20,0.22,0.57,0.63,0.72,1.10,0.30,0,0
9.7,0.14,0.11,186.2,0.29,0.36,0.51,0.48,0.37,0.46,0.59,1.24,0.41,0.20,0.22,0.49,0.57,0.69,0.96,1.40,0,0
9.9,0.14,0.11,191.6,0.29,0.33,0.49,0.45,0.40,0.45,0.75,1.22,0.40,0.21,0.22,0.57,0.58,0.71,0.97,1.40,0,0
10.0,0.14,0.11,195.3,0.34,0.32,0.49,0.42,0.41,0.52,0.83,1.20,0.20,0.22,0.22,0.55,0.65,0.80,1.26,0.30,0,0
10.2,0.14,0.11,191.1,0.34,0.31,0.48,0.45,0.39,0.52,0.82,1.19,0.22,0.20,0.23,0.57,0.62,0.72,1.09,0.26,0,0
10.3,0.14,0.11,182.6,0.29,0.36,0.48,0.46,0.38,0.45,0.59,1.26,0.41,0.20,0.23,0.52,0.56,0.69,0.96,1.40,0,0
10.5,0.14,0.11,191.3,0.30,0.32,0.51,0.46,0.37,0.47,0.76,1.20,0.38,0.21,0.23,0.58,0.58,0.67,1.00,1.38,0,0
10.6,0.14,0.11,198.9,0.36,0.34,0.49,0.41,0.41,0.54,0.88,1.20,0.18,0.22,0.23,0.54,0.67,0.80,1.28,0.29,0,0
10.8,0.14,0.11,195.2,0.37,0.35,0.49,0.43,0.40,0.55,0.81,1.17,0.22,0.22,0.23,0.54,0.63,0.73,1.13,0.32,0,0
10.9,0.14,0.11,188.0,0.28,-1.00,0.47,0.47,0.39,0.45,0.59,1.25,0.39,0.19,0.25,0.53,0.56,0.68,0.95,1.41,0,0
11.1,0.14,0.11,188.2,0.31,0.36,0.52,0.46,0.36,0.47,0.77,1.22,0.40,0.21,0.23,0.58,0.57,0.72,0.99,1.40,0,0
11.2,0.14,0.11,198.6,0.35,0.31,0.50,0.41,0.40,0.54,0.87,1.19,0.18,0.18,0.24,0.56,0.65,0.79,1.29,0.28,0,0
11.4,0.14,0.11,195.3,0.33,0.32,0.49,0.45,0.41,0.52,0.83,1.17,0.22,0.19,0.22,0.57,0.65,0.72,1.16,0.30,0,0
11.5,0.14,0.11,184.9,0.29,0.35,0.48,0.46,0.39,0.46,0.59,1.26,0.38,0.20,0.21,0.52,0.56,0.67,0.95,1.39,0,0
11.7,0.14,0.11,187.9,0.29,0.33,0.49,0.45,0.38,0.46,0.75,1.21,0.37,0.21,0.23,0.58,0.58,0.70,0.98,1.41,0,0
11.8,0.14,0.11,196.1,0.38,0.32,0.48,0.42,0.40,0.53,0.87,1.20,0.21,0.22,0.22,0.54,0.66,0.82,1.27,0.30,0,0
12.0,0.14,0.11,193.7,0.34,0.33,0.49,0.44,0.39,0.54,0.84,1.17,0.20,0.21,0.22,0.56,0.64,0.75,1.14,0.29,0,0
12.1,0.14,0.11,184.2,0.31,0.33,0.48,0.46,0.38,0.46,0.59,1.23,0.39,0.19,0.21,0.51,0.58,0.69,0.97,1.41,0,0
12.3,0.14,0.11,188.5,0.29,0.35,0.50,0.46,0.35,0.46,0.76,1.21,0.40,0.21,0.21,0.59,0.58,0.69,0.99,0.30,0,0
12.4,0.14,0.11,187.4,0.30,0.35,0.50,0.47,0.38,0.45,0.60,1.25,0.39,0.21,0.24,0.50,0.54,0.67,0.97,1.41,0,0
12.6,0.15,0.11,191.5,0.29,0.35,0.49,0.46,0.38,0.47,0.75,1.22,0.39,0.21,-1.00,0.60,0.58,0.70,1.00,0.32,0,0
12.8,0.14,0.11,197.2,0.36,0.32,0.47,0.40,0.43,0.55,1.02,1.23,0.18,0.20,0.27,0.53,0.67,0.83,1.32,0.29,0,0
12.9,0.14,0.11,198.5,0.36,0.33,0.48,0.41,0.40,0.54,0.89,1.21,0.18,0.21,0.23,0.54,0.66,0.79,1.28,0.30,0,0
13.1,0.14,0.11,189.8,0.30,0.34,0.50,0.46,0.38,0.47,0.76,1.23,0.39,0.20,0.23,0.60,0.60,0.70,1.00,1.39,0,0
13.3,0.14,0.11,192.2,0.33,0.34,0.48,0.42,0.40,0.52,0.81,1.18,0.22,0.20,0.24,0.55,0.62,0.72,1.12,0.32,0,0
13.4,0.14,0.11,190.3,0.32,0.35,0.52,0.44,0.38,0.48,0.79,1.16,0.36,0.21,0.22,0.57,0.62,0.70,1.02,0.29,0,0
13.6,0.14,0.11,179.5,0.30,0.37,0.38,0.47,0.39,0.44,0.57,1.10,1.22,0.20,0.22,0.48,0.55,0.66,0.81,1.49,0,0
13.8,0.14,0.11,184.8,0.28,0.36,0.46,0.46,0.36,0.45,0.56,1.14,0.43,0.19,0.21,0.48,0.55,0.68,0.83,1.42,0,0
14.0,0.14,0.11,195.0,0.32,0.33,0.48,0.43,0.41,0.52,0.83,1.18,0.20,0.21,0.23,0.56,0.64,0.73,1.12,0.29,0,0
14.1,0.14,0.11,190.4,0.31,0.34,0.51,0.44,0.37,0.50,0.78,1.18,0.36,0.21,0.23,0.56,0.60,0.70,1.03,0.30,0,0
14.3,0.14,0.11,180.1,0.30,0.35,0.47,0.47,0.40,0.45,0.57,1.14,0.43,-1.00,0.23,0.48,0.55,0.68,0.81,1.43,0,0
14.4,0.14,0.11,180.7,0.28,0.35,0.49,-1.00,0.37,0.46,0.59,1.25,0.40,0.20,0.20,0.51,0.57,0.71,0.96,1.41,0,0
14.6,0.14,0.11,194.4,0.33,0.33,0.48,0.43,0.41,0.52,0.83,1.18,0.21,0.20,0.22,0.57,0.64,0.72,1.13,0.31,0,0
14.7,0.14,0.11,188.5,0.35,0.34,0.49,0.46,0.38,0.51,0.79,1.17,0.37,0.21,0.21,0.58,0.63,0.69,1.03,0.31,0,0
14.9,0.14,0.11,184.2,0.28,0.38,0.49,0.48,0.38,0.45,0.56,1.14,0.43,0.18,0.22,0.49,0.53,0.67,0.82,1.42,0,0
15.0,0.14,0.11,188.5,0.30,0.33,0.48,0.46,0.38,0.43,0.59,1.24,0.40,0.20,0.23,0.52,0.56,0.68,0.96,1.40,0,0
15.2,0.14,0.11,190.9,0.34,0.32,0.48,0.44,0.41,0.53,0.83,1.18,0.21,0.20,0.23,0.56,0.65,0.72,1.13,0.30,0,0
15.4,0.14,0.11,185.1,0.31,0.34,0.49,0.47,0.38,0.47,0.76,1.21,0.38,0.20,0.23,0.58,0.58,0.70,0.98,1.39,0,0
15.6,0.14,0.11,191.1,0.34,0.33,0.49,0.43,0.38,0.52,0.82,1.18,0.20,0.20,0.23,0.57,0.64,0.73,1.14,0.31,0,0
15.8,0.14,0.11,192.8,0.33,0.34,0.52,0.45,0.38,0.49,0.80,1.19,0.37,0.20,0.24,0.57,0.62,0.72,1.04,0.32,0,0
15.9,0.14,0.11,182.9,0.29,0.35,0.45,0.47,0.37,0.44,0.57,1.13,0.42,0.19,0.20,0.45,0.55,0.68,0.81,1.42,0,0
16.1,0.14,0.11,186.2,0.28,0.35,0.47,0.47,0.37,0.45,0.60,1.26,0.40,0.20,0.20,0.51,0.56,0.67,0.96,1.39,0,0
16.3,0.14,0.11,193.7,0.36,0.34,0.48,0.42,0.41,0.56,0.88,1.19,0.18,0.22,0.23,0.54,0.66,0.80,1.27,0.29,0,0
16.4,0.14,0.11,192.0,0.35,0.32,0.49,0.42,0.40,0.52,0.82,1.18,0.21,0.23,0.23,0.58,0.65,0.72,1.07,0.29,0,0
16.6,0.14,0.11,181.7,-1.00,0.35,0.49,0.47,0.39,0.46,0.57,1.26,0.39,0.19,0.22,0.51,0.55,0.68,0.95,1.41,0,0
16.7,0.14,0.11,189.3,0.32,0.33,0.49,0.46,0.39,0.47,0.75,1.20,0.39,0.20,0.24,0.59,0.59,0.69,0.99,1.41,0,0
16.9,0.14,0.11,196.9,0.34,0.35,0.46,0.42,0.41,0.54,0.87,1.21,0.19,0.21,0.24,0.54,0.66,0.80,1.27,0.29,0,0
17.0,0.14,0.11,194.9,0.35,0.34,0.49,0.42,0.40,0.52,0.84,1.18,0.21,0.20,0.21,0.57,0.64,0.72,1.15,0.30,0,0
17.2,0.14,0.11,184.3,0.30,0.35,0.49,0.47,0.38,0.45,0.59,1.25,0.38,0.19,0.21,0.51,0.55,0.69,0.96,1.40,0,0
17.3,0.14,0.11,191.5,0.31,0.33,0.51,0.45,0.38,0.47,0.75,1.21,0.39,0.21,0.22,0.58,0.59,0.69,0.98,1.41,0,0
17.5,0.14,0.11,198.4,0.35,0.33,0.48,0.41,0.42,0.55,0.89,1.20,0.18,0.20,0.21,0.55,0.66,0.81,1.28,0.28,0,0
17.7,0.14,0.11,189.5,0.35,0.33,0.48,0.44,0.41,0.50,0.83,1.19,0.21,0.21,0.25,0.56,0.66,0.72,1.16,0.31,0,0
17.9,0.13,0.11,179.7,0.28,0.36,0.47,0.47,0.37,0.43,0.57,1.16,0.42,0.19,0.21,0.47,0.56,0.67,0.83,1.42,0,0
18.1,0.14,0.11,189.0,0.29,-1.00,0.48,0.46,0.38,0.44,0.60,1.23,0.38,0.20,0.20,0.52,0.55,0.69,0.96,1.39,0,0
18.2,0.14,0.11,192.6,0.34,0.33,0.49,0.43,0.39,0.54,0.83,1.17,0.21,0.21,0.23,0.56,0.64,0.71,1.14,0.33,0,0
18.4,0.14,0.11,190.4,0.32,0.35,0.51,0.45,0.39,0.48,0.77,1.18,0.36,0.21,0.22,0.59,0.61,0.70,1.03,0.33,0,0
18.5,0.14,0.11,183.3,0.28,0.36,0.46,0.46,0.37,0.46,0.56,1.13,0.41,0.20,0.21,0.48,0.53,0.67,0.83,1.44,0,0
18.7,0.14,0.11,184.4,0.30,-1.00,0.50,0.46,0.39,0.45,0.62,1.23,0.40,0.21,0.21,0.53,0.56,0.70,0.97,1.41,0,0
18.9,0.14,0.11,192.2,0.36,0.34,0.47,0.41,0.42,0.54,0.89,1.21,0.19,0.20,0.24,0.56,0.66,0.81,1.28,0.29,0,0
19.0,0.14,0.11,195.9,0.34,0.35,0.46,0.44,0.39,0.52,0.83,1.19,0.20,0.22,0.22,0.56,0.64,0.72,1.21,0.31,0,0
19.2,0.14,0.11,181.5,0.29,0.33,0.50,0.47,0.37,0.44,0.62,1.24,0.39,0.18,0.23,0.51,0.57,0.67,0.98,1.41,0,0
19.3,0.14,0.11,189.9,0.30,0.34,0.51,0.44,0.39,0.47,0.79,1.19,0.38,0.20,0.22,0.59,0.59,0.70,0.98,0.32,0,0
19.5,0.14,0.11,185.7,0.30,0.36,0.49,0.45,0.36,0.46,0.61,1.25,0.38,0.18,0.21,0.50,0.55,0.69,0.97,1.40,0,0
19.6,0.14,0.11,187.2,0.31,0.34,0.51,0.46,0.37,0.49,0.77,1.21,0.38,0.20,0.23,0.57,0.60,0.68,0.99,0.30,0,0
19.8,0.14,0.11,184.2,0.28,0.36,0.50,0.47,0.37,0.44,0.63,1.25,0.39,0.20,0.21,0.49,0.56,0.69,0.95,1.40,0,0
20.0,0.14,0.11,184.2,0.28,0.34,0.49,0.46,0.37,0.45,0.59,1.25,0.41,0.20,0.21,0.51,0.56,0.70,0.96,1.41,0,0
20.2,0.14,0.11,195.1,0.35,0.34,0.47,0.42,0.40,0.51,0.88,1.20,0.17,0.22,0.24,0.56,0.67,0.79,1.29,0.29,0,0
20.3,0.14,0.11,190.5,0.36,0.33,0.49,0.42,0.41,0.52,0.82,1.17,0.23,0.21,0.24,0.57,0.66,0.72,1.18,0.30,0,0
20.5,0.14,0.11,185.1,0.29,0.36,0.46,0.48,0.38,0.44,0.62,1.25,0.40,0.20,0.21,0.48,0.55,0.69,0.98,1.40,0,0
20.6,0.14,0.11,188.6,0.32,0.34,0.49,0.46,0.37,0.46,0.75,1.21,0.37,0.21,0.21,0.58,0.59,0.71,0.99,1.38,0,0
20.8,0.14,0.11,191.4,0.34,0.35,0.47,0.42,0.41,-1.00,0.88,1.19,0.19,0.19,0.22,0.57,0.66,0.81,1.27,0.27,0,0
20.9,0.14,0.11,190.7,0.35,0.33,0.47,0.43,0.39,0.53,0.83,1.19,0.22,0.20,0.22,0.55,0.65,0.73,1.17,0.29,0,0
21.1,0.14,0.11,187.4,0.28,0.36,0.49,0.46,0.38,0.45,0.59,1.26,0.38,0.21,0.22,0.50,0.54,0.69,0.96,1.40,0,0
21.2,0.14,0.11,190.0,0.31,0.33,0.50,0.45,0.38,0.47,0.77,1.20,0.38,0.19,0.21,0.59,0.58,0.69,1.00,0.31,0,0
21.4,0.14,0.11,186.5,0.28,0.34,0.49,0.47,0.39,0.45,0.60,1.26,0.40,0.19,0.23,0.51,0.55,0.68,-1.00,-1.00,0,0
21.5,0.14,0.11,186.2,0.31,0.34,0.51,0.46,0.39,0.49,0.74,1.19,0.37,0.21,0.22,0.57,0.59,0.69,0.99,0.33,0,0
21.7,0.14,0.11,188.3,-1.00,0.35,0.49,0.46,0.38,0.44,0.60,1.25,0.41,0.20,0.23,0.53,0.54,0.68,0.97,1.40,0,0
21.8,0.14,0.11,189.1,0.30,0.35,0.49,0.47,0.38,0.48,0.75,1.20,0.38,0.21,0.23,0.57,0.58,0.69,0.98,0.32,0,0
22.0,0.14,0.11,182.8,0.28,0.34,0.49,0.46,0.37,0.43,0.58,1.25,0.40,0.18,0.22,0.52,0.56,0.69,0.97,1.39,0,0
22.1,0.14,0.11,185.7,0.33,0.35,0.50,0.45,0.37,0.46,0.76,1.19,0.39,0.19,0.23,0.57,0.58,0.68,1.00,0.32,0,0
22.3,0.14,0.11,184.3,0.29,0.35,0.48,0.46,0.38,0.43,0.60,1.27,0.40,0.23,0.22,0.52,0.57,0.68,0.96,1.40,0,0
22.4,0.14,0.11,190.6,0.31,0.32,0.52,0.44,0.39,0.49,0.77,1.20,0.37,0.21,0.21,0.58,0.60,0.69,0.99,0.32,0,0
22.6,0.14,0.11,183.4,0.26,0.33,0.48,0.47,0.37,0.44,0.61,1.24,0.40,0.20,0.22,0.51,0.57,0.69,0.95,1.39,0,0
22.7,0.14,0.11,188.5,0.31,0.34,0.50,0.45,0.39,0.46,0.74,1.21,0.40,0.19,0.22,0.57,0.59,0.70,0.99,0.31,0,0
22.9,0.14,0.11,186.4,0.27,0.34,0.47,0.45,0.38,0.45,0.62,1.24,0.39,0.20,0.23,0.49,0.56,0.69,0.96,1.39,0,0
23.0,0.14,0.11,190.8,0.29,0.34,0.49,0.44,0.38,0.46,0.76,1.19,0.40,0.20,0.24,0.59,0.60,0.70,0.99,0.30,0,0
23.2,0.14,0.11,181.9,0.27,0.35,-1.00,0.47,0.38,0.46,0.61,1.25,0.39,0.19,0.20,0.52,0.56,0.69,0.94,1.41,0,0
23.3,0.14,0.11,187.8,0.30,0.33,0.51,0.46,0.37,0.47,0.76,1.21,0.37,0.18,0.22,0.58,0.58,0.69,1.00,0.31,0,0
23.5,0.14,0.11,182.5,0.28,0.33,0.49,0.46,0.37,0.45,0.60,1.25,0.39,0.21,0.23,0.51,0.54,0.67,0.96,1.41,0,0
23.6,0.14,0.11,186.6,0.30,0.33,0.48,0.47,0.38,0.47,0.76,1.18,0.38,0.21,0.21,0.59,0.59,0.69,0.99,0.32,0,0
23.8,0.14,0.11,184.2,0.30,0.35,0.50,0.46,0.38,0.45,0.61,1.25,0.40,0.20,0.22,0.52,0.55,0.69,0.96,1.38,0,0
23.9,0.14,0.11,188.3,0.31,0.33,0.51,0.45,0.40,0.47,0.75,1.21,0.37,0.21,0.21,0.57,0.59,0.71,0.97,0.31,0,0
24.1,0.14,0.11,185.4,0.28,0.35,0.49,0.45,0.39,0.47,0.60,1.21,0.39,0.19,0.23,0.52,0.56,0.69,0.96,1.39,0,0
24.2,0.14,0.11,187.5,0.31,0.34,0.50,0.46,0.38,0.48,0.76,1.19,0.38,0.20,0.23,0.58,0.58,0.69,1.00,0.31,0,0
24.4,0.14,0.11,183.5,0.29,0.35,0.49,0.46,0.36,0.44,0.60,1.25,0.40,0.19,0.22,0.50,0.57,0.68,0.96,1.41,0,0
24.5,0.14,0.11,188.0,0.32,0.35,0.53,0.46,0.39,0.47,0.75,1.20,0.39,0.22,0.20,0.59,0.60,0.70,1.00,0.31,0,0
24.7,0.14,0.11,184.7,0.29,0.36,0.47,0.44,0.37,0.45,0.60,1.24,0.40,0.18,0.22,0.51,0.58,0.68,0.97,1.40,0,0
24.8,0.14,0.11,185.3,0.30,0.34,0.50,0.46,0.37,0.46,0.77,1.20,0.37,0.20,0.23,0.59,0.59,0.69,1.00,0.31,0,0
25.0,0.14,0.11,183.3,0.30,0.36,0.48,0.47,0.38,0.42,0.61,1.24,0.40,0.22,0.23,0.52,0.56,0.67,0.97,1.41,0,0
25.1,0.14,0.11,190.4,0.30,0.35,0.48,0.45,0.39,0.49,0.74,1.22,0.38,0.21,0.22,0.58,0.59,0.69,0.98,0.33,0,0
25.3,0.14,0.11,186.0,0.29,0.34,0.51,0.45,0.37,0.46,0.61,1.24,0.39,0.19,0.23,0.50,0.55,0.67,0.96,1.39,0,0
25.4,0.14,0.11,184.4,0.33,0.34,0.50,0.46,0.39,0.47,0.76,1.20,0.38,0.19,0.24,0.58,0.58,0.69,0.98,0.32,0,0
25.6,0.14,0.11,182.0,0.30,0.35,0.50,0.46,0.37,0.45,0.61,1.25,0.39,0.19,0.23,0.51,0.55,0.70,0.97,1.38,0,0
25.7,0.14,0.11,188.2,0.31,0.34,0.50,0.45,0.38,0.47,0.77,1.21,0.37,0.20,0.23,0.57,0.57,0.69,1.01,0.31,0,0
25.9,0.14,0.11,184.1,0.28,0.34,0.50,0.45,0.35,0.45,0.60,1.25,0.41,0.20,0.22,0.50,0.57,0.69,0.97,1.38,0,0
26.1,0.14,0.11,185.5,0.28,0.34,0.47,0.45,0.38,0.46,0.60,1.27,0.39,0.20,0.21,0.51,0.58,0.71,0.98,1.39,0,0
26.2,0.14,0.11,193.9,0.34,0.32,-1.00,0.43,0.40,0.51,0.83,1.18,0.22,0.21,0.24,-1.00,0.65,0.74,1.16,0.28,0,0
26.4,0.14,0.11,192.5,0.32,0.33,0.53,0.44,0.41,0.49,0.79,1.17,0.37,0.22,0.22,0.56,-1.00,0.69,1.03,0.30,0,0
26.5,0.14,0.11,182.6,0.27,0.36,0.47,0.46,0.38,0.46,0.58,1.17,0.42,0.19,0.20,0.49,0.55,0.66,0.83,1.43,0,0
26.7,0.14,0.11,184.4,0.29,0.36,0.48,0.47,0.38,0.46,0.58,1.25,0.40,0.19,0.23,0.52,0.55,0.69,0.94,1.39,0,0
26.9,0.14,0.11,197.8,0.35,0.33,0.48,0.42,0.41,0.54,0.88,1.21,0.20,0.21,0.25,0.56,0.66,0.82,1.29,0.28,0,0
27.0,0.14,0.11,193.5,0.35,0.34,0.48,0.43,0.40,0.55,0.83,1.19,0.21,0.20,0.23,0.56,0.64,0.73,1.17,0.29,0,0
27.2,0.14,0.11,186.6,0.31,0.33,0.47,0.48,0.38,0.43,0.60,1.25,0.39,0.20,0.22,0.50,0.55,0.67,0.96,1.40,0,0
27.3,0.14,0.11,185.5,0.31,0.33,0.48,0.46,0.38,0.49,0.77,1.20,0.38,0.19,0.23,0.57,0.59,0.70,0.99,0.32,0,0
27.5,0.14,0.11,187.3,0.28,0.35,0.49,0.46,0.37,0.44,0.62,1.24,0.41,0.20,0.23,0.52,0.56,0.69,0.96,1.40,0,0
27.7,0.15,0.11,189.0,0.31,0.34,0.48,0.44,-1.00,0.46,0.76,1.19,0.36,0.19,0.22,0.58,0.60,0.70,0.99,0.31,0,0
27.9,0.14,0.11,191.7,0.32,0.35,0.52,0.45,0.38,0.50,0.81,1.17,0.37,0.20,0.22,0.57,0.62,0.71,1.01,0.30,0,0
28.0,0.14,0.11,182.5,0.29,0.33,0.47,0.46,0.40,0.44,0.56,1.15,0.40,0.19,0.20,0.49,0.54,0.67,0.83,1.42,0,0
28.2,0.14,0.11,185.1,0.30,0.34,0.47,0.46,0.40,0.46,0.60,1.24,0.40,0.18,0.23,0.52,0.55,0.67,0.96,1.40,0,0
28.3,0.14,0.11,189.9,0.33,0.35,0.50,0.43,0.40,0.53,0.83,1.18,0.20,0.21,0.26,0.55,0.63,0.72,1.17,0.30,0,0
28.5,0.14,0.11,190.8,0.33,0.33,0.51,0.44,0.39,0.50,0.80,1.15,0.36,0.20,0.22,0.57,0.62,0.71,1.04,0.29,0,0
28.7,0.13,0.11,179.7,0.30,0.35,0.48,-1.00,0.38,0.44,0.58,1.16,0.43,0.20,0.24,0.48,0.55,0.68,0.82,1.43,0,0
28.9,0.14,0.11,181.3,0.27,0.34,0.46,0.47,0.37,0.46,0.57,1.15,0.43,0.20,0.20,0.47,0.55,0.69,0.83,1.42,0,0
29.0,0.14,0.11,193.3,0.33,0.34,0.48,0.44,0.41,0.54,0.84,1.19,0.20,0.20,0.24,0.56,0.64,0.72,1.18,0.29,0,0
29.2,0.14,0.11,191.8,0.30,0.34,0.50,0.44,0.38,0.49,0.79,1.17,0.36,0.21,0.22,0.55,0.62,0.70,1.03,0.30,0,0
29.4,0.14,0.11,181.9,0.29,0.36,0.42,0.45,0.39,0.45,0.56,1.09,1.21,0.17,0.21,0.49,0.51,0.67,0.81,1.47,0,0
29.5,0.14,0.11,183.3,0.27,0.35,0.46,0.46,0.36,0.46,0.58,1.15,0.41,0.19,0.21,0.49,0.54,0.67,0.83,1.43,0,0
29.7,0.14,0.11,190.5,0.30,0.35,0.52,0.44,0.38,0.48,0.80,1.18,0.36,0.20,0.22,0.55,0.63,0.69,1.05,0.32,0,0
29.8,0.14,0.11,187.2,0.30,0.34,0.49,0.46,0.39,0.48,0.76,1.20,0.37,0.21,0.21,0.57,0.59,0.69,1.00,0.30,0,0
30.0,0.14,0.11,185.2,0.30,0.37,0.43,0.47,0.40,0.45,0.57,-1.00,1.23,0.17,0.22,0.46,0.54,0.65,0.82,1.48,0,0
30.1,0.14,0.11,181.0,0.29,0.36,0.47,0.45,0.35,0.45,0.59,1.16,0.40,0.19,0.24,0.47,0.54,0.67,0.84,1.42,0,0
30.3,0.14,0.11,194.2,0.33,0.36,0.51,0.45,0.39,0.49,0.80,1.20,0.36,0.19,0.23,0.55,0.62,0.70,1.01,0.31,0,0
30.4,0.14,0.11,186.3,0.31,0.34,0.49,0.44,0.39,0.51,0.76,1.20,0.39,0.21,0.21,0.60,0.58,0.70,0.99,0.30,0,0
30.6,0.14,0.11,180.2,0.29,0.35,0.43,0.47,0.38,0.43,0.56,1.09,1.22,0.20,0.20,0.48,0.53,0.66,0.81,-1.00,0,0
30.7,0.14,0.11,182.4,0.28,0.34,0.47,0.46,0.38,0.44,0.59,1.15,0.41,0.20,0.23,0.51,0.55,0.67,0.84,1.44,0,0
30.9,0.14,0.11,189.3,0.33,0.34,0.50,0.46,0.38,0.51,0.79,1.16,0.36,0.20,0.23,0.57,0.62,0.71,1.03,0.30,0,0
31.0,0.14,0.11,184.8,0.31,0.34,0.49,0.47,0.37,0.47,0.75,1.20,0.38,0.20,0.23,0.59,0.58,0.70,1.00,0.31,0,0
31.2,0.14,0.11,178.8,0.27,0.36,0.45,0.46,0.35,0.43,0.56,1.09,1.22,0.18,0.22,0.46,0.54,0.70,-1.00,1.48,0,0
31.3,0.14,0.11,180.6,0.29,0.35,0.48,0.45,0.38,0.46,0.58,1.16,0.41,0.18,0.23,0.49,0.55,0.68,0.81,1.41,0,0
31.5,0.14,0.11,191.5,0.33,0.34,0.49,0.44,0.40,-1.00,0.81,1.18,0.36,0.20,0.23,0.58,0.61,0.69,1.05,0.31,0,0
31.6,0.14,0.11,184.2,0.30,0.36,0.51,0.47,0.39,0.48,0.75,1.20,0.39,0.22,0.24,0.57,0.58,0.71,1.00,0.32,0,0
31.8,0.14,0.11,178.7,0.29,0.36,0.45,0.47,0.38,0.44,0.56,1.09,1.21,0.19,0.21,0.46,0.53,0.67,0.82,1.47,0,0
32.0,0.14,0.11,177.5,0.29,0.36,0.43,0.47,0.37,0.46,0.56,1.08,1.20,0.19,0.20,0.48,0.54,0.69,0.83,1.46,0,0
32.1,0.14,0.11,189.7,-1.00,0.34,0.49,0.47,0.37,0.46,0.75,1.22,0.39,0.22,0.22,0.57,0.58,0.67,0.99,0.32,0,0
32.3,0.14,0.11,187.2,0.28,0.35,0.49,0.46,0.40,0.45,0.62,1.24,0.38,0.20,0.24,0.51,0.56,0.69,0.95,1.39,0,0
32.4,0.14,0.11,187.2,0.30,0.33,0.50,0.47,0.38,0.48,0.76,1.21,0.38,0.21,0.21,0.57,0.61,0.69,0.99,0.32,0,0
32.6,0.14,0.11,189.0,0.29,0.35,0.48,0.48,0.37,0.46,0.61,1.25,0.40,0.20,0.22,0.52,0.56,0.70,0.96,1.38,0,0
32.7,0.14,0.11,186.7,0.31,0.35,0.49,0.46,0.38,0.47,0.74,1.21,0.36,0.22,0.21,0.60,0.57,0.68,1.01,0.31,0,0
32.9,0.14,0.11,188.9,0.30,0.35,0.47,0.45,0.39,0.45,0.61,1.25,0.39,0.19,0.24,0.53,0.56,0.67,0.96,1.39,0,0
33.0,0.14,0.11,186.3,0.33,0.34,0.51,0.45,0.38,0.46,0.76,1.21,0.38,-1.00,0.21,0.60,0.59,0.69,1.00,0.31,0,0
33.2,0.14,0.11,183.1,0.29,0.33,0.48,0.47,0.37,0.46,0.61,1.26,0.36,0.20,0.22,0.51,0.56,0.69,0.95,1.40,0,0
33.3,0.14,0.11,191.7,0.33,0.35,0.49,0.46,0.38,0.47,0.76,1.21,0.38,0.20,0.23,0.59,0.59,0.67,1.01,0.32,0,0
33.5,0.14,0.11,188.1,0.29,0.35,0.49,0.46,0.38,0.45,0.60,1.25,0.40,0.18,0.21,0.51,0.56,0.68,0.95,1.41,0,0
33.6,0.14,0.11,189.2,0.30,0.34,0.49,0.46,0.37,0.48,0.76,1.20,0.38,0.21,0.23,0.56,0.56,0.69,1.00,0.32,0,0
33.8,0.14,0.11,182.6,0.29,0.33,0.48,0.47,0.39,0.46,0.60,1.25,0.38,0.20,0.22,0.53,0.55,0.68,0.97,1.39,0,0
34.0,0.14,0.11,183.5,0.29,0.35,0.47,0.45,0.35,0.46,0.62,1.24,0.39,0.19,0.23,0.52,0.57,0.69,0.95,1.39,0,0
34.1,0.14,0.11,192.6,0.35,0.34,0.50,0.43,0.40,0.53,0.84,1.18,0.20,0.20,0.22,0.57,0.63,0.72,1.18,0.28,0,0
34.3,0.14,0.11,192.3,0.32,0.33,0.50,0.44,0.39,0.50,0.78,1.16,0.38,0.21,0.22,0.57,0.60,0.69,1.04,0.31,0,0
34.4,0.14,0.11,183.0,0.28,0.35,0.48,0.47,0.37,0.45,0.57,1.17,0.42,0.21,0.22,0.48,0.55,0.67,0.82,1.42,0,0
34.6,0.14,0.11,185.4,0.30,-1.00,0.49,0.47,0.37,0.44,0.62,1.25,0.41,0.19,0.22,0.51,0.57,0.70,0.94,1.42,0,0
34.7,0.14,0.11,192.9,0.34,0.33,0.48,0.41,0.40,0.53,0.85,1.17,0.21,0.20,0.23,0.57,0.65,0.73,1.17,0.28,0,0
34.9,0.14,0.11,191.0,0.32,0.33,0.52,0.45,0.38,0.52,0.80,1.19,0.36,0.22,0.22,0.58,0.63,0.69,1.03,0.32,0,0
35.0,0.14,0.11,178.5,0.30,0.34,0.46,0.47,0.40,0.45,0.58,1.15,0.40,0.20,0.22,0.50,0.56,0.69,0.81,1.42,0,0
