B2 PING x=0.21 y=1.66 t=1788376621
B2 GOALSEEN x=0.51 y=-0.82
B2 GOALSEEN x=0.40 y=-0.70
B2 GOALSEEN x=0.27 y=-0.72
B2 GOALSEEN x=0.27 y=-0.72
B2 GOALSEEN x=0.36 y=-0.87
B2 GOALSEEN x=0.40 y=-0.87
B2 GOALSEEN x=0.50 y=-0.75
B2 GOALSEEN x=0.36 y=-0.70
B2 GOALSEEN x=0.36 y=-0.85
B2 PING x=0.44 y=-0.92 t=1788376826
B2 PING x=0.16 y=-0.54 t=1788376832
B2 PING x=-0.28 y=-0.33 t=1788376838
B2 PING x=-0.20 y=-0.51 t=1788376894
B2 PING x=-0.17 y=-0.76 t=1788376899
B2 PING x=0.22 y=-1.05 t=1788376903
B2 PING x=-0.55 y=0.01 t=1788377036
B2 PING x=-0.74 y=0.38 t=1788377043
B2 PING x=-0.83 y=0.87 t=1788377049
B2 PING x=-0.75 y=0.41 t=1788377054
B2 PING x=-0.69 y=0.82 t=1788377060
B2 PING x=-0.44 y=1.24 t=1788377065
B2 PING x=-0.30 y=0.80 t=1788377072
B2 PING x=-0.24 y=1.25 t=1788377078
B2 PING x=-0.66 y=1.49 t=1788377082
B2 PING x=-1.12 y=1.35 t=1788377087
B2 PING x=-1.05 y=1.48 t=1788377094
B2 GOALSEEN x=-1.28 y=1.08
B2 GOALSEEN x=-1.19 y=1.20
B2 GOALSEEN x=-1.23 y=1.33
B2 GOALSEEN x=-1.29 y=1.34
B2 GOALSEEN x=-1.30 y=1.34
B2 GOALSEEN x=-1.30 y=1.34
B2 GOALSEEN x=-1.16 y=1.40
B2 GOALSEEN x=-1.16 y=1.40
B2 GOALSEEN x=-1.28 y=1.38
B2 GOALSEEN x=-1.28 y=1.38
B2 GOALSEEN x=-1.13 y=1.37
B2 GOALSEEN x=-1.13 y=1.37
B2 GOALSEEN x=-1.28 y=1.42
B2 GOALSEEN x=-1.39 y=1.35
B2 GOALSEEN x=-1.39 y=1.35
B2 GOALSEEN x=-1.23 y=1.41
B2 GOALSEEN x=-1.23 y=1.41
B2 PING x=-1.26 y=1.40 t=1788377130
B2 PING x=-1.24 y=0.92 t=1788377135
B2 PING x=-1.23 y=0.42 t=1788377139
B2 PING x=-1.34 y=-0.07 t=1788377144
B2 PING x=-1.28 y=-0.57 t=1788377148
B2 PING x=-1.52 y=-0.19 t=1788377153
B2 PING x=-1.40 y=-0.62 t=1788377158
B2 PING x=-1.44 y=-0.71 t=1788377168
B2 PING x=-0.97 y=-0.97 t=1788377180
B2 PING x=-1.01 y=-0.97 t=1788377218
B2 PING x=-1.07 y=-1.07 t=1788377260
B2 PING x=-1.07 y=-1.07 t=1788377261
B2 PING x=-1.05 y=-0.61 t=1788377262
B2 PING x=-1.05 y=-0.64 t=1788377263
B2 PING x=-1.05 y=-0.70 t=1788377265
B2 PING x=-1.05 y=-0.70 t=1788377266
B2 PING x=-1.05 y=-0.70 t=1788377267
B2 PING x=-1.20 y=-0.86 t=1788377268
B2 PING x=-1.20 y=-0.86 t=1788377269
B2 PING x=-1.20 y=-0.86 t=1788377271
B2 PING x=-1.12 y=-0.66 t=1788377272
B2 PING x=-1.12 y=-0.66 t=1788377273
B2 PING x=-1.12 y=-0.66 t=1788377274
B2 PING x=-1.12 y=-0.66 t=1788377275
B2 PING x=-1.12 y=-0.99 t=1788377277
B2 PING x=-1.12 y=-1.01 t=1788377278
B2 PING x=-1.12 y=-1.01 t=1788377279
B2 PING x=-1.12 y=-1.01 t=1788377280
B2 PING x=-1.12 y=-1.01 t=1788377281
B2 PING x=-1.12 y=-1.01 t=1788377283
B2 PING x=-1.06 y=-0.53 t=1788377284
B2 PING x=-1.06 y=-0.53 t=1788377285
B2 PING x=-1.06 y=-0.53 t=1788377286
B2 PING x=-1.06 y=-0.53 t=1788377287
B2 PING x=-1.06 y=-0.53 t=1788377289
B2 PING x=-1.06 y=-0.53 t=1788377290
B2 PING x=-1.06 y=-0.53 t=1788377291
B2 PING x=-1.06 y=-0.53 t=1788377292
B2 PING x=-1.06 y=-0.53 t=1788377293
B2 PING x=-1.06 y=-0.53 t=1788377295
B2 PING x=-1.06 y=-0.53 t=1788377296
B2 PING x=-1.06 y=-0.53 t=1788377297
B2 PING x=-1.06 y=-0.53 t=1788377298
B2 PING x=-1.06 y=-0.53 t=1788377299
B2 PING x=-1.06 y=-0.53 t=1788377301
B2 PING x=-1.06 y=-0.53 t=1788377302
B2 PING x=-1.06 y=-0.53 t=1788377303
B2 PING x=-1.06 y=-0.53 t=1788377304
B2 PING x=-1.06 y=-0.53 t=1788377305
B2 PING x=-1.06 y=-0.53 t=1788377307
B2 PING x=-1.06 y=-0.53 t=1788377308
B2 PING x=-1.06 y=-0.53 t=1788377309
B2 PING x=-1.06 y=-0.53 t=1788377310
B2 PING x=-1.06 y=-0.53 t=1788377311
B2 PING x=-1.06 y=-0.53 t=1788377313
B2 PING x=-1.06 y=-0.53 t=1788377314
B2 PING x=-1.06 y=-0.53 t=1788377315
B2 PING x=-1.06 y=-0.53 t=1788377316
B2 PING x=-1.06 y=-0.53 t=1788377317
B2 PING x=-1.06 y=-0.53 t=1788377319
B2 PING x=-1.06 y=-0.53 t=1788377320
B2 PING x=-1.06 y=-0.53 t=1788377321
B2 PING x=-1.06 y=-0.53 t=1788377322
B2 PING x=-1.06 y=-0.53 t=1788377323
B2 PING x=-1.06 y=-0.53 t=1788377325
B2 PING x=-1.06 y=-0.53 t=1788377326
B2 PING x=-1.06 y=-0.53 t=1788377327
B2 PING x=-1.06 y=-0.53 t=1788377328
B2 PING x=-1.06 y=-0.53 t=1788377329
B2 PING x=-1.06 y=-0.53 t=1788377331
B2 PING x=-1.06 y=-0.53 t=1788377332
B2 PING x=-1.06 y=-0.53 t=1788377333
B2 PING x=-1.06 y=-0.53 t=1788377334
B2 PING x=-1.06 y=-0.53 t=1788377335
B2 PING x=-1.06 y=-0.53 t=1788377337
B2 PING x=-1.06 y=-0.53 t=1788377338
B2 PING x=-1.06 y=-0.53 t=1788377339
B2 PING x=-1.06 y=-0.53 t=1788377340
B2 PING x=-1.06 y=-0.53 t=1788377341
B2 PING x=-1.06 y=-0.53 t=1788377343
B2 PING x=-1.06 y=-0.53 t=1788377344
B2 PING x=-1.06 y=-0.53 t=1788377345
B2 PING x=-1.06 y=-0.53 t=1788377346
B2 PING x=-1.06 y=-0.53 t=1788377347
B2 PING x=-1.06 y=-0.53 t=1788377349
B2 PING x=-1.06 y=-0.53 t=1788377350
B2 PING x=-1.06 y=-0.53 t=1788377351
B2 PING x=-1.06 y=-0.53 t=1788377352
B2 PING x=-1.06 y=-0.53 t=1788377353
B2 PING x=-1.06 y=-0.53 t=1788377355
B2 PING x=-1.06 y=-0.53 t=1788377356
B2 PING x=-1.06 y=-0.53 t=1788377357
B2 PING x=-1.06 y=-0.53 t=1788377358
B2 PING x=-1.06 y=-0.53 t=1788377359
B2 PING x=-1.06 y=-0.53 t=1788377361
B2 PING x=-1.06 y=-0.53 t=1788377362
B2 PING x=-1.06 y=-0.53 t=1788377363
B2 PING x=-1.06 y=-0.53 t=1788377364
B2 PING x=-1.06 y=-0.53 t=1788377365
B2 PING x=-1.06 y=-0.53 t=1788377367
B2 PING x=-1.06 y=-0.53 t=1788377368
B2 PING x=-1.06 y=-0.53 t=1788377369
B2 PING x=-1.06 y=-0.53 t=1788377370
B2 PING x=-1.06 y=-0.53 t=1788377371
B2 PING x=-1.06 y=-0.53 t=1788377373
B2 PING x=-1.06 y=-0.53 t=1788377374
B2 PING x=-1.06 y=-0.53 t=1788377375
B2 PING x=-1.06 y=-0.53 t=1788377376
B2 PING x=-1.06 y=-0.53 t=1788377377
B2 PING x=-1.06 y=-0.53 t=1788377379
B2 PING x=-1.06 y=-0.53 t=1788377380
B2 PING x=-1.06 y=-0.53 t=1788377381
B2 PING x=-1.06 y=-0.53 t=1788377382
B2 PING x=-1.06 y=-0.53 t=1788377383
B2 PING x=-1.06 y=-0.53 t=1788377385
B2 PING x=-1.06 y=-0.53 t=1788377386
B2 PING x=-1.06 y=-0.53 t=1788377387
B2 PING x=-1.06 y=-0.53 t=1788377388
B2 PING x=-1.06 y=-0.53 t=1788377389
B2 PING x=-1.06 y=-0.53 t=1788377391
B2 PING x=-1.06 y=-0.53 t=1788377392
B2 PING x=-1.06 y=-0.53 t=1788377393
B2 PING x=-1.06 y=-0.53 t=1788377394
B2 PING x=-1.06 y=-0.53 t=1788377395
B2 PING x=-1.06 y=-0.53 t=1788377397
B2 PING x=-1.06 y=-0.53 t=1788377398
B2 PING x=-1.06 y=-0.53 t=1788377399
B2 PING x=-1.06 y=-0.53 t=1788377400
B2 PING x=-1.06 y=-0.53 t=1788377401
B2 PING x=-1.06 y=-0.53 t=1788377403
B2 PING x=-1.06 y=-0.53 t=1788377404
B2 PING x=-1.06 y=-0.53 t=1788377405
B2 PING x=-1.06 y=-0.53 t=1788377406
B2 PING x=-1.06 y=-0.53 t=1788377407
B2 PING x=-1.06 y=-0.53 t=1788377409
B2 PING x=-1.06 y=-0.53 t=1788377410
B2 PING x=-1.06 y=-0.53 t=1788377411
B2 PING x=-1.06 y=-0.53 t=1788377412
B2 PING x=-1.06 y=-0.53 t=1788377413
B2 PING x=-1.06 y=-0.53 t=1788377415
B2 PING x=-1.06 y=-0.53 t=1788377416
B2 PING x=-1.06 y=-0.53 t=1788377417
B2 PING x=-1.06 y=-0.53 t=1788377418
B2 PING x=-1.06 y=-0.53 t=1788377419
B2 PING x=-1.06 y=-0.53 t=1788377421
B2 PING x=-1.06 y=-0.53 t=1788377422
B2 PING x=-1.06 y=-0.53 t=1788377423
B2 PING x=-1.06 y=-0.53 t=1788377424
B2 PING x=-1.06 y=-0.53 t=1788377425
B2 PING x=-1.06 y=-0.53 t=1788377427
B2 PING x=-1.06 y=-0.53 t=1788377428
B2 PING x=-1.06 y=-0.53 t=1788377429
B2 PING x=-1.06 y=-0.53 t=1788377430
B2 PING x=-1.06 y=-0.53 t=1788377431
B2 PING x=-1.06 y=-0.53 t=1788377433
B2 PING x=-1.06 y=-0.53 t=1788377434
B2 PING x=-1.06 y=-0.53 t=1788377435
B2 PING x=-1.06 y=-0.53 t=1788377436
B2 ACK going to GOAL (0.4,-0.8) now!
B2 PING x=-1.10 y=-0.18 t=1788377439
B2 PING x=-1.10 y=-0.18 t=1788377441
B2 PING x=-1.19 y=0.62 t=1788377465
B2 PING x=-1.12 y=0.49 t=1788377466
B2 PING x=-1.12 y=0.49 t=1788377467
B2 PING x=-1.12 y=0.49 t=1788377469
B2 PING x=-1.12 y=0.49 t=1788377470
B2 PING x=-1.12 y=0.49 t=1788377471
B2 PING x=-1.27 y=0.03 t=1788377472
B2 PING x=-1.27 y=0.03 t=1788377473
B2 PING x=-1.27 y=0.03 t=1788377475
B2 PING x=-1.41 y=0.21 t=1788377476
B2 PING x=-1.41 y=0.21 t=1788377477
B2 PING x=-1.41 y=0.21 t=1788377478
B2 PING x=-1.41 y=0.21 t=1788377479
B2 PING x=-1.30 y=0.63 t=1788377481
B2 PING x=-1.30 y=0.63 t=1788377482
B2 PING x=-1.30 y=0.63 t=1788377483
B2 PING x=-0.90 y=0.92 t=1788377484
B2 PING x=-0.90 y=0.92 t=1788377486
B2 PING x=-0.90 y=0.92 t=1788377487
B2 PING x=-0.90 y=0.92 t=1788377488
B2 PING x=-0.23 y=0.62 t=1788377514
B2 PING x=-0.23 y=0.62 t=1788377516
B2 GOALIS x=0.40 y=-0.80
B2 PING x=-0.12 y=0.35 t=1788377518
B2 PING x=-0.12 y=0.35 t=1788377519
B2 PING x=-0.12 y=0.35 t=1788377520
B2 PING x=-0.06 y=0.21 t=1788377522
B2 PING x=-0.06 y=0.21 t=1788377523
B2 PING x=-0.07 y=0.24 t=1788377524
B2 PING x=-0.07 y=0.24 t=1788377525
B2 PING x=-0.07 y=0.24 t=1788377526
B2 PING x=-0.07 y=0.24 t=1788377528
B2 GOALIS x=0.40 y=-0.80
B2 PING x=-0.07 y=0.24 t=1788377530
B2 PING x=-0.07 y=0.24 t=1788377531
B2 PING x=-0.07 y=0.24 t=1788377532
B2 PING x=-0.07 y=0.24 t=1788377534
B2 PING x=-0.07 y=0.24 t=1788377535
B2 PING x=-0.07 y=0.24 t=1788377536
B2 PING x=-0.07 y=0.24 t=1788377537
B2 PING x=-0.07 y=0.24 t=1788377538
B2 PING x=-0.07 y=0.24 t=1788377540
B2 GOALIS x=0.40 y=-0.80
B2 PING x=-0.07 y=0.24 t=1788377542
B2 PING x=-0.07 y=0.24 t=1788377543
B2 PING x=-0.07 y=0.24 t=1788377544
B2 GOALIS x=0.40 y=-0.80
B2 PING x=-0.07 y=0.24 t=1788377547
B2 GOALIS x=0.40 y=-0.80
B2 PING x=-0.07 y=0.24 t=1788377549
B2 GOALIS x=0.40 y=-0.80
B2 PING x=-0.07 y=0.24 t=1788377552
B2 GOALIS x=0.40 y=-0.80
B2 PING x=-0.07 y=0.23 t=1788377554
B2 PING x=-0.07 y=0.23 t=1788377555
B2 PING x=-0.07 y=0.23 t=1788377556
B2 PING x=-0.07 y=0.23 t=1788377558
B2 PING x=-0.07 y=0.23 t=1788377559
B2 PING x=-0.07 y=0.23 t=1788377560
B2 PING x=-0.07 y=0.23 t=1788377561
B2 PING x=-0.07 y=0.23 t=1788377562
B2 PING x=-0.07 y=0.23 t=1788377564
B2 PING x=-0.07 y=0.23 t=1788377565
B2 PING x=-0.07 y=0.23 t=1788377566
B2 PING x=-0.07 y=0.23 t=1788377567
B2 PING x=-0.07 y=0.23 t=1788377568
B2 PING x=-0.07 y=0.23 t=1788377570
B2 GOALIS x=0.40 y=-0.80
B2 GOALIS x=0.40 y=-0.80
B2 GOALIS x=0.40 y=-0.80
B2 GOALIS x=0.40 y=-0.80
B2 GOALIS x=0.40 y=-0.80
B2 GOALIS x=0.40 y=-0.80
B2 GOALIS x=0.40 y=-0.80
B2 GOALIS x=0.40 y=-0.80
B2 GOALIS x=0.40 y=-0.80
B2 GOALIS x=0.40 y=-0.80
B2 GOALIS x=0.40 y=-0.80
B2 GOALIS x=0.40 y=-0.80
B2 GOALIS x=0.40 y=-0.80
B2 GOALIS x=0.40 y=-0.80
B2 GOALIS x=0.40 y=-0.80
B2 GOALIS x=0.40 y=-0.80
B2 GOALIS x=0.40 y=-0.80
B2 GOALIS x=0.40 y=-0.80
B2 GOALIS x=0.40 y=-0.80
B2 GOALIS x=0.40 y=-0.80
B2 GOALIS x=0.40 y=-0.80
B2 GOALIS x=0.40 y=-0.80
B2 GOALIS x=0.40 y=-0.80
B2 PING x=-0.07 y=0.23 t=1788377595
B2 PING x=-0.05 y=0.22 t=1788377596
B2 GOALIS x=0.40 y=-0.80
B2 GOALIS x=0.40 y=-0.80
B2 GOALIS x=0.40 y=-0.80
B2 GOALIS x=0.40 y=-0.80
B2 GOALIS x=0.40 y=-0.80
B2 GOALIS x=0.40 y=-0.80
B2 GOALIS x=0.40 y=-0.80
B2 GOALIS x=0.40 y=-0.80
B2 PING x=0.01 y=0.15 t=1788377606
B2 GOALIS x=0.40 y=-0.80
B2 GOALIS x=0.40 y=-0.80
B2 GOALIS x=0.40 y=-0.80
B2 GOALIS x=0.40 y=-0.80
B2 GOALIS x=0.40 y=-0.80
B2 GOALIS x=0.40 y=-0.80
B2 GOALIS x=0.40 y=-0.80
B2 PING x=0.02 y=0.13 t=1788377614
B2 GOALIS x=0.40 y=-0.80
B2 GOALIS x=0.40 y=-0.80
B2 GOALIS x=0.40 y=-0.80
B2 GOALIS x=0.40 y=-0.80
B2 GOALIS x=0.40 y=-0.80
B2 GOALIS x=0.40 y=-0.80
B2 GOALIS x=0.40 y=-0.80
B2 GOALIS x=0.40 y=-0.80
B2 GOALIS x=0.40 y=-0.80
B2 GOALIS x=0.40 y=-0.80
B2 GOALIS x=0.40 y=-0.80
B2 GOALIS x=0.40 y=-0.80
B2 GOALIS x=0.40 y=-0.80
B2 GOALIS x=0.40 y=-0.80
B2 GOALIS x=0.40 y=-0.80
B2 GOALIS x=0.40 y=-0.80
B2 GOALIS x=0.40 y=-0.80
B2 GOALIS x=0.40 y=-0.80
B2 GOALIS x=0.40 y=-0.80
B2 GOALIS x=0.40 y=-0.80
B2 GOALIS x=0.40 y=-0.80
B2 GOALIS x=0.40 y=-0.80
B2 GOALIS x=0.40 y=-0.80
B2 GOALIS x=0.40 y=-0.80
B2 GOALIS x=0.40 y=-0.80
B2 PING x=0.02 y=0.13 t=1788377642
B2 PING x=0.02 y=0.13 t=1788377643
B2 PING x=0.02 y=0.13 t=1788377644
B2 PING x=0.02 y=0.13 t=1788377645
B2 PING x=0.02 y=0.13 t=1788377646
B2 PING x=0.01 y=0.16 t=1788377648
B2 PING x=0.01 y=0.16 t=1788377649
B2 PING x=-0.05 y=0.22 t=1788377650
B2 PING x=-0.05 y=0.22 t=1788377651
B2 PING x=-0.38 y=0.47 t=1788377663
B2 PING x=-0.38 y=0.47 t=1788377664
B2 PING x=-0.38 y=0.47 t=1788377666
B2 PING x=-0.48 y=0.05 t=1788377667
B2 PING x=-0.48 y=0.05 t=1788377668
B2 PING x=-0.38 y=-0.10 t=1788377669
B2 PING x=-0.39 y=-0.08 t=1788377670
B2 PING x=-0.39 y=-0.08 t=1788377672
B2 GOALIS x=0.40 y=-0.80
B2 GOALIS x=0.40 y=-0.80
B2 GOALIS x=0.40 y=-0.80
B2 PING x=-0.24 y=-0.38 t=1788377676
B2 PING x=-0.24 y=-0.38 t=1788377678
B2 PING x=-0.24 y=-0.38 t=1788377679
B2 PING x=0.08 y=-0.62 t=1788377680
B2 PING x=0.08 y=-0.62 t=1788377681
B2 PING x=0.08 y=-0.62 t=1788377682
B2 PING x=0.08 y=-0.62 t=1788377684
B2 PING x=0.08 y=-0.62 t=1788377685
B2 PING x=0.08 y=-0.62 t=1788377686
B2 PING x=0.08 y=-0.62 t=1788377687
B2 PING x=0.08 y=-0.62 t=1788377688
B2 PING x=0.08 y=-0.62 t=1788377690
B2 PING x=0.08 y=-0.62 t=1788377691
B2 PING x=0.08 y=-0.62 t=1788377692
B2 PING x=0.08 y=-0.62 t=1788377693
B2 PING x=0.08 y=-0.62 t=1788377695
B2 PING x=0.08 y=-0.62 t=1788377696
B2 PING x=0.08 y=-0.62 t=1788377697
B2 PING x=0.08 y=-0.62 t=1788377698
B2 PING x=0.08 y=-0.62 t=1788377699
B2 PING x=0.08 y=-0.62 t=1788377701
B2 PING x=0.08 y=-0.62 t=1788377702
B2 PING x=0.08 y=-0.62 t=1788377703
B2 PING x=0.08 y=-0.62 t=1788377704
B2 PING x=0.08 y=-0.62 t=1788377705
B2 PING x=0.08 y=-0.62 t=1788377707
B2 PING x=0.08 y=-0.62 t=1788377708
B2 PING x=0.08 y=-0.62 t=1788377709
B2 PING x=0.08 y=-0.62 t=1788377710
B2 PING x=0.08 y=-0.62 t=1788377711
B2 PING x=0.08 y=-0.62 t=1788377713
B2 PING x=0.08 y=-0.62 t=1788377714
B2 PING x=0.08 y=-0.62 t=1788377715
B2 PING x=0.08 y=-0.62 t=1788377716
B2 PING x=0.08 y=-0.62 t=1788377717
B2 PING x=0.08 y=-0.62 t=1788377719
B2 PING x=0.08 y=-0.62 t=1788377720
B2 PING x=0.08 y=-0.62 t=1788377721
B2 PING x=0.08 y=-0.62 t=1788377722
B2 PING x=0.08 y=-0.62 t=1788377723
B2 PING x=0.08 y=-0.62 t=1788377725
B2 PING x=0.08 y=-0.62 t=1788377726
B2 PING x=0.08 y=-0.62 t=1788377727
B2 PING x=0.08 y=-0.62 t=1788377728
B2 PING x=0.08 y=-0.62 t=1788377729
B2 PING x=0.08 y=-0.62 t=1788377731
B2 PING x=0.08 y=-0.62 t=1788377732
B2 PING x=0.08 y=-0.62 t=1788377733
B2 PING x=0.08 y=-0.62 t=1788377734
B2 PING x=0.08 y=-0.62 t=1788377735
B2 PING x=0.08 y=-0.62 t=1788377737
B2 PING x=0.08 y=-0.62 t=1788377738
B2 PING x=0.08 y=-0.62 t=1788377739
B2 PING x=0.08 y=-0.62 t=1788377740
B2 PING x=0.08 y=-0.62 t=1788377741
B2 PING x=0.08 y=-0.62 t=1788377743
B2 PING x=0.08 y=-0.62 t=1788377744
B2 PING x=0.08 y=-0.62 t=1788377745
B2 PING x=0.08 y=-0.62 t=1788377746
B2 PING x=0.08 y=-0.62 t=1788377747
B2 PING x=0.08 y=-0.62 t=1788377749
B2 PING x=0.08 y=-0.62 t=1788377750
B2 PING x=0.08 y=-0.62 t=1788377751
B2 PING x=0.08 y=-0.62 t=1788377752
B2 PING x=0.08 y=-0.62 t=1788377753
B2 PING x=0.08 y=-0.62 t=1788377755
B2 PING x=0.08 y=-0.62 t=1788377756
B2 PING x=0.08 y=-0.62 t=1788377757
B2 PING x=0.08 y=-0.62 t=1788377758
B2 PING x=0.08 y=-0.62 t=1788377759
B2 PING x=0.08 y=-0.62 t=1788377761
B2 PING x=0.08 y=-0.62 t=1788377762
B2 PING x=0.08 y=-0.62 t=1788377763
B2 PING x=0.08 y=-0.62 t=1788377764
B2 PING x=0.08 y=-0.62 t=1788377765
B2 PING x=0.08 y=-0.62 t=1788377767
B2 PING x=0.08 y=-0.62 t=1788377768
B2 PING x=0.08 y=-0.62 t=1788377769
B2 PING x=0.08 y=-0.62 t=1788377770
B2 PING x=0.08 y=-0.62 t=1788377771
B2 PING x=0.08 y=-0.62 t=1788377773
B2 PING x=0.08 y=-0.62 t=1788377774
B2 PING x=0.08 y=-0.62 t=1788377775
B2 PING x=0.08 y=-0.62 t=1788377776
B2 PING x=0.08 y=-0.62 t=1788377777
B2 PING x=0.08 y=-0.62 t=1788377779
B2 PING x=0.08 y=-0.62 t=1788377780
B2 PING x=0.08 y=-0.62 t=1788377781
B2 PING x=0.08 y=-0.62 t=1788377782
B2 PING x=0.08 y=-0.62 t=1788377783
B2 PING x=0.08 y=-0.62 t=1788377785
B2 PING x=0.08 y=-0.62 t=1788377786
B2 PING x=0.08 y=-0.62 t=1788377787
B2 PING x=0.08 y=-0.62 t=1788377831
B2 PING x=0.08 y=-0.62 t=1788377833
B2 PING x=0.08 y=-0.62 t=1788377834
B2 PING x=0.08 y=-0.62 t=1788377835
B2 PING x=0.08 y=-0.62 t=1788377836
B2 PING x=0.08 y=-0.62 t=1788377837
B2 PING x=0.08 y=-0.62 t=1788377839
B2 PING x=0.08 y=-0.62 t=1788377840
B2 PING x=0.08 y=-0.62 t=1788377841
B2 PING x=0.08 y=-0.62 t=1788377842
B2 PING x=0.08 y=-0.62 t=1788377843
B2 PING x=0.08 y=-0.62 t=1788377845
B2 PING x=0.08 y=-0.62 t=1788377846
B2 PING x=0.08 y=-0.62 t=1788377847
B2 PING x=0.08 y=-0.62 t=1788377848
B2 PING x=0.08 y=-0.62 t=1788377849
B2 PING x=0.08 y=-0.62 t=1788377851
B2 PING x=0.08 y=-0.62 t=1788377852
B2 PING x=0.08 y=-0.62 t=1788377853
B2 PING x=0.08 y=-0.62 t=1788377854
B2 PING x=0.08 y=-0.62 t=1788377855
B2 PING x=0.08 y=-0.62 t=1788377857
B2 PING x=0.08 y=-0.62 t=1788377858
B2 PING x=0.08 y=-0.62 t=1788377859
B2 PING x=0.08 y=-0.62 t=1788377860
B2 PING x=0.08 y=-0.62 t=1788377861
B2 PING x=0.08 y=-0.62 t=1788377863
B2 PING x=0.08 y=-0.62 t=1788377864
B2 PING x=0.08 y=-0.62 t=1788377865
B2 PING x=0.08 y=-0.62 t=1788377866
B2 PING x=0.08 y=-0.62 t=1788377867
B2 PING x=0.08 y=-0.62 t=1788377869
B2 PING x=0.08 y=-0.62 t=1788377870
B2 PING x=0.08 y=-0.62 t=1788377871
B2 PING x=0.08 y=-0.62 t=1788377872
B2 PING x=0.08 y=-0.62 t=1788377873
B2 PING x=0.08 y=-0.62 t=1788377875
B2 PING x=0.08 y=-0.62 t=1788377876
B2 PING x=0.08 y=-0.62 t=1788377877
B2 PING x=0.08 y=-0.62 t=1788377878
B2 PING x=0.08 y=-0.62 t=1788377879
B2 PING x=0.08 y=-0.62 t=1788377881
B2 PING x=0.08 y=-0.62 t=1788377882
B2 PING x=0.08 y=-0.62 t=1788377883
B2 PING x=0.08 y=-0.62 t=1788377884
B2 PING x=0.08 y=-0.62 t=1788377885
B2 PING x=0.08 y=-0.62 t=1788377887
B2 PING x=0.08 y=-0.62 t=1788377888
B2 PING x=0.08 y=-0.62 t=1788377889
B2 PING x=0.08 y=-0.62 t=1788377890
B2 PING x=0.08 y=-0.62 t=1788377891
B2 PING x=0.08 y=-0.62 t=1788377893
B2 PING x=0.08 y=-0.62 t=1788377894
B2 PING x=0.08 y=-0.62 t=1788377895
B2 PING x=0.08 y=-0.62 t=1788377896
B2 PING x=0.08 y=-0.62 t=1788377897
B2 PING x=0.08 y=-0.62 t=1788377899
B2 PING x=0.08 y=-0.62 t=1788377900
B2 PING x=0.08 y=-0.62 t=1788377901
B2 PING x=0.08 y=-0.62 t=1788377902
B2 PING x=0.08 y=-0.62 t=1788377903
B2 PING x=0.08 y=-0.62 t=1788377905
B2 PING x=0.08 y=-0.62 t=1788377906
B2 PING x=0.08 y=-0.62 t=1788377907
B2 PING x=0.08 y=-0.62 t=1788377908
B2 PING x=0.08 y=-0.62 t=1788377909
B2 PING x=0.08 y=-0.62 t=1788377911
B2 PING x=0.08 y=-0.62 t=1788377912
B2 PING x=0.08 y=-0.62 t=1788377913
B2 PING x=0.08 y=-0.62 t=1788377914
B2 PING x=0.08 y=-0.62 t=1788377915
B2 PING x=0.08 y=-0.62 t=1788377917
B2 PING x=0.08 y=-0.62 t=1788377918
B2 PING x=0.08 y=-0.62 t=1788377919
B2 PING x=0.08 y=-0.62 t=1788377932
B2 PING x=0.08 y=-0.62 t=1788377933
B2 PING x=0.08 y=-0.62 t=1788377935
B2 PING x=0.08 y=-0.62 t=1788377936
B2 PING x=0.08 y=-0.62 t=1788377937
B2 PING x=0.00 y=0.00 t=1788377938
B2 PING x=-0.05 y=-0.49 t=1788377946
B2 PING x=-0.05 y=-0.49 t=1788377947
B2 PING x=-0.27 y=-0.07 t=1788377948
B2 PING x=-0.28 y=-0.05 t=1788377949
B2 PING x=-0.28 y=-0.05 t=1788377951
B2 PING x=-0.28 y=-0.05 t=1788377952
B2 PING x=-0.28 y=-0.05 t=1788377953
B2 PING x=-0.54 y=0.35 t=1788377954
B2 PING x=-0.54 y=0.35 t=1788377955
B2 FROZEN t=1788377957
B2 FROZEN t=1788377958
B2 FROZEN t=1788377959
B2 FROZEN t=1788377960
B2 FROZEN t=1788377961
B2 FROZEN t=1788377962
B2 FROZEN t=1788377963
B2 FROZEN t=1788377964
B2 FROZEN t=1788377965
B2 FROZEN t=1788377966
B2 FROZEN t=1788377967
B2 FROZEN t=1788377968
B2 FROZEN t=1788377969
B2 FROZEN t=1788377970
B2 FROZEN t=1788377971
B2 FROZEN t=1788377972
B2 FROZEN t=1788377974
B2 FROZEN t=1788377975
B2 FROZEN t=1788377976
B2 FROZEN t=1788377977
B2 FROZEN t=1788377978
B2 FROZEN t=1788377979
B2 FROZEN t=1788377980
B2 FROZEN t=1788377981
B2 FROZEN t=1788377982
B2 FROZEN t=1788377983
B2 FROZEN t=1788377984
B2 FROZEN t=1788377985
B2 FROZEN t=1788377986
B2 FROZEN t=1788377987
B2 FROZEN t=1788377988
B2 FROZEN t=1788377990
B2 FROZEN t=1788377991
B2 FROZEN t=1788377992
B2 FROZEN t=1788377993
B2 FROZEN t=1788377994
B2 FROZEN t=1788377995
B2 FROZEN t=1788377996
B2 SAME d11=0.895
B2 SAME d11=0.894
B2 SAME d11=0.890
B2 SAME d11=0.896
B2 SAME d11=0.895
B2 SAME d11=0.897
B2 SAME d11=0.897
B2 SAME d11=0.883
B2 COLDER d11=0.851
B2 COLDER d11=0.776
B2 SAME d11=0.778
B2 SAME d11=0.778
B2 WARMER d11=0.804
B2 WARMER d11=0.854
B2 WARMER d11=0.903
B2 PING t=1788378342 d11=0.921
B2 PING t=1788378343 d11=0.931
B2 PING t=1788378344 d11=0.914
B2 PING t=1788378345 d11=0.909
B2 PING t=1788378346 d11=0.892
B2 PING t=1788378347 d11=0.894
B2 PING t=1788378348 d11=0.893
B2 PING t=1788378349 d11=0.891
B2 PING t=1788378350 d11=0.891
B2 PING t=1788378351 d11=0.884
B2 PING t=1788378352 d11=0.895
B2 PING t=1788378353 d11=0.890
B2 PING t=1788378354 d11=0.896
B2 PING t=1788378355 d11=0.903
B2 PING t=1788378356 d11=0.897
B2 PING t=1788378357 d11=0.901
B2 PING t=1788378358 d11=0.894
B2 PING t=1788378359 d11=0.894
B2 PING t=1788378360 d11=0.878
B2 PING t=1788378361 d11=0.873
B2 PING t=1788378362 d11=0.863
B2 PING t=1788378363 d11=0.853
B2 PING t=1788378364 d11=0.839
B2 PING t=1788378365 d11=0.837
B2 COLDER d11=0.813
B2 SAME d11=0.805
B2 PING t=1788378369 d11=0.812
B2 PING t=1788378370 d11=0.803
B2 PING t=1788378371 d11=0.817
B2 PING t=1788378372 d11=0.799
B2 PING t=1788378373 d11=0.807
B2 PING t=1788378374 d11=0.800
B2 PING t=1788378375 d11=0.805
B2 PING t=1788378376 d11=0.819
B2 PING t=1788378377 d11=0.817
B2 PING t=1788378378 d11=0.794
B2 PING t=1788378379 d11=0.807
B2 PING t=1788378380 d11=0.815
B2 PING t=1788378381 d11=0.821
B2 PING t=1788378382 d11=0.854
B2 PING t=1788378383 d11=0.872
B2 PING t=1788378384 d11=0.865
B2 PING t=1788378385 d11=0.870
B2 PING t=1788378386 d11=0.871
B2 PING t=1788378387 d11=0.874
B2 PING t=1788378388 d11=0.889
B2 PING t=1788378389 d11=0.878
B2 PING t=1788378390 d11=0.864
B2 PING t=1788378391 d11=0.883
B2 PING t=1788378392 d11=0.906
B2 PING t=1788378393 d11=0.929
B2 PING t=1788378394 d11=0.922
B2 PING t=1788378395 d11=0.929
B2 PING t=1788378396 d11=0.925
B2 PING t=1788378397 d11=0.938
B2 PING t=1788378398 d11=0.933
B2 PING t=1788378399 d11=0.948
B2 PING t=1788378400 d11=0.919
B2 PING t=1788378401 d11=0.939
B2 PING t=1788378402 d11=0.923
B2 PING t=1788378403 d11=0.929
B2 PING t=1788378404 d11=0.942
B2 PING t=1788378405 d11=0.928
B2 PING t=1788378406 d11=0.919
B2 PING t=1788378407 d11=0.882
B2 PING t=1788378408 d11=0.862
B2 PING t=1788378409 d11=0.845
B2 PING t=1788378410 d11=0.819
B2 PING t=1788378411 d11=0.801
B2 PING t=1788378412 d11=0.803
B2 PING t=1788378413 d11=0.785
B2 PING t=1788378414 d11=0.753
B2 PING t=1788378415 d11=0.742
B2 PING t=1788378416 d11=0.742
B2 PING t=1788378417 d11=0.731
B2 PING t=1788378418 d11=0.716
B2 PING t=1788378419 d11=0.697
B2 PING t=1788378420 d11=0.678
B2 PING t=1788378421 d11=0.672
B2 PING t=1788378422 d11=0.627
B2 PING t=1788378454 d11=0.647
B2 PING t=1788378455 d11=0.663
B2 PING t=1788378456 d11=0.682
B2 PING t=1788378457 d11=0.675
B2 PING t=1788378458 d11=0.664
B2 PING t=1788378508 d11=0.660
B2 PING t=1788378509 d11=0.657
B2 PING t=1788378510 d11=0.668
B2 PING t=1788378517 d11=0.689
B2 PING t=1788378518 d11=0.741
B2 PING t=1788378519 d11=0.789
B2 PING t=1788378520 d11=0.823
B2 PING t=1788378521 d11=0.851
B2 PING t=1788378522 d11=0.842
B2 PING t=1788378523 d11=0.827
B2 PING t=1788378524 d11=0.821
B2 PING t=1788378525 d11=0.807
B2 PING t=1788378526 d11=0.802
B2 PING t=1788378527 d11=0.762
B2 PING t=1788378528 d11=0.746
B2 PING t=1788378529 d11=0.725
B2 PING t=1788378530 d11=0.727
B2 PING t=1788378531 d11=0.741
B2 PING t=1788378532 d11=0.766
B2 PING t=1788378533 d11=0.795
B2 PING t=1788378534 d11=0.824
B2 PING t=1788378535 d11=0.817
B2 PING t=1788378536 d11=0.832
B2 PING t=1788378537 d11=0.823
B2 PING t=1788378538 d11=0.784
B2 PING t=1788378539 d11=0.755
B2 PING t=1788378540 d11=0.721
B2 PING t=1788378541 d11=0.753
B2 PING t=1788378542 d11=0.757
B2 PING t=1788378543 d11=0.773
B2 PING t=1788378544 d11=0.803
B2 PING t=1788378545 d11=0.840
B2 PING t=1788378546 d11=0.888
B2 PING t=1788378547 d11=0.921
B2 PING t=1788378548 d11=0.958
B2 PING t=1788378549 d11=0.959
B2 PING t=1788378550 d11=0.959
B2 PING t=1788378551 d11=0.961
B2 PING t=1788378552 d11=0.953
B2 PING t=1788378553 d11=0.940
B2 PING t=1788378554 d11=0.918
B2 PING t=1788378555 d11=0.916
B2 PING t=1788378556 d11=0.918
B2 PING t=1788378557 d11=0.912
B2 PING t=1788378558 d11=0.912
B2 PING t=1788378559 d11=0.889
B2 PING t=1788378560 d11=0.902
B2 PING t=1788378561 d11=0.909
B2 PING t=1788378562 d11=0.920
B2 PING t=1788378563 d11=0.928
B2 PING t=1788378564 d11=0.920
B2 PING t=1788378565 d11=0.921
B2 PING t=1788378566 d11=
B2 PING t=1788378567 d11=0.923
B2 PING t=1788378568 d11=0.937
B2 PING t=1788378569 d11=0.931
B2 PING t=1788378570 d11=0.918
B2 PING t=1788378571 d11=0.922
B2 PING t=1788378572 d11=
B2 PING t=1788378573 d11=0.913
B2 PING t=1788378574 d11=0.881
B2 PING t=1788378575 d11=0.875
B2 PING t=1788378576 d11=0.880
B2 PING t=1788378577 d11=0.872
B2 PING t=1788378578 d11=0.878
B2 PING t=1788378579 d11=0.883
B2 PING t=1788378580 d11=0.891
B2 PING t=1788378581 d11=0.881
B2 PING t=1788378582 d11=0.889
B2 PING t=1788378583 d11=0.872
B2 PING t=1788378584 d11=0.879
B2 PING t=1788378585 d11=0.868
B2 PING t=1788378586 d11=0.865
B2 PING t=1788378587 d11=0.843
B2 PING t=1788378588 d11=0.823
B2 PING t=1788378589 d11=0.792
B2 PING t=1788378590 d11=0.765
B2 PING t=1788378591 d11=0.747
B2 PING t=1788378592 d11=0.744
B2 PING t=1788378593 d11=0.718
B2 PING t=1788378594 d11=0.711
B2 PING t=1788378595 d11=0.675
B2 PING t=1788378596 d11=0.656
B2 PING t=1788378618 d11=0.654
B2 PING t=1788378619 d11=0.647
B2 PING t=1788378620 d11=0.670
B2 PING t=1788378621 d11=0.668
B2 PING t=1788378622 d11=0.687
B2 PING t=1788378623 d11=0.694
B2 PING t=1788378624 d11=0.697
B2 PING t=1788378625 d11=0.686
B2 PING t=1788378626 d11=0.675
B2 PING t=1788378627 d11=0.689
B2 PING t=1788378628 d11=0.684
B2 PING t=1788378629 d11=0.713
B2 PING t=1788378630 d11=0.718
B2 PING t=1788378631 d11=0.701
B2 PING t=1788378632 d11=0.704
B2 PING t=1788378633 d11=0.721
B2 PING t=1788378634 d11=0.711
B2 PING t=1788378635 d11=0.727
B2 PING t=1788378636 d11=0.723
B2 PING t=1788378637 d11=0.712
B2 PING t=1788378638 d11=0.714
B2 PING t=1788378639 d11=0.746
B2 PING t=1788378640 d11=0.763
B2 PING t=1788378641 d11=0.768
B2 PING t=1788378642 d11=0.754
B2 PING t=1788378643 d11=0.764
B2 PING t=1788378644 d11=0.757
B2 PING t=1788378645 d11=0.749
B2 PING t=1788378646 d11=0.761
B2 PING t=1788378647 d11=0.770
B2 PING t=1788378648 d11=0.778
B2 PING t=1788378649 d11=0.788
B2 PING t=1788378650 d11=0.774
B2 PING t=1788378651 d11=0.773
B2 PING t=1788378652 d11=0.776
B2 PING t=1788378653 d11=0.792
B2 PING t=1788378654 d11=0.797
B2 PING t=1788378655 d11=0.798
B2 PING t=1788378656 d11=0.789
B2 PING t=1788378657 d11=0.792
B2 PING t=1788378658 d11=0.803
B2 PING t=1788378659 d11=0.795
B2 PING t=1788378660 d11=0.777
B2 PING t=1788378661 d11=0.780
B2 PING t=1788378662 d11=0.785
B2 PING t=1788378663 d11=0.774
B2 PING t=1788378664 d11=0.785
B2 PING t=1788378665 d11=0.807
B2 PING t=1788378666 d11=0.798
B2 PING t=1788378667 d11=0.799
B2 PING t=1788378668 d11=0.795
B2 PING t=1788378669 d11=0.813
B2 PING t=1788378670 d11=0.804
B2 PING t=1788378671 d11=0.799
B2 PING t=1788378672 d11=0.797
B2 PING t=1788378673 d11=0.828
B2 PING t=1788378674 d11=0.815
B2 PING t=1788378675 d11=0.804
B2 PING t=1788378676 d11=0.802
B2 PING t=1788378677 d11=0.817
B2 PING t=1788378678 d11=0.834
B2 PING t=1788378679 d11=0.823
B2 PING t=1788378680 d11=0.850
B2 PING t=1788378681 d11=0.820
B2 PING t=1788378682 d11=0.814
B2 PING t=1788378683 d11=0.837
B2 PING t=1788378684 d11=0.827
B2 PING t=1788378685 d11=0.844
B2 PING t=1788378686 d11=0.846
B2 PING t=1788378687 d11=0.833
B2 PING t=1788378688 d11=0.852
B2 PING t=1788378689 d11=0.837
B2 PING t=1788378691 d11=0.844
B2 PING t=1788378692 d11=0.838
B2 PING t=1788378693 d11=0.844
B2 PING t=1788378694 d11=0.850
B2 PING t=1788378695 d11=0.862
B2 PING t=1788378696 d11=0.867
B2 PING t=1788378697 d11=0.862
B2 PING t=1788378698 d11=0.860
B2 PING t=1788378699 d11=0.866
B2 PING t=1788378700 d11=0.871
B2 PING t=1788378701 d11=0.868
B2 PING t=1788378702 d11=0.865
B2 PING t=1788378703 d11=0.869
B2 PING t=1788378704 d11=0.875
B2 PING t=1788378705 d11=0.887
B2 PING t=1788378706 d11=0.899
B2 PING t=1788378707 d11=0.901
B2 PING t=1788378708 d11=0.891
B2 PING t=1788378709 d11=0.905
B2 PING t=1788378710 d11=0.898
B2 PING t=1788378711 d11=0.883
B2 PING t=1788378712 d11=0.879
B2 PING t=1788378713 d11=0.882
B2 PING t=1788378714 d11=0.890
B2 PING t=1788378715 d11=0.876
B2 PING t=1788378716 d11=0.846
B2 PING t=1788378717 d11=0.822
B2 PING t=1788378718 d11=0.810
B2 PING t=1788378719 d11=0.829
B2 PING t=1788378720 d11=0.818
B2 PING t=1788378721 d11=0.798
B2 PING t=1788378722 d11=0.814
B2 PING t=1788378723 d11=0.793
B2 PING t=1788378724 d11=0.786
B2 PING t=1788378725 d11=0.801
B2 PING t=1788378726 d11=0.798
B2 PING t=1788378727 d11=0.817
B2 PING t=1788378728 d11=0.800
B2 PING t=1788378729 d11=0.800
B2 PING t=1788378730 d11=0.812
B2 PING t=1788378731 d11=0.787
B2 PING t=1788378732 d11=0.794
B2 PING t=1788378733 d11=0.853
B2 PING t=1788378734 d11=0.902
B2 PING t=1788378735 d11=
B2 PING t=1788378736 d11=0.891
B2 PING t=1788378737 d11=0.894
B2 PING t=1788378738 d11=0.888
B2 PING t=1788378739 d11=0.898
B2 PING t=1788378740 d11=0.864
B2 PING t=1788378741 d11=0.862
B2 PING t=1788378742 d11=0.888
B2 PING t=1788378743 d11=0.924
B2 PING t=1788378744 d11=0.892
B2 PING t=1788378745 d11=0.889
B2 PING t=1788378746 d11=0.836
B2 PING t=1788378747 d11=0.788
B2 PING t=1788378748 d11=0.769
B2 PING t=1788378749 d11=0.753
B2 PING t=1788378750 d11=0.753
B2 PING t=1788378751 d11=0.755
B2 PING t=1788378752 d11=0.766
B2 PING t=1788378753 d11=0.761
B2 PING t=1788378754 d11=0.749
B2 PING t=1788378755 d11=0.772
B2 PING t=1788378756 d11=
B2 PING t=1788378757 d11=0.758
B2 PING t=1788378758 d11=0.778
B2 PING t=1788378759 d11=0.780
B2 PING t=1788378760 d11=0.808
B2 PING t=1788378761 d11=0.803
B2 PING t=1788378762 d11=0.782
B2 PING t=1788378763 d11=0.740
B2 PING t=1788378764 d11=0.675
B2 PING t=1788378803 d11=0.659
B2 PING t=1788378804 d11=0.692
B2 PING t=1788378805 d11=
B2 PING t=1788378806 d11=0.710
B2 PING t=1788378807 d11=0.689
B2 PING t=1788378808 d11=0.662
B2 PING t=1788378809 d11=0.656
B2 PING t=1788378810 d11=0.667
B2 PING t=1788378811 d11=0.671
B2 PING t=1788378812 d11=0.678
B2 PING t=1788378813 d11=0.652
B2 PING t=1788378814 d11=0.673
B2 PING t=1788378815 d11=0.706
B2 PING t=1788378816 d11=0.744
B2 PING t=1788378817 d11=0.743
B2 PING t=1788378818 d11=0.785
B2 PING t=1788378819 d11=0.786
B2 PING t=1788378820 d11=0.771
B2 PING t=1788378821 d11=0.800
B2 PING t=1788378822 d11=0.766
B2 PING t=1788378823 d11=0.787
B2 PING t=1788378824 d11=0.789
B2 PING t=1788378825 d11=0.783
B2 PING t=1788378826 d11=0.764
B2 PING t=1788378827 d11=0.761
B2 PING t=1788378828 d11=0.753
B2 PING t=1788378829 d11=0.756
B2 PING t=1788378830 d11=0.787
B2 PING t=1788378831 d11=0.800
B2 PING t=1788378832 d11=0.798
B2 PING t=1788378833 d11=0.808
B2 PING t=1788378834 d11=0.795
B2 PING t=1788378835 d11=0.812
B2 PING t=1788378836 d11=0.818
B2 PING t=1788378837 d11=0.831
B2 PING t=1788378838 d11=0.811
B2 PING t=1788378839 d11=0.816
B2 PING t=1788378840 d11=0.817
B2 PING t=1788378841 d11=0.860
B2 PING t=1788378842 d11=0.844
B2 PING t=1788378843 d11=0.843
B2 PING t=1788378844 d11=0.829
B2 PING t=1788378845 d11=0.828
B2 PING t=1788378846 d11=0.826
B2 PING t=1788378847 d11=0.839
B2 PING t=1788378848 d11=0.847
B2 PING t=1788378849 d11=0.852
B2 PING t=1788378850 d11=0.848
B2 PING t=1788378851 d11=0.844
B2 PING t=1788378852 d11=
B2 PING t=1788378853 d11=0.829
B2 PING t=1788378854 d11=0.824
B2 PING t=1788378855 d11=0.822
B2 PING t=1788378856 d11=
B2 PING t=1788378857 d11=0.803
B2 PING t=1788378859 d11=0.822
B2 PING t=1788378860 d11=0.819
B2 PING t=1788378861 d11=0.760
B2 PING t=1788378862 d11=0.761
B2 PING t=1788378863 d11=0.771
B2 PING t=1788378864 d11=0.761
B2 PING t=1788378865 d11=0.737
B2 PING t=1788378866 d11=0.726
B2 PING t=1788378867 d11=0.750
B2 PING t=1788378868 d11=0.704
B2 PING t=1788378869 d11=0.706
B2 PING t=1788378870 d11=0.706
B2 PING t=1788378871 d11=0.721
B2 PING t=1788378872 d11=0.693
B2 PING t=1788378873 d11=0.756
B2 PING t=1788378874 d11=0.756
B2 PING t=1788378875 d11=0.780
B2 PING t=1788378876 d11=0.782
B2 PING t=1788378877 d11=0.782
B2 PING t=1788378878 d11=0.771
B2 PING t=1788378879 d11=0.802
B2 PING t=1788378880 d11=0.805
B2 PING t=1788378881 d11=0.820
B2 PING t=1788378882 d11=0.829
B2 PING t=1788378883 d11=0.825
B2 PING t=1788378884 d11=0.826
B2 PING t=1788378885 d11=0.828
B2 PING t=1788378886 d11=
B2 PING t=1788378887 d11=0.794
B2 PING t=1788378888 d11=
B2 PING t=1788378889 d11=0.804
B2 PING t=1788378890 d11=0.777
B2 PING t=1788378891 d11=0.795
B2 PING t=1788378892 d11=0.788
B2 PING t=1788378893 d11=0.757
B2 PING t=1788378894 d11=0.770
B2 PING t=1788378895 d11=0.781
B2 PING t=1788378896 d11=0.791
B2 PING t=1788378897 d11=0.806
B2 PING t=1788378898 d11=0.796
B2 PING t=1788378899 d11=0.797
B2 PING t=1788378900 d11=0.808
B2 PING t=1788378901 d11=0.783
B2 PING t=1788378902 d11=0.764
B2 PING t=1788378903 d11=0.763
B2 PING t=1788378904 d11=0.753
B2 PING t=1788378905 d11=0.763
B2 PING t=1788378906 d11=0.762
B2 PING t=1788378907 d11=0.748
B2 PING t=1788378908 d11=0.747
B2 PING t=1788378909 d11=
B2 PING t=1788378910 d11=0.739
B2 PING t=1788378911 d11=0.710
B2 PING t=1788378912 d11=0.706
B2 PING t=1788378913 d11=0.700
B2 PING t=1788378914 d11=0.723
B2 PING t=1788378915 d11=0.705
B2 PING t=1788378916 d11=0.738
B2 PING t=1788378917 d11=0.737
B2 PING t=1788378918 d11=0.770
B2 PING t=1788378919 d11=0.783
B2 PING t=1788378920 d11=0.817
B2 PING t=1788378921 d11=0.821
B2 PING t=1788378922 d11=0.829
B2 PING t=1788378923 d11=0.843
B2 PING t=1788378924 d11=
B2 PING t=1788378925 d11=0.831
B2 PING t=1788378926 d11=0.848
B2 PING t=1788378927 d11=0.874
B2 PING t=1788378928 d11=0.897
B2 PING t=1788378929 d11=0.903
B2 PING t=1788378930 d11=0.915
B2 PING t=1788378931 d11=0.914
B2 PING t=1788378932 d11=0.931
B2 PING t=1788378933 d11=
B2 PING t=1788378934 d11=0.914
B2 PING t=1788378935 d11=0.945
B2 PING t=1788378936 d11=0.964
B2 PING t=1788378937 d11=0.976
B2 PING t=1788378938 d11=0.966
B2 PING t=1788378939 d11=0.979
B2 PING t=1788378940 d11=0.987
B2 PING t=1788378941 d11=0.990
B2 PING t=1788378942 d11=0.982
B2 PING t=1788378943 d11=0.976
B2 PING t=1788378944 d11=0.988
B2 PING t=1788378945 d11=0.986
B2 PING t=1788378946 d11=0.957
B2 PING t=1788378947 d11=0.937
B2 PING t=1788378948 d11=0.914
B2 PING t=1788378949 d11=0.906
B2 PING t=1788378950 d11=0.900
B2 PING t=1788378951 d11=0.899
B2 PING t=1788378952 d11=0.881
B2 PING t=1788378953 d11=0.876
B2 PING t=1788378954 d11=
B2 PING t=1788378955 d11=0.875
B2 PING t=1788378956 d11=0.879
B2 PING t=1788378957 d11=0.878
B2 PING t=1788378958 d11=0.857
B2 PING t=1788378959 d11=0.871
B2 PING t=1788378960 d11=0.882
B2 PING t=1788378961 d11=0.870
B2 PING t=1788378962 d11=0.864
B2 PING t=1788378963 d11=0.864
B2 PING t=1788378964 d11=0.875
B2 PING t=1788378965 d11=0.859
B2 PING t=1788378966 d11=0.867
B2 PING t=1788378967 d11=0.876
B2 PING t=1788378968 d11=0.918
B2 PING t=1788378969 d11=0.918
B2 PING t=1788378970 d11=0.913
B2 PING t=1788378971 d11=0.916
B2 PING t=1788378972 d11=0.875
B2 PING t=1788378973 d11=0.873
B2 PING t=1788378974 d11=0.869
B2 PING t=1788378975 d11=0.896
B2 PING t=1788378976 d11=0.864
B2 PING t=1788378977 d11=0.839
B2 PING t=1788378978 d11=0.835
B2 PING t=1788378979 d11=0.823
B2 PING t=1788378980 d11=0.805
B2 PING t=1788378981 d11=0.783
B2 PING t=1788378982 d11=0.787
B2 PING t=1788378983 d11=0.778
B2 PING t=1788378984 d11=0.789
B2 PING t=1788378985 d11=0.783
B2 PING t=1788378986 d11=0.750
B2 PING t=1788378987 d11=0.688
B2 PING t=1788378988 d11=0.676
B2 PING t=1788378989 d11=0.644
B2 PING t=1788379418 d11=0.667
B2 PING t=1788379419 d11=0.645
B2 PING t=1788379420 d11=0.654
B2 PING t=1788379421 d11=0.665
B2 PING t=1788379423 d11=0.641
B2 PING t=1788379424 d11=0.650
B2 PING t=1788379425 d11=0.666
B2 PING t=1788379426 d11=0.643
B2 PING t=1788379429 d11=0.658
B2 PING t=1788379430 d11=0.651
B2 PING t=1788379431 d11=0.648
B2 PING t=1788379432 d11=None
B2 PING t=1788379433 d11=
B2 PING t=1788379434 d11=0.670
B2 PING t=1788379435 d11=0.663
B2 PING t=1788379436 d11=0.641
B2 PING t=1788379437 d11=0.652
B2 PING t=1788379438 d11=0.657
B2 PING t=1788379439 d11=
B2 PING t=1788379440 d11=0.648
B2 PING t=1788379443 d11=0.639
B2 PING t=1788379444 d11=0.645
B2 PING t=1788379445 d11=0.651
B2 meeting you! d11=0.665 t=1788379446. B1: reply GOAL bearing+dist from me!
B2 PING t=1788379447 d11=None
B2 PING t=1788379448 d11=0.662
B2 PING t=1788379450 d11=0.648
B2 PING t=1788379451 d11=0.677
B2 PING t=1788379452 d11=0.674
B2 PING t=1788379453 d11=0.654
B2 PING t=1788379457 d11=0.650
B2 PING t=1788379458 d11=0.656
B2 PING t=1788379459 d11=0.625
B2 PING t=1788379460 d11=0.631
B2 PING t=1788379463 d11=0.660
B2 PING t=1788379469 d11=0.641
B2 PING t=1788379470 d11=0.630
B2 PING t=1788379474 d11=0.651
B2 PING t=1788379475 d11=0.639
B2 PING t=1788379782 d11=0.648
B2 PING t=1788379783 d11=0.669
B2 PING t=1788379784 d11=0.697
B2 PING t=1788379785 d11=0.712
B2 PING t=1788379786 d11=0.695
B2 PING t=1788379787 d11=0.708
B2 PING t=1788379788 d11=0.712
B2 PING t=1788379789 d11=0.717
B2 PING t=1788379790 d11=0.720
B2 PING t=1788379791 d11=0.756
B2 PING t=1788379792 d11=0.783
B2 PING t=1788379793 d11=0.778
B2 PING t=1788379794 d11=0.763
B2 PING t=1788379795 d11=0.778
B2 PING t=1788379796 d11=0.791
B2 PING t=1788379797 d11=0.779
B2 PING t=1788379798 d11=0.804
B2 PING t=1788379799 d11=
B2 PING t=1788379800 d11=0.824
B2 PING t=1788379801 d11=0.801
B2 PING t=1788379802 d11=0.779
B2 PING t=1788379803 d11=0.729
B2 PING t=1788379804 d11=0.737
B2 PING t=1788379805 d11=0.751
B2 REQUEST: GOAL location as BEARING (deg from my nose) + DISTANCE from ME. I hold still. Also: I am driving 349.6deg.
B2 PING t=1788379807 d11=0.783
B2 PING t=1788379808 d11=0.782
B2 PING t=1788379809 d11=0.766
B2 PING t=1788379810 d11=0.773
B2 PING t=1788379811 d11=
B2 PING t=1788379812 d11=0.775
B2 PING t=1788379813 d11=0.766
B2 PING t=1788379814 d11=0.789
B2 PING t=1788379815 d11=0.813
B2 PING t=1788379816 d11=0.814
B2 PING t=1788379817 d11=0.815
B2 PING t=1788379818 d11=0.829
B2 PING t=1788379819 d11=0.812
B2 PING t=1788379820 d11=0.816
B2 PING t=1788379821 d11=0.862
B2 PING t=1788379822 d11=0.855
B2 PING t=1788379823 d11=0.837
B2 PING t=1788379824 d11=0.797
B2 PING t=1788379825 d11=0.791
B2 PING t=1788379826 d11=0.797
B2 PING t=1788379827 d11=0.795
B2 PING t=1788379828 d11=0.798
B2 PING t=1788379829 d11=0.788
B2 PING t=1788379830 d11=0.783
B2 PING t=1788379831 d11=0.753
B2 PING t=1788379832 d11=0.756
B2 PING t=1788379833 d11=0.758
B2 PING t=1788379834 d11=0.724
B2 PING t=1788379835 d11=0.731
B2 PING t=1788379836 d11=0.730
B2 PING t=1788379837 d11=0.713
B2 PING t=1788379838 d11=0.716
B2 PING t=1788379839 d11=0.682
B2 PING t=1788379840 d11=0.694
B2 PING t=1788379841 d11=0.680
B2 PING t=1788379842 d11=0.657
B2 PING t=1788379843 d11=0.645
B2 PING t=1788379844 d11=0.648
B2 PING t=1788379845 d11=0.644
B2 PING t=1788379846 d11=0.662
B2 PING t=1788379847 d11=0.651
B2 PING t=1788379848 d11=0.673
B2 PING t=1788379849 d11=
B2 PING t=1788379850 d11=0.663
B2 PING t=1788379851 d11=0.676
B2 PING t=1788379852 d11=0.686
B2 PING t=1788379853 d11=0.715
B2 PING t=1788379854 d11=0.693
B2 PING t=1788379855 d11=0.681
B2 PING t=1788379856 d11=0.680
B2 PING t=1788379857 d11=0.695
B2 PING t=1788379858 d11=0.664
B2 PING t=1788379859 d11=0.674
B2 PING t=1788379860 d11=0.662
B2 PING t=1788379861 d11=0.683
B2 PING t=1788379862 d11=0.682
B2 PING t=1788379863 d11=0.672
B2 PING t=1788379864 d11=0.665
B2 PING t=1788379865 d11=0.681
B2 PING t=1788379866 d11=0.687
B2 PING t=1788379867 d11=0.696
B2 PING t=1788379868 d11=0.687
B2 PING t=1788379869 d11=0.698
B2 PING t=1788379870 d11=0.700
B2 PING t=1788379871 d11=0.693
B2 PING t=1788379872 d11=0.695
B2 PING t=1788379873 d11=0.700
B2 PING t=1788379874 d11=0.687
B2 PING t=1788379875 d11=0.682
B2 PING t=1788379876 d11=0.700
B2 PING t=1788379877 d11=0.690
B2 PING t=1788379878 d11=0.670
B2 PING t=1788379879 d11=0.685
B2 PING t=1788379880 d11=0.680
B2 PING t=1788379881 d11=0.687
B2 PING t=1788379882 d11=0.682
B2 PING t=1788379883 d11=0.706
B2 PING t=1788379884 d11=0.700
B2 PING t=1788379885 d11=0.709
B2 PING t=1788379886 d11=0.695
B2 PING t=1788379887 d11=0.688
B2 PING t=1788379888 d11=0.703
B2 PING t=1788379889 d11=0.667
B2 PING t=1788379890 d11=0.669
B2 PING t=1788379891 d11=0.653
B2 PING t=1788379892 d11=0.669
B2 PING t=1788379893 d11=0.658
B2 PING t=1788379894 d11=0.660
B2 PING t=1788379895 d11=0.648
B2 PING t=1788379896 d11=0.653
B2 PING t=1788379897 d11=0.634
B2 PING t=1788379898 d11=0.646
B2 PING t=1788379899 d11=0.644
B2 PING t=1788379900 d11=0.663
B2 PING t=1788379901 d11=0.658
B2 PING t=1788379902 d11=0.674
B2 PING t=1788379903 d11=0.646
B2 PING t=1788379904 d11=0.662
B2 PING t=1788379905 d11=0.676
B2 PING t=1788379906 d11=0.652
B2 PING t=1788379907 d11=0.651
B2 PING t=1788379908 d11=0.643
B2 PING t=1788379909 d11=0.656
B2 PING t=1788379910 d11=0.648
B2 PING t=1788379911 d11=0.662
B2 PING t=1788379912 d11=0.684
B2 PING t=1788379913 d11=
B2 PING t=1788379914 d11=0.691
B2 PING t=1788379915 d11=0.679
B2 PING t=1788379916 d11=0.676
B2 PING t=1788379917 d11=0.671
B2 PING t=1788379918 d11=0.669
B2 PING t=1788379919 d11=
B2 PING t=1788379920 d11=0.666
B2 PING t=1788379921 d11=0.667
B2 PING t=1788379922 d11=0.661
B2 PING t=1788379923 d11=0.669
B2 PING t=1788379924 d11=0.672
B2 PING t=1788379925 d11=0.669
B2 PING t=1788379926 d11=0.659
B2 PING t=1788379927 d11=0.659
B2 PING t=1788379928 d11=0.674
B2 PING t=1788379929 d11=0.666
B2 PING t=1788379931 d11=0.672
B2 PING t=1788379932 d11=0.682
B2 PING t=1788379933 d11=0.671
B2 PING t=1788379934 d11=0.677
B2 PING t=1788379935 d11=0.675
B2 PING t=1788379936 d11=0.679
B2 PING t=1788379937 d11=0.680
B2 PING t=1788379938 d11=0.665
B2 PING t=1788379939 d11=0.681
B2 PING t=1788379940 d11=0.677
B2 PING t=1788379941 d11=0.674
B2 PING t=1788379942 d11=0.682
B2 PING t=1788379943 d11=0.673
B2 PING t=1788379945 d11=0.682
B2 PING t=1788379946 d11=0.689
B2 PING t=1788379947 d11=0.669
B2 PING t=1788379948 d11=
B2 PING t=1788379949 d11=0.676
B2 PING t=1788379950 d11=0.660
B2 PING t=1788379951 d11=0.670
B2 PING t=1788379952 d11=0.655
B2 PING t=1788379953 d11=0.672
B2 PING t=1788379954 d11=0.663
B2 PING t=1788379955 d11=0.652
B2 PING t=1788379956 d11=0.661
B2 PING t=1788379957 d11=0.647
B2 PING t=1788379958 d11=0.641
B2 PING t=1788379959 d11=0.663
B2 PING t=1788379960 d11=0.634
B2 PING t=1788379961 d11=0.652
B2 PING t=1788379962 d11=0.650
B2 PING t=1788379988 d11=0.643
B2 PING t=1788379989 d11=0.648
B2 PING t=1788379990 d11=0.647
B2 PING t=1788379991 d11=0.661
B2 PING t=1788379992 d11=
B2 PING t=1788379994 d11=0.674
B2 PING t=1788379995 d11=0.682
B2 PING t=1788379996 d11=0.656
B2 PING t=1788379997 d11=
B2 PING t=1788379998 d11=0.673
B2 PING t=1788379999 d11=0.663
B2 PING t=1788380000 d11=0.678
B2 PING t=1788380001 d11=0.666
B2 PING t=1788380006 d11=0.660
B2 PING t=1788380007 d11=0.662
B2 PING t=1788380008 d11=0.678
B2 PING t=1788380009 d11=0.666
B2 PING t=1788380010 d11=0.663
B2 PING t=1788380011 d11=0.662
B2 PING t=1788380012 d11=0.665
B2 PING t=1788380013 d11=0.696
B2 PING t=1788380014 d11=0.688
B2 PING t=1788380015 d11=0.688
B2 PING t=1788380016 d11=0.687
B2 PING t=1788380017 d11=0.686
B2 PING t=1788380018 d11=0.693
B2 PING t=1788380019 d11=0.714
B2 PING t=1788380020 d11=0.740
B2 PING t=1788380021 d11=0.727
B2 PING t=1788380022 d11=0.723
B2 PING t=1788380023 d11=0.729
B2 PING t=1788380024 d11=0.744
B2 PING t=1788380025 d11=0.727
B2 PING t=1788380026 d11=0.753
B2 PING t=1788380027 d11=0.737
B2 PING t=1788380028 d11=0.750
B2 PING t=1788380029 d11=0.762
B2 PING t=1788380030 d11=0.758
B2 PING t=1788380031 d11=0.758
B2 PING t=1788380032 d11=0.737
B2 PING t=1788380033 d11=0.782
B2 PING t=1788380034 d11=0.788
B2 PING t=1788380035 d11=0.774
B2 PING t=1788380036 d11=0.781
B2 PING t=1788380037 d11=0.776
B2 PING t=1788380038 d11=0.790
B2 PING t=1788380039 d11=0.793
B2 PING t=1788380040 d11=0.804
B2 PING t=1788380041 d11=0.793
B2 PING t=1788380042 d11=0.807
B2 PING t=1788380043 d11=0.797
B2 PING t=1788380044 d11=0.806
B2 PING t=1788380045 d11=0.793
B2 PING t=1788380046 d11=0.801
B2 PING t=1788380047 d11=0.798
B2 PING t=1788380048 d11=0.809
B2 PING t=1788380049 d11=0.799
B2 PING t=1788380050 d11=0.809
B2 PING t=1788380051 d11=None
B2 PING t=1788380053 d11=0.799
B2 PING t=1788380054 d11=0.798
B2 PING t=1788380055 d11=0.796
B2 PING t=1788380056 d11=0.789
B2 PING t=1788380057 d11=0.805
B2 PING t=1788380058 d11=0.812
B2 PING t=1788380059 d11=0.801
B2 PING t=1788380060 d11=0.787
B2 PING t=1788380061 d11=0.786
B2 PING t=1788380062 d11=0.787
B2 PING t=1788380063 d11=0.777
B2 PING t=1788380064 d11=0.782
B2 PING t=1788380065 d11=0.776
B2 PING t=1788380066 d11=0.768
B2 PING t=1788380067 d11=0.763
B2 PING t=1788380068 d11=0.752
B2 PING t=1788380069 d11=0.781
B2 PING t=1788380070 d11=0.768
B2 PING t=1788380071 d11=0.758
B2 PING t=1788380072 d11=0.753
B2 PING t=1788380073 d11=0.724
B2 PING t=1788380074 d11=0.734
B2 PING t=1788380075 d11=0.731
B2 PING t=1788380076 d11=0.738
B2 PING t=1788380077 d11=0.722
B2 PING t=1788380078 d11=0.748
B2 PING t=1788380079 d11=0.729
B2 PING t=1788380080 d11=0.708
B2 PING t=1788380081 d11=0.699
B2 PING t=1788380082 d11=0.692
B2 PING t=1788380083 d11=0.703
B2 PING t=1788380084 d11=0.708
B2 PING t=1788380085 d11=0.713
B2 PING t=1788380086 d11=0.676
B2 PING t=1788380087 d11=0.685
B2 PING t=1788380088 d11=0.669
B2 PING t=1788380089 d11=0.663
B2 PING t=1788380091 d11=0.676
B2 PING t=1788380092 d11=0.674
B2 PING t=1788380093 d11=0.684
B2 PING t=1788380094 d11=0.659
B2 PING t=1788380095 d11=0.661
B2 PING t=1788380096 d11=0.651
B2 PING t=1788380285 d11=0.660
B2 PING t=1788380286 d11=0.691
B2 PING t=1788380287 d11=0.689
B2 PING t=1788380288 d11=0.687
B2 PING t=1788380289 d11=0.712
B2 PING t=1788380290 d11=0.723
B2 PING t=1788380291 d11=0.709
B2 PING t=1788380292 d11=0.712
B2 PING t=1788380293 d11=0.714
B2 PING t=1788380294 d11=0.689
B2 PING t=1788380295 d11=0.720
B2 PING t=1788380296 d11=0.743
B2 PING t=1788380297 d11=0.747
B2 PING t=1788380298 d11=0.753
B2 PING t=1788380299 d11=0.752
B2 PING t=1788380300 d11=0.742
B2 PING t=1788380301 d11=0.736
B2 PING t=1788380302 d11=0.764
B2 PING t=1788380303 d11=0.772
B2 PING t=1788380304 d11=0.775
B2 PING t=1788380305 d11=0.775
B2 PING t=1788380306 d11=0.770
B2 PING t=1788380307 d11=0.782
B2 PING t=1788380308 d11=0.753
B2 PING t=1788380309 d11=0.765
B2 PING t=1788380310 d11=0.766
B2 PING t=1788380311 d11=0.772
B2 PING t=1788380312 d11=0.784
B2 PING t=1788380313 d11=0.768
B2 PING t=1788380314 d11=0.753
B2 PING t=1788380315 d11=0.750
B2 PING t=1788380316 d11=0.755
B2 PING t=1788380317 d11=0.761
B2 PING t=1788380318 d11=0.760
B2 PING t=1788380320 d11=0.718
B2 PING t=1788380321 d11=0.690
B2 PING t=1788380322 d11=0.701
B2 PING t=1788380323 d11=0.713
B2 PING t=1788380324 d11=0.700
B2 PING t=1788380325 d11=0.705
B2 PING t=1788380326 d11=0.728
B2 PING t=1788380327 d11=0.737
B2 PING t=1788380328 d11=0.745
B2 PING t=1788380329 d11=0.741
B2 PING t=1788380330 d11=
B2 PING t=1788380331 d11=0.717
B2 PING t=1788380332 d11=0.716
B2 PING t=1788380333 d11=0.730
B2 PING t=1788380334 d11=0.736
B2 PING t=1788380335 d11=0.739
B2 PING t=1788380336 d11=0.732
B2 PING t=1788380337 d11=0.738
B2 PING t=1788380338 d11=0.736
B2 PING t=1788380339 d11=0.723
B2 PING t=1788380340 d11=0.760
B2 PING t=1788380341 d11=0.746
B2 PING t=1788380342 d11=0.748
B2 PING t=1788380343 d11=0.713
B2 PING t=1788380344 d11=0.726
B2 PING t=1788380345 d11=0.728
B2 PING t=1788380346 d11=0.717
B2 PING t=1788380347 d11=0.733
B2 PING t=1788380348 d11=0.735
B2 PING t=1788380349 d11=0.732
B2 PING t=1788380350 d11=0.733
B2 PING t=1788380351 d11=0.721
B2 PING t=1788380352 d11=0.739
B2 PING t=1788380353 d11=0.731
B2 PING t=1788380354 d11=0.713
B2 PING t=1788380355 d11=0.726
B2 PING t=1788380356 d11=0.732
B2 PING t=1788380357 d11=0.723
B2 PING t=1788380358 d11=
B2 PING t=1788380359 d11=
B2 PING t=1788380360 d11=0.739
B2 PING t=1788380361 d11=0.732
B2 PING t=1788380362 d11=0.747
B2 PING t=1788380363 d11=0.716
B2 PING t=1788380364 d11=0.735
B2 PING t=1788380365 d11=0.738
B2 PING t=1788380366 d11=0.726
B2 PING t=1788380367 d11=0.728
B2 PING t=1788380368 d11=0.737
B2 PING t=1788380369 d11=0.726
B2 PING t=1788380370 d11=0.725
B2 PING t=1788380371 d11=0.732
B2 PING t=1788380372 d11=0.731
B2 PING t=1788380373 d11=0.723
B2 PING t=1788380374 d11=0.738
B2 PING t=1788380375 d11=0.724
B2 PING t=1788380376 d11=0.729
B2 PING t=1788380377 d11=
B2 PING t=1788380378 d11=0.731
B2 PING t=1788380379 d11=0.748
B2 PING t=1788380380 d11=0.736
B2 PING t=1788380381 d11=0.736
B2 PING t=1788380382 d11=0.720
B2 PING t=1788380383 d11=
B2 PING t=1788380384 d11=0.737
B2 PING t=1788380385 d11=0.744
B2 PING t=1788380386 d11=0.741
B2 PING t=1788380387 d11=0.738
B2 PING t=1788380388 d11=0.730
B2 PING t=1788380389 d11=0.728
B2 PING t=1788380390 d11=0.734
B2 PING t=1788380391 d11=0.725
B2 PING t=1788380392 d11=0.731
B2 PING t=1788380393 d11=
B2 PING t=1788380394 d11=
B2 PING t=1788380395 d11=0.740
B2 PING t=1788380396 d11=0.729
B2 PING t=1788380397 d11=0.725
B2 PING t=1788380398 d11=0.741
B2 PING t=1788380399 d11=0.723
B2 PING t=1788380400 d11=None
B2 PING t=1788380401 d11=
B2 PING t=1788380402 d11=0.737
B2 PING t=1788380403 d11=0.728
B2 PING t=1788380404 d11=0.725
B2 PING t=1788380405 d11=0.733
B2 SAME d11=0.733
B2 PING t=1788380408 d11=0.738
B2 PING t=1788380409 d11=0.725
B2 PING t=1788380410 d11=0.735
B2 PING t=1788380411 d11=0.733
B2 PING t=1788380412 d11=0.722
B2 PING t=1788380413 d11=0.740
B2 PING t=1788380414 d11=0.744
B2 PING t=1788380415 d11=0.718
B2 PING t=1788380416 d11=
B2 PING t=1788380417 d11=0.748
B2 PING t=1788380418 d11=0.728
B2 PING t=1788380419 d11=0.734
B2 PING t=1788380420 d11=0.721
B2 PING t=1788380421 d11=0.733
B2 PING t=1788380422 d11=0.723
B2 PING t=1788380423 d11=0.724
B2 PING t=1788380424 d11=0.729
B2 PING t=1788380425 d11=
B2 PING t=1788380426 d11=0.731
B2 PING t=1788380427 d11=0.738
B2 PING t=1788380428 d11=0.734
B2 PING t=1788380429 d11=0.731
B2 PING t=1788380430 d11=0.750
B2 PING t=1788380431 d11=0.719
B2 PING t=1788380432 d11=0.728
B2 PING t=1788380433 d11=0.751
B2 PING t=1788380434 d11=0.727
B2 PING t=1788380435 d11=0.748
B2 PING t=1788380436 d11=
B2 PING t=1788380437 d11=0.739
B2 PING t=1788380438 d11=0.738
B2 PING t=1788380439 d11=0.730
B2 PING t=1788380440 d11=0.751
B2 PING t=1788380441 d11=0.742
B2 PING t=1788380442 d11=0.728
B2 PING t=1788380443 d11=0.732
B2 PING t=1788380444 d11=0.725
B2 PING t=1788380445 d11=0.733
B2 PING t=1788380446 d11=0.733
B2 PING t=1788380447 d11=0.729
B2 PING t=1788380448 d11=0.734
B2 PING t=1788380449 d11=
B2 PING t=1788380450 d11=0.742
B2 PING t=1788380451 d11=0.732
B2 PING t=1788380452 d11=0.724
B2 PING t=1788380453 d11=0.731
B2 PING t=1788380454 d11=0.749
B2 PING t=1788380455 d11=0.776
B2 PING t=1788380456 d11=0.770
B2 PING t=1788380457 d11=0.747
B2 PING t=1788380458 d11=0.774
B2 PING t=1788380459 d11=0.772
B2 PING t=1788380460 d11=0.781
B2 PING t=1788380461 d11=0.764
B2 PING t=1788380462 d11=0.777
B2 PING t=1788380463 d11=0.737
B2 PING t=1788380464 d11=0.778
B2 PING t=1788380465 d11=0.761
B2 PING t=1788380466 d11=0.760
B2 PING t=1788380467 d11=0.749
B2 PING t=1788380468 d11=0.770
B2 PING t=1788380469 d11=0.784
B2 PING t=1788380470 d11=0.785
B2 PING t=1788380471 d11=0.780
B2 PING t=1788380472 d11=0.762
B2 PING t=1788380473 d11=0.756
B2 PING t=1788380474 d11=0.769
B2 PING t=1788380475 d11=0.769
B2 PING t=1788380476 d11=0.779
B2 PING t=1788380477 d11=0.767
B2 PING t=1788380478 d11=0.778
B2 PING t=1788380479 d11=0.772
B2 PING t=1788380480 d11=0.766
B2 PING t=1788380481 d11=0.771
B2 PING t=1788380482 d11=0.773
B2 PING t=1788380483 d11=0.771
B2 PING t=1788380484 d11=0.779
B2 PING t=1788380485 d11=0.775
B2 PING t=1788380486 d11=0.777
B2 PING t=1788380487 d11=0.790
B2 PING t=1788380488 d11=0.798
B2 PING t=1788380489 d11=0.788
B2 PING t=1788380490 d11=0.786
B2 PING t=1788380491 d11=0.796
B2 PING t=1788380492 d11=0.829
B2 PING t=1788380493 d11=0.821
B2 PING t=1788380494 d11=0.817
B2 PING t=1788380495 d11=
B2 PING t=1788380496 d11=0.805
B2 PING t=1788380497 d11=0.811
B2 PING t=1788380498 d11=0.797
B2 PING t=1788380499 d11=0.787
B2 PING t=1788380500 d11=0.793
B2 PING t=1788380501 d11=0.790
B2 PING t=1788380502 d11=0.800
B2 PING t=1788380503 d11=0.806
B2 PING t=1788380504 d11=
B2 PING t=1788380505 d11=0.776
B2 PING t=1788380506 d11=0.798
B2 PING t=1788380507 d11=0.801
B2 PING t=1788380508 d11=0.790
B2 PING t=1788380509 d11=0.789
B2 PING t=1788380510 d11=0.824
B2 PING t=1788380511 d11=0.819
B2 PING t=1788380512 d11=0.840
B2 PING t=1788380513 d11=0.857
B2 PING t=1788380514 d11=0.856
B2 PING t=1788380515 d11=0.834
B2 PING t=1788380516 d11=0.828
B2 PING t=1788380517 d11=0.822
B2 PING t=1788380518 d11=0.832
B2 PING t=1788380519 d11=0.849
B2 PING t=1788380520 d11=0.801
B2 PING t=1788380521 d11=0.810
B2 PING t=1788380522 d11=0.816
B2 PING t=1788380523 d11=0.816
B2 PING t=1788380524 d11=0.809
B2 PING t=1788380525 d11=
B2 PING t=1788380526 d11=0.729
B2 PING t=1788380527 d11=0.731
B2 PING t=1788380528 d11=0.712
B2 PING t=1788380530 d11=0.691
B2 PING t=1788380531 d11=0.696
B2 PING t=1788380532 d11=0.694
B2 PING t=1788380533 d11=0.686
B2 PING t=1788380534 d11=
B2 PING t=1788380665 d11=0.662
B2 PING t=1788380666 d11=0.643
B2 PING t=1788380667 d11=0.645
B2 PING t=1788380668 d11=0.652
B2 PING t=1788380669 d11=0.678
B2 PING t=1788380670 d11=0.680
B2 PING t=1788380671 d11=0.664
B2 PING t=1788380672 d11=0.678
B2 PING t=1788380673 d11=0.674
B2 PING t=1788380674 d11=0.673
B2 PING t=1788380675 d11=0.666
B2 PING t=1788380676 d11=0.670
B2 PING t=1788380677 d11=0.671
B2 PING t=1788380678 d11=0.674
B2 PING t=1788380679 d11=0.679
B2 PING t=1788380680 d11=0.685
B2 PING t=1788380681 d11=0.664
B2 PING t=1788380682 d11=0.662
B2 PING t=1788380683 d11=0.686
B2 PING t=1788380684 d11=0.710
B2 PING t=1788380685 d11=0.713
B2 PING t=1788380686 d11=
B2 PING t=1788380687 d11=0.701
B2 PING t=1788380688 d11=0.728
B2 PING t=1788380689 d11=0.731
B2 PING t=1788380690 d11=0.723
B2 PING t=1788380691 d11=0.735
B2 PING t=1788380692 d11=0.767
B2 PING t=1788380693 d11=0.769
B2 PING t=1788380694 d11=0.791
B2 PING t=1788380695 d11=
B2 WARMER d11=0.780
B2 PING t=1788380698 d11=0.740
B2 PING t=1788380699 d11=0.749
B2 PING t=1788380700 d11=0.754
B2 PING t=1788380701 d11=0.762
B2 PING t=1788380702 d11=0.738
B2 PING t=1788380703 d11=0.739
B2 PING t=1788380704 d11=0.768
B2 PING t=1788380705 d11=0.800
B2 PING t=1788380706 d11=0.836
B2 PING t=1788380707 d11=0.853
B2 PING t=1788380708 d11=0.852
B2 PING t=1788380709 d11=0.832
B2 PING t=1788380710 d11=0.807
B2 PING t=1788380711 d11=0.829
B2 PING t=1788380712 d11=0.841
B2 PING t=1788380713 d11=0.844
B2 PING t=1788380714 d11=0.854
B2 PING t=1788380715 d11=0.842
B2 PING t=1788380716 d11=0.823
B2 PING t=1788380717 d11=0.809
B2 PING t=1788380718 d11=0.786
B2 PING t=1788380719 d11=0.780
B2 PING t=1788380720 d11=0.785
B2 PING t=1788380721 d11=0.795
B2 PING t=1788380722 d11=0.782
B2 PING t=1788380723 d11=0.767
B2 PING t=1788380724 d11=0.775
B2 PING t=1788380725 d11=0.778
B2 PING t=1788380726 d11=0.792
B2 PING t=1788380727 d11=0.791
B2 PING t=1788380728 d11=0.771
B2 PING t=1788380729 d11=0.767
B2 PING t=1788380730 d11=0.796
B2 PING t=1788380731 d11=0.884
B2 PING t=1788380732 d11=
B2 PING t=1788380733 d11=0.895
B2 PING t=1788380734 d11=0.911
B2 PING t=1788380735 d11=0.864
B2 PING t=1788380736 d11=0.857
B2 PING t=1788380737 d11=0.835
B2 PING t=1788380738 d11=0.857
B2 PING t=1788380739 d11=0.849
B2 PING t=1788380740 d11=0.861
B2 PING t=1788380741 d11=0.876
B2 PING t=1788380742 d11=0.849
B2 PING t=1788380743 d11=0.868
B2 PING t=1788380744 d11=0.844
B2 PING t=1788380745 d11=0.882
B2 PING t=1788380746 d11=0.853
B2 PING t=1788380747 d11=
B2 PING t=1788380748 d11=0.867
B2 PING t=1788380749 d11=0.855
B2 PING t=1788380750 d11=0.852
B2 PING t=1788380751 d11=0.844
B2 PING t=1788380752 d11=0.820
B2 PING t=1788380753 d11=0.829
B2 PING t=1788380755 d11=0.848
B2 PING t=1788380756 d11=0.838
B2 PING t=1788380757 d11=
B2 PING t=1788380758 d11=0.790
B2 PING t=1788380759 d11=0.794
B2 PING t=1788380760 d11=0.750
B2 PING t=1788380761 d11=0.754
B2 PING t=1788380762 d11=0.767
B2 PING t=1788380763 d11=0.755
B2 PING t=1788380764 d11=0.747
B2 PING t=1788380765 d11=0.720
B2 PING t=1788380766 d11=0.730
B2 PING t=1788380767 d11=0.710
B2 PING t=1788380768 d11=0.663
B2 PING t=1788380769 d11=0.675
B2 PING t=1788380770 d11=0.683
B2 PING t=1788380771 d11=0.671
B2 PING t=1788380772 d11=0.720
B2 PING t=1788380773 d11=0.731
B2 PING t=1788380774 d11=0.748
B2 PING t=1788380775 d11=0.706
B2 PING t=1788380776 d11=0.682
B2 PING t=1788380777 d11=0.700
B2 PING t=1788380778 d11=0.699
B2 PING t=1788380779 d11=0.678
B2 PING t=1788380780 d11=0.703
B2 PING t=1788380781 d11=0.716
B2 PING t=1788380782 d11=0.704
B2 PING t=1788380783 d11=0.701
B2 PING t=1788380784 d11=0.730
B2 PING t=1788380785 d11=0.713
B2 PING t=1788380786 d11=0.712
B2 PING t=1788380787 d11=0.703
B2 PING t=1788380788 d11=0.691
B2 PING t=1788380789 d11=0.671
B2 PING t=1788380790 d11=0.666
B2 PING t=1788380791 d11=0.649
B2 PING t=1788380792 d11=
B2 PING t=1788380793 d11=0.680
B2 PING t=1788380794 d11=0.733
B2 PING t=1788380795 d11=0.734
B2 PING t=1788380796 d11=0.727
B2 PING t=1788380797 d11=0.697
B2 PING t=1788380798 d11=0.652
B2 PING t=1788380799 d11=0.651
B2 PING t=1788380800 d11=0.661
B2 PING t=1788380801 d11=0.658
B2 PING t=1788380804 d11=0.647
B2 PING t=1788380816 d11=0.635
B2 PING t=1788380817 d11=0.650
B2 PING t=1788380818 d11=0.636
B2 PING t=1788380819 d11=0.643
B2 PING t=1788380820 d11=0.673
B2 PING t=1788380821 d11=
B2 PING t=1788380822 d11=0.656
B2 PING t=1788380823 d11=0.653
B2 PING t=1788380824 d11=0.677
B2 PING t=1788380825 d11=0.675
B2 PING t=1788380826 d11=0.680
B2 PING t=1788380827 d11=0.687
B2 PING t=1788380828 d11=0.642
B2 COLDER d11=0.650
B2 PING t=1788380831 d11=0.739
B2 PING t=1788380832 d11=0.762
B2 PING t=1788380833 d11=0.752
B2 PING t=1788380834 d11=0.703
B2 PING t=1788380835 d11=0.650
B2 PING t=1788380969 d11=0.645
B2 PING t=1788380970 d11=0.667
B2 PING t=1788380972 d11=0.704
B2 PING t=1788380973 d11=0.707
B2 PING t=1788380974 d11=0.720
B2 PING t=1788380975 d11=0.689
B2 PING t=1788380976 d11=0.671
B2 PING t=1788380977 d11=0.684
B2 PING t=1788380979 d11=0.719
B2 PING t=1788380980 d11=0.734
B2 PING t=1788380981 d11=0.755
B2 PING t=1788380982 d11=0.743
B2 PING t=1788380983 d11=
B2 PING t=1788380984 d11=0.754
B2 PING t=1788380985 d11=0.743
B2 PING t=1788380986 d11=0.745
B2 PING t=1788380987 d11=0.743
B2 PING t=1788380988 d11=0.776
B2 PING t=1788380989 d11=
B2 PING t=1788380990 d11=0.770
B2 PING t=1788380991 d11=0.769
B2 PING t=1788380992 d11=0.759
B2 PING t=1788380993 d11=0.748
B2 PING t=1788380994 d11=0.750
B2 PING t=1788380995 d11=0.749
B2 PING t=1788380996 d11=0.758
B2 PING t=1788380997 d11=0.747
B2 PING t=1788380998 d11=0.734
B2 PING t=1788380999 d11=0.690
B2 PING t=1788381000 d11=0.742
B2 PING t=1788381001 d11=0.773
B2 PING t=1788381002 d11=0.806
B2 PING t=1788381003 d11=0.787
B2 PING t=1788381004 d11=0.788
B2 PING t=1788381006 d11=0.731
B2 PING t=1788381007 d11=0.687
B2 PING t=1788381008 d11=0.643
