0 8304 10852 98.2 0
1 8304 10855 100.2 0
2 8305 10859 103.4 0
2 8303 10863 100.7 0
3 8303 10869 101.3 0
4 8304 10872 101.0 0
4 8304 10877 103.5 0
5 8304 10880 107.8 0
6 8300 10876 107.4 0
7 8298 10873 100.1 0
7 8319 10854 97.5 0
8 8337 10836 89.9 0
9 8341 10840 89.8 0
10 8340 10846 95.4 0
10 8341 10853 95.2 0
11 8342 10860 94.7 0
12 8340 10867 96.3 0
12 8342 10872 95.4 0
13 8341 10879 98.2 0
14 8342 10885 97.7 0
15 8340 10889 99.2 0
15 8342 10893 101.7 0
16 8340 10897 102.2 0
17 8341 10900 100.3 0
17 8341 10905 98.8 0
18 8341 10910 104.9 0
19 8340 10915 101.7 0
20 8341 10919 104.9 0
20 8341 10922 107.1 0
21 8341 10928 104.7 0
22 8341 10930 109.6 0
23 8340 10933 108.8 0
23 8342 10938 108.6 0
24 8340 10942 108.6 0
25 8340 10942 108.1 0
25 8335 10938 110.6 0
26 8345 10926 102.6 0
27 8362 10910 98.7 0
28 8378 10898 93.6 0
28 8376 10905 96.0 0
29 8377 10910 96.9 0
30 8377 10918 98.4 0
30 8376 10922 100.2 0
31 8377 10925 98.1 0
32 8377 10929 104.0 0
33 8378 10935 100.6 0
33 8377 10939 104.0 0
34 8378 10941 101.7 0
35 8377 10948 108.5 0
35 8376 10956 107.3 0
36 8377 10962 105.5 0
37 8376 10966 105.0 0
38 8376 10969 108.3 0
38 8373 10967 106.6 0
39 8370 10964 111.9 0
40 8385 10948 102.7 0
40 8405 10930 96.4 0
41 8411 10927 95.5 0
42 8413 10933 95.3 0
43 8411 10940 96.1 0
43 8413 10947 97.0 0
44 8413 10952 96.4 0
45 8412 10958 98.4 0
45 8413 10962 100.3 0
46 8411 10966 100.6 0
47 8412 10971 100.6 0
48 8409 10967 99.0 0
48 8406 10965 102.6 0
49 8421 10948 92.1 0
50 8440 10932 88.6 0
51 8447 10927 87.9 0
51 8447 10934 85.5 0
52 8449 10941 91.1 0
53 8447 10949 93.1 0
53 8447 10955 92.4 0
54 8448 10963 95.6 0
55 8448 10969 95.5 0
56 8448 10971 93.8 0
56 8447 10975 97.2 0
57 8448 10983 98.2 0
58 8449 10990 100.0 0
58 8447 10994 95.8 0
59 8447 10999 101.1 0
60 8447 11000 98.3 0
61 8448 11005 101.9 0
61 8449 11011 103.9 0
62 8447 11017 106.0 0
63 8447 11025 104.1 0
63 8449 11029 107.6 0
64 8447 11033 108.0 0
65 8447 11037 109.5 0
66 8448 11039 107.4 0
66 8449 11044 104.8 0
67 8447 11046 106.5 0
68 8445 11046 111.4 0
68 8442 11043 106.3 0
69 8457 11027 100.1 0
70 8474 11008 95.1 0
71 8483 11003 90.3 0
71 8483 11007 98.9 0
72 8483 11013 95.4 0
73 8482 11016 96.6 0
74 8483 11023 95.2 0
74 8484 11030 99.6 0
75 8483 11035 100.5 0
76 8482 11042 102.8 0
76 8484 11050 101.4 0
77 8484 11055 103.4 0
78 8483 11064 105.9 0
79 8483 11067 105.1 0
79 8484 11072 110.7 0
80 8482 11076 108.3 0
81 8482 11083 107.7 0
81 8484 11088 113.0 0
82 8484 11095 111.1 0
83 8482 11098 111.8 0
84 8483 11100 111.0 0
84 8484 11105 116.1 0
85 8483 11104 112.2 0
86 8477 11102 114.6 0
86 8485 11093 112.6 0
87 8504 11075 104.8 0
88 8520 11061 102.1 0
89 8518 11065 102.3 0
89 8520 11075 98.4 0
90 8520 11081 102.9 0
91 8518 11088 104.8 0
91 8520 11094 107.0 0
92 8520 11102 106.1 0
93 8520 11106 107.2 0
94 8519 11114 106.8 0
94 8518 11121 109.7 0
95 8520 11124 112.7 0
96 8519 11126 110.5 0
96 8519 11129 109.1 0
97 8520 11134 113.3 0
98 8519 11140 112.4 0
99 8520 11145 114.3 0
99 8519 11151 117.1 0
100 8518 11154 115.0 0
101 8519 11157 117.5 0
102 8518 11161 117.6 0
102 8519 11163 119.6 0
103 8517 11165 122.0 0
104 8515 11161 118.6 0
104 8522 11152 115.2 0
105 8540 11133 106.2 0
106 8560 11115 102.4 0
107 8577 11098 94.5 0
107 8596 11080 89.0 0
108 8614 11065 81.6 0
109 8633 11045 76.2 0
109 8653 11030 67.2 0
110 8671 11011 64.7 0
111 8690 10994 55.1 0
112 8707 10978 50.3 0
112 8709 10982 53.3 0
113 8709 10987 54.4 0
114 8714 10991 50.3 0
114 8719 10988 51.3 0
115 8718 10997 48.2 0
116 8716 11005 59.8 0
117 8713 11012 57.3 0
117 8710 11017 56.2 0
118 8705 11024 58.9 0
119 8700 11033 57.6 0
119 8697 11038 62.8 0
120 8694 11047 63.3 0
121 8692 11053 64.1 0
122 8688 11059 64.1 0
122 8689 11068 67.1 0
123 8689 11076 72.2 0
124 8689 11081 70.7 0
124 8688 11090 74.7 0
125 8689 11095 75.7 0
126 8689 11104 74.1 0
127 8689 11109 79.6 0
127 8688 11116 76.8 0
128 8688 11123 75.8 0
129 8689 11132 79.3 0
129 8690 11138 80.8 0
130 8689 11144 86.3 0
131 8690 11152 84.4 0
132 8688 11159 88.3 0
132 8689 11167 87.7 0
133 8689 11173 91.0 0
134 8690 11182 89.8 0
135 8689 11187 89.4 0
135 8688 11195 89.1 0
136 8690 11201 89.7 0
137 8688 11209 97.2 0
137 8688 11216 97.5 0
138 8689 11223 98.1 0
139 8689 11229 101.3 0
140 8689 11237 101.7 0
140 8689 11246 101.8 0
141 8688 11253 103.0 0
142 8690 11258 102.8 0
142 8689 11265 102.7 0
143 8688 11274 104.6 0
144 8690 11282 109.6 0
145 8689 11288 105.8 0
145 8689 11296 111.7 0
146 8689 11303 112.6 0
147 8687 11309 114.3 0
147 8687 11314 112.5 0
148 8686 11318 114.8 0
149 8685 11325 117.6 0
150 8682 11331 118.3 0
150 8679 11339 117.6 0
151 8677 11344 117.8 0
152 8677 11352 122.4 0
152 8677 11358 125.4 0
153 8677 11363 125.2 0
154 8677 11372 127.6 0
155 8677 11380 128.0 0
155 8679 11386 126.1 0
156 8678 11394 131.7 0
157 8678 11401 132.4 0
158 8679 11406 135.5 0
158 8676 11413 134.2 0
159 8673 11421 135.0 0
160 8668 11427 138.9 0
160 8666 11436 139.5 0
161 8660 11443 141.1 0
162 8658 11450 144.8 0
163 8652 11456 147.7 0
163 8653 11462 148.1 0
164 8650 11469 146.8 0
165 8651 11477 150.9 0
166 8652 11484 151.0 0
166 8651 11489 152.1 0
167 8652 11496 155.5 0
168 8646 11503 155.9 0
168 8645 11512 157.3 0
169 8641 11518 160.9 0
170 8637 11525 163.6 0
171 8633 11533 161.3 0
171 8627 11538 163.9 0
172 8624 11546 165.9 0
173 8621 11553 170.3 0
173 8617 11561 174.5 0
174 8612 11567 172.5 0
175 8610 11574 172.3 0
176 8607 11581 178.2 0
176 8602 11591 181.0 0
177 8598 11596 179.9 0
178 8593 11604 178.5 0
179 8589 11610 183.7 0
179 8588 11617 183.9 0
180 8583 11624 190.6 0
181 8579 11633 191.1 0
181 8576 11641 193.9 0
182 8570 11646 198.0 0
183 8568 11654 198.9 0
184 8565 11661 198.1 0
184 8560 11667 198.3 0
185 8556 11675 202.9 0
186 8553 11681 204.8 0
186 8550 11688 207.5 0
187 8546 11695 208.4 0
188 8541 11703 211.8 0
189 8538 11709 211.2 0
189 8535 11718 212.9 0
190 8529 11724 217.9 0
191 8527 11730 221.7 0
191 8523 11738 222.0 0
192 8518 11746 221.1 0
193 8514 11751 224.9 0
194 8511 11759 227.6 0
194 8507 11765 226.4 0
195 8504 11773 232.2 0
196 8499 11780 234.6 0
196 8496 11789 237.9 0
197 8494 11796 236.8 0
198 8489 11800 238.9 0
199 8486 11807 244.0 0
199 8483 11817 239.1 0
200 8477 11823 243.6 0
201 8475 11829 250.0 0
201 8469 11837 245.1 0
202 8467 11843 249.0 0
203 8463 11850 251.6 0
204 8459 11857 253.5 0
204 8455 11865 256.7 0
205 8451 11873 256.9 0
206 8448 11879 260.1 0
206 8444 11885 260.9 0
207 8441 11893 264.5 0
208 8437 11899 270.0 0
209 8434 11907 266.4 0
209 8430 11915 270.8 0
210 8427 11922 269.9 0
211 8422 11929 272.0 0
211 8417 11935 276.4 0
212 8415 11943 280.4 0
213 8411 11949 278.1 0
214 8408 11955 281.3 0
214 8403 11964 282.9 0
215 8398 11970 286.4 0
216 8395 11978 288.4 0
216 8393 11984 289.9 0
217 8388 11990 289.0 0
218 8384 11997 292.5 0
218 8380 12006 297.6 0
219 8376 12012 296.4 0
220 8373 12019 297.7 0
221 8369 12027 298.4 0
221 8364 12035 304.4 0
222 8363 12042 304.9 0
223 8358 12048 304.2 0
224 8354 12054 306.7 0
224 8351 12061 307.6 0
225 8347 12070 315.2 0
226 8344 12077 312.3 0
226 8340 12085 315.6 0
227 8334 12092 317.2 0
228 8331 12097 318.0 0
229 8327 12106 319.1 0
229 8324 12112 324.7 0
230 8319 12120 326.5 0
231 8316 12127 323.6 0
231 8314 12132 331.5 0
232 8308 12140 332.8 0
233 8304 12146 334.6 0
234 8303 12155 334.2 0
234 8299 12160 336.3 0
235 8294 12168 339.6 0
236 8290 12176 344.5 0
237 8286 12184 343.3 0
237 8282 12191 346.6 0
238 8280 12196 346.4 0
239 8274 12203 352.0 0
239 8270 12212 352.9 0
240 8268 12217 353.5 0
241 8263 12225 358.6 0
241 8261 12233 357.1 0
242 8257 12238 0.9 0
243 8254 12246 1.9 0
244 8250 12254 0.8 0
244 8245 12260 1.9 0
245 8242 12267 8.0 0
246 8238 12274 8.2 0
247 8234 12282 13.5 0
247 8229 12288 11.5 0
248 8227 12295 17.4 0
249 8222 12302 19.0 0
249 8220 12308 17.7 0
250 8216 12315 19.1 0
251 8212 12323 24.7 0
251 8207 12331 26.5 0
252 8203 12338 24.8 0
253 8200 12343 28.1 0
254 8198 12350 29.8 0
254 8194 12357 34.7 0
255 8188 12366 33.8 0
256 8186 12372 34.5 0
256 8182 12379 43.1 0
257 8178 12385 41.9 0
258 8175 12394 46.0 0
259 8170 12400 42.3 0
259 8168 12407 47.8 0
260 8163 12415 47.3 0
261 8159 12422 50.6 0
261 8156 12430 49.3 0
262 8152 12436 51.2 0
263 8148 12443 55.5 0
264 8144 12451 60.9 0
264 8142 12458 59.1 0
265 8137 12465 65.9 0
266 8134 12472 63.4 0
266 8128 12478 61.7 0
267 8127 12485 65.4 0
268 8121 12493 67.0 0
269 8117 12500 71.1 0
269 8114 12505 74.8 0
270 8111 12513 75.8 0
271 8108 12520 81.6 0
271 8103 12526 77.6 0
272 8098 12533 85.3 0
273 8095 12540 83.1 0
274 8093 12548 87.6 0
274 8088 12554 83.8 0
275 8084 12562 89.0 0
276 8082 12568 92.2 0
276 8077 12576 91.2 0
277 8073 12582 99.2 0
278 8068 12591 97.1 0
279 8066 12596 102.4 0
279 8063 12605 99.9 0
280 8058 12612 102.5 0
281 8055 12620 105.3 0
281 8050 12626 103.9 0
282 8048 12632 110.0 0
283 8044 12640 111.1 0
284 8038 12647 114.2 0
284 8035 12653 113.5 0
285 8032 12662 115.7 0
286 8027 12669 120.3 0
287 8024 12677 123.4 0
287 8020 12682 122.0 0
288 8016 12690 122.3 0
289 8012 12696 128.5 0
289 8010 12705 129.8 0
290 8006 12711 130.7 0
291 8002 12719 132.9 0
292 7998 12725 132.3 0
292 7994 12734 138.5 0
293 7990 12741 140.3 0
294 7986 12747 141.7 0
294 7982 12754 143.3 0
295 7979 12761 142.0 0
296 7975 12767 144.0 0
297 7972 12774 145.2 0
297 7968 12783 150.0 0
298 7964 12789 151.7 0
299 7959 12796 152.2 0
299 7957 12804 156.0 0
300 7952 12810 158.6 0
301 7950 12818 160.5 0
302 7946 12825 161.2 0
302 7941 12831 165.7 0
303 7941 12834 166.2 0
304 7941 12833 164.5 0
304 7940 12833 164.1 0
305 7941 12834 168.6 0
306 7940 12833 168.7 0
307 7941 12834 159.3 0
307 7939 12833 162.5 0
308 7941 12833 162.6 0
309 7939 12835 166.0 0
309 7941 12834 163.5 0
310 7939 12834 166.0 0
311 7940 12835 164.1 0
311 7939 12835 165.9 0
312 7939 12833 164.2 0
313 7941 12835 165.0 0
314 7940 12833 163.7 0
314 7941 12835 158.6 0
315 7940 12835 164.8 0
316 7939 12833 163.7 0
316 7941 12833 166.2 0
317 7939 12835 160.4 0
318 7941 12834 161.2 0
319 7939 -1 162.7 0
319 7939 12835 162.0 0
320 7940 12835 167.8 0
321 7940 12833 164.4 0
322 7939 12834 160.8 0
322 7940 12834 165.6 0
323 7939 12833 161.6 0
324 7940 12833 161.8 0
324 7940 12834 163.1 0
325 7941 12834 165.4 0
326 7939 12833 164.9 0
327 7941 12834 163.0 0
327 7940 12834 167.5 0
328 7939 12834 164.3 0
329 7941 12833 163.5 0
329 7941 12833 163.9 0
330 7941 12834 166.9 0
331 7939 12833 166.4 0
331 7940 12833 163.0 0
332 7940 12834 164.9 0
333 7941 12835 169.3 0
334 7941 12834 165.2 0
334 7940 12833 167.2 0
335 7941 12834 162.7 0
336 7939 12834 161.9 0
336 7939 12834 160.1 0
337 7940 12833 163.2 0
338 7939 12833 163.8 0
339 7939 12833 165.5 0
339 7941 12834 168.8 0
340 7939 12834 161.2 0
341 7940 12834 164.4 0
341 7940 12833 163.6 0
342 7940 12833 161.9 0
343 7939 12835 166.5 0
344 7939 12833 167.7 0
344 7939 12833 159.8 0
345 7940 12835 162.2 0
346 7940 12835 167.8 0
346 7939 12833 166.2 0
347 7941 12835 164.4 0
348 7940 12835 164.3 0
349 7939 12835 163.7 0
349 7941 12835 164.4 0
350 7940 12833 164.8 0
351 7939 12833 161.3 0
351 7940 12835 165.4 0
352 7941 12834 164.7 0
353 7940 12833 160.0 0
354 7940 12834 163.3 0
354 7941 12833 168.3 0
355 7940 12835 164.7 0
356 7941 12835 168.0 0
357 7940 12833 164.7 0
357 7939 12835 164.5 0
358 7941 12835 163.4 0
359 7940 12833 167.3 0
359 7941 12833 164.0 0
360 7939 12833 164.8 0
361 7941 12834 160.5 0
362 7941 12835 165.6 0
362 7939 12833 163.0 0
363 7941 12834 160.6 0
364 7941 12833 164.0 0
364 7939 12833 169.0 0
365 7941 12833 164.7 0
366 7940 12834 168.6 0
367 7941 12835 161.8 0
367 7939 12834 162.8 0
368 7939 12834 164.6 0
369 7940 12834 165.9 0
369 7939 12833 161.7 0
370 7940 12835 164.4 0
371 7941 12835 164.8 0
372 7941 12834 158.3 0
372 7939 12834 169.0 0
373 7940 12834 164.5 0
374 7941 12834 164.4 0
374 7941 12835 164.3 0
375 7941 12834 163.8 0
376 7940 12834 166.4 0
376 7941 12834 160.2 0
377 7941 12833 165.0 0
378 7941 12833 162.0 0
379 7941 12833 164.5 0
379 7939 12833 159.9 0
380 7939 12835 166.5 0
381 7941 12834 164.8 0
381 7941 12835 164.8 0
382 7940 12833 167.1 1
383 7939 12834 163.0 0
384 7940 12835 160.9 0
384 7940 12834 164.9 0
385 7939 12834 163.4 0
386 7941 12833 167.0 0
387 7940 12833 162.0 0
387 7939 12834 164.3 0
388 7940 12835 165.6 0
389 7939 12835 160.2 0
389 7941 12834 169.4 0
390 7939 12835 161.0 0
391 7940 12833 164.3 0
392 7937 12840 167.9 0
392 7932 12847 170.0 0
393 7929 12856 169.9 0
394 7925 12864 174.1 0
395 7924 12871 173.8 0
395 7924 12877 171.2 0
396 7922 12885 179.2 0
397 7919 12892 176.2 0
397 7916 12901 180.1 0
398 7915 12908 181.4 0
399 7915 12913 184.9 0
400 7912 12922 186.9 0
400 7909 12928 185.8 0
401 7907 12935 185.5 0
402 7902 12941 190.5 0
402 7901 12950 190.5 0
403 7899 12957 194.7 0
404 7895 12964 196.9 0
405 7891 12971 195.4 0
405 7886 12978 201.0 0
406 7886 12984 198.8 0
407 7886 12992 199.6 0
408 7885 12998 203.9 0
408 7886 13005 207.4 0
409 7885 13013 202.7 0
410 7885 13020 206.8 0
410 7885 13028 212.1 0
411 7886 13034 211.3 0
412 7886 13041 212.1 0
413 7884 13048 213.3 0
413 7882 13056 216.2 0
414 7881 13063 214.0 0
415 7881 13069 213.5 0
415 7882 13076 219.7 0
416 7879 13085 220.1 0
417 7880 13091 220.7 0
418 7879 13098 226.6 0
418 7880 13105 222.7 0
419 7879 13112 224.1 0
420 7880 13120 228.7 0
420 7878 13126 226.5 0
421 7880 13133 229.8 0
422 7880 13139 230.3 0
423 7878 13146 233.5 0
423 7878 13153 231.7 0
424 7879 13161 230.2 0
425 7879 13168 235.2 0
425 7879 13176 240.4 0
426 7880 13183 241.5 0
427 7878 13191 238.1 0
428 7878 13197 242.3 0
428 7878 13204 243.2 0
429 7879 13210 244.9 0
430 7879 13218 242.4 0
430 7878 13225 244.3 0
431 7879 13231 245.5 0
432 7878 13239 247.0 0
433 7879 13245 251.4 0
433 7879 13252 250.8 0
434 7880 13260 251.4 0
435 7878 13266 255.6 0
435 7878 13275 256.1 0
436 7878 13280 256.4 0
437 7879 13289 257.9 0
438 7878 13295 260.4 0
438 7879 13303 258.2 0
439 7879 13308 257.9 0
440 7878 13318 260.7 0
440 7879 13324 266.0 0
441 7879 13332 263.3 0
442 7880 13338 264.6 0
443 7880 13345 267.7 0
443 7878 13352 268.5 0
444 7879 13358 271.1 0
445 7879 13367 270.9 0
445 7879 13373 271.8 0
446 7880 13381 274.8 0
447 7879 13386 274.8 0
448 7880 13394 275.3 0
448 7878 13400 274.5 0
449 7879 13409 280.1 0
450 7878 13415 278.5 0
451 7880 13422 280.5 0
451 7880 13430 282.5 0
452 7879 13436 284.7 0
453 7880 13443 285.3 0
453 7878 13450 288.0 0
454 7879 13453 285.8 0
455 7880 13460 286.4 0
456 7878 13464 291.4 0
456 7880 13469 290.6 0
457 7878 13472 290.4 0
458 7879 13475 289.9 0
458 7880 13478 294.5 0
459 7875 13476 291.0 0
460 7873 13470 290.5 0
461 7892 13453 281.5 0
461 7913 13435 280.9 0
462 7915 13437 278.0 0
463 7915 13444 276.6 0
463 7916 13450 286.0 0
464 7914 13458 284.6 0
465 7914 13466 284.0 0
466 7915 13474 282.6 0
466 7915 13480 286.7 0
467 7915 13488 287.1 0
468 7915 13493 288.2 0
468 7916 13495 286.5 0
469 7915 13501 287.3 0
470 7914 13503 288.9 0
471 7914 13508 288.4 0
471 7915 13512 291.8 0
472 7916 13514 291.8 0
473 7914 13519 290.0 0
473 7916 13523 291.9 0
474 7914 13525 292.5 0
475 7913 13521 293.3 0
476 7910 13517 293.5 0
476 7930 13498 286.0 0
477 7947 13482 276.7 0
478 7952 13485 282.6 0
478 7952 13492 283.7 0
479 7954 13498 279.4 0
480 7954 13506 281.3 0
481 7954 13513 283.2 0
481 7953 13520 282.7 0
482 7952 13527 287.2 0
483 7953 13530 290.7 0
484 7953 13533 291.1 0
484 7954 13537 289.7 0
485 7952 13544 290.1 0
486 7952 13548 288.7 0
486 7952 13550 291.4 0
487 7954 13554 291.2 0
488 7952 13557 291.2 0
489 7952 13560 293.9 0
489 7954 13563 294.1 0
490 7953 13567 293.6 0
491 7947 13565 292.5 0
491 7951 13555 291.8 0
492 7970 13538 286.0 0
493 7987 13523 281.3 0
493 7987 13529 274.3 0
494 7991 13535 281.4 0
495 7990 13543 281.8 1
496 7989 13551 287.1 0
496 7991 13558 284.5 0
497 7990 13564 285.0 0
498 7989 13569 286.8 0
499 7989 13572 293.0 0
499 7989 13577 289.8 0
500 7990 13580 292.0 0
501 7990 13586 291.1 0
501 7991 13589 290.3 0
502 7990 13593 295.1 0
503 7989 13597 291.2 0
504 7989 13598 295.1 0
504 7984 13595 293.0 0
505 7991 13587 291.1 0
506 8010 13567 281.6 0
506 8025 13554 278.9 0
507 8024 13559 277.6 0
508 8025 13566 280.2 0
509 8024 13575 281.4 0
509 8026 13580 283.6 0
510 8026 13588 282.2 0
511 8026 13597 290.5 0
511 8024 13603 287.6 0
512 8024 13606 287.2 0
513 8024 13611 287.6 0
514 8024 13615 291.5 0
514 8026 13619 287.4 0
515 8025 13619 289.6 0
516 8019 13617 290.5 0
516 8027 13606 284.7 0
517 8046 13588 284.9 0
518 8060 13574 276.4 0
519 8060 13582 276.9 0
519 8061 13590 275.1 0
520 8061 13595 278.9 0
521 8060 13604 279.4 0
521 8062 13611 283.4 0
522 8060 13617 281.5 0
523 8062 13625 286.6 0
524 8060 13629 284.3 0
524 8060 13637 286.4 0
525 8061 13640 289.7 0
526 8060 13646 281.9 0
526 8060 13647 287.1 0
527 8061 13653 289.5 0
528 8062 13654 291.4 0
529 8059 13655 290.1 0
529 8056 13651 292.5 0
530 8067 13636 284.2 0
531 8088 13618 277.5 0
531 8096 13614 278.2 0
532 8095 13620 274.3 0
533 8097 13627 281.5 0
534 8097 13634 278.6 0
534 8097 13640 283.2 0
535 8096 13647 281.7 0
536 8097 13656 283.7 0
537 8095 13659 284.4 0
537 8096 13662 285.7 0
538 8092 13663 289.0 0
539 8089 13658 288.1 0
539 8103 13643 276.6 0
540 8123 13625 275.8 0
541 8130 13622 273.0 0
542 8132 13627 274.1 0
542 8132 13635 275.7 0
543 8132 13642 277.4 0
544 8130 13650 275.4 0
544 8131 13658 279.0 0
545 8132 13665 283.8 0
546 8131 13671 279.4 0
547 8130 13677 279.6 0
547 8130 13684 282.8 0
548 8130 13691 282.8 0
549 8130 13696 285.1 0
550 8132 13699 286.0 0
550 8134 13702 287.4 0
551 8135 13710 285.7 1
552 8135 13711 287.1 0
552 8134 13717 287.7 0
553 8134 13720 291.9 0
554 8131 13715 289.8 0
555 8131 13709 286.7 0
555 8152 13692 279.7 0
556 8168 13674 274.5 0
557 8168 13680 275.9 0
558 8168 13685 278.3 0
558 8168 13692 278.7 0
559 8170 13699 278.7 0
560 8168 13706 282.7 0
560 8170 13715 283.0 0
561 8168 13723 282.5 0
562 8168 13729 284.1 0
563 8170 13732 284.8 0
563 8170 13735 284.7 0
564 8171 13738 281.3 0
565 8173 13742 282.7 0
565 8177 13745 285.3 0
566 8182 13750 285.8 0
567 8185 13753 284.4 0
568 8187 13757 288.4 0
568 8192 13759 284.9 0
569 8195 13764 283.6 0
570 8200 13768 286.8 0
570 8202 13769 286.2 0
571 8206 13775 289.4 0
572 8209 13777 284.8 0
573 8213 13782 288.3 0
573 8215 13783 283.9 0
574 8219 13790 285.7 0
575 8222 13792 285.4 0
575 8222 13798 286.2 0
576 8221 13802 287.3 0
577 8222 13805 289.5 0
578 8221 13808 289.2 0
578 8221 13813 292.9 0
579 8223 13817 289.6 0
580 8221 13815 294.7 0
581 8217 13811 291.2 0
581 8229 13798 287.4 0
582 8246 13780 277.6 0
583 8259 13771 277.3 0
583 8259 13780 279.9 0
584 8259 13785 276.1 0
585 8258 13792 281.4 0
586 8259 13800 279.7 0
586 8258 13808 283.5 0
587 8258 13812 284.9 0
588 8258 13811 280.9 0
588 8259 13811 282.7 0
589 8258 13813 281.3 0
590 8260 13811 284.4 0
591 8259 13816 279.4 0
591 8260 13819 285.4 0
592 8258 13822 285.8 0
593 8256 13818 285.9 0
593 8261 13808 280.9 0
594 8278 13790 275.2 0
595 8295 13777 269.9 0
596 8297 13782 269.6 0
596 8302 13789 270.8 0
597 8305 13795 269.0 0
598 8308 13805 270.7 0
598 8311 13810 274.5 0
599 8309 13819 275.1 0
600 8311 13825 276.1 0
601 8310 13831 276.7 0
601 8310 13838 276.7 0
602 8310 13847 277.9 0
603 8309 13854 281.6 0
603 8311 13859 280.4 0
604 8314 13864 283.3 0
605 8314 13869 287.0 0
606 8313 13876 287.4 0
606 8316 13882 287.2 0
607 8314 13886 285.5 0
608 8315 13891 290.1 0
608 8320 13896 285.8 0
609 8322 13899 288.9 0
610 8324 13902 290.9 0
611 8328 13906 291.4 0
611 8331 13910 288.2 0
612 8336 13914 288.3 0
613 8339 13918 286.1 0
614 -1 13919 286.4 0
614 8346 13925 288.7 0
615 8349 13928 292.4 0
616 8351 13930 289.7 0
616 8356 13935 289.8 0
617 8356 13937 288.8 0
618 8358 13943 287.0 0
619 8363 13943 291.5 0
619 8363 13946 285.9 0
620 8367 13946 287.7 0
621 8368 13950 291.1 0
622 8372 13952 289.7 0
622 8372 13955 290.0 0
623 8374 13957 292.1 0
624 8376 13960 287.8 0
624 8380 13961 287.2 0
625 8379 13963 285.7 0
626 8382 13966 287.1 0
627 8381 13969 289.0 0
627 8377 13963 286.4 0
628 8382 13954 285.6 0
629 8399 13937 278.5 0
629 8417 13921 273.9 0
630 8417 13929 276.4 0
631 8418 13937 273.6 0
632 8418 13944 278.8 0
632 8417 13951 280.2 0
633 8420 13956 278.2 0
634 8420 13961 278.1 0
634 8421 13965 283.9 0
635 8425 13970 281.8 0
636 8430 13971 287.1 0
637 8434 13974 281.0 0
637 8433 13981 279.7 0
638 8440 13981 282.5 0
639 8444 13984 279.2 0
639 8450 13987 281.5 0
640 8452 13991 282.4 0
641 8456 13993 282.3 0
642 8454 14002 282.7 0
642 8463 14000 281.5 0
643 8467 14006 282.0 0
644 8468 14008 279.8 0
645 8474 14009 283.0 0
645 8477 14016 276.7 0
646 8480 14019 283.1 0
647 8484 14021 283.1 0
647 8491 14024 280.9 0
648 8496 14027 276.8 0
649 8500 14028 275.0 0
650 8509 14026 280.7 0
650 8515 14027 273.7 0
651 8523 14028 272.2 0
652 8531 14028 272.1 0
652 8540 14026 271.6 0
653 8546 14027 272.3 0
654 8552 14028 268.7 0
655 8558 14031 264.8 0
655 8564 14032 265.9 0
656 8573 14031 263.7 0
657 8580 14033 266.7 0
657 8585 14037 266.4 0
658 8592 14040 265.7 0
659 8598 14044 268.7 0
660 8602 14048 263.0 0
660 8608 14049 263.4 0
661 8612 14053 264.5 0
662 8619 14058 260.4 0
663 8626 14059 262.1 0
663 8633 14063 258.3 0
664 8643 14064 257.8 0
665 8648 14064 256.8 0
665 8657 14065 256.8 0
666 8664 14063 256.9 0
667 8672 14064 254.7 0
668 8681 14062 252.4 0
668 8685 14064 253.8 0
669 8689 14062 252.0 0
670 8692 14062 251.3 0
671 8696 14063 251.1 0
671 8701 14063 247.9 0
672 8704 14063 250.4 0
673 8708 14065 246.3 0
673 8709 14069 247.8 0
674 8712 14069 247.8 0
675 8714 14074 247.8 0
676 8716 14074 249.1 0
676 8720 14078 246.5 0
677 8721 14080 246.8 0
678 8723 14082 246.8 0
678 8723 14086 247.3 0
679 8726 14089 249.5 0
680 8729 14089 250.3 0
681 8734 14093 249.7 0
681 8733 14094 249.7 0
682 8738 14097 247.6 0
683 8740 14099 250.5 0
683 8742 14102 245.0 0
684 8741 14105 250.9 0
685 8747 14108 249.6 0
686 8747 14111 250.1 0
686 8752 14111 247.5 0
687 8752 14114 247.7 0
688 8757 14117 248.7 0
689 8757 14120 251.2 0
689 8758 14123 246.4 0
690 8758 14128 254.1 0
691 8763 14128 -1.0 0
691 8765 14130 249.2 0
692 8764 14133 247.6 0
693 8760 14133 247.5 0
694 8755 14132 252.9 0
694 8740 14143 255.0 0
695 8722 14161 262.5 0
696 8712 14172 266.8 0
696 8713 14179 268.7 0
697 8712 14188 270.1 0
698 8713 14193 271.3 0
699 8717 14201 274.1 0
699 8721 14205 270.9 0
700 8723 14208 270.6 0
701 8727 14214 270.6 0
701 8731 14220 272.7 0
702 8735 14224 270.0 0
703 8740 14228 267.6 0
704 8745 14232 268.3 0
704 8748 14235 269.9 0
705 8755 14238 266.2 0
706 8757 14246 273.4 0
706 8762 14249 274.0 0
707 8767 14254 269.6 0
708 8770 14259 272.7 0
709 8777 14261 269.9 0
709 8782 14266 269.4 0
710 8782 14273 270.9 0
711 8788 14275 273.3 0
712 8793 14282 271.3 0
712 8799 14286 271.6 0
713 8800 14290 270.4 0
714 8805 14296 272.8 0
714 8810 14298 270.9 0
715 8813 14301 274.2 0
716 8815 14305 273.6 0
717 8819 14311 271.1 0
717 8819 14317 270.8 0
718 8822 14322 269.6 0
719 8823 14327 273.7 0
719 8821 14335 277.0 0
720 8821 14342 280.3 0
721 8823 14351 277.8 0
722 8823 14358 281.7 0
722 8822 14365 284.3 0
723 8825 14368 284.7 0
724 8825 14374 282.4 0
724 8826 14380 284.5 0
725 8827 14387 285.6 0
726 8825 14396 286.6 0
727 8825 14401 285.2 0
727 8825 14410 285.2 0
728 8827 14416 293.4 0
729 8826 14418 286.6 0
729 8825 14418 290.2 0
730 8825 14418 291.2 0
731 8827 14420 290.2 0
732 8825 14418 291.6 0
732 8825 14420 288.3 0
733 8827 14419 291.4 0
734 8826 14420 289.9 0
735 8827 14419 285.7 0
735 8827 14419 292.8 0
736 8827 14420 288.2 0
737 8825 14420 288.7 0
737 8826 14420 290.8 0
738 8826 14419 292.3 0
739 8826 14420 289.4 0
740 8827 14418 289.8 0
740 8825 14419 290.0 0
741 8827 14420 291.7 0
742 8825 14419 291.7 0
742 8825 14419 291.3 0
743 8826 14418 288.2 0
744 8827 14420 291.9 0
745 8825 14419 288.6 0
745 8825 14418 290.0 0
746 8827 14420 289.0 0
747 8826 14420 289.8 0
747 8825 14418 293.4 0
748 8826 14418 290.0 0
749 8827 14420 288.5 0
750 8827 14420 291.5 0
750 8825 14418 291.9 0
751 8826 14418 290.8 0
752 8825 14420 290.7 0
753 8827 14419 292.7 0
753 8826 14420 294.8 0
754 8827 14419 288.0 0
755 8827 14419 292.6 0
755 8825 14420 289.9 0
756 8825 14420 289.8 0
757 8826 14419 289.5 0
758 8825 14418 287.8 0
758 8827 14419 288.1 0
759 8826 14419 289.1 0
760 8827 14419 291.1 0
760 8825 14419 292.1 0
761 8826 14418 287.6 0
762 8826 14419 290.2 0
763 8827 14419 291.8 0
763 8827 14420 287.8 0
764 8826 14419 288.6 0
765 8825 14419 285.6 0
765 8827 14419 290.4 0
766 8826 14420 288.1 0
767 8825 14419 290.8 0
768 8827 14420 287.8 0
768 8825 14420 290.1 0
769 8825 14418 293.1 0
770 8825 14419 289.8 0
770 8825 14420 287.5 0
771 8827 14418 291.0 0
772 8827 14419 291.1 0
773 8825 14420 292.6 0
773 8825 14419 292.4 0
774 8826 14419 290.9 0
775 8825 14419 287.6 0
775 8827 14419 290.1 0
776 8826 14419 291.5 0
777 8826 14418 291.8 0
778 8826 14420 288.9 0
778 8826 14420 292.2 0
779 8826 14419 286.4 0
780 8827 14418 287.6 0
780 8825 14418 289.4 0
781 8826 14419 289.0 0
782 8826 14419 291.3 0
783 8827 14418 286.0 0
783 8826 14418 289.6 0
784 8825 14418 290.5 0
785 8826 14419 291.0 0
785 8827 14420 291.8 0
786 8825 14418 289.1 0
787 8825 14418 290.8 0
788 8825 14418 290.3 0
788 8825 14420 288.7 0
789 8825 14419 290.1 0
790 8827 14420 293.0 0
790 8826 14418 292.9 0
791 8825 14420 292.8 0
792 8825 14419 287.3 0
793 8826 14420 289.4 0
793 8826 14418 288.0 0
794 8825 14420 291.7 0
795 8825 14420 292.0 0
795 8825 14418 289.7 0
796 8827 14420 293.4 0
797 8826 14419 291.2 0
798 8826 14419 292.3 0
798 8825 14418 292.5 0
799 8825 14419 290.7 0
800 8827 14420 289.6 0
800 8826 14420 292.9 0
801 8827 14418 291.3 0
802 8827 14418 289.9 0
803 8826 14419 292.1 0
803 8825 14420 287.9 0
804 8826 14418 290.9 0
805 8826 14420 290.1 0
805 8826 14418 290.2 0
806 8825 14420 289.1 0
807 8826 14418 289.3 0
808 8826 14419 288.7 0
808 8827 14419 286.8 0
809 8826 14420 290.3 0
810 8825 14420 287.7 0
810 8827 14420 291.0 0
811 8826 14420 290.3 0
812 8825 14420 291.5 0
813 8825 14419 291.1 0
813 8826 14418 291.6 0
814 8826 14418 290.6 0
815 8825 14419 290.5 0
815 8826 14420 288.8 0
816 8827 14420 288.7 0
817 8826 14419 293.5 0
818 8827 14418 291.3 0
818 8827 14418 288.6 0
819 8825 14420 289.7 0
820 8827 14419 294.2 0
820 8825 14420 288.4 0
821 8826 14419 286.7 0
822 8827 14419 289.8 0
823 8826 14418 292.6 0
823 8826 14420 291.4 0
824 8825 14419 294.4 0
825 8827 14418 291.4 0
825 8827 14418 290.7 0
826 8827 14419 290.5 0
827 8827 14420 290.1 0
828 8825 14419 286.4 0
828 8826 14418 289.0 0
829 8827 14418 -1.0 0
830 8826 14419 295.9 0
831 8825 14419 289.2 0
831 8826 14420 290.2 0
832 8826 14420 289.9 0
833 8827 14418 290.0 0
833 8826 14420 293.6 0
834 8825 14418 293.5 0
835 8825 14418 287.7 0
836 8826 14418 293.2 0
836 8825 14419 292.1 0
837 8826 14420 288.0 0
838 8826 14418 290.9 0
838 8826 14418 292.3 0
839 8825 14419 290.8 0
840 8826 14419 289.5 0
841 8825 14418 287.8 0
841 8827 14420 289.4 0
842 8826 14418 292.4 0
843 8825 14420 289.0 0
843 8827 14419 288.9 0
844 8826 14418 289.9 0
845 8825 14420 287.8 0
846 8825 14420 290.1 0
846 8825 14420 289.7 0
847 8827 14420 290.0 0
848 8827 14418 291.2 0
848 8825 14419 284.9 0
849 8827 14418 289.5 0
850 8826 14418 288.0 0
851 8827 14420 292.8 0
851 8826 14418 289.4 0
852 8827 14420 289.5 0
853 8827 14420 288.6 0
853 8827 14419 292.4 0
854 8826 14418 291.8 0
855 8825 14420 294.4 0
856 8826 14418 291.8 0
856 8825 14419 291.5 0
857 8826 14420 292.0 0
858 8827 14419 290.3 0
858 8827 14419 290.8 0
859 8825 14418 290.5 0
860 8826 14418 294.1 0
861 8826 14418 294.0 0
861 8826 14420 291.6 0
862 8827 14419 286.6 0
863 8827 14420 288.0 0
863 8825 14420 287.2 0
864 8826 14418 291.1 0
865 8826 14418 290.5 0
866 8827 14420 292.7 0
866 8826 14418 287.4 0
867 8827 14419 289.3 0
868 8826 14418 289.5 0
868 8827 14419 289.5 0
869 8825 14419 290.9 0
870 8825 14420 289.9 0
871 8827 14419 290.1 0
871 8827 14418 288.9 0
872 8826 14419 295.0 0
873 8827 14418 290.4 0
873 8827 14419 289.6 0
874 8825 14418 288.5 0
875 8826 14420 289.6 0
876 8825 14418 291.3 0
876 8825 14419 291.1 0
877 8827 14419 290.3 0
878 8826 14418 289.9 0
878 8827 14418 293.3 0
879 8825 14418 290.2 0
880 8825 14419 290.6 0
881 8827 14420 290.7 0
881 8827 14418 293.2 0
882 8826 14420 292.4 0
883 8825 14419 287.9 0
883 8826 14420 288.6 0
884 8827 14418 288.0 0
885 8825 14420 288.8 0
886 8827 14418 290.1 0
886 8825 14420 289.5 0
887 8826 14418 286.6 0
888 8826 14420 288.9 0
888 8826 14418 290.4 0
889 8826 14418 286.4 0
890 8825 14418 288.5 0
891 8826 14420 294.3 0
891 8825 14419 290.1 0
892 8826 14419 288.3 0
893 8827 14418 291.0 0
893 8827 14418 290.3 0
894 8827 14419 290.9 0
895 8825 14419 293.9 0
896 8825 14420 289.8 0
896 8827 14418 289.1 0
897 8826 14418 289.4 0
898 8825 14419 296.8 0
898 8826 14418 290.2 0
899 8826 14420 294.0 0
900 8827 14420 291.0 0
901 8826 14419 288.1 0
901 8827 14418 291.2 0
902 8826 14420 291.5 0
903 8826 14420 289.2 0
903 8826 14420 290.7 0
904 8826 14418 287.6 0
905 8827 14418 288.2 0
906 8825 14418 288.8 0
906 8827 14419 288.6 0
907 8826 14418 290.9 0
908 8827 14418 286.5 0
908 8827 14420 293.2 0
909 8825 14419 288.1 0
910 8826 14418 290.2 0
911 8826 14420 290.4 0
911 8827 14418 289.9 0
912 8825 14419 290.3 0
913 8826 14420 287.9 0
913 8827 14420 293.8 0
914 8826 14418 288.3 0
915 8825 14419 291.1 0
916 8827 14420 288.6 0
916 8825 14420 290.4 0
917 8826 14418 290.7 0
918 8826 14419 289.8 0
918 8825 14420 290.6 0
919 8825 14420 290.9 0
920 8826 14418 292.6 0
921 8827 14419 292.0 0
921 8825 14420 289.5 0
922 8825 14420 291.1 0
923 8827 14418 290.6 0
924 8827 14420 289.1 0
924 8825 14418 290.8 0
925 8827 14418 289.9 0
926 8826 14419 288.9 0
926 8825 14418 290.8 0
927 8827 14420 290.7 0
928 8826 14419 292.1 0
929 8826 14420 291.4 0
929 8827 14420 293.1 0
930 8826 14419 289.5 0
931 8826 14418 291.3 0
931 8825 14419 294.3 0
932 8825 14418 289.0 0
933 8826 14420 290.0 0
934 8825 14418 293.4 0
934 8826 14418 290.2 0
935 8826 14420 289.9 0
936 8825 14420 289.6 0
936 8827 14418 287.2 0
937 8826 14418 287.4 0
938 8827 14418 290.8 0
939 8825 14418 292.7 0
939 8826 14418 291.2 0
940 8827 14418 288.6 0
941 8825 14419 290.5 0
941 8826 14419 291.5 0
942 8827 14418 292.3 0
943 8825 14419 289.8 0
944 8827 14418 291.1 0
944 8825 14419 287.0 0
945 8825 14419 291.5 0
946 8825 14419 291.6 0
946 8827 14419 292.6 0
947 8825 14419 294.9 0
948 8826 14419 287.6 0
949 8827 14418 289.4 0
949 8825 14419 291.9 0
950 8826 14418 289.4 0
951 8827 14419 291.0 0
951 8825 14420 291.9 0
952 8826 14418 291.8 0
953 8825 14419 292.7 0
954 8825 14418 289.3 0
954 8827 14420 291.2 0
955 8824 14423 290.1 0
956 8822 14430 294.3 0
956 8820 14435 294.6 0
957 8818 14442 295.3 0
958 8814 14449 297.4 0
959 8811 14456 299.7 0
959 8805 14464 299.7 0
960 8802 14471 302.3 0
961 8802 14475 303.4 0
961 8803 14479 305.7 0
962 8803 14482 308.0 0
963 8807 14482 309.3 0
964 8810 14483 303.4 0
964 8810 14484 308.4 0
965 8812 14487 306.5 0
966 8810 14483 306.9 0
966 8807 14480 306.3 0
967 8826 14462 297.1 0
968 8843 14443 291.5 0
969 8854 14438 290.0 0
969 8858 14438 287.0 0
970 8860 14443 289.6 0
971 8855 14438 288.0 0
972 8853 14435 285.0 0
972 8871 14417 283.7 0
973 8890 14399 274.8 0
974 8900 14396 273.8 0
974 8907 14394 268.5 0
975 8912 14398 269.7 0
976 8921 14396 270.4 0
977 8929 14396 269.5 0
977 8936 14398 262.9 0
978 8943 14398 267.8 0
979 8946 14401 266.2 0
979 8949 14404 265.1 0
980 8953 14409 266.3 0
981 8961 14410 262.4 0
982 8963 14413 265.2 0
982 8964 14421 266.3 0
983 8971 14422 266.2 0
984 8971 14428 265.1 0
984 8978 14428 266.4 0
985 8978 14433 266.1 0
986 8983 14437 263.6 0
987 8986 14442 261.8 0
987 8988 14448 266.4 0
988 8990 14451 269.2 0
989 8993 14455 268.0 0
990 8997 14461 266.1 0
990 9000 14467 271.4 0
991 9000 14472 266.4 0
992 9006 14473 268.7 0
992 9010 14478 266.4 0
993 9009 14484 274.6 0
994 9013 14488 265.1 0
995 9018 14491 272.4 0
995 9024 14494 267.5 0
996 9028 14495 264.4 0
997 9034 14497 266.2 0
998 9036 14503 263.2 0
998 9039 14508 264.7 0
999 9042 14511 267.7 0
1000 9048 14512 268.2 0
1000 9050 14518 265.2 0
1001 9055 14520 266.6 0
1002 9059 14523 267.9 0
1003 9067 14526 267.1 0
1003 9069 14529 265.8 0
1004 9071 14533 265.8 0
1005 9078 14535 268.8 0
1006 9079 14541 266.8 0
1006 9086 14542 264.7 0
1007 9089 14546 265.2 0
1008 9094 14549 268.1 0
1008 9099 14549 264.5 0
1009 9098 14557 265.0 0
1010 9101 14562 269.5 0
1011 9104 14565 271.1 0
1011 9113 14565 267.8 0
1012 9114 14571 265.7 0
1013 9120 14571 262.1 0
1013 9124 14575 265.5 0
1014 9125 14583 267.2 0
1015 9130 14587 265.5 0
1016 9136 14586 265.7 0
1016 9136 14594 264.0 0
1017 9139 14600 267.8 0
1018 9145 14599 265.6 0
1018 9149 14604 264.5 0
1019 9151 14609 264.5 0
1020 9156 14610 264.7 0
1021 9160 14614 264.9 0
1021 9164 14617 266.2 0
1022 9164 14623 265.7 0
1023 9170 14627 264.8 0
1024 9172 14632 260.9 0
1024 9177 14634 264.5 0
1025 9178 14639 270.5 0
1026 9181 14643 269.5 0
1026 9181 14652 264.8 0
1027 9182 14659 264.8 0
1028 9182 14666 271.9 0
1029 9182 14672 272.6 0
1029 9181 14678 272.8 0
1030 9181 14687 274.1 0
1031 9181 14692 272.5 0
1031 9182 14701 279.5 0
1032 9182 14707 278.0 0
1033 9184 14712 275.2 0
1034 9185 14716 278.1 0
1034 9186 14723 279.6 0
1035 9185 14730 282.9 0
1036 9185 14739 283.7 0
1036 9184 14745 281.9 0
1037 9185 14752 286.3 0
1038 9186 14759 285.4 0
1039 9185 14767 289.7 0
1039 9184 14773 285.8 0
1040 9183 14781 290.5 0
1041 9184 14786 294.3 0
1041 9178 14793 297.2 0
1042 9177 14800 295.9 0
1043 9177 14808 295.1 0
1044 9173 14814 300.4 0
1044 9173 14818 300.1 0
1045 9176 14818 297.5 0
1046 9180 14819 297.4 0
1047 9181 14824 299.2 0
1047 9187 14819 294.6 0
1048 9192 14821 298.9 0
1049 9191 14826 297.8 0
1049 9188 14824 295.7 0
1050 9187 14821 299.8 0
1051 9198 14807 291.4 0
1051 9217 14790 287.0 0
1052 9226 14783 285.6 0
1053 9227 14788 283.7 0
1054 9227 14795 285.6 0
1054 9223 14803 289.4 0
1055 9222 14808 288.6 0
1056 9218 14815 291.3 0
1057 9214 14821 293.5 0
1057 9211 14829 295.5 0
1058 9208 14836 293.7 0
1059 9205 14842 299.6 0
1059 9214 14839 295.7 0
1060 9210 14847 300.4 0
1061 9219 14844 295.7 0
1062 9220 14846 297.8 0
1062 9222 14849 297.7 0
1063 9217 14849 299.7 0
1064 9214 14846 296.7 0
1064 9224 14834 296.2 0
1065 9244 14815 284.6 0
1066 9253 14806 286.6 0
1067 9251 14814 284.5 0
1067 9246 14820 286.2 0
1068 9242 14828 287.5 0
1069 9240 14834 290.8 0
1069 9239 14840 293.8 0
1070 9234 14848 293.9 0
1071 9233 14852 296.2 0
1072 9231 14854 294.9 0
1072 9234 14856 295.5 0
1073 9236 14860 296.0 0
1074 9242 14856 293.7 0
1074 9236 14859 293.9 0
1075 9234 14856 293.8 0
1076 9245 14840 291.7 0
1077 9264 14823 284.5 0
1077 9277 14814 277.0 0
1078 9284 14814 278.9 0
1079 9292 14814 276.9 0
1079 9298 14814 275.0 0
1080 9306 14814 274.0 0
1081 9314 14814 272.8 0
1082 9323 14815 270.0 0
1082 9331 14814 267.4 0
1083 9338 14815 274.2 0
1084 9345 14814 271.1 0
1084 9351 14814 266.9 0
1085 9361 14814 265.7 0
1086 9367 14813 262.1 0
1087 9376 14815 260.4 0
1087 9381 14814 258.8 0
1088 9391 14815 259.5 0
1089 9398 14814 256.3 0
1090 9403 14815 258.3 0
1090 9412 14815 254.3 0
1091 9420 14814 252.9 0
1092 9427 14814 251.7 0
1092 9435 14815 252.1 0
1093 9442 14815 248.5 0
1094 9451 14815 249.4 0
1095 9456 14811 245.5 0
1095 9464 14811 241.6 0
1096 9473 14811 242.5 0
1097 9481 14810 242.3 0
1097 9487 14810 242.9 0
1098 9494 14811 237.0 0
1099 9502 14811 238.9 0
1100 9509 14810 233.7 0
1100 9518 14808 238.4 0
1101 9521 14806 235.0 0
1102 9528 14806 234.6 0
1102 9534 14806 230.9 0
1103 9542 14807 230.3 0
1104 9551 14805 228.3 0
1105 9559 14800 225.7 0
1105 9565 14796 227.1 0
1106 9572 14793 225.6 0
1107 9580 14793 221.6 0
1108 9588 14792 220.8 0
1108 9596 14791 217.7 0
1109 9602 14787 215.9 0
1110 9612 14783 215.6 0
1110 9617 14778 211.9 0
1111 9626 14777 206.4 0
1112 9634 14772 210.0 0
1113 9640 14770 204.6 0
1113 9649 14766 201.7 0
1114 9655 14764 202.8 0
1115 9662 14760 196.8 0
1115 9670 14757 197.4 0
1116 9678 14754 193.2 0
1117 9686 14754 198.4 0
1118 9693 14750 191.8 0
1118 9699 14747 189.2 0
1119 9707 14745 188.2 0
1120 9716 14742 183.0 0
1120 9716 14744 188.5 0
1121 9720 14743 186.3 0
1122 9722 14747 188.6 0
1123 9723 14747 183.8 0
1123 9723 14750 188.2 0
1124 9719 14747 187.6 0
1125 9710 14749 190.5 0
1125 9691 14768 196.8 0
1126 9673 14783 200.6 0
1127 9680 14780 203.4 0
1128 9688 14777 199.7 0
1128 9696 14774 196.4 0
1129 9705 14769 195.1 0
1130 9712 14766 192.0 0
1130 9718 14763 192.9 0
1131 9727 14760 192.3 0
1132 9730 14759 185.2 0
1133 9733 14761 186.4 0
1133 9730 14767 189.9 0
1134 9734 14766 185.0 0
1135 9734 14769 190.5 0
1135 9734 14774 190.5 0
1136 9743 14769 184.5 0
1137 9739 14770 190.5 0
1138 9736 14765 190.9 0
1138 9720 14777 194.0 0
1139 9701 14796 202.1 0
1140 9695 14804 198.9 0
1140 9703 14800 199.4 0
1141 9709 14795 194.6 0
1142 9716 14791 196.7 0
1143 9724 14788 195.4 0
1143 9733 14786 194.4 0
1144 9741 14781 188.2 0
1145 9746 14780 188.7 0
1146 9749 14781 189.0 0
1146 9750 14782 190.1 0
1147 9751 14788 190.1 0
1148 9754 14787 191.8 0
1148 9751 14786 190.6 0
1149 9747 14782 187.6 0
1150 9729 14800 197.0 0
1151 9709 14817 201.7 0
1151 9707 14819 203.6 0
1152 9715 14817 205.7 0
1153 9723 14813 199.9 0
1153 9730 14809 195.8 0
1154 9737 14805 196.0 0
1155 9746 14802 194.9 0
1156 9752 14799 190.9 0
1156 9759 14796 189.8 0
1157 9762 14798 191.3 0
1158 9766 14796 185.1 0
1158 9764 14800 188.1 0
1159 9767 14803 191.8 0
1160 9767 14805 189.0 0
1161 9771 14807 186.2 0
1161 9774 14807 191.9 0
1162 9770 14805 190.8 0
1163 9764 14803 186.7 0
1163 9749 14819 198.0 0
1164 9728 14837 201.4 0
1165 9727 14841 205.1 0
1166 9733 14838 201.5 0
1166 9740 14832 201.2 0
1167 9749 14830 198.1 0
1168 9757 14826 196.5 0
1169 9765 14824 190.1 0
1169 9770 14819 196.9 0
1170 9780 14817 190.1 0
1171 9784 14813 192.0 0
1171 9786 14818 187.6 0
1172 9788 14818 185.2 0
1173 9792 14819 189.2 0
1174 9789 14824 192.7 0
1174 9794 14823 188.1 0
1175 9795 14826 188.1 0
1176 9792 14820 192.8 0
1176 9786 14821 188.9 0
1177 9767 14837 192.9 0
1178 9749 14856 203.4 0
1179 9752 14855 200.8 0
1179 9761 14853 200.2 0
1180 9767 14850 197.3 0
1181 9770 14851 198.9 0
1182 9772 14851 200.9 0
1182 9767 14857 200.9 0
1183 9765 14854 200.4 0
1184 9758 14855 201.6 0
1184 9737 14872 205.4 0
1185 9720 14891 213.2 0
1186 9715 14895 216.7 0
1187 9713 14903 213.4 0
1187 9708 14910 217.7 0
1188 9705 14918 225.3 0
1189 9701 14924 225.4 0
1189 9696 14932 226.7 0
1190 9695 14940 225.9 0
1191 9691 14945 229.8 0
1192 9685 14952 232.4 0
1192 9682 14961 231.5 0
1193 9680 14966 239.0 0
1194 9678 14973 235.7 0
1194 9677 14982 239.4 0
1195 9675 14989 234.4 0
1196 9673 14996 238.6 0
1197 9669 15003 238.9 0
1197 9668 15008 242.3 0
1198 9668 15015 244.8 0
1199 9664 15023 252.4 0
1199 9661 15032 251.2 0
1200 9660 15037 250.7 0
1201 9659 15045 253.7 0
1202 9660 15053 253.0 0
1202 9659 15058 254.3 0
1203 9660 15067 255.0 0
1204 9660 15072 256.4 0
1204 9658 15081 261.3 0
1205 9659 15086 262.9 0
1206 9658 15095 255.9 0
1207 9660 15102 261.3 0
1207 9658 15109 264.3 0
1208 9659 15115 268.7 0
1209 9658 15123 265.8 0
1209 9659 15131 269.2 0
1210 9658 15136 269.6 0
1211 9660 15144 270.6 0
1212 9658 15151 269.7 0
1212 9658 15159 272.4 0
1213 9659 15164 274.6 0
1214 9658 15171 275.6 0
1215 9659 15178 276.7 0
1215 9658 15186 277.2 0
1216 9659 15193 279.2 0
1217 9660 15201 282.2 0
1217 9659 15209 282.2 0
1218 9658 15216 284.4 0
1219 9660 15221 286.8 0
1220 9658 15230 286.3 0
1220 9658 15237 285.8 0
1221 9660 15245 291.1 0
1222 9659 15251 290.3 0
1222 9660 15258 289.7 0
1223 9659 15266 290.7 0
1224 9658 15272 291.3 0
1225 9660 15278 296.2 0
1225 9660 15287 295.8 0
1226 9660 15294 291.5 0
1227 9660 15299 302.1 0
1227 9658 15307 302.0 0
1228 9658 15309 301.8 0
1229 9660 15314 298.3 0
1230 9660 15316 300.4 0
1230 9659 15322 303.0 0
1231 9660 15330 306.7 0
1232 9660 15337 309.0 0
1232 9660 15343 307.7 0
1233 9658 15351 312.0 0
1234 9658 15358 309.0 0
1235 9658 15367 311.6 0
1235 9658 15373 309.3 0
1236 9658 15381 313.1 0
1237 9658 15388 314.7 0
1238 9660 15395 314.1 0
1238 9659 15400 316.4 0
1239 9658 15406 319.1 0
1240 9659 15412 317.8 0
1240 9658 15418 321.2 0
1241 9660 15422 317.3 0
1242 9660 15425 322.5 0
1243 9658 15425 317.2 0
1243 9654 15422 322.5 0
1244 9662 15412 315.5 0
1245 9680 15393 312.2 0
1245 9694 15382 307.7 0
1246 9694 15388 309.7 0
1247 9694 15397 308.5 0
1248 9693 15402 309.9 0
1248 9694 15409 309.9 0
1249 9693 15418 316.2 0
1250 9693 15423 313.2 0
1250 9695 15430 318.8 0
1251 9693 15437 316.9 0
1252 9694 15444 318.1 0
1253 9694 15449 322.1 0
1253 9694 15452 322.3 0
1254 9691 15451 320.9 0
1255 9688 15448 323.1 0
1255 9699 15436 315.0 0
1256 9718 15418 307.7 0
1257 9730 15410 302.8 0
1258 9730 15416 309.4 0
1258 9728 15422 308.9 0
1259 9730 15429 310.0 0
1260 9729 15436 309.7 0
1260 9728 15443 310.9 0
1261 9728 15451 311.0 0
1262 9730 15459 312.9 0
1263 9729 15465 318.9 0
1263 9730 15474 319.7 0
1264 9730 15481 317.6 0
1265 9729 15487 319.5 0
1265 9728 15492 319.2 0
1266 9728 15495 323.8 0
1267 9730 15500 318.7 0
1268 9729 15507 326.6 0
1268 9730 15513 326.7 0
1269 9728 15514 323.5 0
1270 9730 15520 330.8 0
1270 9729 15521 325.2 0
1271 9728 15530 326.9 0
1272 9728 15536 325.9 0
1273 9728 15543 326.9 0
1273 9730 15550 331.5 0
1274 9728 15557 333.7 0
1275 9729 15565 334.6 0
1276 9730 15571 337.0 0
1276 9730 15579 335.5 0
1277 9729 15585 338.7 0
1278 9729 15592 335.9 0
1278 9730 15598 337.2 0
1279 9730 15607 338.4 0
1280 9730 15612 345.2 0
1281 9729 15621 345.2 0
1281 9726 15629 345.1 0
1282 9722 15635 347.3 0
1283 9723 15642 351.8 0
1283 9722 15649 350.9 0
1284 9721 15656 351.6 0
1285 9720 15663 356.7 0
1286 9720 15672 354.6 0
1286 9720 15679 357.7 0
1287 9720 15685 0.4 0
1288 9719 15693 356.7 0
1288 9717 15700 2.9 0
1289 9717 15705 5.0 0
1290 9718 15714 1.4 0
1291 9717 15721 5.4 0
1291 9717 15728 6.7 0
1292 9718 15733 7.8 0
1293 9717 15741 6.0 0
1293 9715 15749 11.5 0
1294 9712 15754 12.3 0
1295 9710 15763 18.7 0
1296 9707 15768 16.1 0
1296 9709 15777 13.6 0
1297 9708 15784 15.5 0
1298 9707 15791 17.2 0
1298 9706 15797 17.6 0
1299 9706 15805 24.4 0
1300 9702 15811 25.7 0
1301 9704 15818 29.4 0
1301 9702 15826 27.8 0
1302 9704 15832 30.1 0
1303 9704 15839 30.2 0
1304 9704 15847 28.6 0
1304 9703 15854 30.5 0
1305 9702 15862 32.1 0
1306 9702 15869 36.5 0
1306 9704 15876 36.7 0
1307 9703 15881 32.9 0
1308 9701 15889 37.1 0
1309 9702 15896 38.3 0
1309 9703 15904 40.7 0
1310 9702 15912 42.1 0
1311 9702 15917 45.3 0
1311 9703 15926 45.6 0
1312 9703 15931 45.7 0
1313 9703 15940 48.6 0
1314 9701 15947 52.0 0
1314 9702 15953 53.6 0
1315 9702 15959 49.1 0
1316 9702 15969 54.4 0
1316 9702 15976 53.9 0
1317 9703 15981 52.0 0
1318 9701 15989 57.9 0
1319 9703 15995 55.1 0
1319 9701 16004 60.2 0
1320 9702 16010 60.8 0
1321 9702 16017 66.1 0
1321 9702 16024 60.2 0
1322 9703 16029 64.7 0
1323 9701 16033 61.6 0
1324 9702 16038 67.2 0
1324 9701 16041 64.1 0
1325 9698 16040 61.7 0
1326 9696 16036 65.4 0
1327 9679 16050 72.4 0
1327 9658 16069 79.9 0
1328 9652 16078 76.4 0
1329 9652 16084 84.2 0
1329 9652 16091 83.6 0
1330 9651 16099 84.2 0
1331 9653 16106 85.2 0
1332 9651 16113 85.4 0
1332 9652 16119 88.0 0
1333 9651 16127 86.2 0
1334 9651 16134 89.6 0
1334 9653 16142 92.3 0
1335 9653 16149 92.9 0
1336 9653 16157 91.8 0
1337 9651 16163 95.4 0
1337 9652 16169 101.8 0
1338 9656 16177 98.2 0
1339 9659 16185 99.3 0
1339 9665 16191 101.1 0
1340 9667 16199 98.2 0
1341 9666 16207 101.7 0
1342 9666 16213 100.1 0
1342 9666 16220 104.0 0
1343 9666 16226 101.7 0
1344 9665 16230 107.4 0
1344 9667 16236 105.5 0
1345 9665 16238 107.2 0
1346 9667 16243 108.2 0
1347 9667 16245 107.9 0
1347 9664 16242 108.8 0
1348 9659 16240 106.8 0
1349 9677 16221 98.0 0
1349 9698 16203 93.6 0
1350 9700 16204 94.5 0
1351 9701 16212 95.3 0
1352 9701 16214 98.5 0
1352 9700 16214 94.5 0
1353 9700 16216 98.0 0
1354 9700 16216 101.1 0
1354 9702 16214 96.4 0
1355 9702 16215 98.0 0
1356 9702 16216 94.7 0
1357 9700 16216 99.9 0
1357 9702 16214 93.9 0
1358 9701 16216 95.8 0
1359 9700 16216 95.7 0
1359 9701 16215 97.9 0
1360 9704 16220 98.0 0
1361 9709 16223 98.3 0
1362 9714 16226 97.0 0
1362 9715 16226 94.9 0
1363 9714 16227 97.8 0
1364 9713 16227 96.2 0
1364 9718 16230 97.3 0
1365 9722 16234 92.4 0
1366 9726 16237 93.3 0
1367 9728 16239 97.0 0
1367 9726 16242 97.2 0
1368 9708 16258 106.7 0
1369 9688 16276 107.8 0
1369 9681 16283 112.3 0
1370 9683 16283 114.1 0
1371 9686 16287 109.7 0
1372 9690 16291 109.9 0
1372 9694 16293 117.6 0
1373 9695 16295 111.8 0
1374 9685 16306 113.8 0
1374 9666 16323 121.8 0
1375 9651 16338 131.7 0
1376 9649 16336 127.5 0
1377 9652 16339 132.9 0
1377 9657 16345 127.6 0
1378 9662 16348 121.4 0
1379 9664 16350 128.6 0
1379 9662 16350 127.1 0
1380 9646 16367 132.3 0
1381 9625 16384 140.4 0
1382 9618 16393 144.5 0
1382 9618 16392 143.1 0
1383 9622 16397 140.7 0
1384 9627 16400 145.6 0
1384 9629 16405 144.3 0
1385 9630 16406 141.5 0
1386 9625 16412 144.9 0
1387 9606 16428 148.1 0
1387 9588 16445 153.5 0
1388 9585 16447 159.8 0
1389 9588 16449 161.1 0
1389 9593 16452 157.4 0
1390 9594 16458 156.8 0
1391 9598 16459 160.7 0
1392 9599 16460 157.4 0
1392 9598 16459 162.9 0
1393 9600 16463 160.4 0
1394 9603 16466 157.0 0
1394 9608 16468 155.6 0
1395 9612 16471 160.8 0
1396 9613 16473 160.3 0
1397 9602 16483 162.0 0
1397 9597 16486 165.4 0
1398 9597 16489 165.9 0
1399 9602 16493 163.2 0
1399 9604 16496 162.4 0
1400 9609 16500 167.5 0
1401 9608 16499 163.6 0
1402 9598 16509 169.5 0
1402 9593 16515 168.9 0
1403 9594 16515 169.4 0
1404 9598 16519 171.7 0
1405 9603 16523 169.8 0
1405 9608 16527 171.8 0
1406 9607 16526 168.6 0
1407 9608 16528 169.5 0
1407 9608 16529 169.6 0
1408 9613 16533 168.2 0
1409 9615 16537 168.9 0
1410 9620 16540 168.2 0
1410 9619 16539 167.6 0
1411 9609 16550 172.4 0
1412 9590 16568 176.9 0
1412 9575 16582 185.5 0
1413 9576 16582 182.9 0
1414 9579 16584 186.4 0
1414 9582 16590 182.9 0
1415 9585 16592 186.3 0
1416 9589 16595 184.2 0
1417 9589 16595 183.4 0
1417 9588 16594 188.0 0
1418 9589 16596 185.7 0
1419 9593 16600 181.6 0
1419 9599 16603 186.5 0
1420 9602 16607 185.8 0
1421 9600 16608 187.1 0
1422 9588 16619 188.5 0
1422 9568 16639 198.3 0
1423 9557 16650 200.9 0
1424 9555 16649 201.4 0
1425 9559 16654 203.9 0
1425 9564 16657 199.2 0
1426 9569 16660 201.0 0
1427 9569 16661 202.8 0
1427 9562 16667 204.0 0
1428 9554 16678 201.4 0
1429 9553 16677 205.4 0
1430 9559 16681 205.8 0
1430 9561 16686 205.8 0
1431 9565 16687 212.5 0
1432 9565 16689 205.6 0
1432 9558 16697 211.3 0
1433 9551 16705 207.6 0
1434 9551 16705 212.3 0
1435 9555 16708 213.1 0
1435 9560 16712 213.7 0
1436 9562 16717 212.3 0
1437 9563 16717 213.4 0
1438 9554 16726 215.2 0
1438 9536 16742 223.6 0
1439 9519 16758 232.8 0
1440 9517 16760 228.6 0
1440 9520 16761 229.3 0
1441 9526 16765 229.0 0
1442 9528 16769 228.7 0
1443 9533 16770 229.5 0
1443 9530 16771 228.9 0
1444 9516 16785 230.4 0
1445 9517 16785 234.5 0
1445 9520 16788 236.8 0
1446 9523 16793 231.7 0
1447 9528 16796 235.5 0
1448 9530 16800 233.7 0
1448 9526 16802 237.6 0
1449 9512 16814 240.6 0
1450 9515 16813 236.8 0
1451 9517 16816 236.2 0
1451 9521 16821 237.1 0
1452 9525 16825 240.3 0
1453 9527 16827 236.5 0
1453 9523 16829 238.1 0
1454 9510 16842 245.4 0
1455 9510 16841 246.7 0
1456 9515 16844 245.0 0
1456 9517 16849 243.7 0
1457 9522 16851 244.7 0
1458 9523 16852 242.3 0
1458 9523 16852 247.6 0
1459 9525 16852 247.7 0
1460 9526 16856 240.8 0
1461 9532 16861 241.9 0
1461 9535 16865 242.7 0
1462 9537 16867 242.3 0
1463 9536 16866 244.3 0
1463 9520 16882 248.5 0
1464 9521 16881 248.7 0
1465 9524 16884 250.7 0
1466 9527 16888 251.9 0
1466 9533 16891 249.1 0
1467 9535 16894 250.7 0
1468 9535 16892 249.3 0
1468 9518 16907 254.0 0
1469 9520 16907 253.0 0
1470 9523 16910 255.9 0
1471 9525 16915 253.9 0
1471 9530 16918 256.5 0
1472 9533 16921 255.4 0
1473 9532 16919 252.4 0
1473 9515 16937 257.7 0
1474 9495 16956 268.8 0
1475 9488 16964 266.9 0
1476 9487 16963 269.0 0
1476 9490 16967 270.4 0
1477 9494 16971 270.4 0
1478 9498 16975 275.2 0
1478 9501 16975 272.7 0
1479 9501 16976 269.2 0
1480 9499 16977 272.2 0
1481 9505 16980 270.8 0
1481 9509 16983 271.4 0
1482 9511 16985 271.8 0
1483 9512 16989 271.1 0
1483 9514 16987 270.8 0
1484 9513 16988 269.2 0
1485 9518 16993 270.8 0
1486 9521 16996 271.0 0
1486 9524 16998 269.8 0
1487 9527 16999 272.3 0
1488 9524 17002 268.6 0
1488 9509 17016 277.7 0
1489 9512 17015 278.3 0
1490 9515 17020 277.4 0
1491 9518 17023 273.2 0
1491 9521 17026 276.3 0
1492 9524 17028 275.1 0
1493 9520 17032 277.5 0
1493 9509 17043 277.9 0
1494 9509 17043 279.6 0
1495 9511 17045 281.7 0
1496 9516 17050 284.6 0
1496 9518 17053 283.9 0
1497 9522 17055 279.3 0
1498 9518 17058 282.5 0
1498 9497 17077 289.6 0
1499 9478 17093 297.1 0
1500 9476 17096 298.9 0
1501 9479 17099 299.7 0
1501 9480 17102 294.9 0
1502 9486 17105 296.2 0
1503 9490 17111 297.2 0
1503 9490 17110 297.4 0
1504 9488 17109 298.3 0
1505 9490 17112 295.5 0
1506 9495 17114 293.3 0
1506 9499 17117 298.4 0
1507 9501 17123 297.5 0
1508 9503 17123 295.9 0
1508 9493 17131 297.0 0
1509 9486 17137 305.4 0
1510 9489 17139 302.9 0
1511 9491 17143 301.5 0
1511 9494 17144 303.6 0
1512 9499 17149 305.0 0
1513 9500 17148 303.7 0
1513 9498 17150 306.9 0
1514 9502 17150 300.8 0
1515 9503 17155 304.0 0
1516 9509 17156 305.2 0
1516 9512 17162 304.5 0
1517 9513 17163 299.9 0
1518 9512 17161 302.2 0
1518 9514 17162 304.6 0
1519 9518 17167 299.5 0
1520 9520 17168 302.4 0
1521 9524 17174 304.1 0
1521 9526 17173 301.8 0
1522 9526 17173 303.3 0
1523 9526 17175 300.8 0
1523 9531 17178 296.5 0
1524 9535 17180 302.4 0
1525 9537 17185 302.6 0
1526 9538 17187 305.2 0
1526 9536 17190 303.6 0
1527 9522 17202 307.7 0
1528 9525 17203 306.4 0
1528 9527 17204 307.1 0
1529 9531 17208 308.8 0
1530 9536 17212 306.7 0
1531 9537 17213 309.0 0
1531 9536 17214 305.9 0
1532 9536 17214 307.7 0
1533 9540 17216 307.4 0
1533 9545 17221 310.5 0
1534 9547 17224 311.6 0
1535 9551 17226 307.3 0
1536 9547 17228 307.7 0
1536 9533 17241 314.6 0
1537 9534 17242 313.3 0
1538 9537 17245 311.4 0
1538 9542 17247 313.1 0
1539 9546 17252 314.1 0
1540 9546 17252 314.0 0
1541 9546 17256 316.5 0
1541 9531 17267 318.4 0
1542 9531 17267 320.9 0
1543 9534 17271 317.6 0
1543 9538 17275 317.5 0
1544 9542 17280 316.3 0
1545 9545 17282 317.3 0
1546 9544 17282 316.9 0
1546 9545 17282 318.6 0
1547 9549 17283 319.4 0
1548 9550 17287 320.5 0
1548 9555 17291 319.8 0
1549 9559 17294 317.3 0
1550 9558 17294 317.3 0
1551 9540 17309 322.3 0
1551 9522 17328 330.2 0
1552 9514 17335 334.0 0
1553 9514 17335 335.6 0
1553 9517 17339 332.4 0
1554 9522 17344 333.5 0
1555 9526 17346 336.2 0
1556 9526 17347 332.8 0
1556 9525 17348 334.3 0
1557 9525 17347 334.4 0
1558 9529 17351 332.0 0
1558 9534 17356 331.0 0
1559 9536 17360 333.4 0
1560 9538 17361 338.2 0
1561 9537 17365 335.2 0
1561 9524 17375 336.2 0
1562 9524 17375 341.5 0
1563 9527 17379 337.6 0
1563 9531 17382 340.9 0
1564 9534 17386 341.5 0
1565 9535 17387 341.4 0
1566 9533 17392 339.4 0
1566 9521 17404 346.9 0
1567 9521 17403 345.6 0
1568 9524 17408 344.0 0
1568 9527 17411 344.1 0
1569 9519 17421 347.3 0
1570 9503 17436 352.1 0
1571 9488 17449 357.8 0
1571 9475 17464 4.6 0
1572 9460 17479 10.0 0
1573 9443 17492 15.1 0
1573 9428 17505 19.6 0
1574 9413 17519 25.8 0
1575 9399 17535 28.5 0
1576 9384 17549 35.7 0
1576 9368 17562 41.0 0
1577 9353 17578 47.8 0
1578 9339 17591 53.5 0
1578 9322 17606 57.2 0
1579 9307 17618 59.4 0
1580 9293 17634 67.0 0
1581 9278 17646 75.0 0
1581 9273 17653 76.6 0
1582 9271 17652 74.5 0
1583 9273 17652 81.6 0
1583 9272 17652 80.8 0
1584 9273 17654 75.3 0
1585 9273 17652 71.9 0
1586 9273 17652 73.3 0
1586 9272 17654 76.4 0
1587 9273 17653 75.4 0
1588 9271 17652 77.1 0
1588 9273 17654 73.3 0
1589 9273 17652 76.9 0
1590 9273 17652 72.9 0
1591 9273 17654 73.2 0
1591 9271 17653 73.0 0
1592 9273 17653 78.2 0
1593 9273 17653 78.3 0
1593 9271 17652 73.3 0
1594 9272 17654 72.8 0
1595 9273 17654 74.1 0
1596 9272 17653 74.0 0
1596 9272 17653 75.1 0
1597 9272 17654 77.8 0
1598 9272 17652 73.5 0
1598 9272 17652 75.0 0
1599 9272 17654 72.9 0
1600 9272 17654 72.5 0
1601 9273 17652 75.2 0
1601 9273 17653 73.9 0
1602 9273 17652 73.3 0
1603 9276 17657 73.2 0
1603 9279 17659 73.7 0
1604 9285 17664 76.7 0
1605 9286 17667 78.6 0
1606 9285 17665 75.0 0
1606 9284 17665 77.5 0
1607 9289 17669 73.9 0
1608 9291 17672 76.4 0
1608 9295 17677 76.8 0
1609 9299 17677 76.7 0
1610 9297 17678 74.9 0
1611 9284 17692 80.6 0
1611 9284 17694 80.6 0
1612 9286 17695 81.3 0
1613 9289 17699 81.8 0
1613 9295 17702 78.9 0
1614 9297 17705 82.3 0
1615 9297 17706 83.8 0
1616 9297 17707 80.2 0
1616 9300 17708 77.9 0
1617 9304 17713 79.1 0
1618 9306 17715 80.7 0
1618 9310 17717 79.0 0
1619 9309 17718 81.6 0
1620 9294 17732 83.3 0
1621 9274 17749 93.0 0
1621 9263 17762 96.1 0
1622 9266 17761 96.8 0
1623 9268 17764 94.2 0
1623 9273 17769 101.3 0
1624 9275 17773 97.3 0
1625 9277 17773 93.2 0
1626 9273 17777 99.1 0
1626 9252 17796 104.2 0
1627 9235 17814 114.3 0
1628 9231 17816 113.7 0
1628 9235 17819 109.1 0
1629 9239 17820 113.7 0
1630 9241 17826 112.1 0
1631 9244 17829 110.4 0
1631 9245 17828 109.5 0
1632 9244 17829 110.7 0
1633 9248 17829 111.2 0
1633 9251 17833 114.5 0
1634 9254 17836 114.8 0
1635 9259 17840 111.6 0
1636 9258 17840 110.8 0
1636 9257 17840 112.5 0
1637 9260 17840 115.3 0
1638 9261 17846 113.3 0
1638 9267 17847 110.6 0
1639 9270 17853 111.6 0
1640 9272 17853 112.0 0
1641 9268 17855 112.6 0
1641 9249 17872 119.8 0
1642 9232 17890 125.2 0
1643 9225 17896 122.9 0
1643 9229 17896 123.5 0
1644 9233 17902 127.2 0
1645 9235 17904 129.3 0
1646 9238 17908 125.5 0
1646 9239 17907 127.2 0
1647 9240 17907 125.7 0
1648 9240 17908 126.6 0
1648 9243 17913 126.8 0
1649 9249 17916 127.8 0
1650 9251 17919 124.8 0
1651 9254 17920 131.2 0
1651 9245 17929 132.8 0
1652 9238 17934 132.8 0
1653 9237 17937 134.8 0
1653 9243 17940 131.9 0
1654 9247 17943 133.9 0
1655 9248 17947 130.7 0
1656 9249 17949 133.1 0
1656 9242 17954 133.3 0
1657 9222 17974 143.0 0
1658 9206 17991 149.1 0
1658 9206 17990 149.1 0
1659 9208 17992 149.0 0
1660 9213 17997 151.7 0
1661 9214 18001 145.6 0
1661 9219 18003 145.4 0
1662 9217 18003 149.1 0
1663 9201 18019 155.2 0
1663 9182 18037 165.1 0
1664 9172 18045 163.3 0
1665 9173 18045 167.4 0
1666 9177 18050 163.0 0
1666 9180 18054 163.7 0
1667 9186 18057 164.7 0
1668 9186 18056 163.3 0
1668 9178 18064 166.8 0
1669 9170 18072 169.6 0
1670 9172 18073 170.6 0
1671 9174 18077 171.3 0
1671 9179 18082 169.1 0
1672 9181 18084 167.4 0
1673 9184 18086 168.8 0
1673 9184 18086 167.8 0
1674 9184 18085 171.8 0
1675 9187 18090 171.3 0
1676 9190 18093 169.3 0
1676 9195 18095 169.0 0
1677 9195 18097 171.5 0
1678 9191 18102 169.8 0
1678 9172 18121 178.5 0
1679 9154 18136 186.0 0
1680 9152 18140 187.0 0
1681 9153 18143 186.6 0
1681 9156 18145 183.9 0
1682 9161 18148 186.0 0
1683 9163 18151 184.3 0
1683 9163 18152 185.7 0
1684 9150 18165 189.4 0
1685 9147 18167 190.3 0
1686 9152 18169 193.6 0
1686 9155 18174 193.6 0
1687 9159 18176 191.3 0
1688 9161 18179 194.7 0
1688 9161 18178 189.3 0
1689 9148 18193 195.1 0
1690 9146 18195 193.1 0
1691 9147 18198 197.2 0
1691 9153 18201 195.0 0
1692 9157 18203 193.6 0
1693 9158 18207 198.4 0
1693 9160 18208 193.5 0
1694 9144 18219 199.2 0
1695 9142 18221 201.3 0
1696 9144 18224 201.8 0
1696 9149 18227 204.7 0
1697 9152 18232 202.2 0
1698 9155 18235 202.9 0
1698 9157 18233 197.1 0
1699 9156 18234 203.2 0
1700 9158 18236 201.5 0
1701 9161 18240 204.3 0
1701 9165 18244 199.5 0
1702 9169 18246 199.9 0
1703 9170 18248 198.6 0
1703 9168 18246 200.1 0
1704 9170 18247 202.5 0
1705 9173 18253 200.8 0
1706 9179 18256 200.4 0
1706 9183 18259 200.3 0
1707 9183 18260 201.8 0
1708 9172 18269 204.4 0
1708 9166 18274 206.5 0
1709 9167 18276 206.0 0
1710 9171 18279 205.8 0
1711 9176 18282 202.2 0
1711 9179 18285 206.0 0
1712 9180 18286 206.7 0
1713 9170 18296 209.2 0
1713 9153 18313 214.4 0
1714 9134 18329 221.0 0
1715 9135 18329 226.1 0
1716 9139 18332 222.5 0
1716 9141 18334 221.9 0
1717 9146 18339 221.7 0
1718 9148 18342 222.4 0
1718 9148 18341 223.9 0
1719 9147 18342 220.2 0
1720 9149 18343 224.6 0
1721 9154 18346 220.1 0
1721 9158 18351 221.0 0
1722 9161 18352 219.6 0
1723 9162 18353 224.1 0
1723 9146 18368 225.6 0
1724 9144 18367 226.0 0
1725 9148 18372 225.6 0
1726 9151 18375 230.0 0
1726 9156 18378 227.5 0
1727 9159 18380 228.1 0
1728 9159 18379 228.1 0
1728 9143 18396 233.2 0
1729 9124 18412 240.6 0
1730 9112 18422 245.1 0
1731 9114 18424 240.8 0
1731 9118 18427 245.1 0
1732 9121 18429 242.8 0
1733 9124 18435 242.7 0
1733 9125 18435 241.2 0
1734 9126 18435 243.7 0
1735 9127 18435 242.6 0
1736 9130 18438 242.0 0
1736 9134 18442 245.1 0
1737 9137 18446 243.2 0
1738 9139 18448 244.0 0
1738 9139 18448 242.2 0
1739 9119 18467 246.9 0
1740 9100 18483 261.3 0
1741 9095 18490 256.6 0
1741 9095 18491 260.7 0
1742 9098 18494 257.1 0
1743 9103 18499 258.9 0
1743 9107 18501 259.5 0
1744 9108 18502 260.3 0
1745 9098 18512 259.8 0
1746 9079 18529 268.9 0
1746 9061 18544 276.7 0
1747 9062 18545 274.1 0
1748 9065 18547 277.0 0
1748 9068 18553 275.6 0
1749 9073 18556 271.2 0
1750 9074 18559 274.6 0
1751 9074 18559 271.6 0
1751 9057 18573 275.0 0
1752 9040 18592 290.7 0
1753 9030 18600 287.9 0
1753 9030 18602 290.6 0
1754 9035 18604 287.9 0
1755 9040 18609 291.7 0
1756 9041 18611 291.4 0
1756 9042 18612 291.7 0
1757 9037 18619 292.9 0
1758 9018 18636 298.0 0
1758 8999 18654 307.9 0
1759 8998 18656 308.3 0
1760 8999 18658 303.7 0
1761 9004 18660 304.1 0
1761 9008 18665 305.8 0
1762 9011 18667 308.6 0
1763 9010 18668 303.9 0
1763 9012 18669 307.0 0
1764 9014 18670 307.4 0
1765 9017 18672 307.5 0
1766 9020 18676 306.4 0
1766 9023 18681 305.1 0
1767 9025 18681 307.9 0
1768 9013 18691 313.3 0
1768 8994 18711 315.5 0
1769 8978 18722 321.6 0
1770 8979 18724 320.9 0
1771 8983 18726 322.0 0
1771 8987 18729 317.3 0
1772 8990 18734 320.4 0
1773 8992 18735 322.8 0
1773 8992 18737 322.8 0
1774 8977 18751 324.9 0
1775 8977 18749 327.4 0
1776 8980 18753 325.9 0
1776 8984 18758 326.4 0
1777 8989 18760 325.1 0
1778 8989 18761 326.7 0
1778 8990 18761 328.8 0
1779 8990 18763 325.6 0
1780 8992 18765 328.6 0
1781 8996 18770 329.9 0
1781 8999 18774 323.3 0
1782 9004 18776 323.0 0
1783 9002 18775 328.3 0
1783 9004 18774 329.0 0
1784 9004 18778 328.9 0
1785 9010 18781 330.9 0
1786 9013 18785 327.9 0
1786 9015 18787 325.1 0
1787 9017 18786 329.6 0
1788 9002 18800 330.6 0
1788 8999 18804 332.3 0
1789 9002 18805 330.7 0
1790 9006 18808 327.6 0
1791 9009 18812 335.5 0
1791 9013 18816 331.2 0
1792 9014 18816 331.5 0
1793 8998 18830 337.0 0
1793 8977 18849 344.9 0
1794 8966 18859 349.4 0
1795 8967 18858 348.7 0
1796 8972 18861 348.9 0
1796 8975 18864 350.2 0
1797 8980 18868 345.1 0
1798 8979 18871 346.8 0
1799 8981 18871 348.6 0
1799 8981 18870 348.7 0
1800 8983 18875 346.4 0
1801 8989 18879 348.1 0
1801 8992 18880 349.7 0
1802 8993 18883 347.7 0
1803 8987 18887 352.6 0
1804 8969 18907 355.1 0
1804 8951 18924 1.9 0
1805 8948 18925 4.3 0
1806 8952 18926 5.5 0
1806 8955 18932 3.8 0
1807 8958 18934 0.8 0
1808 8962 18938 5.4 0
1809 8962 18939 4.2 0
1809 8947 18951 10.1 0
1810 8929 18968 15.4 0
1811 8918 18981 18.1 0
1811 8917 18981 16.6 0
1812 8922 18984 14.1 0
1813 8924 18988 17.9 0
1814 8929 18991 21.9 0
1814 8930 18992 18.8 0
1815 8926 18994 20.2 0
1816 8914 19007 23.4 0
1816 8914 19006 23.7 0
1817 8919 19010 23.2 0
1818 8922 19013 26.0 0
1819 8925 19019 23.1 0
1819 8926 19020 23.3 0
1820 8926 19018 25.6 0
1821 8928 19020 25.5 0
1821 8928 19020 23.0 0
1822 8927 19021 24.9 0
1823 8927 19022 28.0 0
1824 8928 19028 26.4 0
1824 8927 19030 28.2 0
1825 8921 19025 26.7 0
1826 8911 19033 32.2 0
1826 8894 19050 36.1 0
1827 8877 19064 41.1 0
1828 8879 19068 42.3 0
1829 8879 19075 41.3 0
1829 8879 19081 42.9 0
1830 8877 19088 46.6 0
1831 8879 19092 47.7 0
1831 8879 19094 48.9 0
1832 8879 19098 48.0 0
1833 8878 19102 49.7 0
1834 8879 19107 47.9 0
1834 8877 19108 51.3 0
1835 8878 19113 53.0 0
1836 8877 19112 52.8 0
1836 8872 19109 49.2 0
1837 8861 19119 53.8 0
1838 8841 19135 61.4 0
1839 8830 19149 69.3 0
1839 8828 19151 65.3 0
1840 8829 19155 67.4 0
1841 8827 19156 64.7 0
1841 8823 19152 65.8 0
1842 8812 19161 70.7 0
1843 8792 19179 77.6 0
1844 8780 19192 83.1 0
1844 8784 19197 86.4 0
1845 8789 19206 87.6 0
1846 8790 19213 82.4 0
1846 8796 19218 84.4 0
1847 8799 19226 81.1 0
1848 8802 19232 85.6 0
1849 8805 19239 82.3 0
1849 8810 19247 86.8 0
1850 8815 19256 88.4 0
1851 8819 19263 89.1 0
1851 8821 19268 85.0 0
1852 8826 19275 88.3 0
1853 8829 19284 89.6 0
1854 8831 19289 94.2 0
1854 8834 19296 90.6 0
1855 8839 19305 91.5 0
1856 8843 19310 93.5 0
1856 8846 19318 92.4 0
1857 8851 19325 90.9 0
1858 8853 19333 94.9 0
1859 8857 19339 94.8 0
1859 8860 19347 96.5 0
1860 8866 19354 98.4 0
1861 8869 19360 95.3 0
1861 8873 19368 96.9 0
1862 8878 19374 99.3 0
1863 8880 19382 101.1 0
1864 8884 19389 102.3 0
1864 8888 19395 103.2 0
1865 8889 19398 101.8 0
1866 8891 19404 101.2 0
1866 8894 19407 105.7 0
1867 8899 19410 99.1 0
1868 8902 19413 98.5 0
1869 8905 19417 99.6 0
1869 8905 19422 103.3 0
1870 8906 19424 101.7 0
1871 8908 19427 99.9 0
1871 8908 19432 101.0 0
1872 8909 19434 104.2 0
1873 8910 19439 106.1 0
1874 8913 19443 106.5 0
1874 8917 19446 103.5 0
1875 8922 19449 103.2 0
1876 8924 19454 105.0 0
1877 8929 19456 104.2 0
1877 8934 19461 106.1 0
1878 8938 19465 104.2 0
1879 8941 19468 101.3 0
1879 8943 19472 102.6 0
1880 8947 19475 104.5 0
1881 8952 19478 101.4 0
1882 8956 19482 102.6 0
1882 8958 19485 105.3 0
1883 8962 19489 105.0 0
1884 8966 19491 102.4 0
1884 8969 19496 103.7 0
1885 8975 19499 105.2 0
1886 8979 19502 102.4 0
1887 8982 19505 103.3 0
1887 8987 19510 103.5 0
1888 8988 19513 104.5 0
1889 8993 19517 102.8 0
1890 8997 19521 105.3 0
1890 9002 19524 99.8 0
1891 9005 19528 103.9 0
1892 9008 19531 104.2 0
1892 9011 19535 101.7 0
1893 9016 19538 106.4 0
1894 9020 19541 103.3 0
1895 9021 19545 103.9 0
1895 9026 19550 99.6 0
1896 9031 19552 101.9 0
1897 9033 19556 100.6 0
1897 9037 19559 102.4 0
1898 9040 19562 103.3 0
1899 9046 19566 106.4 0
1900 9048 19571 101.0 0
1900 9052 19572 99.0 0
1901 9055 19578 106.0 0
1902 9061 19579 101.5 0
1902 9063 19585 103.7 0
1903 9066 19586 101.4 0
1904 9070 19592 99.3 0
1905 9076 19595 104.0 0
1905 9079 19598 99.8 0
1906 9081 19602 102.6 0
1907 9087 19603 100.9 0
1907 9090 19609 101.2 0
1908 9089 19609 103.1 0
1909 9090 19608 100.7 0
1910 9091 19608 105.0 0
1910 9089 19610 101.2 0
1911 9091 19609 101.6 0
1912 9092 19610 101.7 0
1912 9095 19614 101.8 0
1913 9100 19618 100.2 0
1914 9103 19622 101.7 0
1915 9105 19623 101.7 0
1915 9106 19622 103.3 0
1916 9106 19623 100.8 0
1917 9105 19623 102.2 0
1917 9110 19627 101.3 0
1918 9114 19631 105.5 0
1919 9118 19633 100.0 0
1920 9120 19637 101.9 0
1920 9120 19638 104.8 0
1921 9120 19638 101.0 0
1922 9120 19638 102.8 0
1922 9122 19640 103.6 0
1923 9127 19643 102.6 0
1924 9129 19647 100.4 0
1925 9134 19649 100.2 0
1925 9137 19652 99.2 0
1926 9136 19652 99.2 0
1927 9135 19655 103.6 0
1927 9122 19668 104.7 0
1928 9121 19667 104.7 0
1929 9123 19669 106.5 0
1930 9126 19674 108.2 0
1930 9130 19676 105.6 0
1931 9134 19681 108.3 0
1932 9138 19682 108.3 0
1932 9136 19684 110.6 0
1933 9137 19683 107.1 0
1934 9136 19682 109.0 0
1935 9140 19686 109.7 0
1935 9142 19690 110.9 0
1936 9148 19691 106.2 0
1937 9150 19695 105.9 0
1937 9153 19699 102.9 0
1938 9152 19698 110.0 0
1939 9153 19698 107.7 0
1940 9154 19698 104.9 0
1940 9157 19700 109.6 0
1941 9159 19705 108.2 0
1942 9163 19709 107.1 0
1942 9168 19712 104.2 0
1943 9168 19714 105.9 0
1944 9168 19713 108.2 0
1945 9157 19724 111.0 0
1945 9154 19729 109.8 0
1946 9154 19727 111.1 0
1947 9157 19733 113.5 0
1947 9162 19734 110.2 0
1948 9166 19738 111.7 0
1949 9168 19743 108.3 0
1950 9169 19743 114.5 0
1950 9170 19743 110.8 0
1951 9169 19743 110.8 0
1952 9170 19743 112.6 0
1953 9175 19746 113.5 0
1953 9179 19750 112.7 0
1954 9180 19754 109.3 0
1955 9185 19757 112.2 0
1955 9186 19757 108.1 0
1956 9184 19757 113.9 0
1957 9186 19756 112.1 0
1958 9187 19761 109.9 0
1958 9192 19762 112.9 0
1959 9193 19767 110.2 0
1960 9199 19771 110.3 0
1960 9199 19773 109.5 0
1961 9199 19773 113.2 0
1962 9200 19773 112.2 0
1963 9201 19772 113.2 0
1963 9205 19774 113.4 0
1964 9206 19780 114.0 0
1965 9210 19782 108.7 0
1965 9214 19787 110.8 0
1966 9217 19786 109.0 0
1967 9217 19787 112.4 0
1968 9216 19786 115.1 0
1968 9217 19788 112.8 0
1969 9221 19792 112.2 0
1970 9225 19794 113.5 0
1970 9227 19799 107.9 0
1971 9232 19801 111.6 0
1972 9232 19802 112.8 0
1973 9233 19803 110.5 0
1973 9233 19801 112.5 0
1974 9232 19802 111.3 0
1975 9237 19806 111.6 0
1975 9239 19811 112.0 0
1976 9243 19812 111.9 0
1977 9247 19817 111.4 0
1978 9249 19816 117.7 0
1978 9247 19818 110.1 0
1979 9247 19816 112.1 0
1980 9250 19819 110.1 0
1980 9252 19821 110.6 0
1981 9258 19824 114.8 0
1982 9262 19829 108.6 0
1983 9265 19833 112.2 0
1983 9263 19831 111.6 0
1984 9265 19831 113.1 0
1985 9263 19832 117.4 0
1985 9267 19833 111.4 0
1986 9270 19838 108.2 0
1987 9273 19840 112.0 0
1988 9277 19845 109.3 0
1988 9278 19848 111.3 0
1989 9280 19848 110.3 0
1990 9280 19846 110.0 0
1990 9279 19846 112.2 0
1991 9283 19851 109.7 0
1992 9287 19852 112.8 0
1993 9290 19857 114.9 0
1993 9294 19861 113.9 0
1994 9296 19861 115.0 0
1995 9296 19860 111.6 0
1995 9296 19862 108.1 0
1996 9295 19861 109.5 0
1997 9298 19866 110.9 0
1998 9303 19868 112.2 0
1998 9308 19873 112.3 0
1999 9309 19877 113.6 0
2000 9312 19877 114.7 0
2000 9310 19877 111.9 0
2001 9295 19892 117.0 0
2002 9295 19891 112.7 0
2003 9297 19894 113.6 0
2003 9301 19895 118.4 0
2004 9303 19899 116.7 0
2005 9308 19903 114.1 0
2005 9310 19906 114.8 0
2006 9310 19906 116.3 0
2007 9304 19913 122.3 0
2008 9295 19922 124.2 0
2008 9295 19921 121.0 0
2009 9299 19923 121.9 0
2010 9303 19927 123.1 0
2010 9305 19931 121.5 0
2011 9310 19935 124.3 0
2012 9312 19935 120.4 0
2013 9311 19937 121.4 0
2013 9311 19935 118.4 0
2014 9311 19936 119.7 0
2015 9315 19940 121.4 0
2015 9319 19942 121.6 0
2016 9323 19946 120.8 0
2017 9326 19951 118.1 0
2018 9327 19952 124.7 0
2018 9327 19952 123.5 0
2019 9310 19965 126.2 0
2020 9312 19965 127.4 0
2020 9313 19968 128.2 0
2021 9316 19970 128.3 0
2022 9318 19975 125.5 0
2023 9322 19979 129.1 0
2023 9327 19981 127.4 0
2024 9326 19982 129.0 0
2025 9320 19986 131.8 0
2025 9312 19995 134.5 0
2026 9310 19997 132.9 0
2027 9312 19999 131.1 0
2028 9318 20002 133.6 0
2028 9320 20004 130.0 0
2029 9324 20009 133.2 0
2030 9328 20012 132.1 0
2030 9327 20010 129.6 0
2031 9328 20012 132.3 0
2032 9328 20011 134.4 0
2033 9329 20012 131.5 0
2033 9333 20016 132.4 0
2034 9336 20021 132.0 0
2035 9341 20024 133.5 0
2035 9343 20025 133.5 0
2036 9342 20024 129.2 0
2037 9341 20024 133.8 0
2038 9342 20024 135.6 0
2038 9345 20030 131.4 0
2039 9351 20033 128.8 0
2040 9352 20036 131.5 0
2040 9356 20039 131.3 0
2041 9358 20039 128.8 0
2042 9359 20039 131.9 0
2043 9359 20041 127.9 0
2043 9359 20041 129.3 0
2044 9362 20044 132.9 0
2045 9366 20049 133.3 0
2045 9369 20051 133.9 0
2046 9373 20054 129.3 0
2047 9375 20055 135.1 0
2048 9374 20054 131.3 0
2048 9373 20055 133.9 0
2049 9375 20055 128.2 0
2050 9378 20061 133.5 0
2050 9383 20064 130.7 0
2051 9386 20066 130.6 0
2052 9388 20071 127.8 0
2053 9389 20071 131.7 0
2053 9382 20076 131.6 0
2054 9372 20084 138.0 0
2055 9374 20084 140.0 0
2055 9376 20087 138.6 0
2056 9379 20091 138.3 0
2057 9384 20096 134.3 0
2058 9388 20098 140.4 0
2058 9389 20101 134.5 0
2059 9389 20099 137.0 0
2060 9390 20101 137.8 0
2060 9390 20100 135.9 0
2061 9394 20102 134.5 0
2062 9397 20106 134.8 0
2063 9401 20111 141.9 0
2063 9403 20113 137.2 0
2064 9406 20115 137.5 0
2065 9405 20114 135.3 0
2066 9387 20131 143.5 0
2066 9369 20150 147.0 0
2067 9359 20156 153.3 0
2068 9360 20158 154.4 0
2068 9362 20161 152.3 0
2069 9367 20163 153.3 0
2070 9371 20167 151.6 0
2071 9374 20170 150.7 0
2071 9377 20173 153.7 0
2072 9377 20172 153.7 0
2073 9377 20173 155.7 0
2073 9375 20173 149.9 0
2074 9381 20176 152.1 0
2075 9383 20178 153.8 0
2076 9387 20184 151.8 0
2076 9391 20187 149.9 0
2077 9393 20186 147.8 0
2078 9392 20188 152.1 0
2078 9372 20204 157.6 0
2079 9355 20222 166.1 0
2080 9347 20228 169.0 0
2081 9346 20230 166.5 0
2081 9351 20232 166.6 0
2082 9353 20237 170.4 0
2083 9358 20239 164.3 0
2083 9361 20243 168.3 0
2084 9362 20243 168.4 0
2085 9364 20245 172.2 0
2086 9362 20245 167.9 0
2086 9363 20245 170.2 0
2087 9368 20249 164.8 0
2088 9371 20250 166.4 0
2089 9375 20256 171.5 0
2089 9380 20260 168.2 0
2090 9378 20259 165.7 0
2091 9376 20260 167.3 0
2091 9359 20279 175.1 0
2092 9340 20297 180.6 0
2093 9334 20302 180.2 0
2093 9333 20300 183.7 0
2094 9336 20306 186.4 0
2095 9340 20307 180.7 0
2096 9346 20312 184.8 0
2096 9347 20316 183.1 0
2097 9350 20315 181.1 0
2098 9349 20316 183.2 0
2099 9349 20315 181.1 0
2099 9350 20318 184.5 0
2100 9354 20321 183.0 0
2101 9359 20324 183.5 0
2101 9360 20327 180.9 0
2102 9366 20330 185.4 0
2103 9366 20330 183.6 0
2104 9364 20332 181.2 0
2104 9345 20351 190.3 0
2105 9324 20369 197.9 0
2106 9321 20373 199.7 0
2106 9321 20374 200.7 0
2107 9324 20375 199.0 0
2108 9328 20380 197.3 0
2109 9333 20383 200.3 0
2109 9335 20388 195.6 0
2110 9336 20388 195.3 0
2111 9336 20388 198.2 0
2111 9322 20401 207.1 0
2112 9320 20401 201.7 0
2113 9323 20405 203.3 0
2114 9325 20406 202.4 0
2114 9330 20412 205.1 0
2115 9334 20415 202.5 0
2116 9337 20417 201.6 0
2116 9336 20418 202.4 0
2117 9337 20416 201.8 0
2118 9338 20417 205.0 0
2119 9337 20420 206.5 0
2119 9343 20423 205.6 0
2120 9346 20425 205.0 0
2121 9350 20430 202.6 0
2121 9351 20432 202.5 0
2122 9352 20431 202.1 0
2123 9346 20439 208.9 0
2124 9328 20457 213.4 0
2124 9307 20474 218.6 0
2125 9308 20473 217.5 0
2126 9308 20476 220.6 0
2126 9312 20480 217.0 0
2127 9316 20483 219.1 0
2128 9319 20487 217.2 0
2129 9323 20488 219.1 0
2129 9322 20488 220.2 0
2130 9322 20489 220.3 0
2131 9322 20489 218.7 0
2131 9326 20492 219.7 0
2132 9328 20493 223.7 0
2133 9334 20498 220.4 0
2134 9337 20502 222.0 0
2134 9338 20503 218.4 0
2135 9338 20505 222.2 0
2136 9329 20513 222.5 0
2136 9311 20531 231.7 0
2137 9293 20548 233.9 0
2138 9295 20547 236.1 0
2139 9295 20548 238.2 0
2139 9298 20551 230.8 0
2140 9302 20554 233.2 0
2141 9305 20558 234.6 0
2141 9310 20562 235.6 0
2142 9311 20562 236.4 0
2143 9304 20565 239.5 0
2144 9294 20577 240.4 0
2144 9293 20575 239.4 0
2145 9296 20578 236.5 0
2146 9301 20583 241.5 0
2146 9305 20586 244.2 0
2147 9309 20588 237.0 0
2148 9309 20590 240.8 0
2149 9310 20590 240.9 0
2149 9310 20590 240.5 0
2150 9311 20590 238.0 0
2151 9313 20596 236.8 0
2152 9317 20597 237.8 0
2152 9321 20602 242.5 0
2153 9325 20604 241.3 0
2154 9324 20606 242.7 0
2154 9324 20606 241.5 0
2155 9307 20622 247.2 0
2156 9288 20640 252.1 0
2157 9279 20648 258.8 0
2157 9281 20648 256.0 0
2158 9282 20650 250.0 0
2159 9288 20654 254.1 0
2159 9290 20657 256.8 0
2160 9295 20662 252.9 0
2161 9296 20663 256.9 0
2162 9296 20662 254.1 0
2162 9296 20663 259.2 0
2163 9295 20664 253.0 0
2164 9300 20667 255.5 0
2164 9303 20670 255.5 0
2165 9308 20673 254.4 0
2166 9312 20676 258.0 0
2167 9312 20677 258.6 0
2167 9310 20679 256.8 0
2168 9310 20677 255.7 0
2169 9313 20678 255.7 0
2169 9317 20681 257.3 0
2170 9319 20687 257.8 0
2171 9324 20690 256.1 0
2172 9328 20693 254.9 0
2172 9327 20693 253.1 0
2173 9325 20696 259.1 0
2174 9305 20713 263.8 0
2174 9287 20731 270.4 0
2175 9283 20735 271.2 0
2176 9282 20736 271.1 0
2177 9286 20739 272.1 0
2177 9290 20743 274.4 0
2178 9293 20746 267.0 0
2179 9298 20750 269.2 0
2179 9297 20750 270.6 0
2180 9297 20751 273.1 0
2181 9299 20750 274.7 0
2182 9299 20750 269.3 0
2182 9303 20755 269.8 0
2183 9305 20758 270.9 0
2184 9310 20762 272.7 0
2184 9312 20764 271.3 0
2185 9313 20765 270.7 0
2186 9313 20765 270.7 0
2187 9314 20766 272.6 0
2187 9315 20767 272.0 0
2188 9319 20769 270.0 0
2189 9322 20773 272.6 0
2189 9326 20777 269.6 0
2190 9330 20779 270.5 0
2191 9328 20781 273.2 0
2192 9323 20785 275.4 0
2192 9312 20796 277.3 0
2193 9313 20794 278.6 0
2194 9316 20798 276.5 0
2194 9319 20801 274.5 0
2195 9325 20805 274.7 0
2196 9326 20807 278.5 0
2197 9330 20810 274.7 0
2197 9328 20810 277.0 0
2198 9328 20810 274.8 0
2199 9330 20809 280.7 0
2200 9333 20812 276.7 0
2200 9337 20816 276.6 0
2201 9341 20820 275.4 0
2202 9343 20825 275.1 0
2202 9345 20825 274.1 0
2203 9346 20825 273.9 0
2204 9346 20826 276.3 0
2205 9347 20826 277.6 0
2205 9349 20830 275.7 0
2206 9353 20833 273.9 0
2207 9358 20835 274.2 0
2207 9361 20841 272.0 0
2208 9361 20840 272.5 0
2209 9358 20841 276.5 0
2210 9346 20854 278.2 0
2210 9346 20854 283.5 0
2211 9347 20856 284.6 0
2212 9351 20860 280.8 0
2212 9356 20864 280.6 0
2213 9357 20868 280.7 0
2214 9360 20869 282.3 0
2215 9360 20870 281.5 0
2215 9353 20878 284.3 0
2216 9345 20883 287.6 0
2217 9345 20883 286.5 0
2217 9349 20886 287.7 0
2218 9352 20891 286.7 0
2219 9357 20895 284.7 0
2220 9359 20897 283.5 0
2220 9360 20899 286.1 0
2221 9362 20898 286.0 0
2222 9346 20915 293.3 0
2222 9326 20931 299.4 0
2223 9315 20940 303.7 0
2224 9317 20941 306.0 0
2225 9318 20944 303.0 0
2225 9322 20946 302.3 0
2226 9326 20951 301.9 0
2227 9331 20954 300.2 0
2227 9331 20956 302.9 0
2228 9331 20955 303.8 0
2229 9319 20969 303.6 0
2230 9317 20970 306.9 0
2230 9317 20972 308.0 0
2231 9320 20976 309.9 0
2232 9323 20977 308.7 0
2233 9327 20982 310.1 0
2233 9332 20986 305.7 0
2234 9331 20985 304.7 0
2235 9332 20987 310.8 0
2235 9315 21002 312.6 0
2236 9317 21000 312.7 0
2237 9317 21002 310.5 0
2238 9323 21006 312.7 0
2238 9326 21008 313.1 0
2239 9328 21012 313.4 0
2240 9333 21015 317.1 0
2240 9332 21016 309.6 0
2241 9333 21016 312.6 0
2242 9331 21014 310.4 0
2243 9333 21017 312.9 0
2243 9338 21022 315.4 0
2244 9342 21026 312.9 0
2245 9346 21027 314.4 0
2245 9349 21031 310.7 0
2246 9349 21029 311.3 0
2247 9339 21039 317.6 0
2248 9320 21055 324.6 0
2248 9302 21072 332.6 0
2249 9302 21074 327.3 0
2250 9303 21073 329.9 0
2251 9307 21077 322.6 0
2251 9313 21082 326.7 0
2252 9315 21085 328.9 0
2253 9317 21087 324.7 0
2253 9317 21089 327.9 0
2254 9317 21088 327.7 0
2255 9317 21088 329.1 0
2256 9320 21091 326.6 0
2256 9324 21092 326.2 0
2257 9328 21098 326.2 0
2258 9332 21100 327.5 0
2258 9333 21103 330.4 0
2259 9335 21102 328.3 0
2260 9334 21104 324.6 0
2260 9335 21104 326.2 0
2261 9338 21105 327.3 0
2262 9340 21109 327.8 0
2263 9345 21112 328.7 0
2263 9348 21115 328.2 0
2264 9351 21117 331.0 0
2265 9350 21118 329.0 0
2266 9333 21132 331.8 0
2266 9335 21133 333.2 0
2267 9334 21133 336.5 0
2268 9340 21137 332.2 0
2268 9343 21141 332.4 0
2269 9347 21143 333.9 0
2270 9350 21148 334.9 0
2271 9350 21148 337.6 0
2271 9350 21148 334.4 0
2272 9351 21148 335.4 0
2273 9351 21148 334.0 0
2274 9356 21154 336.4 0
2274 9359 21156 333.1 0
2275 9363 21160 332.9 0
2276 9365 21163 335.4 0
2276 9363 21166 332.5 0
2277 9365 21169 337.1 0
2278 9361 21166 337.8 0
2279 9361 21164 334.2 0
2279 9372 21156 331.4 0
2280 9384 21146 327.3 0
2281 9389 21148 327.5 0
2281 9391 21153 328.4 0
2282 9391 21157 326.7 0
2283 9390 21159 327.7 0
2284 9392 21164 331.0 0
2284 9394 21166 329.1 0
2285 9398 21171 329.4 0
2286 9402 21174 330.7 0
2286 9406 21178 330.1 0
2287 9405 21181 328.6 0
2288 9405 21183 333.0 0
2289 9404 21189 332.5 0
2289 9406 21191 326.8 0
2290 9410 21195 331.3 0
2291 9413 21197 333.6 0
2292 9417 21202 332.2 0
2292 9420 21205 332.0 0
2293 9418 21207 328.5 0
2294 9414 21214 337.3 0
2294 9405 21224 337.2 0
2295 9405 21229 337.9 0
2296 9408 21233 335.4 0
2296 9410 21237 338.5 0
2297 9412 21238 339.4 0
2298 9415 21244 337.5 0
2299 9418 21245 338.1 0
2299 9420 21250 342.0 0
2300 9420 21252 340.7 0
2301 9418 21258 341.8 0
2302 9419 21258 340.3 0
2302 9420 21259 340.0 0
2303 9425 21254 337.7 0
2304 9436 21248 336.8 0
2304 9449 21238 329.7 0
2305 9449 21242 335.5 0
2306 9438 21252 335.2 0
2307 9433 21260 338.5 0
2307 9435 21261 340.7 0
2308 9437 21266 340.5 0
2309 9442 21270 339.8 0
2309 9444 21274 341.6 0
2310 9448 21277 338.1 0
2311 9448 21279 337.6 0
2312 9447 21284 338.9 0
2312 9433 21297 342.4 0
2313 9434 21302 344.4 0
2314 9434 21305 347.3 0
2314 9437 21308 352.3 0
2315 9440 21311 346.1 0
2316 9443 21315 347.2 0
2317 9446 21317 347.2 0
2317 9447 21321 345.7 0
2318 9448 21324 347.4 0
2319 9447 21329 347.5 0
2319 9446 21330 353.0 0
2320 9443 21329 350.3 0
2321 9451 21323 347.4 0
2322 9464 21316 346.1 0
2322 9471 21310 343.3 0
2323 9472 21316 342.5 0
2324 9472 21319 340.7 0
2324 9469 21319 344.5 0
2325 9469 21317 342.9 0
2326 9476 21312 343.9 0
2327 9487 21304 336.4 0
2327 9500 21298 334.1 0
2328 9502 21301 333.5 0
2329 9500 21308 335.2 0
2329 9501 21315 334.8 0
2330 9501 21320 337.4 0
2331 9503 21326 340.7 0
2332 9505 21330 336.0 0
2332 9508 21335 338.4 0
2333 9514 21337 341.5 0
2334 9513 21343 338.8 0
2334 9512 21350 339.1 0
2335 9502 21364 340.9 0
2336 9497 21371 347.2 0
2337 9493 21378 347.3 0
2337 9495 21383 349.4 0
2338 9497 21387 348.0 0
2339 9500 21389 352.0 0
2339 9505 21393 354.3 0
2340 9507 21394 350.7 0
2341 9508 21398 353.6 0
2342 9505 21405 353.6 0
2342 9505 21410 350.1 0
2343 9510 21415 355.5 0
2344 9514 21418 352.5 0
2345 9517 21423 356.0 0
2345 9519 21427 355.1 0
2346 9518 21432 357.2 0
2347 9515 21440 357.1 0
2347 9502 21453 2.4 0
2348 9497 21460 2.4 0
2349 9496 21466 4.3 0
2350 9500 21471 1.8 0
2350 9503 21474 4.6 0
2351 9505 21478 8.0 0
2352 9507 21481 6.4 0
2352 9506 21490 9.3 0
2353 9504 21496 11.7 0
2354 9501 21504 7.8 0
2355 9501 21509 12.6 0
2355 9503 21512 11.2 0
2356 9505 21517 14.7 0
2357 9509 21520 9.4 0
2357 9508 21526 11.3 0
2358 9505 21532 13.3 0
2359 9504 21538 16.9 0
2360 9503 21547 15.0 0
2360 9508 21551 18.3 0
2361 9510 21555 21.4 0
2362 9515 21556 18.4 0
2362 9515 21557 16.2 0
2363 9516 21560 18.0 0
2364 9515 21558 19.4 0
2365 9517 21559 17.8 0
2365 9518 21560 21.0 0
2366 9520 21563 18.8 0
2367 9525 21567 20.9 0
2367 9527 21569 15.7 0
2368 9533 21575 19.9 0
2369 9532 21575 18.2 0
2370 9533 21573 17.7 0
2370 9531 21574 16.1 0
2371 9534 21576 16.3 0
2372 9539 21579 16.4 0
2373 9541 21581 17.1 0
2373 9544 21586 19.2 0
2374 9549 21589 20.5 0
2375 9547 21589 17.8 0
2375 9549 21587 18.2 0
2376 9548 21589 16.2 0
2377 9551 21591 15.2 0
2378 9555 21594 14.6 0
2378 9557 21598 17.5 0
2379 9563 21601 16.8 0
2380 9563 21603 18.6 0
2380 9564 21602 14.7 0
2381 9564 21604 16.2 0
2382 9563 21604 15.1 0
2383 9566 21608 15.6 0
2383 9571 21611 18.7 0
2384 9575 21613 15.9 0
2385 9578 21616 16.7 0
2385 9579 21618 16.8 0
2386 9580 21619 19.2 0
2387 9581 21618 18.2 0
2388 9581 21619 15.9 0
2388 9583 21623 19.0 0
2389 9588 21626 14.9 0
2390 9590 21628 18.5 0
2390 9596 21633 18.1 0
2391 9596 21634 13.9 0
2392 9595 21632 18.3 0
2393 9594 21633 15.1 0
2393 9596 21636 18.3 0
2394 9601 21638 17.8 0
2395 9605 21642 15.1 0
2395 9609 21645 17.3 0
2396 9611 21648 16.8 0
2397 9610 21647 18.2 0
2398 9611 21649 15.9 0
2398 9612 21649 14.4 0
2399 9612 21650 14.8 0
2400 9616 21655 17.3 0
2400 9620 21658 14.2 0
2401 9625 21662 16.6 0
2402 9627 21663 11.4 0
2403 9627 21662 17.8 0
2403 9626 21664 15.0 0
2404 9628 21663 17.0 0
2405 9631 21666 15.9 0
2405 9633 21668 17.5 0
2406 9639 21673 13.1 0
2407 9642 21676 14.0 0
2408 9642 21677 13.9 0
2408 9643 21679 17.1 0
2409 9642 21679 19.8 0
2410 9642 21678 16.6 0
2410 9647 21681 13.6 0
2411 9651 21685 17.3 0
2412 9653 21689 14.4 0
2413 9657 21692 16.5 0
2413 9659 21693 15.2 0
2414 9660 21692 18.2 0
2415 9658 21693 16.9 0
2415 9659 21692 18.1 0
2416 9663 21697 15.1 0
2417 9666 21699 17.2 0
2418 9670 21703 20.8 0
2418 9675 21707 15.2 0
2419 9675 21708 18.5 0
2420 9676 21708 15.7 0
2420 9675 21708 17.9 0
2421 9677 21710 13.1 0
2422 9680 21711 17.5 0
2423 9682 21717 11.3 0
2423 9688 21720 16.6 0
2424 9690 21723 16.5 0
2425 9691 21721 11.8 0
2426 9686 21729 20.2 0
2426 9675 21737 23.4 0
2427 9674 21737 21.4 0
2428 9678 21739 19.8 0
2428 9681 21744 19.6 0
2429 9684 21747 20.8 0
2430 9687 21749 22.3 0
2431 9689 21752 24.6 0
2431 9691 21751 22.8 0
2432 9690 21752 18.0 0
2433 9689 21752 18.9 0
2433 9694 21756 18.6 0
2434 9696 21759 23.1 0
2435 9701 21761 21.0 0
2435 9705 21767 23.1 0
2436 9707 21768 22.9 0
2437 9707 21768 22.6 0
2438 9707 21767 18.8 0
2438 9705 21768 24.6 0
2439 9711 21770 21.9 0
2440 9714 21775 22.5 0
2441 9718 21778 23.8 0
2441 9721 21783 20.7 0
2442 9721 21782 21.8 0
2443 9722 21781 21.3 0
2443 9723 21783 21.0 0
2444 9723 21783 18.0 0
2445 9727 21786 21.1 0
2446 9730 21789 17.9 0
2446 9734 21793 17.2 0
2447 9739 21797 23.0 0
2448 9738 21798 22.3 0
2448 9739 21796 21.0 0
2449 9738 21796 17.8 0
2450 9739 21799 20.7 0
2451 9744 21801 23.6 0
2451 9746 21807 24.6 0
2452 9752 21808 18.6 0
2453 9753 21813 20.0 0
2453 9753 21812 21.9 0
2454 9744 21821 26.4 0
2455 9738 21827 24.4 0
2456 9738 21826 26.5 0
2456 9740 21829 29.8 0
2457 9744 21833 29.1 0
2458 9747 21838 27.6 0
2458 9753 21840 26.5 0
2459 9753 21842 27.6 0
2460 9752 21843 27.0 0
2461 9738 21858 30.0 0
2461 9736 21857 34.5 0
2462 9739 21859 31.5 0
2463 9742 21861 29.6 0
2463 9745 21865 31.8 0
2464 9750 21867 32.3 0
2465 9754 21871 33.9 0
2466 9753 21872 31.7 0
2466 9753 21871 27.0 0
2467 9754 21870 33.8 0
2468 9754 21873 31.6 0
2468 9758 21878 27.5 0
2469 9763 21881 30.7 0
2470 9767 21885 30.4 0
2471 9768 21886 31.0 0
2471 9769 21886 30.2 0
2472 9759 21894 36.4 0
2473 9754 21902 36.9 0
2473 9753 21902 36.5 0
2474 9755 21904 37.1 0
2475 9761 21908 36.2 0
2476 9765 21910 38.3 0
2476 9767 21916 37.2 0
2477 9768 21915 36.8 0
2478 9768 21916 39.4 0
2478 9768 21917 36.1 0
2479 9768 21917 34.7 0
2480 9774 21921 37.8 0
2481 9778 21924 36.8 0
2481 9781 21926 35.1 0
2482 9784 21930 35.3 0
2483 9785 21931 36.7 0
2483 9783 21932 34.4 0
2484 9769 21945 41.4 0
2485 9768 21945 40.7 0
2486 9770 21948 42.4 0
2486 9774 21952 40.5 0
2487 9779 21955 44.8 0
2488 9781 21959 42.4 0
2488 9784 21961 40.3 0
2489 9785 21959 43.0 0
2490 9785 21961 41.7 0
2491 9786 21961 42.8 0
2491 9788 21964 41.7 0
2492 9792 21967 44.1 0
2493 9794 21971 40.0 0
2493 9797 21972 39.3 0
2494 9799 21972 45.4 0
2495 9799 21972 42.0 0
0 9799 21973 41.7 0
1 9802 21975 44.3 0
2 9805 21979 40.5 0
2 9807 21983 42.6 0
3 9811 21986 44.1 0
4 9813 21987 42.4 0
4 9814 21988 41.7 0
5 9814 21988 41.6 0
6 9815 21988 40.4 0
7 9818 21991 40.7 0
7 9820 21994 41.4 0
8 9824 21997 46.2 0
9 9830 22002 42.1 0
9 9829 22004 42.9 0
10 9830 22003 38.8 0
11 9831 22002 43.1 0
12 9829 22003 42.3 0
12 9833 22006 42.3 0
13 9837 22009 40.2 0
14 9840 22013 38.7 0
14 9846 22016 42.0 0
15 9846 22017 44.7 0
16 9846 22017 43.5 0
17 9847 22018 39.5 0
17 9847 22018 46.6 0
18 9850 22021 43.1 0
19 9853 22025 42.9 0
19 9858 22028 43.2 0
20 9862 22033 40.3 0
21 9861 22033 45.4 0
22 9859 22034 44.8 0
22 9839 22054 47.5 0
23 9821 22071 53.1 0
24 9815 22075 57.2 0
24 9815 22075 58.4 0
25 9819 22080 55.1 0
26 9823 22083 54.7 0
27 9826 22087 54.4 0
27 9831 22088 56.6 0
28 9831 22089 56.7 0
29 9833 22091 56.7 0
29 9832 22091 57.4 0
30 9834 22090 56.2 0
31 9838 22095 59.1 0
32 9840 22099 55.3 0
32 9844 22102 58.8 0
33 9848 22104 57.7 0
34 9847 22104 60.1 0
35 9848 22106 57.9 0
35 9849 22104 54.5 0
36 9848 22107 57.1 0
37 9854 22111 57.5 0
37 9858 22112 58.6 0
38 9860 22117 58.2 0
39 9865 22121 55.5 0
40 9863 22121 58.4 0
40 9864 22121 56.3 0
41 9863 22120 60.7 0
42 9866 22121 58.9 0
42 9870 22125 56.7 0
43 9872 22130 61.5 0
44 9878 22132 57.5 0
45 9880 22135 58.8 0
45 9879 22133 57.5 0
46 9871 22144 61.2 0
47 9865 22148 65.9 0
47 9863 22148 62.6 0
48 9867 22153 62.0 0
49 9870 22155 57.6 0
50 9876 22161 61.1 0
50 9877 22164 62.5 0
51 9879 22164 65.2 0
52 9880 22165 61.4 0
52 9880 22165 60.2 0
53 9881 22164 62.0 0
54 9883 22169 57.4 0
55 9886 22171 63.2 0
55 9891 22176 62.7 0
56 9896 22178 65.0 0
57 9895 22179 59.0 0
57 9895 22179 64.6 0
58 9879 22195 67.1 0
59 9879 22194 68.6 0
60 9881 22197 66.0 0
60 9885 22200 68.2 0
61 9888 22202 72.6 0
62 9893 22205 67.5 0
62 9894 22209 69.3 0
