{"pose": [0.0, 0.0], "h": 75.7, "sig": 0.214, "st": "tick=95236 goal=0 here=0", "scan": [0.72, 1.49, 0.5, 0.39, 0.3, 0.34, 0.35, 0.5, 1.27, 1.19, 0.24, 0.24, 0.19, 0.17, 0.19, 0.37], "t": 1788316931.9}
{"H": 90, "moved": 0.4, "reason": "time", "b0s": 1.539, "b0e": 1.144, "t": 1788316940.1}
{"pose": [0.0, 0.4], "h": 84.9, "sig": 0.131, "st": "tick=96065 goal=0 here=0", "scan": [1.15, 1.07, 0.54, 0.34, 0.31, 0.38, 0.43, 0.63, 1.82, 0.55, 0.24, 0.23, 0.2, 0.18, 0.2, 0.31], "t": 1788316940.1}
{"H": 90, "moved": 0.37, "reason": "time", "b0s": 1.144, "b0e": 0.776, "t": 1788316947.7}
{"pose": [0.0, 0.76], "h": 85.0, "sig": 0.071, "st": "tick=96818 goal=0 here=0", "scan": [0.8, 0.8, 0.56, 0.36, 0.39, 0.3, 0.42, 0.86, 2.18, 0.49, 0.23, 0.09, 0.12, 0.2, 0.22, 0.91], "t": 1788316947.7}
{"H": 90, "moved": 0.35, "reason": "time", "b0s": 0.762, "b0e": 0.413, "t": 1788316955.1}
{"pose": [0.0, 1.11], "h": 86.3, "sig": 0.048, "st": "tick=97566 goal=0 here=0", "scan": [0.4, 0.4, 0.49, 0.47, 0.37, 0.38, 0.53, 0.76, 2.56, 0.36, 0.16, 1.22, 0.65, 0.7, 0.59, 0.45], "t": 1788316955.2}
{"H": 270, "moved": 0.3, "reason": "blocked", "b0s": 0.601, "b0e": 0.3, "t": 1788316963.7}
{"pose": [0.0, 0.81], "h": 273.1, "sig": 0.048, "st": "tick=98427 goal=0 here=0", "scan": [0.29, 0.68, 1.98, 0.98, 0.5, 0.57, 0.51, 0.46, 0.42, 0.45, 0.52, 0.59, 0.51, 0.55, 0.71, 1.4], "t": 1788316963.8}
{"H": 0, "moved": 0.24, "reason": "blocked", "b0s": 0.54, "b0e": 0.297, "t": 1788316973.0}
{"pose": [0.24, 0.81], "h": 355.4, "sig": 0.017, "st": "tick=99353 goal=0 here=0", "scan": [0.31, 0.34, 0.4, 0.34, 0.37, 0.35, 0.47, 0.71, 0.75, 0.73, 0.26, 0.38, 0.65, 0.7, 1.97, 0.86], "t": 1788316973.0}
{"H": 270, "moved": 0.33, "reason": "blocked", "b0s": 0.641, "b0e": 0.309, "t": 1788316984.2}
{"pose": [0.24, 0.48], "h": 265.3, "sig": 0.019, "st": "tick=100473 goal=0 here=0", "scan": [0.32, 0.26, 1.0, 1.39, 0.71, 0.79, 0.41, 0.49, 0.76, 0.82, 0.96, 0.3, 0.24, 0.32, 0.36, 0.25], "t": 1788316984.2}
{"H": 0, "moved": 0.39, "reason": "time", "b0s": 0.8, "b0e": 0.41, "t": 1788316995.9}
{"pose": [0.63, 0.48], "h": 355.2, "sig": 0.003, "st": "tick=101650 goal=0 here=0", "scan": [0.41, 0.49, 0.37, 0.18, 0.21, 0.68, 0.91, 1.2, 0.54, 0.62, 0.48, 0.36, 0.63, 0.82, 1.45, 0.44], "t": 1788316996.0}
{"H": 270, "moved": 0.32, "reason": "time", "b0s": 0.728, "b0e": 0.404, "t": 1788317007.4}
{"pose": [0.63, 0.15], "h": 265.7, "sig": 0.012, "st": "tick=102789 goal=0 here=0", "scan": [0.42, 0.38, 0.53, 1.04, 0.88, 0.37, 0.47, 0.68, 0.6, 1.2, 1.48, 0.13, 0.09, 0.12, 0.18, 0.21], "t": 1788317007.4}
{"H": 0, "moved": 0.24, "reason": "blocked", "b0s": 0.935, "b0e": 0.7, "t": 1788317016.4}
{"pose": [0.87, 0.15], "h": 356.0, "sig": 0.007, "st": "tick=103696 goal=0 here=0", "scan": [0.72, 0.15, 0.2, 0.46, 0.6, 0.57, 1.44, 0.87, 0.38, 0.33, 0.41, 0.54, 0.45, 0.97, 0.99, 0.76], "t": 1788317016.5}
{"H": 0, "moved": 0.01, "reason": "blocked", "b0s": 0.732, "b0e": 0.721, "t": 1788317016.9}
{"pose": [0.88, 0.15], "h": 356.0, "sig": 0.013, "st": "tick=103745 goal=0 here=0", "scan": [0.72, 0.12, 0.18, 0.5, 0.58, 0.57, 1.43, 0.87, 0.36, 0.36, 0.4, 0.54, 0.44, 0.97, 0.98, 0.74], "t": 1788317016.9}
{"H": 0, "moved": 0.02, "reason": "blocked", "b0s": 0.728, "b0e": 0.712, "t": 1788317017.6}
{"pose": [0.9, 0.15], "h": 356.6, "sig": 0.008, "st": "tick=103811 goal=0 here=0", "scan": [0.73, 0.15, 0.19, 0.5, 0.62, 0.55, 1.46, 0.86, 0.31, 0.35, 0.39, 0.52, 0.43, 1.01, 0.98, 0.76], "t": 1788317017.6}
{"H": 0, "moved": 0.0, "reason": "blocked", "b0s": 0.712, "b0e": 0.718, "t": 1788317018.1}
{"pose": [0.9, 0.15], "h": 354.9, "sig": 0.0, "st": "tick=103860 goal=0 here=0", "scan": [0.72, 0.15, 0.21, 0.51, 0.6, 0.58, 1.46, 0.85, 0.34, 0.36, 0.4, 0.52, 0.44, 1.02, 0.97, 0.72], "t": 1788317018.1}
{"H": 0, "moved": 0.03, "reason": "blocked", "b0s": 0.737, "b0e": 0.709, "t": 1788317018.6}
{"pose": [0.92, 0.15], "h": 357.2, "sig": 0.001, "st": "tick=103909 goal=0 here=0", "scan": [0.72, 0.17, 0.21, 0.5, 0.59, 0.6, 1.44, 0.84, 0.32, 0.37, 0.42, 0.54, 0.44, 1.0, 0.97, 0.74], "t": 1788317018.6}
{"H": 0, "moved": 0.0, "reason": "blocked", "b0s": 0.714, "b0e": 0.739, "t": 1788317019.0}
{"pose": [0.92, 0.15], "h": 358.3, "sig": 0.007, "st": "tick=103958 goal=0 here=0", "scan": [0.72, 0.16, 0.21, 0.5, 0.6, 0.58, 1.46, 0.85, 0.33, 0.37, 0.4, 0.53, 0.43, 1.01, 0.97, 0.74], "t": 1788317019.1}
{"H": 0, "moved": 0.0, "reason": "blocked", "b0s": 0.703, "b0e": 0.729, "t": 1788317019.7}
{"pose": [0.92, 0.15], "h": 357.2, "sig": 0.013, "st": "tick=104019 goal=0 here=0", "scan": [0.7, 0.13, 0.19, 0.49, 0.6, 0.59, 1.46, 0.85, 0.35, 0.37, 0.39, 0.53, 0.43, 1.0, 0.97, 0.73], "t": 1788317019.7}
{"H": 0, "moved": 0.0, "reason": "blocked", "b0s": 0.716, "b0e": 0.716, "t": 1788317020.1}
{"pose": [0.92, 0.15], "h": 358.3, "sig": 0.001, "st": "tick=104068 goal=0 here=0", "scan": [-1.0, 0.17, 0.19, 0.5, 0.59, 0.57, 1.47, 0.84, 0.35, 0.35, 0.39, 0.52, 0.45, 1.0, 0.98, 0.73], "t": 1788317020.2}
{"H": 0, "moved": 0.0, "reason": "blocked", "b0s": 0.489, "b0e": 0.485, "t": 1788317020.8}
{"pose": [0.93, 0.15], "h": 0.8, "sig": 0.015, "st": "tick=104131 goal=0 here=0", "scan": [0.48, 0.16, 0.2, 0.51, 0.58, 0.57, 1.48, 0.85, 0.33, 0.37, 0.41, 0.53, 0.43, 1.02, 0.95, 0.74], "t": 1788317020.8}
{"H": 90, "moved": 1.33, "reason": "blocked", "b0s": 2.7, "b0e": 0.318, "t": 1788317032.3}
{"pose": [0.93, 1.49], "h": 88.0, "sig": 0.001, "st": "tick=105285 goal=0 here=0", "scan": [0.32, 0.28, 1.02, 1.41, 0.75, 0.62, 0.37, 0.58, 0.68, 1.25, 1.15, 0.21, 0.18, 0.26, 0.33, 0.33], "t": 1788317032.3}
{"H": 180, "moved": 0.35, "reason": "time", "b0s": 0.877, "b0e": 0.523, "t": 1788317044.0}
{"pose": [0.57, 1.49], "h": 173.3, "sig": 0.011, "st": "tick=106452 goal=0 here=0", "scan": [0.52, 0.51, 0.31, 0.19, 0.2, 0.69, 1.53, 1.15, 0.47, 0.58, -1.0, 0.37, 0.53, 0.88, 1.08, 0.54], "t": 1788317044.0}
{"H": 180, "moved": 0.21, "reason": "blocked", "b0s": 0.536, "b0e": 0.325, "t": 1788317048.0}
{"pose": [0.36, 1.49], "h": 175.2, "sig": 0.016, "st": "tick=106851 goal=0 here=0", "scan": [0.34, 0.3, 0.19, 0.22, 0.26, 0.18, 0.27, 1.35, 0.65, 0.76, 0.48, 0.52, 0.84, 0.9, 0.43, 0.29], "t": 1788317048.0}
{"H": 90, "moved": 0.29, "reason": "time", "b0s": 0.728, "b0e": 0.441, "t": 1788317059.2}
{"pose": [0.36, 1.77], "h": 84.7, "sig": 0.006, "st": "tick=107978 goal=0 here=0", "scan": [0.45, 0.41, 0.56, 0.81, 0.73, 0.77, -1.0, 0.52, 0.6, 0.65, 1.89, 0.8, 0.31, 0.28, 0.39, 0.41], "t": 1788317059.3}
{"H": 180, "moved": 0.14, "reason": "blocked", "b0s": 0.789, "b0e": 0.652, "t": 1788317066.8}
{"pose": [0.23, 1.77], "h": 172.7, "sig": 0.009, "st": "tick=108731 goal=0 here=0", "scan": [0.63, 0.14, 0.21, 0.23, 0.51, 0.57, 2.01, 0.9, 0.47, 0.39, 0.49, 0.49, 0.47, 0.51, 0.6, 0.74], "t": 1788317066.8}
{"H": 180, "moved": 0.01, "reason": "blocked", "b0s": 0.632, "b0e": 0.621, "t": 1788317067.9}
{"pose": [0.21, 1.77], "h": 177.8, "sig": 0.007, "st": "tick=108847 goal=0 here=0", "scan": [0.61, 0.15, 0.2, 0.23, 0.49, 0.6, 2.01, 0.89, 0.45, 0.38, 0.54, 0.52, 0.44, 0.51, 0.58, 0.72], "t": 1788317068.0}
{"H": 180, "moved": 0.0, "reason": "blocked", "b0s": 0.61, "b0e": 0.618, "t": 1788317068.4}
{"pose": [0.21, 1.77], "h": 180.1, "sig": 0.007, "st": "tick=108896 goal=0 here=0", "scan": [0.62, 0.14, 0.19, -1.0, 0.51, 0.57, 2.0, 0.88, 0.46, 0.4, 0.54, 0.52, 0.44, 0.52, 0.59, 0.72], "t": 1788317068.5}
{"H": 180, "moved": 0.0, "reason": "blocked", "b0s": 0.608, "b0e": 0.613, "t": 1788317069.1}
{"pose": [0.21, 1.77], "h": 175.0, "sig": 0.007, "st": "tick=108965 goal=0 here=0", "scan": [0.61, 0.16, 0.18, 0.22, 0.49, 0.57, 1.95, 0.88, 0.4, 0.38, 0.54, 0.52, 0.44, 0.51, 0.58, 0.72], "t": 1788317069.1}
{"H": 180, "moved": 0.02, "reason": "blocked", "b0s": 0.62, "b0e": 0.596, "t": 1788317069.6}
{"pose": [0.19, 1.77], "h": 181.4, "sig": 0.0, "st": "tick=109021 goal=0 here=0", "scan": [0.61, 0.15, -1.0, 0.25, 0.47, 0.57, 1.93, 0.87, 0.37, 0.39, 0.53, 0.51, 0.44, 0.5, 0.6, 0.73], "t": 1788317069.7}
