{"t": 1788319131.8, "sig": 0.2, "h": 84.9, "scan": [0.52, 0.45, 0.66, 0.94, 1.16, 0.33, 0.85, 1.4, 1.07, 1.11, 0.57, 0.37, 0.35, 0.41, 0.54, 0.52]}
{"t": 1788319132.1, "sig": 0.197, "h": 90.1, "scan": [0.53, 0.47, 0.68, 0.93, 1.15, 0.33, 0.87, 1.4, 1.06, 1.09, 0.55, 0.36, 0.35, 0.39, 0.53, 0.53]}
{"t": 1788319132.3, "sig": 0.19, "h": 88.1, "scan": [0.51, 0.47, 0.65, 0.93, 1.17, 0.34, 0.88, 1.39, 1.05, 1.11, 0.55, 0.38, 0.34, 0.39, 0.52, 0.52]}
{"t": 1788319132.6, "sig": 0.188, "h": 86.1, "scan": [0.51, 0.45, 0.66, 0.94, 1.17, 0.35, 0.86, 1.39, 1.06, 1.09, 0.57, 0.38, 0.36, 0.4, 0.52, 0.52]}
{"t": 1788319132.8, "sig": 0.197, "h": 89.7, "scan": [0.52, 0.47, 0.65, 0.94, 1.16, 0.34, 0.86, 1.4, 1.06, 1.09, 0.56, 0.37, 0.35, 0.39, 0.52, 0.51]}
{"t": 1788319133.1, "sig": 0.211, "h": 85.2, "scan": [0.51, 0.47, 0.66, 0.95, 1.16, 0.34, 0.87, 1.39, 1.06, 1.09, 0.57, 0.36, 0.35, 0.4, 0.53, 0.54]}
{"t": 1788319133.3, "sig": 0.188, "h": 89.8, "scan": [0.51, 0.49, 0.66, 0.96, 1.16, 0.34, 0.88, 1.41, 1.06, 1.1, 0.56, 0.38, 0.35, 0.4, 0.53, 0.53]}
{"t": 1788319133.6, "sig": 0.18, "h": 85.5, "scan": [0.51, 0.48, 0.67, 0.94, 1.15, 0.35, 0.88, 1.4, 1.07, 1.09, 0.59, 0.39, 0.34, 0.4, 0.52, 0.52]}
{"t": 1788319133.8, "sig": 0.179, "h": 82.0, "scan": [0.52, 0.46, 0.67, 0.94, 1.16, 0.35, 0.86, 1.41, 1.05, 1.11, 0.58, 0.37, 0.35, 0.41, 0.53, 0.51]}
{"t": 1788319134.1, "sig": 0.169, "h": 84.2, "scan": [0.5, 0.49, 0.66, 0.95, 1.16, 0.35, 0.87, 1.4, 1.07, 1.1, 0.57, 0.36, 0.34, 0.4, 0.54, 0.52]}
{"t": 1788319134.3, "sig": 0.175, "h": 85.2, "scan": [-1.0, 0.47, 0.67, 0.94, 1.16, 0.36, 0.89, 1.4, 1.07, 1.1, 0.56, 0.36, 0.34, 0.4, 0.52, 0.53]}
{"t": 1788319134.6, "sig": 0.171, "h": 88.3, "scan": [0.51, 0.47, 0.67, 0.96, 1.16, 0.35, 0.87, 1.41, 1.07, 1.09, 0.56, 0.38, 0.35, 0.42, 0.53, 0.54]}
{"t": 1788319134.8, "sig": 0.16, "h": 89.0, "scan": [0.52, 0.47, 0.68, 0.94, 1.15, 0.32, -1.0, 1.4, 1.07, 1.11, 0.57, 0.38, 0.33, 0.4, 0.53, 0.53]}
{"t": 1788319135.1, "sig": 0.165, "h": 85.7, "scan": [0.51, 0.48, 0.66, 0.95, 1.17, 0.34, 0.87, 1.4, 1.07, 1.11, 0.56, 0.37, 0.33, 0.41, 0.53, 0.53]}
{"t": 1788319135.3, "sig": 0.171, "h": 83.9, "scan": [0.52, 0.48, 0.67, 0.95, 1.16, 0.37, 0.86, 1.4, 1.07, 1.1, 0.57, 0.37, 0.35, 0.4, 0.55, 0.52]}
{"t": 1788319135.6, "sig": 0.156, "h": 84.7, "scan": [0.51, 0.48, 0.68, 0.93, 1.17, 0.33, 0.87, 1.4, 1.07, 1.11, 0.56, 0.4, 0.34, 0.4, 0.52, 0.51]}
{"t": 1788319135.9, "sig": 0.149, "h": 84.2, "scan": [0.52, 0.48, 0.65, 0.96, 1.14, 0.34, 0.86, 1.41, 1.05, 1.08, 0.56, 0.39, 0.35, 0.39, 0.52, 0.54]}
{"t": 1788319136.1, "sig": 0.154, "h": 85.2, "scan": [0.52, 0.48, 0.67, -1.0, 1.17, 0.34, 0.86, 1.39, 1.07, 1.1, 0.57, 0.37, 0.34, 0.39, 0.53, 0.5]}
{"t": 1788319136.4, "sig": 0.149, "h": 85.6, "scan": [0.53, 0.46, 0.68, 0.94, 1.16, 0.33, 0.87, 1.39, 1.08, 1.08, 0.56, 0.38, 0.35, 0.39, 0.52, 0.52]}
{"t": 1788319136.6, "sig": 0.146, "h": 84.6, "scan": [0.5, 0.47, 0.66, 0.94, 1.16, 0.34, 0.87, 1.4, 1.05, 1.09, 0.59, 0.39, 0.32, 0.41, 0.53, 0.52]}
{"t": 1788319136.9, "sig": 0.133, "h": 86.7, "scan": [0.52, 0.47, 0.67, 0.95, 1.16, 0.36, 0.86, 1.38, 1.06, 1.11, 0.56, 0.38, 0.36, 0.4, 0.54, 0.52]}
{"t": 1788319137.1, "sig": 0.152, "h": 84.3, "scan": [0.52, 0.46, 0.67, 0.95, 1.15, 0.35, 0.87, 1.41, 1.08, 1.09, 0.56, 0.37, 0.32, 0.39, 0.52, 0.52]}
{"t": 1788319137.4, "sig": 0.142, "h": 85.2, "scan": [0.5, 0.48, 0.67, 0.94, 1.16, 0.33, 0.86, 1.41, 1.06, 1.11, 0.56, 0.37, 0.33, 0.41, 0.52, 0.52]}
{"t": 1788319137.7, "sig": 0.142, "h": 86.1, "scan": [0.51, 0.47, 0.67, 0.95, 1.17, 0.34, 0.87, 1.39, 1.08, 1.08, 0.57, 0.39, 0.34, 0.39, 0.55, 0.52]}
{"t": 1788319137.9, "sig": 0.123, "h": 85.7, "scan": [0.5, 0.47, 0.66, 0.94, 1.16, 0.35, 0.84, 1.41, 1.06, 1.11, 0.57, 0.38, 0.34, 0.39, 0.52, 0.54]}
{"t": 1788319138.2, "sig": 0.128, "h": 87.2, "scan": [0.52, 0.46, 0.65, 0.94, 1.16, 0.37, 0.88, 1.41, 1.07, 1.08, 0.55, 0.39, 0.34, 0.39, 0.52, 0.52]}
{"t": 1788319138.4, "sig": 0.127, "h": 86.7, "scan": [0.51, 0.48, 0.66, 0.94, 1.17, 0.36, 0.86, 1.41, 1.06, 1.1, 0.57, 0.38, 0.34, 0.4, 0.52, 0.53]}
{"t": 1788319138.7, "sig": 0.147, "h": 88.9, "scan": [0.51, 0.47, 0.66, 0.93, 1.16, 0.33, 0.86, 1.4, 1.06, 1.1, 0.57, 0.39, 0.34, 0.38, 0.52, 0.51]}
{"t": 1788319138.9, "sig": 0.118, "h": 86.5, "scan": [0.5, 0.45, 0.66, 0.98, 1.16, 0.35, 0.89, 1.39, 1.06, 1.1, 0.56, 0.39, 0.34, 0.39, 0.53, 0.52]}
{"t": 1788319139.2, "sig": 0.123, "h": 83.5, "scan": [0.51, 0.45, 0.66, 0.95, 1.18, 0.34, 0.86, 1.4, 1.07, 1.1, 0.58, 0.39, 0.34, 0.39, -1.0, 0.54]}
{"t": 1788319139.5, "sig": 0.125, "h": 82.7, "scan": [0.54, 0.47, 0.67, 0.93, 1.17, 0.34, 0.87, 1.39, 1.07, 1.09, 0.55, 0.39, 0.34, 0.41, 0.54, 0.5]}
{"t": 1788319139.7, "sig": 0.125, "h": 85.2, "scan": [0.51, 0.47, 0.67, 0.94, 1.16, 0.35, 0.87, 1.41, 1.06, 1.1, 0.57, 0.38, 0.34, 0.4, 0.53, 0.55]}
{"t": 1788319140.0, "sig": 0.117, "h": 85.3, "scan": [0.52, 0.47, 0.66, 0.94, 1.18, 0.34, 0.88, 1.42, 1.07, 1.09, 0.56, 0.38, 0.35, 0.41, 0.54, 0.53]}
{"t": 1788319140.2, "sig": 0.132, "h": 87.4, "scan": [0.51, 0.51, 0.68, 0.92, 1.15, 0.34, 0.88, 1.4, 1.07, 1.11, 0.56, 0.39, 0.34, 0.39, 0.52, 0.53]}
{"t": 1788319140.5, "sig": 0.135, "h": 87.3, "scan": [0.52, 0.47, 0.69, 0.94, 1.17, 0.34, 0.87, 1.4, 1.06, 1.11, 0.57, 0.38, -1.0, 0.39, 0.53, 0.53]}
{"t": 1788319140.7, "sig": 0.123, "h": 82.2, "scan": [0.5, 0.47, 0.68, 0.95, 1.16, 0.35, 0.87, 1.38, 1.07, 1.09, 0.57, 0.39, 0.36, 0.4, 0.52, 0.52]}
{"t": 1788319141.0, "sig": 0.121, "h": 85.6, "scan": [0.52, 0.47, 0.66, 0.95, 1.15, 0.36, 0.87, 1.41, 1.07, 1.11, 0.56, 0.36, 0.33, 0.4, 0.51, 0.52]}
{"t": 1788319141.2, "sig": 0.116, "h": 85.8, "scan": [0.49, 0.47, 0.66, 0.93, 1.15, 0.34, 0.85, 1.41, -1.0, 1.1, 0.57, 0.38, 0.36, 0.41, 0.53, 0.52]}
{"t": 1788319141.5, "sig": 0.117, "h": 86.4, "scan": [0.49, 0.48, 0.65, 0.94, 1.17, 0.35, -1.0, 1.41, 1.06, 1.1, 0.57, 0.38, 0.36, 0.39, 0.52, 0.54]}
{"t": 1788319141.7, "sig": 0.129, "h": 84.4, "scan": [0.52, 0.48, 0.68, 0.94, 1.15, 0.34, 0.87, 1.4, 1.06, 1.09, 0.56, 0.37, 0.34, 0.39, 0.54, 0.53]}
{"t": 1788319142.0, "sig": 0.119, "h": 87.4, "scan": [0.51, 0.46, 0.66, 0.93, -1.0, 0.35, 0.86, 1.39, 1.06, 1.1, 0.56, 0.38, 0.33, 0.4, 0.54, 0.54]}
{"t": 1788319142.2, "sig": 0.135, "h": 86.0, "scan": [0.51, 0.47, 0.66, 0.94, 1.18, 0.34, 0.86, 1.39, 1.09, 1.09, 0.55, 0.4, 0.34, 0.4, 0.51, 0.53]}
{"t": 1788319142.5, "sig": 0.124, "h": 83.1, "scan": [0.52, 0.46, 0.65, 0.95, 1.16, 0.36, 0.85, 1.4, 1.07, 1.1, 0.57, 0.39, 0.33, 0.4, 0.52, 0.53]}
{"t": 1788319142.7, "sig": 0.121, "h": 81.3, "scan": [0.51, 0.47, 0.67, 0.94, 1.16, 0.34, 0.87, 1.4, 1.08, 1.1, 0.55, 0.37, 0.33, 0.4, 0.54, 0.51]}
{"t": 1788319143.0, "sig": 0.12, "h": 89.0, "scan": [0.51, 0.48, -1.0, 0.93, 1.16, -1.0, 0.86, 1.4, 1.05, 1.11, 0.55, 0.4, 0.36, 0.39, 0.53, 0.5]}
{"t": 1788319143.2, "sig": 0.126, "h": 85.8, "scan": [0.51, 0.47, 0.66, 0.93, 1.16, 0.33, 0.85, 1.4, 1.07, 1.09, 0.56, 0.37, 0.34, 0.39, 0.52, 0.54]}
{"t": 1788319143.5, "sig": 0.133, "h": 83.6, "scan": [0.51, 0.47, 0.67, 0.94, 1.18, 0.34, 0.87, 1.39, 1.07, 1.1, 0.55, 0.39, 0.34, 0.39, 0.54, 0.52]}
{"t": 1788319143.8, "sig": 0.128, "h": 83.4, "scan": [0.51, 0.45, 0.65, 0.93, 1.15, 0.34, 0.88, 1.41, 1.07, 1.1, 0.57, 0.39, 0.32, 0.39, 0.53, 0.51]}
{"t": 1788319144.0, "sig": 0.128, "h": 86.2, "scan": [0.52, 0.46, 0.65, 0.93, 1.18, 0.34, 0.86, 1.39, 1.06, 1.1, 0.58, 0.38, 0.36, 0.4, 0.52, 0.52]}
{"t": 1788319144.3, "sig": 0.132, "h": 89.1, "scan": [0.51, 0.47, 0.66, 0.94, 1.17, 0.35, 0.87, 1.4, 1.07, 1.12, 0.56, 0.39, 0.35, 0.39, 0.53, 0.52]}
{"t": 1788319144.5, "sig": 0.121, "h": 84.9, "scan": [0.51, 0.48, 0.66, 0.94, 1.16, 0.36, 0.88, 1.4, 1.06, 1.12, 0.57, 0.39, 0.34, 0.4, 0.55, 0.53]}
{"t": 1788319144.8, "sig": 0.13, "h": 86.4, "scan": [0.5, 0.47, 0.66, 0.94, 1.16, 0.36, 0.86, 1.43, 1.08, 1.12, 0.55, 0.38, 0.34, 0.4, 0.54, 0.52]}
{"t": 1788319145.0, "sig": 0.132, "h": 87.4, "scan": [0.5, 0.47, 0.66, 0.94, 1.16, 0.34, 0.88, 1.39, 1.06, 1.11, 0.56, 0.38, 0.35, 0.41, 0.52, 0.53]}
{"t": 1788319145.3, "sig": 0.137, "h": 88.8, "scan": [0.53, 0.46, 0.65, 0.94, 1.15, 0.34, 0.86, 1.4, 1.05, 1.11, 0.56, 0.38, 0.36, 0.4, 0.53, 0.54]}
{"t": 1788319145.5, "sig": 0.128, "h": 84.0, "scan": [0.51, 0.47, 0.66, 0.92, 1.16, 0.34, 0.87, 1.4, 1.06, 1.1, 0.56, 0.4, 0.34, 0.38, 0.53, 0.54]}
{"t": 1788319145.8, "sig": 0.131, "h": 89.3, "scan": [0.51, 0.47, 0.67, 0.94, 1.17, 0.34, 0.88, -1.0, 1.07, 1.09, 0.56, 0.39, 0.32, 0.41, 0.54, 0.52]}
{"t": 1788319146.0, "sig": 0.133, "h": 88.5, "scan": [0.52, 0.47, 0.65, 0.94, 1.16, 0.35, 0.85, 1.39, 1.04, 1.08, 0.58, 0.39, -1.0, 0.4, 0.54, 0.52]}
{"t": 1788319146.3, "sig": 0.134, "h": 85.4, "scan": [0.51, 0.48, 0.67, 0.93, 1.16, 0.34, 0.88, 1.42, 1.08, 1.1, 0.59, 0.39, 0.34, 0.4, 0.53, 0.53]}
{"t": 1788319146.5, "sig": 0.158, "h": 86.9, "scan": [0.5, 0.47, 0.67, 0.92, 1.17, 0.33, 0.86, 1.4, 1.06, 1.1, 0.57, 0.35, 0.35, 0.39, 0.52, 0.52]}
{"t": 1788319146.8, "sig": 0.137, "h": 89.6, "scan": [0.53, 0.45, 0.68, 0.94, 1.16, 0.34, 0.88, 1.4, 1.05, 1.12, 0.56, 0.39, 0.36, 0.4, 0.52, 0.53]}
{"t": 1788319147.1, "sig": 0.138, "h": 87.1, "scan": [0.51, 0.47, 0.67, 0.94, 1.16, 0.35, 0.88, 1.39, 1.07, 1.09, 0.56, 0.37, 0.35, 0.4, 0.52, 0.5]}
{"t": 1788319147.3, "sig": 0.133, "h": 87.2, "scan": [0.51, 0.47, 0.65, 0.95, 1.16, -1.0, 0.86, 1.4, 1.07, 1.12, 0.55, 0.37, 0.35, 0.39, 0.52, 0.52]}
{"t": 1788319147.6, "sig": 0.158, "h": 83.6, "scan": [0.51, 0.46, 0.67, 0.94, 1.15, 0.34, 0.87, 1.4, 1.08, 1.12, 0.56, 0.38, 0.34, 0.38, 0.54, 0.51]}
{"t": 1788319147.8, "sig": 0.15, "h": 87.7, "scan": [0.51, 0.47, 0.66, 0.94, 1.15, 0.34, 0.85, 1.4, 1.06, 1.09, 0.58, 0.36, 0.35, 0.39, 0.52, 0.52]}
{"t": 1788319148.1, "sig": 0.167, "h": 83.4, "scan": [0.51, 0.47, 0.67, 0.95, 1.16, 0.35, 0.85, 1.39, 1.07, 1.11, 0.56, 0.38, 0.34, 0.4, 0.53, 0.5]}
{"t": 1788319148.3, "sig": 0.171, "h": 88.1, "scan": [0.51, 0.46, 0.67, 0.94, 1.17, 0.33, 0.87, 1.41, 1.06, 1.09, 0.55, 0.38, 0.35, 0.41, 0.53, 0.51]}
{"t": 1788319148.6, "sig": 0.186, "h": 84.7, "scan": [0.49, 0.47, 0.67, 0.95, 1.15, 0.34, 0.86, 1.4, 1.08, 1.09, 0.57, 0.39, 0.34, 0.39, 0.52, 0.52]}
{"t": 1788319148.8, "sig": 0.203, "h": 83.6, "scan": [0.5, 0.48, 0.67, 0.94, 1.17, 0.35, 0.84, 1.4, 1.05, 1.1, 0.55, 0.37, 0.33, 0.41, 0.53, 0.51]}
{"t": 1788319149.1, "sig": 0.199, "h": 85.8, "scan": [0.52, 0.46, 0.66, 0.93, 1.16, 0.32, 0.87, 1.4, 1.07, 1.11, 0.56, 0.37, 0.36, 0.4, 0.52, 0.52]}
{"t": 1788319149.4, "sig": 0.206, "h": 83.5, "scan": [0.5, 0.47, 0.68, 0.94, 1.16, 0.35, 0.87, 1.42, 1.06, 1.08, 0.57, 0.37, 0.34, 0.4, 0.54, 0.52]}
{"t": 1788319149.6, "sig": 0.222, "h": 84.5, "scan": [0.53, 0.47, 0.67, 0.94, 1.16, 0.35, 0.87, 1.39, 1.06, 1.09, 0.57, 0.39, 0.34, 0.4, 0.51, 0.51]}
{"t": 1788319149.9, "sig": 0.237, "h": 85.8, "scan": [0.5, 0.47, 0.64, 0.93, 1.16, 0.34, 0.86, 1.41, 1.05, 1.09, 0.56, 0.37, 0.34, 0.4, 0.51, 0.54]}
{"t": 1788319150.1, "sig": 0.231, "h": 85.9, "scan": [0.53, 0.49, 0.66, 0.94, 1.16, 0.33, 0.86, 1.4, 1.07, 1.09, 0.56, 0.39, 0.34, 0.4, 0.53, 0.53]}
{"t": 1788319150.4, "sig": 0.247, "h": 84.6, "scan": [0.49, 0.46, 0.66, 0.96, 1.16, 0.33, 0.86, 1.42, 1.07, 1.09, 0.55, 0.37, 0.35, 0.39, 0.53, 0.53]}
{"t": 1788319150.7, "sig": 0.266, "h": 83.0, "scan": [0.51, 0.47, 0.65, 0.93, 1.18, 0.33, 0.88, 1.38, 1.05, 1.1, 0.55, 0.37, 0.33, 0.4, 0.54, 0.53]}
{"t": 1788319150.9, "sig": 0.275, "h": 89.6, "scan": [0.5, 0.47, 0.66, 0.94, 1.16, 0.33, 0.85, 1.39, -1.0, 1.08, 0.56, 0.38, 0.34, 0.4, 0.54, 0.52]}
{"t": 1788319151.2, "sig": 0.286, "h": 87.1, "scan": [0.5, 0.46, 0.67, 0.94, 1.16, 0.34, 0.87, 1.4, 1.06, 1.1, 0.59, 0.38, 0.35, 0.39, 0.55, 0.51]}
{"t": 1788319151.4, "sig": 0.296, "h": 85.2, "scan": [0.51, 0.47, 0.66, 0.94, 1.18, 0.34, 0.88, 1.4, 1.03, 1.08, 0.56, 0.36, 0.34, 0.41, 0.53, 0.53]}
{"t": 1788319151.7, "sig": 0.319, "h": 87.1, "scan": [0.52, 0.48, 0.67, 0.95, 1.17, 0.34, 0.86, 1.39, 1.05, 1.11, 0.55, 0.38, 0.34, 0.39, 0.52, 0.52]}
{"t": 1788319151.9, "sig": 0.308, "h": 87.5, "scan": [0.51, 0.46, 0.66, 0.95, 1.15, 0.35, 0.84, 1.42, 1.09, 1.1, 0.58, 0.39, 0.35, 0.4, 0.53, 0.52]}
{"t": 1788319152.2, "sig": 0.312, "h": 87.0, "scan": [0.51, 0.46, 0.68, 0.93, 1.18, 0.33, 0.86, 1.39, 1.06, 1.09, 0.55, 0.38, 0.34, 0.41, 0.53, 0.53]}
{"t": 1788319152.4, "sig": 0.292, "h": 87.5, "scan": [0.51, 0.48, 0.66, 0.93, 1.15, 0.33, 0.85, 1.41, 1.08, 1.11, 0.56, 0.38, 0.33, 0.39, 0.54, 0.5]}
{"t": 1788319152.7, "sig": 0.305, "h": 85.5, "scan": [0.51, 0.47, 0.67, 0.93, 1.18, 0.34, 0.85, 1.41, 1.08, 1.09, 0.56, 0.4, 0.35, 0.41, 0.55, 0.52]}
{"t": 1788319152.9, "sig": 0.321, "h": 83.7, "scan": [0.51, 0.49, 0.66, 0.94, 1.17, 0.35, 0.87, 1.41, 1.06, 1.1, 0.58, 0.39, 0.35, 0.38, 0.53, 0.51]}
{"t": 1788319153.2, "sig": 0.325, "h": 83.1, "scan": [0.49, 0.46, 0.67, 0.92, 1.18, 0.34, 0.85, 1.38, 1.06, 1.1, 0.56, 0.39, 0.34, 0.4, 0.53, 0.53]}
{"t": 1788319153.4, "sig": 0.332, "h": 82.6, "scan": [0.53, 0.48, 0.66, 0.95, 1.16, 0.33, 0.85, 1.4, 1.05, 1.1, 0.57, 0.37, 0.35, 0.41, 0.53, 0.53]}
{"t": 1788319153.7, "sig": 0.342, "h": 84.5, "scan": [0.51, 0.46, 0.67, 0.93, 1.16, 0.33, 0.85, 1.39, 1.07, 1.09, 0.57, 0.37, 0.36, 0.4, 0.54, 0.52]}
{"t": 1788319153.9, "sig": 0.342, "h": 84.3, "scan": [0.5, 0.46, 0.67, 0.95, 1.14, 0.34, 0.88, 1.41, 1.1, 1.11, 0.56, 0.39, 0.34, 0.38, 0.54, 0.51]}
{"t": 1788319154.2, "sig": 0.341, "h": 88.4, "scan": [0.52, 0.47, 0.67, 0.94, 1.15, 0.34, 0.87, 1.4, 1.06, 1.11, 0.56, 0.39, 0.32, 0.4, 0.53, 0.54]}
{"t": 1788319154.5, "sig": 0.347, "h": 86.8, "scan": [0.53, 0.47, 0.67, 0.94, 1.15, 0.32, 0.85, 1.4, 1.08, 1.09, 0.57, 0.37, -1.0, 0.39, 0.51, 0.53]}
{"t": 1788319154.7, "sig": 0.349, "h": 88.3, "scan": [0.52, 0.47, 0.65, 0.92, 1.15, 0.34, 0.87, 1.41, 1.09, 1.1, 0.56, 0.38, 0.35, 0.39, 0.53, 0.53]}
{"t": 1788319155.0, "sig": 0.365, "h": 85.2, "scan": [0.49, 0.48, 0.67, 0.94, 1.17, 0.34, 0.87, 1.38, 1.06, 1.07, -1.0, 0.38, 0.34, 0.41, 0.51, 0.54]}
{"t": 1788319155.2, "sig": 0.354, "h": 83.8, "scan": [0.49, 0.49, 0.65, 0.95, 1.17, 0.34, 0.84, 1.41, 1.07, 1.1, 0.56, 0.38, 0.34, 0.39, 0.53, 0.53]}
{"t": 1788319155.5, "sig": 0.325, "h": 85.3, "scan": [0.51, 0.45, 0.67, 0.94, 1.16, 0.34, 0.87, 1.42, 1.06, 1.09, 0.57, 0.36, 0.33, 0.41, 0.54, 0.54]}
{"t": 1788319155.7, "sig": 0.346, "h": 87.2, "scan": [0.51, 0.47, 0.66, 0.94, 1.15, 0.34, 0.86, 1.38, 1.07, 1.1, 0.57, 0.36, 0.33, 0.4, 0.5, 0.53]}
{"t": 1788319156.0, "sig": 0.348, "h": 87.3, "scan": [0.52, 0.45, 0.66, 0.94, 1.15, 0.33, 0.87, 1.4, 1.07, 1.11, 0.57, 0.37, 0.35, 0.38, 0.53, 0.53]}
{"t": 1788319156.2, "sig": 0.336, "h": 83.6, "scan": [0.52, 0.46, 0.66, 0.95, 1.18, 0.34, 0.85, 1.4, 1.06, 1.08, 0.57, 0.38, 0.35, 0.39, 0.53, 0.52]}
{"t": 1788319156.5, "sig": 0.342, "h": 86.4, "scan": [0.5, 0.47, 0.67, 0.95, 1.17, 0.35, 0.85, 1.39, 1.09, 1.07, 0.57, 0.38, 0.34, 0.4, 0.52, 0.54]}
{"t": 1788319156.7, "sig": 0.338, "h": 86.1, "scan": [0.5, 0.48, 0.64, 0.94, 1.15, 0.36, 0.87, 1.41, 1.07, 1.09, 0.56, 0.36, 0.33, 0.39, 0.53, 0.51]}
{"t": 1788319157.0, "sig": 0.343, "h": 87.1, "scan": [0.51, 0.47, 0.66, 0.96, -1.0, 0.32, 0.87, 1.4, 1.06, 1.1, 0.57, 0.36, 0.34, 0.4, -1.0, 0.52]}
{"t": 1788319157.2, "sig": 0.353, "h": 85.9, "scan": [0.52, 0.47, 0.67, 0.94, 1.17, 0.33, 0.87, 1.41, 1.06, 1.1, 0.56, 0.36, 0.34, 0.4, 0.52, 0.52]}
{"t": 1788319157.5, "sig": 0.346, "h": 85.2, "scan": [0.5, 0.47, 0.65, 0.93, 1.16, 0.34, 0.88, 1.39, 1.05, 1.07, 0.57, 0.38, 0.34, 0.39, 0.53, 0.53]}
{"t": 1788319157.7, "sig": 0.335, "h": 83.0, "scan": [0.52, 0.48, 0.64, 0.93, 1.14, 0.34, 0.87, 1.4, 1.07, 1.09, 0.56, 0.38, 0.36, 0.4, 0.53, 0.54]}
{"t": 1788319158.0, "sig": 0.338, "h": 87.3, "scan": [0.5, 0.48, 0.67, 0.95, 1.17, 0.34, 0.88, 1.39, 1.06, 1.11, -1.0, 0.39, 0.34, 0.38, 0.51, 0.53]}
{"t": 1788319158.3, "sig": 0.344, "h": 86.1, "scan": [0.51, 0.47, 0.66, 0.95, 1.15, 0.34, 0.87, 1.41, 1.07, 1.09, 0.54, 0.38, 0.33, 0.39, 0.52, 0.52]}
{"t": 1788319158.5, "sig": 0.354, "h": 86.5, "scan": [0.52, 0.47, 0.66, 0.95, 1.16, 0.33, 0.86, 1.41, 1.08, 1.09, 0.55, 0.38, 0.34, 0.4, 0.52, 0.51]}
{"t": 1788319158.8, "sig": 0.353, "h": 83.1, "scan": [0.49, 0.48, -1.0, 0.94, 1.17, 0.35, 0.86, 1.4, 1.07, 1.11, 0.58, 0.38, 0.35, 0.41, 0.53, 0.52]}
{"t": 1788319159.0, "sig": 0.35, "h": 87.3, "scan": [0.52, 0.46, 0.66, 0.93, 1.17, 0.36, 0.87, 1.4, 1.07, 1.09, 0.58, 0.38, 0.35, 0.39, 0.52, 0.54]}
{"t": 1788319159.3, "sig": 0.345, "h": 89.0, "scan": [0.51, 0.48, 0.66, 0.96, 1.16, 0.33, 0.87, 1.41, 1.04, 1.1, 0.57, 0.38, 0.35, 0.4, 0.53, 0.52]}
{"t": 1788319159.6, "sig": 0.334, "h": 85.4, "scan": [0.53, 0.47, 0.66, 0.94, 1.15, 0.34, 0.86, 1.41, 1.07, 1.1, 0.58, 0.38, 0.34, 0.4, 0.51, 0.52]}
{"t": 1788319159.8, "sig": 0.349, "h": 82.0, "scan": [0.49, 0.48, 0.65, 0.93, 1.17, 0.35, 0.86, 1.38, 1.07, 1.1, 0.57, 0.38, 0.36, 0.4, 0.54, 0.52]}
{"t": 1788319160.1, "sig": 0.338, "h": 88.0, "scan": [0.5, 0.48, 0.65, 0.93, 1.16, 0.36, 0.87, 1.41, 1.06, 1.11, 0.57, 0.37, 0.36, 0.39, 0.51, 0.54]}
{"t": 1788319160.4, "sig": 0.342, "h": 87.3, "scan": [0.51, 0.45, 0.67, 0.94, 1.16, 0.35, 0.88, 1.42, 1.05, 1.1, 0.56, 0.37, 0.33, 0.39, 0.53, 0.53]}
{"t": 1788319160.6, "sig": 0.34, "h": 86.3, "scan": [0.51, 0.47, 0.67, 0.94, 1.15, 0.34, 0.87, 1.4, 1.07, 1.09, 0.55, 0.37, 0.34, 0.4, 0.53, 0.52]}
{"t": 1788319160.9, "sig": 0.349, "h": 86.9, "scan": [0.51, 0.47, 0.66, 0.93, 1.17, 0.34, 0.86, 1.4, 1.05, 1.09, 0.58, 0.38, 0.34, 0.42, 0.52, 0.51]}
{"t": 1788319161.1, "sig": 0.342, "h": 88.3, "scan": [0.51, 0.48, 0.67, 0.94, 1.14, 0.35, 0.87, 1.39, 1.07, 1.1, 0.57, 0.38, 0.35, 0.39, 0.53, 0.53]}
{"t": 1788319161.4, "sig": 0.336, "h": 83.5, "scan": [0.5, 0.48, 0.67, 0.96, 1.16, 0.34, 0.86, 1.39, 1.07, 1.11, 0.56, 0.36, 0.34, 0.39, 0.53, 0.54]}
{"t": 1788319161.7, "sig": 0.358, "h": 83.1, "scan": [0.51, 0.45, 0.67, 0.94, 1.15, 0.33, 0.88, 1.39, 1.06, 1.09, 0.56, 0.38, 0.35, 0.4, 0.54, 0.52]}
{"t": 1788319162.0, "sig": 0.328, "h": 83.6, "scan": [-1.0, 0.46, 0.66, 0.92, 1.16, 0.36, 0.87, 1.39, 1.07, 1.12, 0.55, 0.37, 0.36, 0.4, 0.53, 0.51]}
{"t": 1788319162.3, "sig": 0.351, "h": 88.3, "scan": [0.51, 0.48, 0.66, 0.95, 1.18, 0.35, 0.86, -1.0, 1.08, 1.1, 0.58, 0.38, 0.35, 0.39, 0.52, 0.53]}
{"t": 1788319162.5, "sig": 0.338, "h": 86.0, "scan": [0.5, 0.47, 0.68, 0.96, 1.14, 0.36, 0.88, 1.41, 1.08, 1.1, 0.57, -1.0, 0.34, 0.41, 0.51, 0.52]}
{"t": 1788319162.8, "sig": 0.339, "h": 86.1, "scan": [0.52, 0.48, 0.65, 0.94, 1.14, 0.34, 0.88, 1.4, 1.07, 1.11, 0.58, 0.39, 0.35, 0.41, 0.52, 0.51]}
{"t": 1788319163.0, "sig": 0.327, "h": 87.5, "scan": [0.49, 0.48, 0.66, 0.93, 1.16, 0.35, 0.87, 1.39, 1.05, 1.09, 0.55, 0.38, 0.33, 0.39, 0.52, 0.52]}
{"t": 1788319163.3, "sig": 0.338, "h": 83.6, "scan": [0.51, 0.48, 0.67, 0.93, 1.18, 0.33, 0.86, 1.41, 1.06, 1.08, 0.56, 0.37, 0.35, 0.38, 0.52, 0.52]}
{"t": 1788319163.5, "sig": 0.331, "h": 83.5, "scan": [0.51, 0.48, 0.67, 0.95, 1.15, 0.3, 0.86, 1.41, 1.06, 1.08, 0.56, 0.38, 0.35, 0.39, 0.5, 0.53]}
{"t": 1788319163.8, "sig": 0.343, "h": 83.5, "scan": [0.5, 0.46, 0.66, 0.94, 1.18, 0.34, 0.87, 1.39, 1.09, 1.1, 0.58, 0.37, 0.34, 0.4, 0.53, 0.51]}
{"t": 1788319164.0, "sig": 0.325, "h": 85.9, "scan": [0.51, 0.47, 0.67, 0.95, 1.17, 0.34, 0.86, 1.41, 1.07, 1.09, 0.56, 0.38, 0.34, -1.0, 0.53, 0.53]}
{"t": 1788319164.3, "sig": 0.352, "h": 85.4, "scan": [0.52, 0.47, 0.65, 0.95, 1.17, 0.34, 0.86, 1.4, 1.08, 1.1, 0.58, 0.39, 0.34, 0.4, 0.53, 0.52]}
{"t": 1788319164.6, "sig": 0.358, "h": 88.0, "scan": [0.53, 0.49, 0.67, 0.94, 1.16, 0.35, 0.87, 1.4, 1.07, 1.12, 0.56, 0.39, 0.34, 0.4, 0.53, 0.53]}
{"t": 1788319164.8, "sig": 0.337, "h": 88.5, "scan": [0.52, 0.48, 0.65, 0.94, 1.16, 0.35, 0.87, 1.38, 1.08, 1.09, 0.57, 0.37, 0.35, 0.39, 0.52, 0.54]}
{"t": 1788319165.1, "sig": 0.333, "h": 84.9, "scan": [0.51, 0.46, 0.67, 0.94, -1.0, 0.35, 0.85, 1.41, 1.08, 1.11, 0.58, 0.37, 0.34, 0.4, 0.53, 0.52]}
{"t": 1788319165.3, "sig": 0.331, "h": 83.7, "scan": [0.52, 0.48, 0.66, 0.93, 1.16, 0.34, 0.85, 1.4, 1.06, 1.1, 0.58, 0.38, 0.35, 0.38, 0.54, 0.51]}
{"t": 1788319165.6, "sig": 0.329, "h": 84.7, "scan": [0.51, 0.48, 0.65, 0.94, 1.16, 0.36, 0.86, 1.41, 1.07, 1.09, 0.57, 0.36, 0.35, 0.4, 0.54, 0.51]}
{"t": 1788319165.9, "sig": 0.345, "h": 84.1, "scan": [0.51, 0.46, 0.66, 0.94, 1.15, 0.35, 0.88, 1.4, 1.07, 1.1, 0.56, 0.38, 0.34, 0.4, 0.53, 0.53]}
{"t": 1788319166.2, "sig": 0.342, "h": 86.8, "scan": [0.49, 0.46, 0.66, 0.94, 1.17, 0.35, 0.86, 1.41, 1.07, 1.09, 0.55, 0.38, 0.34, 0.39, 0.55, 0.53]}
{"t": 1788319166.4, "sig": 0.343, "h": 83.3, "scan": [0.5, 0.46, 0.67, 0.94, 1.16, 0.33, 0.88, 1.41, 1.05, 1.09, 0.57, 0.37, 0.33, 0.38, 0.52, 0.53]}
{"t": 1788319166.7, "sig": 0.346, "h": 83.3, "scan": [0.52, 0.47, 0.66, 0.96, 1.18, 0.36, 0.86, 1.39, -1.0, 1.07, 0.57, 0.38, 0.35, 0.4, 0.52, 0.54]}
{"t": 1788319167.0, "sig": 0.345, "h": 83.1, "scan": [0.51, 0.46, 0.67, 0.94, 1.15, 0.34, -1.0, 1.41, 1.06, 1.1, 0.57, 0.38, 0.35, 0.41, 0.53, 0.53]}
{"t": 1788319167.3, "sig": 0.338, "h": 85.6, "scan": [0.49, 0.45, 0.67, 0.94, 1.16, 0.34, 0.86, 1.4, 1.05, 1.09, 0.56, 0.37, 0.33, 0.39, 0.5, 0.53]}
{"t": 1788319167.5, "sig": 0.343, "h": 84.9, "scan": [0.52, 0.46, 0.66, 0.92, 1.18, 0.34, 0.87, 1.4, 1.05, 1.08, 0.56, 0.38, 0.33, 0.4, 0.53, 0.54]}
{"t": 1788319167.8, "sig": 0.336, "h": 85.8, "scan": [0.52, 0.48, 0.67, 0.96, 1.16, 0.33, 0.87, 1.41, 1.07, 1.1, 0.57, 0.37, 0.35, 0.38, 0.51, 0.54]}
{"t": 1788319168.1, "sig": 0.342, "h": 82.5, "scan": [0.51, 0.49, 0.66, 0.92, 1.17, 0.35, 0.87, 1.41, 1.08, 1.1, 0.57, 0.39, 0.35, 0.41, 0.53, 0.53]}
{"t": 1788319168.3, "sig": 0.341, "h": 86.1, "scan": [0.52, 0.49, 0.65, 0.95, 1.16, 0.34, 0.87, 1.39, 1.05, 1.07, 0.55, 0.37, 0.36, 0.41, 0.52, 0.53]}
{"t": 1788319168.6, "sig": 0.34, "h": 85.9, "scan": [0.52, 0.48, 0.66, 0.95, 1.18, 0.35, 0.88, 1.4, 1.06, 1.1, 0.58, 0.38, 0.35, 0.39, 0.52, 0.53]}
{"t": 1788319168.8, "sig": 0.332, "h": 84.9, "scan": [0.49, 0.47, 0.66, 0.94, 1.16, 0.34, 0.86, 1.38, 1.08, 1.1, 0.57, 0.37, 0.35, 0.39, 0.53, 0.52]}
{"t": 1788319169.1, "sig": 0.347, "h": 83.3, "scan": [0.5, 0.46, 0.65, 0.93, 1.16, 0.35, 0.87, 1.41, 1.07, 1.09, 0.55, 0.38, 0.33, 0.39, 0.55, 0.51]}
{"t": 1788319169.3, "sig": 0.337, "h": 87.5, "scan": [0.52, 0.46, 0.67, 0.94, 1.15, 0.35, 0.86, 1.4, 1.06, 1.09, 0.57, 0.37, 0.34, 0.41, 0.53, 0.52]}
{"t": 1788319169.6, "sig": 0.35, "h": 86.2, "scan": [0.5, 0.46, 0.65, 0.94, 1.15, 0.33, 0.84, 1.4, 1.09, 1.09, 0.56, 0.38, 0.36, 0.4, 0.52, 0.51]}
{"t": 1788319169.9, "sig": 0.342, "h": 87.5, "scan": [0.51, 0.48, 0.66, 0.95, 1.14, 0.34, 0.86, 1.41, 1.08, 1.09, 0.58, 0.39, 0.35, 0.39, 0.53, 0.53]}
{"t": 1788319170.1, "sig": 0.342, "h": 81.1, "scan": [0.54, 0.48, 0.67, -1.0, 1.16, 0.33, 0.88, 1.39, 1.06, 1.1, 0.57, 0.38, 0.35, 0.37, 0.52, 0.51]}
{"t": 1788319170.4, "sig": 0.341, "h": 84.0, "scan": [0.5, 0.48, 0.67, 0.94, 1.16, 0.35, 0.86, 1.4, 1.08, 1.1, 0.59, 0.38, 0.35, 0.39, 0.53, 0.51]}
{"t": 1788319170.6, "sig": 0.341, "h": 85.3, "scan": [0.52, 0.46, 0.67, 0.95, 1.18, 0.35, 0.87, 1.4, 1.07, 1.1, 0.57, 0.4, 0.34, 0.4, 0.52, 0.52]}
{"t": 1788319170.9, "sig": 0.331, "h": 86.9, "scan": [0.5, 0.47, 0.66, 0.92, 1.16, 0.34, 0.88, 1.39, 1.06, 1.09, 0.58, 0.39, 0.33, 0.39, 0.52, 0.53]}
{"t": 1788319171.1, "sig": 0.337, "h": 86.7, "scan": [0.51, 0.48, 0.67, 0.94, 1.18, 0.34, 0.86, 1.4, 1.05, 1.08, 0.56, 0.38, 0.35, 0.4, 0.52, 0.52]}
{"t": 1788319171.4, "sig": 0.343, "h": 85.7, "scan": [0.51, 0.48, 0.66, 0.93, 1.15, 0.34, 0.87, 1.42, 1.08, 1.09, 0.57, 0.38, 0.34, 0.38, 0.51, 0.53]}
{"t": 1788319171.6, "sig": 0.337, "h": 82.6, "scan": [0.49, 0.48, 0.67, 0.94, 1.16, 0.33, 0.86, 1.39, 1.05, 1.09, 0.58, 0.37, 0.36, 0.4, 0.53, 0.52]}
{"t": 1788319171.9, "sig": 0.335, "h": 88.1, "scan": [0.5, 0.47, 0.65, 0.95, 1.15, 0.36, 0.85, 1.39, 1.06, 1.1, 0.57, 0.38, 0.34, 0.41, 0.51, 0.52]}
{"t": 1788319172.1, "sig": 0.34, "h": 87.8, "scan": [0.51, 0.47, 0.68, 0.95, 1.15, 0.34, 0.87, 1.37, 1.06, 1.09, 0.58, 0.37, 0.32, 0.42, 0.54, 0.52]}
{"t": 1788319172.4, "sig": 0.329, "h": 85.9, "scan": [0.49, 0.49, 0.66, 0.94, 1.17, 0.34, 0.86, 1.4, 1.06, 1.1, 0.58, 0.37, 0.33, 0.39, 0.51, 0.53]}
{"t": 1788319172.6, "sig": 0.327, "h": 85.5, "scan": [0.51, 0.49, 0.67, 0.95, 1.16, 0.33, 0.86, 1.4, 1.07, 1.11, 0.59, 0.39, 0.34, 0.38, 0.52, 0.51]}
{"t": 1788319172.9, "sig": 0.346, "h": 83.7, "scan": [0.5, 0.46, 0.64, 0.94, 1.17, 0.34, 0.87, 1.41, 1.05, 1.08, 0.57, 0.37, 0.35, 0.39, 0.52, 0.53]}
{"t": 1788319173.2, "sig": 0.335, "h": 84.4, "scan": [0.51, 0.45, 0.66, 0.95, 1.15, 0.34, 0.85, 1.41, 1.06, 1.1, 0.56, 0.38, 0.36, 0.41, 0.52, 0.53]}
{"t": 1788319173.4, "sig": 0.337, "h": 85.5, "scan": [0.5, 0.47, 0.66, 0.94, 1.16, 0.34, 0.85, 1.42, 1.06, 1.09, 0.56, 0.38, 0.34, 0.42, 0.52, 0.52]}
{"t": 1788319173.7, "sig": 0.342, "h": 88.9, "scan": [0.51, 0.48, 0.67, 0.92, 1.16, 0.35, 0.88, 1.41, 1.06, 1.1, 0.55, 0.38, 0.35, 0.42, 0.53, 0.53]}
{"t": 1788319173.9, "sig": 0.331, "h": 85.1, "scan": [0.5, 0.47, 0.67, 0.94, 1.16, 0.35, 0.86, 1.4, 1.08, 1.1, 0.57, 0.39, 0.35, 0.4, 0.53, 0.52]}
{"t": 1788319174.2, "sig": 0.359, "h": 87.2, "scan": [0.49, 0.47, 0.64, 0.94, 1.16, 0.35, -1.0, 1.39, 1.07, 1.09, 0.56, 0.37, 0.35, 0.39, 0.54, 0.54]}
{"t": 1788319174.4, "sig": 0.347, "h": 84.3, "scan": [0.5, 0.48, 0.67, 0.93, 1.18, 0.34, 0.85, 1.41, 1.07, 1.09, 0.56, 0.37, 0.34, 0.39, 0.53, 0.52]}
{"t": 1788319174.7, "sig": 0.349, "h": 86.9, "scan": [0.5, 0.48, 0.66, 0.95, 1.15, 0.35, 0.87, 1.41, 1.07, 1.1, 0.56, 0.38, 0.33, 0.39, 0.53, 0.5]}
{"t": 1788319174.9, "sig": 0.346, "h": 86.2, "scan": [0.53, 0.47, 0.66, 0.93, 1.16, 0.35, 0.88, 1.4, 1.06, 1.09, 0.58, 0.36, 0.35, 0.39, 0.52, 0.53]}
{"t": 1788319175.2, "sig": 0.331, "h": 85.9, "scan": [0.51, 0.48, 0.66, 0.94, 1.17, 0.36, 0.88, 1.39, 1.07, 1.09, 0.56, 0.38, 0.33, 0.4, 0.53, 0.52]}
{"t": 1788319175.5, "sig": 0.343, "h": 83.0, "scan": [0.51, 0.48, 0.66, 0.94, 1.16, 0.36, 0.85, 1.41, 1.06, 1.12, 0.56, 0.38, 0.32, 0.41, 0.52, 0.52]}
{"t": 1788319175.8, "sig": 0.338, "h": 85.5, "scan": [0.53, 0.49, 0.67, 0.96, 1.17, 0.34, 0.86, 1.4, 1.07, 1.1, 0.55, 0.36, 0.35, 0.38, 0.53, 0.52]}
{"t": 1788319176.0, "sig": 0.346, "h": 85.3, "scan": [0.53, 0.47, 0.67, 0.95, 1.15, 0.35, 0.87, 1.4, 1.08, 1.08, 0.57, 0.38, 0.33, 0.39, 0.55, 0.52]}
{"t": 1788319176.3, "sig": 0.357, "h": 86.2, "scan": [0.49, 0.47, 0.64, 0.93, 1.16, 0.34, 0.88, 1.38, 1.05, 1.09, 0.56, 0.37, 0.34, 0.4, 0.52, 0.54]}
{"t": 1788319176.5, "sig": 0.336, "h": 83.1, "scan": [0.52, 0.47, 0.67, 0.94, 1.13, 0.34, 0.88, 1.41, 1.06, 1.11, 0.57, 0.38, 0.34, 0.39, 0.51, 0.52]}
{"t": 1788319176.8, "sig": 0.332, "h": 87.4, "scan": [0.5, 0.47, 0.65, 0.93, 1.16, 0.34, 0.85, 1.4, 1.05, 1.11, 0.57, 0.39, 0.34, 0.41, 0.5, 0.53]}
{"t": 1788319177.0, "sig": 0.322, "h": 88.5, "scan": [0.52, 0.46, 0.68, 0.94, 1.16, 0.33, 0.85, 1.4, -1.0, 1.12, 0.57, 0.4, 0.34, 0.4, 0.54, 0.53]}
{"t": 1788319177.3, "sig": 0.339, "h": 85.3, "scan": [0.49, 0.47, 0.66, 0.94, 1.17, 0.34, 0.88, 1.39, 1.07, 1.11, 0.57, 0.39, 0.35, 0.39, 0.5, 0.52]}
{"t": 1788319177.5, "sig": 0.335, "h": 85.1, "scan": [0.52, 0.47, 0.66, 0.94, 1.17, 0.33, 0.86, 1.41, 1.07, 1.1, 0.57, 0.37, 0.34, 0.4, 0.53, 0.52]}
{"t": 1788319177.8, "sig": 0.342, "h": 84.5, "scan": [0.5, 0.47, 0.67, 0.94, 1.16, 0.35, 0.87, 1.42, 1.07, 1.09, 0.59, 0.39, 0.35, 0.4, 0.54, 0.52]}
{"t": 1788319178.0, "sig": 0.326, "h": 85.6, "scan": [0.51, 0.47, 0.67, 0.94, 1.16, 0.35, 0.88, 1.41, 1.08, 1.1, 0.56, 0.37, 0.34, 0.4, 0.51, 0.51]}
{"t": 1788319178.3, "sig": 0.329, "h": 84.8, "scan": [0.52, 0.48, 0.67, 0.96, 1.16, 0.34, 0.86, 1.41, 1.06, 1.1, 0.56, 0.38, 0.35, 0.4, 0.54, 0.53]}
{"t": 1788319178.5, "sig": 0.339, "h": 86.4, "scan": [0.52, 0.47, 0.67, 0.95, 1.17, 0.35, 0.86, 1.4, 1.06, 1.09, 0.55, 0.38, 0.34, 0.4, 0.52, 0.52]}
{"t": 1788319178.8, "sig": 0.338, "h": 82.7, "scan": [0.51, 0.47, 0.66, 0.94, 1.14, 0.36, 0.87, 1.42, 1.07, 1.09, 0.56, 0.38, 0.34, 0.39, 0.52, 0.53]}
{"t": 1788319179.0, "sig": 0.335, "h": 86.3, "scan": [0.51, 0.46, 0.67, 0.95, 1.17, 0.35, 0.86, 1.4, 1.06, 1.1, 0.56, 0.38, 0.33, 0.39, 0.51, 0.54]}
{"t": 1788319179.3, "sig": 0.34, "h": 85.8, "scan": [0.51, 0.48, 0.66, 0.93, 1.16, 0.35, 0.87, 1.4, 1.07, 1.09, 0.58, 0.38, 0.36, 0.39, 0.53, 0.53]}
{"t": 1788319179.6, "sig": 0.362, "h": 82.0, "scan": [0.51, 0.47, 0.66, 0.93, 1.17, 0.33, 0.87, 1.4, 1.05, 1.09, 0.55, 0.39, 0.33, 0.39, 0.51, 0.51]}
{"t": 1788319179.8, "sig": 0.328, "h": 89.5, "scan": [0.5, 0.48, 0.67, 0.94, 1.13, 0.34, 0.86, 1.41, 1.06, 1.08, 0.57, 0.38, 0.34, 0.38, 0.52, 0.54]}
{"t": 1788319180.1, "sig": 0.354, "h": 85.4, "scan": [0.51, 0.47, 0.66, 0.95, 1.15, 0.33, 0.88, 1.4, 1.06, 1.1, 0.58, 0.38, 0.35, 0.4, 0.52, 0.54]}
{"t": 1788319180.3, "sig": 0.337, "h": 88.8, "scan": [0.52, 0.47, 0.67, 0.95, 1.17, 0.35, 0.87, 1.4, 1.06, 1.11, 0.58, 0.37, 0.33, 0.4, 0.54, 0.52]}
{"t": 1788319180.6, "sig": 0.342, "h": 86.5, "scan": [0.5, 0.49, 0.68, 0.92, 1.17, 0.35, 0.88, 1.4, 1.06, 1.09, 0.56, 0.37, 0.33, 0.39, 0.52, 0.53]}
{"t": 1788319180.8, "sig": 0.338, "h": 83.5, "scan": [0.53, 0.48, 0.65, 0.92, 1.16, 0.34, 0.84, 1.39, 1.06, 1.1, 0.56, 0.38, 0.35, 0.41, 0.51, 0.51]}
{"t": 1788319181.1, "sig": 0.329, "h": 85.0, "scan": [0.5, 0.48, 0.67, 0.95, 1.16, 0.36, 0.89, 1.4, 1.06, 1.1, 0.58, 0.37, 0.34, 0.41, 0.55, 0.52]}
{"t": 1788319181.3, "sig": 0.336, "h": 86.2, "scan": [0.52, 0.46, 0.65, 0.94, 1.16, 0.35, 0.86, 1.4, 1.07, 1.11, 0.54, 0.36, 0.33, 0.41, 0.53, 0.52]}
{"t": 1788319181.6, "sig": 0.338, "h": 83.6, "scan": [0.53, 0.47, 0.67, 0.94, 1.14, 0.33, 0.87, 1.4, 1.06, 1.09, 0.57, 0.38, 0.35, 0.41, 0.51, 0.52]}
{"t": 1788319181.9, "sig": 0.306, "h": 87.0, "scan": [0.51, -1.0, 0.67, 0.96, 1.16, 0.36, 0.87, 1.4, 1.06, 1.11, 0.56, 0.38, 0.36, 0.41, 0.53, 0.51]}
{"t": 1788319182.2, "sig": 0.315, "h": 86.3, "scan": [0.49, 0.45, 0.66, 0.93, 1.18, 0.34, 0.87, 1.4, 1.06, 1.1, 0.59, 0.37, 0.34, 0.41, 0.52, 0.52]}
{"t": 1788319182.4, "sig": 0.318, "h": 84.5, "scan": [0.51, 0.46, 0.67, 0.93, 1.16, 0.34, 0.87, 1.4, 1.05, 1.1, 0.57, 0.37, 0.33, 0.39, 0.53, 0.51]}
{"t": 1788319182.7, "sig": 0.308, "h": 85.2, "scan": [0.51, 0.47, 0.66, 0.94, 1.15, 0.36, 0.86, 1.41, 1.07, 1.09, 0.58, 0.38, 0.35, 0.4, 0.53, 0.53]}
{"t": 1788319182.9, "sig": 0.318, "h": 88.3, "scan": [0.51, 0.46, 0.67, 0.94, 1.15, 0.32, 0.87, 1.41, 1.06, 1.11, 0.57, 0.38, 0.35, 0.39, 0.55, 0.53]}
{"t": 1788319183.2, "sig": 0.324, "h": 83.7, "scan": [0.51, 0.46, 0.66, 0.94, 1.16, 0.35, 0.86, 1.41, 1.08, 1.1, 0.56, 0.38, 0.34, 0.41, 0.53, 0.5]}
{"t": 1788319183.5, "sig": 0.314, "h": 88.2, "scan": [0.48, 0.48, 0.66, 0.95, 1.15, 0.34, 0.86, 1.41, 1.06, 1.08, 0.56, 0.37, 0.36, 0.4, 0.54, 0.54]}
{"t": 1788319183.7, "sig": 0.329, "h": 85.9, "scan": [0.5, 0.49, 0.65, 0.94, 1.16, 0.35, 0.87, 1.39, 1.05, 1.1, 0.56, 0.37, 0.35, 0.4, 0.53, 0.5]}
{"t": 1788319184.0, "sig": 0.299, "h": 88.9, "scan": [0.5, 0.47, 0.66, 0.94, 1.14, 0.35, 0.88, 1.39, 1.06, 1.09, 0.56, 0.37, 0.34, 0.41, 0.53, 0.52]}
{"t": 1788319184.2, "sig": 0.331, "h": 89.6, "scan": [0.51, 0.47, 0.66, 0.93, 1.15, 0.35, 0.87, 1.41, 1.07, 1.08, 0.58, 0.36, 0.35, 0.39, 0.54, 0.52]}
{"t": 1788319184.5, "sig": 0.315, "h": 81.8, "scan": [0.5, 0.48, 0.64, 0.94, 1.16, 0.32, 0.87, 1.4, 1.05, 1.08, 0.56, 0.38, 0.34, 0.39, 0.54, 0.52]}
{"t": 1788319184.7, "sig": 0.308, "h": 83.9, "scan": [0.5, 0.48, 0.66, 0.96, 1.16, 0.34, 0.86, 1.4, 1.04, 1.1, 0.57, 0.39, 0.34, 0.4, 0.53, 0.52]}
{"t": 1788319185.0, "sig": 0.321, "h": 87.3, "scan": [0.52, 0.48, 0.67, 0.94, 1.16, 0.34, 0.87, 1.39, 1.06, 1.11, 0.56, 0.37, 0.34, 0.38, 0.53, 0.53]}
{"t": 1788319185.2, "sig": 0.319, "h": 85.8, "scan": [0.49, -1.0, 0.66, 0.94, 1.17, 0.34, 0.89, 1.4, 1.06, 1.08, 0.58, 0.38, 0.34, 0.4, 0.53, 0.54]}
{"t": 1788319185.5, "sig": 0.33, "h": 85.7, "scan": [0.5, 0.46, 0.66, 0.94, 1.18, 0.34, 0.86, 1.41, 1.06, 1.08, 0.55, 0.37, 0.35, 0.4, 0.52, 0.52]}
{"t": 1788319185.7, "sig": 0.308, "h": 88.9, "scan": [0.52, 0.47, 0.68, 0.97, 1.18, 0.34, 0.87, 1.43, 1.06, 1.08, 0.56, 0.38, -1.0, 0.41, 0.53, 0.51]}
{"t": 1788319186.0, "sig": 0.309, "h": 83.2, "scan": [0.52, 0.47, 0.66, 0.93, 1.17, 0.32, 0.87, 1.39, 1.08, 1.1, 0.55, 0.39, 0.35, 0.4, 0.53, 0.54]}
{"t": 1788319186.2, "sig": 0.3, "h": 86.7, "scan": [0.51, 0.47, 0.66, 0.93, 1.16, 0.35, 0.86, 1.37, 1.07, 1.1, 0.56, 0.39, 0.33, 0.41, 0.54, 0.51]}
{"t": 1788319186.5, "sig": 0.294, "h": 82.6, "scan": [0.55, 0.47, 0.67, 0.93, 1.17, 0.36, 0.87, 1.39, 1.07, 1.1, 0.57, 0.37, 0.34, -1.0, 0.51, 0.52]}
{"t": 1788319186.8, "sig": 0.279, "h": 84.2, "scan": [0.52, 0.47, 0.67, 0.94, 1.15, 0.35, 0.88, 1.41, 1.07, 1.08, 0.57, 0.37, 0.37, 0.41, 0.53, 0.5]}
{"t": 1788319187.0, "sig": 0.287, "h": 87.0, "scan": [0.5, 0.48, 0.68, 0.93, 1.16, 0.35, 0.86, 1.4, 1.08, 1.1, 0.57, 0.37, 0.34, 0.39, 0.53, 0.51]}
{"t": 1788319187.3, "sig": 0.274, "h": 87.4, "scan": [-1.0, 0.48, 0.67, 0.94, 1.17, 0.36, 0.87, 1.4, 1.07, 1.09, 0.58, 0.38, 0.33, 0.39, 0.54, 0.52]}
{"t": 1788319187.5, "sig": 0.27, "h": 87.9, "scan": [0.51, 0.46, 0.66, 0.93, 1.15, 0.34, 0.86, 1.39, 1.07, 1.09, 0.57, 0.38, 0.33, 0.38, 0.53, 0.53]}
{"t": 1788319187.8, "sig": 0.267, "h": 87.8, "scan": [0.5, 0.49, 0.66, 0.93, 1.16, 0.35, 0.87, 1.4, 1.07, 1.1, 0.56, 0.39, 0.33, 0.39, 0.54, 0.51]}
{"t": 1788319188.0, "sig": 0.262, "h": 85.5, "scan": [0.52, 0.49, 0.68, 0.94, 1.16, 0.36, 0.87, 1.41, 1.06, 1.09, 0.55, 0.37, 0.36, 0.38, 0.52, 0.52]}
{"t": 1788319188.3, "sig": 0.243, "h": 83.2, "scan": [0.5, 0.48, 0.68, 0.93, 1.16, 0.33, 0.86, 1.4, 1.06, 1.09, 0.58, 0.38, 0.33, 0.4, 0.53, 0.51]}
{"t": 1788319188.5, "sig": 0.246, "h": 82.8, "scan": [0.52, 0.47, 0.66, 0.95, 1.16, 0.37, 0.85, 1.4, 1.07, 1.09, 0.56, 0.37, 0.35, 0.4, 0.53, 0.53]}
{"t": 1788319188.8, "sig": 0.252, "h": 86.2, "scan": [0.49, 0.47, 0.67, 0.95, 1.16, 0.33, 0.87, 1.41, 1.07, 1.07, 0.55, 0.39, 0.36, 0.4, 0.53, 0.53]}
{"t": 1788319189.0, "sig": 0.223, "h": 84.1, "scan": [0.54, 0.49, 0.66, 0.94, 1.16, 0.37, 0.86, 1.38, 1.08, 1.1, 0.57, 0.37, 0.34, 0.4, 0.54, 0.53]}
{"t": 1788319189.3, "sig": 0.225, "h": 87.0, "scan": [0.52, 0.5, 0.65, 0.93, -1.0, 0.34, 0.85, 1.41, 1.08, 1.1, 0.57, 0.36, 0.33, 0.4, 0.55, 0.52]}
{"t": 1788319189.5, "sig": 0.236, "h": 82.9, "scan": [0.53, 0.46, 0.69, 0.95, 1.16, 0.33, 0.87, 1.4, 1.05, 1.1, 0.56, 0.37, 0.36, 0.39, 0.53, 0.52]}
{"t": 1788319189.8, "sig": 0.227, "h": 83.3, "scan": [0.52, 0.48, 0.67, 0.93, 1.17, 0.33, -1.0, 1.4, 1.07, 1.09, 0.57, 0.38, 0.34, 0.41, 0.51, 0.54]}
{"t": 1788319190.1, "sig": 0.227, "h": 85.0, "scan": [0.52, 0.48, 0.67, 0.95, 1.17, 0.34, 0.86, 1.39, 1.07, 1.09, 0.57, 0.37, 0.35, 0.41, 0.51, 0.53]}
{"t": 1788319190.3, "sig": 0.226, "h": 83.3, "scan": [0.51, 0.48, 0.66, 0.94, 1.16, 0.32, 0.87, 1.4, 1.07, 1.1, 0.56, 0.38, 0.34, 0.41, 0.52, 0.51]}
{"t": 1788319190.6, "sig": 0.217, "h": 83.6, "scan": [0.53, 0.48, 0.67, 0.92, 1.15, 0.34, 0.88, 1.41, 1.08, 1.09, 0.59, 0.36, 0.33, 0.4, 0.53, 0.52]}
{"t": 1788319190.8, "sig": 0.22, "h": 87.0, "scan": [0.51, 0.48, 0.66, 0.94, 1.17, 0.34, 0.86, 1.4, 1.05, 1.09, 0.57, 0.4, 0.35, 0.41, 0.55, 0.52]}
{"t": 1788319191.1, "sig": 0.216, "h": 86.4, "scan": [0.51, 0.47, 0.67, 0.93, 1.16, 0.34, 0.85, 1.39, 1.05, 1.09, -1.0, 0.37, 0.34, 0.39, 0.53, 0.49]}
{"t": 1788319191.3, "sig": 0.207, "h": 81.8, "scan": [0.5, 0.46, 0.67, 0.94, 1.15, 0.33, 0.86, 1.39, 1.07, 1.1, 0.57, 0.37, 0.35, 0.4, 0.54, 0.52]}
{"t": 1788319191.6, "sig": 0.23, "h": 85.2, "scan": [0.54, 0.47, 0.68, 0.93, 1.15, 0.34, 0.86, 1.39, 1.05, 1.11, 0.55, 0.37, 0.37, 0.39, 0.53, 0.53]}
{"t": 1788319191.8, "sig": 0.21, "h": 85.2, "scan": [0.51, 0.47, 0.65, 0.94, 1.16, 0.35, 0.87, 1.39, 1.08, 1.09, 0.58, 0.38, 0.35, 0.39, 0.52, 0.53]}
{"t": 1788319192.1, "sig": 0.223, "h": 84.8, "scan": [0.5, 0.47, 0.66, 0.94, 1.15, 0.35, 0.87, 1.39, 1.05, 1.08, 0.56, 0.38, 0.33, 0.4, 0.54, 0.53]}
{"t": 1788319192.3, "sig": 0.222, "h": 81.7, "scan": [0.5, 0.47, 0.66, 0.94, 1.17, 0.36, 0.86, 1.41, 1.07, 1.11, 0.56, 0.36, 0.35, 0.4, 0.54, 0.52]}
{"t": 1788319192.6, "sig": 0.219, "h": 83.2, "scan": [0.52, 0.47, 0.66, 0.94, 1.16, 0.34, 0.87, 1.39, 1.06, 1.11, 0.57, 0.38, 0.35, 0.39, 0.53, 0.52]}
{"t": 1788319192.9, "sig": 0.211, "h": 84.3, "scan": [0.51, 0.46, 0.67, 0.95, 1.15, 0.34, 0.86, 1.41, 1.07, 1.09, 0.55, 0.39, 0.35, 0.39, 0.52, 0.53]}
{"t": 1788319193.1, "sig": 0.211, "h": 88.0, "scan": [0.49, 0.47, 0.65, 0.94, 1.16, 0.34, 0.86, 1.41, 1.06, 1.08, 0.58, -1.0, 0.36, 0.42, 0.53, 0.53]}
{"t": 1788319193.4, "sig": 0.221, "h": 88.2, "scan": [0.5, 0.47, 0.64, 0.96, 1.15, 0.32, 0.87, 1.4, 1.06, 1.11, 0.56, 0.38, 0.35, 0.41, 0.53, 0.51]}
{"t": 1788319193.7, "sig": 0.212, "h": 87.0, "scan": [0.5, 0.47, 0.65, 0.94, 1.17, 0.33, 0.86, 1.4, 1.06, 1.11, 0.56, 0.38, 0.34, 0.41, 0.53, 0.53]}
{"t": 1788319194.0, "sig": 0.229, "h": 87.7, "scan": [0.52, 0.47, 0.66, 0.94, 1.16, 0.35, 0.85, 1.39, 1.07, 1.08, 0.57, 0.39, 0.35, 0.41, 0.53, 0.5]}
{"t": 1788319194.3, "sig": 0.228, "h": 89.0, "scan": [0.52, 0.46, 0.66, 0.94, 1.15, 0.36, 0.87, 1.4, 1.06, 1.11, 0.56, 0.41, 0.35, 0.38, 0.52, 0.52]}
{"t": 1788319194.5, "sig": 0.22, "h": 87.4, "scan": [0.51, 0.47, 0.67, 0.95, 1.15, 0.35, 0.88, 1.38, 1.07, 1.13, 0.55, 0.39, 0.35, 0.41, 0.54, 0.52]}
{"t": 1788319194.8, "sig": 0.231, "h": 87.5, "scan": [0.51, 0.48, 0.65, 0.93, 1.16, 0.34, 0.88, 1.41, 1.07, 1.09, 0.57, 0.39, 0.33, 0.39, 0.55, 0.51]}
{"t": 1788319195.0, "sig": 0.235, "h": 86.2, "scan": [0.52, 0.47, 0.69, 0.94, 1.15, 0.34, 0.86, 1.4, 1.06, 1.1, 0.58, 0.35, 0.34, 0.4, 0.52, 0.53]}
{"t": 1788319195.3, "sig": 0.231, "h": 85.1, "scan": [0.52, 0.46, 0.66, 0.95, 1.16, 0.33, 0.87, 1.39, 1.08, 1.11, 0.57, 0.38, 0.36, 0.38, 0.52, 0.51]}
{"t": 1788319195.5, "sig": 0.25, "h": 89.8, "scan": [0.51, 0.48, 0.67, 0.94, 1.14, 0.34, 0.86, 1.4, 1.07, 1.09, 0.56, 0.39, 0.33, 0.39, 0.54, 0.53]}
{"t": 1788319195.8, "sig": 0.253, "h": 84.9, "scan": [0.47, 0.48, 0.67, 0.94, 1.17, 0.35, 0.88, 1.4, 1.07, 1.1, 0.56, 0.39, 0.35, 0.39, 0.52, 0.51]}
{"t": 1788319196.0, "sig": 0.267, "h": 84.6, "scan": [0.49, 0.45, 0.66, 0.94, 1.17, 0.32, 0.87, 1.4, 1.06, 1.1, -1.0, 0.39, 0.34, 0.39, 0.51, 0.52]}
{"t": 1788319196.3, "sig": 0.275, "h": 85.4, "scan": [0.51, 0.47, 0.65, 0.96, 1.18, 0.34, 0.88, 1.41, 1.07, 1.09, 0.55, 0.37, 0.34, -1.0, 0.51, 0.53]}
{"t": 1788319196.5, "sig": 0.283, "h": 84.1, "scan": [0.51, 0.48, 0.66, 0.93, 1.15, 0.34, 0.89, 1.41, 1.07, 1.1, 0.57, 0.4, 0.33, 0.41, 0.53, 0.53]}
{"t": 1788319196.8, "sig": 0.28, "h": 86.9, "scan": [0.5, 0.47, 0.69, 0.93, 1.17, 0.33, -1.0, 1.38, 1.07, 1.09, 0.56, 0.37, 0.34, 0.4, -1.0, 0.52]}
{"t": 1788319197.0, "sig": 0.283, "h": 86.2, "scan": [0.52, 0.49, 0.66, 0.94, 1.17, 0.33, 0.86, 1.4, 1.07, 1.1, 0.57, 0.38, 0.36, 0.4, 0.51, 0.53]}
{"t": 1788319197.3, "sig": 0.286, "h": 86.1, "scan": [0.5, 0.47, 0.66, 0.94, 1.14, 0.33, 0.88, 1.4, 1.06, 1.1, 0.55, 0.4, 0.34, 0.41, 0.52, 0.53]}
{"t": 1788319197.6, "sig": 0.301, "h": 89.5, "scan": [0.51, 0.46, 0.66, 0.94, 1.17, 0.34, 0.9, 1.41, 1.06, 1.1, 0.56, 0.38, 0.34, 0.38, 0.51, 0.51]}
{"t": 1788319197.8, "sig": 0.295, "h": 84.7, "scan": [0.52, 0.48, 0.67, 0.94, 1.15, 0.36, 0.85, 1.38, 1.06, 1.11, 0.57, 0.37, 0.34, 0.39, 0.51, 0.52]}
{"t": 1788319198.1, "sig": 0.31, "h": 87.8, "scan": [0.51, 0.48, 0.65, 0.94, 1.17, 0.37, 0.87, 1.39, 1.06, 1.08, 0.56, 0.39, 0.35, 0.4, 0.52, 0.52]}
{"t": 1788319198.3, "sig": 0.305, "h": 87.7, "scan": [0.51, 0.48, 0.64, 0.94, 1.16, 0.34, 0.87, 1.4, 1.06, 1.09, 0.58, 0.38, 0.36, 0.38, 0.51, 0.52]}
{"t": 1788319198.6, "sig": 0.311, "h": 84.1, "scan": [0.5, 0.47, 0.65, 0.96, 1.17, 0.34, 0.87, 1.41, 1.05, 1.09, 0.57, 0.38, 0.35, 0.39, 0.54, 0.53]}
{"t": 1788319198.8, "sig": 0.317, "h": 83.7, "scan": [0.51, 0.48, 0.66, 0.94, 1.15, 0.34, 0.85, 1.4, 1.07, 1.09, 0.55, 0.38, 0.34, 0.41, 0.53, 0.54]}
{"t": 1788319199.1, "sig": 0.316, "h": 88.5, "scan": [0.5, 0.48, 0.65, 0.92, 1.15, 0.35, 0.86, 1.41, 1.05, 1.11, 0.58, 0.36, 0.34, 0.38, 0.53, 0.51]}
{"t": 1788319199.3, "sig": 0.327, "h": 85.9, "scan": [0.5, 0.47, 0.66, 0.95, 1.15, 0.34, 0.87, 1.41, 1.08, 1.07, 0.57, 0.38, 0.34, 0.38, 0.53, 0.52]}
{"t": 1788319199.6, "sig": 0.33, "h": 87.4, "scan": [-1.0, 0.47, 0.67, 0.95, 1.16, 0.34, 0.85, 1.42, 1.06, 1.1, 0.57, 0.39, 0.34, 0.39, 0.52, 0.53]}
{"t": 1788319199.8, "sig": 0.327, "h": 85.9, "scan": [0.53, 0.48, 0.66, 0.94, 1.17, 0.34, 0.86, 1.4, 1.07, 1.09, 0.56, 0.37, 0.33, 0.41, 0.53, -1.0]}
{"t": 1788319200.1, "sig": 0.3, "h": 83.3, "scan": [0.51, 0.47, 0.66, 0.95, 1.16, 0.35, 0.86, 1.41, 1.06, 1.1, 0.57, 0.37, 0.34, 0.41, 0.52, 0.51]}
{"t": 1788319200.4, "sig": 0.32, "h": 87.3, "scan": [0.51, 0.47, 0.68, 0.95, 1.16, 0.34, 0.88, 1.39, 1.06, 1.11, 0.56, 0.39, 0.34, 0.39, 0.53, 0.52]}
{"t": 1788319200.6, "sig": 0.321, "h": 88.0, "scan": [0.52, 0.47, 0.67, 0.95, 1.17, 0.34, 0.86, 1.42, 1.06, 1.11, 0.56, 0.38, 0.34, 0.4, 0.54, 0.54]}
{"t": 1788319200.9, "sig": 0.294, "h": 84.6, "scan": [0.5, 0.49, 0.68, 0.94, 1.15, 0.33, 0.86, 1.41, 1.04, 1.09, 0.56, 0.41, 0.32, 0.4, 0.52, 0.53]}
{"t": 1788319201.2, "sig": 0.287, "h": 88.7, "scan": [0.5, 0.46, 0.66, 0.95, 1.16, 0.34, 0.84, 1.39, 1.06, 1.11, 0.57, 0.4, 0.33, 0.41, 0.51, 0.51]}
{"t": 1788319201.4, "sig": 0.265, "h": 86.1, "scan": [0.5, 0.48, 0.69, 0.94, 1.17, 0.33, 0.86, 1.4, 1.07, 1.08, 0.56, 0.37, 0.35, 0.39, 0.54, 0.52]}
{"t": 1788319201.7, "sig": 0.254, "h": 86.7, "scan": [0.52, 0.48, 0.67, 0.95, 1.15, 0.37, 0.85, 1.41, 1.06, 1.12, 0.56, 0.39, 0.35, 0.38, 0.52, 0.5]}
{"t": 1788319202.0, "sig": 0.247, "h": 85.9, "scan": [0.51, 0.47, 0.68, 0.94, 1.17, 0.33, 0.88, 1.4, 1.07, 1.1, 0.58, 0.36, 0.35, 0.4, 0.53, 0.52]}
{"t": 1788319202.2, "sig": 0.227, "h": 86.1, "scan": [0.49, 0.48, 0.69, 0.94, 1.16, 0.34, 0.88, 1.39, 1.06, 1.1, 0.57, 0.38, 0.33, 0.41, 0.51, 0.51]}
{"t": 1788319202.5, "sig": 0.225, "h": 86.6, "scan": [0.5, 0.47, 0.67, 0.94, 1.16, 0.34, 0.87, 1.4, 1.06, 1.09, 0.57, 0.38, 0.35, 0.4, 0.55, 0.52]}
{"t": 1788319202.7, "sig": 0.227, "h": 87.3, "scan": [0.52, 0.47, 0.66, 0.95, 1.18, 0.34, 0.88, 1.4, 1.04, 1.11, 0.56, 0.38, 0.34, 0.38, 0.52, 0.54]}
{"t": 1788319203.0, "sig": 0.217, "h": 89.2, "scan": [0.49, 0.48, 0.67, 0.96, 1.15, 0.33, 0.86, 1.41, 1.06, 1.1, 0.56, 0.37, 0.34, 0.4, 0.54, 0.53]}
{"t": 1788319203.2, "sig": 0.206, "h": 88.2, "scan": [0.51, 0.49, 0.66, -1.0, 1.17, 0.37, 0.86, 1.41, 1.08, 1.1, 0.59, 0.38, 0.34, 0.4, 0.54, 0.53]}
{"t": 1788319203.5, "sig": 0.193, "h": 84.3, "scan": [0.49, 0.47, 0.67, 0.93, 1.17, 0.35, 0.89, 1.38, 1.06, 1.07, 0.55, 0.36, 0.35, 0.4, 0.52, 0.52]}
{"t": 1788319203.7, "sig": 0.185, "h": 88.3, "scan": [0.49, 0.47, 0.67, 0.95, 1.15, 0.36, 0.86, 1.4, 1.07, 1.1, 0.58, 0.38, 0.34, 0.41, 0.53, 0.51]}
{"t": 1788319204.0, "sig": 0.185, "h": 87.5, "scan": [-1.0, 0.48, 0.68, 0.95, 1.18, 0.33, 0.87, 1.37, 1.06, 1.09, 0.56, 0.36, 0.34, 0.41, 0.51, 0.52]}
{"t": 1788319204.2, "sig": 0.165, "h": 85.6, "scan": [0.5, 0.46, 0.67, 0.95, 1.15, 0.34, 0.86, 1.4, 1.06, 1.08, 0.57, 0.37, 0.33, 0.41, 0.52, 0.51]}
{"t": 1788319204.5, "sig": 0.177, "h": 82.3, "scan": [0.52, 0.47, 0.65, 0.95, 1.15, 0.33, -1.0, 1.41, 1.06, 1.09, 0.58, 0.4, 0.34, 0.38, 0.53, 0.5]}
{"t": 1788319204.8, "sig": 0.167, "h": 87.2, "scan": [0.51, 0.48, 0.66, 0.93, 1.15, 0.34, 0.86, 1.4, 1.06, 1.09, 0.57, 0.38, 0.34, 0.4, 0.53, 0.54]}
{"t": 1788319205.1, "sig": 0.174, "h": 86.8, "scan": [0.5, 0.47, 0.65, 0.95, -1.0, 0.35, 0.86, 1.42, 1.06, 1.1, 0.57, 0.36, 0.34, 0.4, 0.54, 0.53]}
{"t": 1788319205.3, "sig": 0.181, "h": 85.7, "scan": [0.52, 0.45, 0.67, 0.93, 1.15, 0.33, 0.87, 1.38, 1.06, 1.12, 0.58, 0.37, 0.32, 0.4, 0.54, 0.53]}
{"t": 1788319205.6, "sig": 0.171, "h": 85.8, "scan": [0.5, 0.48, 0.67, 0.94, 1.16, 0.35, 0.88, 1.4, 1.08, 1.1, 0.58, 0.37, 0.35, 0.39, 0.53, 0.51]}
{"t": 1788319205.8, "sig": 0.17, "h": 86.5, "scan": [0.5, 0.47, 0.66, -1.0, 1.15, 0.34, 0.87, 1.4, 1.07, 1.09, 0.57, 0.37, 0.34, 0.4, 0.52, 0.53]}
{"t": 1788319206.1, "sig": 0.169, "h": 84.1, "scan": [0.51, 0.45, 0.66, 0.94, 1.17, 0.34, 0.87, 1.4, 1.06, 1.09, 0.57, 0.37, 0.34, 0.39, 0.54, 0.54]}
{"t": 1788319206.3, "sig": 0.171, "h": 86.4, "scan": [0.51, 0.46, 0.65, 0.94, 1.14, 0.34, 0.86, 1.41, 1.06, 1.09, 0.58, 0.37, 0.34, 0.4, 0.52, 0.52]}
{"t": 1788319206.6, "sig": 0.172, "h": 85.0, "scan": [0.49, 0.46, 0.65, 0.94, 1.14, 0.34, 0.87, 1.4, 1.05, 1.08, 0.55, 0.38, 0.35, 0.39, 0.52, 0.51]}
{"t": 1788319206.8, "sig": 0.173, "h": 87.0, "scan": [0.5, 0.48, 0.66, 0.93, 1.16, 0.34, 0.86, 1.39, 1.05, 1.11, 0.55, 0.38, 0.34, -1.0, 0.53, 0.51]}
{"t": 1788319207.1, "sig": 0.173, "h": 84.3, "scan": [0.5, 0.48, 0.68, 0.94, 1.16, 0.36, 0.86, 1.41, 1.07, 1.1, 0.57, 0.38, 0.34, 0.41, 0.52, 0.52]}
{"t": 1788319207.3, "sig": 0.187, "h": 85.7, "scan": [0.51, 0.47, 0.66, 0.93, 1.16, 0.35, 0.88, 1.41, 1.06, 1.11, 0.57, 0.38, 0.33, 0.4, 0.52, 0.53]}
{"t": 1788319207.6, "sig": 0.177, "h": 86.2, "scan": [0.5, 0.48, 0.66, 0.94, 1.16, 0.34, 0.87, 1.4, 1.08, 1.09, 0.58, 0.38, 0.35, 0.41, 0.53, 0.53]}
{"t": 1788319207.8, "sig": 0.182, "h": 85.1, "scan": [0.51, 0.48, 0.66, 0.94, 1.15, 0.34, 0.88, 1.38, 1.07, 1.1, 0.57, 0.36, 0.35, 0.39, 0.52, 0.52]}
{"t": 1788319208.1, "sig": 0.184, "h": 83.0, "scan": [0.51, 0.46, 0.65, 0.95, 1.18, 0.33, 0.87, 1.38, 1.07, 1.09, 0.56, 0.39, 0.33, 0.4, 0.52, 0.51]}
{"t": 1788319208.4, "sig": 0.171, "h": 83.6, "scan": [0.52, 0.49, 0.65, 0.93, 1.16, 0.34, 0.88, 1.41, 1.07, 1.08, 0.57, 0.37, 0.37, 0.39, 0.51, 0.52]}
{"t": 1788319208.7, "sig": 0.175, "h": 85.8, "scan": [0.51, 0.47, 0.64, 0.94, 1.16, 0.36, 0.87, 1.41, 1.06, 1.11, 0.57, 0.38, 0.33, 0.39, 0.53, 0.52]}
{"t": 1788319208.9, "sig": 0.177, "h": 83.9, "scan": [0.53, 0.46, 0.68, 0.94, 1.16, 0.35, 0.87, 1.41, 1.05, 1.11, 0.56, 0.37, 0.33, 0.41, 0.54, 0.53]}
{"t": 1788319209.2, "sig": 0.165, "h": 79.0, "scan": [0.5, 0.45, 0.66, 0.93, 1.18, 0.33, 0.87, 1.39, 1.07, 1.09, 0.56, 0.38, 0.34, 0.42, 0.52, 0.51]}
{"t": 1788319209.4, "sig": 0.194, "h": 86.5, "scan": [0.51, 0.47, 0.65, 0.92, 1.16, 0.34, 0.86, 1.4, 1.05, 1.1, 0.55, 0.39, 0.34, 0.4, 0.51, -1.0]}
{"t": 1788319209.7, "sig": 0.188, "h": 84.6, "scan": [0.5, 0.48, -1.0, 0.95, 1.17, 0.35, 0.87, 1.42, 1.06, 1.1, 0.55, 0.37, 0.34, 0.4, 0.53, 0.52]}
{"t": 1788319209.9, "sig": 0.19, "h": 87.2, "scan": [0.51, 0.48, 0.67, 0.96, 1.15, 0.32, 0.86, 1.39, 1.06, 1.11, 0.57, 0.37, 0.34, 0.4, 0.53, 0.53]}
{"t": 1788319210.2, "sig": 0.203, "h": 85.1, "scan": [0.51, 0.46, 0.66, 0.93, 1.15, 0.32, 0.86, 1.4, 1.08, 1.09, 0.55, 0.37, 0.34, 0.39, 0.54, 0.51]}
{"t": 1788319210.4, "sig": 0.221, "h": 84.1, "scan": [0.52, 0.48, 0.65, 0.95, 1.16, 0.34, 0.88, 1.41, 1.08, 1.07, 0.56, 0.38, 0.35, 0.38, 0.51, 0.5]}
{"t": 1788319210.7, "sig": 0.214, "h": 84.0, "scan": [0.5, 0.47, 0.66, 0.93, 1.16, 0.34, 0.88, 1.39, 1.06, 1.1, 0.57, 0.36, 0.35, 0.4, 0.52, 0.52]}
{"t": 1788319210.9, "sig": 0.233, "h": 86.6, "scan": [0.53, 0.46, 0.65, 0.94, 1.16, 0.36, 0.87, 1.4, 1.08, 1.08, 0.57, 0.39, 0.34, 0.41, 0.51, 0.53]}
{"t": 1788319211.2, "sig": 0.244, "h": 84.7, "scan": [0.51, 0.47, 0.66, 0.93, 1.17, 0.34, 0.88, 1.41, 1.08, 1.1, 0.56, 0.38, 0.32, 0.41, 0.53, 0.53]}
{"t": 1788319211.4, "sig": 0.245, "h": 91.4, "scan": [0.51, 0.48, 0.68, 0.95, 1.15, 0.36, 0.87, 1.41, 1.06, 1.09, 0.56, 0.38, 0.35, 0.4, 0.52, 0.5]}
{"t": 1788319211.7, "sig": 0.26, "h": 86.4, "scan": [0.51, 0.46, 0.66, 0.94, 1.16, 0.34, 0.83, 1.4, 1.06, 1.1, 0.56, 0.38, 0.35, 0.41, 0.53, 0.51]}
{"t": 1788319211.9, "sig": 0.275, "h": 81.7, "scan": [0.5, 0.48, 0.65, 0.94, 1.15, 0.34, 0.85, 1.4, 1.07, 1.1, 0.54, 0.4, 0.33, 0.4, 0.53, 0.52]}
{"t": 1788319212.3, "sig": 0.289, "h": 84.0, "scan": [0.51, 0.48, 0.67, 0.94, 1.17, 0.35, 0.88, 1.41, 1.07, 1.09, 0.55, 0.39, 0.31, 0.39, 0.53, 0.52]}
{"t": 1788319212.5, "sig": 0.309, "h": 81.7, "scan": [0.54, 0.47, 0.67, 0.94, 1.15, 0.34, 0.84, 1.41, 1.07, 1.09, 0.56, 0.36, 0.32, 0.4, 0.54, -1.0]}
{"t": 1788319212.8, "sig": 0.309, "h": 86.8, "scan": [0.51, 0.47, 0.67, 0.95, 1.18, 0.34, 0.86, 1.4, 1.06, 1.1, 0.56, 0.37, 0.34, 0.39, 0.51, 0.52]}
{"t": 1788319213.0, "sig": 0.337, "h": 85.8, "scan": [0.5, 0.47, 0.66, 0.95, 1.16, 0.33, 0.86, 1.41, 1.07, 1.08, 0.58, 0.38, 0.35, 0.4, 0.54, 0.52]}
{"t": 1788319213.3, "sig": 0.314, "h": 85.5, "scan": [0.5, 0.47, 0.67, 0.94, 1.17, 0.36, 0.86, 1.39, 1.05, 1.1, 0.59, 0.39, 0.33, 0.38, 0.53, 0.52]}
{"t": 1788319213.5, "sig": 0.318, "h": 84.9, "scan": [0.5, 0.47, 0.66, 0.95, 1.17, 0.35, 0.88, 1.41, 1.06, 1.09, 0.58, 0.38, 0.35, 0.39, 0.51, 0.52]}
{"t": 1788319213.8, "sig": 0.321, "h": 84.7, "scan": [0.51, 0.46, 0.66, 0.93, 1.16, 0.34, 0.86, 1.39, 1.06, 1.1, 0.56, 0.38, 0.35, 0.39, 0.53, 0.52]}
{"t": 1788319214.0, "sig": 0.312, "h": 84.8, "scan": [0.51, 0.47, 0.67, 0.93, 1.15, 0.33, 0.89, 1.4, 1.06, 1.1, 0.56, 0.39, 0.34, 0.4, 0.51, 0.51]}
{"t": 1788319214.3, "sig": 0.306, "h": 85.9, "scan": [0.52, 0.48, 0.67, 0.93, 1.17, 0.35, 0.86, 1.41, 1.07, 1.1, 0.56, 0.37, 0.35, 0.39, 0.52, 0.51]}
{"t": 1788319214.5, "sig": 0.332, "h": 86.1, "scan": [0.51, 0.49, 0.66, 0.94, 1.18, 0.32, 0.88, 1.41, 1.06, 1.08, 0.56, 0.38, 0.34, 0.41, 0.52, 0.53]}
{"t": 1788319214.8, "sig": 0.318, "h": 87.7, "scan": [0.51, 0.48, 0.66, 0.95, 1.15, 0.34, 0.87, 1.4, 1.07, 1.11, 0.57, 0.39, 0.34, 0.39, 0.54, 0.53]}
{"t": 1788319215.0, "sig": 0.328, "h": 84.4, "scan": [0.51, 0.48, 0.66, 0.94, 1.14, 0.35, 0.86, 1.4, 1.06, 1.1, 0.58, 0.35, 0.34, 0.39, 0.54, 0.54]}
{"t": 1788319215.3, "sig": 0.333, "h": 85.5, "scan": [0.49, 0.47, 0.68, 0.93, -1.0, 0.37, 0.86, 1.41, 1.06, 1.11, 0.57, 0.37, 0.34, 0.41, 0.52, 0.51]}
{"t": 1788319215.5, "sig": 0.35, "h": 86.1, "scan": [-1.0, 0.47, 0.67, 0.92, 1.17, 0.36, 0.85, 1.4, 1.05, 1.1, 0.56, 0.4, 0.34, 0.41, 0.54, 0.53]}
{"t": 1788319215.8, "sig": 0.338, "h": 86.0, "scan": [0.5, 0.46, 0.67, 0.95, 1.17, 0.35, 0.86, 1.4, 1.08, 1.1, 0.57, 0.37, 0.35, 0.39, 0.54, 0.51]}
{"t": 1788319216.1, "sig": 0.34, "h": 88.5, "scan": [0.5, 0.47, 0.68, 0.94, 1.16, 0.33, 0.86, 1.4, 1.07, 1.09, 0.57, 0.37, 0.33, 0.4, 0.53, 0.53]}
{"t": 1788319216.3, "sig": 0.352, "h": 85.7, "scan": [0.51, 0.46, 0.67, 0.93, 1.15, 0.36, 0.85, 1.4, 1.05, 1.08, 0.57, 0.38, 0.37, 0.39, 0.52, 0.53]}
