[04:31:52] brain4 start
[04:31:52] MAN STOP (l=0,r=0)
[04:31:52] burst end h=192.5 xy=(0.00,0.00) e11=0.369 P=0.160,0.108,0.082,0.106,0.110,0.109,0.097,0.148,1.394,0.655,0.579,-1.000,0.979,0.358,0.157,0.178
[04:31:56] MAN FR (l=2,r=1)
[04:32:08] MAN STOP (l=0,r=0)
[04:32:08] burst end h=202.3 xy=(-0.03,-0.09) e11=0.384 P=0.178,0.112,0.090,0.098,0.105,0.116,0.128,1.340,1.446,0.635,0.849,0.991,0.378,0.153,0.144,0.187
[04:32:12] MAN F (l=1,r=1)
[04:32:24] MAN STOP (l=0,r=0)
[04:32:24] burst end h=201.7 xy=(-0.05,-0.14) e11=0.385 P=0.150,0.096,0.096,0.082,0.091,0.102,0.116,1.339,1.427,0.641,0.836,0.963,0.369,0.149,0.154,0.185
[04:32:29] MAN FL (l=1,r=2)
[04:32:41] MAN STOP (l=0,r=0)
[04:32:41] burst end h=189.8 xy=(-0.07,-0.23) e11=0.383 P=0.169,0.102,0.077,0.080,0.094,0.097,0.111,0.132,1.395,0.836,0.555,0.920,0.969,0.349,0.149,0.161
[04:32:45] MAN FR (l=2,r=1)
[04:34:58] brain4 start
[04:34:58] MAN STOP (l=0,r=0)
[04:34:58] burst end h=294.6 xy=(0.00,0.00) e11=0.384 P=-1.000,0.106,0.111,1.306,1.450,0.636,0.870,0.988,0.400,0.171,0.163,0.177,0.166,0.093,0.101,0.092
[04:35:02] MAN B (l=-1,r=-1)
[04:35:14] MAN STOP (l=0,r=0)
[04:35:14] burst end h=295.7 xy=(0.06,-0.02) e11=0.374 P=0.126,0.126,0.149,1.305,1.493,0.519,0.857,0.962,-1.000,0.134,0.131,0.190,0.177,0.115,0.117,0.107
[04:35:19] MAN B (l=-1,r=-1)
[04:35:31] MAN STOP (l=0,r=0)
[04:35:31] burst end h=293.8 xy=(0.11,-0.05) e11=0.372 P=0.164,0.151,0.319,1.319,1.527,0.480,0.891,0.932,0.323,0.261,0.118,0.148,0.172,0.168,0.130,0.163
[04:35:35] MAN FL (l=1,r=2)
[04:35:47] MAN STOP (l=0,r=0)
[04:35:47] burst end h=280.9 xy=(0.02,-0.02) e11=0.380 P=0.096,0.100,0.135,0.360,1.409,0.662,0.566,0.879,0.978,0.330,0.159,0.184,0.175,0.112,0.095,0.082
[04:35:51] MAN FL (l=1,r=2)
[04:36:03] MAN STOP (l=0,r=0)
[04:36:03] burst end h=269.5 xy=(-0.07,-0.01) e11=0.356 P=
[04:36:07] MAN F (l=1,r=1)
[04:36:19] MAN STOP (l=0,r=0)
[04:36:19] burst end h=267.7 xy=(-0.13,-0.01) e11=0.380 P=0.101,0.087,0.086,0.109,1.320,1.467,0.635,0.842,0.964,0.399,0.145,0.160,0.179,0.173,0.099,0.086
[04:36:23] MAN FL (l=1,r=2)
[04:36:35] MAN STOP (l=0,r=0)
[04:36:35] burst end h=255.9 xy=(-0.22,-0.02) e11=0.376 P=0.091,0.095,-1.000,0.094,0.131,1.394,0.837,0.557,0.915,0.971,0.345,0.152,0.172,0.184,0.123,0.089
[04:36:39] MAN F (l=1,r=1)
[04:36:51] MAN STOP (l=0,r=0)
[04:36:51] burst end h=259.2 xy=(-0.28,-0.03) e11=0.372 P=0.088,0.093,0.104,0.090,0.122,1.378,0.860,0.544,0.899,0.989,0.336,0.169,0.173,0.162,0.119,0.116
[04:36:55] MAN F (l=1,r=1)
[04:37:07] MAN STOP (l=0,r=0)
[04:37:08] burst end h=254.1 xy=(-0.34,-0.05) e11=0.365 P=0.099,0.109,0.082,0.099,0.144,1.385,0.843,0.528,0.897,0.981,0.332,0.165,0.177,0.163,0.129,0.094
[04:37:12] MAN F (l=1,r=1)
[04:37:24] MAN STOP (l=0,r=0)
[04:37:24] burst end h=262.5 xy=(-0.40,-0.06) e11=0.384 P=0.100,0.081,0.111,0.111,0.134,1.328,0.842,0.529,0.929,0.977,0.340,0.148,0.178,0.176,0.138,0.096
[04:37:28] MAN F (l=1,r=1)
[04:37:40] MAN STOP (l=0,r=0)
[04:37:40] burst end h=259.9 xy=(-0.40,-0.06) e11=0.359 P=0.091,0.106,0.097,0.108,0.140,1.340,0.861,0.524,0.921,0.963,0.329,0.152,0.174,0.181,0.135,0.090
[04:37:44] MAN FL (l=1,r=2)
[04:37:56] MAN STOP (l=0,r=0)
[04:37:56] burst end h=237.7 xy=(-0.49,-0.10) e11=0.375 P=0.087,0.116,0.093,0.104,0.121,0.557,1.397,0.650,0.605,0.921,1.033,0.178,0.156,0.192,0.170,0.099
[04:38:00] MAN FL (l=1,r=2)
[04:38:12] MAN STOP (l=0,r=0)
[04:38:12] burst end h=230.0 xy=(-0.57,-0.15) e11=0.364 P=0.092,0.086,0.099,0.112,0.096,0.121,1.298,0.888,0.511,0.947,0.988,0.350,0.165,0.173,0.166,0.145
[04:38:16] MAN FL (l=1,r=2)
[04:38:28] MAN STOP (l=0,r=0)
[04:38:28] burst end h=220.8 xy=(-0.64,-0.21) e11=0.381 P=0.111,0.094,0.104,0.100,0.082,0.123,0.556,1.383,0.657,0.586,0.904,0.999,0.176,0.142,0.179,0.176
[04:38:32] MAN FL (l=1,r=2)
[04:38:44] MAN STOP (l=0,r=0)
[04:38:44] burst end h=205.9 xy=(-0.69,-0.29) e11= P=0.138,0.103,0.088,0.116,0.094,0.101,0.129,1.302,1.519,0.528,0.955,0.997,0.332,0.157,0.178,0.188
[04:38:49] MAN F (l=1,r=1)
