04:01:15 brain started
04:01:15 PING tx=tick=125156 goal=0 here=0 tx=1:lost d0=0 d5=0 d11=0.355
04:01:17 n=10 h=246.5 enc=(568,938) d2=[0.104, 0.105, 0.089, 0.1, 0.143, 1.327, 1.435, 0.634, 0.833, 0.954, 0.402, 0.16, 0.156, 0.176, 0.177, 0.104]
04:01:19 n=20 h=242.4 enc=(583,950) d2=[0.096, 0.094, 0.113, 0.088, 0.113, 1.348, 1.452, 0.65, 0.85, 0.973, 0.396, 0.168, 0.169, 0.18, 0.178, 0.101]
04:01:22 n=30 h=250.2 enc=(594,963) d2=[0.08, 0.091, 0.103, 0.09, 0.119, 1.351, 1.433, 0.636, 0.844, 0.967, 0.39, 0.147, 0.182, 0.169, 0.158, 0.106]
04:01:23 PING tx=tick=125971 goal=0 here=0 tx=2:lost d0=0 d5=1 d11=None
04:01:24 n=40 h=243.6 enc=(608,974) d2=[0.088, 0.107, 0.11, 0.091, 0.132, 1.309, 1.437, 0.657, 0.832, 0.978, 0.396, 0.159, 0.166, 0.193, 0.175, 0.104]
04:01:27 n=50 h=242.8 enc=(621,989) d2=[0.068, 0.105, 0.105, 0.097, 0.11, 1.347, 1.428, 0.622, 0.654, 0.967, 0.397, 0.155, 0.172, 0.179, 0.174, 0.093]
04:01:30 n=60 h=244.6 enc=(632,997) d2=None
04:01:31 PING tx=tick=126788 goal=0 here=0 tx=3:lost d0=0 d5=1 d11=0.354
04:01:32 n=70 h=244.2 enc=(645,1008) d2=[0.093, 0.087, 0.096, 0.081, 0.12, 1.324, 1.41, 0.638, 0.649, 0.965, 0.395, 0.171, 0.171, 0.166, 0.187, 0.107]
04:01:35 n=80 h=243.0 enc=(655,1019) d2=[0.083, 0.095, 0.111, 0.102, 0.123, 1.334, 1.422, 0.628, 0.645, 0.955, 0.408, 0.145, 0.14, 0.173, 0.17, 0.103]
04:01:37 n=90 h=248.1 enc=(668,1032) d2=[0.082, 0.102, 0.107, 0.108, 0.123, 1.272, 1.409, 0.648, 0.638, 0.956, 1.061, 0.178, 0.16, 0.171, 0.14, 0.111]
04:01:39 PING tx=tick=127604 goal=0 here=0 tx=4:lost d0=0 d5=1 d11=0.348
04:01:40 n=100 h=244.5 enc=(680,1044) d2=[0.089, 0.093, 0.099, 0.103, 0.121, 1.237, 1.426, 0.634, 0.628, 0.952, 1.056, 0.157, 0.175, 0.184, 0.161, 0.11]
04:01:42 n=110 h=242.6 enc=(694,1055) d2=[0.084, 0.124, 0.112, 0.107, 0.127, 1.226, 1.425, 0.635, 0.612, 0.951, 1.061, 0.162, 0.159, 0.162, 0.173, 0.095]
04:01:45 n=120 h=243.2 enc=(707,1068) d2=[0.083, 0.1, 0.104, 0.112, 0.132, 1.227, 1.402, 0.644, 0.619, 0.946, 1.049, 0.162, 0.155, 0.178, 0.18, 0.109]
04:01:47 PING tx=tick=128421 goal=0 here=0 tx=5:lost d0=0 d5=1 d11=0.336
04:01:47 n=130 h=241.6 enc=(719,1077) d2=[0.088, 0.101, 0.11, 0.099, 0.102, 1.215, 1.42, 0.644, 0.624, 0.953, 1.055, 0.159, 0.164, 0.18, 0.165, 0.119]
04:01:50 n=140 h=243.1 enc=(732,1092) d2=[0.087, 0.089, 0.099, 0.11, 0.117, 1.209, 1.413, 0.653, 0.607, 0.943, 1.052, 0.154, 0.171, 0.173, 0.18, 0.095]
04:01:53 n=150 h=244.4 enc=(744,1103) d2=[0.075, 0.093, 0.117, 0.099, 0.109, 1.219, 1.406, 0.645, 0.613, 0.95, 1.047, 0.183, 0.16, 0.171, 0.161, 0.081]
04:01:55 n=160 h=240.4 enc=(753,1111) d2=[0.1, 0.1, 0.1, 0.095, 0.115, 1.215, 1.411, 0.652, 0.604, 0.962, 1.059, 0.155, 0.169, 0.187, 0.171, 0.118]
04:01:55 PING tx=tick=129238 goal=0 here=0 tx=6:lost d0=0 d5=1 d11=0.347
04:01:58 n=170 h=245.1 enc=(765,1121) d2=[0.081, 0.106, 0.109, 0.091, 0.114, 1.194, 1.415, 0.65, 0.612, 0.936, 1.048, 0.16, 0.157, 0.179, 0.176, 0.113]
04:02:00 n=180 h=242.1 enc=(773,1130) d2=[0.075, 0.094, 0.103, 0.097, 0.095, 1.199, 1.405, 0.66, 0.611, 0.934, 1.046, 0.152, 0.158, 0.181, 0.171, 0.106]
04:02:03 n=190 h=240.6 enc=(779,1137) d2=[0.082, 0.106, 0.1, 0.103, 0.111, 1.205, 1.408, 0.663, 0.593, 0.938, 1.062, 0.157, 0.166, 0.169, 0.17, 0.121]
04:02:04 PING tx=tick=130053 goal=0 here=0 tx=7:lost d0=0 d5=1 d11=0.352
04:02:05 n=200 h=246.2 enc=(nan,1146) d2=[0.093, 0.106, 0.095, 0.108, 0.12, 1.178, 1.42, 0.641, 0.595, 0.95, 1.06, 0.163, 0.177, 0.187, 0.176, 0.099]
04:02:08 n=210 h=242.8 enc=(800,1154) d2=[0.075, 0.084, 0.104, 0.099, 0.111, 1.183, 1.406, 0.65, 0.606, 0.956, 1.048, 0.184, 0.16, 0.163, 0.131, 0.101]
04:02:10 n=220 h=246.0 enc=(810,1164) d2=[0.09, 0.065, 0.082, 0.074, 0.11, 1.198, 1.416, 0.649, 0.604, 0.958, 1.061, 0.169, 0.152, 0.171, 0.168, 0.093]
04:02:12 PING tx=tick=130869 goal=0 here=0 tx=8:lost d0=0 d5=0 d11=0.328
04:02:13 n=230 h=237.2 enc=(816,1169) d2=[0.087, 0.079, 0.105, 0.096, 0.126, 1.176, 1.386, 0.652, 0.604, 0.945, 1.034, 0.145, 0.154, 0.182, 0.175, 0.11]
04:02:16 n=240 h=245.8 enc=(828,1181) d2=[0.091, 0.094, 0.081, 0.105, 0.116, 1.168, 1.396, 0.635, 0.604, 0.933, 1.054, 0.158, 0.143, 0.168, 0.175, 0.099]
04:02:18 n=250 h=241.3 enc=(835,1188) d2=[0.094, 0.098, 0.099, 0.091, 0.119, 0.596, 1.401, 0.65, 0.601, 0.941, 1.046, 0.176, 0.154, 0.159, 0.175, 0.1]
04:02:20 PING tx=tick=131684 goal=0 here=0 tx=9:lost d0=0 d5=0 d11=0.346
04:02:21 n=260 h=240.0 enc=(841,1194) d2=[0.1, 0.093, 0.095, 0.113, 0.12, 0.591, 1.4, 0.641, 0.599, 0.939, 1.031, 0.164, 0.158, 0.176, 0.178, 0.106]
04:02:23 n=270 h=243.8 enc=(850,1202) d2=[0.104, 0.099, 0.082, 0.123, 0.109, 0.595, 1.409, 0.647, 0.588, 0.938, 1.041, 0.156, 0.156, 0.179, 0.176, 0.097]
04:02:26 n=280 h=241.7 enc=(857,1208) d2=[0.104, 0.085, 0.105, 0.096, 0.109, 0.588, 1.388, 0.635, 0.604, 0.949, 1.055, 0.188, 0.174, 0.168, 0.171, 0.112]
04:02:28 PING tx=tick=132500 goal=0 here=0 tx=10:lost d0=0 d5=0 d11=0.338
04:02:28 n=290 h=245.0 enc=(865,1215) d2=[0.094, 0.105, 0.097, 0.081, 0.115, 0.58, 1.394, 0.636, 0.617, 0.918, 1.027, 0.157, 0.162, 0.186, 0.168, 0.105]
04:02:31 n=300 h=242.0 enc=(873,1224) d2=[0.107, 0.105, 0.091, 0.097, 0.116, 0.567, 1.403, 0.645, 0.6, 0.955, 1.046, 0.159, 0.162, 0.19, 0.145, 0.104]
04:02:33 n=310 h=244.1 enc=(877,1229) d2=[0.088, 0.074, 0.11, 0.097, 0.127, 0.575, 1.405, 0.646, 0.602, 0.928, 1.037, 0.173, 0.154, 0.174, 0.164, 0.087]
04:02:36 n=320 h=243.0 enc=(885,1234) d2=None
04:02:36 PING tx=tick=133315 goal=0 here=0 tx=11:lost d0=0 d5=0 d11=0.356
04:02:38 n=330 h=243.5 enc=(891,1242) d2=[0.095, 0.086, 0.103, 0.103, 0.104, 0.567, 1.403, 0.648, 0.607, 0.929, 1.044, 0.172, 0.166, 0.175, 0.162, 0.098]
04:02:41 n=340 h=None enc=(901,1251) d2=[0.102, 0.091, 0.081, 0.106, 0.121, 0.575, 1.383, 0.644, 0.593, 0.925, 1.041, 0.171, 0.161, 0.177, 0.178, 0.114]
04:02:44 n=350 h=239.8 enc=(911,1259) d2=[0.12, 0.083, 0.089, 0.097, 0.118, 0.568, 1.405, 0.638, 0.615, 0.941, 1.03, 0.166, 0.16, 0.184, 0.176, 0.111]
04:02:44 PING tx=tick=134131 goal=0 here=0 tx=12:lost d0=0 d5=0 d11=0.347
04:02:46 n=360 h=242.5 enc=(915,1263) d2=[0.088, 0.1, 0.097, 0.093, 0.123, 0.556, 1.389, 0.637, 0.59, 0.927, 1.028, 0.149, 0.155, 0.174, 0.188, 0.101]
04:02:49 n=370 h=239.3 enc=(915,1264) d2=[0.1, 0.114, 0.097, 0.116, 0.115, 0.566, 1.387, 0.642, 0.576, 0.928, 1.019, 0.177, 0.155, 0.175, 0.181, 0.101]
04:02:51 n=380 h=243.2 enc=(915,1263) d2=[0.088, 0.085, 0.117, 0.115, 0.121, 0.566, 1.4, 0.658, 0.593, 0.916, 1.033, 0.181, 0.174, 0.193, 0.167, 0.11]
04:02:52 PING tx=tick=134947 goal=0 here=0 tx=13:lost d0=0 d5=0 d11=0.326
04:02:54 n=390 h=239.3 enc=(917,1266) d2=[0.075, 0.089, 0.101, 0.101, 0.106, 0.559, 1.396, 0.635, 0.605, 0.951, 1.028, 0.16, 0.157, 0.179, 0.173, 0.109]
04:02:56 n=400 h=241.2 enc=(924,1273) d2=[0.098, 0.1, 0.096, 0.103, 0.093, 0.575, 1.41, 0.655, 0.596, 0.93, 1.009, 0.179, 0.158, 0.167, -1.0, 0.117]
04:02:59 n=410 h=242.5 enc=(929,1276) d2=[0.093, 0.097, 0.095, 0.105, 0.123, 0.553, 1.374, 0.644, 0.605, 0.935, 1.01, 0.174, 0.153, 0.183, 0.146, 0.105]
04:03:01 PING tx=tick=135765 goal=0 here=0 tx=14:lost d0=0 d5=1 d11=0.331
04:03:01 n=420 h=244.5 enc=(936,1281) d2=[0.083, 0.09, 0.097, 0.102, 0.128, 0.578, 1.381, 0.648, 0.603, 0.914, 1.009, 0.159, 0.163, 0.171, 0.165, 0.101]
04:03:04 n=430 h=237.3 enc=(938,1284) d2=[0.092, 0.111, 0.078, 0.105, 0.12, 0.547, 1.41, 0.66, 0.583, 0.94, 1.023, 0.159, 0.169, 0.172, 0.167, 0.115]
04:03:07 n=440 h=239.7 enc=(944,1289) d2=[0.099, 0.099, 0.1, 0.104, 0.118, 0.554, 1.395, 0.636, 0.615, 0.919, 1.013, 0.185, 0.145, 0.183, 0.185, 0.113]
04:03:09 PING tx=tick=136582 goal=0 here=0 tx=15:lost d0=0 d5=0 d11=0.328
04:03:09 n=450 h=242.9 enc=(948,1294) d2=[0.092, 0.081, 0.092, 0.098, 0.114, 0.568, 1.403, 0.671, 0.589, 0.906, 1.027, 0.164, 0.14, 0.184, 0.169, 0.104]
04:03:12 n=460 h=242.8 enc=(950,1297) d2=[0.084, 0.094, 0.09, 0.103, 0.122, 0.542, 1.38, 0.652, 0.591, 0.935, 1.028, 0.159, 0.151, 0.18, 0.176, 0.112]
04:03:14 n=470 h=240.8 enc=(956,1302) d2=[0.089, 0.098, 0.098, 0.114, 0.11, 0.556, 1.397, 0.646, 0.585, 0.911, 1.013, 0.158, 0.174, 0.173, 0.173, 0.096]
04:03:17 n=480 h=242.3 enc=(959,1306) d2=[0.075, 0.115, 0.093, 0.102, 0.095, 0.562, 1.398, 0.657, 0.609, 0.945, 1.015, 0.177, 0.17, 0.179, 0.165, 0.1]
04:03:17 PING tx=tick=137398 goal=0 here=0 tx=16:lost d0=0 d5=1 d11=0.325
04:03:19 n=490 h=240.0 enc=(964,1309) d2=[0.101, 0.106, 0.081, 0.104, 0.116, 0.547, 1.391, 0.653, 0.595, 0.923, 1.016, 0.175, 0.142, 0.179, 0.176, 0.108]
04:03:22 n=500 h=237.8 enc=(967,1311) d2=[0.08, 0.086, 0.085, 0.094, 0.114, 0.557, 1.383, 0.647, 0.585, 0.928, 1.022, 0.168, 0.167, 0.184, 0.166, 0.103]
04:03:24 n=510 h=240.2 enc=(966,1312) d2=[0.084, 0.096, 0.094, 0.101, 0.129, 0.558, 1.404, 0.65, 0.605, 0.914, 1.011, 0.191, 0.158, 0.176, 0.152, 0.108]
04:03:25 PING tx=tick=138214 goal=0 here=0 tx=17:lost d0=0 d5=0 d11=0.328
04:03:27 n=520 h=244.5 enc=(972,1315) d2=[0.09, 0.113, 0.092, 0.106, -1.0, -1.0, 1.409, 0.659, 0.591, 0.937, 1.015, 0.176, 0.173, 0.181, 0.176, 0.101]
04:03:29 n=530 h=241.6 enc=(975,1319) d2=[0.089, 0.098, 0.094, 0.106, 0.098, 0.545, 1.392, 0.666, 0.595, 0.938, 1.007, 0.167, 0.149, 0.176, 0.158, 0.106]
04:03:32 n=540 h=239.7 enc=(977,1323) d2=[0.079, 0.086, 0.087, 0.12, 0.123, 0.542, 1.406, 0.666, 0.603, 0.916, 1.014, 0.159, 0.151, 0.182, 0.168, 0.106]
04:03:33 PING tx=tick=139030 goal=0 here=0 tx=18:lost d0=0 d5=0 d11=0.307
04:03:35 n=550 h=238.9 enc=(984,1327) d2=[0.101, 0.081, 0.094, 0.114, 0.12, 0.543, 1.4, 0.643, 0.591, 0.915, 1.018, 0.148, 0.157, 0.182, 0.176, 0.109]
04:03:37 n=560 h=240.8 enc=(989,1332) d2=[0.089, 0.074, 0.098, 0.103, 0.118, 0.546, 1.4, 0.653, 0.599, 0.917, 0.991, 0.167, 0.178, 0.183, 0.16, 0.121]
04:03:40 n=570 h=239.8 enc=(995,1336) d2=[0.09, 0.098, 0.108, 0.083, 0.105, 0.56, 1.377, 0.659, 0.606, 0.908, 1.019, 0.159, 0.15, 0.172, 0.165, 0.119]
04:03:41 PING tx=tick=139847 goal=0 here=0 tx=19:lost d0=0 d5=0 d11=0.337
04:03:42 n=580 h=243.8 enc=(997,1342) d2=[0.098, 0.086, 0.112, 0.094, 0.124, 0.533, 1.398, 0.637, 0.594, 0.897, 1.006, 0.161, 0.137, 0.179, 0.151, 0.109]
04:03:45 n=590 h=243.2 enc=(1001,1344) d2=[0.097, 0.077, 0.114, 0.085, 0.115, 0.548, 1.384, 0.662, 0.586, 0.935, 1.006, 0.162, 0.178, 0.186, 0.168, 0.094]
04:03:47 n=600 h=238.0 enc=(1000,1344) d2=[0.089, 0.121, 0.1, 0.101, 0.102, 0.555, 1.39, 0.653, 0.611, 0.908, 1.001, 0.169, 0.169, 0.186, 0.162, 0.104]
04:03:50 PING tx=tick=140664 goal=0 here=0 tx=20:lost d0=0 d5=0 d11=0.328
04:03:50 n=610 h=241.0 enc=(1004,1345) d2=[0.099, 0.09, 0.092, 0.101, 0.119, 0.546, 1.401, 0.636, 0.595, 0.894, 1.008, 0.155, 0.148, 0.184, 0.174, 0.107]
04:03:52 n=620 h=241.9 enc=(1007,1349) d2=[0.097, 0.081, 0.091, 0.098, 0.116, 0.541, 1.414, -1.0, 0.609, 0.907, 0.996, 0.157, 0.157, 0.171, 0.179, 0.093]
04:03:55 n=630 h=242.5 enc=(1009,1350) d2=[0.078, 0.068, 0.1, 0.104, 0.127, 0.539, 1.387, 0.669, -1.0, 0.923, 0.996, 0.172, -1.0, 0.19, 0.173, 0.095]
04:03:58 n=640 h=240.8 enc=(1010,1351) d2=[0.083, 0.098, 0.083, 0.09, 0.103, 0.539, 1.4, 0.654, 0.596, 0.906, 0.996, 0.169, 0.154, 0.173, 0.176, 0.121]
04:03:58 PING tx=tick=141479 goal=0 here=0 tx=21:lost d0=0 d5=0 d11=0.321
04:04:00 n=650 h=241.6 enc=(1013,1355) d2=[0.097, 0.092, 0.087, 0.08, 0.13, 0.537, 1.393, 0.656, 0.606, 0.915, 1.002, 0.154, 0.16, 0.181, 0.168, 0.111]
04:04:03 n=660 h=241.5 enc=(1020,1362) d2=[0.098, 0.094, 0.092, 0.104, 0.11, 0.528, 1.375, 0.668, 0.59, 0.913, 0.986, 0.18, 0.155, 0.181, 0.174, 0.122]
04:04:05 n=670 h=239.8 enc=(1018,1362) d2=[0.078, 0.078, 0.098, 0.089, 0.108, 0.555, 1.413, 0.646, 0.582, 0.918, 0.993, 0.174, 0.179, 0.171, 0.156, 0.11]
04:04:06 PING tx=tick=142280 goal=0 here=0 tx=22:lost d0=0 d5=0 d11=0.336
04:04:08 n=680 h=242.0 enc=(1018,1360) d2=None
04:04:10 n=690 h=239.7 enc=(1021,1365) d2=[0.087, 0.093, 0.106, 0.111, 0.129, 0.553, 1.401, 0.667, 0.615, 0.93, 0.96, 0.168, 0.164, 0.18, 0.184, 0.105]
04:04:13 n=700 h=244.3 enc=(1025,1368) d2=[0.076, 0.081, 0.118, 0.114, 0.112, 0.542, 1.392, 0.665, 0.588, 0.927, 1.014, 0.158, 0.161, 0.176, 0.16, 0.118]
04:04:14 PING tx=tick=143096 goal=0 here=0 tx=23:lost d0=0 d5=0 d11=0.322
04:04:15 n=710 h=240.6 enc=(1027,1369) d2=[0.088, 0.085, 0.085, 0.086, 0.118, 0.538, 1.381, 0.654, 0.592, 0.897, 0.989, 0.161, 0.158, 0.172, 0.178, 0.095]
04:04:18 n=720 h=242.1 enc=(nan,1368) d2=[0.088, 0.095, 0.106, 0.104, 0.118, 0.526, 1.402, 0.639, 0.592, 0.91, 1.0, 0.176, 0.137, 0.188, 0.167, 0.101]
04:04:21 n=730 h=242.2 enc=(1028,1371) d2=[0.099, 0.096, 0.098, 0.107, 0.09, 0.533, 1.384, 0.662, 0.576, 0.909, 0.997, 0.166, 0.159, 0.18, 0.179, 0.097]
04:04:22 PING tx=tick=143911 goal=0 here=0 tx=24:lost d0=0 d5=0 d11=0.314
04:04:23 n=740 h=237.3 enc=(nan,1370) d2=[0.099, 0.09, 0.083, 0.081, 0.116, 0.549, 1.376, 0.645, 0.595, 0.935, 0.984, 0.17, 0.155, 0.17, 0.181, 0.122]
04:04:26 n=750 h=241.3 enc=(1030,1370) d2=[0.082, 0.081, 0.099, 0.091, 0.102, 0.538, 1.407, 0.636, 0.592, 0.927, 0.994, 0.163, 0.161, 0.171, 0.171, 0.116]
04:04:28 n=760 h=241.0 enc=(1033,1374) d2=[0.085, 0.082, 0.106, 0.105, 0.104, 0.533, 1.389, 0.645, 0.579, 0.919, 0.998, 0.159, 0.151, 0.18, 0.185, 0.093]
04:04:30 PING tx=tick=144727 goal=0 here=0 tx=25:lost d0=None d5=0 d11=0.328
04:04:31 n=770 h=238.2 enc=(1037,1379) d2=[0.078, 0.086, 0.104, 0.11, 0.116, 0.524, 1.385, 0.648, 0.576, 0.917, 0.981, 0.168, 0.156, 0.176, 0.176, 0.104]
04:04:33 n=780 h=240.3 enc=(1039,1380) d2=[0.123, 0.098, 0.102, 0.095, 0.111, 0.539, 1.373, 0.649, 0.582, 0.924, 0.985, 0.162, 0.15, 0.174, 0.176, 0.11]
