[04:14:05] brain2 start
[04:14:05] AVOID bump=False P=[0.18, 0.186, 0.111, 0.089, 0.11, 0.12, 0.098, 0.109, 1.308, 1.483, 0.564, 0.845, 0.984, 0.354, 0.16, 0.175]
[04:14:06] AVOID bump=False P=[0.183, 0.163, 0.103, 0.095, 0.107, 0.095, 0.107, 0.131, 1.297, 1.494, 0.584, 0.851, 0.994, 0.345, 0.166, 0.169]
[04:14:07] n=12 h=180.5 xy=(0.00,0.01) enc=(227,2223) d0=0 d5=0 d11=0.374 d3=tick=202443 goal=0 here=0 tx=27:lost
[04:14:07]    P=0.189,0.167,0.112,0.090,0.113,0.100,0.103,0.146,1.302,1.501,0.564,0.850,0.981,0.345,0.159,0.169
[04:14:08] AVOID bump=False P=[0.166, 0.18, 0.087, 0.079, 0.08, 0.104, 0.121, 0.122, 1.314, 1.503, 0.576, 0.879, 0.984, 0.349, 0.139, 0.158]
[04:14:09] AVOID bump=False P=[0.175, 0.176, 0.117, 0.085, 0.082, 0.086, 0.102, 0.117, 1.279, 1.485, 0.584, 0.872, 0.969, 0.372, 0.142, 0.154]
[04:14:10] n=24 h=179.2 xy=(0.00,0.02) enc=(225,2223) d0=0 d5=0 d11=0.380 d3=tick=202713 goal=0 here=0 tx=27:lost
[04:14:10]    P=0.177,0.172,0.094,0.091,0.100,0.103,0.112,0.139,1.295,1.488,0.584,0.883,0.970,0.373,0.161,0.162
[04:14:10] AVOID bump=False P=[0.178, 0.185, 0.093, 0.084, 0.09, 0.099, 0.111, 0.139, 1.308, 1.503, 0.559, 0.858, 0.968, 0.361, 0.154, 0.165]
[04:14:12] AVOID bump=False P=[0.169, 0.173, 0.12, 0.076, 0.092, 0.114, 0.117, 0.118, 1.302, 1.5, 0.57, 0.887, -1.0, 0.357, 0.161, 0.167]
[04:14:13] n=36 h=183.4 xy=(0.00,0.01) enc=(225,2224) d0=0 d5=0 d11=0.380 d3=tick=202983 goal=0 here=0 tx=28:lost
[04:14:13]    P=0.169,0.173,0.106,0.086,0.100,0.090,0.100,0.118,1.319,1.488,0.591,0.855,0.986,0.357,0.166,0.157
[04:14:13] AVOID bump=False P=[0.179, 0.172, 0.103, 0.097, 0.084, 0.1, 0.116, 0.131, 1.307, 1.488, 0.574, 0.861, 0.975, 0.332, 0.159, 0.152]
[04:14:14] AVOID bump=False P=[0.177, 0.159, 0.109, 0.085, 0.075, 0.103, 0.128, 0.135, 1.286, 1.473, 0.559, 0.866, 1.004, 0.354, 0.167, 0.164]
[04:14:16] n=48 h=179.7 xy=(0.00,0.01) enc=(225,2224) d0=0 d5=0 d11=0.373 d3=tick=203253 goal=0 here=0 tx=29:lost
[04:14:16]    P=0.187,0.169,0.065,0.083,0.097,0.105,0.093,0.124,1.305,1.499,0.568,0.848,0.986,0.360,0.137,0.148
[04:14:16] AVOID bump=False P=[0.196, 0.16, 0.1, 0.095, 0.092, 0.088, 0.113, 0.136, 1.297, 1.482, 0.58, 0.883, 0.979, 0.361, 0.159, 0.144]
[04:14:17] AVOID bump=False P=[0.18, 0.162, 0.094, 0.087, 0.092, 0.092, 0.115, 0.123, 1.313, 1.483, 0.569, 0.854, 0.968, 0.352, 0.165, 0.158]
[04:14:18] n=60 h=178.1 xy=(0.00,0.01) enc=(227,2223) d0=0 d5=0 d11=0.384 d3=tick=203523 goal=0 here=0 tx=29:lost
[04:14:18]    P=0.198,0.172,0.079,0.099,0.079,0.100,0.110,0.126,1.304,1.491,0.560,0.852,0.976,0.351,0.171,0.150
[04:14:18] AVOID bump=False P=[0.17, 0.166, 0.103, 0.083, 0.107, 0.105, 0.097, 0.124, 1.322, 1.494, 0.577, 0.86, 0.992, 0.369, 0.169, 0.166]
[04:14:20] AVOID bump=False P=[0.174, 0.172, 0.089, 0.086, 0.091, 0.087, 0.108, 0.119, 1.314, 1.486, 0.559, 0.855, 0.985, 0.376, 0.147, 0.168]
[04:14:21] n=72 h=183.2 xy=(0.00,0.01) enc=(None,2224) d0=0 d5=0 d11=0.386 d3=tick=203792 goal=0 here=0 tx=30:lost
[04:14:21]    P=0.172,0.184,0.084,0.077,0.109,0.113,0.095,0.143,1.291,1.496,0.564,0.854,0.988,0.357,0.145,0.165
[04:14:21] AVOID bump=False P=[0.191, 0.178, 0.086, 0.087, 0.111, 0.121, 0.086, 0.136, 1.302, 1.496, 0.571, 0.864, 0.988, 0.355, 0.15, 0.164]
[04:14:22] AVOID bump=False P=[0.185, 0.158, 0.094, 0.089, 0.104, 0.092, 0.104, 0.147, 1.305, 1.501, 0.565, 0.837, 0.992, 0.355, 0.148, 0.151]
[04:14:24] n=84 h=184.2 xy=(0.00,0.01) enc=(226,2224) d0=0 d5=0 d11=0.381 d3=tick=204062 goal=0 here=0 tx=30:lost
[04:14:24]    P=0.142,0.170,0.111,0.083,0.080,0.108,0.091,0.109,1.310,1.513,0.571,0.877,0.984,0.346,-1.000,0.153
[04:14:24] AVOID bump=False P=[0.177, 0.172, 0.098, 0.088, 0.093, 0.106, 0.099, 0.127, 1.297, 1.497, 0.57, 0.852, 0.992, 0.367, 0.141, 0.177]
[04:14:25] AVOID bump=False P=[0.172, 0.167, 0.094, 0.087, 0.098, 0.104, 0.107, 0.132, 1.312, 1.481, 0.564, 0.846, 0.963, 0.348, 0.182, 0.172]
[04:14:26] n=96 h=181.4 xy=(0.00,0.00) enc=(227,2224) d0=0 d5=0 d11=0.373 d3=None
[04:14:26]    P=None
[04:14:27] AVOID bump=False P=[0.147, 0.18, 0.098, 0.072, 0.087, 0.096, 0.111, 0.115, 1.304, 1.486, 0.562, 0.883, 0.996, 0.344, 0.142, 0.146]
[04:14:28] AVOID bump=False P=[0.184, 0.156, 0.108, 0.077, 0.082, 0.084, 0.111, 0.117, 1.31, 1.488, 0.571, 0.87, 0.986, -1.0, 0.161, 0.154]
[04:14:29] n=108 h=181.3 xy=(0.00,0.00) enc=(227,2224) d0=0 d5=0 d11=0.380 d3=tick=204603 goal=0 here=0 tx=31:lost
[04:14:29]    P=0.181,0.168,0.115,0.082,0.119,0.100,0.103,0.122,1.309,1.497,0.578,0.848,0.968,0.369,0.148,0.170
[04:14:29] AVOID bump=False P=[0.178, 0.164, 0.11, 0.088, 0.083, 0.105, 0.102, 0.128, -1.0, 1.506, 0.563, 0.862, 0.961, 0.373, 0.14, 0.163]
[04:14:31] AVOID bump=False P=[0.177, 0.16, 0.098, 0.089, 0.098, 0.108, 0.116, 0.117, 1.3, 1.493, 0.553, 0.87, 0.996, 0.363, 0.158, 0.149]
[04:14:32] n=120 h=177.6 xy=(0.00,-0.00) enc=(227,2225) d0=0 d5=0 d11=0.375 d3=tick=204872 goal=0 here=0 tx=32:lost
[04:14:32]    P=0.171,0.172,0.088,0.085,0.088,0.093,0.117,0.134,1.332,1.499,0.554,0.868,0.977,0.354,0.154,0.170
[04:14:32] AVOID bump=False P=[0.162, 0.163, 0.112, 0.074, 0.1, 0.105, 0.105, 0.13, 1.322, 1.499, 0.579, 0.876, 0.985, 0.359, 0.148, 0.168]
[04:14:33] AVOID bump=False P=[0.179, 0.163, 0.105, 0.084, 0.095, 0.111, 0.107, 0.133, 1.284, 1.484, 0.581, 0.867, 0.988, 0.347, 0.132, 0.152]
[04:14:34] n=132 h=186.1 xy=(0.00,0.01) enc=(227,2223) d0=0 d5=0 d11=0.364 d3=tick=205142 goal=0 here=0 tx=32:lost
[04:14:34]    P=0.172,0.163,0.102,0.087,0.093,0.105,0.109,0.125,1.315,1.510,0.547,0.868,0.989,0.357,0.154,0.161
[04:14:35] AVOID bump=False P=[0.185, 0.181, 0.107, 0.071, 0.067, 0.102, 0.111, 0.133, 1.296, 1.483, 0.575, 0.872, 0.988, 0.342, 0.163, 0.171]
[04:14:36] AVOID bump=False P=[0.168, 0.154, 0.098, 0.083, 0.1, 0.092, 0.116, 0.129, 1.31, 1.494, 0.582, 0.863, 1.004, 0.367, 0.164, 0.175]
[04:14:37] n=144 h=182.9 xy=(0.00,0.01) enc=(227,2223) d0=0 d5=0 d11=0.371 d3=tick=205412 goal=0 here=0 tx=33:lost
[04:14:37]    P=0.168,0.179,0.091,0.086,0.115,0.089,0.119,0.125,1.314,1.488,0.560,0.872,0.982,0.365,0.166,0.185
[04:14:37] AVOID bump=False P=[0.197, 0.171, 0.093, 0.091, 0.104, 0.117, 0.108, 0.131, 1.315, 1.496, 0.571, 0.855, 0.984, 0.345, 0.151, 0.145]
[04:14:39] AVOID bump=False P=[0.179, 0.156, 0.085, 0.088, 0.091, 0.109, 0.107, 0.121, 1.327, 1.504, 0.556, 0.868, 0.989, 0.345, 0.162, 0.161]
[04:14:40] n=156 h=182.1 xy=(0.00,0.01) enc=(225,2224) d0=0 d5=0 d11=0.356 d3=tick=205685 goal=0 here=0 tx=33:lost
[04:14:40]    P=0.174,0.152,0.097,0.085,0.085,0.105,0.106,0.116,1.291,1.481,0.562,0.859,0.989,0.356,0.153,0.156
[04:14:40] AVOID bump=False P=[0.174, 0.17, 0.11, 0.086, 0.097, 0.091, 0.102, 0.126, 1.306, 1.474, 0.558, 0.876, 0.974, 0.349, 0.144, 0.168]
[04:14:41] AVOID bump=False P=[0.18, 0.152, 0.101, 0.083, 0.098, 0.117, 0.091, 0.138, 1.302, 1.486, 0.562, 0.872, 0.985, 0.364, 0.169, 0.153]
[04:14:43] n=168 h=182.3 xy=(0.00,0.00) enc=(226,2225) d0=0 d5=0 d11=0.368 d3=tick=205954 goal=0 here=0 tx=34:lost
[04:14:43]    P=0.168,0.156,0.095,0.071,0.116,0.102,0.102,0.119,1.320,1.486,0.546,0.875,0.978,0.364,0.164,0.158
[04:14:43] AVOID bump=False P=[0.172, 0.164, 0.097, 0.082, 0.117, 0.107, 0.114, 0.126, 1.319, 1.477, 0.578, 0.871, 0.986, 0.353, 0.152, 0.155]
[04:14:44] AVOID bump=False P=[0.18, 0.172, 0.096, 0.1, 0.07, 0.088, 0.089, 0.128, 1.286, 1.499, 0.562, 0.851, 0.986, 0.35, 0.154, 0.155]
[04:14:45] n=180 h=185.1 xy=(0.00,0.01) enc=(227,2223) d0=0 d5=0 d11=0.370 d3=tick=206225 goal=0 here=0 tx=34:lost
[04:14:45]    P=0.187,0.162,0.100,0.097,0.090,0.089,0.097,0.133,1.321,1.497,0.578,0.859,0.988,0.352,0.160,0.166
[04:14:45] AVOID bump=False P=[0.17, 0.183, 0.108, 0.095, 0.112, 0.078, 0.103, 0.127, 1.304, 1.493, 0.56, 0.868, 0.978, 0.371, 0.173, 0.176]
[04:14:47] AVOID bump=False P=[0.168, 0.19, 0.102, 0.1, 0.107, 0.111, 0.09, 0.115, 1.308, 1.498, 0.587, 0.858, 0.991, 0.354, 0.167, 0.172]
[04:14:48] n=192 h=182.5 xy=(0.00,0.02) enc=(225,2223) d0=0 d5=0 d11=0.378 d3=tick=206495 goal=0 here=0 tx=35:lost
[04:14:48]    P=0.159,0.171,0.097,0.089,0.116,0.100,0.106,0.129,1.300,1.470,0.565,0.853,0.982,0.356,0.161,0.149
[04:14:48] AVOID bump=False P=[0.185, 0.175, 0.108, 0.104, 0.105, 0.104, 0.091, 0.13, 1.302, 1.507, 0.564, 0.857, 0.984, 0.352, 0.154, 0.165]
[04:14:50] AVOID bump=False P=[0.178, 0.18, 0.098, 0.108, 0.084, 0.135, 0.123, 0.141, 1.31, 1.5, 0.578, 0.863, 0.971, 0.363, 0.162, 0.168]
[04:14:51] n=204 h=179.2 xy=(0.00,0.01) enc=(225,2225) d0=0 d5=0 d11=0.357 d3=tick=206764 goal=0 here=0 tx=35:lost
[04:14:51]    P=0.173,0.173,0.100,0.100,0.106,0.095,0.102,0.122,1.309,1.497,0.562,0.842,0.983,0.338,0.145,0.146
[04:14:51] AVOID bump=False P=[0.18, 0.173, 0.097, 0.097, 0.115, 0.102, 0.101, 0.117, 1.315, 1.479, 0.57, 0.867, 0.989, 0.353, 0.155, 0.178]
[04:14:52] AVOID bump=False P=[0.169, 0.175, 0.11, 0.095, 0.101, 0.108, 0.118, 0.11, 1.308, 1.496, -1.0, 0.86, 1.011, 0.339, 0.154, 0.141]
[04:14:53] n=216 h=182.0 xy=(0.00,0.01) enc=(226,2223) d0=0 d5=0 d11=0.371 d3=tick=207034 goal=0 here=0 tx=36:lost
[04:14:53]    P=0.169,0.157,0.096,0.093,0.097,0.097,0.105,0.115,1.309,1.493,0.577,0.844,0.975,0.359,0.170,0.165
[04:14:54] AVOID bump=False P=[0.179, 0.171, 0.083, 0.095, 0.094, 0.096, 0.084, 0.123, 1.306, 1.503, 0.569, 0.859, 0.982, 0.345, 0.139, 0.157]
[04:14:55] AVOID bump=False P=[0.164, 0.15, 0.094, 0.099, 0.095, 0.104, 0.1, 0.116, 1.316, 1.479, 0.561, 0.863, 0.968, 0.35, 0.169, 0.181]
[04:14:56] n=228 h=181.5 xy=(0.00,0.02) enc=(225,2224) d0=0 d5=0 d11=0.362 d3=tick=207304 goal=0 here=0 tx=36:lost
[04:14:56]    P=0.165,0.186,0.098,0.074,0.098,0.109,0.110,0.134,1.303,1.482,0.572,0.866,0.987,0.345,0.149,0.170
[04:14:56] AVOID bump=False P=[0.169, 0.167, 0.092, 0.094, 0.092, 0.101, 0.1, 0.129, 1.3, 1.473, 0.558, 0.873, 0.978, 0.364, 0.156, 0.161]
[04:14:58] AVOID bump=False P=[0.17, 0.174, 0.1, 0.094, 0.091, 0.096, 0.111, 0.114, 1.316, 1.478, 0.569, 0.863, 1.004, 0.354, -1.0, 0.151]
[04:14:59] n=240 h=179.8 xy=(0.00,0.02) enc=(225,2224) d0=0 d5=0 d11=0.358 d3=tick=207574 goal=0 here=0 tx=37:lost
[04:14:59]    P=0.182,0.170,0.101,0.113,0.078,0.099,0.111,0.116,1.304,1.484,0.566,0.869,0.988,0.355,0.159,0.175
[04:14:59] AVOID bump=False P=[0.193, 0.155, 0.086, 0.098, 0.102, 0.102, 0.098, 0.106, 1.327, 1.492, 0.564, 0.868, 0.994, 0.355, 0.153, 0.163]
[04:15:01] AVOID bump=False P=[0.183, 0.169, 0.114, 0.095, 0.084, 0.105, 0.115, 0.097, 1.311, 1.499, 0.575, 0.868, 0.981, 0.358, 0.17, 0.161]
[04:15:01] n=252 h=181.2 xy=(0.00,0.02) enc=(226,2223) d0=0 d5=0 d11=0.348 d3=tick=207845 goal=0 here=0 tx=37:lost
[04:15:01]    P=0.166,0.171,0.091,0.091,0.102,0.098,0.088,0.135,1.297,1.512,0.571,0.862,0.973,0.349,0.151,0.164
[04:15:02] AVOID bump=False P=[0.173, 0.155, 0.1, 0.093, 0.078, 0.086, 0.1, 0.135, 1.306, 1.509, 0.564, 0.858, 0.996, 0.338, 0.141, 0.162]
[04:15:03] AVOID bump=False P=[0.176, 0.163, 0.097, 0.096, 0.101, 0.106, 0.1, 0.106, 1.323, 1.497, 0.58, 0.852, 0.961, 0.363, 0.153, 0.151]
[04:15:04] n=264 h=181.3 xy=(0.00,0.01) enc=(226,2224) d0=0 d5=0 d11=0.361 d3=tick=208115 goal=0 here=0 tx=38:lost
[04:15:04]    P=0.164,0.166,0.102,0.099,0.098,0.097,0.117,0.121,1.310,1.502,0.594,0.879,0.987,-1.000,0.148,0.166
[04:15:05] AVOID bump=False P=[0.171, 0.166, 0.095, 0.099, 0.098, 0.101, 0.099, 0.112, 1.309, 1.477, 0.582, 0.875, 0.978, 0.367, 0.152, 0.172]
[04:15:06] AVOID bump=False P=[0.18, 0.161, 0.103, 0.091, 0.08, 0.106, 0.112, 0.135, 1.317, 1.493, 0.573, 0.866, 0.967, 0.361, 0.153, 0.148]
[04:15:07] n=276 h=178.1 xy=(0.00,0.01) enc=(225,2225) d0=0 d5=0 d11=0.371 d3=tick=208385 goal=0 here=0 tx=38:lost
[04:15:07]    P=0.170,0.158,0.099,0.086,0.093,0.121,0.119,0.126,1.313,1.488,0.581,-1.000,0.963,0.358,0.163,0.168
[04:15:07] AVOID bump=False P=[0.174, 0.17, 0.104, 0.075, 0.082, 0.091, 0.094, 0.125, 1.307, 1.499, 0.582, 0.864, 0.989, 0.354, 0.169, 0.156]
[04:15:09] AVOID bump=False P=[0.19, 0.175, 0.106, 0.077, 0.101, 0.074, 0.102, -1.0, 1.307, 1.49, 0.564, 0.87, 0.979, 0.372, 0.137, 0.171]
[04:15:10] n=288 h=180.3 xy=(0.00,0.00) enc=(227,2225) d0=0 d5=0 d11=0.367 d3=tick=208660 goal=0 here=0 tx=39:lost
[04:15:10]    P=0.163,0.164,0.102,0.099,0.102,0.095,0.093,0.136,1.322,1.495,0.561,0.855,0.981,0.368,0.147,0.152
[04:15:10] AVOID bump=False P=[0.164, 0.17, 0.072, 0.097, 0.108, 0.105, 0.12, 0.115, 1.306, 1.513, 0.572, 0.862, 0.991, 0.357, 0.158, 0.158]
[04:15:11] AVOID bump=False P=[0.168, 0.154, 0.095, 0.093, 0.107, 0.108, 0.101, 0.1, 1.314, 1.476, 0.587, 0.856, 0.981, 0.359, 0.161, 0.141]
[04:15:12] n=300 h=179.8 xy=(0.00,0.02) enc=(225,2224) d0=0 d5=0 d11=0.365 d3=tick=208930 goal=0 here=0 tx=39:lost
[04:15:12]    P=0.174,0.167,0.087,0.092,0.085,0.097,0.104,0.124,1.303,1.508,0.554,0.878,0.989,0.353,0.151,0.170
[04:15:13] AVOID bump=False P=[0.16, 0.18, 0.115, -1.0, 0.089, 0.108, 0.097, 0.113, 1.309, 1.484, 0.594, 0.846, 0.989, 0.368, 0.16, 0.156]
[04:15:14] AVOID bump=False P=[0.167, 0.191, 0.12, 0.087, 0.09, 0.091, 0.108, 0.135, 1.298, 1.487, 0.577, 0.863, 0.981, 0.373, 0.154, 0.159]
[04:15:15] n=312 h=183.3 xy=(-0.00,0.01) enc=(227,2224) d0=0 d5=0 d11=0.373 d3=tick=209200 goal=0 here=0 tx=40:lost
[04:15:15]    P=0.169,0.169,0.095,0.099,0.079,0.098,0.081,0.121,1.308,1.508,0.590,0.857,0.977,0.347,0.149,0.148
[04:15:15] AVOID bump=False P=[0.17, 0.172, 0.094, 0.089, 0.114, 0.09, 0.117, 0.138, 1.321, 1.508, 0.565, 0.866, 0.992, 0.356, 0.158, 0.175]
[04:15:17] AVOID bump=False P=[0.174, 0.163, 0.084, 0.088, 0.097, 0.094, 0.098, 0.126, 1.314, 1.502, 0.58, 0.854, 0.981, 0.362, 0.17, 0.169]
[04:15:18] n=324 h=178.5 xy=(-0.00,0.01) enc=(227,2224) d0=0 d5=0 d11=0.356 d3=tick=209470 goal=0 here=0 tx=41:lost
[04:15:18]    P=0.170,0.185,0.126,0.084,0.102,0.110,0.099,0.155,1.296,1.487,0.568,0.856,0.993,0.363,0.169,0.165
[04:15:18] AVOID bump=False P=[0.152, 0.145, 0.094, 0.086, 0.093, 0.098, 0.093, 0.14, 1.325, 1.485, 0.571, 0.854, 0.991, 0.346, 0.17, 0.162]
[04:15:19] AVOID bump=False P=[0.177, 0.167, 0.113, 0.089, 0.086, 0.112, 0.102, 0.125, 1.314, 1.49, 0.56, 0.869, 0.984, 0.36, 0.135, 0.164]
[04:15:20] n=336 h=185.2 xy=(0.00,0.01) enc=(226,2224) d0=0 d5=0 d11=0.350 d3=tick=209739 goal=0 here=0 tx=41:lost
[04:15:20]    P=0.156,0.174,0.086,0.085,0.085,0.115,0.109,0.117,1.310,1.508,0.584,0.869,0.989,0.361,0.150,0.165
[04:15:21] AVOID bump=False P=[0.171, 0.176, 0.11, 0.079, 0.095, 0.079, 0.082, 0.124, 1.313, 1.484, 0.588, 0.865, 0.992, 0.362, 0.158, 0.168]
[04:15:22] AVOID bump=False P=[0.2, 0.179, 0.084, 0.08, 0.111, 0.089, 0.115, 0.121, 1.32, 1.491, 0.582, 0.868, 0.99, 0.37, 0.146, 0.171]
[04:15:23] n=348 h=174.2 xy=(0.00,0.01) enc=(226,2225) d0=0 d5=0 d11=0.360 d3=tick=210009 goal=0 here=0 tx=42:lost
[04:15:23]    P=0.177,0.176,0.103,0.092,0.099,-1.000,0.101,0.119,1.311,1.492,0.568,0.874,0.997,0.350,0.160,0.156
[04:15:24] AVOID bump=False P=[0.18, 0.181, 0.115, 0.097, 0.092, 0.111, 0.097, 0.128, 1.325, 1.502, 0.563, 0.878, 0.99, 0.363, 0.156, 0.153]
[04:15:25] AVOID bump=False P=[0.163, 0.161, 0.098, 0.092, 0.108, 0.105, 0.091, 0.105, 1.308, 1.481, 0.572, 0.866, 0.991, 0.366, 0.173, 0.157]
[04:15:26] n=360 h=179.5 xy=(0.00,0.01) enc=(226,2224) d0=0 d5=0 d11=0.363 d3=tick=210279 goal=0 here=0 tx=42:lost
[04:15:26]    P=None
[04:15:26] AVOID bump=False P=[0.182, 0.189, 0.109, 0.088, 0.098, 0.098, 0.126, 0.132, 1.307, 1.497, -1.0, 0.863, 0.978, 0.341, 0.151, 0.152]
[04:15:28] AVOID bump=False P=[0.172, 0.185, 0.091, 0.094, 0.099, 0.095, 0.108, 0.129, 1.301, 1.493, 0.587, 0.859, 0.998, 0.347, 0.174, 0.176]
[04:15:28] n=372 h=183.2 xy=(-0.00,0.01) enc=(227,2223) d0=0 d5=0 d11=0.381 d3=tick=210550 goal=0 here=0 tx=43:lost
[04:15:28]    P=0.169,0.170,-1.000,0.090,0.083,0.108,0.088,0.122,1.317,1.491,0.587,0.863,0.990,0.365,0.161,0.171
[04:15:29] AVOID bump=False P=[0.176, 0.166, 0.076, 0.101, 0.102, 0.09, 0.109, 0.107, 1.301, 1.503, 0.567, 0.86, 0.994, 0.351, 0.165, 0.15]
[04:15:30] AVOID bump=False P=[0.17, 0.173, 0.082, 0.087, 0.097, 0.087, 0.102, 0.128, 1.306, 1.492, 0.567, 0.868, 0.997, 0.34, 0.155, 0.157]
[04:15:31] n=384 h=181.5 xy=(-0.00,0.02) enc=(225,2223) d0=0 d5=0 d11=0.351 d3=None
[04:15:31]    P=0.168,0.186,0.116,0.091,0.104,0.114,0.111,0.132,1.290,1.508,0.574,0.856,0.992,0.343,0.174,0.167
[04:15:32] AVOID bump=False P=[0.166, 0.16, 0.09, 0.1, 0.101, 0.094, 0.105, 0.109, 1.309, 1.488, 0.57, 0.897, 0.98, 0.351, 0.17, 0.141]
[04:15:33] AVOID bump=False P=[0.175, 0.159, 0.088, 0.091, 0.096, 0.093, 0.097, 0.12, 1.302, 1.493, 0.563, 0.864, 0.986, 0.363, 0.157, 0.172]
[04:15:34] n=396 h=183.2 xy=(-0.00,0.00) enc=(227,2225) d0=0 d5=0 d11=0.366 d3=None
[04:15:34]    P=0.183,0.168,0.085,0.091,0.098,0.103,0.119,0.125,1.305,1.498,0.566,0.884,0.980,0.367,0.175,0.140
[04:15:34] AVOID bump=False P=[0.167, 0.176, 0.089, 0.1, 0.105, 0.093, 0.116, 0.125, 1.304, 1.484, 0.567, 0.852, 0.979, 0.376, 0.155, 0.146]
[04:15:36] AVOID bump=False P=[0.173, 0.155, 0.108, 0.095, 0.096, 0.1, 0.129, 0.111, 1.304, 1.484, -1.0, 0.872, 0.984, 0.352, 0.14, 0.153]
[04:15:37] n=408 h=182.6 xy=(-0.00,0.01) enc=(226,2225) d0=0 d5=0 d11=0.356 d3=tick=211359 goal=0 here=0 tx=44:lost
[04:15:37]    P=0.178,0.170,0.092,0.113,0.083,0.115,0.115,0.144,1.297,1.484,0.569,0.863,0.995,0.347,0.170,0.153
[04:15:37] AVOID bump=False P=[0.17, 0.167, 0.098, 0.103, 0.099, 0.102, 0.099, 0.122, 1.324, 1.48, 0.577, 0.857, 0.978, 0.358, 0.192, 0.151]
[04:15:38] AVOID bump=False P=[0.19, 0.153, 0.098, 0.093, 0.081, 0.099, 0.106, 0.154, -1.0, 1.505, 0.583, 0.847, 0.991, 0.347, 0.16, 0.189]
[04:15:39] n=420 h=180.0 xy=(-0.00,0.01) enc=(227,2223) d0=0 d5=0 d11=0.376 d3=tick=211628 goal=0 here=0 tx=45:lost
[04:15:39]    P=0.173,0.173,0.098,0.092,0.099,0.097,0.107,0.106,1.308,1.481,0.569,0.843,0.995,0.341,0.152,0.175
[04:15:40] AVOID bump=False P=[0.174, 0.169, 0.102, 0.085, 0.105, 0.101, 0.072, -1.0, 1.313, 1.496, 0.555, 0.865, 0.97, 0.362, 0.146, 0.145]
[04:15:41] AVOID bump=False P=[0.168, 0.173, 0.095, 0.085, 0.102, 0.097, 0.102, 0.121, 1.303, 1.489, 0.562, 0.857, 0.989, 0.355, 0.163, 0.165]
[04:15:42] n=432 h=181.6 xy=(-0.00,0.01) enc=(227,2223) d0=0 d5=0 d11=0.383 d3=tick=211898 goal=0 here=0 tx=45:lost
[04:15:42]    P=0.173,0.162,0.096,0.104,0.101,0.095,0.091,0.137,1.307,1.476,0.565,0.876,0.982,0.335,0.161,0.160
[04:15:42] AVOID bump=False P=[0.175, 0.165, 0.104, 0.105, 0.108, 0.103, 0.094, 0.124, 1.302, 1.487, 0.553, 0.854, 0.985, 0.363, 0.155, 0.164]
[04:15:44] AVOID bump=False P=[0.173, 0.17, 0.098, 0.095, 0.106, 0.09, 0.095, 0.116, 1.301, 1.515, 0.579, 0.869, 0.977, 0.347, 0.16, 0.152]
[04:15:45] n=444 h=180.4 xy=(0.00,0.01) enc=(227,2224) d0=0 d5=0 d11=0.354 d3=tick=212168 goal=0 here=0 tx=46:lost
[04:15:45]    P=0.168,0.159,0.093,0.061,0.104,0.084,0.097,0.122,1.299,1.498,0.578,0.864,0.978,0.345,0.160,0.157
[04:15:45] AVOID bump=False P=[0.19, 0.166, 0.112, 0.085, 0.083, 0.101, 0.1, 0.124, 1.308, 1.479, 0.573, 0.863, 0.988, 0.376, 0.161, 0.165]
[04:15:47] AVOID bump=False P=[0.178, 0.153, 0.111, 0.078, 0.071, 0.112, 0.12, 0.137, 1.306, 1.472, 0.555, 0.863, 0.972, 0.338, 0.157, 0.151]
[04:15:47] n=456 h=178.2 xy=(0.00,0.00) enc=(227,2225) d0=0 d5=0 d11=0.366 d3=tick=212444 goal=0 here=0 tx=46:lost
[04:15:47]    P=0.158,0.178,0.110,0.100,0.109,0.083,0.095,0.152,1.311,1.485,0.561,0.861,0.991,0.367,0.163,0.158
[04:15:48] AVOID bump=False P=[0.146, 0.165, 0.085, 0.079, 0.093, 0.11, 0.096, 0.124, 1.291, 1.516, 0.568, 0.86, 0.98, 0.361, 0.153, 0.16]
[04:15:49] AVOID bump=False P=[0.166, 0.19, 0.095, 0.086, 0.099, 0.105, 0.117, 0.105, 1.328, 1.498, 0.583, 0.875, 0.994, 0.346, 0.144, 0.156]
[04:15:50] n=468 h=185.8 xy=(0.00,0.01) enc=(226,2225) d0=0 d5=0 d11=0.378 d3=tick=212713 goal=0 here=0 tx=47:lost
[04:15:50]    P=0.177,0.164,0.078,0.106,0.080,0.094,0.092,0.139,1.294,1.490,0.559,-1.000,0.976,0.364,0.165,0.183
[04:15:51] AVOID bump=False P=[0.169, 0.189, 0.113, 0.094, 0.106, 0.102, 0.122, 0.108, 1.3, 1.519, 0.563, 0.867, 0.972, 0.362, 0.151, 0.161]
[04:15:52] AVOID bump=False P=[0.179, 0.162, 0.1, 0.096, 0.089, 0.098, 0.096, 0.134, 1.302, 1.496, 0.565, 0.866, 1.002, 0.341, 0.16, 0.15]
[04:15:53] n=480 h=180.2 xy=(0.00,0.01) enc=(226,2225) d0=0 d5=0 d11=0.369 d3=tick=212983 goal=0 here=0 tx=47:lost
[04:15:53]    P=0.178,0.177,0.103,0.100,0.095,0.112,0.104,0.121,1.304,1.494,0.572,0.871,0.980,0.346,0.164,0.167
[04:15:54] AVOID bump=False P=[0.187, 0.178, 0.091, 0.085, 0.099, 0.083, 0.106, 0.119, 1.305, 1.493, 0.574, 0.871, 0.985, 0.376, 0.146, 0.168]
[04:15:55] AVOID bump=False P=[0.166, 0.152, 0.099, 0.1, 0.102, 0.098, 0.091, 0.139, 1.315, 1.498, 0.584, 0.856, 0.985, 0.366, 0.152, 0.141]
[04:15:56] n=492 h=179.2 xy=(0.00,0.01) enc=(227,2224) d0=0 d5=0 d11=0.385 d3=tick=213253 goal=0 here=0 tx=48:lost
[04:15:56]    P=0.168,0.170,0.109,0.087,0.100,0.107,0.117,0.124,1.316,1.513,0.566,0.862,1.000,0.364,0.165,0.172
[04:15:56] AVOID bump=False P=[0.173, 0.18, 0.111, 0.078, 0.095, 0.1, 0.114, 0.126, 1.336, 1.495, 0.579, 0.845, 0.98, 0.349, 0.169, 0.166]
[04:15:58] AVOID bump=False P=[0.184, 0.151, 0.098, 0.08, 0.108, 0.102, 0.088, 0.107, 1.311, 1.504, 0.565, 0.871, 0.976, 0.362, 0.176, 0.145]
[04:15:58] n=504 h=178.9 xy=(0.00,0.01) enc=(227,2224) d0=0 d5=0 d11=0.371 d3=tick=213523 goal=0 here=0 tx=48:lost
[04:15:58]    P=0.166,0.160,0.106,0.100,0.082,0.107,0.115,0.133,1.319,1.477,0.569,0.841,0.986,0.345,0.159,0.151
[04:15:59] AVOID bump=False P=[0.182, 0.156, 0.084, 0.102, 0.103, 0.092, 0.1, 0.129, 1.304, 1.514, 0.572, 0.866, 0.985, 0.355, 0.165, 0.163]
[04:16:00] AVOID bump=False P=[0.185, 0.184, 0.101, 0.106, 0.092, 0.094, 0.131, 0.139, -1.0, 1.507, 0.568, 0.874, 0.989, 0.365, 0.146, 0.161]
[04:16:01] n=516 h=181.2 xy=(0.00,0.01) enc=(226,2224) d0=0 d5=0 d11=0.358 d3=tick=213793 goal=0 here=0 tx=49:lost
[04:16:01]    P=0.189,0.166,0.105,0.093,0.086,0.109,0.093,0.118,1.310,1.486,0.565,0.867,0.985,0.364,0.155,0.164
[04:16:02] AVOID bump=False P=[0.176, 0.153, 0.106, 0.087, 0.085, 0.087, 0.116, 0.131, 1.334, 1.487, 0.576, 0.871, 0.965, 0.361, 0.144, 0.159]
[04:16:03] AVOID bump=False P=[0.177, 0.145, 0.101, 0.1, 0.102, 0.096, 0.109, 0.12, 1.306, 1.473, 0.562, 0.859, 0.986, 0.341, 0.151, 0.163]
[04:16:04] n=528 h=182.1 xy=(0.00,0.02) enc=(225,2223) d0=0 d5=0 d11=0.348 d3=tick=214063 goal=0 here=0 tx=49:lost
[04:16:04]    P=0.168,0.172,0.096,0.089,0.093,0.086,0.102,0.099,1.316,1.493,0.567,0.865,0.985,0.374,0.161,0.172
[04:16:04] AVOID bump=False P=[0.159, 0.178, 0.104, 0.086, 0.083, 0.103, 0.092, 0.108, 1.307, 1.487, 0.573, 0.867, 0.972, 0.343, 0.143, 0.153]
[04:16:06] AVOID bump=False P=[0.163, 0.162, 0.097, 0.079, 0.109, 0.098, 0.107, 0.133, 1.318, 1.496, 0.572, 0.858, 0.993, 0.347, 0.143, 0.169]
[04:16:06] n=540 h=181.8 xy=(0.00,0.01) enc=(226,2224) d0=0 d5=0 d11=0.351 d3=tick=214336 goal=0 here=0 tx=50:lost
[04:16:06]    P=0.170,0.174,0.096,0.095,0.082,0.105,0.102,-1.000,1.305,1.490,0.576,0.850,0.983,0.339,0.155,0.168
[04:16:07] AVOID bump=False P=[0.182, 0.155, 0.094, 0.079, 0.097, 0.101, -1.0, 0.135, 1.311, 1.49, 0.565, 0.852, 0.971, 0.367, 0.159, 0.159]
[04:16:08] AVOID bump=False P=[0.171, 0.156, 0.101, 0.097, 0.089, 0.089, 0.1, 0.119, 1.303, 1.493, 0.581, 0.861, 0.985, 0.345, 0.164, 0.158]
[04:16:09] n=552 h=182.7 xy=(0.00,0.01) enc=(226,2224) d0=0 d5=None d11=0.357 d3=tick=214606 goal=0 here=0 tx=50:lost
[04:16:09]    P=0.156,0.160,0.107,0.093,0.085,0.098,0.097,0.118,1.312,1.489,0.557,0.849,-1.000,0.377,0.167,0.157
[04:16:10] AVOID bump=False P=[0.169, 0.183, 0.094, 0.097, 0.086, 0.098, 0.103, 0.129, 1.308, 1.483, 0.572, 0.856, 0.999, 0.351, 0.167, 0.163]
[04:16:11] AVOID bump=False P=[0.18, 0.161, 0.108, 0.086, 0.083, 0.105, 0.101, 0.096, 1.308, 1.497, 0.572, 0.856, 0.982, 0.339, 0.186, 0.147]
[04:16:12] n=564 h=183.9 xy=(-0.00,0.02) enc=(225,2224) d0=0 d5=0 d11=0.364 d3=tick=214876 goal=0 here=0 tx=51:lost
[04:16:12]    P=0.171,0.174,0.100,0.107,0.079,0.106,0.096,0.141,1.302,-1.000,0.572,0.874,0.973,0.371,0.150,0.168
[04:16:12] AVOID bump=False P=[0.173, 0.163, 0.091, 0.1, 0.109, 0.089, 0.106, 0.122, 1.305, 1.489, 0.58, 0.853, 0.989, 0.364, 0.157, 0.149]
[04:16:14] AVOID bump=False P=[0.192, 0.156, 0.098, 0.083, 0.089, 0.116, 0.116, 0.134, 1.318, 1.493, -1.0, 0.852, 0.974, 0.359, -1.0, 0.148]
[04:16:14] n=576 h=181.9 xy=(-0.00,0.00) enc=(227,2225) d0=0 d5=0 d11=0.370 d3=tick=215146 goal=0 here=0 tx=52:lost
[04:16:14]    P=0.170,0.164,0.098,0.082,0.094,0.105,0.110,0.122,1.318,1.487,0.587,0.855,0.985,0.357,0.155,0.160
[04:16:15] AVOID bump=False P=[0.176, 0.168, 0.081, 0.084, 0.096, 0.097, 0.094, 0.122, 1.318, 1.488, 0.576, 0.852, 0.972, 0.354, 0.168, 0.147]
[04:16:16] AVOID bump=False P=[0.188, 0.168, 0.102, 0.084, 0.099, 0.092, 0.106, 0.123, 1.287, 1.49, 0.575, 0.871, 0.978, 0.349, 0.175, 0.152]
[04:16:17] n=588 h=182.2 xy=(-0.00,0.01) enc=(226,2224) d0=0 d5=0 d11=0.372 d3=tick=215415 goal=0 here=0 tx=52:lost
[04:16:17]    P=0.172,0.185,0.089,0.090,0.094,0.099,0.106,0.130,1.305,1.492,0.583,0.885,0.980,0.357,0.142,0.157
[04:16:18] AVOID bump=False P=[0.157, 0.168, 0.107, 0.084, -1.0, 0.103, -1.0, 0.133, 1.311, 1.504, 0.57, 0.856, 0.971, 0.365, 0.164, 0.166]
[04:16:19] AVOID bump=False P=[0.172, 0.165, 0.11, 0.096, 0.104, 0.098, 0.1, 0.115, 1.331, 1.495, 0.562, 0.866, 0.986, 0.372, 0.161, 0.154]
[04:16:20] n=600 h=181.3 xy=(-0.00,0.02) enc=(225,2223) d0=0 d5=0 d11=0.377 d3=tick=215685 goal=0 here=0 tx=53:lost
[04:16:20]    P=0.172,0.168,0.099,0.092,0.101,0.095,0.105,0.117,1.316,1.477,0.574,0.862,0.992,0.356,0.161,0.151
[04:16:21] AVOID bump=False P=[0.158, 0.149, 0.091, 0.096, 0.082, 0.117, 0.107, 0.143, 1.31, 1.482, 0.569, 0.855, 0.983, 0.363, 0.151, 0.171]
[04:16:22] AVOID bump=False P=[0.171, 0.166, 0.101, 0.081, 0.078, 0.103, 0.1, 0.128, 1.292, 1.485, 0.575, 0.871, 0.977, 0.354, 0.142, 0.156]
[04:16:23] n=612 h=178.7 xy=(-0.00,0.01) enc=(225,2225) d0=0 d5=0 d11=0.387 d3=tick=215955 goal=0 here=0 tx=53:lost
[04:16:23]    P=0.164,0.167,0.103,0.097,0.090,0.106,0.102,0.123,1.307,1.483,0.567,0.861,0.981,0.361,0.165,0.154
[04:16:23] AVOID bump=False P=[0.165, 0.173, 0.107, 0.094, 0.115, 0.105, 0.107, 0.129, 1.314, 1.491, 0.575, 0.873, 1.003, 0.359, 0.172, 0.162]
[04:16:25] AVOID bump=False P=[0.173, 0.169, 0.095, 0.079, 0.103, 0.099, 0.105, 0.116, 1.308, 1.497, 0.558, 0.864, 1.003, 0.345, 0.147, 0.15]
[04:16:25] n=624 h=179.6 xy=(-0.00,0.01) enc=(225,2225) d0=0 d5=0 d11=0.367 d3=tick=216226 goal=0 here=0 tx=54:lost
[04:16:25]    P=0.181,0.168,0.090,0.107,0.090,0.106,0.109,0.124,1.303,1.488,0.587,0.872,0.956,0.372,0.164,0.154
[04:16:26] AVOID bump=False P=[0.183, 0.166, 0.103, 0.1, 0.103, 0.093, 0.075, 0.11, 1.318, 1.499, 0.566, 0.838, 0.994, 0.333, 0.141, 0.157]
[04:16:27] AVOID bump=False P=[0.171, 0.173, 0.122, 0.076, 0.073, 0.094, 0.116, 0.138, 1.314, 1.485, 0.588, 0.875, 0.982, 0.351, 0.155, 0.173]
[04:16:28] n=636 h=182.3 xy=(-0.00,0.00) enc=(227,2225) d0=0 d5=0 d11=0.369 d3=tick=216500 goal=0 here=0 tx=54:lost
[04:16:28]    P=0.173,0.176,0.102,0.083,0.092,0.115,0.109,0.125,-1.000,1.488,0.570,0.857,0.971,0.355,0.157,0.161
[04:16:29] AVOID bump=False P=[0.155, 0.17, 0.096, 0.102, 0.111, 0.109, 0.11, 0.128, 1.327, 1.503, 0.569, 0.851, 0.986, 0.352, 0.178, 0.17]
[04:16:30] AVOID bump=False P=[0.183, 0.18, 0.093, 0.098, 0.109, 0.089, 0.105, 0.106, 1.315, 1.493, 0.572, 0.859, 0.986, 0.357, 0.141, 0.169]
[04:16:31] n=648 h=183.0 xy=(-0.00,0.01) enc=(225,2225) d0=0 d5=0 d11=0.378 d3=tick=216769 goal=0 here=0 tx=55:lost
[04:16:31]    P=0.187,0.149,0.101,0.088,0.093,0.083,0.106,0.121,1.309,1.502,0.569,0.860,0.981,0.344,0.145,0.135
[04:16:32] AVOID bump=False P=[0.192, 0.174, 0.11, 0.094, 0.103, 0.103, 0.126, 0.105, 1.3, 1.485, 0.557, 0.867, 0.983, 0.366, 0.139, 0.159]
[04:16:33] AVOID bump=False P=[0.161, 0.151, 0.095, 0.091, 0.095, 0.089, 0.104, 0.112, 1.325, 1.503, 0.576, 0.857, 1.002, 0.359, 0.157, 0.172]
[04:16:33] n=660 h=184.1 xy=(-0.00,0.02) enc=(226,2223) d0=0 d5=0 d11=0.367 d3=tick=217039 goal=0 here=0 tx=55:lost
[04:16:33]    P=0.173,0.178,0.107,0.088,0.096,0.117,0.112,0.115,1.301,1.475,0.560,0.859,0.971,0.346,0.154,0.145
[04:16:34] AVOID bump=False P=[0.186, 0.148, 0.095, 0.094, 0.09, 0.099, 0.114, 0.14, 1.316, 1.493, 0.57, 0.878, 0.987, 0.355, 0.147, 0.155]
[04:16:36] AVOID bump=False P=[0.16, 0.152, 0.089, 0.103, 0.099, 0.091, 0.097, 0.125, 1.317, 1.483, 0.566, 0.859, 0.977, 0.355, 0.147, 0.169]
[04:16:36] n=672 h=183.3 xy=(-0.00,0.02) enc=(226,2223) d0=0 d5=0 d11=0.362 d3=tick=217309 goal=0 here=0 tx=56:lost
[04:16:36]    P=0.173,0.177,0.105,0.090,0.109,0.095,0.083,0.142,1.323,1.490,0.565,0.877,0.988,0.351,0.163,0.166
[04:16:37] AVOID bump=False P=[0.181, 0.179, 0.082, 0.088, 0.091, 0.097, 0.098, 0.119, 1.302, 1.498, 0.572, 0.871, 0.988, 0.343, 0.169, 0.165]
[04:16:38] AVOID bump=False P=[0.184, 0.167, 0.108, 0.067, 0.097, 0.092, 0.096, 0.119, 1.291, 1.497, 0.583, 0.857, 0.978, 0.38, 0.162, -1.0]
[04:16:39] n=684 h=180.8 xy=(-0.00,0.02) enc=(225,2224) d0=0 d5=0 d11=0.354 d3=tick=217579 goal=0 here=0 tx=56:lost
[04:16:39]    P=0.157,0.171,0.098,0.096,0.102,-1.000,0.084,0.118,1.297,1.481,0.570,0.876,0.969,0.359,0.144,0.150
[04:16:40] AVOID bump=False P=[0.158, 0.167, 0.12, 0.106, 0.103, 0.092, 0.099, 0.123, 1.291, 1.508, 0.565, 0.852, 0.993, 0.366, 0.16, 0.168]
[04:16:41] AVOID bump=False P=[0.189, 0.187, 0.109, 0.074, 0.088, 0.1, 0.094, 0.14, 1.3, 1.476, 0.586, 0.869, 0.993, 0.347, 0.164, 0.159]
[04:16:41] n=696 h=184.3 xy=(0.00,0.02) enc=(225,2223) d0=0 d5=0 d11=0.368 d3=tick=217849 goal=0 here=0 tx=57:lost
[04:16:41]    P=0.161,0.165,0.092,0.091,0.093,0.108,0.099,0.116,1.307,1.486,0.573,0.862,0.987,0.363,0.142,0.158
[04:16:43] brain2 start
[04:16:43] AVOID bump=False front=0.13 P=[0.167, 0.162, 0.114, 0.092, 0.097, 0.083, 0.102, 0.13, 1.287, 1.499, 0.558, 0.849, 0.993, 0.358, -1.0, 0.155]
[04:16:45] AVOID bump=False front=0.116 P=[0.184, 0.161, 0.11, 0.1, 0.096, 0.097, 0.115, 0.116, 1.329, 1.482, 0.572, 0.858, 0.984, 0.372, 0.186, 0.15]
[04:16:46] n=12 h=182.7 xy=(-0.00,-0.00) enc=(227,2223) d0=0 d5=0 d11=0.358 d3=tick=218268 goal=0 here=0 tx=58:lost
[04:16:46]    P=0.180,0.166,0.116,0.093,0.095,0.094,0.106,0.114,1.305,1.480,0.571,0.860,0.998,0.343,0.158,0.162
[04:16:46] AVOID bump=False front=0.118 P=[0.146, 0.159, 0.111, 0.084, 0.094, 0.08, 0.102, 0.118, 1.311, 1.503, 0.582, 0.858, -1.0, 0.366, 0.16, 0.157]
[04:16:47] AVOID bump=False front=0.116 P=[0.172, -1.0, 0.095, -1.0, 0.087, 0.091, 0.113, 0.116, 1.295, 1.498, 0.563, 0.865, 0.989, 0.333, 0.151, 0.171]
[04:16:48] n=24 h=179.8 xy=(-0.00,0.00) enc=(226,2223) d0=0 d5=0 d11=0.366 d3=tick=218537 goal=0 here=0 tx=58:lost
[04:16:48]    P=0.164,-1.000,0.099,0.096,0.099,0.103,0.106,0.116,1.314,1.494,0.577,0.850,1.004,0.363,0.147,0.163
[04:16:49] AVOID bump=False front=0.11 P=[0.145, 0.149, 0.096, 0.088, 0.112, 0.106, -1.0, 0.11, 1.306, 1.51, 0.57, 0.861, 0.984, 0.378, 0.153, 0.16]
[04:16:50] AVOID bump=False front=0.121 P=[0.164, 0.175, 0.096, 0.091, 0.095, 0.085, 0.11, 0.121, 1.327, 1.482, 0.571, 0.843, 0.969, 0.367, 0.182, 0.14]
[04:16:51] n=36 h=183.3 xy=(-0.00,-0.01) enc=(227,2225) d0=None d5=0 d11=0.381 d3=tick=218807 goal=0 here=0 tx=59:lost
[04:16:51]    P=0.166,0.165,0.098,0.088,0.094,0.106,0.101,0.118,1.285,1.524,0.581,0.862,0.980,0.347,0.162,0.167
[04:16:52] AVOID bump=False front=0.126 P=[0.176, 0.172, 0.106, 0.094, 0.088, 0.094, 0.096, 0.126, 1.312, 1.494, 0.582, 0.875, 0.96, 0.354, 0.152, 0.158]
[04:16:53] AVOID bump=False front=0.13 P=[0.174, 0.181, 0.106, 0.095, 0.086, 0.109, 0.106, 0.13, 1.295, 1.489, 0.56, 0.853, 0.983, 0.352, 0.165, 0.166]
[04:16:54] n=48 h=181.3 xy=(-0.00,0.00) enc=(225,None) d0=0 d5=0 d11=0.371 d3=tick=219076 goal=0 here=0 tx=60:lost
[04:16:54]    P=None
[04:16:54] AVOID bump=False front=0.121 P=[0.181, 0.175, 0.11, 0.086, 0.087, 0.101, 0.099, 0.121, 1.304, 1.474, 0.557, 0.88, 0.978, 0.339, 0.163, 0.163]
[04:16:56] AVOID bump=False front=0.12 P=[0.177, 0.167, 0.074, 0.104, 0.095, 0.093, 0.09, 0.12, 1.295, 1.494, 0.545, 0.854, 0.972, 0.34, 0.152, 0.169]
[04:16:56] n=60 h=181.9 xy=(-0.00,-0.00) enc=(225,2225) d0=0 d5=0 d11=0.366 d3=tick=219346 goal=0 here=0 tx=60:lost
[04:16:56]    P=0.181,0.172,0.088,0.080,0.118,0.108,0.107,0.133,1.305,1.498,0.559,0.857,0.992,0.350,0.155,0.155
[04:16:57] AVOID bump=False front=0.12 P=[0.168, 0.164, 0.108, 0.086, 0.117, 0.083, 0.104, 0.12, 1.308, 1.496, 0.563, 0.868, 0.983, 0.376, 0.165, 0.159]
[04:16:58] AVOID bump=False front=0.124 P=[0.177, 0.171, 0.077, 0.085, 0.097, 0.115, 0.103, 0.124, 1.314, 1.494, 0.562, 0.853, 0.98, 0.362, 0.156, 0.167]
[04:16:59] n=72 h=180.1 xy=(-0.00,0.01) enc=(225,None) d0=0 d5=0 d11=0.362 d3=tick=219616 goal=0 here=0 tx=61:lost
[04:16:59]    P=0.172,0.161,0.098,0.088,0.102,0.083,0.092,0.133,1.314,1.480,0.573,0.870,0.968,0.363,0.158,0.173
[04:17:00] AVOID bump=False front=0.119 P=[0.184, 0.17, 0.096, 0.114, 0.106, 0.102, 0.114, 0.119, -1.0, 1.496, 0.577, 0.877, 1.002, 0.367, 0.154, 0.158]
[04:17:01] AVOID bump=False front=0.127 P=[0.172, 0.189, 0.103, 0.074, 0.1, 0.12, 0.096, 0.127, 1.313, 1.495, 0.556, 0.881, 0.974, 0.366, 0.144, 0.138]
[04:17:02] n=84 h=181.6 xy=(-0.00,-0.00) enc=(227,2223) d0=0 d5=0 d11=0.372 d3=tick=219886 goal=0 here=0 tx=61:lost
[04:17:02]    P=0.188,0.157,0.082,0.081,0.085,0.106,0.104,0.123,1.305,1.481,0.560,0.858,0.962,0.358,0.159,0.169
[04:17:02] AVOID bump=False front=0.124 P=[0.195, 0.162, 0.099, 0.098, 0.115, 0.09, 0.103, 0.124, 1.31, 1.494, 0.564, 0.883, 0.982, 0.362, 0.172, 0.158]
[04:17:04] AVOID bump=False front=0.122 P=[0.19, 0.172, 0.107, 0.09, 0.097, 0.097, 0.114, 0.122, 1.332, 1.502, 0.576, -1.0, 0.974, 0.355, 0.172, 0.149]
[04:17:05] n=96 h=182.7 xy=(0.00,-0.00) enc=(227,2223) d0=0 d5=0 d11=0.363 d3=tick=220156 goal=0 here=0 tx=62:lost
[04:17:05]    P=0.182,0.169,0.109,0.092,0.090,0.086,0.101,0.124,1.315,1.505,0.558,0.883,0.999,0.351,0.169,0.166
[04:17:05] AVOID bump=False front=0.109 P=[0.173, 0.154, 0.104, 0.092, 0.098, 0.098, 0.099, 0.109, 1.313, 1.498, 0.579, 0.878, 0.991, 0.349, 0.153, 0.154]
[04:17:07] AVOID bump=False front=0.132 P=[0.163, 0.17, 0.102, 0.1, 0.107, 0.101, 0.091, 0.132, 1.308, 1.488, 0.573, 0.863, 0.982, 0.34, 0.156, 0.172]
[04:17:07] n=108 h=179.8 xy=(0.00,-0.01) enc=(225,2226) d0=0 d5=0 d11=0.364 d3=tick=220426 goal=0 here=0 tx=62:lost
[04:17:07]    P=0.167,0.157,0.099,0.106,0.097,0.095,0.121,0.140,1.290,1.497,0.555,0.870,0.976,0.350,0.172,0.163
[04:17:08] AVOID bump=False front=0.128 P=[0.172, 0.153, 0.085, 0.088, 0.1, 0.085, 0.099, 0.128, 1.311, 1.491, 0.56, 0.873, 0.996, 0.345, 0.151, 0.174]
[04:17:09] AVOID bump=False front=0.135 P=[0.167, 0.164, 0.098, 0.088, 0.09, 0.098, 0.095, 0.135, 1.326, 1.499, 0.564, 0.859, 1.011, 0.35, 0.167, 0.158]
[04:17:10] n=120 h=181.4 xy=(-0.00,-0.01) enc=(226,2226) d0=0 d5=0 d11=0.369 d3=tick=220696 goal=0 here=0 tx=63:lost
[04:17:10]    P=0.172,0.182,0.106,0.092,0.113,0.112,0.113,0.127,1.319,1.469,0.575,0.857,0.992,0.352,0.165,0.165
[04:17:11] AVOID bump=False front=0.107 P=[0.168, 0.174, 0.12, 0.106, 0.094, 0.106, 0.092, 0.107, 1.302, 1.505, 0.558, 0.868, 0.976, 0.362, 0.153, 0.181]
[04:17:12] AVOID bump=False front=0.123 P=[0.166, 0.185, 0.1, 0.103, 0.098, 0.089, 0.1, 0.123, 1.304, 1.489, 0.556, 0.866, 0.985, 0.357, 0.157, 0.155]
[04:17:13] n=132 h=181.1 xy=(-0.00,-0.01) enc=(227,2224) d0=0 d5=0 d11=0.380 d3=tick=220966 goal=0 here=0 tx=63:lost
[04:17:13]    P=0.175,0.165,0.097,0.090,0.114,0.115,0.124,0.125,1.313,1.464,0.551,0.859,0.999,0.364,0.149,0.176
[04:17:13] AVOID bump=False front=0.125 P=[0.174, 0.173, 0.105, 0.079, 0.09, 0.09, 0.099, 0.125, 1.308, 1.499, 0.57, 0.856, 0.981, 0.352, 0.16, 0.168]
[04:17:15] AVOID bump=False front=0.134 P=[0.158, 0.178, 0.107, 0.097, 0.094, 0.078, 0.113, 0.134, 1.31, 1.497, 0.562, 0.88, 0.982, 0.356, 0.15, 0.16]
[04:17:15] n=144 h=183.9 xy=(0.00,-0.01) enc=(227,2224) d0=0 d5=0 d11=0.375 d3=None
[04:17:15]    P=0.191,0.176,0.101,0.069,0.083,0.102,0.108,0.134,1.308,1.504,0.549,0.873,0.981,0.353,0.153,0.156
[04:17:16] AVOID bump=False front=0.131 P=[0.175, 0.16, 0.109, 0.117, 0.081, 0.102, 0.111, 0.131, 1.312, 1.488, 0.56, 0.866, 1.007, 0.354, 0.149, 0.173]
[04:17:17] AVOID bump=False front=0.126 P=[0.167, 0.178, 0.099, 0.079, 0.087, 0.091, 0.11, 0.126, 1.308, 1.492, 0.564, 0.875, 1.006, 0.348, -1.0, 0.149]
[04:17:18] n=156 h=182.3 xy=(0.00,-0.01) enc=(227,2224) d0=0 d5=0 d11=0.391 d3=tick=221505 goal=0 here=0 tx=64:lost
[04:17:18]    P=0.167,0.179,0.107,0.091,0.090,0.108,0.099,0.130,1.308,1.487,0.546,0.875,0.983,0.359,0.151,0.155
[04:17:19] AVOID bump=False front=0.124 P=[0.165, 0.157, 0.105, 0.087, 0.077, 0.08, 0.099, 0.124, 1.313, 1.493, 0.555, 0.859, 0.982, 0.345, 0.143, 0.153]
[04:17:20] AVOID bump=False front=0.117 P=[0.16, 0.175, 0.104, 0.091, 0.105, 0.106, 0.102, 0.117, 1.304, 1.494, 0.565, 0.868, 1.002, 0.364, 0.172, 0.172]
[04:17:21] n=168 h=183.3 xy=(0.00,-0.01) enc=(226,2224) d0=0 d5=0 d11=0.365 d3=tick=221775 goal=0 here=0 tx=65:lost
[04:17:21]    P=0.172,0.171,0.109,0.090,0.096,0.098,0.124,0.117,1.317,1.503,0.543,0.863,1.006,0.361,0.155,0.162
[04:17:21] AVOID bump=False front=0.137 P=[0.173, 0.166, 0.096, 0.1, 0.11, 0.104, 0.09, 0.137, 1.301, 1.5, 0.557, 0.87, 0.973, 0.344, 0.158, 0.155]
[04:17:23] AVOID bump=False front=0.127 P=[0.173, 0.165, 0.112, 0.106, 0.1, 0.107, 0.101, 0.127, 1.303, 1.498, 0.546, 0.867, 0.975, 0.347, 0.137, 0.138]
[04:17:23] n=180 h=180.2 xy=(-0.00,-0.01) enc=(226,2225) d0=0 d5=0 d11=0.390 d3=tick=222045 goal=0 here=0 tx=65:lost
[04:17:23]    P=0.192,0.186,0.096,0.091,0.093,0.094,0.098,0.126,1.304,1.489,0.550,0.870,0.989,0.349,0.139,0.177
[04:17:24] AVOID bump=False front=0.123 P=[0.178, 0.156, 0.099, 0.089, 0.087, 0.093, 0.109, 0.123, 1.316, 1.486, 0.556, 0.863, 0.987, 0.349, 0.168, 0.165]
[04:17:25] AVOID bump=False front=0.119 P=[0.175, 0.166, 0.106, 0.08, 0.11, 0.089, 0.106, 0.119, 1.304, 1.503, 0.56, 0.882, 0.986, 0.35, 0.165, 0.16]
[04:17:26] n=192 h=180.7 xy=(-0.00,-0.01) enc=(225,2226) d0=0 d5=0 d11=0.361 d3=tick=222315 goal=0 here=0 tx=66:lost
[04:17:26]    P=0.164,0.169,0.096,-1.000,0.088,0.092,0.110,0.119,1.300,1.504,0.545,0.874,0.963,0.366,0.171,0.180
[04:17:27] AVOID bump=False front=0.129 P=[0.184, 0.184, 0.106, 0.085, 0.087, 0.097, 0.117, 0.129, 1.317, 1.502, 0.578, 0.855, 0.986, 0.368, 0.152, 0.164]
[04:17:28] AVOID bump=False front=0.125 P=[0.188, 0.166, 0.089, 0.078, 0.1, 0.101, 0.103, 0.125, 1.313, 1.492, 0.565, 0.864, 0.983, 0.356, 0.158, 0.163]
[04:17:29] n=204 h=181.8 xy=(0.00,-0.01) enc=(225,2225) d0=0 d5=0 d11=0.375 d3=tick=222586 goal=0 here=0 tx=66:lost
[04:17:29]    P=0.158,0.172,0.102,0.077,0.084,0.096,0.108,0.119,1.302,1.508,0.562,0.841,1.003,0.347,0.135,0.158
[04:17:30] AVOID bump=False front=0.129 P=[0.159, 0.17, 0.101, 0.103, 0.104, 0.104, 0.103, 0.129, 1.297, 1.493, 0.567, 0.872, 0.973, 0.374, 0.155, 0.176]
[04:17:31] AVOID bump=False front=0.131 P=[0.183, 0.159, 0.103, 0.107, 0.081, 0.097, 0.106, 0.131, 1.312, 1.488, 0.549, 0.871, 0.988, 0.363, 0.151, 0.164]
[04:17:32] n=216 h=183.9 xy=(0.00,-0.01) enc=(225,2225) d0=0 d5=0 d11=0.370 d3=tick=222856 goal=0 here=0 tx=67:lost
[04:17:32]    P=0.182,0.176,0.098,0.082,0.102,0.113,0.092,0.106,1.313,1.499,0.554,0.864,0.985,0.349,0.152,0.179
[04:17:32] AVOID bump=False front=0.124 P=[0.171, 0.17, 0.105, 0.083, 0.089, 0.08, 0.097, 0.124, 1.309, 1.488, 0.562, 0.884, 0.983, -1.0, 0.155, 0.166]
[04:17:34] AVOID bump=False front=0.126 P=[0.176, 0.173, 0.094, 0.083, 0.107, 0.096, 0.1, 0.126, 1.311, 1.494, 0.571, 0.875, 0.973, 0.361, 0.155, 0.149]
[04:17:34] n=228 h=182.1 xy=(0.00,-0.02) enc=(226,2226) d0=0 d5=0 d11=0.369 d3=tick=223125 goal=0 here=0 tx=67:lost
[04:17:34]    P=0.180,0.174,0.095,0.087,0.098,0.100,0.113,0.124,1.322,1.505,0.572,0.876,0.978,0.357,0.170,0.156
[04:17:35] AVOID bump=False front=0.125 P=[0.157, 0.18, 0.076, 0.083, 0.115, 0.098, 0.103, 0.125, 1.294, 1.497, 0.549, 0.859, 1.011, 0.355, 0.15, 0.169]
[04:17:36] AVOID bump=False front=0.136 P=[0.173, 0.189, 0.107, 0.089, 0.109, 0.11, 0.113, 0.136, 1.324, 1.493, 0.563, 0.872, 0.982, 0.36, 0.164, 0.17]
[04:17:37] n=240 h=177.3 xy=(0.00,-0.02) enc=(227,2226) d0=0 d5=0 d11=0.369 d3=tick=223396 goal=0 here=0 tx=68:lost
[04:17:37]    P=0.160,0.164,0.101,0.084,0.089,0.082,0.097,0.122,1.304,1.496,0.558,0.862,0.985,0.339,0.150,0.151
[04:17:38] AVOID bump=False front=0.135 P=[0.173, 0.171, 0.114, 0.081, 0.095, 0.098, 0.109, 0.135, 1.301, 1.508, 0.556, 0.856, 0.987, 0.345, 0.147, 0.162]
[04:17:39] AVOID bump=False front=0.121 P=[0.172, 0.182, 0.08, 0.096, 0.088, 0.102, 0.097, 0.121, 1.305, 1.498, 0.568, 0.866, 0.958, 0.351, 0.166, 0.171]
[04:17:40] n=252 h=180.2 xy=(0.00,-0.01) enc=(225,2225) d0=0 d5=None d11=0.364 d3=tick=223672 goal=0 here=0 tx=68:lost
[04:17:40]    P=0.183,0.167,0.101,0.095,0.085,0.112,0.129,0.119,1.320,1.514,0.561,0.877,0.976,0.363,0.134,0.154
[04:17:40] AVOID bump=False front=0.116 P=[0.183, 0.169, 0.1, 0.099, 0.098, 0.086, 0.114, 0.116, 1.319, 1.498, 0.557, 0.867, 0.991, 0.355, 0.179, 0.143]
[04:17:42] AVOID bump=False front=0.131 P=[0.174, 0.163, 0.107, 0.087, 0.108, 0.088, 0.086, 0.131, 1.318, 1.51, 0.567, 0.869, 1.0, 0.358, 0.159, 0.158]
[04:17:42] n=264 h=177.2 xy=(0.00,-0.01) enc=(225,2226) d0=0 d5=0 d11=0.391 d3=tick=223943 goal=0 here=0 tx=69:lost
[04:17:42]    P=0.176,0.181,0.091,0.076,0.084,0.099,0.121,0.142,1.302,1.485,0.566,0.876,0.985,0.368,0.159,0.154
[04:17:43] AVOID bump=False front=0.137 P=[0.189, 0.171, 0.113, 0.091, 0.106, 0.12, 0.107, 0.137, 1.317, 1.499, 0.567, 0.849, 0.991, 0.345, 0.153, 0.155]
[04:17:44] AVOID bump=False front=0.122 P=[0.158, 0.176, 0.101, 0.086, 0.104, 0.084, 0.106, 0.122, 1.318, 1.505, 0.548, 0.86, 0.992, 0.35, 0.177, 0.167]
[04:17:45] n=276 h=180.9 xy=(0.00,-0.01) enc=(225,2226) d0=0 d5=0 d11=0.373 d3=tick=224213 goal=0 here=0 tx=69:lost
[04:17:45]    P=0.180,0.172,0.096,0.091,0.102,0.102,0.110,0.127,1.317,1.488,0.551,0.882,-1.000,0.349,0.161,0.167
[04:17:46] AVOID bump=False front=0.116 P=[0.178, 0.17, 0.107, 0.067, 0.094, 0.088, 0.101, 0.116, 1.311, 1.486, 0.558, 0.868, 0.986, 0.35, 0.147, 0.15]
[04:17:47] AVOID bump=False front=0.138 P=[0.177, 0.16, 0.102, 0.087, 0.089, 0.102, 0.094, 0.138, 1.293, 1.5, 0.564, 0.871, 0.981, 0.353, 0.162, 0.168]
[04:17:48] n=288 h=182.5 xy=(-0.00,-0.01) enc=(226,2226) d0=0 d5=0 d11=0.376 d3=tick=224486 goal=0 here=0 tx=70:lost
[04:17:48]    P=0.171,0.191,0.116,0.087,0.100,0.091,0.117,0.127,1.289,1.479,0.559,0.856,0.980,0.340,0.169,0.171
[04:17:49] AVOID bump=False front=0.12 P=[0.16, 0.181, 0.118, 0.115, 0.092, 0.099, 0.072, 0.12, 1.307, 1.498, 0.566, -1.0, 0.986, 0.35, 0.146, 0.171]
[04:17:50] AVOID bump=False front=0.119 P=[0.174, 0.162, 0.088, 0.104, 0.085, 0.112, 0.111, 0.119, 1.318, 1.491, 0.565, 0.872, 0.994, 0.348, 0.162, 0.183]
[04:17:51] n=300 h=180.2 xy=(0.00,-0.01) enc=(225,2226) d0=0 d5=0 d11=None d3=tick=224756 goal=0 here=0 tx=71:lost
[04:17:51]    P=0.167,0.162,0.107,0.087,0.101,0.100,0.117,0.118,1.320,1.494,0.556,0.866,0.999,0.346,0.142,0.157
[04:17:51] AVOID bump=False front=0.124 P=[0.17, 0.171, 0.106, 0.092, 0.101, 0.103, 0.104, 0.124, 1.309, 1.485, -1.0, 0.878, 0.987, 0.351, 0.149, 0.165]
[04:17:53] AVOID bump=False front=0.144 P=[0.159, 0.165, 0.094, 0.059, 0.104, 0.093, 0.108, 0.144, 1.303, 1.507, 0.572, 0.846, 0.981, 0.355, 0.153, 0.169]
[04:17:53] n=312 h=178.7 xy=(-0.00,-0.00) enc=(225,2225) d0=0 d5=0 d11=0.377 d3=tick=225026 goal=0 here=0 tx=71:lost
[04:17:53]    P=0.174,0.164,0.098,0.096,0.107,0.097,0.102,0.127,1.307,1.507,0.563,0.885,0.991,0.358,0.171,0.162
[04:17:54] AVOID bump=False front=0.115 P=[0.164, 0.177, 0.094, 0.094, 0.102, 0.092, 0.096, 0.115, 1.329, 1.493, 0.576, 0.854, 0.978, 0.354, 0.142, 0.145]
[04:17:55] AVOID bump=False front=0.119 P=[0.167, -1.0, 0.112, 0.093, 0.08, 0.081, 0.098, 0.119, 1.32, 1.478, 0.554, 0.852, 0.99, 0.36, 0.155, 0.141]
[04:17:56] n=324 h=185.4 xy=(-0.00,-0.01) enc=(227,2224) d0=0 d5=0 d11=0.377 d3=tick=225296 goal=0 here=0 tx=72:lost
[04:17:56]    P=0.161,0.170,0.105,0.104,0.123,0.091,0.094,0.132,1.316,1.494,0.552,0.867,1.005,0.354,0.162,0.167
[04:17:57] AVOID bump=False front=0.115 P=[0.172, 0.143, 0.097, 0.097, 0.084, 0.097, 0.102, 0.115, 1.317, 1.511, 0.56, 0.871, -1.0, 0.384, 0.15, 0.148]
[04:17:58] AVOID bump=False front=0.134 P=[0.164, 0.168, 0.094, 0.089, 0.096, 0.108, 0.092, 0.134, 1.308, 1.492, 0.559, 0.86, 0.989, 0.351, 0.162, 0.156]
[04:17:59] n=336 h=181.6 xy=(-0.00,-0.01) enc=(226,2226) d0=0 d5=0 d11=0.380 d3=tick=225565 goal=0 here=0 tx=72:lost
[04:17:59]    P=0.181,0.161,0.116,0.089,0.100,0.082,0.111,0.121,1.319,1.499,0.550,0.870,0.984,0.346,0.170,0.158
[04:17:59] AVOID bump=False front=0.125 P=[0.187, 0.174, 0.102, 0.098, 0.097, 0.098, 0.109, 0.125, 1.312, 1.485, 0.559, 0.871, 0.973, 0.355, 0.155, 0.167]
[04:18:01] AVOID bump=False front=0.148 P=[0.173, 0.173, 0.097, 0.093, 0.098, 0.114, 0.106, 0.148, 1.308, 1.522, 0.57, 0.849, 0.974, 0.377, 0.133, 0.161]
[04:18:01] n=348 h=183.0 xy=(-0.00,-0.01) enc=(227,2224) d0=0 d5=0 d11=0.372 d3=tick=225835 goal=0 here=0 tx=73:lost
[04:18:01]    P=0.186,0.160,0.092,0.091,0.097,0.105,-1.000,0.120,1.309,1.498,0.552,0.883,0.980,0.354,0.143,0.156
[04:18:02] AVOID bump=False front=0.111 P=[0.18, 0.176, 0.102, 0.099, 0.108, 0.087, 0.109, 0.111, 1.31, 1.509, 0.554, 0.872, 0.993, 0.344, 0.161, 0.168]
[04:18:03] AVOID bump=False front=0.116 P=[0.158, 0.176, 0.101, 0.088, 0.085, 0.103, 0.109, 0.116, 1.315, 1.507, 0.553, 0.856, 1.009, 0.371, 0.162, 0.162]
[04:18:04] n=360 h=184.6 xy=(-0.01,-0.01) enc=(226,2225) d0=0 d5=0 d11=0.368 d3=tick=226105 goal=0 here=0 tx=73:lost
[04:18:04]    P=0.177,0.159,0.105,0.078,0.094,0.105,0.088,0.122,1.314,1.523,0.558,0.873,0.992,0.365,0.172,0.166
[04:18:05] AVOID bump=False front=0.119 P=[0.177, 0.169, 0.097, 0.091, 0.079, 0.107, 0.092, 0.119, 1.3, 1.48, 0.547, 0.882, 0.976, 0.354, 0.181, 0.165]
[04:18:06] AVOID bump=False front=0.127 P=[0.165, 0.177, 0.101, 0.097, 0.108, 0.108, 0.117, 0.127, 1.312, 1.498, 0.539, 0.86, 0.985, -1.0, 0.149, 0.143]
[04:18:07] n=372 h=181.9 xy=(-0.00,-0.00) enc=(226,2224) d0=0 d5=0 d11=0.363 d3=tick=226375 goal=0 here=0 tx=74:lost
[04:18:07]    P=0.171,0.164,0.113,0.067,0.109,0.089,0.105,0.128,1.296,1.484,0.565,0.845,0.995,0.357,0.169,0.174
[04:18:07] AVOID bump=False front=0.114 P=[0.154, 0.175, 0.092, 0.088, 0.105, 0.096, 0.095, 0.114, 1.31, 1.486, 0.563, 0.878, 0.984, 0.341, 0.154, 0.168]
[04:18:09] AVOID bump=False front=0.127 P=[0.179, 0.168, 0.101, 0.079, 0.09, 0.1, 0.106, 0.127, 1.319, 1.501, 0.571, 0.864, 1.008, 0.354, 0.154, 0.168]
[04:18:09] n=384 h=180.0 xy=(-0.01,0.00) enc=(225,2224) d0=0 d5=0 d11=0.388 d3=tick=226645 goal=0 here=0 tx=74:lost
[04:18:09]    P=0.169,0.173,0.075,0.078,0.079,0.104,0.121,0.116,1.303,1.477,0.585,0.848,0.989,0.367,0.160,0.146
[04:18:10] AVOID bump=False front=0.12 P=[0.161, 0.18, 0.12, 0.094, 0.105, 0.101, 0.103, 0.12, 1.311, 1.498, 0.558, 0.885, 0.969, 0.363, 0.163, 0.171]
[04:18:11] AVOID bump=False front=0.134 P=[0.181, 0.178, 0.106, 0.09, 0.1, 0.101, 0.104, 0.134, 1.317, 1.501, 0.567, 0.86, 0.975, 0.37, 0.152, 0.158]
[04:18:12] n=396 h=180.5 xy=(-0.01,0.00) enc=(225,2224) d0=0 d5=0 d11=0.372 d3=tick=226915 goal=0 here=0 tx=75:lost
[04:18:12]    P=0.143,0.177,0.083,0.105,0.098,0.095,0.105,0.117,1.303,1.498,0.557,0.849,0.991,0.349,0.148,0.155
[04:18:13] AVOID bump=False front=0.098 P=[0.165, 0.152, 0.07, 0.093, 0.105, 0.098, 0.105, 0.098, 1.314, 1.506, 0.559, 0.859, 0.99, 0.353, 0.182, 0.175]
[04:18:14] AVOID bump=False front=0.121 P=[0.165, 0.157, 0.1, 0.098, 0.097, 0.111, 0.101, 0.121, 1.304, 1.488, 0.556, 0.864, 0.984, 0.34, 0.148, 0.178]
[04:18:15] n=408 h=180.9 xy=(-0.01,-0.02) enc=(227,2226) d0=0 d5=0 d11=0.372 d3=tick=227184 goal=0 here=0 tx=75:lost
[04:18:15]    P=0.177,0.156,0.105,0.076,0.118,0.096,0.116,0.126,1.301,1.511,0.557,0.862,1.000,0.351,0.166,0.164
[04:18:16] brain2 start
[04:18:19] n=12 h=182.6 xy=(-0.00,-0.06) enc=(227,2238) d0=0 d5=0 d11=0.374 d3=tick=227587 goal=0 here=0 tx=76:lost
[04:18:19]    P=0.179,0.146,0.101,0.093,0.077,0.109,0.114,0.131,1.291,1.522,0.519,0.898,0.976,0.354,0.161,0.153
[04:18:22] n=24 h=184.7 xy=(-0.01,-0.10) enc=(225,2248) d0=0 d5=0 d11=0.360 d3=tick=227857 goal=0 here=0 tx=76:lost
[04:18:22]    P=0.168,0.143,0.107,0.099,0.091,0.101,0.117,0.136,1.305,0.921,0.519,0.964,0.971,0.362,0.166,0.150
[04:18:24] n=36 h=187.2 xy=(-0.01,-0.10) enc=(226,2247) d0=0 d5=0 d11=0.341 d3=tick=228126 goal=0 here=0 tx=77:lost
[04:18:24]    P=0.163,0.151,0.094,0.083,0.099,0.094,0.118,0.125,1.314,0.903,0.526,0.957,0.973,0.351,0.166,0.155
[04:18:27] n=48 h=188.7 xy=(-0.01,-0.11) enc=(227,2248) d0=0 d5=0 d11=0.345 d3=tick=228396 goal=0 here=0 tx=78:lost
[04:18:27]    P=0.182,0.146,0.097,0.088,0.114,0.116,0.103,0.132,1.307,0.912,0.501,0.933,0.985,0.365,0.164,0.173
[04:18:30] n=60 h=180.8 xy=(-0.01,-0.09) enc=(225,2247) d0=0 d5=0 d11=0.358 d3=tick=228665 goal=0 here=0 tx=78:lost
[04:18:30]    P=0.184,0.141,0.101,0.105,0.099,0.104,0.095,0.138,1.299,0.890,0.492,-1.000,0.979,0.349,0.162,0.182
[04:18:32] n=72 h=190.3 xy=(-0.01,-0.10) enc=(226,2247) d0=0 d5=0 d11=0.369 d3=tick=228936 goal=0 here=0 tx=79:lost
[04:18:32]    P=0.167,0.133,0.101,0.109,0.098,0.106,0.094,0.117,1.309,0.901,0.497,0.958,0.979,0.364,0.178,0.149
[04:18:35] n=84 h=189.1 xy=(-0.01,-0.10) enc=(226,2247) d0=0 d5=0 d11=0.367 d3=tick=229207 goal=0 here=0 tx=79:lost
[04:18:35]    P=0.169,0.146,0.099,0.106,0.099,0.104,0.108,0.122,1.318,0.898,0.525,0.942,0.981,0.325,0.157,0.167
[04:18:38] n=96 h=183.1 xy=(-0.01,-0.11) enc=(226,2249) d0=0 d5=0 d11=0.367 d3=tick=229477 goal=0 here=0 tx=80:lost
[04:18:38]    P=0.179,0.122,0.104,0.085,0.094,0.106,0.100,0.123,1.304,0.890,0.516,0.933,0.968,0.324,0.156,0.193
[04:18:40] n=108 h=185.4 xy=(-0.01,-0.10) enc=(225,2248) d0=0 d5=0 d11=0.367 d3=tick=229746 goal=0 here=0 tx=80:lost
[04:18:40]    P=0.174,0.146,0.094,0.103,0.097,0.093,0.109,0.141,1.317,0.891,0.517,0.950,0.971,0.338,0.172,0.165
[04:18:43] n=120 h=186.7 xy=(-0.01,-0.10) enc=(225,2249) d0=0 d5=0 d11=0.374 d3=tick=230016 goal=0 here=0 tx=81:lost
[04:18:43]    P=0.181,0.148,0.091,0.076,0.105,0.089,0.109,0.136,1.319,0.886,0.508,0.949,0.962,0.341,0.157,0.166
[04:18:46] n=132 h=182.6 xy=(-0.01,-0.11) enc=(227,2248) d0=0 d5=0 d11=0.358 d3=tick=230285 goal=0 here=0 tx=81:lost
[04:18:46]    P=0.164,0.133,0.084,0.099,0.104,0.101,0.103,0.130,1.321,0.897,0.510,0.940,0.985,0.329,0.157,0.170
[04:18:49] n=144 h=186.1 xy=(-0.01,-0.10) enc=(226,2248) d0=0 d5=0 d11=0.362 d3=tick=230555 goal=0 here=0 tx=82:lost
[04:18:49]    P=0.160,0.131,0.109,0.084,0.103,0.106,0.098,0.139,1.291,0.899,0.514,0.949,0.969,0.357,0.135,0.162
[04:18:51] n=156 h=183.3 xy=(-0.01,-0.10) enc=(225,2248) d0=0 d5=0 d11=0.366 d3=tick=230825 goal=0 here=0 tx=82:lost
[04:18:51]    P=0.176,0.139,0.106,0.092,0.089,0.104,0.116,0.133,1.325,0.887,0.519,0.962,0.991,0.360,0.141,0.187
[04:18:54] n=168 h=186.3 xy=(-0.01,-0.12) enc=(227,2250) d0=0 d5=0 d11=0.349 d3=tick=231095 goal=0 here=0 tx=83:lost
[04:18:54]    P=0.188,0.146,0.098,0.082,0.071,0.091,0.089,0.139,1.306,0.885,0.508,0.936,0.979,0.330,0.173,0.156
[04:18:57] n=180 h=185.5 xy=(-0.01,-0.11) enc=(None,2249) d0=0 d5=0 d11=0.355 d3=tick=231365 goal=0 here=0 tx=83:lost
[04:18:57]    P=0.160,0.132,0.111,0.095,-1.000,0.098,0.107,0.155,1.298,0.905,0.504,0.949,0.967,0.346,0.145,0.167
[04:18:59] n=192 h=183.0 xy=(-0.01,-0.10) enc=(225,2249) d0=0 d5=0 d11=0.346 d3=tick=231635 goal=0 here=0 tx=84:lost
[04:18:59]    P=0.173,0.138,0.071,0.109,0.089,0.119,0.106,0.140,1.317,0.891,0.507,0.922,0.966,0.327,0.161,0.168
[04:19:02] n=204 h=186.4 xy=(-0.01,-0.11) enc=(226,2249) d0=0 d5=0 d11=0.356 d3=tick=231906 goal=0 here=0 tx=84:lost
[04:19:02]    P=0.182,0.127,0.099,0.080,0.105,0.091,0.100,0.115,1.310,0.895,0.512,0.937,0.973,0.333,0.153,0.193
[04:19:05] n=216 h=186.1 xy=(-0.01,-0.10) enc=(226,2248) d0=0 d5=0 d11=0.355 d3=tick=232175 goal=0 here=0 tx=85:lost
[04:19:05]    P=0.155,0.157,0.093,0.092,0.099,0.101,0.105,-1.000,1.322,0.898,0.518,0.954,0.960,0.322,0.163,0.160
[04:19:07] n=228 h=189.7 xy=(-0.01,-0.11) enc=(227,2249) d0=0 d5=0 d11=0.349 d3=tick=232446 goal=0 here=0 tx=85:lost
[04:19:07]    P=0.147,0.145,0.097,0.091,0.109,0.103,0.101,0.139,1.301,0.885,0.534,0.945,0.977,0.364,0.161,0.161
[04:19:10] n=240 h=186.8 xy=(-0.01,-0.10) enc=(226,2248) d0=0 d5=0 d11=0.360 d3=tick=232716 goal=0 here=0 tx=86:lost
[04:19:10]    P=0.180,0.135,0.101,0.106,0.096,0.097,0.107,0.137,1.320,0.893,0.526,0.940,0.980,0.337,0.159,0.173
[04:19:13] n=252 h=184.5 xy=(-0.01,-0.11) enc=(225,2250) d0=None d5=0 d11=0.343 d3=tick=232986 goal=0 here=0 tx=86:lost
[04:19:13]    P=0.166,0.145,0.096,0.098,0.113,0.086,0.109,0.125,1.297,0.887,0.510,0.944,0.976,0.339,0.151,0.162
