[04:41:42] brain5 start
[04:41:42] ALIGN: best=11(1.45) need CW 6 idx
[04:41:43] ALIGN: best=12(1.39) need CW 5 idx
[04:41:43] ALIGN: best=12(1.39) need CW 5 idx
[04:41:43] ALIGN: best=12(1.38) need CW 5 idx
[04:41:43] ALIGN: best=12(1.40) need CW 5 idx
[04:41:43] ALIGN: best=12(1.38) need CW 5 idx
[04:41:43] ALIGN: best=12(1.39) need CW 5 idx
[04:41:44] ALIGN: best=7(1.45) need CCW 6 idx
[04:41:44] ALIGN: best=6(1.45) need CCW 5 idx
[04:41:44] ALIGN: best=12(1.40) need CW 5 idx
[04:41:44] ALIGN: best=12(1.40) need CW 5 idx
[04:41:44] ALIGN: best=12(1.39) need CW 5 idx
[04:41:45] ALIGN: best=12(1.39) need CW 5 idx
[04:41:45] ALIGN: best=12(1.42) need CW 5 idx
[04:41:45] ALIGN: best=7(1.45) need CCW 6 idx
[04:41:45] ALIGN: best=12(1.39) need CW 5 idx
[04:41:45] ALIGN: best=12(1.43) need CW 5 idx
[04:41:45] ALIGN: best=12(1.41) need CW 5 idx
[04:41:46] ALIGN: best=13(1.45) need CW 4 idx
[04:41:46] ALIGN: best=12(1.46) need CW 5 idx
[04:41:46] ALIGN: best=12(1.49) need CW 5 idx
[04:41:46] ALIGN: best=12(1.50) need CW 5 idx
[04:41:47] ALIGN: best=12(1.50) need CW 5 idx
[04:41:47] ALIGN: best=12(1.52) need CW 5 idx
[04:41:47] ALIGN: best=12(1.53) need CW 5 idx
[04:41:47] ALIGN: best=12(1.52) need CW 5 idx
[04:41:47] ALIGN: best=12(1.52) need CW 5 idx
[04:41:48] ALIGN: best=5(1.45) need CCW 4 idx
[04:41:48] ALIGN: best=12(1.52) need CW 5 idx
[04:41:48] ALIGN: best=11(1.31) need CW 6 idx
[04:41:48] ALIGN: best=15(1.45) need CW 2 idx
[04:41:48] ALIGN: best=11(1.33) need CW 6 idx
[04:41:48] ALIGN: best=11(1.32) need CW 6 idx
[04:41:49] ALIGN: best=11(1.36) need CW 6 idx
[04:41:49] ALIGN: best=11(1.38) need CW 6 idx
[04:41:49] ALIGN: best=11(1.40) need CW 6 idx
[04:41:49] ALIGN: best=11(1.40) need CW 6 idx
[04:41:49] ALIGN: best=11(1.40) need CW 6 idx
[04:41:50] ALIGN: best=11(1.40) need CW 6 idx
[04:41:50] ALIGN: best=11(1.39) need CW 6 idx
[04:41:50] ALIGN: best=11(1.42) need CW 6 idx
[04:41:50] ALIGN: best=9(1.45) need CCW 8 idx
[04:41:50] ALIGN: best=11(1.39) need CW 6 idx
[04:41:50] ALIGN: best=11(1.39) need CW 6 idx
[04:41:51] ALIGN: best=11(1.40) need CW 6 idx
[04:41:51] ALIGN: best=11(1.39) need CW 6 idx
[04:41:51] ALIGN: best=11(1.39) need CW 6 idx
[04:41:51] ALIGN: best=11(1.39) need CW 6 idx
[04:41:51] ALIGN: best=11(1.40) need CW 6 idx
[04:41:52] ALIGN: best=11(1.41) need CW 6 idx
[04:41:52] ALIGN: best=11(1.39) need CW 6 idx
[04:41:52] ALIGN: best=11(1.41) need CW 6 idx
[04:41:52] ALIGN: best=11(1.41) need CW 6 idx
[04:41:52] ALIGN: best=11(1.40) need CW 6 idx
[04:41:53] ALIGN: best=11(1.41) need CW 6 idx
[04:41:53] ALIGN: best=11(1.44) need CW 6 idx
[04:41:53] ALIGN: best=11(1.45) need CW 6 idx
[04:41:53] ALIGN: best=11(1.50) need CW 6 idx
[04:41:53] ALIGN: best=11(1.50) need CW 6 idx
[04:41:53] ALIGN: best=11(1.51) need CW 6 idx
[04:41:54] ALIGN: best=11(1.52) need CW 6 idx
[04:41:54] ALIGN: best=11(1.50) need CW 6 idx
[04:41:54] ALIGN: best=11(1.50) need CW 6 idx
[04:41:54] ALIGN: best=11(1.50) need CW 6 idx
[04:41:54] ALIGN: best=11(1.51) need CW 6 idx
[04:41:55] ALIGN: best=10(1.32) need CW 7 idx
[04:41:55] ALIGN: best=10(1.32) need CW 7 idx
[04:41:55] ALIGN: best=10(1.35) need CW 7 idx
[04:41:55] ALIGN: best=10(1.35) need CW 7 idx
[04:41:55] ALIGN: best=10(1.37) need CW 7 idx
[04:41:55] ALIGN: best=10(1.39) need CW 7 idx
[04:41:56] ALIGN: best=10(1.41) need CW 7 idx
[04:41:56] ALIGN: best=11(1.45) need CW 6 idx
[04:41:56] ALIGN: best=10(1.41) need CW 7 idx
[04:41:56] ALIGN: best=10(1.39) need CW 7 idx
[04:41:56] ALIGN: best=10(1.42) need CW 7 idx
[04:41:57] ALIGN: best=10(1.40) need CW 7 idx
[04:41:57] ALIGN: best=10(1.38) need CW 7 idx
[04:41:57] ALIGN: best=10(1.40) need CW 7 idx
[04:41:57] ALIGN: best=10(1.40) need CW 7 idx
[04:41:57] ALIGN: best=10(1.37) need CW 7 idx
[04:41:57] ALIGN: best=10(1.38) need CW 7 idx
[04:41:58] ALIGN: best=10(1.40) need CW 7 idx
[04:41:58] ALIGN: best=10(1.40) need CW 7 idx
[04:41:58] ALIGN: best=6(1.45) need CCW 5 idx
[04:41:58] ALIGN: best=10(1.40) need CW 7 idx
[04:41:58] ALIGN: best=10(1.40) need CW 7 idx
[04:41:59] ALIGN: best=10(1.42) need CW 7 idx
[04:41:59] ALIGN: best=10(1.41) need CW 7 idx
[04:41:59] ALIGN: best=10(1.43) need CW 7 idx
[04:41:59] ALIGN: best=10(1.46) need CW 7 idx
[04:41:59] ALIGN: best=10(1.44) need CW 7 idx
[04:42:00] ALIGN: best=10(1.47) need CW 7 idx
[04:42:00] ALIGN: best=10(1.48) need CW 7 idx
[04:42:00] ALIGN: best=10(1.50) need CW 7 idx
[04:42:00] ALIGN: best=10(1.51) need CW 7 idx
[04:42:00] ALIGN: best=10(1.51) need CW 7 idx
[04:42:00] ALIGN: best=10(1.53) need CW 7 idx
[04:42:01] ALIGN: best=10(1.54) need CW 7 idx
[04:42:01] ALIGN: best=10(1.52) need CW 7 idx
[04:42:01] ALIGN: best=9(1.32) need CCW 8 idx
[04:42:01] ALIGN: best=9(1.30) need CCW 8 idx
[04:42:01] ALIGN: best=10(1.53) need CW 7 idx
[04:42:02] ALIGN: best=10(1.52) need CW 7 idx
[04:42:02] ALIGN: best=9(1.31) need CCW 8 idx
[04:42:02] ALIGN: best=9(1.29) need CCW 8 idx
[04:42:02] ALIGN: best=10(1.52) need CW 7 idx
[04:42:02] ALIGN: best=10(1.52) need CW 7 idx
[04:42:02] ALIGN: best=9(1.31) need CCW 8 idx
[04:42:03] ALIGN: best=9(1.29) need CCW 8 idx
[04:42:03] ALIGN: best=5(1.45) need CCW 4 idx
[04:42:03] ALIGN: best=10(1.52) need CW 7 idx
[04:42:03] ALIGN: best=10(1.50) need CW 7 idx
[04:42:03] ALIGN: best=10(1.53) need CW 7 idx
[04:42:04] ALIGN: best=9(1.31) need CCW 8 idx
[04:42:04] ALIGN: best=9(1.30) need CCW 8 idx
[04:42:04] ALIGN: best=10(1.52) need CW 7 idx
[04:42:04] ALIGN: best=10(1.53) need CW 7 idx
[04:42:05] ALIGN: best=10(1.53) need CW 7 idx
[04:42:05] ALIGN: best=9(1.32) need CCW 8 idx
[04:42:05] ALIGN: best=9(1.33) need CCW 8 idx
[04:42:05] ALIGN: best=10(1.53) need CW 7 idx
[04:42:05] ALIGN: best=10(1.55) need CW 7 idx
[04:42:05] ALIGN: best=9(1.32) need CCW 8 idx
[04:42:06] ALIGN: best=14(1.45) need CW 3 idx
[04:42:06] ALIGN: best=9(1.32) need CCW 8 idx
[04:42:06] ALIGN: best=9(1.29) need CCW 8 idx
[04:42:06] ALIGN: best=10(1.52) need CW 7 idx
[04:42:06] ALIGN: best=10(1.51) need CW 7 idx
[04:42:07] ALIGN: best=9(1.31) need CCW 8 idx
[04:42:07] ALIGN: best=7(1.45) need CCW 6 idx
[04:42:07] ALIGN: best=10(1.53) need CW 7 idx
[04:42:07] ALIGN: best=10(1.53) need CW 7 idx
[04:42:07] ALIGN: best=9(1.29) need CCW 8 idx
[04:42:07] ALIGN: best=9(1.30) need CCW 8 idx
[04:42:08] ALIGN: best=10(1.51) need CW 7 idx
[04:42:08] ALIGN: best=10(1.52) need CW 7 idx
[04:42:08] ALIGN: best=9(1.31) need CCW 8 idx
[04:42:08] ALIGN: best=9(1.30) need CCW 8 idx
[04:42:08] ALIGN: best=10(1.52) need CW 7 idx
[04:42:09] ALIGN: best=10(1.52) need CW 7 idx
[04:42:09] ALIGN: best=0(1.45) need CW 1 idx
[04:42:09] ALIGN: best=9(1.33) need CCW 8 idx
[04:42:09] ALIGN: best=9(1.33) need CCW 8 idx
[04:42:09] ALIGN: best=9(1.30) need CCW 8 idx
[04:42:09] ALIGN: best=10(1.52) need CW 7 idx
[04:42:10] ALIGN: best=10(1.50) need CW 7 idx
[04:42:10] ALIGN: best=9(1.29) need CCW 8 idx
[04:42:10] ALIGN: best=9(1.28) need CCW 8 idx
[04:42:10] ALIGN: best=10(1.51) need CW 7 idx
[04:42:10] ALIGN: best=10(1.52) need CW 7 idx
[04:42:11] ALIGN: best=9(1.31) need CCW 8 idx
[04:42:11] ALIGN: best=9(1.29) need CCW 8 idx
[04:42:11] ALIGN: best=10(1.53) need CW 7 idx
[04:42:11] ALIGN: best=10(1.53) need CW 7 idx
[04:42:12] ALIGNED nose -> tap fwd
[04:42:20] tap done h=169 xy=(0.01,-0.03) d11=0.360 P=0.168,0.156,0.143,0.087,0.079,0.113,0.104,0.121,0.124,1.334,0.867,0.532,0.927,0.974,0.359,0.134
[04:42:20] ALIGN: best=9(1.32) need CCW 8 idx
[04:42:20] ALIGN: best=9(1.31) need CCW 8 idx
[04:42:20] ALIGN: best=10(1.52) need CW 7 idx
[04:42:21] ALIGN: best=9(1.32) need CCW 8 idx
[04:42:21] ALIGN: best=10(1.51) need CW 7 idx
[04:42:21] ALIGN: best=14(1.45) need CW 3 idx
[04:42:21] ALIGN: best=9(1.33) need CCW 8 idx
[04:42:21] ALIGN: best=9(1.31) need CCW 8 idx
[04:42:21] ALIGN: best=10(1.54) need CW 7 idx
[04:42:22] ALIGN: best=9(1.30) need CCW 8 idx
[04:42:22] ALIGN: best=10(1.53) need CW 7 idx
[04:42:22] ALIGN: best=9(1.33) need CCW 8 idx
[04:42:22] ALIGN: best=10(1.54) need CW 7 idx
[04:42:22] ALIGN: best=9(1.31) need CCW 8 idx
[04:42:23] ALIGN: best=10(1.51) need CW 7 idx
[04:42:23] ALIGN: best=9(1.30) need CCW 8 idx
[04:42:23] ALIGN: best=10(1.55) need CW 7 idx
[04:42:23] ALIGN: best=9(1.33) need CCW 8 idx
[04:42:23] ALIGN: best=10(1.54) need CW 7 idx
[04:42:23] ALIGN: best=9(1.30) need CCW 8 idx
[04:42:24] ALIGN: best=10(1.53) need CW 7 idx
[04:42:24] ALIGN: best=9(1.30) need CCW 8 idx
[04:42:24] ALIGN: best=10(1.53) need CW 7 idx
[04:42:24] ALIGN: best=9(1.31) need CCW 8 idx
[04:42:24] ALIGN: best=10(1.53) need CW 7 idx
[04:42:25] ALIGN: best=2(1.45) need CCW 1 idx
[04:42:25] ALIGN: best=10(1.52) need CW 7 idx
[04:42:25] ALIGN: best=9(1.33) need CCW 8 idx
[04:42:25] ALIGN: best=10(1.54) need CW 7 idx
[04:42:25] ALIGN: best=9(1.31) need CCW 8 idx
[04:42:26] ALIGN: best=10(1.53) need CW 7 idx
[04:42:26] ALIGN: best=9(1.31) need CCW 8 idx
[04:42:26] ALIGN: best=10(1.53) need CW 7 idx
[04:42:26] ALIGN: best=9(1.31) need CCW 8 idx
[04:42:26] ALIGN: best=10(1.53) need CW 7 idx
[04:42:26] ALIGN: best=9(1.31) need CCW 8 idx
[04:42:27] ALIGN: best=10(1.53) need CW 7 idx
[04:42:27] ALIGN: best=9(1.30) need CCW 8 idx
[04:42:27] ALIGN: best=10(1.51) need CW 7 idx
[04:42:27] ALIGN: best=13(1.45) need CW 4 idx
[04:42:27] ALIGN: best=9(1.31) need CCW 8 idx
[04:42:28] ALIGN: best=13(1.45) need CW 4 idx
[04:42:28] ALIGN: best=9(1.31) need CCW 8 idx
[04:42:28] ALIGN: best=9(1.33) need CCW 8 idx
[04:42:28] ALIGN: best=10(1.45) need CW 7 idx
[04:42:28] ALIGN: best=9(1.30) need CCW 8 idx
[04:42:28] ALIGN: best=10(1.54) need CW 7 idx
[04:42:29] ALIGN: best=9(1.32) need CCW 8 idx
[04:42:29] ALIGN: best=10(1.54) need CW 7 idx
[04:42:29] ALIGN: best=9(1.31) need CCW 8 idx
[04:42:29] ALIGN: best=10(1.51) need CW 7 idx
[04:42:29] ALIGN: best=9(1.30) need CCW 8 idx
[04:42:30] ALIGN: best=10(1.51) need CW 7 idx
[04:42:30] ALIGN: best=9(1.32) need CCW 8 idx
[04:42:30] ALIGN: best=4(1.45) need CCW 3 idx
[04:42:30] ALIGN: best=10(1.52) need CW 7 idx
[04:42:31] ALIGN: best=9(1.33) need CCW 8 idx
[04:42:31] ALIGN: best=10(1.53) need CW 7 idx
[04:42:31] ALIGN: best=9(1.31) need CCW 8 idx
[04:42:31] ALIGN: best=10(1.53) need CW 7 idx
[04:42:31] ALIGN: best=9(1.31) need CCW 8 idx
[04:42:31] ALIGN: best=10(1.52) need CW 7 idx
[04:42:32] ALIGN: best=9(1.32) need CCW 8 idx
[04:42:32] ALIGN: best=10(1.53) need CW 7 idx
[04:42:32] ALIGN: best=3(1.45) need CCW 2 idx
[04:42:32] ALIGN: best=10(1.54) need CW 7 idx
[04:42:32] ALIGN: best=13(1.45) need CW 4 idx
[04:42:33] ALIGN: best=9(1.30) need CCW 8 idx
[04:42:33] ALIGN: best=9(1.31) need CCW 8 idx
[04:42:33] ALIGN: best=10(1.53) need CW 7 idx
[04:42:33] ALIGN: best=9(1.31) need CCW 8 idx
[04:42:33] ALIGN: best=10(1.54) need CW 7 idx
[04:42:33] ALIGN: best=9(1.30) need CCW 8 idx
[04:42:34] ALIGN: best=10(1.52) need CW 7 idx
[04:42:34] ALIGN: best=4(1.45) need CCW 3 idx
[04:42:34] ALIGN: best=10(1.53) need CW 7 idx
[04:42:34] ALIGN: best=4(1.45) need CCW 3 idx
[04:42:34] ALIGN: best=10(1.52) need CW 7 idx
[04:42:35] ALIGNED nose -> tap fwd
[04:42:43] tap done h=163 xy=(0.02,-0.07) d11=0.372 P=0.134,0.141,0.145,0.101,0.095,0.096,0.094,0.132,0.157,1.337,0.908,0.530,0.942,0.962,0.316,0.139
[04:42:43] ALIGN: best=9(1.34) need CCW 8 idx
[04:42:43] ALIGN: best=9(1.34) need CCW 8 idx
[04:42:44] ALIGN: best=10(1.54) need CW 7 idx
[04:42:44] ALIGN: best=9(1.30) need CCW 8 idx
[04:42:44] ALIGN: best=9(1.33) need CCW 8 idx
[04:42:44] ALIGN: best=10(1.54) need CW 7 idx
[04:42:44] ALIGN: best=10(1.55) need CW 7 idx
[04:42:45] ALIGN: best=9(1.33) need CCW 8 idx
[04:42:45] ALIGN: best=9(1.33) need CCW 8 idx
[04:42:45] ALIGN: best=10(1.54) need CW 7 idx
[04:42:45] ALIGN: best=10(1.53) need CW 7 idx
[04:42:45] ALIGN: best=9(1.33) need CCW 8 idx
[04:42:46] ALIGN: best=9(1.33) need CCW 8 idx
[04:42:46] ALIGN: best=10(1.54) need CW 7 idx
[04:42:46] ALIGN: best=10(1.54) need CW 7 idx
[04:42:46] ALIGN: best=9(1.33) need CCW 8 idx
[04:42:46] ALIGN: best=9(1.33) need CCW 8 idx
[04:42:47] ALIGN: best=10(1.55) need CW 7 idx
[04:42:47] ALIGN: best=10(1.54) need CW 7 idx
[04:42:47] ALIGN: best=9(1.31) need CCW 8 idx
[04:42:47] ALIGN: best=14(1.45) need CW 3 idx
[04:42:47] ALIGN: best=10(1.45) need CW 7 idx
[04:42:47] ALIGN: best=9(1.36) need CCW 8 idx
[04:42:48] ALIGN: best=9(1.33) need CCW 8 idx
[04:42:48] ALIGN: best=4(1.45) need CCW 3 idx
[04:42:48] ALIGN: best=10(1.54) need CW 7 idx
[04:42:48] ALIGN: best=10(1.54) need CW 7 idx
[04:42:48] ALIGN: best=9(1.33) need CCW 8 idx
[04:42:49] ALIGN: best=9(1.33) need CCW 8 idx
[04:42:49] ALIGN: best=10(1.53) need CW 7 idx
[04:42:49] ALIGN: best=10(1.52) need CW 7 idx
[04:42:49] ALIGN: best=9(1.34) need CCW 8 idx
[04:42:49] ALIGN: best=9(1.33) need CCW 8 idx
[04:42:49] ALIGN: best=10(1.56) need CW 7 idx
[04:42:50] ALIGN: best=10(1.55) need CW 7 idx
[04:42:50] ALIGN: best=9(1.32) need CCW 8 idx
[04:42:50] ALIGN: best=9(1.33) need CCW 8 idx
[04:42:50] ALIGN: best=10(1.55) need CW 7 idx
[04:42:50] ALIGN: best=10(1.56) need CW 7 idx
[04:42:51] ALIGN: best=2(1.45) need CCW 1 idx
[04:42:51] ALIGN: best=9(1.34) need CCW 8 idx
[04:42:51] ALIGN: best=10(1.53) need CW 7 idx
[04:42:51] ALIGN: best=10(1.53) need CW 7 idx
[04:42:51] ALIGN: best=9(1.34) need CCW 8 idx
[04:42:51] ALIGN: best=9(1.32) need CCW 8 idx
[04:42:52] ALIGN: best=10(1.54) need CW 7 idx
[04:42:52] ALIGN: best=10(1.56) need CW 7 idx
[04:42:52] ALIGN: best=9(1.32) need CCW 8 idx
[04:42:52] ALIGN: best=9(1.32) need CCW 8 idx
[04:42:52] ALIGN: best=10(1.53) need CW 7 idx
[04:42:53] ALIGN: best=10(1.56) need CW 7 idx
[04:42:53] ALIGN: best=9(1.31) need CCW 8 idx
[04:42:53] ALIGN: best=9(1.32) need CCW 8 idx
[04:42:53] ALIGN: best=10(1.55) need CW 7 idx
[04:42:53] ALIGN: best=10(1.54) need CW 7 idx
[04:42:54] ALIGN: best=9(1.35) need CCW 8 idx
[04:42:54] ALIGN: best=9(1.33) need CCW 8 idx
[04:42:54] ALIGN: best=10(1.53) need CW 7 idx
[04:42:54] ALIGN: best=10(1.53) need CW 7 idx
[04:42:54] ALIGN: best=10(1.45) need CW 7 idx
[04:42:54] ALIGN: best=9(1.35) need CCW 8 idx
[04:42:55] ALIGN: best=0(1.45) need CW 1 idx
[04:42:55] ALIGN: best=2(1.45) need CCW 1 idx
[04:42:55] ALIGN: best=9(1.34) need CCW 8 idx
[04:42:55] ALIGN: best=9(1.33) need CCW 8 idx
[04:42:55] ALIGN: best=10(1.53) need CW 7 idx
[04:42:56] ALIGN: best=10(1.54) need CW 7 idx
[04:42:56] ALIGN: best=9(1.32) need CCW 8 idx
[04:42:56] ALIGN: best=10(1.53) need CW 7 idx
[04:42:56] ALIGN: best=9(1.32) need CCW 8 idx
[04:42:56] ALIGN: best=10(1.55) need CW 7 idx
[04:42:57] ALIGN: best=10(1.54) need CW 7 idx
[04:42:57] ALIGN: best=9(1.33) need CCW 8 idx
[04:42:57] ALIGN: best=9(1.32) need CCW 8 idx
[04:42:57] ALIGN: best=10(1.55) need CW 7 idx
[04:42:58] ALIGN: best=10(1.54) need CW 7 idx
[04:42:58] ALIGN: best=10(1.55) need CW 7 idx
[04:42:58] ALIGN: best=5(1.45) need CCW 4 idx
[04:42:58] ALIGN: best=11(1.45) need CW 6 idx
[04:42:58] ALIGN: best=12(1.45) need CW 5 idx
[04:42:58] ALIGN: best=9(1.32) need CCW 8 idx
[04:42:59] ALIGN: best=9(1.33) need CCW 8 idx
[04:42:59] ALIGN: best=9(1.32) need CCW 8 idx
[04:42:59] ALIGN: best=10(1.54) need CW 7 idx
[04:42:59] ALIGN: best=10(1.54) need CW 7 idx
[04:42:59] ALIGN: best=9(1.32) need CCW 8 idx
[04:43:00] ALIGN: best=9(1.33) need CCW 8 idx
[04:43:00] ALIGN: best=10(1.54) need CW 7 idx
[04:43:00] ALIGN: best=10(1.52) need CW 7 idx
[04:43:00] ALIGN: best=9(1.33) need CCW 8 idx
[04:43:00] ALIGN: best=15(1.45) need CW 2 idx
[04:43:01] ALIGN: best=9(1.33) need CCW 8 idx
[04:43:01] ALIGN: best=9(1.32) need CCW 8 idx
[04:43:01] ALIGN: best=10(1.55) need CW 7 idx
[04:43:01] ALIGN: best=10(1.54) need CW 7 idx
[04:43:01] ALIGN: best=9(1.35) need CCW 8 idx
[04:43:02] ALIGN: best=9(1.34) need CCW 8 idx
[04:43:02] ALIGN: best=9(1.32) need CCW 8 idx
[04:43:02] ALIGN: best=10(1.54) need CW 7 idx
[04:43:02] ALIGN: best=10(1.54) need CW 7 idx
[04:43:03] ALIGN: best=10(1.55) need CW 7 idx
[04:43:03] ALIGN: best=9(1.33) need CCW 8 idx
[04:43:03] ALIGN: best=9(1.34) need CCW 8 idx
[04:43:03] ALIGN: best=10(1.54) need CW 7 idx
[04:43:05] brain5 start
[04:43:05] ALIGN commit: best=10(S=0.93) d=-7 rotate CW 24.6s
[04:43:30] ALIGN commit: best=6(S=0.89) d=5 rotate CCW 17.6s
[04:43:48] ALIGN commit: best=9(S=0.90) d=8 rotate CCW 28.2s
[04:44:16] ALIGN commit: best=13(S=1.13) d=-4 rotate CW 14.1s
[04:44:30] ALIGN commit: best=11(S=0.92) d=-6 rotate CW 21.1s
[04:44:51] ALIGN commit: best=8(S=0.89) d=7 rotate CCW 24.6s
[04:45:16] ALIGN commit: best=12(S=0.89) d=-5 rotate CW 17.6s
[04:45:21] brain5 start
[04:45:21] ALIGN commit: best=11(S=0.92) d=-6 rotate CCW 21.1s
[04:45:43] ALIGN commit: best=14(S=1.14) d=-3 rotate CCW 10.6s
[04:45:45] ALIGNED nose -> tap fwd
[04:45:53] tap done h=56 xy=(0.04,0.02) d11=0.401 P=0.550,0.860,0.947,0.302,0.113,0.138,0.162,0.154,0.107,0.111,0.101,0.135,0.156,-1.000,1.428,0.657
[04:45:53] ALIGN commit: best=14(S=0.86) d=-3 rotate CCW 10.6s
[04:45:55] ALIGNED nose -> tap fwd
[04:46:03] tap done h=53 xy=(0.07,0.04) d11=0.398 P=0.501,0.900,0.928,0.302,0.124,0.133,0.159,0.182,0.148,0.133,0.137,0.149,0.137,0.365,1.363,0.635
[04:46:04] ALIGN commit: best=14(S=0.83) d=-3 rotate CCW 10.6s
[04:46:08] ALIGNED nose -> tap fwd
[04:46:16] tap done h=38 xy=(0.09,0.07) d11=0.396 P=0.587,0.543,0.841,0.943,0.289,0.122,0.146,0.193,0.226,0.168,0.147,0.158,0.138,0.163,1.117,1.365
[04:46:16] ALIGN commit: best=13(S=0.90) d=-4 rotate CCW 14.1s
[04:46:17] ALIGNED nose -> tap fwd
[04:46:25] tap done h=32 xy=(0.12,0.11) d11=0.381 P=0.597,0.498,0.831,0.912,0.309,0.245,0.151,0.200,0.230,0.173,-1.000,0.164,0.136,0.160,0.880,-1.000
[04:46:26] ALIGNED nose -> tap fwd
[04:46:34] tap done h=30 xy=(0.14,0.14) d11=0.361 P=0.563,0.473,0.819,0.902,0.336,0.315,0.160,0.204,0.258,0.177,0.168,0.142,0.164,0.180,0.569,1.335
[04:46:34] ALIGN commit: best=14(S=1.12) d=-3 rotate CCW 10.6s
[04:46:35] ALIGNED nose -> tap fwd
[04:46:43] tap done h=32 xy=(0.16,0.17) d11=0.394 P=0.556,0.445,0.832,0.896,0.983,0.305,0.177,0.214,0.260,0.205,0.182,0.159,0.151,0.241,0.815,1.329
[04:46:45] ALIGN commit: best=3(S=0.88) d=2 rotate CW 7.0s
[04:46:48] ALIGNED nose -> tap fwd
[04:46:56] tap done h=37 xy=(0.18,0.20) d11=0.347 P=0.551,-1.000,0.821,0.885,0.971,0.319,0.181,0.227,0.287,0.206,0.200,0.157,0.169,0.301,1.079,1.288
[04:46:56] ALIGN commit: best=3(S=0.89) d=2 rotate CW 7.0s
[04:47:00] ALIGNED nose -> tap fwd
[04:47:08] tap done h=46 xy=(0.21,0.22) d11= P=0.363,0.515,0.814,0.935,0.324,0.302,0.219,0.298,0.264,0.228,0.157,0.159,0.229,0.470,1.238,0.741
[04:47:08] ALIGN commit: best=14(S=0.82) d=-3 rotate CCW 10.6s
[04:47:15] ALIGNED nose -> tap fwd
[04:47:23] brain5 start
[04:47:23] ALIGNED nose -> tap fwd
[04:47:31] tap done h=26 xy=(0.02,0.03) d11=0.348 P=1.358,0.440,0.429,0.759,0.875,0.367,0.357,0.221,0.293,0.274,0.212,0.171,0.175,0.262,0.468,1.167
[04:47:32] ALIGNED nose -> tap fwd
[04:47:40] tap done h=26 xy=(0.03,0.07) d11=0.362 P=1.335,0.439,0.404,0.746,0.901,1.132,0.363,0.246,0.340,0.297,0.224,0.159,0.177,0.265,0.469,1.159
[04:47:40] ALIGN commit: best=4(S=0.92) d=3 rotate CW 10.6s
[04:47:50] ALIGNED nose -> tap fwd
[04:47:58] tap done h=60 xy=(0.06,0.09) d11=0.372 P=0.305,0.748,0.863,0.985,0.361,0.366,0.283,0.381,0.290,0.190,-1.000,0.242,0.424,1.099,1.204,0.438
[04:47:59] ALIGN commit: best=14(S=0.92) d=-3 rotate CCW 10.6s
[04:48:09] ALIGN commit: best=4(S=0.88) d=3 rotate CW 10.6s
[04:48:20] ALIGNED nose -> tap fwd
[04:48:29] tap done h=56 xy=(0.10,0.11) d11=0.352 P=0.258,0.669,0.815,0.984,0.370,0.398,0.282,0.388,0.319,0.210,0.205,0.269,0.436,1.118,1.215,0.415
[04:48:29] ALIGN commit: best=13(S=0.92) d=-4 rotate CCW 14.1s
[04:48:34] ALIGNED nose -> tap fwd
[04:48:42] tap done h=40 xy=(0.12,0.14) d11=0.370 P=0.397,0.288,0.721,0.855,0.972,0.366,0.383,0.312,0.384,0.316,0.217,0.238,0.308,0.460,1.117,1.209
[04:48:43] ALIGN commit: best=14(S=0.93) d=-3 rotate CCW 10.6s
[04:48:50] ALIGNED nose -> tap fwd
[04:48:59] tap done h=13 xy=(0.13,0.18) d11=0.361 P=1.148,0.380,0.255,0.351,0.758,0.926,1.422,0.409,0.294,0.419,0.333,0.221,0.210,0.276,0.415,1.070
[04:48:59] ALIGN commit: best=5(S=1.03) d=4 rotate CW 14.1s
[04:49:13] ALIGNED nose -> tap fwd
[04:49:21] tap done h=58 xy=(0.16,0.19) d11=0.355 P=0.249,0.722,0.808,0.968,0.416,0.418,0.336,0.434,0.339,0.219,0.307,0.341,0.623,1.091,1.181,0.359
[04:49:21] ALIGN commit: best=13(S=0.97) d=-4 rotate CCW 14.1s
[04:49:27] brain5 start
[04:49:27] TXSTATUS tick=414394 goal=0 here=0 tx=267:lost
[04:49:27] ALIGN commit: best=3(S=0.83) d=2 rotate CW 7.0s
[04:49:28] TXSTATUS tick=414523 goal=0 here=0 tx=268:lost
[04:49:30] TXSTATUS tick=414652 goal=0 here=0 tx=269:lost
[04:49:31] TXSTATUS tick=414781 goal=0 here=0 tx=270:lost
[04:49:32] TXSTATUS tick=414910 goal=0 here=0 tx=271:lost
[04:49:34] ALIGNED nose -> tap fwd
[04:49:34] TXSTATUS tick=415080 goal=0 here=0 tx=272:lost
[04:49:35] TXSTATUS tick=415209 goal=0 here=0 tx=273:lost
[04:49:36] TXSTATUS tick=415338 goal=0 here=0 tx=274:lost
[04:49:38] TXSTATUS tick=415468 goal=0 here=0 tx=275:lost
[04:49:39] TXSTATUS tick=415597 goal=0 here=0 tx=276:lost
[04:49:40] TXSTATUS tick=415726 goal=0 here=0 tx=277:lost
[04:49:42] tap done h=68 xy=(0.03,0.01) d11=0.363 P=0.271,0.685,0.811,0.965,0.394,0.431,0.356,0.414,0.292,0.233,0.292,0.409,0.753,1.134,0.579,0.332
[04:49:42] TXSTATUS tick=415896 goal=0 here=0 tx=278:lost
[04:49:42] ALIGN commit: best=13(S=0.83) d=-4 rotate CCW 14.1s
[04:49:43] ALIGNED nose -> tap fwd
[04:49:43] TXSTATUS tick=416028 goal=0 here=0 tx=279:lost
[04:49:45] TXSTATUS tick=416158 goal=0 here=0 tx=280:lost
[04:49:46] TXSTATUS tick=416287 goal=0 here=0 tx=281:lost
[04:49:47] TXSTATUS tick=416417 goal=0 here=0 tx=282:lost
[04:49:48] TXSTATUS tick=416546 goal=0 here=0 tx=283:lost
[04:49:50] TXSTATUS tick=416675 goal=0 here=0 tx=284:lost
[04:49:51] tap done h=66 xy=(0.07,0.03) d11=0.356 P=0.249,0.652,0.804,0.964,0.420,0.435,0.353,0.461,0.326,0.262,0.313,0.410,0.781,1.134,0.353,0.343
[04:49:51] ALIGNED nose -> tap fwd
[04:49:51] TXSTATUS 
[04:49:53] TXSTATUS tick=416978 goal=0 here=0 tx=286:lost
[04:49:54] TXSTATUS tick=417108 goal=0 here=0 tx=287:lost
[04:49:55] TXSTATUS tick=417237 goal=0 here=0 tx=288:lost
[04:49:57] TXSTATUS tick=417366 goal=0 here=0 tx=289:lost
[04:49:58] TXSTATUS tick=417495 goal=0 here=0 tx=290:lost
[04:49:59] tap done h=63 xy=(0.11,0.04) d11=0.359 P=0.210,0.655,0.780,0.945,1.584,0.416,0.356,0.471,0.359,0.276,0.335,0.441,0.846,1.114,0.320,0.272
[04:50:00] TXSTATUS tick=417666 goal=0 here=0 tx=291:lost
[04:50:00] ALIGN commit: best=3(S=1.11) d=2 rotate CW 7.0s
[04:50:01] TXSTATUS tick=417796 goal=0 here=0 tx=292:lost
[04:50:02] TXSTATUS tick=417925 goal=0 here=0 tx=293:lost
[04:50:04] TXSTATUS tick=418055 goal=0 here=0 tx=294:lost
[04:50:05] ALIGNED nose -> tap fwd
[04:50:05] TXSTATUS tick=418187 goal=0 here=0 tx=295:lost
[04:50:06] TXSTATUS tick=418316 goal=0 here=0 tx=296:lost
[04:50:07] TXSTATUS tick=418446 goal=0 here=0 tx=297:lost
[04:50:09] TXSTATUS tick=418575 goal=0 here=0 tx=298:lost
[04:50:10] TXSTATUS tick=418705 goal=0 here=0 tx=299:lost
[04:50:11] TXSTATUS tick=418834 goal=0 here=0 tx=300:lost
[04:50:15] brain5 start
[04:50:15] TXSTATUS tick=419157 goal=0 here=0 tx=301:lost P=0.265,0.647,0.814,1.378,0.388,0.413,0.490,0.417,0.293,0.349,0.443,0.725,1.069,1.138,0.278,0.163
[04:50:15] ALIGN commit: best=12(S=0.98) d=-5 rotate CCW 17.6s
[04:50:17] ALIGNED nose -> tap fwd
[04:50:17] TXSTATUS  P=0.225,0.613,0.771,1.080,0.393,0.443,0.412,0.461,0.323,0.328,0.396,0.491,1.055,1.126,0.313,0.171
[04:50:19] TXSTATUS tick=419572 goal=0 here=0 tx=304:lost P=0.209,0.605,0.758,1.084,0.383,0.437,0.419,0.471,0.341,0.328,0.398,0.503,1.067,1.122,0.318,0.148
[04:50:25] tap done h=73 xy=(0.04,0.01) d11=0.369 P=0.196,0.602,0.764,0.961,0.406,0.459,0.378,0.487,0.352,0.337,0.415,0.604,1.082,1.096,0.282,0.143
[04:50:32] ALIGN commit: best=4(S=1.06) d=3 rotate CW 10.6s
[04:50:36] TXSTATUS  P=0.137,0.259,0.657,0.839,1.390,0.381,0.408,0.517,0.456,0.329,0.359,0.454,0.770,1.076,0.317,0.249
[04:50:37] TXSTATUS tick=421410 goal=0 here=0 tx=318:lost P=
[04:50:42] ALIGNED nose -> tap fwd
[04:50:50] tap done h=80 xy=(0.08,0.02) d11=0.365 P=0.217,0.592,0.779,1.137,0.384,0.450,0.507,-1.000,0.352,0.371,0.464,0.746,-1.000,0.301,0.166,0.114
[04:50:50] ALIGNED nose -> tap fwd
[04:50:59] tap done h=77 xy=(0.11,0.02) d11=0.363 P=0.180,0.561,0.763,1.105,0.419,0.472,0.456,0.500,0.355,0.404,0.472,0.749,1.082,0.286,0.127,0.125
[04:50:59] ALIGNED nose -> tap fwd
[04:51:02] GRIND during tap (xy=0.13,0.03) back off
[04:51:06] STAT h=85.8 xy=(0.12,0.03) d11=0.379 tick=424340 goal=0 here=0 tx=340:lost
[04:51:12] turned away; h=108
[04:51:13] ALIGNED nose -> tap fwd
[04:51:14] TXSTATUS  P=0.587,0.755,1.251,0.416,0.471,0.525,0.504,0.363,0.411,0.481,0.879,1.093,0.278,0.101,0.145,0.205
[04:51:15] TXSTATUS tick=425229 goal=0 here=0 tx=347:lost P=0.557,0.753,1.170,0.392,0.462,0.534,0.509,0.366,0.408,0.501,0.889,1.105,0.264,0.090,0.134,0.192
[04:51:21] tap done h=106 xy=(0.20,0.00) d11=0.369 P=0.557,0.747,1.119,0.391,0.450,0.448,0.521,0.392,0.412,0.520,0.905,1.115,0.283,0.101,0.146,0.191
[04:51:22] ALIGN commit: best=10(S=0.83) d=-7 rotate CCW 24.6s
[04:51:23] ALIGNED nose -> tap fwd
[04:55:43] brain5 start
[04:55:43] TXSTATUS tick=452011 goal=0 here=0 tx=355:lost P=0.538,0.715,1.051,1.508,0.435,0.410,0.508,0.398,-1.000,0.524,0.803,1.082,0.272,0.107,0.144,0.194
[04:55:44] ALIGNED nose -> tap fwd
[04:55:52] tap done h=102 xy=(0.04,-0.01) d11=0.355 P=0.538,0.715,1.033,1.486,0.405,0.402,0.522,0.394,0.441,0.511,0.799,1.087,0.275,0.085,0.151,0.172
[04:55:52] ALIGNED nose -> tap fwd
[04:56:00] tap done h=104 xy=(0.08,-0.02) d11=0.349 P=0.515,0.696,1.040,1.480,0.387,0.418,0.545,0.418,0.438,0.522,0.814,1.091,0.128,0.117,0.125,0.167
[04:56:01] ALIGNED nose -> tap fwd
[04:56:09] tap done h=99 xy=(0.12,-0.02) d11=0.361 P=0.499,0.669,1.022,1.481,0.387,0.410,0.552,0.439,0.453,0.536,0.818,1.104,0.096,0.120,0.139,0.170
[04:56:10] ALIGNED nose -> tap fwd
[04:56:18] tap done h=99 xy=(0.16,-0.03) d11=0.350 P=0.490,0.658,0.843,1.453,-1.000,0.433,0.586,0.465,0.471,0.556,0.846,1.110,0.093,0.121,0.114,0.209
[04:56:19] ALIGNED nose -> tap fwd
[04:56:21] TXSTATUS  P=0.474,0.655,0.851,1.450,0.367,0.441,0.581,-1.000,0.489,0.557,0.855,1.107,0.093,0.109,0.118,0.412
[04:56:22] TXSTATUS tick=455911 goal=0 here=0 tx=384:lost P=0.463,0.640,0.849,1.452,0.337,0.438,0.588,0.476,0.477,0.555,-1.000,1.121,0.102,0.125,0.117,0.398
[04:56:26] TXSTATUS  P=0.455,0.640,0.829,1.460,0.367,0.463,0.602,0.489,0.500,0.600,0.866,0.104,0.106,-1.000,0.114,0.405
[04:56:27] tap done h=99 xy=(0.19,-0.04) d11=0.353 P=0.479,0.646,0.837,1.449,0.371,0.459,0.616,0.498,0.492,0.561,0.873,0.106,0.095,0.105,0.110,0.397
[04:56:27] ALIGNED nose -> tap fwd
[04:56:27] TXSTATUS tick=456442 goal=0 here=0 tx=388:lost P=0.447,0.640,0.838,1.450,0.375,0.434,0.619,0.500,0.507,0.574,0.864,0.098,0.077,0.107,0.099,0.391
[04:56:35] tap done h=98 xy=(0.23,-0.04) d11= P=0.442,0.622,0.807,1.447,0.372,0.456,0.633,0.527,0.514,0.581,0.887,0.120,-1.000,-1.000,0.101,0.366
[04:56:35] STAT h=100.5 xy=(0.23,-0.04) d11=0.342 tick=457245 goal=0 here=0 tx=394:lost
[04:56:36] ALIGNED nose -> tap fwd
[04:56:44] tap done h=100 xy=(0.27,-0.05) d11=0.365 P=0.431,0.592,0.788,1.470,0.362,0.485,0.620,0.533,0.524,0.621,0.924,0.108,0.097,0.077,0.090,0.358
[04:56:45] ALIGNED nose -> tap fwd
[04:56:53] tap done h=96 xy=(0.31,-0.06) d11=0.360 P=0.418,0.604,0.785,1.454,0.371,0.489,0.637,0.568,0.517,0.610,0.914,0.122,0.091,0.088,0.095,0.365
[04:56:53] ALIGNED nose -> tap fwd
[04:56:58] TXSTATUS  P=0.418,0.584,0.779,1.461,0.364,0.484,0.613,0.588,0.529,0.594,0.910,0.091,0.093,0.098,0.075,0.373
[04:56:59] TXSTATUS tick=459637 goal=0 here=0 tx=412:lost P=0.419,0.612,0.807,1.454,0.383,0.468,0.632,0.589,0.523,0.620,0.900,0.105,0.085,0.102,0.090,0.361
[04:57:01] tap done h=95 xy=(0.34,-0.06) d11=0.352 P=0.418,-1.000,0.779,1.463,0.371,0.501,0.615,0.568,-1.000,0.617,0.899,0.127,0.089,0.087,0.102,0.359
[04:57:01] ALIGN commit: best=4(S=1.08) d=3 rotate CW 10.6s
[04:57:02] ALIGNED nose -> tap fwd
[04:57:10] tap done h=99 xy=(0.38,-0.07) d11=0.370 P=0.432,0.574,0.794,1.456,0.373,-1.000,0.628,0.582,0.519,0.626,0.910,0.118,0.102,0.099,0.090,0.375
[04:57:11] ALIGNED nose -> tap fwd
[04:57:19] tap done h=99 xy=(0.42,-0.07) d11=0.362 P=0.391,0.600,0.793,1.480,1.915,0.452,0.615,0.595,0.538,0.621,0.899,0.133,0.100,0.080,0.080,0.375
[04:57:20] ALIGNED nose -> tap fwd
[04:57:28] tap done h=96 xy=(0.46,-0.08) d11=0.373 P=0.427,0.576,0.768,1.471,1.879,0.449,0.603,0.579,0.538,0.643,0.903,0.123,0.112,0.082,0.096,0.358
[04:57:28] ALIGNED nose -> tap fwd
[04:57:29] STAT h=99.7 xy=(0.46,-0.08) d11=0.370 tick=462626 goal=0 here=0 tx=434:lost
[04:57:37] tap done h=98 xy=(0.50,-0.08) d11=0.372 P=0.413,0.570,0.752,1.495,1.868,0.437,0.593,0.608,0.534,0.630,0.909,0.133,0.094,0.075,0.097,0.382
[04:57:37] ALIGNED nose -> tap fwd
[04:57:45] tap done h=99 xy=(0.53,-0.09) d11=0.369 P=0.386,0.569,0.783,1.490,0.981,0.437,0.486,0.600,0.540,0.647,0.901,0.127,0.103,0.098,0.095,0.348
[04:57:45] ALIGN commit: best=3(S=1.12) d=2 rotate CW 7.0s
[04:57:46] ALIGNED nose -> tap fwd
[04:57:54] tap done h=99 xy=(0.57,-0.09) d11=0.373 P=0.380,0.581,0.758,1.478,1.874,0.449,0.482,0.612,0.528,0.646,0.886,0.134,0.106,0.098,0.102,0.364
[04:57:54] ALIGN commit: best=3(S=1.43) d=2 rotate CW 7.0s
[04:57:55] ALIGNED nose -> tap fwd
[04:58:03] tap done h=95 xy=(0.61,-0.10) d11=0.373 P=0.397,0.547,0.750,1.467,1.864,0.420,0.491,0.607,0.527,0.665,0.902,0.134,0.116,0.084,0.110,0.351
[04:58:04] ALIGNED nose -> tap fwd
[04:58:12] tap done h=100 xy=(0.65,-0.10) d11=0.367 P=
[04:58:12] ALIGN commit: best=3(S=1.11) d=2 rotate CW 7.0s
[04:58:13] ALIGNED nose -> tap fwd
[04:58:21] tap done h=99 xy=(0.69,-0.11) d11=0.359 P=0.373,0.548,0.737,-1.000,1.863,0.430,0.485,0.603,0.549,0.648,0.964,0.140,0.100,0.087,0.136,0.359
[04:58:21] ALIGN commit: best=3(S=1.42) d=2 rotate CW 7.0s
[04:58:23] ALIGNED nose -> tap fwd
[04:58:23] STAT h=101.8 xy=(0.69,-0.11) d11=0.355 tick=468000 goal=0 here=0 tx=474:lost
[04:58:31] tap done h=101 xy=(0.73,-0.12) d11=0.366 P=0.396,0.552,0.742,1.401,1.901,0.460,0.631,0.609,0.570,0.678,0.179,0.117,0.105,0.100,0.297,0.405
[04:58:32] ALIGNED nose -> tap fwd
[04:58:40] tap done h=100 xy=(0.76,-0.12) d11=0.354 P=0.396,0.548,0.745,1.385,1.912,0.444,0.619,0.612,0.569,0.667,0.161,0.144,0.118,0.120,0.300,0.407
[04:58:40] ALIGN commit: best=3(S=1.41) d=2 rotate CW 7.0s
[04:58:41] ALIGNED nose -> tap fwd
[04:58:49] tap done h=101 xy=(0.80,-0.13) d11=0.357 P=0.397,0.526,0.752,1.388,1.888,0.449,0.628,0.597,0.604,0.682,0.177,0.127,0.097,0.097,0.297,0.404
[04:58:49] ALIGN commit: best=3(S=1.40) d=2 rotate CW 7.0s
[04:58:50] ALIGNED nose -> tap fwd
[04:58:58] tap done h=101 xy=(0.84,-0.14) d11=0.364 P=0.385,0.517,0.739,1.398,1.887,0.453,0.638,0.630,0.608,0.678,0.164,0.125,0.095,0.122,0.286,0.379
[04:58:58] ALIGN commit: best=3(S=1.39) d=2 rotate CW 7.0s
[04:58:59] ALIGNED nose -> tap fwd
[04:59:07] tap done h=103 xy=(0.87,-0.15) d11=0.355 P=0.379,0.505,0.722,1.374,1.889,0.369,0.628,0.649,0.640,0.702,-1.000,0.099,-1.000,0.186,0.281,0.368
[04:59:07] ALIGN commit: best=3(S=1.39) d=2 rotate CW 7.0s
[04:59:08] ALIGNED nose -> tap fwd
[04:59:16] tap done h=106 xy=(0.91,-0.16) d11=0.363 P=0.381,0.505,0.714,1.404,1.882,0.401,0.675,0.624,0.658,0.836,0.157,-1.000,0.105,0.249,0.275,0.317
[04:59:17] STAT h=106.0 xy=(0.91,-0.16) d11= tick=473356 goal=0 here=0 tx=514:lost
[04:59:17] ALIGN commit: best=3(S=1.39) d=2 rotate CW 7.0s
[04:59:18] ALIGNED nose -> tap fwd
[04:59:26] tap done h=111 xy=(0.95,-0.17) d11=0.392 P=0.385,0.482,0.706,1.380,1.916,0.386,0.688,0.657,0.668,0.909,0.128,0.134,0.140,0.258,0.291,0.314
[04:59:26] ALIGN commit: best=3(S=1.39) d=2 rotate CW 7.0s
[04:59:27] ALIGNED nose -> tap fwd
[04:59:35] tap done h=115 xy=(0.98,-0.19) d11=0.398 P=
[04:59:35] ALIGN commit: best=3(S=1.40) d=2 rotate CW 7.0s
[04:59:37] ALIGNED nose -> tap fwd
[04:59:45] tap done h=115 xy=(1.02,-0.20) d11=0.372 P=0.379,0.483,0.866,1.401,1.790,0.393,0.757,0.645,0.768,0.242,0.136,0.137,0.230,0.244,0.324,0.274
[04:59:45] ALIGN commit: best=3(S=1.41) d=2 rotate CW 7.0s
[04:59:47] ALIGNED nose -> tap fwd
[04:59:55] tap done h=122 xy=(1.05,-0.22) d11=0.393 P=0.398,0.486,1.199,1.344,-1.000,0.503,0.739,0.667,0.794,0.206,0.144,0.185,0.265,0.250,0.279,0.262
[04:59:56] ALIGN commit: best=3(S=1.36) d=2 rotate CW 7.0s
[04:59:57] ALIGNED nose -> tap fwd
[05:00:00] TXSTATUS  P=
[05:00:01] TXSTATUS tick=477796 goal=0 here=0 tx=547:lost P=0.388,0.497,1.209,1.060,1.305,0.546,0.749,0.709,0.815,0.158,0.136,0.211,0.254,0.257,0.247,0.280
[05:00:05] tap done h=124 xy=(1.08,-0.24) d11=0.388 P=0.371,0.480,1.209,1.331,1.328,0.539,0.742,0.720,0.824,0.169,0.161,0.228,0.245,0.297,0.213,0.246
[05:00:05] ALIGN commit: best=3(S=1.35) d=2 rotate CW 7.0s
[05:00:06] ALIGNED nose -> tap fwd
[05:00:06] TXSTATUS  P=0.385,0.607,1.355,1.028,1.307,0.554,0.761,0.717,0.838,0.165,0.184,0.229,0.234,0.317,0.236,0.283
[05:00:08] TXSTATUS tick=478477 goal=0 here=0 tx=552:lost P=0.379,0.613,1.351,1.017,1.295,0.560,0.750,0.713,0.825,0.167,0.169,0.247,0.242,0.306,0.230,-1.000
[05:00:09] TXSTATUS  P=0.368,0.598,1.378,1.032,1.308,0.536,0.774,0.720,0.830,0.161,0.181,0.259,0.240,0.304,0.232,0.272
[05:00:10] TXSTATUS tick=478742 goal=0 here=0 tx=554:lost P=0.379,0.595,1.292,1.010,1.298,0.544,0.768,0.716,0.834,0.196,0.175,0.234,0.234,0.288,0.220,0.260
[05:00:10] STAT h=125.3 xy=(1.10,-0.25) d11=0.393 tick=478742 goal=0 here=0 tx=554:lost
[05:00:14] tap done h=128 xy=(1.12,-0.26) d11=0.404 P=0.368,0.587,1.241,1.023,1.316,0.546,0.749,0.737,0.839,0.191,0.181,0.239,0.260,0.281,0.209,0.272
[05:00:15] ALIGNED nose -> tap fwd
[05:00:23] tap done h=126 xy=(1.15,-0.29) d11=0.413 P=0.365,0.455,1.171,1.273,1.315,0.427,0.780,0.753,0.873,0.194,0.199,0.262,0.247,0.262,0.200,0.224
[05:00:23] ALIGN commit: best=3(S=1.31) d=2 rotate CW 7.0s
[05:00:27] ALIGNED nose -> tap fwd
[05:00:35] tap done h=135 xy=(1.17,-0.31) d11=0.416 P=0.362,0.562,1.303,1.900,1.071,0.573,0.776,0.824,0.304,0.207,0.263,0.235,0.297,0.206,0.207,0.293
[05:00:35] ALIGN commit: best=3(S=1.50) d=2 rotate CW 7.0s
[05:00:37] ALIGNED nose -> tap fwd
[05:00:45] tap done h=139 xy=(1.20,-0.34) d11=0.416 P=0.377,0.570,1.319,1.816,1.065,0.592,0.753,0.886,0.285,0.234,0.305,0.234,0.243,0.163,0.216,0.294
[05:00:45] ALIGN commit: best=3(S=1.45) d=2 rotate CW 7.0s
[05:00:46] ALIGNED nose -> tap fwd
[05:00:55] tap done h=143 xy=(1.22,-0.37) d11=0.419 P=0.348,0.766,1.304,1.698,1.031,0.592,0.763,0.903,0.252,0.251,0.298,0.267,0.200,0.175,0.239,0.277
[05:00:55] ALIGN commit: best=3(S=1.39) d=2 rotate CW 7.0s
[05:00:56] ALIGNED nose -> tap fwd
[05:01:04] tap done h=146 xy=(1.24,-0.40) d11=0.448 P=0.354,0.772,1.296,1.486,1.029,0.599,0.764,0.927,0.298,0.291,0.296,0.277,0.170,0.170,0.233,0.275
[05:01:04] STAT h=147.8 xy=(1.24,-0.40) d11=0.437 tick=484113 goal=0 here=0 tx=594:lost
[05:01:04] ALIGN commit: best=3(S=1.33) d=2 rotate CW 7.0s
[05:01:05] ALIGNED nose -> tap fwd
[05:01:05] TXSTATUS  P=0.347,1.019,1.266,1.458,1.039,0.614,0.780,0.923,0.270,0.290,0.286,0.282,0.159,0.199,0.247,0.272
[05:01:07] TXSTATUS tick=484378 goal=0 here=0 tx=596:lost P=0.333,0.819,1.279,1.461,1.033,0.631,0.768,0.922,0.270,0.284,0.304,0.293,0.189,0.185,0.247,0.281
[05:01:13] tap done h=146 xy=(1.26,-0.44) d11=0.432 P=0.334,0.773,1.271,1.492,1.032,0.630,0.796,0.960,0.284,0.313,0.284,0.316,0.191,0.183,0.225,0.270
[05:01:13] ALIGNED nose -> tap fwd
[05:01:22] tap done h=144 xy=(1.29,-0.47) d11=0.457 P=0.290,0.703,1.253,1.621,1.025,0.612,0.814,0.959,0.321,0.336,0.291,0.265,0.177,0.191,0.218,0.241
[05:01:22] ALIGN commit: best=3(S=1.37) d=2 rotate CW 7.0s
[05:01:22] ALIGNED nose -> tap fwd
[05:01:24] TXSTATUS  P=0.295,0.722,1.274,1.538,1.052,0.614,0.814,0.963,0.298,0.337,0.307,0.277,0.179,0.178,0.217,0.239
[05:01:26] TXSTATUS tick=486266 goal=0 here=0 tx=610:lost P=0.289,0.728,1.254,1.536,1.043,0.630,0.808,0.985,0.309,0.334,0.307,0.242,0.158,0.189,0.222,0.254
[05:01:30] tap done h=148 xy=(1.31,-0.50) d11=0.458 P=0.291,0.709,1.267,1.671,1.053,0.608,0.836,0.969,0.319,0.348,0.292,0.213,0.175,0.169,0.198,0.223
[05:01:31] ALIGN commit: best=3(S=1.38) d=2 rotate CW 7.0s
[05:01:32] ALIGNED nose -> tap fwd
[05:01:40] tap done h=151 xy=(1.33,-0.53) d11=0.461 P=0.280,1.009,1.221,1.418,1.023,0.633,0.826,1.006,0.343,0.394,0.311,0.173,0.184,0.198,0.200,0.206
[05:01:41] ALIGNED nose -> tap fwd
[05:01:49] tap done h=149 xy=(1.35,-0.56) d11=0.464 P=0.264,0.969,1.210,1.448,1.032,0.625,0.854,1.027,0.373,0.399,0.330,0.171,0.170,0.193,0.189,0.185
[05:01:49] ALIGN commit: best=3(S=1.29) d=2 rotate CW 7.0s
[05:01:50] ALIGNED nose -> tap fwd
[05:01:58] STAT h=150.0 xy=(1.36,-0.60) d11=0.473 tick=489453 goal=0 here=0 tx=634:lost
[05:01:58] tap done h=148 xy=(1.37,-0.60) d11=0.480 P=0.377,0.999,1.182,1.408,1.030,0.649,0.833,1.050,-1.000,0.397,0.352,0.189,0.168,0.178,0.162,0.189
[05:01:59] ALIGN commit: best=3(S=1.27) d=2 rotate CW 7.0s
[05:02:00] ALIGNED nose -> tap fwd
[05:02:08] tap done h=149 xy=(1.38,-0.63) d11=0.470 P=0.360,1.022,1.171,1.369,1.025,0.638,0.864,1.105,0.402,0.413,0.283,0.154,0.178,0.172,0.159,0.185
[05:02:08] ALIGN commit: best=3(S=1.26) d=2 rotate CW 7.0s
[05:02:09] ALIGNED nose -> tap fwd
[05:02:17] tap done h=150 xy=(1.40,-0.67) d11=0.499 P=0.325,1.003,1.175,1.373,1.032,0.490,0.864,1.073,0.408,0.432,0.241,0.181,0.173,0.163,0.160,0.182
[05:02:17] ALIGN commit: best=3(S=1.25) d=2 rotate CW 7.0s
[05:02:18] ALIGNED nose -> tap fwd
[05:02:26] tap done h=155 xy=(1.42,-0.70) d11=0.500 P=0.318,0.984,1.169,1.353,1.051,0.437,0.871,1.147,0.448,-1.000,0.226,0.178,0.170,0.151,0.131,0.161
[05:02:26] ALIGN commit: best=3(S=1.24) d=2 rotate CW 7.0s
[05:02:27] ALIGNED nose -> tap fwd
[05:02:35] tap done h=155 xy=(1.43,-0.74) d11=0.511 P=0.300,1.102,1.153,1.333,1.040,0.445,0.910,1.241,0.475,0.428,0.215,0.202,0.156,0.129,0.128,0.143
[05:02:36] ALIGNED nose -> tap fwd
[05:02:36] TXSTATUS  P=-1.000,1.101,1.138,1.346,1.010,0.444,0.921,1.253,0.477,0.440,0.207,0.174,0.146,0.124,0.128,0.125
[05:02:37] TXSTATUS tick=493415 goal=0 here=0 tx=664:lost P=0.315,1.112,1.132,1.359,1.042,0.418,0.914,1.224,0.461,0.434,0.203,0.181,0.153,0.125,0.111,0.150
[05:02:38] TXSTATUS  P=0.300,1.099,1.134,1.326,1.031,0.436,0.907,1.252,0.467,0.436,0.224,0.188,0.154,0.139,0.095,0.128
[05:02:40] TXSTATUS tick=493677 goal=0 here=0 tx=666:lost P=0.304,1.010,1.143,1.345,1.019,0.407,0.917,1.224,0.474,0.433,0.222,0.195,0.174,0.119,0.110,0.135
[05:02:44] tap done h=154 xy=(1.45,-0.77) d11=0.524 P=0.279,0.968,1.119,1.345,1.037,0.562,0.919,1.191,0.482,0.441,0.227,0.185,0.146,0.107,0.103,0.128
[05:02:44] ALIGN commit: best=3(S=1.23) d=2 rotate CW 7.0s
[05:02:44] ALIGNED nose -> tap fwd
[05:02:50] STAT h=155.1 xy=(1.46,-0.80) d11=0.509 tick=494743 goal=0 here=0 tx=674:lost
[05:02:53] tap done h=152 xy=(1.46,-0.81) d11=0.520 P=0.275,0.918,1.103,0.682,1.045,0.603,0.932,1.218,0.503,0.456,0.235,0.193,0.137,0.076,0.100,0.109
[05:02:53] ALIGN commit: best=3(S=1.00) d=2 rotate CW 7.0s
[05:02:54] ALIGNED nose -> tap fwd
[05:03:01] GRIND during tap (xy=1.48,-0.84) back off
[05:03:11] turned away; h=183
[05:03:11] ALIGNED nose -> tap fwd
[05:03:25] tap done h=181 xy=(1.47,-0.97) d11=0.548 P=1.043,1.106,1.283,1.011,0.562,0.950,1.348,0.529,0.448,0.235,0.170,0.121,0.091,0.083,0.112,0.236
[05:03:26] ALIGNED nose -> tap fwd
[05:03:34] tap done h=182 xy=(1.47,-1.05) d11=0.518 P=1.029,1.108,0.637,1.020,0.608,0.969,1.337,0.519,0.460,0.233,0.169,0.105,0.086,0.084,0.102,0.259
[05:03:35] ALIGN commit: best=5(S=1.03) d=4 rotate CW 14.1s
[05:03:35] ALIGNED nose -> tap fwd
[05:03:43] STAT h=179.2 xy=(1.47,-1.13) d11=0.530 tick=500012 goal=0 here=0 tx=714:lost
[05:03:49] tap done h=182 xy=(1.46,-1.19) d11=0.541 P=1.033,1.122,0.650,1.031,0.613,0.950,1.295,0.525,0.467,0.264,0.189,0.121,0.107,0.084,0.121,0.236
[05:03:49] ALIGN commit: best=5(S=1.02) d=4 rotate CW 14.1s
[05:03:50] ALIGNED nose -> tap fwd
[05:03:58] tap done h=181 xy=(1.46,-1.26) d11=0.532 P=1.033,1.099,0.656,1.006,0.624,0.948,1.324,0.544,0.473,0.242,0.166,0.110,0.095,0.096,0.121,0.257
[05:03:59] ALIGNED nose -> tap fwd
[05:04:08] tap done h=179 xy=(1.46,-1.35) d11=0.541 P=1.039,1.093,0.653,1.033,0.611,0.963,1.302,0.535,0.471,0.223,0.176,0.094,0.092,0.086,0.104,0.244
[05:04:08] ALIGN commit: best=5(S=1.01) d=4 rotate CW 14.1s
[05:04:09] ALIGNED nose -> tap fwd
[05:04:23] tap done h=181 xy=(1.46,-1.48) d11=0.544 P=1.048,1.088,0.659,1.039,0.627,0.944,1.305,0.527,0.464,0.239,0.175,0.110,0.092,0.086,0.125,0.259
[05:04:23] ALIGN commit: best=5(S=1.02) d=4 rotate CW 14.1s
[05:04:24] ALIGNED nose -> tap fwd
[05:04:36] STAT h=177.8 xy=(1.46,-1.60) d11=0.539 tick=505300 goal=0 here=0 tx=754:lost
[05:04:38] tap done h=181 xy=(1.46,-1.62) d11=0.539 P=1.031,1.102,0.666,1.033,0.626,0.939,1.299,0.543,0.475,0.232,0.197,0.101,0.099,0.081,0.080,0.248
[05:04:38] ALIGN commit: best=5(S=1.01) d=4 rotate CW 14.1s
[05:04:39] ALIGNED nose -> tap fwd
[05:04:53] tap done h=185 xy=(1.46,-1.76) d11=0.532 P=1.033,1.104,0.667,1.037,0.630,0.947,1.307,0.527,0.474,0.244,0.198,0.118,0.088,0.084,0.102,0.237
[05:04:54] ALIGN commit: best=5(S=1.01) d=4 rotate CW 14.1s
[05:04:54] ALIGNED nose -> tap fwd
[05:05:08] tap done h=181 xy=(1.46,-1.90) d11=0.527 P=1.041,1.088,0.665,1.033,0.620,0.947,1.252,0.495,0.477,0.235,0.196,0.119,0.105,0.090,0.103,0.247
[05:05:09] ALIGNED nose -> tap fwd
[05:05:20] TXSTATUS  P=0.908,1.092,0.683,1.046,0.909,0.941,1.188,0.520,0.464,0.258,0.185,0.105,0.085,0.095,0.092,0.249
[05:05:20] tap done h=176 xy=(1.46,-2.00) d11=0.536 P=0.890,1.092,0.699,1.014,0.917,0.947,-1.000,0.525,0.483,0.241,0.198,0.110,0.091,0.077,0.107,0.246
[05:05:20] ALIGN commit: best=5(S=1.08) d=4 rotate CW 14.1s
[05:05:21] TXSTATUS tick=509784 goal=0 here=0 tx=788:lost P=1.028,1.095,1.328,1.023,0.589,0.961,1.323,0.521,0.474,0.248,0.189,0.113,0.085,0.108,0.086,0.253
[05:05:21] ALIGNED nose -> tap fwd
[05:05:29] STAT h=181.0 xy=(1.46,-2.07) d11=0.543 tick=510567 goal=0 here=0 tx=794:lost
[05:05:35] tap done h=181 xy=(1.46,-2.14) d11=0.549 P=1.029,1.090,0.654,1.031,0.625,0.946,1.296,0.538,0.470,0.250,0.191,0.099,0.091,0.100,0.103,0.246
[05:05:36] ALIGN commit: best=5(S=1.02) d=4 rotate CW 14.1s
[05:05:36] ALIGNED nose -> tap fwd
[05:05:50] tap done h=178 xy=(1.46,-2.27) d11=0.534 P=1.039,1.088,0.669,1.012,0.936,0.953,1.253,0.525,0.471,0.243,0.182,0.126,0.110,0.086,0.114,0.239
[05:05:51] ALIGN commit: best=5(S=1.09) d=4 rotate CW 14.1s
[05:05:51] ALIGNED nose -> tap fwd
[05:06:01] tap done h=177 xy=(1.46,-2.36) d11=0.543 P=0.926,1.108,0.665,1.036,0.914,0.943,1.215,0.529,0.499,0.224,0.189,0.099,0.081,0.097,0.103,0.247
[05:06:02] ALIGNED nose -> tap fwd
[05:06:16] tap done h=181 xy=(1.46,-2.50) d11=0.558 P=
[05:06:16] ALIGN commit: best=5(S=1.00) d=4 rotate CW 14.1s
[05:06:17] ALIGNED nose -> tap fwd
[05:06:22] STAT h=179.5 xy=(1.46,-2.55) d11=0.537 tick=515901 goal=0 here=0 tx=834:lost
[05:06:31] tap done h=180 xy=(1.46,-2.63) d11=0.547 P=1.072,1.109,0.680,1.025,0.909,0.943,1.244,0.523,0.493,0.230,0.188,0.103,0.092,0.096,0.122,0.244
[05:06:31] ALIGN commit: best=5(S=1.09) d=4 rotate CW 14.1s
[05:06:32] ALIGNED nose -> tap fwd
[05:06:41] tap done h=181 xy=(1.46,-2.71) d11=0.558 P=1.049,1.098,0.661,1.024,0.633,0.958,1.354,0.527,0.467,0.256,0.176,0.119,0.105,0.085,-1.000,0.239
[05:06:42] ALIGNED nose -> tap fwd
[05:06:43] TXSTATUS  P=1.049,1.111,1.289,1.025,0.599,0.960,1.332,0.520,0.480,0.251,0.184,0.118,0.100,0.087,0.106,0.237
[05:06:44] TXSTATUS tick=518136 goal=0 here=0 tx=851:lost P=
[05:06:52] tap done h=176 xy=(1.46,-2.81) d11= P=1.039,1.098,-1.000,1.023,0.614,0.955,1.295,0.535,0.448,0.242,0.180,0.110,0.108,0.089,0.104,0.250
[05:06:52] ALIGN commit: best=5(S=1.02) d=4 rotate CW 14.1s
[05:06:53] ALIGNED nose -> tap fwd
[05:07:07] tap done h=178 xy=(1.46,-2.95) d11=0.551 P=1.024,1.093,0.663,1.037,-1.000,0.943,1.302,0.535,0.463,0.241,0.181,0.111,0.084,-1.000,0.117,0.246
[05:07:07] ALIGN commit: best=5(S=1.01) d=4 rotate CW 14.1s
[05:07:08] ALIGNED nose -> tap fwd
[05:07:15] STAT h=179.9 xy=(1.46,-3.01) d11= tick=521193 goal=0 here=0 tx=874:lost
[05:07:19] TXSTATUS  P=1.050,1.106,0.668,1.051,0.617,0.947,1.310,0.519,0.487,0.261,0.186,0.108,0.118,0.096,0.090,0.249
[05:07:19] tap done h=178 xy=(1.45,-3.05) d11=0.562 P=1.034,1.110,0.667,1.042,0.626,0.950,1.323,0.519,0.479,0.240,0.179,0.108,0.090,0.084,0.098,0.238
[05:07:20] ALIGNED nose -> tap fwd
[05:07:20] TXSTATUS tick=521736 goal=0 here=0 tx=878:lost P=1.028,1.110,1.285,1.034,0.587,0.966,1.358,0.546,0.476,0.236,0.179,0.106,0.096,0.092,0.115,0.245
[05:07:28] tap done h=181 xy=(1.45,-3.13) d11=0.555 P=1.023,1.115,0.656,1.041,0.606,0.937,1.323,0.514,0.475,0.257,0.182,0.113,0.099,0.088,0.109,0.240
[05:07:29] ALIGN commit: best=5(S=1.03) d=4 rotate CW 14.1s
[05:07:29] ALIGNED nose -> tap fwd
[05:07:40] tap done h=181 xy=(1.45,-3.24) d11=0.568 P=
[05:07:41] ALIGNED nose -> tap fwd
[05:07:54] tap done h=178 xy=(1.45,-3.36) d11=0.567 P=1.037,1.085,0.654,1.035,0.608,0.953,1.333,0.545,0.467,0.238,0.192,0.112,0.103,0.090,0.097,0.246
[05:07:54] ALIGN commit: best=5(S=1.01) d=4 rotate CW 14.1s
[05:07:55] ALIGNED nose -> tap fwd
[05:08:08] tap done h=179 xy=(1.45,-3.48) d11=0.544 P=1.035,1.095,0.678,1.019,0.632,0.950,1.266,0.544,0.454,0.240,0.191,0.108,0.086,0.106,0.082,0.249
[05:08:08] STAT h=182.7 xy=(1.45,-3.48) d11=0.561 tick=526507 goal=0 here=0 tx=914:lost
[05:08:09] ALIGNED nose -> tap fwd
[05:08:23] tap done h=184 xy=(1.45,-3.62) d11=0.539 P=1.039,1.087,0.688,1.023,0.615,0.953,1.304,0.526,0.466,0.214,-1.000,-1.000,0.099,0.102,0.097,0.246
[05:08:23] ALIGN commit: best=5(S=1.01) d=4 rotate CW 14.1s
[05:08:24] ALIGNED nose -> tap fwd
[05:08:38] tap done h=180 xy=(1.45,-3.75) d11=0.573 P=1.040,1.096,0.663,1.043,0.623,0.958,1.315,0.512,0.470,0.229,0.184,0.115,0.091,0.078,0.112,0.248
[05:08:38] ALIGN commit: best=5(S=1.02) d=4 rotate CW 14.1s
[05:08:38] TXSTATUS  P=1.039,1.097,0.657,1.032,0.625,0.945,1.332,0.537,0.474,0.227,0.190,0.094,0.094,0.092,0.103,0.258
[05:08:39] ALIGNED nose -> tap fwd
[05:08:40] TXSTATUS tick=529657 goal=0 here=0 tx=938:lost P=1.035,1.108,1.293,1.028,0.586,0.961,1.352,0.558,0.467,0.237,0.196,0.122,0.091,0.073,0.116,0.270
[05:08:53] tap done h=180 xy=(1.45,-3.89) d11=0.567 P=1.048,1.107,0.643,1.037,0.635,0.962,1.303,0.539,0.470,0.252,0.181,0.122,0.093,0.106,0.095,0.224
[05:08:53] ALIGN commit: best=5(S=1.00) d=4 rotate CW 14.1s
[05:08:54] ALIGNED nose -> tap fwd
[05:09:01] STAT h=180.4 xy=(1.44,-3.96) d11=0.566 tick=531759 goal=0 here=0 tx=954:lost
[05:09:08] tap done h=183 xy=(1.44,-4.03) d11=0.562 P=1.045,1.098,0.673,1.006,0.621,0.932,1.281,0.529,0.456,0.242,0.185,0.117,0.104,0.099,0.096,0.236
[05:09:08] ALIGN commit: best=5(S=1.00) d=4 rotate CW 14.1s
[05:09:09] ALIGNED nose -> tap fwd
[05:09:21] tap done h=178 xy=(1.45,-4.15) d11=0.566 P=1.053,1.108,0.660,1.031,0.630,0.958,1.303,0.520,0.472,0.227,0.177,0.107,0.083,0.096,0.100,0.239
[05:09:22] ALIGNED nose -> tap fwd
[05:09:28] TXSTATUS  P=1.028,1.089,0.670,1.025,0.632,0.955,1.322,0.550,0.483,0.254,0.187,0.125,0.087,0.097,0.113,0.241
[05:09:29] TXSTATUS tick=534634 goal=0 here=0 tx=976:lost P=1.013,1.122,0.642,1.033,0.619,0.942,1.318,0.517,0.490,0.226,0.190,0.111,0.089,0.086,0.100,0.241
[05:09:31] tap done h=181 xy=(1.44,-4.23) d11=0.571 P=1.031,1.106,0.668,1.025,0.617,0.950,1.306,0.545,0.455,0.232,0.181,0.110,0.082,0.099,0.108,0.245
[05:09:32] ALIGN commit: best=5(S=1.01) d=4 rotate CW 14.1s
[05:09:32] ALIGNED nose -> tap fwd
[05:09:46] tap done h=182 xy=(1.44,-4.37) d11=0.539 P=1.035,1.086,0.653,1.028,0.615,0.942,1.325,0.517,0.468,0.228,0.203,0.104,0.131,0.091,0.101,0.249
[05:09:47] ALIGN commit: best=5(S=1.01) d=4 rotate CW 14.1s
[05:09:47] ALIGNED nose -> tap fwd
[05:09:53] STAT h=180.1 xy=(1.44,-4.43) d11=0.529 tick=537020 goal=0 here=0 tx=994:lost
[05:10:02] tap done h=178 xy=(1.44,-4.51) d11=0.542 P=1.028,1.102,0.673,1.053,0.626,0.954,1.296,0.540,0.472,0.246,0.180,0.109,0.105,0.082,0.099,0.259
[05:10:02] ALIGN commit: best=5(S=1.01) d=4 rotate CW 14.1s
[05:10:03] ALIGNED nose -> tap fwd
[05:10:17] tap done h=180 xy=(1.44,-4.64) d11=0.541 P=1.024,1.101,0.650,1.037,0.636,0.942,1.275,0.537,0.484,0.250,0.179,0.103,0.105,0.084,0.104,0.229
[05:10:17] ALIGN commit: best=5(S=1.01) d=4 rotate CW 14.1s
[05:10:18] ALIGNED nose -> tap fwd
[05:10:32] tap done h=180 xy=(1.44,-4.78) d11=0.542 P=1.048,1.101,0.667,1.014,0.640,0.937,1.307,0.515,0.465,0.234,0.187,0.116,0.071,0.088,0.105,0.236
[05:10:32] ALIGN commit: best=5(S=1.01) d=4 rotate CW 14.1s
[05:10:33] ALIGNED nose -> tap fwd
[05:10:37] TXSTATUS  P=1.050,1.095,1.321,1.015,0.569,0.958,1.344,0.520,0.452,0.251,0.169,-1.000,0.109,0.083,0.094,0.269
[05:10:38] TXSTATUS tick=541525 goal=0 here=0 tx=1028:lost P=1.032,1.092,1.325,1.024,0.600,0.946,1.330,0.521,0.475,0.234,0.170,0.102,0.082,0.100,0.101,0.246
[05:10:46] STAT h=179.7 xy=(1.44,-4.91) d11=0.539 tick=542305 goal=0 here=0 tx=1034:lost
[05:10:47] tap done h=182 xy=(1.44,-4.91) d11=0.537 P=1.035,1.100,0.661,1.041,0.638,0.950,1.308,0.534,0.475,0.240,0.198,0.124,0.090,0.085,0.119,0.245
[05:10:47] ALIGN commit: best=5(S=1.01) d=4 rotate CW 14.1s
[05:10:48] ALIGNED nose -> tap fwd
[05:11:02] tap done h=179 xy=(1.44,-5.05) d11=0.541 P=1.055,1.094,0.673,1.027,0.616,0.952,1.295,0.541,0.456,0.250,0.175,0.104,0.098,0.097,0.095,0.249
[05:11:02] ALIGN commit: best=5(S=1.01) d=4 rotate CW 14.1s
[05:11:03] ALIGNED nose -> tap fwd
[05:11:13] tap done h=178 xy=(1.44,-5.15) d11=0.544 P=1.048,1.093,0.676,1.013,0.609,0.930,1.296,0.523,0.463,0.217,0.190,0.125,0.087,0.089,0.090,0.240
[05:11:14] ALIGNED nose -> tap fwd
[05:11:28] tap done h=178 xy=(1.44,-5.28) d11=0.539 P=0.924,1.103,0.665,1.037,0.919,0.958,1.222,0.530,0.475,0.241,0.193,0.103,0.088,0.087,0.119,0.274
[05:11:28] ALIGN commit: best=5(S=1.09) d=4 rotate CW 14.1s
[05:11:29] ALIGNED nose -> tap fwd
[05:11:32] TXSTATUS  P=1.031,1.099,1.312,1.041,0.591,0.947,1.318,0.545,0.467,0.228,0.190,0.118,0.085,0.069,0.104,0.237
[05:11:34] TXSTATUS tick=547062 goal=0 here=0 tx=1070:lost P=1.039,1.116,0.643,1.022,0.605,0.958,1.332,0.539,0.457,0.232,0.177,0.123,0.100,0.106,0.107,0.265
[05:11:39] STAT h=178.2 xy=(1.44,-5.38) d11=0.546 tick=547583 goal=0 here=0 tx=1074:lost
[05:11:40] tap done h=180 xy=(1.44,-5.38) d11=0.543 P=1.025,1.100,0.662,1.029,0.613,0.940,1.306,0.528,0.471,0.237,0.170,0.095,-1.000,0.096,0.102,0.261
[05:11:41] ALIGNED nose -> tap fwd
[05:11:50] tap done h=183 xy=(1.44,-5.47) d11=0.557 P=1.042,1.094,0.646,1.021,0.590,0.943,1.330,0.529,0.490,0.244,0.187,0.106,0.104,0.092,0.109,0.258
[05:11:50] ALIGN commit: best=5(S=1.02) d=4 rotate CW 14.1s
[05:11:51] ALIGNED nose -> tap fwd
[05:12:05] tap done h=180 xy=(1.44,-5.61) d11=0.557 P=1.042,1.107,0.664,1.037,0.626,0.954,1.263,0.534,0.466,0.254,0.181,0.101,0.102,0.080,0.116,0.257
[05:12:05] ALIGN commit: best=5(S=1.01) d=4 rotate CW 14.1s
[05:12:06] ALIGNED nose -> tap fwd
[05:12:13] TXSTATUS  P=1.041,1.111,0.639,1.023,0.597,0.945,1.339,0.535,0.470,0.255,0.191,0.123,0.113,0.091,0.095,0.262
[05:12:14] TXSTATUS tick=551136 goal=0 here=0 tx=1101:lost P=1.038,1.101,-1.000,1.045,0.588,0.945,1.336,0.525,0.461,0.247,-1.000,0.109,0.092,0.095,0.100,0.255
[05:12:20] tap done h=181 xy=(1.44,-5.74) d11=0.548 P=1.037,1.096,0.652,1.043,0.616,0.937,1.295,0.512,0.462,0.239,0.182,0.113,0.080,0.090,0.104,0.253
[05:12:21] ALIGN commit: best=5(S=1.02) d=4 rotate CW 14.1s
[05:12:21] ALIGNED nose -> tap fwd
[05:12:30] tap done h=180 xy=(1.44,-5.82) d11=0.538 P=1.033,1.096,0.652,1.009,0.608,0.940,1.334,0.514,0.470,0.227,0.198,0.127,0.106,0.091,0.087,0.258
[05:12:30] ALIGNED nose -> tap fwd
[05:12:31] STAT h=181.0 xy=(1.44,-5.83) d11=0.550 tick=552835 goal=0 here=0 tx=1114:lost
[05:12:45] tap done h=181 xy=(1.43,-5.96) d11=0.552 P=1.036,1.101,0.666,1.046,0.626,0.942,1.298,0.530,0.470,0.244,0.187,0.120,0.085,0.082,0.113,0.250
[05:12:45] ALIGN commit: best=5(S=1.02) d=4 rotate CW 14.1s
[05:12:45] ALIGNED nose -> tap fwd
[05:13:00] tap done h=176 xy=(1.44,-6.09) d11=0.553 P=1.040,-1.000,0.679,1.033,0.625,0.929,1.253,0.521,0.475,0.243,0.193,0.122,0.091,0.127,0.103,0.242
[05:13:00] ALIGN commit: best=5(S=1.00) d=4 rotate CW 14.1s
[05:13:01] ALIGNED nose -> tap fwd
[05:13:10] tap done h=180 xy=(1.43,-6.18) d11=0.551 P=1.043,1.108,0.655,1.043,0.618,0.934,1.341,0.538,0.466,0.237,-1.000,0.116,0.109,0.090,0.103,0.255
[05:13:10] ALIGNED nose -> tap fwd
[05:13:24] STAT h=177.0 xy=(1.43,-6.32) d11=0.546 tick=558112 goal=0 here=0 tx=1154:lost
[05:13:25] tap done h=177 xy=(1.43,-6.32) d11=0.542 P=1.019,1.105,0.664,1.038,0.632,0.948,1.290,0.527,0.466,0.230,0.184,0.111,0.097,0.099,0.105,0.252
[05:13:25] ALIGN commit: best=5(S=1.02) d=4 rotate CW 14.1s
[05:13:25] ALIGNED nose -> tap fwd
[05:13:40] tap done h=181 xy=(1.43,-6.45) d11=0.545 P=1.019,1.097,0.666,1.050,0.636,0.950,1.265,0.511,0.462,0.246,0.196,0.111,0.103,0.087,0.098,0.230
[05:13:40] ALIGN commit: best=5(S=1.01) d=4 rotate CW 14.1s
[05:13:41] ALIGNED nose -> tap fwd
[05:13:50] tap done h=179 xy=(1.43,-6.54) d11=0.596 P=1.042,1.113,0.660,1.016,0.605,0.959,1.341,0.509,0.450,0.235,0.177,0.126,0.103,0.085,0.099,0.245
[05:13:51] ALIGNED nose -> tap fwd
[05:13:51] TXSTATUS  P=1.030,1.108,1.311,1.031,0.595,0.965,1.354,0.549,0.470,0.235,0.168,0.095,0.088,0.090,0.125,0.252
[05:13:52] TXSTATUS tick=560910 goal=0 here=0 tx=1175:lost P=1.020,1.121,1.318,1.033,0.577,0.926,1.348,0.532,0.460,0.230,0.175,0.108,0.095,0.100,0.107,0.251
[05:14:05] tap done h=181 xy=(1.43,-6.68) d11=0.588 P=1.039,1.091,0.641,1.033,0.620,0.928,1.300,0.524,0.471,0.232,0.194,0.120,0.101,0.076,0.118,0.247
[05:14:05] ALIGN commit: best=5(S=1.00) d=4 rotate CW 14.1s
[05:14:05] TXSTATUS  P=1.073,1.099,0.666,1.026,0.600,0.958,1.315,0.530,0.459,0.227,0.187,0.078,0.103,0.088,0.107,0.230
[05:14:06] ALIGNED nose -> tap fwd
[05:14:06] TXSTATUS tick=562347 goal=0 here=0 tx=1186:lost P=1.036,1.103,1.318,1.039,0.585,0.951,1.346,0.525,0.457,0.241,0.158,0.114,0.109,0.092,0.111,0.258
[05:14:17] tap done h=178 xy=(1.43,-6.78) d11=0.557 P=1.016,1.085,0.652,1.042,0.605,0.955,1.308,0.537,0.490,0.233,0.190,0.129,0.092,0.072,0.094,0.243
[05:14:17] STAT h=178.8 xy=(1.43,-6.78) d11=0.559 tick=563395 goal=0 here=0 tx=1194:lost
[05:14:18] ALIGNED nose -> tap fwd
[05:14:18] TXSTATUS  P=1.032,1.108,1.280,1.030,0.581,0.960,1.332,0.531,0.467,0.228,0.172,0.090,0.101,0.094,0.095,0.248
[05:14:20] TXSTATUS tick=563658 goal=0 here=0 tx=1196:lost P=1.016,1.099,1.297,1.032,0.601,0.935,1.346,0.520,0.481,0.230,0.187,0.101,0.103,0.109,0.109,0.259
[05:14:21] TXSTATUS  P=-1.000,1.082,1.304,1.036,0.584,0.957,1.349,0.525,0.458,0.246,0.181,0.111,0.085,0.078,0.113,0.230
[05:14:22] TXSTATUS tick=563923 goal=0 here=0 tx=1198:lost P=1.026,1.107,1.322,1.042,0.593,0.935,1.353,0.536,0.472,0.219,0.191,0.091,0.091,0.104,0.098,0.246
[05:14:28] tap done h=181 xy=(1.43,-6.87) d11=0.559 P=1.046,1.120,0.652,1.037,0.592,0.942,1.324,0.559,0.467,0.237,0.172,0.110,0.107,0.102,-1.000,0.243
[05:14:28] ALIGN commit: best=5(S=1.02) d=4 rotate CW 14.1s
[05:14:28] ALIGNED nose -> tap fwd
[05:14:43] tap done h=180 xy=(1.43,-7.01) d11=0.574 P=1.036,1.095,0.666,1.024,0.630,0.954,1.273,0.540,0.471,0.248,0.179,0.130,0.105,0.097,0.098,0.248
[05:14:43] ALIGN commit: best=4(S=1.07) d=3 rotate CW 10.6s
[05:14:43] ALIGNED nose -> tap fwd
[05:14:57] tap done h=176 xy=(1.43,-7.13) d11=0.570 P=1.039,1.086,0.658,1.022,0.633,0.942,1.281,0.533,0.482,0.222,0.172,0.117,0.085,0.093,0.110,0.249
[05:14:57] ALIGN commit: best=5(S=1.00) d=4 rotate CW 14.1s
[05:14:58] ALIGNED nose -> tap fwd
[05:15:10] STAT h=181.7 xy=(1.43,-7.25) d11=0.581 tick=568680 goal=0 here=0 tx=1234:lost
[05:15:12] tap done h=178 xy=(1.43,-7.27) d11=0.567 P=1.049,1.111,0.652,1.042,0.615,0.938,1.307,-1.000,0.478,-1.000,0.176,0.108,0.096,0.104,0.114,0.247
[05:15:12] ALIGN commit: best=5(S=1.02) d=4 rotate CW 14.1s
[05:15:13] ALIGNED nose -> tap fwd
[05:15:22] tap done h=180 xy=(1.43,-7.35) d11=0.571 P=1.056,1.100,0.653,1.027,0.597,0.948,1.323,0.534,0.477,0.239,0.175,0.120,0.091,0.089,0.095,0.236
[05:15:23] ALIGNED nose -> tap fwd
[05:15:34] tap done h=177 xy=(1.42,-7.46) d11=0.551 P=1.051,1.103,0.642,1.018,0.631,0.933,1.304,0.551,0.481,0.243,0.184,0.107,0.070,0.082,0.107,0.259
[05:15:34] ALIGN commit: best=5(S=1.01) d=4 rotate CW 14.1s
[05:15:35] ALIGNED nose -> tap fwd
[05:15:49] tap done h=179 xy=(1.42,-7.60) d11=0.549 P=1.037,1.110,0.666,1.024,0.638,0.953,1.292,0.525,0.455,0.220,0.186,0.111,0.083,0.085,0.124,0.262
[05:15:49] ALIGN commit: best=5(S=1.02) d=4 rotate CW 14.1s
[05:15:50] ALIGNED nose -> tap fwd
[05:16:03] TXSTATUS  P=1.028,1.085,0.669,1.034,0.618,0.961,1.313,0.516,0.465,0.246,0.205,0.113,0.086,0.098,0.096,0.256
[05:16:03] STAT h=178.9 xy=(1.42,-7.72) d11=0.568 
[05:16:04] TXSTATUS tick=574101 goal=0 here=0 tx=1275:lost P=1.035,1.097,0.657,1.037,0.621,0.933,1.325,0.523,0.464,0.243,0.167,0.130,0.094,0.083,0.106,0.260
[05:16:04] tap done h=181 xy=(1.42,-7.74) d11=0.548 P=1.033,1.105,0.675,1.032,0.617,0.953,1.323,0.515,0.484,0.252,0.185,0.108,0.070,0.095,0.106,0.252
[05:16:05] ALIGN commit: best=5(S=1.02) d=4 rotate CW 14.1s
[05:16:05] ALIGNED nose -> tap fwd
[05:16:14] tap done h=180 xy=(1.42,-7.82) d11=0.570 P=1.034,1.085,0.659,1.020,0.624,0.939,1.314,0.532,0.478,0.228,0.183,0.103,0.100,0.102,0.089,0.247
[05:16:15] ALIGNED nose -> tap fwd
[05:16:29] tap done h=182 xy=(1.42,-7.95) d11=0.570 P=1.050,1.082,0.636,1.043,0.636,0.947,1.286,0.527,0.480,0.254,0.202,0.095,0.106,0.083,0.095,0.238
[05:16:29] ALIGN commit: best=5(S=1.02) d=4 rotate CW 14.1s
[05:16:29] TXSTATUS  P=1.046,1.094,0.658,1.032,0.619,0.940,1.315,0.509,-1.000,0.239,0.176,0.119,0.098,0.087,0.113,0.244
[05:16:30] ALIGNED nose -> tap fwd
[05:16:30] TXSTATUS tick=576743 goal=0 here=0 tx=1295:lost P=1.041,1.108,1.307,1.030,0.584,0.959,1.342,0.535,0.455,0.242,0.178,0.104,0.105,0.101,0.095,0.247
[05:16:44] tap done h=178 xy=(1.42,-8.09) d11=0.584 P=1.016,1.090,0.661,1.033,0.625,0.947,1.284,0.520,0.469,0.235,0.174,0.111,0.100,0.073,0.117,0.251
[05:16:44] ALIGN commit: best=5(S=1.01) d=4 rotate CW 14.1s
[05:16:45] ALIGNED nose -> tap fwd
[05:16:55] STAT h=177.2 xy=(1.42,-8.19) d11=0.586 tick=579233 goal=0 here=0 tx=1314:lost
[05:16:59] tap done h=180 xy=(1.42,-8.22) d11=0.588 P=-1.000,1.098,0.661,1.031,0.635,0.943,1.274,0.524,0.473,0.254,0.194,0.108,0.100,0.105,0.096,0.245
[05:16:59] ALIGN commit: best=5(S=1.02) d=4 rotate CW 14.1s
[05:17:00] ALIGNED nose -> tap fwd
[05:17:14] tap done h=181 xy=(1.42,-8.36) d11=0.581 P=1.043,1.079,0.669,1.022,0.597,0.945,1.322,0.527,0.458,0.228,0.188,0.131,0.078,0.101,0.104,0.256
[05:17:14] ALIGN commit: best=5(S=1.02) d=4 rotate CW 14.1s
[05:17:15] ALIGNED nose -> tap fwd
[05:17:29] tap done h=182 xy=(1.42,-8.50) d11=0.584 P=0.957,1.103,0.660,1.030,0.904,0.947,1.254,0.521,0.487,0.228,0.178,0.114,0.101,0.089,0.089,0.250
[05:17:29] ALIGN commit: best=5(S=1.09) d=4 rotate CW 14.1s
[05:17:30] ALIGNED nose -> tap fwd
[05:17:44] tap done h=179 xy=(1.42,-8.63) d11=0.584 P=1.039,1.085,0.659,1.042,0.622,0.941,1.298,0.510,0.473,0.242,0.163,0.113,0.131,0.079,0.088,0.240
[05:17:45] ALIGN commit: best=5(S=1.01) d=4 rotate CW 14.1s
[05:17:45] ALIGNED nose -> tap fwd
[05:17:46] TXSTATUS  P=1.044,1.109,1.294,1.045,0.605,-1.000,1.355,0.554,0.466,0.234,0.196,0.121,0.085,0.087,0.097,0.249
[05:17:48] TXSTATUS tick=584467 goal=0 here=0 tx=1354:lost P=1.024,1.096,1.327,1.032,0.580,0.966,1.336,0.526,0.463,0.233,0.189,0.100,0.090,-1.000,0.092,0.250
[05:17:48] STAT h=182.4 xy=(1.42,-8.65) d11=0.589 tick=584467 goal=0 here=0 tx=1354:lost
[05:18:00] tap done h=181 xy=(1.42,-8.77) d11=0.580 P=1.036,1.094,0.660,1.031,0.640,0.944,1.283,0.534,0.466,0.240,0.180,0.103,0.086,0.099,0.089,0.253
[05:18:00] ALIGN commit: best=5(S=1.01) d=4 rotate CW 14.1s
[05:18:01] ALIGNED nose -> tap fwd
[05:18:15] tap done h=176 xy=(1.41,-8.91) d11=0.570 P=1.029,1.090,0.659,1.031,0.626,0.948,1.290,0.536,0.469,0.248,0.186,0.109,0.114,0.093,0.106,0.239
[05:18:15] ALIGN commit: best=5(S=1.01) d=4 rotate CW 14.1s
[05:18:16] ALIGNED nose -> tap fwd
[05:18:25] tap done h=182 xy=(1.41,-8.99) d11=0.568 P=1.036,1.117,0.647,1.034,0.652,0.939,1.301,0.529,0.467,0.257,0.194,0.097,0.101,0.082,0.106,0.245
[05:18:26] ALIGNED nose -> tap fwd
[05:18:40] TXSTATUS  P=1.041,1.087,0.664,1.032,0.619,0.958,1.288,0.528,0.484,0.248,0.189,0.114,0.083,0.101,0.104,0.238
[05:18:40] STAT h=178.4 xy=(1.41,-9.13) d11= 
[05:18:41] tap done h=178 xy=(1.41,-9.13) d11=0.532 P=1.042,1.090,0.649,1.028,0.628,0.947,1.285,0.522,0.481,0.230,0.187,0.106,0.095,0.098,0.103,0.233
[05:18:41] ALIGN commit: best=5(S=1.00) d=4 rotate CW 14.1s
[05:18:42] ALIGNED nose -> tap fwd
[05:18:42] TXSTATUS tick=589873 goal=0 here=0 tx=1395:lost P=1.013,1.107,1.319,1.027,0.571,0.941,1.340,0.526,0.472,0.239,0.168,0.117,0.091,0.104,0.097,0.265
[05:18:43] TXSTATUS  P=1.041,1.106,0.657,1.040,0.623,0.968,1.341,0.520,0.466,0.224,0.180,0.114,0.091,0.092,0.100,0.260
[05:18:44] TXSTATUS tick=590139 goal=0 here=0 tx=1397:lost P=1.023,1.118,0.663,1.015,0.600,0.945,1.352,0.514,0.479,0.243,0.176,0.087,0.083,0.103,0.119,0.230
[05:18:50] tap done h=175 xy=(1.41,-9.21) d11=0.529 P=1.036,1.105,0.666,1.028,0.625,0.936,1.316,0.541,0.482,0.259,0.170,0.087,0.105,0.086,0.095,0.266
[05:18:51] ALIGNED nose -> tap fwd
[05:19:00] tap done h=179 xy=(1.41,-9.30) d11=0.537 P=1.046,1.097,0.647,1.048,0.619,0.944,1.314,0.529,0.464,0.227,0.182,0.119,0.104,0.083,0.091,0.248
[05:19:01] ALIGN commit: best=5(S=1.03) d=4 rotate CW 14.1s
[05:19:01] ALIGNED nose -> tap fwd
[05:19:14] TXSTATUS  P=1.029,1.118,0.657,1.008,0.626,0.947,1.290,0.532,0.485,0.246,0.167,0.125,0.086,0.100,0.093,0.257
[05:19:15] tap done h=176 xy=(1.41,-9.43) d11=0.540 P=1.027,1.079,0.675,1.030,0.634,0.952,-1.000,0.523,0.471,0.244,0.195,0.124,0.101,0.103,0.111,0.265
[05:19:15] ALIGN commit: best=5(S=1.01) d=4 rotate CW 14.1s
[05:19:15] TXSTATUS tick=593194 goal=0 here=0 tx=1420:lost P=1.032,1.106,0.678,1.027,0.606,0.949,1.339,0.534,0.454,0.252,0.181,0.104,0.096,0.101,0.101,0.234
[05:19:16] ALIGNED nose -> tap fwd
[05:19:30] tap done h=179 xy=(1.41,-9.57) d11=0.533 P=0.986,1.096,0.654,1.037,0.656,0.948,1.252,0.522,0.477,0.240,0.180,0.118,0.113,0.093,0.099,0.240
[05:19:30] ALIGN commit: best=5(S=0.99) d=4 rotate CW 14.1s
[05:19:31] ALIGNED nose -> tap fwd
[05:19:34] STAT h=180.9 xy=(1.41,-9.60) d11=0.544 tick=595065 goal=0 here=0 tx=1434:lost
