[04:24:12] brain3 start
[04:24:13] AVOID bump=True front=0.64 P=[0.162, 0.106, 0.095, 0.107, 0.093, 0.088, 0.132, 1.332, 1.41, 0.637, 0.641, 0.948, 0.409, 0.179, 0.148, 0.159]
[04:24:15] n=15 m=BACK h=199.2 xy=(-0.03,-0.07) enc=(280,2381) d0=0 d5=0 d11=0.375 d3=0 tx=88:lost
[04:24:16] AVOID bump=True front=0.66 P=[0.168, 0.105, 0.114, 0.102, 0.089, 0.103, 0.128, 1.2, 1.404, 0.655, 0.602, 0.949, 1.057, 0.154, 0.147, 0.165]
[04:24:17] AVOID bump=True front=0.64 P=[0.158, 0.105, 0.098, 0.089, 0.11, 0.107, 0.109, 0.598, 1.398, 0.641, 0.6, 0.933, 1.043, 0.152, 0.164, 0.178]
[04:24:18] n=30 m=BACK h=196.5 xy=(-0.03,-0.08) enc=(286,2378) d0=0 d5=0 d11=0.372 d3=0 tx=89:lost
[04:24:20] AVOID bump=True front=0.66 P=[0.176, 0.109, 0.087, 0.083, 0.113, 0.112, 0.113, 0.549, 1.409, 0.655, 0.614, 0.909, 1.021, 0.18, 0.152, 0.174]
[04:24:21] n=45 m=BACK h=196.5 xy=(-0.03,-0.09) enc=(289,2376) d0=0 d5=0 d11=0.391 d3=0 tx=89:lost
[04:24:23] AVOID bump=True front=0.66 P=[0.182, 0.117, 0.082, 0.085, 0.099, 0.099, 0.102, 0.551, 1.398, 0.655, 0.584, 0.914, 1.003, 0.165, 0.165, 0.156]
[04:24:24] n=60 m=SOFT_L h=197.7 xy=(-0.03,-0.09) enc=(291,2374) d0=0 d5=0 d11=0.391 d3=0 tx=90:lost
[04:24:26] AVOID bump=True front=0.66 P=[0.169, 0.086, 0.084, 0.099, 0.098, 0.099, 0.108, 0.537, 1.394, 0.658, 0.597, 0.891, 0.978, 0.166, 0.165, 0.184]
[04:24:27] n=75 m=SOFT_L h=197.5 xy=(-0.03,-0.11) enc=(296,2373) d0=0 d5=0 d11=0.374 d3=0 tx=90:lost
[04:24:29] AVOID bump=True front=0.30 P=[0.165, 0.3, 0.091, 0.094, 0.09, 0.106, 0.105, 0.524, 1.384, 0.3, 0.584, 0.904, 0.976, 0.161, 0.156, 0.184]
[04:24:30] n=90 m=SOFT_L h=195.9 xy=(-0.04,-0.14) enc=(299,2376) d0=0 d5=0 d11=0.383 d3=0 tx=91:lost
[04:24:30] AVOID bump=True front=0.30 P=[0.163, 0.106, 0.116, 0.087, 0.092, 0.11, 0.3, 0.525, 1.395, 0.3, 0.595, 0.906, 0.976, 0.315, 0.159, 0.169]
[04:24:33] n=105 m=SOFT_L h=196.4 xy=(-0.05,-0.17) enc=(303,2379) d0=0 d5=0 d11=0.368 d3=0 tx=92:lost
[04:24:33] AVOID bump=True front=0.66 P=[0.166, 0.137, 0.076, 0.085, 0.079, 0.115, 0.127, 0.52, 1.379, 0.662, 0.58, 0.912, 0.989, 0.167, 0.165, 0.17]
[04:24:36] AVOID bump=True front=0.65 P=[0.157, 0.103, 0.109, 0.096, 0.08, 0.099, 0.109, 0.528, 1.373, 0.647, 0.575, 0.909, 0.993, 0.168, 0.17, 0.172]
[04:24:36] n=120 m=BACK h=201.6 xy=(-0.06,-0.19) enc=(306,2380) d0=0 d5=1 d11=0.380 d3=0 tx=92:lost
[04:24:39] AVOID bump=True front=0.66 P=[0.164, 0.111, 0.089, 0.101, 0.095, 0.085, 0.112, 0.53, 1.386, 0.655, 0.585, 0.907, 0.966, 0.174, 0.151, 0.187]
[04:24:39] n=135 m=BACK h=194.0 xy=(-0.06,-0.20) enc=(306,2382) d0=0 d5=0 d11=0.384 d3=0 tx=93:lost
[04:24:42] AVOID bump=True front=0.68 P=[0.149, 0.116, 0.089, 0.086, 0.084, 0.113, 0.1, 0.532, 1.397, 0.675, 0.58, 0.886, 0.968, 0.183, 0.161, 0.167]
[04:24:42] n=150 m=BACK h=195.2 xy=(-0.06,-0.19) enc=(305,2381) d0=0 d5=0 d11=0.384 d3=0 tx=93:lost
[04:24:45] AVOID bump=True front=0.66 P=[0.162, 0.112, 0.095, 0.085, 0.088, 0.103, 0.118, 0.533, 1.394, 0.664, 0.583, 0.894, 0.966, 0.158, 0.158, 0.176]
[04:24:45] n=165 m=BACK h=196.4 xy=(-0.06,-0.20) enc=(306,2382) d0=0 d5=0 d11=0.368 d3=0 tx=94:lost
[04:24:48] AVOID bump=True front=0.30 P=[0.175, 0.105, 0.105, 0.071, 0.086, 0.119, 0.116, 0.508, 1.405, 0.3, 0.588, 0.899, 0.974, 0.169, 0.159, 0.152]
[04:24:49] n=180 m=SOFT_R h=193.9 xy=(-0.06,-0.21) enc=(307,2383) d0=0 d5=0 d11=0.383 d3=0 tx=95:lost
[04:24:51] AVOID bump=True front=0.66 P=[0.174, 0.11, 0.108, 0.083, 0.096, 0.098, 0.088, 0.53, 1.4, 0.657, 0.594, 0.902, 0.978, 0.183, 0.163, 0.17]
[04:24:52] n=195 m=SPIN_R h=192.8 xy=(-0.06,-0.20) enc=(305,2382) d0=0 d5=0 d11=0.384 d3=0 tx=95:lost
[04:24:52] AVOID bump=True front=0.66 P=[0.177, 0.113, 0.084, 0.097, 0.091, 0.106, 0.124, 0.539, 1.399, 0.657, 0.569, 0.919, 0.992, 0.157, 0.15, 0.174]
[04:24:55] n=210 m=BACK h=197.3 xy=(-0.07,-0.22) enc=(309,2383) d0=0 d5=0 d11=0.374 d3=0 tx=96:lost
[04:24:56] AVOID bump=True front=0.66 P=[0.179, 0.113, 0.079, 0.09, 0.092, 0.087, 0.122, 0.532, 1.403, 0.663, 0.567, 0.916, 0.971, 0.179, 0.146, 0.191]
[04:24:58] n=225 m=BACK h=196.3 xy=(-0.07,-0.23) enc=(309,2385) d0=0 d5=0 d11=0.369 d3=0 tx=96:lost
[04:24:59] AVOID bump=True front=0.65 P=[0.181, 0.099, 0.101, 0.103, 0.101, 0.114, 0.107, 0.515, 1.379, 0.648, 0.582, 0.897, 0.978, 0.173, 0.143, 0.174]
[04:25:01] n=240 m=SOFT_R h=194.7 xy=(-0.07,-0.24) enc=(310,2386) d0=0 d5=0 d11=0.386 d3=0 tx=97:lost
[04:25:01] AVOID bump=True front=0.65 P=[0.164, 0.107, 0.081, 0.085, 0.104, 0.101, 0.111, 0.524, 1.397, 0.648, 0.581, 0.881, 0.972, 0.181, 0.146, 0.169]
[04:25:04] n=255 m=SOFT_L h=194.1 xy=(-0.08,-0.26) enc=(311,2390) d0=0 d5=0 d11=0.383 d3=0 tx=98:lost
[04:25:04] AVOID bump=True front=0.66 P=[0.182, 0.111, 0.072, 0.083, 0.078, 0.095, 0.129, 0.525, 1.392, 0.658, 0.603, 0.891, 0.976, 0.165, 0.148, 0.187]
[04:25:07] n=270 m=SOFT_L h=192.4 xy=(-0.08,-0.29) enc=(314,2392) d0=0 d5=0 d11=0.390 d3=0 tx=98:lost
[04:25:07] AVOID bump=True front=0.64 P=[0.16, 0.108, 0.091, 0.092, 0.093, 0.102, 0.118, 0.53, 1.404, 0.637, 0.606, 0.895, 0.967, 0.165, 0.159, 0.169]
[04:25:10] n=285 m=SOFT_L h=192.1 xy=(-0.09,-0.33) enc=(319,2395) d0=0 d5=None d11=0.373 d3=0 tx=99:lost
[04:25:10] AVOID bump=True front=0.67 P=[0.155, 0.121, 0.09, 0.1, 0.107, 0.113, 0.106, 0.513, 1.384, 0.674, 0.571, 0.91, 0.98, 0.303, 0.165, 0.184]
[04:25:13] AVOID bump=True front=0.64 P=[0.167, 0.111, 0.098, 0.103, 0.078, 0.104, 0.128, 0.523, 1.384, 0.643, 0.6, 0.9, 0.975, 0.158, 0.141, 0.184]
[04:25:13] n=300 m=BACK h=197.0 xy=(-0.10,-0.34) enc=(319,2398) d0=0 d5=1 d11=0.387 d3=0 tx=99:lost
[04:25:16] AVOID bump=True front=0.65 P=[0.175, 0.102, 0.083, 0.091, 0.087, 0.096, 0.111, 0.535, 1.392, 0.647, 0.576, 0.889, 0.969, 0.146, 0.153, 0.18]
[04:25:16] n=315 m=BACK h=192.9 xy=(-0.10,-0.36) enc=(322,2398) d0=0 d5=0 d11=None d3= tx=100:lost
[04:25:19] AVOID bump=True front=0.65 P=[0.183, 0.105, 0.079, 0.062, 0.098, 0.113, 0.104, 0.516, 1.396, 0.651, 0.579, 0.909, 0.984, 0.165, 0.132, 0.178]
[04:25:19] n=330 m=BACK h=195.4 xy=(-0.09,-0.34) enc=(320,2396) d0=0 d5=0 d11=0.392 d3= tx=101:lost
[04:25:21] AVOID bump=True front=0.66 P=[0.18, 0.128, 0.092, 0.087, 0.089, 0.091, 0.111, 0.519, 1.395, 0.663, 0.592, 0.901, 0.982, 0.165, 0.151, 0.169]
[04:25:22] n=345 m=BACK h=197.4 xy=(-0.11,-0.37) enc=(324,2400) d0=0 d5=0 d11=0.391 d3= tx=101:lost
[04:25:24] AVOID bump=True front=0.66 P=[0.15, 0.114, 0.103, 0.086, 0.099, 0.099, 0.131, 0.516, 1.397, 0.655, 0.572, 0.88, 0.972, 0.17, 0.134, 0.187]
[04:25:25] n=360 m=BACK h=194.4 xy=(-0.11,-0.37) enc=(323,2400) d0=0 d5=0 d11=0.380 d3= tx=102:lost
[04:25:26] AVOID bump=True front=0.65 P=[0.174, 0.116, 0.078, 0.091, 0.097, 0.093, 0.114, 0.527, 1.401, 0.654, 0.597, 0.891, 0.964, 0.148, 0.128, 0.166]
[04:25:29] n=375 m=BACK h=198.8 xy=(-0.10,-0.37) enc=(325,2398) d0=0 d5=0 d11=0.386 d3= tx=102:lost
[04:25:29] AVOID bump=True front=0.65 P=[0.176, 0.098, 0.088, 0.076, 0.092, 0.109, 0.109, 0.522, 1.385, 0.648, 0.596, 0.915, 0.982, 0.146, 0.14, 0.177]
[04:25:32] n=390 m=SOFT_R h=197.1 xy=(-0.10,-0.37) enc=(324,2398) d0=0 d5=0 d11=0.377 d3= tx=103:lost
[04:25:32] AVOID bump=True front=0.64 P=[0.186, 0.115, 0.067, 0.093, 0.086, 0.102, 0.112, 0.537, 1.4, 0.643, 0.608, 0.891, 0.972, 0.168, 0.134, 0.182]
[04:25:35] n=405 m=SOFT_R h=193.1 xy=(-0.11,-0.39) enc=(326,2401) d0=0 d5=0 d11=0.377 d3= tx=104:lost
[04:25:35] AVOID bump=True front=0.64 P=[0.176, 0.098, 0.086, 0.094, 0.111, 0.087, 0.12, 0.51, 1.396, 0.638, 0.586, 0.896, 0.977, 0.168, 0.162, 0.165]
[04:25:37] AVOID bump=True front=0.67 P=[0.172, 0.088, 0.085, 0.092, 0.084, 0.115, 0.109, 0.525, 1.395, 0.666, 0.577, 0.915, 0.968, 0.326, 0.151, 0.2]
[04:25:38] n=420 m=SOFT_R h=193.7 xy=(-0.12,-0.42) enc=(330,2404) d0=0 d5=0 d11=0.378 d3= tx=104:lost
[04:25:40] AVOID bump=True front=0.65 P=[0.155, 0.113, 0.103, 0.095, 0.09, 0.101, 0.109, 0.534, 1.401, 0.647, 0.575, 0.919, 0.98, 0.16, 0.153, 0.181]
[04:25:41] n=435 m=SOFT_L h=196.5 xy=(-0.12,-0.44) enc=(330,2408) d0=0 d5=0 d11=0.386 d3= tx=105:lost
[04:25:43] AVOID bump=True front=0.66 P=[0.155, 0.108, 0.093, 0.101, 0.109, 0.097, 0.128, 0.519, 1.406, 0.659, 0.589, 0.895, 0.981, 0.156, 0.16, 0.167]
[04:25:44] n=450 m=BACK h=196.4 xy=(-0.13,-0.48) enc=(334,2411) d0=0 d5=1 d11=0.391 d3= tx=105:lost
[04:25:45] AVOID bump=True front=0.64 P=[0.167, 0.105, 0.089, 0.087, 0.085, 0.108, 0.124, 0.52, 1.392, 0.635, 0.583, 0.892, 0.953, 0.172, 0.17, 0.171]
[04:25:47] n=465 m=BACK h=193.3 xy=(-0.13,-0.47) enc=(333,2410) d0=0 d5=0 d11=0.380 d3= tx=106:lost
[04:25:48] AVOID bump=True front=0.64 P=[0.156, 0.124, 0.087, 0.088, 0.091, 0.096, 0.136, 0.529, 1.407, 0.644, 0.583, 0.911, 0.977, 0.174, 0.142, 0.181]
[04:25:50] n=480 m=BACK h=198.4 xy=(-0.13,-0.48) enc=(334,2411) d0=0 d5=0 d11=0.373 d3= tx=107:lost
[04:25:51] AVOID bump=True front=0.65 P=[0.15, 0.109, 0.094, 0.097, 0.093, 0.117, 0.123, 0.529, 1.391, 0.647, 0.587, 0.91, 0.972, 0.157, 0.154, 0.171]
[04:25:53] n=495 m=BACK h=197.0 xy=(-0.13,-0.47) enc=(334,2409) d0=0 d5=0 d11=0.395 d3= tx=107:lost
[04:25:54] AVOID bump=True front=0.67 P=[0.173, 0.108, 0.088, 0.092, 0.105, 0.101, 0.108, 0.529, 1.395, 0.668, 0.581, 0.902, 0.974, 0.176, 0.161, 0.19]
[04:25:56] n=510 m=SOFT_R h=192.7 xy=(-0.13,-0.47) enc=(335,2409) d0=0 d5=0 d11=0.386 d3= tx=108:lost
[04:25:57] AVOID bump=True front=0.66 P=[0.17, 0.121, 0.087, 0.089, 0.096, 0.104, 0.123, 0.52, 1.386, 0.659, 0.574, 0.898, 0.951, 0.162, 0.145, 0.193]
[04:25:59] n=525 m=SOFT_L h=195.1 xy=(-0.14,-0.50) enc=(337,2412) d0=0 d5=0 d11=0.390 d3= tx=108:lost
[04:26:00] AVOID bump=True front=0.66 P=[0.16, 0.097, 0.097, 0.085, 0.095, 0.074, 0.113, 0.525, 1.392, 0.655, 0.591, 0.888, 0.966, 0.154, 0.163, 0.17]
[04:26:02] n=540 m=SOFT_L h=199.5 xy=(-0.15,-0.52) enc=(338,2416) d0=0 d5=0 d11=None d3= tx=109:lost
[04:26:03] AVOID bump=True front=0.66 P=[0.179, 0.115, 0.071, 0.09, 0.106, 0.099, 0.126, 0.525, 1.387, 0.662, 0.593, 0.9, 0.973, 0.161, 0.168, 0.182]
[04:26:05] AVOID bump=True front=0.65 P=[0.172, 0.116, 0.081, 0.104, 0.3, 0.114, 0.11, 0.511, 1.41, 0.647, 0.581, 0.899, 0.99, 0.169, 0.17, 0.177]
[04:26:05] n=555 m=BACK h=193.7 xy=(-0.16,-0.55) enc=(342,2418) d0=0 d5=1 d11=0.386 d3= tx=110:lost
[04:26:08] AVOID bump=True front=0.65 P=[0.153, 0.105, 0.073, 0.106, 0.094, 0.119, 0.131, 0.528, 1.418, 0.65, 0.598, 0.899, 0.969, 0.168, 0.164, 0.183]
[04:26:09] n=570 m=BACK h=197.2 xy=(-0.15,-0.55) enc=(342,2418) d0=0 d5=0 d11=0.385 d3= tx=110:lost
[04:26:11] AVOID bump=True front=0.64 P=[0.172, 0.1, 0.095, 0.071, 0.087, 0.112, 0.122, 0.509, 1.389, 0.644, 0.576, 0.901, 0.983, 0.146, 0.126, 0.196]
[04:26:12] n=585 m=BACK h=196.3 xy=(-0.15,-0.54) enc=(342,2417) d0=0 d5=0 d11=0.396 d3= tx=111:lost
[04:26:14] AVOID bump=True front=0.66 P=[0.188, 0.128, 0.096, 0.109, 0.081, 0.122, 0.105, 0.515, 1.389, 0.659, 0.594, 0.922, 1.006, 0.175, 0.152, 0.177]
[04:26:15] n=600 m=BACK h=195.9 xy=(-0.15,-0.53) enc=(340,2417) d0=0 d5=0 d11=0.374 d3= tx=111:lost
[04:26:17] AVOID bump=True front=0.64 P=[0.161, 0.099, 0.09, 0.092, 0.113, 0.111, 0.123, 0.517, 1.394, 0.638, 0.572, 0.902, 0.968, 0.151, 0.155, 0.17]
[04:26:18] n=615 m=SOFT_R h=194.8 xy=(-0.15,-0.54) enc=(341,2418) d0=0 d5=0 d11=0.379 d3= tx=112:lost
[04:26:20] AVOID bump=True front=0.66 P=[0.171, 0.101, 0.074, 0.093, 0.098, 0.089, 0.3, 0.5, 1.401, 0.664, 0.587, 0.903, 0.976, 0.164, 0.161, 0.171]
[04:26:21] n=630 m=SOFT_L h=195.1 xy=(-0.16,-0.56) enc=(343,2420) d0=0 d5=0 d11=0.388 d3= tx=113:lost
[04:26:23] AVOID bump=True front=0.66 P=[0.174, 0.122, 0.108, 0.098, 0.104, 0.098, 0.112, 0.538, 1.401, 0.659, 0.571, 0.9, 0.982, 0.159, 0.147, 0.182]
[04:26:24] n=645 m=SOFT_L h=195.0 xy=(-0.17,-0.60) enc=(347,2424) d0=0 d5=0 d11=0.373 d3= tx=113:lost
[04:26:26] AVOID bump=True front=0.64 P=[0.166, 0.111, 0.109, 0.098, 0.092, 0.109, 0.118, 0.514, 1.399, 0.635, 0.59, 0.886, 0.973, 0.163, 0.171, 0.178]
[04:26:27] n=660 m=BACK h=196.0 xy=(-0.18,-0.62) enc=(350,2425) d0=0 d5=1 d11=0.384 d3= tx=114:lost
[04:26:28] AVOID bump=True front=0.65 P=[0.168, 0.107, 0.104, 0.098, 0.12, 0.115, 0.122, 0.527, 1.395, 0.649, 0.595, 0.914, 0.978, 0.164, 0.143, 0.167]
[04:26:30] n=675 m=BACK h=193.2 xy=(-0.18,-0.61) enc=(348,2425) d0=0 d5=0 d11=0.375 d3= tx=114:lost
[04:26:31] AVOID bump=True front=0.65 P=[0.183, 0.116, 0.091, 0.079, 0.1, 0.094, 0.118, 0.53, 1.4, 0.652, 0.583, 0.899, 0.975, 0.161, 0.153, 0.155]
[04:26:33] n=690 m=BACK h=193.9 xy=(-0.18,-0.62) enc=(350,2426) d0=0 d5=0 d11=0.365 d3= tx=115:lost
[04:26:34] AVOID bump=True front=0.64 P=[0.171, 0.116, 0.091, 0.085, 0.109, 0.101, 0.3, 0.518, 1.383, 0.635, 0.579, 0.912, 0.98, 0.166, 0.162, 0.187]
[04:26:36] AVOID bump=True front=0.65 P=[0.177, 0.103, 0.106, 0.093, 0.103, 0.098, 0.099, 0.533, 1.383, 0.647, 0.583, 0.889, 0.984, 0.165, 0.166, 0.204]
