30483.2 EP4 start d11=0.341 tx=lost
30483.3 SUM pos=0.0,0.0 dist=0.0 cells=0 d11=0.337 tx=lost
30484.0 ARC d=-1 f=0.14 bk=5
30484.7 ARC d=1 f=0.15 bk=6
30485.9 ARC d=1 f=0.13 bk=5
30487.1 ARC d=-1 f=0.12 bk=4
30488.3 ARC d=-1 f=0.13 bk=5
30489.0 ARC d=1 f=0.14 bk=6
30490.1 ARC d=1 f=0.13 bk=5
30491.3 ARC d=-1 f=0.13 bk=4
30492.5 ARC d=-1 f=0.14 bk=5
30493.2 ARC d=1 f=0.14 bk=6
30494.4 ARC d=1 f=0.13 bk=5
30495.5 ARC d=-1 f=0.12 bk=4
30496.7 ARC d=-1 f=0.13 bk=5
30497.4 ARC d=1 f=0.15 bk=6
30498.6 ARC d=1 f=0.12 bk=5
30499.8 ARC d=-1 f=0.13 bk=4
30501.0 ARC d=-1 f=0.14 bk=5
30501.7 ARC d=1 f=0.14 bk=6
30502.8 ARC d=-1 f=0.13 bk=5
30504.0 ARC d=1 f=0.12 bk=6
30504.7 ARC d=-1 f=0.14 bk=5
30505.9 ARC d=1 f=0.12 bk=6
30507.1 ARC d=1 f=0.12 bk=5
30508.2 ARC d=-1 f=0.12 bk=4
30509.4 ARC d=-1 f=0.12 bk=5
30510.1 ARC d=1 f=0.15 bk=6
30511.3 ARC d=1 f=0.14 bk=5
30512.5 ARC d=-1 f=0.12 bk=4
30513.7 ARC d=-1 f=0.13 bk=5
30514.8 ARC d=1 f=0.13 bk=6
30516.0 ARC d=1 f=0.12 bk=5
30517.2 ARC d=-1 f=0.13 bk=4
30518.3 ARC d=-1 f=0.13 bk=5
30519.1 ARC d=-1 f=0.14 bk=6
30519.8 ARC d=-1 f=0.14 bk=7
30520.9 ARC d=1 f=0.13 bk=10
30522.1 ARC d=1 f=0.13 bk=7
30523.3 ARC d=1 f=0.14 bk=6
30524.0 ARC d=-1 f=0.14 bk=5
30525.2 ARC d=1 f=0.12 bk=6
30526.4 ARC d=1 f=0.13 bk=5
30527.5 ARC d=-1 f=0.13 bk=4
30528.7 ARC d=-1 f=0.13 bk=5
30529.9 ARC d=1 f=0.13 bk=6
30531.0 ARC d=-1 f=0.13 bk=5
30532.2 ARC d=1 f=0.14 bk=6
30533.4 ARC d=-1 f=0.14 bk=5
30534.1 ARC d=-1 f=0.14 bk=6
30535.3 ARC d=-1 f=0.14 bk=7
30536.0 ARC d=1 f=0.15 bk=10
30537.2 ARC d=1 f=0.13 bk=10
30538.3 ARC d=-1 f=0.12 bk=6
30539.5 ARC d=1 f=0.13 bk=7
30540.7 ARC d=-1 f=0.12 bk=6
30541.8 ARC d=-1 f=0.13 bk=7
30542.6 ARC d=1 f=0.17 bk=10
30543.7 ARC d=-1 f=0.12 bk=10
30544.5 ARC d=1 f=0.16 bk=10
30545.6 ARC d=-1 f=0.12 bk=10
30546.8 ARC d=-1 f=0.14 bk=10
30548.0 ARC d=1 f=0.11 bk=11
30548.7 ARC d=1 f=0.15 bk=11
30549.4 ARC d=1 f=0.14 bk=7
30550.6 ARC d=-1 f=0.12 bk=7
30551.3 ARC d=1 f=0.15 bk=10
30552.5 ARC d=-1 f=0.13 bk=7
30553.6 ARC d=-1 f=0.10 bk=7
30554.8 ARC d=1 f=0.14 bk=11
30556.0 ARC d=1 f=0.11 bk=10
30557.2 ARC d=1 f=0.10 bk=7
30558.3 ARC d=1 f=0.12 bk=6
30559.5 ARC d=-1 f=0.12 bk=5
30560.7 ARC d=-1 f=0.13 bk=5
30561.8 ARC d=-1 f=0.13 bk=6
30563.0 ARC d=-1 f=0.12 bk=7
30563.7 ARC d=1 f=0.16 bk=11
30564.4 ARC d=-1 f=0.14 bk=7
30565.6 ARC d=1 f=0.13 bk=11
30566.8 ARC d=-1 f=0.13 bk=10
30568.0 ARC d=1 f=0.14 bk=11
30569.1 ARC d=-1 f=0.13 bk=10
30679.9 EP4 start d11=0.398 tx=lost
30680.1 SUM pos=0.0,0.0 dist=0.0 cells=0 d11=0.403 tx=lost
30721.3 STEP pos=-0.9,-0.2 k=15 op=0.52 ok=True d11=0.404 tx=lost cells=2
30764.4 STEP pos=-1.9,-0.2 k=1 op=0.65 ok=True d11=0.516 tx=lost cells=4
30810.4 STEP pos=-2.4,-0.1 k=14 op=0.56 ok=True d11=0.486 tx=lost cells=5
30855.3 STEP pos=-3.1,0.2 k=13 op=0.84 ok=False d11=0.454 tx=lost cells=7
30897.9 STEP pos=-3.8,0.3 k=14 op=0.60 ok=True d11=0.462 tx=lost cells=8
30933.0 EP4 start d11=0.419 tx=lost
30933.1 SUM pos=0.0,0.0 dist=0.0 cells=0 d11=0.423 tx=lost
30985.2 STEP pos=-0.3,0.0 k=0 op=0.60 ok=True d11=0.460 tx=lost cells=1
31027.1 STEP pos=-0.9,-0.1 k=0 op=0.53 ok=True d11=0.394 tx=lost cells=2
31065.1 STEP pos=0.3,0.0 k=1 op=0.59 ok=True d11=0.259 tx=lost cells=2
31085.8 EP4 start d11=0.326 tx=lost
31085.9 SUM pos=0.0,0.0 dist=0.0 cells=0 d11=0.314 tx=lost
31092.6 STEP pos=-0.1,0.2 k=0 op=0.61 ok=True d11=0.347 tx=lost cells=1
31098.8 STEP pos=-0.3,0.6 k=15 op=0.78 ok=True d11=0.361 tx=lost cells=2
31106.2 STEP pos=-0.3,1.0 k=14 op=0.74 ok=True d11=0.333 tx=lost cells=3
31113.5 STEP pos=0.1,1.3 k=2 op=0.68 ok=True d11=0.297 tx=lost cells=3
31119.7 STEP pos=0.1,1.6 k=0 op=0.57 ok=True d11=0.274 tx=lost cells=4
31125.0 STEP pos=0.0,2.0 k=1 op=0.50 ok=False d11=0.286 tx=lost cells=4
31132.2 STEP pos=-0.2,2.0 k=0 op=0.62 ok=True d11=0.341 tx=lost cells=5
31140.0 STEP pos=-0.7,2.1 k=3 op=0.65 ok=True d11=0.371 tx=lost cells=6
31146.2 STEP pos=-0.9,1.7 k=1 op=0.59 ok=True d11=0.435 tx=lost cells=7
31152.4 STEP pos=-1.0,1.3 k=0 op=0.83 ok=True d11=0.470 tx=lost cells=8
31160.2 STEP pos=-1.1,0.9 k=13 op=0.68 ok=True d11=0.522 tx=lost cells=10
31168.1 STEP pos=-1.3,0.9 k=13 op=0.44 ok=True d11=0.585 tx=lost cells=10
31174.3 STEP pos=-1.3,0.9 k=0 op=0.54 ok=True d11=0.557 tx=lost cells=10
31180.5 STEP pos=-1.3,1.0 k=0 op=0.54 ok=True d11=0.510 tx=lost cells=10
31187.8 STEP pos=-1.6,1.3 k=1 op=0.58 ok=True d11=0.570 tx=lost cells=11
31194.5 STEP pos=-2.0,1.4 k=0 op=0.55 ok=True d11=0.620 tx=lost cells=11
31197.0 STEP pos=-2.4,1.5 k=1 op=0.58 ok=False d11=0.631 tx=lost cells=12
31207.5 STEP pos=-2.4,1.5 k=2 op=0.51 ok=True d11=0.619 tx=lost cells=12
31217.5 STEP pos=-2.4,1.5 k=5 op=0.53 ok=True d11=0.593 tx=lost cells=12
31223.4 STEP pos=-2.4,1.5 k=0 op=0.41 ok=False d11=0.512 tx=lost cells=12
31231.3 STEP pos=-2.4,1.5 k=15 op=0.50 ok=True d11=0.538 tx=lost cells=12
31233.9 STEP pos=-2.5,1.3 k=1 op=0.46 ok=False d11=0.558 tx=lost cells=12
31242.5 STEP pos=-2.5,1.3 k=14 op=0.31 ok=False d11=0.536 tx=lost cells=12
31251.4 STEP pos=-2.5,1.3 k=3 op=0.61 ok=True d11=0.550 tx=lost cells=12
31254.2 STEP pos=-2.7,1.4 k=15 op=0.57 ok=False d11=0.557 tx=lost cells=13
