28491.2 EXPLORE14 start d11=0.274
28492.1 POS 0.00,0.00 h=0 pursue12 cov=1 dist=0.00 tx=lost d11=0.279 lidar=0.9,1.0,0.4,0.3,0.3,0.3,0.2,0.2,0.1,0.2,0.3,1.0,1.3,0.5,0.4,0.7
28532.4 POS 0.17,0.12 h=14 back cov=1 dist=0.99 tx=lost d11=0.290 lidar=1.1,0.3,0.2,0.3,0.7,0.9,1.5,0.5,0.4,0.5,0.3,0.3,0.3,0.4,0.7,1.0
28547.5 STALL cov=1 — push
28572.8 POS 0.28,0.04 h=25 nudge cov=1 dist=2.11 tx=lost d11=0.290 lidar=1.2,0.3,0.3,0.4,0.9,1.2,0.5,0.4,0.5,0.2,0.2,0.2,0.2,0.3,0.7,1.0
28607.9 STALL cov=1 — push
28613.8 POS 0.37,0.09 h=34 nudge cov=2 dist=3.10 tx=lost d11=0.292 lidar=0.0,0.2,0.3,0.2,0.9,1.3,0.6,0.6,0.5,0.3,0.2,0.3,0.3,0.5,0.9,0.9
28653.9 POS 0.46,-0.04 h=96 nudge cov=2 dist=4.17 tx=lost d11=0.287 lidar=0.4,0.3,1.2,0.7,0.6,0.3,0.2,0.2,0.2,0.2,0.2,0.5,0.8,0.9,1.3,0.3
28668.5 STALL cov=2 — push
28693.9 POS 0.36,-0.03 h=154 pursue0 cov=2 dist=5.01 tx=lost d11=0.293 lidar=1.7,0.6,0.6,0.2,0.2,0.2,0.2,0.2,0.5,0.9,0.9,1.1,0.3,0.3,0.3,1.1
28701.0 *** CHARGE RAMP? 0.338 over 45s ***
28701.8 CHARGE HUNT start s=0.342
28704.6   dir +0 -> 0.363
28707.7   dir +45 -> 0.370
28711.9   dir -45 -> 0.378
28716.9   dir +90 -> 0.378
28721.9   dir -90 -> 0.386
28726.9   dir +135 -> 0.386
28731.9   dir -135 -> 0.377
28734.2   dir +180 -> 0.368
28734.2 CHARGE HUNT best -90 0.386
28738.9 *** CHARGE RAMP? 0.369 over 45s ***
28739.7 CHARGE HUNT start s=0.371
28742.5   dir +0 -> 0.373
28745.8   dir +45 -> 0.371
28750.0   dir -45 -> 0.368
28755.0   dir +90 -> 0.384
28760.0   dir -90 -> 0.379
28765.0   dir +135 -> 0.375
28767.9   dir -135 -> 0.366
28770.7   dir +180 -> 0.365
28770.7 CHARGE HUNT best +90 0.384
28773.1 STALL cov=2 — push
28777.2 POS 0.02,0.18 h=144 nudge cov=2 dist=5.41 tx=lost d11=0.356 lidar=0.3,0.3,0.5,0.4,0.5,0.8,1.3,0.2,0.2,0.4,0.5,0.5,0.6,0.8,1.4,0.2
28786.0 *** CHARGE RAMP? 0.407 over 45s ***
28786.8 CHARGE HUNT start s=0.401
28789.6   dir +0 -> 0.407
28792.6   dir +45 -> 0.411
28796.7   dir -45 -> 0.417
28801.7   dir +90 -> 0.417
28806.7   dir -90 -> 0.424
28811.8   dir +135 -> 0.412
28814.7   dir -135 -> 0.417
28817.7   dir +180 -> 0.411
28817.7 CHARGE HUNT best -90 0.424
28823.6 *** CHARGE RAMP? 0.431 over 45s ***
28824.4 CHARGE HUNT start s=0.437
28827.2   dir +0 -> 0.435
28830.2   dir +45 -> 0.450
28834.1   dir -45 -> 0.446
28839.1   dir +90 -> 0.456
28844.1   dir -90 -> 0.461
28849.1   dir +135 -> 0.465
28854.2   dir -135 -> 0.450
28856.6   dir +180 -> 0.439
28856.6 CHARGE HUNT best +135 0.465
28867.5 STALL cov=2 — push
28871.6 POS 0.02,0.18 h=144 pursue15 cov=2 dist=5.41 tx=lost d11=0.440 lidar=0.6,0.6,0.5,0.3,0.2,-0.4,0.6,0.8,0.6,0.5,0.5,0.6,0.8,0.9,0.3,1.0
28912.4 POS 0.02,0.18 h=144 nudge cov=2 dist=5.41 tx=lost d11=0.413 lidar=1.2,1.2,0.6,0.4,0.3,0.3,0.3,0.4,0.3,0.3,1.0,0.9,0.7,0.7,0.9,0.3
28927.5 STALL cov=2 — push
28969.4 EXPLORE14b huntlock start d11=0.425
28973.0   dir +0 -> 0.434
28976.0   dir +40 -> 0.429
28979.9   dir -40 -> 0.438
28984.8   dir +80 -> 0.433
28989.8   dir -80 -> 0.439
28994.8   dir +150 -> 0.442
28997.3   dir -150 -> 0.446
28997.3 HUNT2 best -150 0.446 (peak 0.428)
29007.1 PEAK 0.463
29010.7   dir +0 -> 0.472
29013.6   dir +40 -> 0.478
29017.5   dir -40 -> 0.469
29022.5   dir +80 -> 0.477
29027.5   dir -80 -> 0.472
29032.5   dir +150 -> 0.467
29034.9   dir -150 -> 0.465
29034.9 HUNT2 best +40 0.478 (peak 0.467)
29042.0 PEAK 0.476
29045.6   dir +0 -> 0.485
29048.7   dir +40 -> 0.494
29052.6   dir -40 -> 0.498
29057.4   dir +80 -> 0.508
29062.4   dir -80 -> 0.499
29067.4   dir +150 -> 0.486
29070.0   dir -150 -> 0.475
29070.0 HUNT2 best +80 0.508 (peak 0.476)
29079.8 PEAK 0.530
29083.4   dir +0 -> 0.536
29086.3   dir +40 -> 0.543
29090.3   dir -40 -> 0.558
29095.3   dir +80 -> 0.552
29100.3   dir -80 -> 0.564
29105.3   dir +150 -> 0.553
29107.8   dir -150 -> 0.546
29107.8 HUNT2 best -80 0.564 (peak 0.530)
29108.7 PEAK 0.549
29112.3   dir +0 -> 0.546
29115.3   dir +40 -> 0.544
29119.3   dir -40 -> 0.537
29124.3   dir +80 -> 0.544
29129.3   dir -80 -> 0.534
29134.3   dir +150 -> 0.540
29136.7   dir -150 -> 0.538
29136.7 HUNT2 best +0 0.546 (peak 0.549)
29145.0   dir +0 -> 0.531
29148.0   dir +40 -> 0.532
29151.8   dir -40 -> 0.520
29156.9   dir +80 -> 0.525
29161.9   dir -80 -> 0.510
29166.9   dir +150 -> 0.516
29169.3   dir -150 -> 0.520
29169.3 HUNT2 best +0 0.546 (peak 0.549)
29182.8   dir +0 -> 0.477
29185.8   dir +40 -> 0.473
29189.6   dir -40 -> 0.464
29194.5   dir +80 -> 0.469
29199.5   dir -80 -> 0.454
29204.5   dir +150 -> 0.461
29207.0   dir -150 -> 0.469
29207.0 HUNT2 best +0 0.487 (peak 0.549)
29218.1   dir +0 -> 0.434
29221.0   dir +40 -> 0.433
29224.8   dir -40 -> 0.425
29229.7   dir +80 -> 0.430
29234.7   dir -80 -> 0.421
29239.8   dir +150 -> 0.428
29242.0   dir -150 -> 0.428
29242.0 HUNT2 best +0 0.442 (peak 0.549)
29250.7   dir +0 -> 0.428
29253.7   dir +40 -> 0.419
29257.4   dir -40 -> 0.412
29262.2   dir +80 -> 0.418
29267.3   dir -80 -> 0.409
29272.3   dir +150 -> 0.412
29274.6   dir -150 -> 0.415
29274.6 HUNT2 best +0 0.432 (peak 0.549)
29283.4   dir +0 -> 0.407
29286.3   dir +40 -> 0.406
29290.3   dir -40 -> 0.399
29295.3   dir +80 -> 0.396
29300.3   dir -80 -> 0.389
29305.3   dir +150 -> 0.393
29307.8   dir -150 -> 0.396
29307.8 HUNT2 best +0 0.419 (peak 0.549)
29314.4   dir +0 -> 0.388
29317.5   dir +40 -> 0.384
29321.4   dir -40 -> 0.380
29326.4   dir +80 -> 0.372
29331.4   dir -80 -> 0.369
29336.4   dir +150 -> 0.384
29338.7   dir -150 -> 0.395
29338.7 HUNT2 best +0 0.398 (peak 0.549)
29347.4   dir +0 -> 0.384
29350.3   dir +40 -> 0.375
29354.2   dir -40 -> 0.373
29359.1   dir +80 -> 0.368
29364.1   dir -80 -> 0.367
29369.1   dir +150 -> 0.380
29371.6   dir -150 -> 0.386
29371.6 HUNT2 best +0 0.393 (peak 0.549)
29380.9   dir +0 -> 0.373
29384.0   dir +40 -> 0.363
29387.9   dir -40 -> 0.361
29392.9   dir +80 -> 0.356
29397.9   dir -80 -> 0.355
29402.9   dir +150 -> 0.363
29405.4   dir -150 -> 0.369
29405.4 HUNT2 best +0 0.377 (peak 0.549)
29416.1 HUNT OFF s=0.337 peak=0.549
29416.1 POS 0.00,0.00 h=0 pursue9 cov=1 dist=0.00 tx=lost d11=0.337 lidar=0.5,-0.1,0.0,0.3,0.3,0.1,0.2,0.6,0.8,1.1,0.4,0.4,0.5,0.5,0.3,0.4
29457.2 POS 0.00,0.00 h=0 back cov=1 dist=0.00 tx=lost d11=0.343 lidar=1.2,0.3,0.4,0.4,0.4,0.3,0.3,0.4,0.7,1.2,1.2,0.3,0.2,0.6,0.7,0.8
29471.1 STALL cov=1 — push
29498.5 POS 0.00,0.00 h=0 nudge cov=1 dist=0.00 tx=lost d11=0.312 lidar=0.5,0.3,0.3,0.4,0.9,1.3,0.5,0.5,0.5,0.2,0.2,0.2,0.3,0.4,0.9,1.0
29528.9 STALL cov=1 — push
29538.6 POS 0.00,0.00 h=0 nudge cov=1 dist=0.00 tx=lost d11=0.346 lidar=0.5,0.3,0.6,0.7,0.8,0.9,0.3,0.3,0.2,0.3,0.3,0.3,0.3,0.4,0.8,1.3
29579.8 POS 0.00,0.00 h=0 nudge cov=1 dist=0.00 tx=lost d11=0.329 lidar=1.2,0.3,0.2,0.7,0.8,1.0,0.4,0.4,0.3,0.4,0.3,0.3,0.3,0.4,0.7,1.1
29589.5 STALL cov=1 — push
29621.0 POS 0.00,0.00 h=0 nudge cov=1 dist=0.00 tx=lost d11=0.292 lidar=0.3,0.2,0.2,0.2,1.4,0.7,0.7,0.4,0.3,0.3,0.3,0.4,0.7,0.8,0.8,0.3
29645.6 STALL cov=1 — push
29661.5 POS 0.00,0.00 h=0 nudge cov=1 dist=0.00 tx=lost d11=0.277 lidar=0.3,0.4,1.3,0.8,0.8,0.2,0.2,0.1,0.1,0.1,0.3,0.5,0.7,0.9,1.2,0.4
29702.2 POS 0.00,0.00 h=0 pursue0 cov=1 dist=0.00 tx=busy d11=0.282 lidar=1.3,0.7,0.7,0.3,0.2,0.2,0.1,0.2,0.3,0.6,0.8,0.9,1.3,0.4,0.3,0.4
29703.1 STALL cov=1 — push
