26534.8 EXPLORE9 lawnmower start
26534.9 POS 0.00,0.00 h=0 leg0.0 cov=1 dist=0.00 tx=lost d11=0.418 lidar=0.7,1.3,0.2,0.2,0.4,0.5,0.5,0.5,0.7,1.2,1.3,0.2,0.3,0.4,0.6,0.5
26564.0 LEG 1 new heading 90 dist=1.60 cov=2
26574.9 POS -0.08,0.39 h=338 archR cov=2 dist=2.22 tx=lost d11=0.478 lidar=0.3,0.4,0.4,0.3,0.4,0.4,0.5,1.0,1.2,1.7,0.9,0.2,0.7,0.7,0.9,0.4
26592.6 LEG 2 new heading 180 dist=3.20 cov=2
26623.3 EXPLORE9 lawnmower start
26623.5 POS 0.00,0.00 h=0 leg0.0 cov=1 dist=0.00 tx=lost d11=0.477 lidar=0.5,0.4,0.5,0.5,0.9,1.0,1.6,0.9,0.7,0.6,0.7,0.9,1.5,0.5,0.6,0.5
26652.0 LEG 1 new heading 90 dist=1.61 cov=1
26663.6 POS 0.17,0.34 h=3 leg0.0 cov=2 dist=2.25 tx=lost d11=0.481 lidar=0.5,0.5,0.3,0.3,0.3,0.3,0.4,0.9,1.1,0.6,1.0,0.8,0.8,0.8,1.2,0.4
26681.0 LEG 2 new heading 180 dist=3.21 cov=2
26703.6 POS -0.22,0.43 h=34 leg0.0 cov=2 dist=4.45 tx=lost d11=0.478 lidar=0.7,0.5,0.4,0.4,0.4,0.6,0.9,0.9,0.4,0.9,0.7,0.6,0.3,1.0,1.7,0.6
26711.1 LEG 3 new heading 270 dist=4.87 cov=2
26739.0 LEG 4 new heading 0 dist=6.47 cov=3
26745.2 POS 0.24,0.60 h=237 archR cov=3 dist=6.82 tx=lost d11=0.466 lidar=0.3,0.8,0.8,1.2,0.4,0.4,0.4,0.3,0.3,0.3,0.3,0.4,1.0,1.1,1.6,0.9
26769.7 LEG 5 new heading 90 dist=8.18 cov=4
26786.0 POS 0.37,0.68 h=337 archR cov=5 dist=9.09 tx=lost d11=0.460 lidar=0.4,0.3,0.2,0.2,0.3,0.3,0.3,0.4,1.2,0.9,1.2,0.9,0.8,0.8,1.0,0.3
26806.9 LEG 6 new heading 180 dist=9.87 cov=5
26826.1 POS -0.55,0.80 h=169 archL cov=6 dist=11.04 tx=lost d11=0.572 lidar=0.5,0.5,0.5,0.3,0.4,0.9,0.9,1.8,1.1,0.7,0.2,0.2,0.1,0.2,0.3,0.3
26834.1 LEG 7 new heading 270 dist=11.48 cov=6
26862.8 LEG 8 new heading 0 dist=13.13 cov=7
26866.2 POS -0.70,0.82 h=353 leg0.0 cov=7 dist=13.32 tx=lost d11=0.554 lidar=1.1,0.5,0.3,0.2,0.1,0.2,0.2,0.3,0.4,0.4,0.5,0.5,0.4,0.4,1.1,0.8
26891.9 LEG 9 new heading 90 dist=14.73 cov=7
26908.2 POS 0.35,0.93 h=337 archR cov=7 dist=15.37 tx=busy d11=0.429 lidar=0.3,0.3,0.2,0.2,0.2,0.2,0.3,0.5,1.2,0.9,1.2,0.4,0.9,0.9,0.4,0.3
26936.9 LEG 10 new heading 180 dist=16.39 cov=7
26948.3 POS -0.12,0.82 h=179 leg0.0 cov=8 dist=17.05 tx=busy d11=0.450 lidar=0.8,0.5,0.9,0.7,0.7,0.6,0.4,1.7,0.7,0.8,0.5,0.3,0.4,0.3,0.4,0.8
26965.7 LEG 11 new heading 270 dist=18.06 cov=8
26988.3 POS -0.58,1.03 h=260 leg0.0 cov=9 dist=19.08 tx=busy d11=0.522 lidar=0.4,0.4,1.0,0.7,1.0,0.8,0.2,0.2,0.1,0.1,0.2,0.3,0.4,0.5,0.6,0.5
27009.2 LEG 12 new heading 0 dist=19.71 cov=9
27028.4 POS 0.11,0.85 h=354 leg0.0 cov=9 dist=20.78 tx=lost d11=0.406 lidar=0.4,0.5,0.3,0.3,0.3,0.3,0.4,0.6,1.0,0.7,1.1,0.9,0.4,0.8,1.0,0.6
27039.8 LEG 13 new heading 90 dist=21.31 cov=9
27068.5 POS 0.28,1.08 h=325 leg0.0 cov=10 dist=22.51 tx=busy d11=0.387 lidar=0.4,0.4,0.4,0.3,0.2,0.2,0.2,0.3,0.4,1.0,1.2,1.4,1.0,0.6,0.8,1.0
27078.1 LEG 14 new heading 180 dist=22.92 cov=10
27108.6 POS -0.31,1.07 h=178 leg0.0 cov=10 dist=24.29 tx=lost d11=0.415 lidar=0.7,0.8,0.4,0.9,0.8,0.8,0.5,1.8,0.8,0.6,0.4,0.3,0.2,0.3,0.3,0.6
27113.2 LEG 15 new heading 270 dist=24.54 cov=10
27149.8 LEG 16 new heading 0 dist=26.16 cov=11
27149.8 POS -0.66,1.21 h=273 archL cov=11 dist=26.16 tx=lost d11=0.452 lidar=0.4,0.9,0.9,2.0,1.1,0.6,0.3,0.2,0.2,0.2,0.3,0.4,0.4,0.5,0.5,0.3
27183.1 LEG 17 new heading 90 dist=27.76 cov=11
27191.0 POS 0.18,1.09 h=13 archR cov=11 dist=27.99 tx=lost d11=0.357 lidar=0.4,0.3,0.3,0.3,0.3,0.3,-1.0,1.1,1.1,1.3,0.9,0.3,0.8,0.9,0.5,0.4
27220.5 LEG 18 new heading 180 dist=29.39 cov=11
27231.4 POS -0.19,1.11 h=37 archR cov=11 dist=29.99 tx=lost d11=0.348 lidar=0.4,0.3,0.4,0.3,0.5,0.9,1.0,1.3,0.9,0.8,0.7,0.8,1.3,0.6,0.6,0.5
27249.4 LEG 19 new heading 270 dist=31.00 cov=11
27271.4 POS -0.39,0.79 h=258 leg0.0 cov=12 dist=32.27 tx=lost d11=0.320 lidar=0.4,0.4,0.4,0.4,0.2,0.3,0.9,0.8,0.7,0.7,0.8,0.9,0.6,1.3,0.6,0.4
27278.1 LEG 20 new heading 0 dist=32.64 cov=12
27308.9 LEG 21 new heading 90 dist=34.33 cov=12
27312.3 POS -0.27,1.08 h=292 archR cov=12 dist=34.53 tx=lost d11=0.356 lidar=0.5,0.3,0.4,0.8,0.8,0.7,0.6,0.6,0.8,0.8,0.2,1.2,0.7,0.5,0.5,0.5
27337.5 LEG 22 new heading 180 dist=35.94 cov=12
27352.3 POS -0.52,1.37 h=181 leg0.0 cov=13 dist=36.78 tx=lost d11=0.403 lidar=0.5,0.5,0.3,0.3,0.3,0.8,0.8,2.0,1.0,0.8,0.3,0.3,0.3,0.3,0.4,0.5
27366.4 LEG 23 new heading 270 dist=37.57 cov=14
27374.9 *** D0=1.0 *** lidar=0.419,0.983,0.769,1.134,1.021,0.216,0.162,0.094,0.109,0.126,0.200,0.312,0.470,0.553,0.575,0.397
27393.1 POS -0.79,1.52 h=297 archL cov=14 dist=39.02 tx=lost d11=0.437 lidar=0.3,0.9,0.9,2.1,1.1,0.5,0.3,0.2,0.2,0.2,0.3,0.4,0.4,0.5,0.5,0.3
27396.9 LEG 24 new heading 0 dist=39.18 cov=14
27430.2 LEG 25 new heading 90 dist=40.87 cov=14
27433.9 POS 0.03,1.37 h=6 archR cov=14 dist=41.08 tx=lost d11=0.347 lidar=0.4,0.3,0.2,0.3,0.3,0.3,0.5,1.2,0.9,1.2,0.9,0.5,0.8,1.0,0.4,0.4
27472.5 LEG 26 new heading 180 dist=42.48 cov=14
27474.0 POS -0.05,1.25 h=173 leg0.0 cov=14 dist=42.57 tx=lost d11=0.343 lidar=1.0,0.7,1.0,0.8,0.6,0.7,0.8,1.3,0.5,0.6,0.6,0.4,0.4,0.4,0.5,0.7
27503.4 LEG 27 new heading 270 dist=44.13 cov=14
27515.0 POS -0.90,1.31 h=246 archL cov=15 dist=44.55 tx=lost d11=0.430 lidar=0.3,0.2,0.3,0.3,0.8,1.2,1.2,0.4,0.3,0.3,0.3,0.3,0.4,0.3,0.4,0.4
27541.8 LEG 28 new heading 0 dist=45.77 cov=15
27555.0 POS -0.35,1.37 h=1 leg0.0 cov=15 dist=46.45 tx=lost d11=0.368 lidar=0.7,0.5,0.4,0.3,0.3,0.2,0.3,0.6,0.8,0.8,0.4,0.8,-1.0,0.5,1.0,0.8
