0.00 0.00 0.0 | 0.52,0.00 0.23,-0.10 0.13,-0.13 0.05,-0.13 0.00,-0.10 -0.04,-0.11 -0.10,-0.10 -0.15,-0.06 -0.17,-0.00 -0.19,0.08 -0.24,0.24 -0.16,0.38 -0.00,0.35 0.20,0.47 0.72,0.72 1.22,0.50
-0.03 -0.01 14.4 | 0.49,0.13 0.21,-0.04 0.14,-0.10 0.06,-0.12 -0.00,-0.10 -0.04,-0.09 -0.11,-0.15 -0.15,-0.10 -0.17,-0.04 -0.19,0.02 -0.30,0.16 -0.26,0.30 -0.12,0.36 0.05,0.52 0.49,0.87 1.05,0.80
-0.05 -0.01 16.8 | 0.48,0.15 0.22,-0.04 0.12,-0.10 0.02,-0.10 -0.02,-0.11 -0.06,-0.11 -0.13,-0.16 -0.15,-0.09 -0.18,-0.05 -0.21,0.00 -0.32,0.13 -0.31,0.30 -0.16,0.35 -0.00,0.50 0.44,0.91 0.99,0.84
-0.08 -0.02 15.6 | 0.47,0.14 0.20,-0.05 0.09,-0.11 -0.01,-0.11 -0.06,-0.10 -0.09,-0.13 -0.15,-0.14 -0.18,-0.10 -0.17,-0.04 -0.21,-0.00 -0.33,0.13 -0.19,0.37 -0.01,0.50 0.44,0.91 1.00,0.83
-0.10 -0.03 16.9 | 0.44,0.14 0.18,-0.05 0.05,-0.11 -0.02,-0.12 -0.08,-0.12 -0.12,-0.15 -0.17,-0.15 -0.20,-0.05 -0.23,-0.01 -0.33,0.09 -0.33,0.25 -0.22,0.37 -0.05,0.49 0.39,0.91 0.96,0.85
-0.13 -0.03 15.1 | 0.42,0.12 0.14,-0.07 0.01,-0.11 -0.07,-0.11 -0.10,-0.13 -0.15,-0.15 -0.20,-0.15 -0.20,-0.08 -0.22,-0.06 -0.24,-0.02 -0.36,0.10 -0.35,0.26 -0.24,0.36 -0.06,0.48 0.40,0.89 0.97,0.82
-0.16 -0.04 20.8 | 0.37,0.16 0.12,-0.05 -0.00,-0.11 -0.08,-0.12 -0.12,-0.13 -0.16,-0.15 -0.21,-0.17 -0.22,-0.10 -0.25,-0.07 -0.27,-0.03 -0.39,0.07 -0.41,0.23 -0.30,0.34 -0.14,0.48 0.28,0.94 0.84,0.90
-0.18 -0.05 12.6 | 0.36,0.08 0.10,-0.09 -0.04,-0.14 -0.12,-0.13 -0.16,-0.15 -0.21,-0.18 -0.25,-0.16 -0.26,-0.10 -0.27,-0.07 -0.30,-0.02 -0.41,0.10 -0.39,0.25 -0.09,0.48 0.39,0.86 0.96,0.76
-0.21 -0.05 16.3 | 0.32,0.10 0.07,-0.08 -0.07,-0.13 -0.14,-0.14 -0.18,-0.15 -0.22,-0.19 -0.26,-0.16 -0.28,-0.11 -0.29,-0.08 -0.33,-0.04 -0.45,0.08 -0.44,0.24 -0.32,0.33 -0.15,0.50 0.30,0.88 0.89,0.83
-0.23 -0.06 16.5 | 0.31,0.10 0.04,-0.09 -0.10,-0.13 -0.16,-0.14 -0.20,-0.16 -0.25,-0.20 -0.29,-0.15 -0.30,-0.12 -0.32,-0.09 -0.36,-0.05 -0.48,0.08 -0.47,0.23 -0.35,0.33 -0.18,0.48 0.27,0.86 0.86,0.82
-0.26 -0.07 16.1 | 0.27,0.09 0.01,-0.10 -0.11,-0.15 -0.20,-0.15 -0.23,-0.17 -0.27,-0.20 -0.31,-0.16 -0.33,-0.13 -0.35,-0.09 -0.38,-0.05 -0.50,0.06 -0.50,0.24 -0.37,0.32 -0.20,0.47 0.25,0.85 0.85,0.82
-0.28 -0.08 14.4 | 0.24,0.06 -0.02,-0.11 -0.15,-0.15 -0.22,-0.16 -0.26,-0.17 -0.30,-0.21 -0.34,-0.18 -0.36,-0.13 -0.37,-0.10 -0.40,-0.06 -0.53,0.07 -0.51,0.23 -0.38,0.32 -0.21,0.47 0.25,0.83 0.86,0.79
-0.31 -0.08 17.9 | 0.17,0.07 -0.04,-0.10 -0.18,-0.15 -0.24,-0.16 -0.28,-0.18 -0.32,-0.21 -0.37,-0.19 -0.39,-0.15 -0.39,-0.11 -0.42,-0.07 -0.55,0.04 -0.55,0.20 -0.43,0.29 -0.27,0.46 0.18,0.87 -0.14,0.06
-0.34 -0.09 15.7 | 0.05,0.02 -0.06,-0.12 -0.21,-0.16 -0.27,-0.17 -0.31,-0.18 -0.40,-0.21 -0.42,-0.15 -0.43,-0.12 -0.46,-0.08 -0.58,0.05 -0.57,0.21 -0.44,0.28 -0.27,0.45 0.19,0.85 0.79,0.79
-0.36 -0.10 19.6 | 0.01,0.03 -0.08,-0.11 -0.23,-0.16 -0.29,-0.17 -0.32,-0.21 -0.37,-0.23 -0.42,-0.21 -0.43,-0.16 -0.45,-0.13 -0.49,-0.09 -0.61,0.02 -0.62,0.19 -0.49,0.27 -0.33,0.45 0.10,0.88 0.71,0.87
-0.39 -0.11 18.3 | -0.02,0.01 -0.12,-0.13 -0.26,-0.17 -0.32,-0.19 -0.36,-0.20 -0.39,-0.22 -0.44,-0.22 -0.45,-0.16 -0.48,-0.14 -0.51,-0.10 -0.63,0.01 -0.64,0.19 -0.51,0.26 -0.35,0.42 0.09,0.83 0.71,0.84
-0.41 -0.11 18.5 | -0.06,0.00 -0.14,-0.13 -0.28,-0.18 -0.34,-0.19 -0.38,-0.22 -0.42,-0.25 -0.47,-0.23 -0.48,-0.18 -0.49,-0.14 -0.55,-0.11 -0.65,0.01 -0.66,0.17 -0.54,0.25 -0.37,0.44 0.07,0.85 0.69,0.85
-0.44 -0.12 22.3 | -0.10,0.01 -0.16,-0.13 -0.30,-0.18 -0.38,-0.18 -0.41,-0.20 -0.44,-0.27 -0.49,-0.24 -0.52,-0.20 -0.53,-0.16 -0.57,-0.12 -0.71,-0.01 -0.70,0.14 -0.59,0.25 -0.44,0.43 -0.03,0.85 0.59,0.90
-0.46 -0.13 21.5 | -0.13,-0.00 -0.33,-0.19 -0.39,-0.21 -0.46,-0.27 -0.51,-0.25 -0.52,-0.19 -0.55,-0.17 -0.59,-0.13 -0.74,-0.01 -0.73,0.14 -0.60,0.22 -0.45,0.42 -0.04,0.84 0.58,0.88
-0.46 -0.13 17.5 | -0.12,-0.03 -0.19,-0.16 -0.36,-0.19 -0.40,-0.21 -0.43,-0.24 -0.48,-0.28 -0.51,-0.23 -0.53,-0.19 -0.56,-0.16 -0.60,-0.12 -0.72,-0.00 -0.72,0.17 -0.58,0.22 -0.42,0.42 0.03,0.82 0.65,0.80
-0.44 -0.12 37.6 | -0.24,0.04 -0.28,-0.07 -0.32,-0.13 -0.34,-0.17 -0.37,-0.20 -0.40,-0.27 -0.46,-0.23 -0.49,-0.21 -0.56,-0.21 -0.74,-0.20 -0.82,-0.07 -0.78,0.08 -0.76,0.30 -0.71,0.89 -0.26,1.24 -0.17,0.35
-0.46 -0.13 39.3 | -0.24,0.05 -0.28,-0.08 -0.35,-0.15 -0.37,-0.18 -0.38,-0.24 -0.42,-0.26 -0.47,-0.23 -0.51,-0.22 -0.55,-0.20 -0.73,-0.22 -0.83,-0.10 -0.84,0.07 -0.80,0.28 -0.77,0.88 -0.33,1.24 -0.20,0.36
-0.48 -0.15 39.4 | -0.27,0.03 -0.31,-0.10 -0.37,-0.16 -0.39,-0.20 -0.39,-0.26 -0.45,-0.27 -0.49,-0.24 -0.53,-0.23 -0.58,-0.23 -0.74,-0.23 -0.84,-0.12 -0.83,0.03 -0.81,0.25 -0.79,0.86 -0.35,1.24 -0.21,0.35
-0.50 -0.17 38.5 | -0.28,0.01 -0.32,-0.11 -0.40,-0.18 -0.41,-0.22 -0.41,-0.29 -0.47,-0.29 -0.52,-0.27 -0.54,-0.24 -0.60,-0.24 -0.77,-0.24 -0.87,-0.13 -0.84,0.02 -0.83,0.24 -0.79,0.84 -0.34,1.23 -0.23,0.34
-0.53 -0.18 37.5 | -0.29,-0.00 -0.35,-0.14 -0.43,-0.20 -0.43,-0.24 -0.49,-0.30 -0.54,-0.28 -0.58,-0.27 -0.63,-0.26 -0.79,-0.26 -0.90,-0.13 -0.87,0.02 -0.85,0.23 -0.80,0.84 -0.34,1.21 -0.25,0.30
-0.55 -0.20 40.7 | -0.34,-0.02 -0.37,-0.14 -0.44,-0.21 -0.45,-0.25 -0.44,-0.32 -0.51,-0.31 -0.55,-0.30 -0.59,-0.28 -0.63,-0.27 -0.81,-0.29 -0.91,-0.17 -0.88,-0.03 -0.89,0.20 -0.88,0.81 -0.44,1.22 -0.29,0.31
-0.57 -0.22 40.6 | -0.34,-0.03 -0.41,-0.17 -0.45,-0.23 -0.46,-0.27 -0.47,-0.33 -0.53,-0.35 -0.57,-0.31 -0.61,-0.30 -0.67,-0.30 -0.83,-0.30 -0.92,-0.19 -0.92,-0.04 -0.92,0.19 -0.90,0.80 -0.46,1.22 -0.32,0.28
-0.59 -0.23 39.6 | -0.37,-0.05 -0.43,-0.19 -0.46,-0.25 -0.49,-0.29 -0.48,-0.36 -0.55,-0.35 -0.60,-0.32 -0.63,-0.31 -0.69,-0.32 -0.85,-0.31 -0.93,-0.05 -0.94,0.19 -0.90,0.78 -0.45,1.18 -0.34,0.23
-0.61 -0.25 41.1 | -0.39,-0.07 -0.45,-0.20 -0.50,-0.26 -0.51,-0.30 -0.51,-0.37 -0.57,-0.36 -0.61,-0.34 -0.65,-0.33 -0.72,-0.35 -0.87,-0.34 -0.95,-0.08 -0.96,0.15 -0.94,0.75 -0.51,1.18 -0.39,0.19
-0.63 -0.27 42.1 | -0.42,-0.08 -0.48,-0.22 -0.51,-0.28 -0.52,-0.32 -0.59,-0.38 -0.63,-0.36 -0.67,-0.36 -0.73,-0.37 -0.90,-0.37 -1.00,-0.25 -0.97,-0.11 -0.98,0.13 -0.98,0.72 -0.55,1.17 -0.46,0.09
-0.65 -0.29 41.4 | -0.43,-0.10 -0.49,-0.23 -0.54,-0.30 -0.55,-0.34 -0.53,-0.42 -0.61,-0.39 -0.65,-0.37 -0.69,-0.38 -0.75,-0.38 -0.93,-0.38 -0.99,-0.12 -1.01,0.12 -0.99,0.72 -0.56,1.18 -0.48,0.06
-0.67 -0.31 41.9 | -0.48,-0.14 -0.52,-0.25 -0.55,-0.31 -0.57,-0.35 -0.56,-0.42 -0.63,-0.41 -0.67,-0.40 -0.71,-0.39 -0.77,-0.40 -0.96,-0.41 -1.04,-0.29 -1.01,-0.14 -1.03,0.10 -1.02,0.70 -0.59,1.16 -0.49,0.05
-0.69 -0.33 43.7 | -0.49,-0.13 -0.54,-0.27 -0.58,-0.33 -0.58,-0.37 -0.57,-0.45 -0.65,-0.43 -0.69,-0.44 -0.73,-0.42 -0.79,-0.43 -0.95,-0.43 -1.07,-0.32 -1.04,-0.17 -1.07,0.07 -1.07,0.67 -0.65,1.13 -0.54,0.01
-0.70 -0.35 42.2 | -0.50,-0.16 -0.56,-0.29 -0.60,-0.39 -0.60,-0.46 -0.67,-0.44 -0.71,-0.44 -0.74,-0.42 -0.80,-0.44 -0.97,-0.44 -1.07,-0.33 -1.05,-0.18 -1.06,0.05 -1.06,0.65 -0.63,1.11 -0.54,-0.01
-0.72 -0.37 41.9 | -0.53,-0.19 -0.57,-0.31 -0.61,-0.37 -0.61,-0.42 -0.62,-0.48 -0.69,-0.47 -0.73,-0.45 -0.77,-0.46 -0.83,-0.46 -1.00,-0.46 -1.10,-0.34 -1.06,-0.20 -1.09,0.04 -1.07,0.61 -0.65,1.08 -0.56,-0.03
-0.74 -0.38 43.2 | -0.55,-0.20 -0.60,-0.33 -0.62,-0.39 -0.63,-0.43 -0.63,-0.50 -0.71,-0.48 -0.75,-0.48 -0.79,-0.48 -0.85,-0.49 -1.02,-0.49 -1.12,-0.37 -1.08,-0.23 -1.12,0.02 -1.11,0.59 -0.70,1.06 -0.59,-0.05
-0.76 -0.40 43.4 | -0.56,-0.21 -0.62,-0.35 -0.65,-0.41 -0.66,-0.45 -0.65,-0.52 -0.72,-0.51 -0.76,-0.49 -0.81,-0.50 -0.88,-0.51 -1.05,-0.51 -1.14,-0.39 -1.11,-0.25 -1.14,-0.00 -1.13,0.57 -0.72,1.03 -0.62,-0.09
-0.78 -0.42 42.3 | -0.58,-0.24 -0.64,-0.37 -0.67,-0.43 -0.69,-0.47 -0.66,-0.55 -0.74,-0.52 -0.79,-0.51 -0.82,-0.50 -0.90,-0.53 -1.07,-0.53 -1.18,-0.40 -1.11,-0.26 -1.16,-0.01 -1.13,0.56 -0.71,0.99 -0.63,-0.11
-0.80 -0.44 44.8 | -0.62,-0.26 -0.65,-0.38 -0.69,-0.44 -0.69,-0.49 -0.68,-0.56 -0.76,-0.55 -0.80,-0.52 -0.83,-0.53 -0.92,-0.56 -1.09,-0.56 -1.19,-0.44 -1.14,-0.30 -1.18,-0.06 -1.19,0.50 -0.79,0.97 -0.66,-0.11
-0.82 -0.46 44.6 | -0.63,-0.28 -0.69,-0.41 -0.71,-0.46 -0.70,-0.51 -0.70,-0.58 -0.78,-0.56 -0.82,-0.56 -0.85,-0.55 -0.93,-0.58 -1.12,-0.59 -1.21,-0.46 -1.16,-0.31 -1.20,-0.07 -0.82,-0.46 -0.81,0.94 -0.68,-0.14
-0.83 -0.48 46.2 | -0.66,-0.30 -0.69,-0.42 -0.72,-0.48 -0.72,-0.53 -0.70,-0.61 -0.80,-0.57 -0.83,-0.57 -0.86,-0.56 -0.94,-0.59 -1.13,-0.61 -1.23,-0.49 -1.17,-0.35 -1.23,-0.10 -1.24,0.45 -0.86,0.89 -0.71,-0.15
-0.85 -0.50 45.3 | -0.67,-0.32 -0.74,-0.45 -0.75,-0.50 -0.74,-0.55 -0.74,-0.62 -0.81,-0.60 -0.85,-0.61 -0.89,-0.60 -0.97,-0.62 -1.14,-0.62 -1.24,-0.50 -1.18,-0.37 -1.25,-0.10 -1.78,1.72 -0.86,0.91 -0.72,-0.18
-0.87 -0.52 47.0 | -0.69,-0.33 -0.75,-0.47 -0.76,-0.52 -0.77,-0.56 -0.76,-0.62 -0.82,-0.62 -0.86,-0.61 -0.90,-0.61 -0.98,-0.64 -1.17,-0.66 -1.25,-0.53 -1.20,-0.40 -1.28,-0.14 -1.87,1.68 -0.92,0.87 -0.75,-0.21
-0.88 -0.54 47.0 | -0.72,-0.36 -0.76,-0.49 -0.77,-0.54 -0.77,-0.58 -0.76,-0.66 -0.85,-0.63 -0.88,-0.64 -0.92,-0.63 -1.00,-0.67 -1.18,-0.68 -1.28,-0.55 -1.23,-0.41 -1.30,-0.16 -1.89,1.67 -0.93,0.84
-0.90 -0.56 49.9 | -0.74,-0.37 -0.78,-0.50 -0.79,-0.55 -0.78,-0.60 -0.77,-0.67 -0.85,-0.66 -0.90,-0.64 -0.93,-0.65 -1.01,-0.69 -1.20,-0.72 -1.30,-0.60 -1.25,-0.45 -1.33,-0.20 -2.04,1.63 -1.02,0.82 -0.80,-0.24
-0.92 -0.58 51.3 | -0.75,-0.37 -0.81,-0.52 -0.81,-0.57 -0.80,-0.62 -0.78,-0.69 -0.87,-0.68 -0.91,-0.67 -0.95,-0.68 -1.03,-0.72 -1.21,-0.74 -1.32,-0.63 -1.26,-0.48 -1.37,-0.22 -2.11,1.58 -1.07,0.80 -0.83,-0.27
-0.94 -0.60 51.9 | -0.79,-0.41 -0.81,-0.53 -0.84,-0.59 -0.82,-0.63 -0.82,-0.70 -0.88,-0.70 -0.93,-0.70 -0.96,-0.70 -1.06,-0.76 -1.23,-0.77 -1.33,-0.65 -1.29,-0.50 -1.39,-0.25 -2.17,1.59 -1.10,0.77 -0.85,-0.29
-0.95 -0.62 46.5 | -0.79,-0.45 -0.83,-0.57 -0.85,-0.62 -0.85,-0.66 -0.86,-0.72 -0.92,-0.71 -0.95,-0.70 -0.99,-0.72 -1.09,-0.77 -1.36,-0.63 -1.28,-0.50 -1.39,-0.21 -2.00,1.73 -0.99,0.62 -0.84,-0.32
-0.97 -0.64 51.1 | -0.82,-0.45 -0.86,-0.58 -0.86,-0.63 -0.85,-0.68 -0.85,-0.74 -0.92,-0.74 -0.96,-0.73 -1.00,-0.74 -1.09,-0.79 -1.29,-0.81 -1.37,-0.69 -1.33,-0.54 -1.93,0.13 -2.20,1.61 -1.10,0.58 -0.88,-0.34
-0.99 -0.66 48.3 | -0.83,-0.48 -0.88,-0.61 -0.89,-0.66 -0.88,-0.70 -0.88,-0.76 -0.94,-0.76 -0.98,-0.75 -1.02,-0.76 -1.12,-0.80 -1.31,-0.82 -1.38,-0.69 -1.34,-0.54 -1.90,0.15 -2.10,1.63 -1.06,0.53 -0.88,-0.35
-1.01 -0.68 54.9 | -0.87,-0.49 -0.89,-0.61 -0.90,-0.66 -0.89,-0.71 -0.88,-0.77 -0.95,-0.77 -0.99,-0.77 -1.03,-0.79 -1.13,-0.85 -1.31,-0.88 -1.39,-0.75 -1.36,-0.60 -2.00,0.01 -2.36,1.45 -1.21,0.49 -0.94,-0.37
-1.02 -0.70 55.8 | -0.89,-0.50 -0.91,-0.63 -0.93,-0.69 -0.91,-0.73 -0.90,-0.79 -0.96,-0.81 -1.01,-0.79 -1.05,-0.80 -1.14,-0.88 -1.32,-0.90 -1.38,-0.63 -2.02,-0.03 -2.40,1.39 -1.25,0.46 -0.96,-0.39
-1.04 -0.73 52.7 | -0.90,-0.54 -0.91,-0.65 -0.94,-0.71 -0.94,-0.75 -0.99,-0.81 -1.03,-0.82 -1.07,-0.82 -1.17,-0.89 -1.35,-0.91 -1.46,-0.78 -1.38,-0.64 -2.00,0.00 -2.30,1.43 -1.20,0.44 -0.96,-0.42
-1.05 -0.75 52.6 | -0.91,-0.56 -0.94,-0.68 -0.95,-0.73 -0.93,-0.78 -0.93,-0.85 -1.00,-0.84 -1.04,-0.83 -1.09,-0.87 -1.19,-0.92 -1.38,-0.94 -1.46,-0.80 -1.40,-0.66 -2.02,-0.01 -2.31,1.42 -1.21,0.41 -0.97,-0.44
-1.07 -0.77 52.6 | -0.93,-0.59 -0.96,-0.71 -0.96,-0.76 -0.94,-0.80 -0.96,-0.86 -1.02,-0.85 -1.06,-0.86 -1.10,-0.87 -1.21,-0.95 -1.40,-0.96 -1.48,-0.82 -1.43,-0.68 -2.04,-0.03 -1.81,0.50 -1.22,0.37 -0.99,-0.47
-1.09 -0.79 50.1 | -0.94,-0.62 -0.96,-0.72 -0.97,-0.78 -0.96,-0.83 -0.99,-0.87 -1.04,-0.88 -1.08,-0.89 -1.12,-0.89 -1.23,-0.96 -1.40,-0.96 -1.50,-0.83 -1.44,-0.68 -2.01,-0.02 -1.77,0.51 -1.19,0.36 -0.99,-0.49
-1.10 -0.81 50.4 | -0.96,-0.64 -0.99,-0.75 -0.99,-0.80 -0.99,-0.85 -1.00,-0.90 -1.06,-0.90 -1.09,-0.90 -1.14,-0.92 -1.25,-1.00 -1.43,-0.99 -1.53,-0.85 -1.46,-0.70 -2.04,-0.04 -1.79,0.48 -1.21,0.32 -1.01,-0.51
-1.12 -0.84 55.5 | -1.00,-0.66 -1.00,-0.76 -1.01,-0.81 -0.99,-0.86 -0.99,-0.92 -1.07,-0.91 -1.10,-0.92 -1.14,-0.94 -1.25,-1.02 -1.43,-1.04 -1.54,-0.91 -1.50,-0.75 -2.12,-0.15 -1.91,0.38 -1.32,0.27 -1.06,-0.55
-1.13 -0.86 55.5 | -1.01,-0.68 -1.03,-0.79 -1.03,-0.84 -1.02,-0.88 -1.03,-0.93 -1.08,-0.94 -1.12,-0.94 -1.16,-0.98 -1.27,-1.06 -1.46,-1.07 -1.54,-0.93 -1.53,-0.77 -2.14,-0.17 -1.93,0.37 -1.25,-0.24 -1.07,-0.55
