0.00 0.00 0.0 | 0.87,0.00 0.93,-0.39 0.25,-0.25 0.11,-0.27 0.00,-0.26 -0.12,-0.30 -0.17,-0.17 -0.17,-0.07 -0.14,-0.00 -0.16,0.07 -0.20,0.20 -0.37,0.88 -0.00,1.26 0.19,0.47 0.25,0.25 0.67,0.28
-0.00 0.00 100.3 | -0.16,0.86 0.21,0.99 0.20,0.29 0.24,0.15 0.27,0.05 0.33,-0.07 0.19,-0.13 0.10,-0.16 0.03,-0.14 -0.04,-0.17 -0.16,-0.23 -0.75,-0.48 -1.24,-0.22 -0.49,0.11 -0.30,0.21 -0.39,0.60
0.01 0.06 81.5 | 0.12,0.83 0.45,0.78 0.79,0.63 0.34,0.14 0.33,0.01 0.22,-0.07 0.22,-0.23 0.08,-0.22 -0.02,-0.15 -0.09,-0.10 -0.19,-0.09 -0.39,-0.04 -1.05,0.21 -1.04,0.69 -0.27,0.43 -0.07,0.38
0.03 0.08 56.3 | 0.21,0.36 0.64,0.49 0.83,0.24 0.96,-0.10 0.30,-0.10 0.22,-0.21 0.07,-0.16 -0.04,-0.28 -0.14,-0.17 -0.17,-0.05 -0.18,0.04 -0.26,0.14 -0.35,0.34 -0.65,1.09 -0.21,1.28 0.11,0.51
0.01 0.06 57.4 | 0.20,0.35 0.63,0.49 0.82,0.24 0.93,-0.11 0.27,-0.11 0.19,-0.20 0.06,-0.17 -0.05,-0.27 -0.15,-0.20 -0.16,-0.06 -0.18,0.02 -0.25,0.11 -0.36,0.29 -0.69,1.06 -0.25,1.27 0.09,0.51
-0.00 0.04 57.9 | 0.20,0.35 0.61,0.47 0.83,0.23 0.95,-0.12 0.27,-0.13 0.16,-0.20 0.05,-0.20 -0.06,-0.29 -0.15,-0.19 -0.17,-0.08 -0.17,-0.00 -0.24,0.08 -0.38,0.27 -0.72,1.05 -0.28,1.26 0.08,0.51
-0.00 0.04 59.4 | 0.20,0.37 0.62,0.51 0.81,0.25 0.94,-0.09 0.28,-0.13 0.17,-0.19 0.06,-0.20 -0.05,-0.29 -0.14,-0.19 -0.18,-0.09 -0.16,-0.00 -0.24,0.07 -0.36,0.25 -0.70,0.97 -0.31,1.25 0.06,0.50
0.04 0.07 36.4 | 0.39,0.33 0.37,0.15 0.76,-0.04 0.76,-0.36 0.61,-0.70 0.12,-0.24 -0.01,-0.26 -0.10,-0.16 -0.26,-0.15 -0.27,-0.00 -0.18,0.11 -0.13,0.18 -0.14,0.32 -0.07,0.52 0.22,1.23 0.68,1.13
0.07 0.08 23.6 | 1.21,0.58 0.37,-0.04 0.58,-0.40 0.09,-0.87 -0.05,-0.24 -0.18,-0.18 -0.20,-0.03 -0.33,0.08 -0.23,0.20 -0.08,0.22 -0.03,0.31 0.06,0.41 0.31,0.70 0.86,0.90
0.07 0.08 16.0 | 1.27,0.43 0.47,0.04 0.34,-0.07 0.50,-0.46 0.30,-0.71 -0.04,-0.86 -0.09,-0.21 -0.21,-0.14 -0.22,0.00 -0.34,0.13 -0.20,0.24 -0.06,0.25 0.01,0.31 0.40,0.67 0.96,0.79
0.12 0.10 21.0 | 1.25,0.54 0.48,0.09 0.35,0.00 0.42,-0.67 0.10,-0.85 -0.04,-0.26 -0.17,-0.17 -0.19,-0.02 -0.30,0.12 -0.19,0.24 -0.04,0.28 0.02,0.37 0.13,0.47 0.40,0.71 0.92,0.86
0.18 0.12 18.2 | 1.25,0.47 0.51,0.10 0.34,0.04 0.39,-0.13 0.42,-0.62 0.10,-0.88 -0.50,-1.22 -0.17,-0.18 -0.16,0.01 -0.26,0.15 -0.11,0.27 0.01,0.32 0.09,0.38 0.20,0.49 0.48,0.72 0.97,0.81
0.19 0.12 16.6 | 1.27,0.45 0.50,0.09 0.36,0.03 0.37,-0.10 0.40,-0.60 0.09,-0.86 -0.52,-1.18 -0.16,-0.16 -0.18,0.01 -0.27,0.17 -0.08,0.27 0.02,0.33 0.11,0.40 0.23,0.50 0.50,0.70 1.01,0.79
0.15 0.11 20.0 | 1.25,0.51 0.48,0.10 0.58,-0.36 0.42,-0.65 0.10,-0.87 -0.03,-0.27 -0.17,-0.18 -0.17,-0.00 -0.30,0.13 -0.13,0.24 -0.02,0.29 0.05,0.38 0.16,0.47 0.43,0.71 0.94,0.84
0.12 0.10 16.9 | 1.26,0.45 0.50,0.07 0.34,-0.02 0.57,-0.45 0.36,-0.68 0.03,-0.85 -0.06,-0.24 -0.19,-0.16 -0.20,0.00 -0.30,0.14 -0.18,0.26 -0.02,0.27 0.04,0.36 0.16,0.47 0.43,0.67 0.97,0.80
0.12 0.10 18.5 | 1.26,0.48 0.47,0.08 0.59,-0.44 0.38,-0.67 0.05,-0.87 -0.05,-0.25 -0.19,-0.16 -0.19,-0.00 -0.29,0.13 -0.18,0.25 -0.03,0.27 0.04,0.36 0.15,0.45 0.42,0.70 0.95,0.82
0.15 0.11 16.4 | 1.26,0.44 0.50,0.07 0.33,0.01 0.55,-0.39 0.37,-0.65 0.04,-0.86 -0.06,-0.27 -0.18,-0.16 -0.18,0.01 -0.29,0.16 -0.15,0.27 -0.00,0.29 0.07,0.39 0.19,0.49 0.47,0.70 0.98,0.78
0.15 0.11 17.2 | 1.25,0.45 0.48,0.08 0.35,0.01 0.56,-0.39 0.39,-0.65 -0.05,-0.27 -0.17,-0.16 -0.18,0.01 -0.28,0.15 -0.13,0.26 -0.01,0.31 0.06,0.39 0.19,0.49 0.46,0.70 0.98,0.80
0.16 0.11 19.1 | 1.26,0.50 0.49,0.10 0.36,0.02 0.38,-0.13 0.42,-0.64 0.10,-0.87 -0.03,-0.28 -0.16,-0.17 -0.20,-0.01 -0.28,0.14 -0.13,0.26 0.00,0.29 0.06,0.39 0.18,0.50 0.45,0.71 0.96,0.83
0.12 0.10 20.2 | 1.25,0.52 0.48,0.09 0.35,-0.01 0.59,-0.42 0.40,-0.67 0.08,-0.88 -0.04,-0.25 -0.18,-0.17 -0.19,-0.01 -0.31,0.12 -0.19,0.24 -0.04,0.27 0.02,0.36 0.13,0.46 0.39,0.69 0.92,0.84
0.12 0.10 20.3 | 1.24,0.52 0.48,0.09 0.35,-0.01 0.59,-0.41 0.08,-0.86 -0.05,-0.25 -0.18,-0.17 -0.19,-0.01 -0.29,0.12 -0.18,0.24 -0.04,0.27 0.02,0.37 0.13,0.46 0.39,0.70 0.92,0.85
0.17 0.12 19.0 | 1.26,0.49 0.51,0.10 0.35,0.03 0.38,-0.12 0.43,-0.63 0.11,-0.87 -0.49,-1.24 -0.16,-0.17 -0.17,0.00 -0.26,0.15 -0.12,0.26 0.01,0.30 0.08,0.39 0.20,0.51 0.46,0.71 0.97,0.82
0.18 0.12 17.4 | 1.26,0.46 0.50,0.09 0.34,0.04 0.37,-0.10 0.41,-0.61 0.09,-0.86 -0.51,-1.20 -0.15,-0.15 -0.17,0.01 -0.25,0.16 -0.10,0.27 0.02,0.32 0.09,0.41 0.21,0.50 0.49,0.71 1.00,0.81
0.14 0.11 18.7 | 1.24,0.48 0.48,0.09 0.34,0.01 0.60,-0.42 0.39,-0.65 0.07,-0.86 -0.05,-0.26 -0.17,-0.16 -0.20,-0.00 -0.29,0.14 -0.15,0.25 -0.01,0.28 0.05,0.38 0.16,0.48 0.43,0.70 0.96,0.83
0.10 0.09 18.2 | 1.28,0.48 0.49,0.07 0.35,-0.04 0.56,-0.45 0.35,-0.67 0.03,-0.83 -0.07,-0.23 -0.20,-0.16 -0.22,-0.01 -0.32,0.13 -0.19,0.24 -0.05,0.27 0.02,0.34 0.12,0.43 0.40,0.69 0.93,0.81
0.10 0.09 20.7 | 1.24,0.53 0.47,0.08 0.38,-0.03 0.58,-0.42 0.38,-0.66 0.07,-0.85 -0.06,-0.25 -0.19,-0.17 -0.21,-0.02 -0.32,0.11 -0.20,0.23 -0.05,0.25 -0.00,0.36 0.11,0.45 0.37,0.70 0.91,0.86
0.15 0.11 18.9 | 1.25,0.49 0.50,0.09 0.33,0.02 0.58,-0.37 0.41,-0.64 0.09,-0.86 -0.05,-0.29 -0.17,-0.17 -0.17,0.00 -0.29,0.14 -0.15,0.26 -0.01,0.30 0.06,0.38 0.18,0.50 0.45,0.71 0.96,0.83
0.18 0.12 16.4 | 1.26,0.44 0.50,0.09 0.37,0.02 0.37,-0.12 0.39,-0.61 0.07,-0.87 -0.53,-1.18 -0.17,-0.16 -0.16,0.02 -0.26,0.17 -0.10,0.27 0.02,0.32 0.10,0.39 0.22,0.49 0.49,0.69 0.98,0.77
0.14 0.11 18.1 | 1.25,0.47 0.49,0.08 0.34,0.00 0.60,-0.44 0.39,-0.66 0.06,-0.86 -0.05,-0.25 -0.18,-0.17 -0.19,0.00 -0.29,0.14 -0.17,0.26 -0.02,0.28 0.05,0.38 0.16,0.48 0.43,0.69 0.96,0.81
0.13 0.11 15.0 | 1.29,0.42 0.49,0.06 0.34,-0.01 0.57,-0.46 0.34,-0.68 0.01,-0.86 -0.07,-0.24 -0.19,-0.14 -0.19,0.02 -0.29,0.16 -0.16,0.28 -0.01,0.30 0.06,0.38 0.18,0.47 0.46,0.68 0.99,0.77
0.19 0.12 16.2 | 1.26,0.43 0.50,0.09 0.37,0.03 0.38,-0.11 0.40,-0.59 0.08,-0.85 -0.53,-1.19 -0.18,0.01 -0.26,0.17 -0.09,0.28 0.02,0.33 0.11,0.39 0.23,0.49 0.51,0.71 1.00,0.77
0.20 0.13 14.1 | 1.27,0.39 0.36,0.03 0.37,-0.10 0.38,-0.59 0.06,-0.83 -0.56,-1.14 -0.16,-0.14 -0.26,0.19 -0.06,0.28 0.05,0.33 0.13,0.40 0.25,0.49 0.54,0.69 1.02,0.74
0.20 0.13 16.7 | 1.27,0.45 0.51,0.10 0.38,0.03 0.37,-0.08 0.41,-0.57 0.10,-0.84 -0.50,-1.18 -0.15,-0.16 -0.17,0.02 -0.25,0.17 -0.07,0.27 0.03,0.33 0.12,0.41 0.24,0.50 0.51,0.70 1.00,0.78
0.21 0.13 15.7 | 1.29,0.43 0.53,0.09 0.39,0.03 0.37,-0.07 0.40,-0.55 0.10,-0.77 -0.51,-1.16 -0.15,-0.16 -0.16,0.03 -0.26,0.19 -0.07,0.29 0.05,0.34 0.13,0.41 0.25,0.49 0.53,0.70 1.02,0.76
0.17 0.12 19.0 | 1.26,0.49 0.50,0.10 0.35,0.03 0.39,-0.13 0.42,-0.62 0.11,-0.87 -0.48,-1.21 -0.17,-0.18 -0.18,-0.00 -0.28,0.15 -0.12,0.26 0.00,0.31 0.19,0.49 0.45,0.70 0.95,0.81
0.13 0.10 13.5 | 1.27,0.38 0.48,0.05 0.32,-0.01 0.54,-0.47 0.31,-0.68 -0.02,-0.85 -0.08,-0.23 -0.20,-0.13 -0.18,0.03 -0.30,0.17 -0.15,0.27 -0.01,0.29 0.06,0.37 0.19,0.48 0.46,0.65 1.00,0.74
0.13 0.10 19.9 | 1.23,0.50 0.48,0.09 0.34,0.01 0.60,-0.42 0.40,-0.66 -0.05,-0.27 -0.18,-0.17 -0.18,-0.01 -0.30,0.12 -0.19,0.25 -0.02,0.27 0.14,0.48 0.40,0.70 0.93,0.84
0.18 0.12 14.6 | 1.27,0.40 0.50,0.07 0.37,0.01 0.38,-0.63 0.05,-0.86 -0.57,-1.16 -0.17,-0.15 -0.17,0.03 -0.26,0.18 -0.09,0.28 0.02,0.33 0.11,0.39 0.24,0.50 0.51,0.68 1.03,0.76
0.19 0.12 16.0 | 1.27,0.43 0.51,0.09 0.37,0.02 0.37,-0.11 0.08,-0.85 -0.53,-1.18 -0.16,-0.16 -0.26,0.17 -0.08,0.27 0.03,0.32 0.11,0.40 0.24,0.50 0.51,0.69 1.01,0.77
0.15 0.11 14.8 | 1.27,0.40 0.49,0.06 0.34,-0.01 0.54,-0.41 0.35,-0.67 -0.06,-0.26 -0.19,-0.16 -0.18,0.02 -0.29,0.16 -0.14,0.27 0.00,0.30 0.20,0.47 1.00,0.75
0.12 0.10 17.5 | 1.25,0.45 0.48,0.07 0.34,-0.01 0.58,-0.45 0.37,-0.68 0.04,-0.86 -0.06,-0.25 -0.19,-0.16 -0.19,-0.00 -0.30,0.13 -0.18,0.26 -0.02,0.27 0.04,0.36 0.16,0.45 0.43,0.69 0.97,0.81
0.13 0.10 14.9 | 1.27,0.40 0.49,0.05 0.33,-0.02 0.56,-0.47 0.34,-0.69 -0.00,-0.87 -0.07,-0.24 -0.19,-0.15 -0.20,0.01 -0.29,0.15 -0.17,0.27 -0.02,0.29 0.06,0.36 0.17,0.46 0.46,0.67 1.00,0.76
0.18 0.12 20.5 | 1.24,0.51 0.50,0.11 0.37,0.03 0.39,-0.11 0.45,-0.61 0.14,-0.88 -0.43,-1.22 -0.15,-0.19 -0.16,-0.01 -0.28,0.13 -0.11,0.25 0.01,0.30 0.08,0.38 0.19,0.50 0.45,0.71 0.96,0.84
0.19 0.12 18.3 | 1.25,0.47 0.51,0.10 0.37,0.03 0.38,-0.10 0.42,-0.59 0.12,-0.85 -0.48,-1.20 -0.15,-0.17 -0.17,0.00 -0.25,0.15 -0.09,0.26 0.03,0.31 0.10,0.39 0.22,0.49 0.49,0.71 0.97,0.80
0.15 0.11 18.1 | 1.26,0.47 0.50,0.08 0.33,0.01 0.57,-0.39 0.40,-0.66 0.07,-0.88 -0.05,-0.28 -0.16,-0.16 -0.20,-0.01 -0.28,0.14 -0.15,0.26 0.00,0.27 0.06,0.37 0.18,0.49 0.45,0.70 0.96,0.80
0.15 0.11 22.1 | 1.23,0.54 0.49,0.10 0.35,0.02 0.60,-0.36 0.45,-0.64 0.14,-0.88 -0.02,-0.28 -0.15,-0.19 -0.15,-0.02 -0.29,0.11 -0.16,0.23 -0.02,0.28 0.04,0.37 0.15,0.48 0.41,0.72 0.92,0.86
0.28 0.16 28.5 | 0.67,0.38 0.52,0.19 0.46,0.11 0.40,0.06 0.66,-0.55 0.39,-0.87 0.13,-0.34 -0.04,-0.23 -0.21,-0.10 -0.18,0.12 -0.00,0.25 0.04,0.36 0.11,0.48 0.23,0.66 0.53,1.02 0.94,0.98
0.24 0.15 26.5 | 0.69,0.37 0.51,0.16 0.45,-0.04 0.61,-0.59 0.31,-0.87 0.09,-0.31 -0.08,-0.22 -0.20,-0.07 -0.19,0.12 -0.02,0.23 0.02,0.34 0.08,0.46 0.21,0.52 0.53,1.01 0.96,0.97
0.20 0.12 31.1 | 0.64,0.39 0.51,0.17 0.39,0.08 0.76,-0.29 0.64,-0.60 0.37,-1.00 0.10,-0.29 -0.04,-0.21 -0.21,-0.12 -0.20,0.06 -0.05,0.18 -0.02,0.28 0.04,0.39 0.14,0.50 0.42,1.02 0.87,1.03
0.16 0.10 29.4 | 0.46,0.27 0.51,0.14 0.42,0.03 0.70,-0.32 0.58,-0.63 0.30,-1.05 0.06,-0.28 -0.07,-0.19 -0.25,-0.13 -0.20,0.06 -0.05,0.16 -0.04,0.26 0.02,0.35 0.11,0.49 0.42,1.02 0.87,1.00
0.12 0.08 27.7 | 0.45,0.11 0.43,-0.02 0.66,-0.37 0.53,-0.70 0.23,-1.10 0.00,-0.30 -0.09,-0.17 -0.25,-0.12 -0.23,0.05 -0.08,0.14 -0.04,0.22 -0.00,0.32 0.09,0.49 0.88,0.99
0.10 0.07 27.9 | 0.46,0.26 0.41,0.10 0.44,-0.04 0.66,-0.39 0.51,-0.70 0.21,-1.14 -0.01,-0.30 -0.09,-0.17 -0.27,-0.13 -0.23,0.03 -0.11,0.13 -0.05,0.19 -0.02,0.30 0.06,0.45 0.38,0.99 0.86,0.99
0.08 0.05 26.3 | 0.47,0.25 0.38,0.07 0.44,-0.07 0.64,-0.44 0.47,-0.74 0.10,-0.36 -0.05,-0.30 -0.11,-0.16 -0.24,0.03 -0.13,0.12 -0.06,0.17 -0.03,0.28 0.05,0.44 0.39,0.97 0.87,0.97
0.05 0.04 29.3 | 0.44,0.26 0.36,0.08 0.44,-0.07 0.68,-0.45 0.50,-0.76 0.10,-0.33 -0.05,-0.31 -0.10,-0.16 -0.26,-0.13 -0.26,0.00 -0.16,0.10 -0.09,0.15 -0.06,0.24 0.01,0.41 0.31,0.98 0.82,1.01
0.03 0.03 30.8 | 0.43,0.27 0.37,0.08 0.70,-0.14 0.70,-0.47 0.53,-0.82 0.08,-0.32 -0.06,-0.32 -0.11,-0.16 -0.27,-0.15 -0.25,-0.01 -0.19,0.08 -0.11,0.13 -0.08,0.21 -0.02,0.34 0.26,0.96 0.78,1.03
0.01 0.01 31.0 | 0.44,0.28 0.34,0.06 0.70,-0.16 0.69,-0.49 0.51,-0.83 0.06,-0.32 -0.07,-0.31 -0.14,-0.18 -0.27,-0.15 -0.25,-0.02 -0.20,0.07 -0.13,0.12 -0.09,0.17 -0.04,0.31 0.21,0.84 0.76,1.03
-0.02 -0.00 29.8 | 0.43,0.26 0.34,0.04 0.72,-0.20 0.67,-0.53 0.47,-0.85 0.02,-0.32 -0.09,-0.25 -0.15,-0.18 -0.29,-0.16 -0.26,-0.03 -0.22,0.05 -0.15,0.10 -0.10,0.15 -0.06,0.29 0.19,0.77 0.77,1.02
-0.02 -0.00 30.3 | 0.41,0.25 0.34,0.05 0.73,-0.20 0.68,-0.53 0.49,-0.86 0.03,-0.31 -0.09,-0.26 -0.16,-0.18 -0.27,-0.15 -0.25,-0.03 -0.22,0.05 -0.14,0.10 -0.10,0.15 -0.06,0.30 0.19,0.77 0.77,1.03
0.04 0.01 13.4 | 1.25,0.30 0.50,-0.06 0.30,-0.15 0.46,-0.57 0.23,-0.81 -0.12,-0.97 -0.14,-0.28 -0.23,-0.18 -0.23,-0.05 -0.32,0.07 -0.20,0.16 -0.08,0.17 -0.00,0.18 0.07,0.22 0.25,0.35 0.87,0.62
0.10 0.01 352.9 | 1.15,-0.13 1.12,-0.58 0.36,-0.33 0.18,-0.29 0.03,-0.57 -0.70,-0.62 -0.26,-0.09 -0.26,0.05 -0.20,0.18 -0.11,0.28 0.03,0.26 0.12,0.16 0.18,0.16 0.29,0.15 0.47,0.11
0.15 -0.00 351.1 | 1.12,-0.15 1.14,-0.60 0.46,-0.42 0.24,-0.37 0.10,-0.37 -0.29,-0.73 -0.70,-0.62 -0.26,-0.10 -0.27,0.06 -0.18,0.20 -0.06,0.28 0.10,0.21 0.18,0.16 0.25,0.16 0.33,0.12 0.49,0.08
0.21 0.00 7.2 | 1.31,0.14 1.09,-0.24 0.51,-0.23 0.35,-0.24 0.30,-0.75 -0.04,-0.91 -0.62,-1.07 -0.22,-0.24 -0.20,-0.05 -0.16,0.11 0.05,0.12 0.13,0.14 0.18,0.19 0.26,0.21 0.39,0.24 0.96,0.43
0.26 0.03 29.7 | 1.28,0.61 0.60,0.07 0.55,-0.05 0.54,-0.19 0.72,-0.78 0.41,-1.19 0.13,-0.44 0.01,-0.29 -0.15,-0.20 0.03,0.00 0.06,0.09 0.11,0.15 0.15,0.22 0.22,0.33 0.44,0.69 0.89,0.84
0.28 0.04 24.9 | 1.31,0.52 0.60,0.06 0.46,-0.13 0.67,-0.79 0.33,-1.15 0.10,-0.44 -0.01,-0.27 -0.17,-0.17 0.04,0.03 0.08,0.12 0.14,0.17 0.18,0.26 0.27,0.34 0.54,0.75 0.96,0.78
0.26 0.03 26.9 | 1.30,0.56 0.58,0.06 0.56,-0.07 0.54,-0.21 0.67,-0.79 0.35,-1.20 0.10,-0.44 -0.02,-0.29 -0.16,-0.18 0.04,0.01 0.08,0.09 0.12,0.15 0.16,0.22 0.23,0.33 0.47,0.69 0.92,0.81
0.23 0.02 26.3 | 1.30,0.55 0.60,0.04 0.48,-0.07 0.54,-0.25 0.65,-0.83 0.31,-1.22 0.07,-0.45 -0.05,-0.31 -0.15,-0.17 0.05,0.01 0.09,0.14 0.14,0.20 0.21,0.31 0.44,0.64 0.92,0.80
0.23 0.02 26.2 | 1.30,0.54 0.58,0.04 0.53,-0.08 0.55,-0.25 0.65,-0.82 0.32,-1.22 0.07,-0.46 -0.15,-0.17 0.02,0.01 0.07,0.08 0.08,0.15 0.14,0.21 0.22,0.32 0.45,0.64 0.93,0.81
0.28 0.04 27.5 | 1.30,0.57 0.60,0.07 0.59,-0.05 0.48,-0.12 0.70,-0.77 0.38,-1.12 0.13,-0.44 0.00,-0.29 -0.17,-0.19 0.05,0.02 0.09,0.10 0.13,0.18 0.17,0.26 0.26,0.33 0.51,0.76 0.93,0.82
0.31 0.06 25.7 | 1.31,0.54 0.61,0.07 0.61,-0.05 0.49,-0.11 0.70,-0.76 0.37,-1.05 0.13,-0.44 -0.00,-0.29 -0.19,-0.18 0.05,0.04 0.10,0.13 0.15,0.20 0.19,0.30 0.29,0.35 0.56,0.78 0.97,0.80
0.29 0.04 27.0 | 1.30,0.56 0.60,0.07 0.60,-0.06 0.48,-0.12 0.70,-0.77 0.37,-1.08 0.13,-0.43 0.00,-0.28 -0.19,-0.20 0.04,0.03 0.08,0.11 0.13,0.17 0.17,0.26 0.26,0.34 0.52,0.77 0.94,0.82
0.26 0.03 27.3 | 1.30,0.57 0.59,0.06 0.55,-0.06 0.54,-0.20 0.69,-0.79 0.37,-1.19 0.11,-0.45 -0.00,-0.28 -0.15,-0.18 0.03,0.01 0.08,0.09 0.11,0.16 0.15,0.25 0.24,0.32 0.48,0.71 0.93,0.82
0.24 0.02 24.4 | 1.32,0.51 0.59,0.03 0.52,-0.09 0.54,-0.27 0.63,-0.84 0.28,-1.22 0.06,-0.45 -0.04,-0.28 -0.17,-0.17 0.02,0.01 0.07,0.08 0.10,0.15 0.16,0.20 0.23,0.32 0.47,0.63 0.96,0.78
0.24 0.02 26.4 | 1.31,0.55 0.58,0.04 0.52,-0.08 0.55,-0.25 0.65,-0.81 0.32,-1.22 0.08,-0.45 -0.03,-0.29 -0.15,-0.18 0.03,0.00 0.08,0.07 0.09,0.15 0.15,0.20 0.22,0.31 0.45,0.63 0.93,0.81
0.27 0.03 25.3 | 1.32,0.53 0.59,0.05 0.56,-0.08 0.52,-0.20 0.66,-0.80 0.32,-1.19 0.10,-0.43 -0.02,-0.28 -0.16,-0.17 0.04,0.02 0.07,0.10 0.13,0.16 0.17,0.23 0.25,0.32 0.51,0.71 0.95,0.79
0.24 0.02 24.9 | 1.32,0.52 0.58,0.03 0.52,-0.08 0.53,-0.25 0.63,-0.83 0.29,-1.22 0.07,-0.44 -0.03,-0.27 -0.16,-0.17 0.04,0.01 0.06,0.09 0.10,0.15 0.15,0.22 0.23,0.31 0.47,0.65 0.95,0.79
0.22 0.01 29.7 | 1.28,0.61 0.57,0.05 0.50,-0.07 0.83,-0.47 0.68,-0.80 0.37,-1.23 0.09,-0.46 -0.03,-0.31 -0.16,-0.21 0.02,-0.02 0.05,0.05 0.07,0.12 0.12,0.18 0.18,0.31 0.39,0.62 0.86,0.84
0.22 0.01 27.0 | 1.31,0.56 0.60,0.04 0.50,-0.08 0.81,-0.50 0.64,-0.83 0.32,-1.23 0.07,-0.46 -0.03,-0.29 -0.15,-0.18 0.01,-0.01 0.06,0.06 0.08,0.13 0.13,0.18 0.20,0.28 0.41,0.61 0.91,0.82
0.27 0.03 23.2 | 1.35,0.49 0.60,0.03 0.56,-0.09 0.51,-0.20 0.63,-0.81 0.28,-1.20 0.08,-0.44 -0.02,-0.27 -0.18,-0.16 0.04,0.03 0.08,0.11 0.13,0.17 0.18,0.24 0.27,0.31 0.53,0.69 0.98,0.76
0.30 0.04 26.5 | 1.30,0.54 0.60,0.06 0.62,-0.07 0.48,-0.12 0.71,-0.78 0.37,-1.06 0.13,-0.45 0.01,-0.29 -0.17,-0.19 0.06,0.03 0.10,0.11 0.15,0.17 0.18,0.27 0.28,0.33 0.54,0.75 0.94,0.79
0.27 0.03 26.0 | 1.31,0.54 0.60,0.05 0.57,-0.07 0.53,-0.20 0.68,-0.81 0.35,-1.20 0.11,-0.45 -0.16,-0.18 0.04,0.02 0.08,0.10 0.12,0.17 0.16,0.25 0.25,0.32 0.50,0.70 0.94,0.79
0.25 0.02 23.5 | 1.33,0.49 0.59,0.02 0.53,-0.09 0.53,-0.26 0.62,-0.84 0.27,-1.22 0.07,-0.43 -0.04,-0.28 -0.17,-0.17 0.03,0.01 0.08,0.08 0.16,0.22 0.24,0.32 0.49,0.63 0.96,0.76
0.22 0.01 26.1 | 1.31,0.54 0.58,0.03 0.51,-0.09 0.80,-0.50 0.63,-0.82 0.30,-1.25 0.06,-0.46 -0.04,-0.29 -0.15,-0.18 0.02,-0.01 0.07,0.06 0.09,0.13 0.14,0.18 0.21,0.30 0.43,0.62 0.93,0.81
0.22 0.01 31.9 | 1.25,0.65 0.59,0.07 0.52,-0.06 0.87,-0.45 0.71,-0.78 0.24,-0.11 0.11,-0.47 -0.01,-0.32 -0.13,-0.22 0.03,-0.02 0.06,0.05 0.08,0.11 0.12,0.18 0.18,0.29 0.37,0.64 0.84,0.86
0.28 0.03 26.0 | 1.32,0.54 0.60,0.05 0.58,-0.07 0.53,-0.19 0.68,-0.79 0.35,-1.18 0.11,-0.43 -0.01,-0.28 -0.18,-0.19 0.06,0.02 0.09,0.10 0.12,0.17 0.17,0.24 0.26,0.32 0.51,0.70 0.94,0.79
0.30 0.05 26.0 | 1.31,0.54 0.61,0.06 0.62,-0.06 0.49,-0.12 0.70,-0.77 0.37,-1.05 0.13,-0.44 -0.17,-0.19 0.05,0.03 0.10,0.11 0.15,0.18 0.19,0.27 0.28,0.33 0.55,0.76 0.96,0.79
0.28 0.03 25.0 | 1.33,0.53 0.60,0.05 0.58,-0.08 0.53,-0.19 0.67,-0.80 0.33,-1.17 0.10,-0.43 -0.01,-0.27 -0.19,-0.18 0.04,0.02 0.08,0.11 0.13,0.17 0.18,0.24 0.26,0.33 0.52,0.71 0.95,0.77
0.25 0.02 25.8 | 1.32,0.54 0.59,0.04 0.55,-0.08 0.54,-0.23 0.65,-0.81 0.32,-1.22 0.09,-0.44 -0.02,-0.28 -0.17,-0.18 0.03,0.01 0.07,0.09 0.10,0.16 0.16,0.21 0.23,0.31 0.46,0.63 0.93,0.79
0.23 0.01 31.0 | 1.26,0.63 0.56,0.06 0.51,-0.06 0.85,-0.45 0.71,-0.79 0.41,-1.22 0.11,-0.48 -0.01,-0.31 -0.13,-0.20 0.04,-0.02 0.06,0.05 0.09,0.11 0.12,0.18 0.18,0.31 0.38,0.62 0.86,0.86
0.20 -0.00 26.7 | 1.30,0.55 0.58,0.03 0.49,-0.10 0.79,-0.51 0.62,-0.84 0.29,-1.24 0.05,-0.47 -0.05,-0.30 -0.15,-0.18 0.00,-0.02 0.06,0.05 0.08,0.11 0.11,0.17 0.18,0.29 0.40,0.60 0.90,0.80
0.21 -0.00 28.3 | 1.29,0.58 0.48,-0.08 0.81,-0.49 0.66,-0.84 0.33,-1.25 0.07,-0.45 -0.04,-0.30 -0.15,-0.19 0.01,-0.02 0.05,0.05 0.07,0.11 0.12,0.16 0.18,0.30 0.39,0.62 0.88,0.83
0.25 0.02 26.7 | 1.30,0.55 0.60,0.05 0.55,-0.23 0.67,-0.80 0.34,-1.20 0.10,-0.45 -0.01,-0.28 -0.16,-0.18 0.04,0.01 0.07,0.08 0.11,0.15 0.16,0.22 0.23,0.31 0.46,0.64 0.92,0.79
0.31 0.05 23.6 | 1.33,0.49 0.61,0.05 0.60,-0.07 0.48,-0.12 0.33,-1.06 0.12,-0.43 -0.00,-0.28 -0.19,-0.17 0.06,0.04 0.10,0.13 0.17,0.18 0.21,0.28 0.30,0.34 0.59,0.76 0.99,0.76
0.41 0.12 34.9 | 1.29,0.73 0.62,0.16 0.65,0.07 0.59,0.00 0.95,-0.65 0.70,-1.18 0.31,-0.48 0.12,-0.34 -0.00,-0.17 0.12,0.05 0.16,0.16 0.17,0.27 0.26,0.34 0.30,0.62 0.57,1.03 0.92,0.91
0.39 0.10 36.0 | 0.42,0.12 0.62,0.16 0.65,0.06 0.56,-0.01 0.94,-0.66 0.70,-1.20 0.30,-0.48 0.10,-0.37 -0.02,-0.19 0.11,0.03 0.16,0.14 0.16,0.24 0.23,0.32 0.28,0.57 0.54,1.02 0.89,0.91
0.37 0.09 32.6 | 0.76,0.34 0.62,0.13 0.65,0.02 0.56,-0.05 0.89,-0.73 0.61,-1.27 0.24,-0.50 0.05,-0.37 -0.03,-0.17 0.11,0.04 0.15,0.13 0.17,0.22 0.23,0.31 0.57,1.02 0.93,0.90
0.35 0.07 35.6 | 0.73,0.35 0.61,0.13 0.64,0.02 0.55,-0.06 0.91,-0.71 0.68,-1.36 0.25,-0.49 0.06,-0.39 -0.02,-0.19 0.12,0.02 0.14,0.11 0.14,0.20 0.19,0.28 0.24,0.54 0.50,1.02 0.87,0.91
0.32 0.06 37.2 | 0.73,0.36 0.61,0.13 0.62,0.01 0.64,-0.13 0.91,-0.72 0.72,-1.45 0.24,-0.53 0.04,-0.42 -0.01,-0.20 0.09,-0.01 0.12,0.08 0.13,0.17 0.17,0.26 0.20,0.52 0.46,1.03 0.84,0.93
0.30 0.04 35.2 | 0.72,0.34 0.61,0.11 0.58,-0.01 0.95,-0.37 0.88,-0.78 0.65,-1.50 0.21,-0.51 0.02,-0.40 -0.02,-0.19 0.10,-0.01 0.11,0.07 0.12,0.15 0.15,0.26 0.20,0.50 0.47,1.04 0.85,0.90
0.28 0.03 37.2 | 0.69,0.34 0.61,0.11 0.55,-0.01 0.95,-0.37 0.90,-0.79 0.68,-1.50 0.21,-0.50 0.02,-0.42 -0.02,-0.20 0.10,-0.02 0.11,0.05 0.12,0.12 0.14,0.21 0.20,0.32 0.41,0.97 0.81,0.93
0.26 0.01 41.3 | 0.67,0.37 0.59,0.12 0.54,-0.01 0.98,-0.35 0.95,-0.78 0.44,-0.51 0.23,-0.48 0.03,-0.46 0.00,-0.22 0.10,-0.05 0.09,0.02 0.10,0.09 0.11,0.18 0.17,0.28 0.32,0.96 0.73,0.97
0.26 0.01 36.3 | 0.71,0.34 0.61,0.09 0.54,-0.03 0.94,-0.40 0.87,-0.82 0.39,-0.52 0.19,-0.47 0.00,-0.42 -0.02,-0.20 0.10,-0.03 0.10,0.03 0.12,0.10 0.12,0.20 0.19,0.30 0.40,0.94 0.81,0.92
0.31 0.03 18.0 | 1.28,0.34 0.80,-0.01 0.61,-0.12 0.49,-0.19 0.56,-0.73 0.23,-1.02 0.04,-0.50 -0.08,-0.31 -0.21,-0.14 0.06,0.05 0.13,0.12 0.19,0.18 0.25,0.23 0.33,0.27 0.54,0.46 1.05,0.66
0.37 0.02 354.2 | 1.28,-0.07 1.23,-0.44 0.67,-0.34 0.45,-0.25 0.34,-0.28 0.21,-0.28 -0.45,-0.65 -0.22,-0.16 -0.20,0.08 -0.15,0.30 0.22,0.21 0.31,0.24 0.39,0.20 0.48,0.22 0.56,0.17
0.43 0.01 353.1 | 1.32,-0.09 1.24,-0.44 1.12,-0.87 0.50,-0.24 0.39,-0.29 0.28,-0.24 -0.39,-0.63 -1.20,-0.44 -0.19,0.09 -0.12,0.32 0.26,0.23 0.37,0.23 0.45,0.21 0.53,0.19 0.59,0.15 0.87,0.14
0.48 0.03 12.4 | 1.37,0.22 1.51,-0.16 0.80,-0.18 0.63,-0.18 0.55,-0.28 0.30,-0.99 -0.34,-1.25 -0.10,-0.38 -0.18,-0.12 0.18,0.08 0.30,0.14 0.36,0.21 0.43,0.24 0.52,0.22 0.71,0.38
0.53 0.05 29.9 | 1.39,0.55 0.89,0.10 0.76,-0.01 0.76,-0.13 0.68,-0.21 0.70,-1.29 0.34,-0.63 0.10,-0.50 0.22,-0.12 0.28,0.02 0.30,0.12 0.37,0.18 0.41,0.26 0.73,0.80 1.06,0.74
0.57 0.09 47.9 | 0.79,0.35 0.81,0.21 0.76,0.10 0.84,-0.00 1.50,-0.75 0.88,-0.57 0.60,-0.55 0.42,-0.31 0.36,-0.14 0.32,-0.02 0.36,0.08 0.28,0.19 0.26,0.37 0.26,0.73 0.52,0.90 0.86,0.93
0.58 0.12 48.2 | 0.80,0.36 0.84,0.24 0.75,0.13 0.83,-0.10 1.39,-1.55 0.62,-0.56 0.37,-0.50 0.37,-0.12 0.33,-0.01 0.36,0.10 0.27,0.23 0.27,0.40 0.27,0.76 0.54,0.94 0.88,0.95
0.57 0.09 50.0 | 0.78,0.35 0.81,0.22 0.77,0.11 0.85,0.01 1.52,-0.70 0.92,-0.57 0.63,-0.56 0.44,-0.33 0.37,-0.14 0.33,-0.03 0.35,0.08 0.27,0.19 0.26,0.35 0.24,0.73 0.50,0.91 0.84,0.95
0.55 0.07 50.5 | 0.78,0.35 0.78,0.19 0.77,0.09 0.83,-0.01 1.51,-0.72 0.89,-0.56 0.62,-0.59 0.43,-0.32 0.38,-0.14 0.32,-0.05 0.34,0.05 0.29,0.15 0.24,0.33 0.22,0.69 0.47,0.89 0.82,0.95
0.54 0.05 53.5 | 0.75,0.34 0.74,0.17 0.81,0.09 0.83,-0.02 1.54,-0.69 0.90,-0.55 0.63,-0.60 0.45,-0.31 0.38,-0.16 0.34,-0.07 0.34,0.02 0.30,0.11 0.22,0.29 0.18,0.65 0.41,0.88 0.76,0.95
0.52 0.03 50.5 | 0.77,0.33 0.74,0.15 0.81,0.06 0.81,-0.06 1.48,-0.76 0.85,-0.58 0.58,-0.62 0.42,-0.29 0.38,-0.14 0.33,-0.07 0.35,0.02 0.33,0.09 0.23,0.27 0.20,0.63 0.44,0.87 0.79,0.93
0.50 0.01 53.9 | 0.74,0.33 0.73,0.15 0.83,0.06 0.81,-0.06 1.55,-0.75 0.86,-0.58 0.60,-0.64 0.43,-0.30 0.37,-0.17 0.34,-0.09 0.33,-0.02 0.34,0.05 0.21,0.22 0.15,0.59 0.37,0.86 0.73,0.96
0.49 -0.01 55.6 | 0.72,0.34 0.72,0.14 0.83,0.05 0.84,-0.09 1.65,-0.81 0.87,-0.60 0.61,-0.66 0.43,-0.29 0.37,-0.18 0.33,-0.11 0.32,-0.04 0.33,0.02 0.20,0.18 0.12,0.56 0.33,0.83 0.69,0.96
0.47 -0.03 54.2 | 0.72,0.32 0.71,0.11 0.84,0.03 1.48,-0.27 1.61,-0.86 0.84,-0.62 0.58,-0.68 0.41,-0.29 0.37,-0.18 0.34,-0.12 0.33,-0.06 0.32,0.00 0.23,0.14 0.12,0.53 0.33,0.81 0.70,0.93
0.46 -0.06 55.5 | 0.72,0.32 0.71,0.11 0.82,0.01 1.50,-0.28 1.64,-0.87 0.83,-0.63 0.57,-0.68 0.41,-0.29 0.37,-0.19 0.33,-0.14 0.31,-0.08 0.33,-0.03 0.33,0.03 0.09,0.50 0.30,0.80 0.67,0.95
0.44 -0.08 54.3 | 0.72,0.31 0.73,0.10 0.82,-0.01 1.48,-0.32 1.63,-0.94 0.80,-0.65 0.54,-0.68 0.39,-0.28 0.36,-0.18 0.34,-0.13 0.31,-0.10 0.31,-0.05 0.33,0.00 0.10,0.47 0.30,0.79 0.68,0.94
0.42 -0.10 58.5 | 0.69,0.33 0.73,0.12 0.79,-0.01 1.49,-0.27 1.76,-0.92 0.78,-0.59 0.56,-0.68 0.40,-0.27 0.36,-0.20 0.35,-0.15 0.30,-0.13 0.30,-0.08 0.32,-0.03 0.13,0.30 0.22,0.76 0.59,0.96
0.42 -0.10 58.5 | 0.68,0.32 0.73,0.12 0.79,-0.01 1.50,-0.27 1.79,-0.93 0.78,-0.59 0.57,-0.69 0.40,-0.27 0.37,-0.19 0.34,-0.15 0.32,-0.12 0.32,-0.08 0.31,-0.03 0.09,0.37 0.22,0.77 0.59,0.97
0.44 -0.05 75.7 | 0.52,0.26 0.65,0.24 1.32,0.48 1.80,0.15 1.10,-0.21 0.95,-0.43 0.57,-0.27 0.46,-0.20 0.40,-0.19 0.34,-0.17 0.32,-0.12 0.28,-0.07 -0.07,0.08 -0.25,0.47 -0.06,0.78 0.37,0.45
0.43 -0.02 90.1 | 0.43,0.34 0.56,0.29 1.30,0.85 1.05,0.24 1.04,-0.02 0.70,-0.13 0.58,-0.16 0.50,-0.17 0.44,-0.19 0.37,-0.16 0.30,-0.15 -0.02,-0.21 -0.39,-0.02 -0.43,0.34 0.10,0.31 0.32,0.26
0.44 -0.04 94.5 | 0.41,0.33 1.25,0.91 1.03,0.26 1.07,0.01 0.69,-0.13 0.56,-0.15 0.51,-0.18 0.45,-0.19 0.39,-0.18 0.33,-0.16 0.04,-0.24 -0.39,-0.11 -0.46,0.25 -0.55,0.80 0.29,0.25
0.44 -0.07 95.3 | 0.40,0.33 0.72,0.85 1.25,0.90 1.04,0.25 1.07,-0.01 0.65,-0.14 0.55,-0.16 0.50,-0.19 0.45,-0.20 0.40,-0.19 0.34,-0.18 0.08,-0.26 -0.39,-0.15 -0.47,0.21 -0.56,0.76 0.28,0.23
0.44 -0.10 91.6 | 0.43,0.34 0.81,0.86 1.08,0.19 1.08,-0.08 0.63,-0.17 0.51,-0.17 0.48,-0.19 0.44,-0.20 0.41,-0.18 0.35,-0.19 0.10,-0.25 -0.38,-0.12 -0.44,0.24 -0.48,0.78 0.28,0.25
0.44 -0.10 94.7 | 0.40,0.33 0.76,0.89 1.29,0.90 1.06,0.22 1.08,-0.04 0.63,-0.16 0.53,-0.17 0.49,-0.20 0.45,-0.21 0.41,-0.19 0.37,-0.17 0.10,-0.27 -0.38,-0.16 -0.47,0.20 -0.53,0.73 0.27,0.24
0.46 -0.04 71.9 | 0.55,0.25 0.70,0.24 1.38,0.43 1.86,0.07 1.12,-0.26 0.95,-0.46 0.57,-0.26 0.47,-0.20 0.41,-0.18 0.37,-0.15 0.33,-0.10 0.27,-0.05 -0.14,0.15 -0.19,0.51 0.01,0.84 0.42,0.43
0.46 -0.02 94.1 | 0.43,0.34 0.56,0.30 1.27,0.92 1.05,0.28 1.06,0.03 0.74,-0.11 0.61,-0.15 0.54,-0.18 0.47,-0.18 0.41,-0.16 0.32,-0.17 -0.03,-0.26 -0.36,-0.07 -0.42,0.27 -0.51,0.82 0.32,0.26
0.46 -0.04 91.1 | 0.45,0.33 0.59,0.29 1.33,0.86 1.08,0.23 1.09,-0.03 0.71,-0.14 0.58,-0.16 0.52,-0.19 0.46,-0.19 0.41,-0.17 0.35,-0.16 0.05,-0.22 -0.34,-0.06 -0.40,0.30 -0.46,0.84 0.33,0.25
0.46 -0.07 95.0 | 0.42,0.33 0.57,0.29 1.28,0.90 1.07,0.25 1.12,-0.01 0.69,-0.14 0.57,-0.16 0.52,-0.20 0.47,-0.21 0.42,-0.18 0.38,-0.16 0.11,-0.25 -0.35,-0.14 -0.43,0.21 -0.50,0.74 0.29,0.25
0.46 -0.07 92.3 | 0.44,0.33 0.59,0.29 1.32,0.87 1.09,0.23 1.12,-0.04 0.69,-0.15 0.58,-0.18 0.52,-0.19 0.42,-0.18 0.37,-0.16 0.09,-0.24 -0.35,-0.10 -0.42,0.26 -0.49,0.81 0.31,0.26
0.44 -0.02 112.4 | 0.31,0.29 0.44,1.21 0.70,0.61 0.86,0.40 0.75,0.11 0.65,-0.02 0.59,-0.08 0.55,-0.13 0.50,-0.17 0.44,-0.18 0.27,-0.42 -0.15,-0.60 -0.40,-0.36 -0.70,-0.01 0.12,0.11 0.19,0.23
0.44 0.01 95.6 | 0.40,0.35 0.53,0.31 1.21,0.95 1.01,0.32 1.01,0.07 0.93,-0.14 0.63,-0.15 0.52,-0.15 0.45,-0.17 0.39,-0.15 0.27,-0.19 -0.12,-0.28 -0.39,-0.07 -0.46,0.29 0.10,0.29 0.31,0.25
0.44 -0.01 91.5 | 0.43,0.35 0.56,0.31 1.28,0.88 1.03,0.25 1.02,0.00 0.69,-0.11 0.60,-0.17 0.51,-0.17 0.44,-0.19 0.38,-0.17 0.30,-0.16 -0.02,-0.22 -0.39,-0.04 -0.44,0.32 0.09,0.31 0.32,0.24
0.44 -0.04 93.4 | 0.42,0.34 0.56,0.29 1.27,0.90 1.05,0.26 1.04,-0.00 0.70,-0.13 0.57,-0.16 0.51,-0.18 0.45,-0.19 0.39,-0.19 0.33,-0.16 0.03,-0.24 -0.38,-0.09 -0.46,0.27 -0.53,0.82 0.30,0.24
0.44 -0.07 88.7 | 0.45,0.34 0.83,0.82 1.37,0.82 1.09,0.18 1.09,-0.08 0.67,-0.17 0.55,-0.18 0.49,-0.19 0.44,-0.20 0.38,-0.20 0.34,-0.16 0.07,-0.21 -0.37,-0.05 -0.43,0.32 -0.45,0.86 0.32,0.24
0.44 -0.09 94.3 | 0.41,0.33 0.76,0.87 1.31,0.91 1.06,0.22 1.09,-0.05 0.65,-0.16 0.55,-0.19 0.49,-0.20 0.45,-0.21 0.41,-0.19 0.36,-0.19 0.11,-0.26 -0.40,-0.16 -0.45,0.20 -0.53,0.74 0.28,0.24
0.44 -0.09 97.1 | 0.39,0.32 0.72,0.90 1.28,0.99 1.07,0.26 1.08,-0.01 0.65,-0.15 0.53,-0.16 0.50,-0.19 0.46,-0.19 0.41,-0.19 0.37,-0.18 0.10,-0.28 -0.38,-0.19 -0.48,0.16 -0.61,0.73 0.26,0.23
0.43 -0.04 109.3 | 0.31,0.28 0.50,1.20 0.71,0.56 0.86,0.35 0.68,0.05 0.62,-0.05 0.56,-0.11 0.53,-0.16 0.47,-0.18 0.42,-0.20 0.25,-0.40 -0.21,-0.61 -0.45,-0.35 -0.74,0.02 0.12,0.10 0.19,0.22
0.41 -0.02 132.3 | -0.34,0.80 0.18,0.61 0.43,0.54 0.63,0.46 0.59,0.14 0.57,0.04 0.59,-0.03 0.57,-0.10 0.53,-0.16 0.55,-0.42 0.37,-0.89 0.01,-0.86 -0.44,-0.79 0.12,-0.12 0.06,-0.00 0.13,0.11
0.44 -0.03 36.2 | 1.32,0.61 0.86,0.08 0.75,-0.07 0.73,-0.20 1.07,-0.89 0.84,-1.68 0.34,-0.67 0.10,-0.58 0.23,-0.18 0.27,-0.07 0.28,-0.00 0.30,0.06 0.34,0.11 0.35,0.33 0.56,0.75 0.92,0.76
0.44 -0.03 38.9 | 1.28,0.65 0.85,0.10 0.76,-0.06 0.73,-0.18 1.11,-0.85 0.92,-1.65 0.37,-0.67 0.13,-0.59 0.25,-0.18 0.27,-0.08 0.26,-0.01 0.29,0.05 0.34,0.10 0.34,0.33 0.52,0.76 0.88,0.77
0.47 0.02 55.7 | 0.69,0.34 0.68,0.16 0.80,0.08 0.79,-0.05 1.64,-0.78 0.86,-0.58 0.60,-0.65 0.41,-0.28 0.35,-0.16 0.30,-0.09 0.29,-0.01 0.29,0.06 0.15,0.24 0.06,0.65 0.31,0.88 0.68,1.02
0.48 0.05 71.4 | 0.56,0.28 0.67,0.26 0.75,0.18 1.74,0.13 1.14,-0.17 0.97,-0.38 0.64,-0.27 0.50,-0.18 0.41,-0.17 0.36,-0.09 0.28,-0.05 0.09,0.02 -0.15,0.26 -0.16,0.61 0.06,0.90 0.45,0.42
0.47 0.02 76.1 | 0.54,0.27 0.68,0.30 0.74,0.18 1.71,0.21 1.13,-0.14 1.02,-0.39 0.64,-0.26 0.51,-0.21 0.42,-0.19 0.37,-0.12 0.33,-0.07 0.12,-0.03 -0.19,0.18 -0.21,0.52 -0.03,0.85 0.41,0.41
0.47 -0.01 78.7 | 0.52,0.26 0.66,0.29 0.74,0.18 1.83,0.27 1.15,-0.14 1.03,-0.38 0.51,-0.21 0.43,-0.19 0.37,-0.14 0.33,-0.09 0.13,-0.07 -0.19,0.13 -0.23,0.46 -0.08,0.81 0.38,0.41
0.46 -0.03 75.7 | 0.53,0.26 0.69,0.28 0.77,0.15 1.88,0.17 1.14,-0.20 1.00,-0.44 0.60,-0.27 0.42,-0.19 0.38,-0.14 0.33,-0.11 0.16,-0.07 -0.17,0.13 -0.21,0.47 -0.04,0.81 0.39,0.41
0.45 -0.06 78.4 | 0.51,0.25 0.67,0.26 1.34,0.53 1.89,0.22 1.16,-0.20 1.00,-0.43 0.58,-0.26 0.48,-0.22 0.42,-0.21 0.38,-0.16 0.36,-0.12 0.20,-0.11 -0.17,0.07 -0.24,0.41 -0.09,0.76 0.36,0.41
0.44 -0.08 79.5 | 0.51,0.26 0.66,0.25 1.34,0.53 1.90,0.23 1.14,-0.21 0.99,-0.44 0.55,-0.24 0.47,-0.22 0.42,-0.20 0.38,-0.18 0.35,-0.14 0.31,-0.11 -0.15,0.03 -0.25,0.37 -0.13,0.75 0.34,0.39
0.44 -0.11 76.2 | 0.52,0.22 0.68,0.22 1.39,0.47 1.97,0.13 1.08,-0.27 0.68,-0.29 0.51,-0.22 0.46,-0.24 0.41,-0.20 0.38,-0.19 0.36,-0.16 0.33,-0.12 0.00,-0.00 -0.22,0.38 -0.08,0.75 0.36,0.39
0.43 -0.13 74.7 | 0.53,0.21 0.69,0.20 1.39,0.41 2.04,0.07 1.04,-0.30 0.65,-0.30 0.50,-0.25 0.45,-0.24 0.41,-0.22 0.38,-0.21 0.36,-0.18 0.32,-0.15 0.01,-0.02 -0.23,0.38 -0.07,0.74 0.37,0.36
0.43 -0.13 78.5 | 0.50,0.22 0.66,0.21 1.36,0.48 2.06,0.18 1.04,-0.26 0.66,-0.28 0.51,-0.25 0.45,-0.23 0.41,-0.24 0.39,-0.19 0.36,-0.18 0.34,-0.15 -0.09,-0.03 -0.28,0.35 0.43,-0.13 0.34,0.36
0.43 -0.08 97.1 | 0.38,0.30 0.70,0.91 1.28,1.02 1.04,0.27 1.07,0.00 0.66,-0.15 0.57,-0.19 0.50,-0.21 0.44,-0.22 0.39,-0.21 0.34,-0.19 -0.06,-0.36 -0.38,-0.18 -0.51,0.18 0.04,0.22 0.27,0.19
0.41 -0.06 119.0 | 0.25,0.24 0.27,1.19 0.60,0.59 0.80,0.43 0.65,0.08 0.60,-0.03 0.57,-0.10 0.54,-0.15 0.49,-0.19 0.43,-0.24 0.28,-0.51 -0.09,-0.69 -0.40,-0.51 -0.83,-0.20 0.10,0.03 0.13,0.17
0.42 -0.08 113.4 | 0.27,0.28 0.40,1.20 0.68,0.57 0.87,0.38 0.68,0.03 0.59,-0.08 0.56,-0.13 0.53,-0.18 0.48,-0.20 0.43,-0.23 0.27,-0.47 -0.13,-0.65 -0.42,-0.45 -0.80,-0.10 0.08,0.06 0.15,0.19
0.42 -0.08 114.7 | 0.27,0.26 0.38,1.20 0.67,0.59 0.87,0.41 0.66,0.03 0.59,-0.07 0.55,-0.13 0.53,-0.18 0.48,-0.20 0.43,-0.23 0.28,-0.48 -0.42,-0.47 -0.80,-0.13 0.09,0.04 0.15,0.18
0.38 -0.04 134.0 | -0.45,0.83 0.14,0.58 0.39,0.53 0.59,0.44 0.55,0.12 0.56,0.03 0.55,-0.04 0.54,-0.10 0.51,-0.17 0.55,-0.45 0.37,-0.88 0.01,-0.89 -0.44,-0.84 0.10,-0.15 0.03,-0.03 0.09,0.09
0.36 -0.03 154.0 | -1.19,0.73 -0.04,0.42 0.16,0.57 0.38,0.22 0.45,0.15 0.51,0.11 0.53,0.03 0.57,-0.04 0.77,-0.22 0.94,-0.68 0.67,-0.91 0.29,-1.13 0.23,-0.29 0.13,-0.23 0.09,-0.12 -0.70,0.04
0.36 -0.02 151.8 | -1.15,0.79 -0.02,0.44 0.18,0.58 0.39,0.23 0.45,0.14 0.51,0.10 0.55,0.03 0.56,-0.04 0.76,-0.24 0.92,-0.70 0.63,-0.90 0.25,-1.13 0.22,-0.29 0.11,-0.23 0.07,-0.11 -0.69,0.08
0.31 0.00 152.9 | -1.17,0.76 -0.08,0.47 0.13,0.56 0.33,0.27 0.41,0.19 0.46,0.13 0.51,0.07 0.53,-0.02 0.74,-0.22 0.90,-0.69 0.60,-0.91 0.27,-0.47 0.18,-0.25 0.07,-0.21 0.05,-0.08 -0.71,0.08
0.26 0.03 154.6 | -1.20,0.72 -0.14,0.47 0.07,0.56 0.28,0.39 0.36,0.25 0.48,0.11 0.52,0.01 0.73,-0.20 0.89,-0.67 0.59,-0.91 0.24,-0.44 0.14,-0.23 0.07,-0.15 -0.10,-0.10 -0.72,0.08
0.21 0.05 149.0 | -1.11,0.85 -0.11,0.50 0.10,0.52 0.28,0.48 0.34,0.26 0.40,0.19 0.46,0.12 0.49,0.01 0.68,-0.22 0.80,-0.74 0.46,-0.96 0.15,-0.40 0.07,-0.19 0.03,-0.08 -0.48,-0.12 -0.71,0.19
0.16 0.08 148.3 | -1.10,0.87 -0.13,0.49 0.06,0.51 0.24,0.55 0.30,0.31 0.36,0.23 0.43,0.15 0.50,0.03 0.65,-0.22 0.76,-0.75 0.41,-0.95 0.11,-0.21 0.00,-0.18 0.00,-0.03 -0.52,-0.08 -0.73,0.23
0.11 0.11 149.8 | -1.12,0.83 -0.16,0.47 0.01,0.49 0.18,0.61 0.29,0.42 0.32,0.27 0.39,0.19 0.48,0.06 0.64,-0.19 0.76,-0.74 0.39,-0.94 0.07,-0.19 0.00,-0.08 -0.08,-0.04 -0.54,-0.06 -0.75,0.23
0.07 0.15 143.0 | -0.98,0.94 -0.12,0.47 0.02,0.52 0.19,0.61 0.31,0.47 0.32,0.29 0.37,0.19 0.45,0.05 0.60,-0.25 0.63,-0.80 0.22,-0.95 -0.01,-0.16 -0.18,0.00 -0.60,0.05 -0.74,0.36
0.02 0.18 144.0 | -0.93,0.87 -0.15,0.46 -0.04,0.56 0.12,0.59 0.27,0.52 0.30,0.35 0.35,0.23 0.42,0.08 0.57,-0.22 0.62,-0.80 0.03,0.12 -0.05,-0.13 -0.11,0.00 -0.45,-0.11 -0.63,0.08 -0.75,0.37
0.02 0.18 144.0 | -0.36,0.46 -0.23,0.60 -0.07,0.75 0.17,0.79 0.56,0.92 1.13,0.86 0.21,0.21 0.31,0.11 0.28,-0.01 0.28,-0.24 0.09,-0.27 -0.11,-0.36 -0.50,-0.54 -1.06,-0.48 -0.24,0.14 -0.21,0.24
0.02 0.18 144.0 | -0.25,0.38 -0.16,0.47 -0.06,0.69 0.12,0.61 0.33,0.61 0.67,0.58 1.27,0.38 0.23,0.13 0.20,0.05 0.23,-0.15 0.10,-0.34 -0.10,-0.33 -0.34,-0.32 -0.68,-0.25 -1.31,-0.03 -0.21,0.24
0.02 0.18 144.0 | -0.42,0.50 -0.31,0.72 -0.13,1.12 0.34,1.50 0.17,0.38 0.34,0.38 0.53,0.26 0.54,0.06 0.33,-0.33 0.17,-0.73 -0.27,-1.04 -0.09,0.02 -0.14,0.08 -0.39,0.11 -0.44,0.29
0.02 0.18 144.0 | -0.44,0.51 -0.32,0.73 -0.12,1.10 0.34,1.48 0.18,0.39 0.34,0.38 0.55,0.26 0.54,0.06 0.39,-0.08 0.35,-0.36 0.17,-0.74 -0.27,-1.04 -0.10,0.01 -0.13,0.09 -0.39,0.12 -0.43,0.29
0.02 0.18 144.0 | -0.44,0.51 -0.37,0.82 -0.19,1.50 0.26,1.17 0.18,0.40 0.35,0.38 0.58,0.27 0.51,0.06 0.51,-0.17 0.50,-0.60 0.14,-0.54 -0.03,-0.02 -0.09,0.03 -0.32,-0.03 -0.41,0.11 -0.45,0.29
0.02 0.18 144.0 | -0.51,0.57 -0.63,1.25 -0.12,1.10 0.08,0.42 0.25,0.50 0.51,0.48 0.56,0.27 0.61,0.04 0.75,-0.35 0.16,-0.04 0.06,-0.05 -0.03,-0.02 -0.21,-0.14 -0.35,-0.05 -0.42,0.11 -0.46,0.30
0.02 0.18 144.0 | -0.89,0.84 -0.64,1.26 -0.22,1.69 0.08,0.42 0.26,0.51 0.54,0.50 0.62,0.27 0.78,-0.00 0.69,-0.30 0.16,-0.04 0.06,-0.06 -0.07,-0.20 -0.22,-0.15 -0.35,-0.05 -0.45,0.11 -0.59,0.33
0.02 0.18 144.0 | -0.98,0.91 -0.90,1.69 -0.01,0.37 0.11,0.55 0.37,0.66 0.52,0.48 0.80,0.30 1.31,-0.13 0.27,-0.00 0.19,-0.09 0.09,-0.24 -0.07,-0.21 -0.23,-0.17 -0.38,-0.07 -0.58,0.09 -0.99,0.42
0.02 0.18 144.0 | -1.33,1.16 -0.50,1.03 -0.00,0.35 0.11,0.56 0.37,0.66 0.64,0.56 1.21,0.37 0.37,0.10 0.28,-0.01 0.25,-0.20 0.09,-0.24 -0.08,-0.25 -0.23,-0.17 -0.48,-0.13 -0.76,0.06 -1.12,0.45
0.02 0.18 144.0 | -1.31,1.15 -0.51,1.05 0.00,0.31 0.38,0.68 0.62,0.55 1.16,0.36 0.41,0.09 0.32,-0.04 0.28,-0.24 0.09,-0.23 -0.09,-0.28 -0.24,-0.18 -0.45,-0.11 -0.79,0.05 -1.09,0.45
0.02 0.18 144.0 | -1.30,1.14 -0.51,1.04 -0.09,0.90 0.05,0.31 0.38,0.68 0.61,0.54 1.13,0.36 0.44,0.08 0.33,-0.04 0.29,-0.25 0.09,-0.27 -0.09,-0.29 -0.25,-0.19 -0.43,-0.10 -0.81,0.05 -1.06,0.44
0.02 0.18 144.0 | -1.30,1.14 -0.51,1.05 -0.09,0.89 0.05,0.31 0.39,0.68 0.59,0.53 1.11,0.35 0.46,0.08 0.34,-0.05 0.29,-0.26 0.09,-0.26 -0.09,-0.29 -0.24,-0.18 -0.45,-0.11 -0.74,0.06 -1.06,0.44
0.02 0.18 144.0 | -0.17,0.32 -0.11,0.40 -0.04,0.58 0.25,1.11 0.70,1.11 1.35,0.99 1.00,0.34 0.32,0.11 0.69,-0.30 0.50,-0.60 0.10,-0.32 -0.07,-0.21 -0.21,-0.15 -0.23,0.02 -0.23,0.14 -0.25,0.25
0.02 0.18 144.0 | -0.50,0.56 -0.28,0.68 -0.06,0.70 0.09,0.45 0.17,0.38 0.62,0.28 0.75,0.01 0.52,-0.18 0.27,-0.23 0.10,-0.29 -0.11,-0.36 -0.46,-0.49 -0.74,-0.29 -0.31,0.13 -0.93,0.41
0.02 0.18 144.0 | -0.42,0.50 -0.39,0.86 -0.11,1.05 0.14,0.66 0.63,1.02 0.59,0.53 0.62,0.27 0.53,0.06 0.40,-0.09 0.16,-0.04 0.05,-0.02 -0.12,-0.43 -0.41,-0.42 -0.49,-0.14 -0.45,0.10 -0.43,0.29
0.02 0.18 144.0 | -0.41,0.49 -0.39,0.85 -0.11,1.05 0.14,0.66 0.63,1.02 0.60,0.53 0.62,0.28 0.53,0.06 0.40,-0.09 0.16,-0.04 0.05,-0.02 -0.12,-0.43 -0.41,-0.41 -0.50,-0.14 -0.45,0.11 -0.43,0.29
0.02 0.18 144.0 | -0.54,0.59 -0.42,0.91 -0.11,0.99 0.34,1.49 0.50,0.84 0.57,0.51 0.59,0.27 0.51,0.06 0.25,0.01 0.89,-1.23 0.13,-0.47 -0.15,-0.55 -0.34,-0.32 -0.36,-0.06 -0.42,0.11 -0.47,0.30
0.02 0.18 144.0 | -0.68,0.69 -0.40,0.87 -0.04,0.58 0.21,0.98 0.41,0.71 0.57,0.51 0.65,0.28 0.35,0.10 0.26,0.01 0.39,-0.42 0.14,-0.58 -0.12,-0.42 -0.24,-0.18 -0.34,-0.04 -0.44,0.11 -0.53,0.31
0.02 0.18 144.0 | -0.61,0.64 -0.19,0.52 -0.12,1.11 0.18,0.83 0.40,0.70 0.55,0.50 0.42,0.24 0.37,0.10 0.67,-0.29 0.45,-0.52 0.12,-0.45 -0.08,-0.25 -0.21,-0.14 -0.34,-0.04 -0.48,0.10 -0.71,0.36
0.02 0.18 144.0 | -0.57,0.61 -0.18,0.50 -0.01,0.39 0.19,0.88 0.40,0.70 0.56,0.51 0.61,0.27 0.42,0.09 0.69,-0.30 0.47,-0.55 0.13,-0.48 -0.08,-0.26 -0.19,-0.11 -0.34,-0.04 -0.48,0.10 -0.70,0.35
0.02 0.18 144.0 | -0.28,0.40 -0.13,0.43 -0.09,0.91 0.17,0.79 0.40,0.70 0.60,0.53 0.47,0.25 1.87,-0.26 0.76,-0.36 0.40,-0.43 0.10,-0.28 -0.06,-0.18 -0.21,-0.15 -0.39,-0.07 -0.64,0.08 -0.66,0.34
0.02 0.18 144.0 | -0.27,0.39 -0.13,0.43 -0.09,0.91 0.17,0.79 0.40,0.70 0.61,0.54 0.47,0.25 1.89,-0.27 0.77,-0.37 0.40,-0.44 0.10,-0.31 -0.06,-0.18 -0.21,-0.14 -0.41,-0.08 -0.63,0.08 -0.64,0.34
0.02 0.18 144.0 | -0.29,0.41 -0.14,0.44 -0.09,0.92 0.17,0.79 0.40,0.70 0.56,0.51 0.46,0.25 0.85,-0.02 0.74,-0.34 0.37,-0.39 0.09,-0.27 -0.06,-0.17 -0.22,-0.16 -0.38,-0.07 -0.63,0.08 -0.67,0.35
0.02 0.18 144.0 | -0.31,0.42 -0.10,0.38 -0.10,0.93 0.18,0.82 0.39,0.69 0.54,0.50 0.42,0.24 0.82,-0.01 0.72,-0.32 0.37,-0.39 0.09,-0.25 -0.07,-0.20 -0.21,-0.15 -0.36,-0.05 -0.66,0.07 -0.69,0.35
0.02 0.18 144.0 | -0.34,0.45 -0.11,0.40 -0.09,0.91 0.18,0.84 0.40,0.69 0.38,0.40 0.39,0.24 0.78,-0.00 0.69,-0.31 0.35,-0.36 0.09,-0.25 -0.07,-0.22 -0.21,-0.14 -0.36,-0.05 -0.66,0.07 -0.73,0.36
0.02 0.18 144.0 | -0.35,0.45 -0.51,1.04 -0.09,0.89 0.18,0.85 0.40,0.70 0.35,0.38 0.32,0.23 0.74,0.01 0.67,-0.29 0.33,-0.33 0.09,-0.24 -0.07,-0.22 -0.18,-0.10 -0.36,-0.06 -0.68,0.07 -0.76,0.37
0.02 0.18 144.0 | -0.36,0.46 -0.50,1.03 -0.09,0.90 0.39,0.68 0.35,0.38 0.33,0.23 0.73,0.01 0.65,-0.28 0.34,-0.34 0.09,-0.25 -0.08,-0.23 -0.18,-0.11 -0.36,-0.06 -0.69,0.07 -0.76,0.37
0.02 0.18 144.0 | -0.20,0.34 -0.40,0.86 -0.08,0.82 0.17,0.79 0.38,0.67 0.36,0.39 1.84,0.47 0.83,-0.01 0.56,-0.21 0.27,-0.23 0.09,-0.26 -0.07,-0.19 -0.24,-0.18 -0.56,-0.18 -0.71,0.06 -0.43,0.29
0.02 0.18 144.0 | -0.63,0.65 -0.32,0.74 -0.08,0.81 0.16,0.76 0.26,0.50 1.58,1.13 0.82,0.31 0.68,0.02 0.43,-0.12 0.26,-0.20 0.08,-0.18 -0.08,-0.25 -0.37,-0.36 -0.62,-0.21 -0.71,0.06 -0.32,0.26
0.02 0.18 144.0 | -0.65,0.67 -0.34,0.77 -0.08,0.85 0.16,0.77 0.26,0.51 1.56,1.12 0.82,0.31 0.62,0.04 0.41,-0.10 0.23,-0.17 0.07,-0.14 -0.07,-0.22 -0.36,-0.35 -0.62,-0.21 -0.76,0.06 -0.34,0.27
0.02 0.18 144.0 | -0.64,0.67 -0.33,0.76 -0.08,0.83 0.16,0.77 0.25,0.49 1.11,0.85 0.82,0.31 0.63,0.03 0.39,-0.09 0.25,-0.18 0.07,-0.15 -0.07,-0.20 -0.37,-0.35 -0.64,-0.23 -0.74,0.06 -0.35,0.27
0.02 0.18 144.0 | -0.49,0.55 -0.32,0.73 -0.08,0.85 0.12,0.57 1.12,1.69 0.66,0.57 0.74,0.29 0.56,0.05 0.40,-0.09 0.21,-0.13 0.09,-0.26 -0.13,-0.47 -0.42,-0.43 -0.61,-0.21 -0.33,0.12 -0.74,0.36
0.02 0.18 144.0 | -0.48,0.54 -0.29,0.70 -0.04,0.56 0.11,0.53 0.46,0.78 0.74,0.62 0.68,0.28 0.48,0.07 0.34,-0.05 0.27,-0.22 0.13,-0.48 -0.16,-0.57 -0.41,-0.42 -0.18,0.06 -0.73,0.06 -0.58,0.33
0.02 0.18 144.0 | -0.41,0.50 -0.25,0.62 -0.03,0.52 0.20,0.93 0.53,0.88 0.61,0.54 0.54,0.26 0.47,0.07 0.44,-0.12 0.39,-0.42 0.15,-0.61 -0.12,-0.41 -0.72,-0.85 -0.62,-0.21 -0.56,0.09 -0.55,0.32
0.02 0.18 144.0 | -0.35,0.45 -0.13,0.43 -0.02,0.47 0.20,0.93 0.46,0.78 0.54,0.50 0.58,0.27 0.55,0.05 0.57,-0.22 0.49,-0.58 0.14,-0.58 -0.27,-1.04 -0.41,-0.42 -0.44,-0.11 -0.50,0.10 -0.46,0.30
0.02 0.18 144.0 | -0.37,0.47 -0.22,0.58 -0.02,0.46 0.09,0.46 0.50,0.83 0.64,0.56 0.61,0.27 0.57,0.05 0.48,-0.15 0.41,-0.45 0.15,-0.65 -0.08,-0.25 -0.73,-0.86 -0.60,-0.20 -0.51,0.10 -0.49,0.30
0.02 0.18 144.0 | -0.37,0.46 -0.22,0.58 -0.02,0.47 0.09,0.47 0.50,0.84 0.64,0.56 0.63,0.28 0.56,0.05 0.49,-0.16 0.16,-0.66 -0.08,-0.26 -0.74,-0.87 -0.59,-0.19 -0.52,0.09 -0.49,0.30
0.02 0.18 144.0 | -0.36,0.46 -0.21,0.55 -0.05,0.61 0.08,0.44 0.20,0.42 0.70,0.60 0.76,0.30 0.64,0.03 0.49,-0.16 0.34,-0.34 0.15,-0.61 -0.17,-0.63 -0.16,-0.08 -1.05,-0.47 -0.65,0.07 -0.45,0.29
0.02 0.18 144.0 | -0.20,0.54 -0.04,0.58 0.12,0.57 0.18,0.39 0.27,0.33 0.79,0.30 0.55,-0.21 0.33,-0.33 0.12,-0.46 -0.17,-0.64 -0.48,-0.51 -1.03,-0.46 -1.11,0.00 -0.57,0.32
0.02 0.18 144.0 | -0.37,0.46 -0.19,0.53 -0.04,0.58 0.11,0.55 0.26,0.50 0.29,0.34 0.34,0.23 0.85,-0.02 0.69,-0.31 0.37,-0.38 0.12,-0.41 -0.14,-0.50 -0.51,-0.55 -0.23,0.02 -1.17,-0.01 -0.76,0.37
0.02 0.18 144.0 | -0.57,0.61 -0.20,0.54 -0.03,0.53 0.11,0.55 0.24,0.48 0.40,0.41 0.42,0.24 0.34,0.10 0.77,-0.36 0.47,-0.55 0.13,-0.52 -0.14,-0.48 -0.42,-0.43 -0.15,0.07 -0.48,0.10 -1.16,0.46
0.02 0.18 144.0 | -0.91,0.86 -0.30,0.70 -0.04,0.59 0.10,0.52 0.24,0.48 0.34,0.38 0.50,0.26 0.46,0.07 0.33,-0.05 0.55,-0.68 0.16,-0.70 -0.15,-0.55 -0.39,-0.39 -0.67,-0.24 -0.20,0.14 -0.45,0.29
0.02 0.18 144.0 | -0.89,0.85 -0.56,1.13 -0.07,0.75 0.12,0.59 0.22,0.46 0.33,0.37 0.41,0.24 0.54,0.06 0.42,-0.11 0.26,-0.20 0.19,-0.86 -0.19,-0.69 -0.39,-0.39 -0.56,-0.18 -0.13,0.16 -0.18,0.23
0.02 0.18 144.0 | -0.87,0.83 -0.55,1.12 -0.07,0.78 0.13,0.61 0.33,0.37 0.40,0.24 0.57,0.05 0.43,-0.11 0.25,-0.20 0.19,-0.87 -0.19,-0.70 -0.39,-0.39 -0.57,-0.18 -0.15,0.15 -0.19,0.23
0.02 0.18 144.0 | -0.91,0.86 -0.55,1.12 -0.06,0.73 0.12,0.57 0.22,0.45 0.35,0.38 0.40,0.24 0.50,0.06 0.39,-0.09 0.24,-0.18 0.19,-0.85 -0.19,-0.68 -0.42,-0.43 -0.57,-0.18 -0.15,0.15 -0.19,0.23
0.02 0.18 144.0 | -0.93,0.87 -0.57,1.14 -0.06,0.72 0.11,0.55 0.22,0.45 0.32,0.37 0.39,0.24 0.45,0.08 0.35,-0.05 0.22,-0.14 0.18,-0.81 -0.18,-0.68 -0.42,-0.43 -0.58,-0.19 -0.82,0.05 -0.23,0.24
0.02 0.18 144.0 | -0.97,0.90 -0.60,1.19 -0.07,0.74 0.11,0.56 0.22,0.45 0.37,0.23 0.41,0.09 0.33,-0.04 0.20,-0.11 0.18,-0.78 -0.19,-0.69 -0.42,-0.43 -0.59,-0.19 -0.84,0.04 -0.24,0.24
0.02 0.18 144.0 | -0.99,0.92 -0.62,1.23 -0.07,0.75 0.10,0.52 0.22,0.46 0.31,0.36 0.35,0.23 0.39,0.09 0.30,-0.02 0.19,-0.10 0.17,-0.77 -0.18,-0.68 -0.41,-0.42 -0.61,-0.21 -0.84,0.04 -0.26,0.25
0.02 0.18 144.0 | -0.99,0.92 -0.63,1.24 -0.07,0.74 0.10,0.52 0.23,0.46 0.30,0.35 0.37,0.23 0.37,0.10 0.27,0.00 0.18,-0.07 0.17,-0.77 -0.18,-0.67 -0.41,-0.42 -0.60,-0.20 -0.86,0.04 -0.29,0.25
0.02 0.18 144.0 | -1.01,0.93 -0.64,1.26 -0.07,0.76 0.11,0.54 0.24,0.48 0.28,0.34 0.36,0.23 0.35,0.10 0.27,0.00 0.16,-0.04 0.07,-0.15 -0.18,-0.66 -0.42,-0.42 -0.60,-0.20 -0.89,0.04 -0.30,0.26
0.02 0.18 144.0 | -1.02,0.94 -0.65,1.27 -0.06,0.72 0.11,0.54 0.23,0.47 0.28,0.34 0.35,0.23 0.34,0.10 0.25,0.02 0.15,-0.02 0.07,-0.13 -0.18,-0.65 -0.40,-0.40 -0.88,0.04 -0.32,0.26
0.02 0.18 144.0 | -1.03,0.94 -0.65,1.28 -0.06,0.73 0.11,0.54 0.23,0.46 0.28,0.34 0.36,0.23 0.33,0.11 0.25,0.02 0.14,-0.02 -0.18,-0.66 -0.41,-0.41 -0.62,-0.22 -0.89,0.04 -0.30,0.26
0.02 0.18 144.0 | -1.01,0.93 -0.64,1.26 -0.07,0.74 0.11,0.53 0.22,0.46 0.29,0.34 0.35,0.23 0.36,0.10 0.26,0.01 0.16,-0.04 0.08,-0.15 -0.18,-0.66 -0.41,-0.42 -0.62,-0.22 -0.86,0.04 -0.30,0.26
0.02 0.18 144.0 | -1.02,0.94 -0.65,1.28 -0.06,0.73 0.11,0.55 0.22,0.46 0.27,0.33 0.35,0.23 0.33,0.11 0.25,0.01 0.15,-0.03 0.07,-0.14 -0.18,-0.65 -0.41,-0.41 -0.61,-0.21 -0.88,0.04 -0.31,0.26
0.02 0.18 144.0 | -1.04,0.95 -0.66,1.29 -0.05,0.66 0.11,0.53 0.22,0.46 0.28,0.34 0.37,0.23 0.33,0.11 0.22,0.04 0.13,-0.00 0.07,-0.13 -0.17,-0.63 -0.40,-0.40 -0.61,-0.21 -0.90,0.03 -0.32,0.26
0.02 0.18 144.0 | -1.04,0.95 -0.67,1.30 -0.05,0.67 0.11,0.53 0.22,0.45 0.36,0.23 0.33,0.11 0.23,0.03 0.14,-0.00 0.07,-0.12 -0.18,-0.65 -0.41,-0.41 -0.62,-0.21 -0.88,0.04 -0.32,0.26
0.02 0.18 144.0 | -1.02,0.93 -0.64,1.26 -0.07,0.75 0.11,0.54 0.22,0.46 0.29,0.34 0.34,0.23 0.35,0.10 0.26,0.01 0.16,-0.05 0.08,-0.16 -0.18,-0.65 -0.41,-0.41 -0.62,-0.21 -0.84,0.04 -0.31,0.26
0.02 0.18 144.0 | -1.00,0.92 -0.62,1.23 -0.07,0.75 0.11,0.54 0.23,0.46 0.31,0.36 0.36,0.23 0.38,0.10 0.30,-0.02 0.18,-0.08 0.17,-0.77 -0.18,-0.65 -0.42,-0.43 -0.61,-0.20 -0.86,0.04 -0.28,0.25
0.02 0.18 144.0 | -0.99,0.92 -0.63,1.24 -0.07,0.74 0.11,0.53 0.23,0.46 0.28,0.34 0.34,0.23 0.37,0.10 0.26,0.01 0.16,-0.04 -0.18,-0.65 -0.41,-0.41 -0.62,-0.21 -0.85,0.04 -0.27,0.25
0.02 0.18 144.0 | -1.02,0.94 -0.64,1.26 -0.07,0.75 0.11,0.53 0.22,0.46 0.26,0.33 0.35,0.23 0.34,0.10 0.25,0.01 0.15,-0.03 0.07,-0.13 -0.18,-0.64 -0.40,-0.41 -0.61,-0.21 -0.88,0.04 -0.32,0.26
0.02 0.18 144.0 | -1.05,0.96 -0.66,1.30 -0.05,0.66 0.11,0.54 0.22,0.45 0.27,0.33 0.36,0.23 0.31,0.11 0.24,0.02 0.07,-0.14 -0.18,-0.65 -0.40,-0.41 -0.60,-0.20 -0.89,0.04 -0.31,0.26
0.02 0.18 144.0 | -0.24,0.37 -0.66,1.29 -0.18,1.48 0.14,0.69 0.24,0.48 0.31,0.36 0.33,0.23 0.37,0.10 0.27,0.00 0.15,-0.02 0.06,-0.04 -0.05,-0.12 -0.47,-0.50 -0.58,-0.19 -0.71,0.06 -0.87,0.40
0.02 0.18 144.0 | -0.27,0.40 -0.67,1.30 -0.17,1.41 0.13,0.63 0.23,0.47 0.29,0.35 0.32,0.23 0.37,0.10 0.27,0.00 0.14,-0.01 0.05,-0.02 -0.05,-0.11 -0.46,-0.49 -0.59,-0.20 -0.71,0.06 -0.89,0.40
0.02 0.18 144.0 | -0.27,0.39 -0.67,1.31 -0.17,1.40 0.13,0.63 0.24,0.48 0.31,0.35 0.30,0.22 0.37,0.10 0.26,0.00 0.14,-0.01 0.05,-0.02 -0.04,-0.09 -0.47,-0.50 -0.59,-0.20 -0.71,0.06 -0.90,0.40
0.02 0.18 144.0 | -0.76,0.75 -0.63,1.25 -0.07,0.78 0.11,0.56 0.24,0.47 0.29,0.34 0.37,0.24 0.35,0.10 0.24,0.02 0.15,-0.03 0.07,-0.13 -0.17,-0.64 -0.40,-0.40 -0.58,-0.19 -0.83,0.05 -0.59,0.33
0.00 0.00 0.0 | 1.20,0.00 1.06,-0.44 0.38,-0.38 0.14,-0.33 0.00,-0.35 -0.13,-0.31 -0.26,-0.26 -0.35,-0.14 -0.30,-0.00 -0.32,0.13 -0.69,0.69 -0.32,0.77 -0.00,0.74 0.28,0.67 0.64,0.64 0.29,0.12
0.00 0.00 0.0 | 0.44,0.00 0.39,-0.16 0.26,-0.26 0.18,-0.43 0.00,-0.73 -0.31,-0.74 -0.32,-0.32 -0.91,-0.38 -0.71,-0.00 -0.62,0.26 -0.45,0.45 -0.15,0.36 -0.00,0.31 0.29,0.69 0.55,0.55 0.57,0.23
0.00 0.00 0.0 | 0.25,0.00 0.21,-0.09 0.25,-0.25 0.28,-0.68 0.00,-0.86 -0.74,-0.31 -0.76,-0.00 -0.41,0.17 -0.84,0.84 -0.27,0.66 -0.00,0.71 0.19,0.45 0.23,0.23 0.23,0.10
0.00 0.00 0.0 | 0.61,0.00 0.63,-0.26 0.31,-0.31 0.17,-0.40 0.00,-0.85 -0.33,-0.80 -0.45,-0.45 -1.77,-0.73 -0.94,-0.00 -0.58,0.24 -0.23,0.23 -0.07,0.16 -0.00,0.18 0.07,0.18 0.15,0.15 0.40,0.17
0.00 0.00 0.0 | 0.37,0.00 0.15,-0.06 0.11,-0.11 0.05,-0.12 0.00,-0.15 -0.09,-0.22 -0.29,-0.29 -0.50,-0.21 -0.64,-0.00 -0.41,0.17 -0.31,0.31 -0.35,0.83 -0.00,0.96 0.27,0.64 0.71,0.71 0.87,0.36
0.00 0.00 0.0 | 0.68,0.00 0.19,-0.08 0.13,-0.13 0.07,-0.16 -0.07,-0.17 -0.28,-0.28 -0.52,-0.22 -0.61,-0.00 -0.55,0.23 -0.30,0.30 -0.14,0.34 -0.00,0.90 0.26,0.63 1.24,1.24 0.89,0.37
0.00 0.00 0.0 | 0.46,0.00 0.25,-0.11 0.11,-0.11 0.07,-0.16 -0.06,-0.15 -0.23,-0.23 -0.77,-0.32 -0.92,-0.00 -0.58,0.24 -0.71,0.71 -0.00,0.58 0.41,0.99 0.55,0.55 0.65,0.27
0.00 0.00 0.0 | 0.32,0.00 0.22,-0.09 0.15,-0.15 0.06,-0.15 0.00,-0.16 -0.07,-0.16 -0.23,-0.23 -0.87,-0.36 -1.11,-0.00 -0.60,0.25 -0.71,0.71 -0.33,0.79 -0.00,0.90 0.42,1.01 0.33,0.33 0.46,0.19
0.00 0.00 0.0 | 0.36,0.00 0.17,-0.07 0.14,-0.14 0.07,-0.17 0.00,-0.17 -0.07,-0.18 -0.17,-0.17 -0.39,-0.16 -1.19,-0.00 -0.68,0.28 -0.75,0.75 -0.23,0.55 -0.00,0.89 0.40,0.96 0.29,0.29 0.40,0.16
0.00 0.00 0.0 | 0.30,0.00 0.21,-0.09 0.12,-0.12 0.07,-0.18 0.00,-0.23 -0.09,-0.22 -0.23,-0.23 -0.97,-0.40 -1.24,-0.00 -1.31,0.54 -0.72,0.72 -0.24,0.58 -0.00,0.80 0.37,0.90 0.23,0.23 0.32,0.13
0.00 0.00 0.0 | 0.91,0.00 0.19,-0.08 0.18,-0.18 0.10,-0.24 0.00,-0.24 -0.08,-0.20 -0.13,-0.13 -0.22,-0.09 -0.32,-0.00 -0.35,0.14 -0.78,0.78 -0.50,1.20 -0.00,1.46 0.14,0.34 0.58,0.58 0.70,0.29
0.00 0.00 0.0 | 0.86,0.00 0.17,-0.07 0.14,-0.14 0.09,-0.23 0.00,-0.26 -0.17,-0.17 -0.27,-0.11 -0.37,-0.00 -0.54,0.22 -0.94,0.94 -0.38,0.91 -0.00,1.28 0.21,0.50 0.54,0.54 0.68,0.28
0.00 0.00 0.0 | 0.76,0.00 0.22,-0.09 0.12,-0.12 0.06,-0.15 0.00,-0.29 -0.13,-0.32 -0.22,-0.22 -0.37,-0.16 -0.48,-0.00 -0.60,0.25 -0.92,0.92 -0.71,1.70 -0.00,0.31 0.18,0.43 0.47,0.47 0.58,0.24
0.00 0.00 0.0 | 0.47,0.00 0.02,-0.02 0.13,-0.30 0.00,-0.27 -0.06,-0.13 -0.16,-0.16 -0.55,-0.23 -0.77,-0.00 -1.04,0.43 -0.27,0.27 -0.17,0.41 -0.00,0.50 0.18,0.42 0.24,0.24 0.35,0.14
0.00 0.00 0.0 | 0.45,0.00 0.67,-0.28 0.76,-0.76 0.12,-0.30 0.00,-0.26 -0.05,-0.13 -0.15,-0.15 -0.55,-0.23 -0.80,-0.00 -1.04,0.43 -0.27,0.27 -0.17,0.41 -0.00,0.50 0.18,0.45 0.24,0.24 0.35,0.14
0.00 0.00 0.0 | 0.32,0.00 0.39,-0.16 0.49,-0.49 0.40,-0.97 0.00,-1.13 -0.11,-0.26 -0.11,-0.11 -0.22,-0.09 -0.65,-0.00 -0.74,0.31 -0.98,0.98 -0.15,0.37 -0.00,0.41 0.20,0.48 0.29,0.29 0.28,0.12
0.00 0.00 0.0 | 0.30,0.00 0.29,-0.12 0.28,-0.28 0.26,-0.63 0.00,-1.05 -0.43,-1.03 -0.21,-0.21 -0.18,-0.08 -0.26,-0.00 -0.64,0.64 -0.56,1.35 -0.00,0.44 0.14,0.35 0.36,0.36 0.33,0.14
0.00 0.00 0.0 | 0.32,0.00 0.32,-0.13 0.30,-0.30 0.27,-0.66 0.00,-1.05 -0.43,-1.05 -0.20,-0.20 -0.14,-0.06 -0.24,-0.00 -0.64,0.26 -0.61,0.61 -0.56,1.35 -0.00,0.42 0.15,0.37 0.37,0.37 0.34,0.14
0.00 0.00 0.0 | 0.33,0.00 0.33,-0.14 0.30,-0.72 0.00,-1.06 -0.11,-0.28 -0.17,-0.17 -0.13,-0.05 -0.23,-0.00 -0.61,0.25 -0.60,0.60 -0.55,1.33 -0.00,0.40 0.16,0.39 0.38,0.38 0.36,0.15
0.00 0.00 0.0 | 0.34,0.00 0.36,-0.15 0.33,-0.81 0.00,-1.07 -0.11,-0.26 -0.17,-0.17 -0.11,-0.05 -0.22,-0.00 -0.60,0.25 -0.58,0.58 -0.55,1.32 -0.00,0.41 0.16,0.39 0.39,0.39 0.39,0.16
0.00 0.00 0.0 | 0.36,0.00 0.38,-0.16 0.33,-0.33 0.35,-0.85 0.00,-1.10 -0.10,-0.25 -0.08,-0.08 -0.10,-0.04 -0.20,-0.00 -0.57,0.24 -0.57,0.57 -0.54,1.30 -0.00,0.40 0.17,0.42 0.40,0.40 0.43,0.18
0.00 0.00 0.0 | 0.35,0.00 0.36,-0.15 0.34,-0.34 0.35,-0.86 0.00,-1.11 -0.10,-0.24 -0.10,-0.04 -0.56,0.23 -0.57,0.57 -0.54,1.30 -0.00,0.43 0.17,0.40 0.40,0.40 0.42,0.17
0.00 0.00 0.0 | 0.36,0.00 0.29,-0.12 0.25,-0.25 0.17,-0.40 0.00,-0.92 -0.42,-1.02 -0.20,-0.20 -0.22,-0.09 -0.13,-0.00 -0.25,0.10 -0.52,0.52 -0.36,0.88 -0.00,1.51 0.16,0.38 0.27,0.27 0.48,0.20
0.00 0.00 0.0 | 0.48,0.00 0.30,-0.13 0.21,-0.21 0.13,-0.33 0.00,-0.44 -0.36,-0.87 -0.80,-0.80 -0.30,-0.13 -0.27,-0.00 -0.18,0.07 -0.46,0.46 -0.30,0.72 -0.00,0.96 0.60,1.45 0.31,0.31 0.35,0.14
0.00 0.00 0.0 | 0.48,0.00 0.31,-0.13 0.23,-0.23 0.14,-0.33 0.00,-0.45 -0.36,-0.87 -0.80,-0.80 -0.27,-0.11 -0.22,-0.00 -0.13,0.05 -0.32,0.32 -0.29,0.71 -0.00,0.94 0.61,1.47 0.32,0.32 0.37,0.15
0.00 0.00 0.0 | 0.51,0.00 0.31,-0.13 0.24,-0.24 0.15,-0.37 0.00,-0.46 -0.37,-0.88 -0.77,-0.77 -0.25,-0.11 -0.20,-0.00 -0.11,0.05 -0.18,0.18 -0.28,0.69 -0.00,0.95 0.61,1.48 0.32,0.32 0.37,0.15
0.00 0.00 0.0 | 0.51,0.00 0.32,-0.13 0.25,-0.25 0.16,-0.38 0.00,-0.57 -0.37,-0.90 -0.77,-0.77 -0.24,-0.10 -0.19,-0.00 -0.10,0.04 -0.15,0.15 -0.28,0.69 -0.00,0.95 0.62,1.50 0.32,0.32 0.38,0.16
0.00 0.00 0.0 | 0.53,0.00 0.34,-0.14 0.28,-0.28 0.16,-0.40 0.00,-0.61 -0.38,-0.92 -0.76,-0.76 -0.21,-0.09 -0.16,-0.00 -0.10,0.04 -0.13,0.13 -0.27,0.65 -0.00,0.96 0.63,1.52 0.33,0.33 0.40,0.16
0.00 0.00 0.0 | 0.53,0.00 0.33,-0.14 0.26,-0.26 0.16,-0.39 0.00,-0.61 -0.38,-0.91 -0.76,-0.76 -0.22,-0.09 -0.16,-0.00 -0.09,0.04 -0.13,0.13 -0.28,0.67 -0.00,0.95 0.62,1.51 0.33,0.33 0.40,0.17
0.00 0.00 0.0 | 0.42,0.00 0.45,-0.19 0.23,-0.23 0.13,-0.31 0.00,-0.40 -0.20,-0.49 -0.72,-0.72 -1.01,-0.42 -0.28,-0.00 -0.14,0.06 -0.12,0.12 -0.23,0.57 -0.00,0.76 0.36,0.87 1.09,1.09 0.42,0.17
0.00 0.00 0.0 | 0.45,0.00 0.36,-0.15 0.31,-0.31 0.13,-0.32 0.00,-0.32 -0.15,-0.37 -0.33,-0.33 -0.97,-0.40 -1.11,-0.00 -0.30,0.12 -0.11,0.11 -0.10,0.23 -0.00,0.61 0.29,0.71 0.76,0.76
0.00 0.00 0.0 | 0.34,0.00 0.36,-0.15 0.25,-0.25 0.17,-0.40 0.00,-0.37 -0.12,-0.28 -0.27,-0.27 -0.47,-0.20 -1.18,-0.00 -1.06,0.44 -0.24,0.24 -0.09,0.21 0.25,0.60 0.54,0.54 1.01,0.42
0.00 0.00 0.0 | 1.19,0.00 0.27,-0.11 0.27,-0.27 0.13,-0.30 0.00,-0.42 -0.14,-0.33 -0.22,-0.22 -0.36,-0.15 -0.66,-0.00 -1.08,0.45 -0.83,0.83 -0.08,0.20 -0.00,0.23 0.23,0.55 0.47,0.47 0.73,0.30
0.00 0.00 0.0 | 1.32,0.00 0.30,-0.13 0.26,-0.26 0.17,-0.41 0.00,-0.42 -0.12,-0.28 -0.22,-0.22 -0.36,-0.15 -0.67,-0.00 -1.05,0.44 -0.82,0.82 -0.13,0.31 -0.00,0.23 0.21,0.52 0.47,0.47 0.75,0.31
0.00 0.00 0.0 | 1.37,0.00 0.35,-0.14 0.26,-0.26 0.19,-0.45 0.00,-0.39 -0.10,-0.24 -0.21,-0.21 -0.36,-0.15 -0.65,-0.00 -1.03,0.43 -0.79,0.79 -0.13,0.31 -0.00,0.20 0.12,0.28 0.50,0.50 0.80,0.33
0.00 0.00 0.0 | 1.37,0.00 0.35,-0.14 0.26,-0.26 0.18,-0.43 0.00,-0.40 -0.10,-0.25 -0.20,-0.20 -0.36,-0.15 -0.63,-0.00 -1.03,0.42 -0.80,0.80 -0.12,0.30 -0.00,0.19 0.11,0.28 0.49,0.49 0.79,0.33
0.00 0.00 0.0 | 1.29,0.00 0.31,-0.13 0.25,-0.25 0.16,-0.40 0.00,-0.42 -0.12,-0.29 -0.22,-0.22 -0.37,-0.16 -0.67,-0.00 -1.06,0.44 -0.82,0.82 -0.13,0.31 -0.00,0.25 0.21,0.52 0.48,0.48 0.74,0.31
0.00 0.00 0.0 | 1.27,0.00 0.30,-0.13 0.26,-0.26 0.16,-0.38 0.00,-0.42 -0.12,-0.29 -0.22,-0.22 -0.37,-0.15 -0.68,-0.00 -1.06,0.44 -0.83,0.83 -0.13,0.30 -0.00,0.23 0.22,0.53 0.48,0.48 0.74,0.31
0.00 0.00 0.0 | 1.33,0.00 0.33,-0.14 0.25,-0.25 0.18,-0.42 0.00,-0.41 -0.11,-0.27 -0.22,-0.22 -0.36,-0.15 -0.65,-0.00 -1.04,0.43 -0.81,0.81 -0.12,0.29 -0.00,0.20 0.11,0.27 0.48,0.48 0.76,0.32
0.00 0.00 0.0 | 1.34,0.00 0.35,-0.14 0.17,-0.42 0.00,-0.40 -0.11,-0.26 -0.22,-0.22 -0.37,-0.15 -0.65,-0.00 -1.04,0.43 -0.80,0.80 -0.12,0.30 -0.00,0.18 0.12,0.28 0.49,0.49 0.77,0.32
0.00 0.00 0.0 | 1.22,0.00 0.30,-0.12 0.26,-0.26 0.14,-0.33 0.00,-0.43 -0.13,-0.30 -0.22,-0.22 -0.37,-0.15 -0.67,-0.00 -1.09,0.45 -0.83,0.83 -0.09,0.21 -0.00,0.24 0.22,0.53 0.48,0.48 0.72,0.30
0.00 0.00 0.0 | 1.17,0.00 0.30,-0.12 0.25,-0.25 0.13,-0.32 0.00,-0.43 -0.14,-0.33 -0.23,-0.23 -0.36,-0.15 -0.67,-0.00 -1.09,0.45 -0.85,0.85 -0.09,0.21 -0.00,0.26 0.22,0.54 0.48,0.48 0.72,0.30
0.00 0.00 0.0 | 1.33,0.00 0.31,-0.13 0.26,-0.26 0.17,-0.41 -0.12,-0.28 -0.22,-0.22 -0.65,-0.00 -1.06,0.44 -0.81,0.81 -0.13,0.31 -0.00,0.22 0.21,0.51 0.47,0.47 0.75,0.31
0.00 0.00 0.0 | 1.36,0.00 0.36,-0.15 0.26,-0.26 0.18,-0.44 0.00,-0.41 -0.11,-0.26 -0.22,-0.22 -0.35,-0.15 -0.65,-0.00 -1.01,0.42 -0.80,0.80 -0.12,0.30 -0.00,0.19 0.11,0.27 0.49,0.49 0.78,0.32
0.00 0.00 0.0 | 1.36,0.00 0.36,-0.15 0.26,-0.26 0.18,-0.42 0.00,-0.41 -0.11,-0.26 -0.21,-0.21 -0.37,-0.15 -0.64,-0.00 -1.03,0.43 -0.80,0.80 -0.12,0.30 -0.00,0.19 0.11,0.27 0.48,0.48 0.78,0.32
0.00 0.00 0.0 | 1.24,0.00 0.30,-0.12 0.27,-0.27 0.16,-0.39 0.00,-0.41 -0.12,-0.30 -0.22,-0.22 -0.35,-0.14 -0.66,-0.00 -1.07,0.44 -0.81,0.81 -0.13,0.32 -0.00,0.24 0.22,0.54 0.48,0.48 0.75,0.31
0.00 0.00 0.0 | 1.22,0.00 0.30,-0.13 0.26,-0.26 0.15,-0.36 0.00,-0.42 -0.13,-0.30 -0.22,-0.22 -0.37,-0.15 -0.67,-0.00 -1.08,0.45 -0.83,0.83 -0.13,0.32 -0.00,0.25 0.22,0.53 0.48,0.48 0.74,0.31
0.00 0.00 0.0 | 1.32,0.00 0.32,-0.13 0.26,-0.26 0.17,-0.41 0.00,-0.41 -0.10,-0.25 -0.22,-0.22 -0.37,-0.15 -0.65,-0.00 -1.05,0.44 -0.04,0.04 -0.12,0.30 -0.00,0.20 0.11,0.28 0.49,0.49 0.78,0.32
0.00 0.00 0.0 | 1.37,0.00 0.37,-0.15 0.18,-0.44 0.00,-0.39 -0.10,-0.24 -0.20,-0.20 -0.34,-0.14 -0.62,-0.00 -1.02,0.42 -0.79,0.79 -0.12,0.30 -0.00,0.19 0.11,0.26 0.49,0.49 0.79,0.33
0.00 0.00 0.0 | 1.40,0.00 0.37,-0.15 0.26,-0.26 0.18,-0.44 0.00,-0.38 -0.10,-0.24 -0.21,-0.21 -0.63,-0.00 -1.01,0.42 -0.79,0.79 -0.12,0.30 -0.00,0.21 0.11,0.26 0.49,0.49 0.79,0.33
0.00 0.00 0.0 | 1.30,0.00 0.32,-0.13 0.27,-0.27 0.00,-0.41 -0.11,-0.27 -0.22,-0.22 -0.36,-0.15 -0.66,-0.00 -1.06,0.44 -0.81,0.81 -0.13,0.30 -0.00,0.22 0.12,0.30 0.48,0.48 0.77,0.32
0.00 0.00 0.0 | 1.27,0.00 0.31,-0.13 0.26,-0.26 0.17,-0.41 0.00,-0.41 -0.12,-0.29 -0.36,-0.15 -0.66,-0.00 -1.06,0.44 -0.82,0.82 -0.13,0.31 -0.00,0.23 0.21,0.52 0.48,0.48 0.75,0.31
0.00 0.00 0.0 | 0.18,0.00 0.35,-0.14 0.27,-0.27 0.18,-0.43 0.00,-0.40 -0.11,-0.25 -0.21,-0.21 -0.36,-0.15 -0.63,-0.00 -1.04,0.43 -0.79,0.79 -0.13,0.31 -0.00,0.19 0.11,0.27 0.49,0.49 0.78,0.32
0.00 0.00 0.0 | 1.41,0.00 0.38,-0.16 0.25,-0.25 0.19,-0.45 0.00,-0.38 -0.10,-0.25 -0.20,-0.20 -0.33,-0.14 -0.60,-0.00 -1.00,0.41 -0.78,0.78 -0.13,0.31 -0.00,0.19 0.10,0.25 0.50,0.50 0.80,0.33
0.00 0.00 0.0 | 1.41,0.00 0.39,-0.16 0.26,-0.26 0.19,-0.46 0.00,-0.38 -0.10,-0.24 -0.21,-0.21 -0.34,-0.14 -0.99,0.41 -0.77,0.77 -0.13,0.30 -0.00,0.19 0.11,0.26 0.48,0.48 0.81,0.33
0.00 0.00 0.0 | 1.34,0.00 0.35,-0.14 0.18,-0.42 0.00,-0.40 -0.10,-0.24 -0.21,-0.21 -0.36,-0.15 -0.63,-0.00 -1.04,0.43 -0.80,0.80 -0.13,0.31 -0.00,0.20 0.12,0.29 0.48,0.48 0.78,0.32
0.00 0.00 0.0 | 1.20,0.00 0.29,-0.12 0.28,-0.28 0.15,-0.36 0.00,-0.42 -0.13,-0.31 -0.22,-0.22 -0.37,-0.15 -0.66,-0.00 -1.07,0.44 -0.84,0.84 -0.13,0.32 -0.00,0.23 0.22,0.53 0.48,0.48 0.73,0.30
0.00 0.00 0.0 | 1.18,0.00 0.29,-0.12 0.26,-0.26 0.13,-0.31 0.00,-0.43 -0.13,-0.32 -0.23,-0.23 -0.37,-0.15 -0.67,-0.00 -1.08,0.45 -0.82,0.82 -0.08,0.20 -0.00,0.23 0.22,0.52 0.47,0.47 0.73,0.30
0.00 0.00 0.0 | 0.27,0.00 0.57,-0.24 0.56,-0.56 0.41,-0.98 0.00,-0.36 -0.16,-0.38 -0.25,-0.25 -0.40,-0.17 -0.33,-0.00 -0.26,0.11 -0.25,0.25 -0.18,0.45 -0.00,1.03 0.45,1.07 0.25,0.25 0.17,0.07
0.00 0.00 0.0 | 0.29,0.00 0.61,-0.25 0.57,-0.57 0.42,-1.02 0.00,-0.36 -0.14,-0.35 -0.27,-0.27 -0.36,-0.15 -0.30,-0.00 -0.25,0.10 -0.23,0.23 -0.18,0.43 -0.00,1.02 0.45,1.09 0.25,0.25 0.19,0.08
0.00 0.00 0.0 | 0.32,0.00 0.62,-0.26 0.59,-0.59 0.42,-1.03 0.00,-0.34 -0.13,-0.32 -0.28,-0.28 -0.35,-0.14 -0.24,0.10 -0.22,0.22 -0.17,0.41 -0.00,1.01 0.45,1.08 0.27,0.27 0.22,0.09
0.00 0.00 0.0 | 0.34,0.00 0.66,-0.27 0.60,-0.60 0.44,-1.07 0.00,-0.35 -0.12,-0.30 -0.29,-0.29 -0.33,-0.14 -0.25,-0.00 -0.21,0.09 -0.20,0.20 -0.17,0.40 -0.00,1.00 0.04,0.09 0.28,0.28 0.24,0.10
0.00 0.00 0.0 | 0.66,-0.27 0.61,-0.61 0.47,-1.13 0.00,-0.37 -0.11,-0.28 -0.29,-0.29 -0.31,-0.13 -0.25,-0.00 -0.20,0.08 -0.20,0.20 -0.16,0.38 -0.00,1.00 0.46,1.11 0.30,0.30 0.25,0.10
0.00 0.00 0.0 | 0.37,0.00 0.70,-0.29 0.63,-0.63 0.16,-0.38 0.00,-0.37 -0.10,-0.25 -0.28,-0.28 -0.29,-0.12 -0.22,-0.00 -0.17,0.07 -0.17,0.17 -0.15,0.36 -0.00,0.99 0.46,1.12 0.31,0.31 0.27,0.11
0.00 0.00 0.0 | 0.41,0.00 0.73,-0.30 0.67,-0.67 0.14,-0.35 0.00,-0.38 -0.10,-0.25 -0.26,-0.26 -0.26,-0.11 -0.20,-0.00 -0.16,0.07 -0.15,0.15 -0.14,0.34 -0.00,0.96 0.47,1.14 0.30,0.12
0.00 0.00 0.0 | 0.43,0.00 0.77,-0.32 0.71,-0.71 0.14,-0.34 0.00,-0.36 -0.11,-0.26 -0.26,-0.26 -0.26,-0.11 -0.18,-0.00 -0.12,0.29 -0.00,0.92 0.47,1.13 0.46,0.46 0.31,0.13
0.00 0.00 0.0 | 0.46,0.00 0.79,-0.33 0.73,-0.73 0.14,-0.34 0.00,-0.32 -0.11,-0.27 -0.24,-0.24 -0.23,-0.09 -0.16,-0.00 -0.13,0.05 -0.11,0.11 -0.10,0.23 -0.00,0.76 0.47,1.13 0.48,0.48 0.35,0.15
0.00 0.00 0.0 | 0.46,0.00 0.79,-0.33 0.73,-0.73 0.14,-0.35 0.00,-0.31 -0.12,-0.28 -0.23,-0.23 -0.22,-0.09 -0.15,-0.00 -0.13,0.05 -0.12,0.12 -0.10,0.24 -0.00,0.74 0.47,1.13 0.47,0.47 0.35,0.14
0.00 0.00 0.0 | 0.33,0.00 0.49,-0.20 0.59,-0.59 0.38,-0.92 0.00,-0.38 -0.15,-0.37 -0.20,-0.20 -0.35,-0.15 -0.29,-0.00 -0.17,0.07 -0.13,0.13 -0.09,0.23 -0.00,0.38 0.39,0.94 0.85,0.85 0.40,0.17
0.00 0.00 0.0 | 0.40,0.00 0.25,-0.10 0.48,-0.48 0.00,-1.01 -0.15,-0.35 -0.28,-0.28 -0.30,-0.12 -0.42,-0.00 -0.28,0.12 -0.13,0.13 -0.08,0.19 -0.00,0.27 0.15,0.37 0.82,0.82 1.09,0.45
0.00 0.00 0.0 | 0.42,0.00 0.28,-0.12 0.54,-0.54 0.33,-0.80 0.00,-0.98 -0.14,-0.33 -0.25,-0.25 -0.29,-0.12 -0.37,-0.00 -0.26,0.11 -0.13,0.13 -0.07,0.17 -0.00,0.26 0.16,0.38 0.84,0.84 1.11,0.46
0.00 0.00 0.0 | 0.45,0.00 0.28,-0.12 0.55,-0.55 0.33,-0.80 0.00,-0.99 -0.13,-0.32 -0.22,-0.22 -0.28,-0.12 -0.33,-0.00 -0.25,0.10 -0.13,0.13 -0.00,0.24 0.15,0.37 0.80,0.80 1.12,0.46
0.00 0.00 0.0 | 0.48,0.00 0.34,-0.14 0.55,-0.55 0.33,-0.80 0.00,-0.99 -0.13,-0.32 -0.19,-0.19 -0.27,-0.11 -0.32,-0.00 -0.23,0.10 -0.13,0.13 -0.06,0.15 -0.00,0.22 0.15,0.37 0.80,0.80 1.16,0.48
0.00 0.00 0.0 | 0.47,0.00 0.34,-0.14 0.56,-0.56 0.34,-0.81 0.00,-0.97 -0.13,-0.32 -0.19,-0.19 -0.28,-0.12 -0.32,-0.00 -0.24,0.10 -0.12,0.12 -0.06,0.14 -0.00,0.22 0.15,0.36 0.78,0.78 1.15,0.47
0.00 0.00 0.0 | 1.20,0.00 0.40,-0.17 0.20,-0.20 0.29,-0.70 0.00,-0.86 -0.38,-0.93 -0.26,-0.26 -0.30,-0.12 -0.34,-0.00 -0.31,0.13 -0.20,0.20 -0.06,0.16 -0.00,0.18 0.10,0.24 0.30,0.30 1.06,0.44
0.00 0.00 0.0 | 1.09,0.00 1.09,-0.45 0.29,-0.29 0.11,-0.26 0.00,-0.76 -0.34,-0.82 -0.73,-0.73 -0.37,-0.15 -0.36,-0.00 -0.38,0.16 -0.25,0.25 -0.08,0.19 -0.00,0.17 0.09,0.21 0.19,0.19 0.37,0.15
0.00 0.00 0.0 | 1.05,0.00 1.03,-0.43 0.25,-0.25 0.12,-0.29 0.00,-0.37 -0.34,-0.81 -0.75,-0.75 -0.42,-0.17 -0.43,-0.00 -0.42,0.17 -0.25,0.25 -0.07,0.18 -0.00,0.19 0.08,0.20 0.21,0.21 0.52,0.21
0.00 0.00 0.0 | 1.06,0.00 0.47,-0.19 0.24,-0.24 0.10,-0.24 0.00,-0.77 -0.38,-0.91 -0.74,-0.74 -0.47,-0.20 -0.50,-0.00 -0.36,0.15 -0.15,0.15 -0.08,0.19 -0.00,0.20 0.11,0.26 0.31,0.31 0.97,0.40
0.00 0.00 0.0 | 0.51,0.00 0.28,-0.12 0.19,-0.19 0.14,-0.34 0.00,-0.94 -0.50,-1.21 -0.36,-0.36 -0.43,-0.18 -0.46,-0.00 -0.22,0.09 -0.17,0.17 -0.09,0.21 -0.00,0.27 0.16,0.38 0.64,0.64 0.96,0.40
0.00 0.00 0.0 | 0.48,0.00 0.26,-0.11 0.18,-0.18 0.08,-0.20 0.00,-0.94 -0.49,-1.19 -0.39,-0.39 -0.44,-0.18 -0.49,-0.00 -0.23,0.10 -0.17,0.17 -0.08,0.20 -0.00,0.28 0.19,0.46 0.65,0.65 0.94,0.39
0.00 0.00 0.0 | 0.49,0.00 0.28,-0.11 0.19,-0.19 0.13,-0.32 0.00,-0.94 -0.50,-1.20 -0.39,-0.39 -0.44,-0.18 -0.46,-0.00 -0.22,0.09 -0.16,0.16 -0.08,0.20 -0.00,0.28 0.18,0.43 0.65,0.65 0.96,0.40
0.00 0.00 0.0 | 0.52,0.00 0.29,-0.12 0.18,-0.18 0.28,-0.68 -0.53,-1.27 -0.38,-0.38 -0.42,-0.17 -0.43,-0.00 -0.19,0.08 -0.16,0.16 -0.08,0.18 -0.00,0.27 0.13,0.30 0.64,0.64 0.97,0.40
0.00 0.00 0.0 | 0.53,0.00 0.31,-0.13 0.18,-0.18 0.29,-0.70 0.00,-0.96 -0.57,-1.38 -0.38,-0.38 -0.42,-0.17 -0.41,-0.00 -0.19,0.08 -0.14,0.14 -0.00,0.26 0.12,0.30 0.65,0.65 0.99,0.41
0.00 0.00 0.0 | 0.55,0.00 0.34,-0.14 0.19,-0.19 0.29,-0.71 0.00,-0.96 -0.58,-1.40 -0.37,-0.37 -0.43,-0.18 -0.38,-0.00 -0.17,0.07 -0.14,0.14 -0.07,0.17 -0.00,0.24 0.12,0.29 0.65,0.65 1.02,0.42
0.00 0.00 0.0 | 0.54,0.00 0.33,-0.14 0.19,-0.19 0.29,-0.70 0.00,-0.97 -0.57,-1.38 -0.36,-0.36 -0.42,-0.18 -0.40,-0.00 -0.18,0.07 -0.13,0.13 -0.07,0.17 -0.00,0.24 0.12,0.29 0.65,0.65 1.00,0.41
0.00 0.00 0.0 | 0.31,0.00 0.23,-0.10 0.26,-0.26 0.35,-0.84 0.00,-1.27 -0.19,-0.46 -0.31,-0.31 -0.43,-0.18 -0.24,-0.00 -0.19,0.08 -0.15,0.15 -0.11,0.26 -0.00,0.32 0.33,0.81 0.76,0.76 1.09,0.45
0.00 0.00 0.0 | 0.28,0.00 0.21,-0.09 0.64,-0.64 0.42,-1.00 0.00,-0.51 -0.18,-0.44 -0.38,-0.38 -0.25,-0.10 -0.25,-0.00 -0.21,0.09 -0.21,0.21 -0.12,0.30 -0.00,0.84 0.40,0.96 0.81,0.81 0.27,0.11
0.00 0.00 0.0 | 0.29,0.00 0.29,-0.12 0.63,-0.63 0.04,-0.11 0.00,-0.50 -0.17,-0.40 -0.36,-0.36 -0.22,-0.09 -0.21,-0.00 -0.20,0.08 -0.11,0.27 -0.00,0.81 0.39,0.95 0.81,0.81 0.29,0.12
0.00 0.00 0.0 | 0.32,0.00 0.33,-0.14 0.65,-0.65 0.47,-1.15 0.00,-0.51 -0.17,-0.41 -0.32,-0.32 -0.20,-0.08 -0.20,-0.00 -0.18,0.07 -0.16,0.16 -0.11,0.27 -0.00,0.79 0.39,0.95 0.83,0.83 0.30,0.12
0.00 0.00 0.0 | 0.33,0.00 0.37,-0.15 0.66,-0.66 0.49,-1.18 0.00,-0.52 -0.17,-0.41 -0.31,-0.31 -0.18,-0.07 -0.19,-0.00 -0.16,0.07 -0.15,0.15 -0.10,0.25 -0.00,0.68 0.40,0.97 0.84,0.84 0.32,0.13
0.00 0.00 0.0 | 0.34,0.00 0.41,-0.17 0.69,-0.69 0.50,-1.21 0.00,-0.53 -0.17,-0.42 -0.29,-0.29 -0.15,-0.06 -0.17,-0.00 -0.15,0.06 -0.13,0.13 -0.10,0.24 -0.00,0.61 0.39,0.94 0.84,0.84 0.34,0.14
0.00 0.00 0.0 | 0.37,0.00 0.76,-0.31 0.70,-0.70 0.51,-1.22 0.00,-0.53 -0.18,-0.43 -0.26,-0.26 -0.13,-0.05 -0.15,-0.00 -0.14,0.06 -0.11,0.11 -0.10,0.23 -0.00,0.57 0.39,0.94 0.85,0.85 0.37,0.15
0.00 0.00 0.0 | 0.36,0.00 0.75,-0.31 0.70,-0.70 0.51,-1.23 0.00,-0.54 -0.18,-0.44 -0.25,-0.25 -0.14,-0.06 -0.14,-0.00 -0.13,0.05 -0.11,0.11 -0.09,0.21 -0.00,0.58 0.39,0.95 0.85,0.85 0.35,0.15
0.00 0.00 0.0 | 0.36,0.00 0.86,-0.36 0.82,-0.82 0.19,-0.45 0.00,-0.41 -0.19,-0.45 -0.13,-0.13 -0.16,-0.07 -0.18,-0.00 -0.19,0.08 -0.18,0.18 -0.23,0.55 -0.00,1.00 0.43,1.04 0.24,0.24 0.33,0.14
0.00 0.00 0.0 | 0.86,0.00 0.98,-0.41 0.35,-0.35 0.17,-0.42 0.00,-0.51 -0.15,-0.36 -0.15,-0.15 -0.19,-0.08 -0.23,-0.00 -0.30,0.12 -0.42,0.42 -0.38,0.91 -0.00,1.10 0.13,0.30 0.21,0.21 0.24,0.10
0.00 0.00 0.0 | 1.01,0.00 1.44,-0.60 0.37,-0.37 0.18,-0.43 0.00,-0.42 -0.10,-0.24 -0.16,-0.16 -0.23,-0.10 -0.32,-0.00 -0.53,0.22 -0.71,0.71 -0.41,0.99 -0.00,0.32 0.11,0.28 0.15,0.15 0.69,0.29
0.00 0.00 0.0 | 1.03,0.00 1.43,-0.59 0.35,-0.35 0.17,-0.42 0.00,-0.42 -0.09,-0.22 -0.16,-0.16 -0.22,-0.09 -0.32,-0.00 -0.54,0.22 -0.71,0.71 -0.41,1.00 -0.00,0.30 0.11,0.28 0.16,0.16 0.70,0.29
0.00 0.00 0.0 | 1.43,0.00 0.41,-0.17 0.27,-0.27 0.19,-0.45 0.00,-0.34 -0.10,-0.23 -0.19,-0.19 -0.32,-0.13 -0.60,-0.00 -1.00,0.41 -0.78,0.78 -0.12,0.30 -0.00,0.24 0.10,0.25 0.49,0.49 0.82,0.34
0.00 0.00 0.0 | 0.39,0.00 0.35,-0.15 0.33,-0.33 0.16,-0.38 0.00,-0.27 -0.10,-0.25 -0.23,-0.23 -0.42,-0.17 -1.04,-0.00 -1.04,0.43 -0.23,0.23 -0.08,0.20 -0.00,0.29 0.25,0.61 0.59,0.59 1.08,0.45
0.00 0.00 0.0 | 0.34,0.00 0.33,-0.14 0.27,-0.27 0.15,-0.37 0.00,-0.32 -0.10,-0.24 -0.24,-0.24 -0.44,-0.18 -1.06,-0.00 -0.08,0.03 -0.26,0.26 -0.08,0.20 -0.00,0.31 0.25,0.61 0.56,0.56 1.05,0.43
0.00 0.00 0.0 | 1.30,0.00 0.30,-0.12 0.23,-0.23 0.15,-0.36 0.00,-0.38 -0.13,-0.31 -0.20,-0.20 -0.32,-0.13 -0.50,-0.00 -1.11,0.46 -0.84,0.84 -0.14,0.35 -0.00,0.26 0.23,0.55 0.51,0.51 0.76,0.31
0.00 0.00 0.0 | 1.31,0.00 0.31,-0.13 0.24,-0.24 0.15,-0.37 0.00,-0.38 -0.11,-0.27 -0.20,-0.20 -0.31,-0.13 -0.48,-0.00 -1.09,0.45 -0.84,0.84 -0.14,0.34 -0.00,0.26 0.23,0.55 0.51,0.51 0.77,0.32
0.00 0.00 0.0 | 1.34,0.00 0.34,-0.14 0.24,-0.24 0.17,-0.40 0.00,-0.35 -0.10,-0.24 -0.20,-0.20 -0.32,-0.13 -0.47,-0.00 -1.08,0.45 -0.80,0.80 -0.14,0.33 -0.00,0.23 0.13,0.31 0.51,0.51 0.77,0.32
0.00 0.00 0.0 | 1.35,0.00 0.24,-0.24 0.16,-0.40 0.00,-0.37 -0.10,-0.24 -0.19,-0.19 -0.31,-0.13 -0.47,-0.00 -1.07,0.45 -0.82,0.82 -0.13,0.32 -0.00,0.21 0.13,0.31 0.50,0.50 0.78,0.32
0.00 0.00 0.0 | 1.24,0.00 0.30,-0.12 0.24,-0.24 0.14,-0.33 0.00,-0.40 -0.12,-0.29 -0.20,-0.20 -0.31,-0.13 -0.49,-0.00 -1.12,0.46 -0.84,0.84 -0.14,0.34 0.24,0.57 0.50,0.50 0.76,0.31
0.00 0.00 0.0 | 0.41,0.00 0.21,-0.09 0.21,-0.21 0.24,-0.58 0.00,-0.75 -0.34,-0.81 -0.24,-0.24 -0.28,-0.12 -0.30,-0.00 -0.39,0.16 -0.28,0.28 -0.12,0.28 -0.00,0.32 0.17,0.40 0.56,0.56 1.10,0.45
0.00 0.00 0.0 | 0.43,0.00 0.23,-0.10 0.21,-0.21 0.00,-0.74 -0.33,-0.80 -0.21,-0.21 -0.28,-0.11 -0.28,-0.00 -0.35,0.15 -0.26,0.26 -0.13,0.30 -0.00,0.29 0.16,0.39 0.57,0.57 1.10,0.46
0.00 0.00 0.0 | 0.44,0.00 0.27,-0.11 0.26,-0.26 0.24,-0.58 0.00,-0.75 -0.33,-0.80 -0.19,-0.19 -0.27,-0.11 -0.25,-0.00 -0.33,0.14 -0.27,0.27 -0.12,0.30 -0.00,0.29 0.16,0.38 0.55,0.55 1.13,0.47
0.00 0.00 0.0 | 0.47,0.00 0.30,-0.12 0.41,-0.41 0.25,-0.60 0.00,-0.75 -0.35,-0.84 -0.18,-0.18 -0.25,-0.10 -0.24,-0.00 -0.31,0.13 -0.25,0.25 -0.13,0.31 -0.00,0.29 0.15,0.37 0.56,0.56 1.16,0.48
0.00 0.00 0.0 | 0.49,0.00 0.32,-0.13 0.43,-0.43 0.25,-0.61 0.00,-0.76 -0.37,-0.90 -0.16,-0.16 -0.21,-0.00 -0.30,0.12 -0.24,0.24 -0.13,0.30 -0.00,0.28 0.15,0.36 0.57,0.57 1.16,0.48
0.00 0.00 0.0 | 0.50,0.00 0.34,-0.14 0.45,-0.45 0.27,-0.64 0.00,-0.74 -0.38,-0.91 -0.14,-0.14 -0.23,-0.09 -0.20,-0.00 -0.26,0.11 -0.23,0.23 -0.12,0.29 -0.00,0.27 0.15,0.36 0.57,0.57 1.18,0.49
0.00 0.00 0.0 | 0.50,0.00 0.33,-0.13 0.45,-0.45 0.26,-0.63 0.00,-0.75 -0.38,-0.91 -0.15,-0.15 -0.24,-0.10 -0.19,-0.00 -0.23,0.10 -0.23,0.23 -0.00,0.28 0.15,0.36 0.49,0.49 1.16,0.48
0.00 0.00 0.0 | 1.29,0.00 0.41,-0.17 0.23,-0.23 0.23,-0.55 0.00,-0.66 -0.29,-0.71 -0.71,-0.71 -0.23,-0.10 -0.28,-0.00 -0.20,0.08 -0.26,0.26 -0.13,0.30 -0.00,0.30 0.11,0.26 0.29,0.29 0.77,0.32
0.00 0.00 0.0 | 1.00,0.00 0.12,-0.05 0.30,-0.30 0.11,-0.26 0.00,-0.49 -0.26,-0.63 -0.55,-0.55 -0.97,-0.40 -0.29,-0.00 -0.30,0.12 -0.18,0.18 -0.16,0.38 -0.00,0.35 0.11,0.26 0.22,0.22 0.43,0.18
0.00 0.00 0.0 | 0.87,0.00 1.13,-0.47 0.30,-0.30 0.10,-0.23 0.00,-0.34 -0.25,-0.61 -0.57,-0.57 -0.99,-0.41 -0.32,0.13 -0.20,0.20 -0.15,0.37 -0.00,0.35 0.09,0.22 0.22,0.22 0.40,0.17
0.00 0.00 0.0 | 0.89,0.00 1.12,-0.47 0.10,-0.24 0.00,-0.33 -0.26,-0.62 -0.57,-0.57 -1.00,-0.41 -0.30,-0.00 -0.33,0.14 -0.21,0.21 -0.15,0.37 -0.00,0.34 0.09,0.23 0.22,0.22 0.41,0.17
0.00 0.00 0.0 | 1.13,0.00 0.86,-0.35 0.24,-0.24 0.11,-0.26 0.00,-0.68 -0.31,-0.75 -0.67,-0.67 -0.34,-0.14 -0.41,-0.00 -0.29,0.12 -0.28,0.28 -0.13,0.31 -0.00,0.23 0.11,0.27 0.66,0.27
0.00 0.00 0.0 | 1.14,0.00 0.31,-0.13 0.15,-0.15 0.12,-0.30 0.00,-0.76 -0.38,-0.91 -1.03,-1.03 -0.40,-0.17 -0.34,-0.00 -0.43,0.18 -0.25,0.25 -0.10,0.23 -0.00,0.30 0.15,0.35 0.46,0.46 0.99,0.41
0.00 0.00 0.0 | 1.11,0.00 0.30,-0.12 0.14,-0.14 0.11,-0.27 0.00,-0.75 -0.37,-0.89 -1.04,-1.04 -0.41,-0.17 -0.38,-0.00 -0.44,0.18 -0.24,0.24 -0.10,0.24 -0.00,0.28 0.14,0.34 0.46,0.46 0.96,0.40
0.00 0.00 0.0 | 1.15,0.00 0.34,-0.14 0.14,-0.14 0.24,-0.57 0.00,-0.78 -0.37,-0.90 -0.31,-0.31 -0.39,-0.16 -0.33,-0.00 -0.41,0.17 -0.25,0.25 -0.09,0.22 -0.00,0.28 0.14,0.33 0.47,0.47 1.01,0.42
0.00 0.00 0.0 | 1.17,0.00 0.32,-0.13 0.15,-0.15 0.25,-0.59 0.00,-0.79 -0.31,-0.31 -0.38,-0.16 -0.34,-0.00 -0.42,0.17 -0.24,0.24 -0.09,0.22 -0.00,0.28 0.14,0.34 0.47,0.47 0.98,0.41
0.00 0.00 0.0 | 1.14,0.00 0.28,-0.12 0.14,-0.14 0.12,-0.28 0.00,-0.75 -0.38,-0.92 -1.04,-1.04 -0.41,-0.17 -0.34,-0.00 -0.43,0.18 -0.24,0.24 -0.10,0.23 -0.00,0.30 0.15,0.35 0.47,0.47 0.95,0.40
0.00 0.00 0.0 | 1.16,0.00 0.31,-0.13 0.15,-0.15 0.12,-0.30 0.00,-0.79 -0.37,-0.89 -0.67,-0.67 -0.38,-0.16 -0.35,-0.00 -0.43,0.18 -0.24,0.24 -0.09,0.22 -0.00,0.29 0.15,0.35 0.46,0.46 0.99,0.41
0.00 0.00 0.0 | 1.17,0.00 0.32,-0.13 0.18,-0.18 0.27,-0.65 0.00,-0.82 -0.37,-0.88 -0.28,-0.28 -0.37,-0.15 -0.32,-0.00 -0.41,0.17 -0.26,0.26 -0.09,0.22 -0.00,0.28 0.15,0.36 0.46,0.46 1.01,0.42
0.00 0.00 0.0 | 1.19,0.00 0.33,-0.14 0.17,-0.17 0.27,-0.64 0.00,-0.81 -0.37,-0.89 -0.38,-0.16 -0.33,-0.00 -0.42,0.18 -0.25,0.25 -0.09,0.21 -0.00,0.28 0.14,0.35 0.46,0.46 1.01,0.42
0.00 0.00 0.0 | 1.13,0.00 0.30,-0.12 0.14,-0.14 0.11,-0.27 0.00,-0.75 -0.37,-0.89 -1.04,-1.04 -0.40,-0.17 -0.36,-0.00 -0.42,0.17 -0.24,0.24 -0.10,0.24 -0.00,0.29 0.15,0.36 0.47,0.47 0.97,0.40
0.00 0.00 0.0 | 1.12,0.00 0.29,-0.12 0.15,-0.15 0.11,-0.27 0.00,-0.73 -0.37,-0.90 -1.04,-1.04 -0.41,-0.17 -0.37,-0.00 -0.44,0.18 -0.24,0.24 -0.10,0.25 -0.00,0.28 0.15,0.35 0.47,0.47 0.97,0.40
0.00 0.00 0.0 | 1.18,0.00 0.31,-0.13 0.15,-0.15 0.25,-0.60 0.00,-0.80 -0.38,-0.91 -0.31,-0.31 -0.38,-0.16 -0.34,-0.00 -0.42,0.17 -0.25,0.25 -0.10,0.24 -0.00,0.28 0.15,0.35 0.47,0.47 0.99,0.41
0.00 0.00 0.0 | 1.20,0.00 0.33,-0.14 0.16,-0.16 0.27,-0.65 0.00,-0.82 -0.37,-0.89 -0.29,-0.29 -0.38,-0.16 -0.33,-0.00 -0.41,0.17 -0.24,0.24 -0.09,0.21 -0.00,0.28 0.14,0.35 0.47,0.47 1.01,0.42
0.00 0.00 0.0 | 1.20,0.00 0.33,-0.14 0.17,-0.17 0.27,-0.65 0.00,-0.81 -0.36,-0.88 -0.28,-0.28 -0.37,-0.15 -0.32,-0.00 -0.24,0.24 -0.09,0.21 -0.00,0.28 0.14,0.34 0.47,0.47 1.01,0.42
0.00 0.00 0.0 | 1.13,0.00 0.32,-0.13 0.13,-0.13 0.00,-0.75 -0.37,-0.89 -1.04,-1.04 -0.40,-0.17 -0.36,-0.00 -0.42,0.17 -0.23,0.23 -0.10,0.24 -0.00,0.28 0.15,0.36 0.46,0.46 0.97,0.40
0.00 0.00 0.0 | 1.13,0.00 0.28,-0.12 0.13,-0.13 0.11,-0.28 0.00,-0.73 -0.37,-0.89 -1.04,-1.04 -0.40,-0.17 -0.37,-0.00 -0.43,0.18 -0.23,0.23 -0.10,0.24 -0.00,0.30 0.15,0.36 0.47,0.47 0.97,0.40
0.00 0.00 0.0 | 1.15,0.00 0.31,-0.13 0.25,-0.60 0.00,-0.78 -0.37,-0.90 -0.32,-0.32 -0.38,-0.16 -0.34,-0.00 -0.42,0.17 -0.26,0.26 -0.09,0.22 -0.00,0.29 0.14,0.35 0.47,0.47 0.99,0.41
0.00 0.00 0.0 | 1.19,0.00 0.17,-0.17 0.00,-0.81 -0.37,-0.88 -0.28,-0.28 -0.38,-0.16 -0.31,-0.00 -0.40,0.17 -0.25,0.25 -0.10,0.23 -0.00,0.27 0.14,0.34 0.46,0.46 1.02,0.42
0.00 0.00 0.0 | 1.18,0.00 0.33,-0.14 0.17,-0.17 0.27,-0.65 0.00,-0.80 -0.37,-0.89 -0.28,-0.28 -0.36,-0.15 -0.41,0.17 -0.24,0.24 -0.09,0.21 -0.00,0.27 0.14,0.35 0.47,0.47 1.02,0.42
0.00 0.00 0.0 | 1.14,0.00 0.31,-0.13 0.15,-0.15 0.00,-0.76 -0.37,-0.90 -1.05,-1.05 -0.40,-0.16 -0.35,-0.00 -0.43,0.18 -0.24,0.24 -0.09,0.22 -0.00,0.29 0.15,0.35 0.47,0.47 0.98,0.40
0.00 0.00 0.0 | 1.13,0.00 0.29,-0.12 0.15,-0.15 0.11,-0.28 0.00,-0.75 -0.37,-0.89 -1.04,-1.04 -0.41,-0.17 -0.36,-0.00 -0.43,0.18 -0.24,0.24 -0.10,0.24 -0.00,0.29 0.15,0.36 0.46,0.46 0.96,0.40
0.00 0.00 0.0 | 1.16,0.00 0.32,-0.13 0.15,-0.15 0.26,-0.63 0.00,-0.78 -0.38,-0.91 -0.29,-0.29 -0.38,-0.16 -0.33,-0.00 -0.26,0.26 -0.09,0.22 -0.00,0.29 0.14,0.35 0.48,0.48 1.00,0.42
0.00 0.00 0.0 | 1.20,0.00 0.33,-0.14 0.18,-0.18 0.26,-0.64 0.00,-0.80 -0.37,-0.89 -0.28,-0.28 -0.36,-0.15 -0.32,-0.00 -0.40,0.17 -0.24,0.24 -0.09,0.22 -0.00,0.27 0.14,0.34 0.47,0.47 1.02,0.42
0.00 0.00 0.0 | 1.19,0.00 0.33,-0.14 0.19,-0.19 0.27,-0.66 0.00,-0.81 -0.37,-0.90 -0.27,-0.27 -0.38,-0.16 -0.31,-0.00 -0.39,0.16 -0.24,0.24 -0.09,0.22 -0.00,0.27 0.14,0.33 0.46,0.46 1.02,0.42
0.00 0.00 0.0 | 1.15,0.00 0.30,-0.12 0.14,-0.14 0.12,-0.29 0.00,-0.77 -0.38,-0.92 -1.04,-1.04 -0.40,-0.16 -0.35,-0.00 -0.42,0.17 -0.24,0.24 -0.09,0.23 -0.00,0.29 0.15,0.36 0.47,0.47 0.99,0.41
0.00 0.00 0.0 | 1.14,0.00 0.31,-0.13 0.13,-0.13 0.12,-0.29 0.00,-0.74 -0.38,-0.91 -1.03,-1.03 -0.41,-0.17 -0.36,-0.00 -0.42,0.17 -0.23,0.23 -0.10,0.24 -0.00,0.28 0.15,0.36 0.47,0.47 0.98,0.41
0.00 0.00 0.0 | 1.18,0.00 0.32,-0.13 0.16,-0.16 0.27,-0.65 0.00,-0.81 -0.37,-0.90 -0.29,-0.29 -0.38,-0.16 -0.35,-0.00 -0.41,0.17 -0.24,0.24 -0.10,0.23 -0.00,0.27 0.14,0.35 0.47,0.47 0.99,0.41
0.00 0.00 0.0 | 1.22,0.00 0.32,-0.13 0.18,-0.18 0.27,-0.65 0.00,-0.81 -0.37,-0.88 -0.28,-0.28 -0.37,-0.15 -0.31,-0.00 -0.40,0.17 -0.24,0.24 -0.09,0.22 -0.00,0.28 0.13,0.33 0.47,0.47 1.01,0.42
0.00 0.00 0.0 | 1.20,0.00 0.34,-0.14 0.19,-0.19 0.27,-0.65 0.00,-0.80 -0.36,-0.87 -0.27,-0.27 -0.38,-0.16 -0.31,-0.00 -0.40,0.17 -0.23,0.23 -0.09,0.21 -0.00,0.28 0.14,0.33 0.47,0.47 1.01,0.42
0.00 0.00 0.0 | 1.15,0.00 0.30,-0.12 0.15,-0.15 0.12,-0.29 0.00,-0.76 -0.38,-0.91 -1.04,-1.04 -0.39,-0.16 -0.36,-0.00 -0.42,0.17 -0.24,0.24 -0.09,0.23 -0.00,0.30 0.15,0.36 0.47,0.47 0.99,0.41
0.00 0.00 0.0 | 1.12,0.00 0.30,-0.13 0.15,-0.15 0.12,-0.28 0.00,-0.75 -0.38,-0.91 -1.03,-1.03 -0.40,-0.17 -0.37,-0.00 -0.42,0.17 -0.24,0.24 -0.10,0.23 -0.00,0.30 0.14,0.35 0.47,0.47 0.98,0.41
0.00 0.00 0.0 | 1.19,0.00 0.32,-0.13 0.16,-0.16 0.26,-0.63 0.00,-0.79 -0.37,-0.89 -0.31,-0.31 -0.39,-0.16 -0.32,-0.00 -0.42,0.17 -0.24,0.24 -0.09,0.23 -0.00,0.28 0.15,0.35 0.47,0.47 1.00,0.42
0.00 0.00 0.0 | 1.21,0.00 0.34,-0.14 0.19,-0.19 0.27,-0.66 0.00,-0.82 -0.37,-0.89 -0.26,-0.26 -0.37,-0.15 -0.31,-0.00 -0.41,0.17 -0.24,0.24 -0.09,0.21 -0.00,0.27 0.14,0.34 0.46,0.46 1.01,0.42
0.00 0.00 0.0 | 1.21,0.00 0.33,-0.14 0.20,-0.20 0.27,-0.65 0.00,-0.82 -0.37,-0.89 -0.27,-0.27 -0.37,-0.15 -0.31,-0.00 -0.42,0.17 -0.24,0.24 -0.09,0.22 -0.00,0.27 0.14,0.33 0.47,0.47 1.03,0.43
0.00 0.00 0.0 | 1.15,0.00 0.31,-0.13 0.14,-0.14 0.12,-0.30 0.00,-0.77 -0.37,-0.90 -1.05,-1.05 -0.40,-0.17 -0.42,0.17 -0.24,0.24 -0.09,0.23 -0.00,0.30 0.15,0.35 0.98,0.40
0.00 0.00 0.0 | 0.33,0.00 0.28,-0.12 0.18,-0.18 0.26,-0.62 0.00,-0.83 -0.43,-1.04 -0.29,-0.29 -0.38,-0.16 -0.47,-0.00 -0.38,0.16 -0.17,0.17 -0.11,0.26 -0.00,0.32 0.16,0.38 0.68,0.68 1.04,0.43
0.00 0.00 0.0 | 0.38,0.00 0.26,-0.11 0.21,-0.21 0.26,-0.63 0.00,-0.85 -0.44,-1.06 -0.27,-0.27 -0.33,-0.14 -0.42,-0.00 -0.36,0.15 -0.19,0.19 -0.10,0.23 -0.00,0.31 0.15,0.37 0.69,0.69 1.08,0.45
0.00 0.00 0.0 | 0.40,0.00 0.24,-0.10 0.25,-0.25 0.27,-0.65 0.00,-0.85 -0.45,-1.08 -0.26,-0.26 -0.27,-0.11 -0.39,-0.00 -0.31,0.13 -0.18,0.18 -0.08,0.19 -0.00,0.29 0.16,0.38 0.71,0.71 1.10,0.46
0.00 0.00 0.0 | 0.43,0.00 0.25,-0.10 0.26,-0.26 0.28,-0.68 0.00,-0.86 -0.47,-1.12 -0.26,-0.26 -0.26,-0.11 -0.39,-0.00 -0.30,0.13 -0.18,0.18 -0.08,0.18 -0.00,0.27 0.16,0.38 0.70,0.70 1.13,0.47
0.00 0.00 0.0 | 0.45,0.00 0.27,-0.11 0.46,-0.46 0.30,-0.72 0.00,-0.88 -0.14,-0.34 -0.25,-0.25 -0.23,-0.10 -0.35,-0.00 -0.28,0.12 -0.18,0.18 -0.07,0.18 -0.00,0.25 0.16,0.38 0.71,0.71 1.15,0.48
0.00 0.00 0.0 | 0.47,0.00 0.29,-0.12 0.47,-0.47 0.31,-0.74 0.00,-0.94 -0.13,-0.31 -0.25,-0.25 -0.22,-0.09 -0.34,-0.00 -0.28,0.11 -0.18,0.18 -0.07,0.18 -0.00,0.24 0.72,0.72 1.16,0.48
0.00 0.00 0.0 | 0.49,0.00 0.32,-0.13 0.50,-0.50 0.31,-0.75 0.00,-0.97 -0.12,-0.28 -0.23,-0.23 -0.20,-0.08 -0.32,-0.00 -0.25,0.11 -0.17,0.17 -0.08,0.18 -0.00,0.22 0.13,0.32 0.72,0.72 1.18,0.49
0.00 0.00 0.0 | 0.52,0.00 0.35,-0.15 0.56,-0.56 0.33,-0.79 -0.11,-0.27 -0.21,-0.21 -0.19,-0.08 -0.31,-0.00 -0.25,0.10 -0.18,0.18 -0.07,0.17 -0.00,0.19 0.13,0.30 0.71,0.71 1.19,0.49
0.00 0.00 0.0 | 0.50,0.00 0.35,-0.14 0.33,-0.78 0.00,-0.97 -0.12,-0.28 -0.22,-0.22 -0.19,-0.08 -0.30,-0.00 -0.25,0.10 -0.17,0.17 -0.00,0.18 0.12,0.29 0.66,0.66 1.19,0.49
0.00 0.00 0.0 | 1.23,0.00 0.42,-0.17 0.24,-0.24 0.30,-0.72 0.00,-0.82 -0.37,-0.90 -0.22,-0.22 -0.32,-0.13 -0.23,-0.00 -0.33,0.14 -0.21,0.21 -0.08,0.20 -0.00,0.18 0.09,0.23 0.28,0.28 0.99,0.41
0.00 0.00 0.0 | 1.13,0.00 1.09,-0.45 0.30,-0.30 0.11,-0.27 0.00,-0.70 -0.32,-0.76 -0.70,-0.70 -0.34,-0.14 -0.37,-0.00 -0.29,0.12 -0.28,0.28 -0.12,0.28 -0.00,0.19 0.07,0.17 0.18,0.18 0.37,0.15
0.00 0.00 0.0 | 1.02,0.00 1.05,-0.44 0.28,-0.28 0.13,-0.31 0.00,-0.37 -0.30,-0.74 -0.72,-0.72 -0.40,-0.17 -0.44,-0.00 -0.33,0.14 -0.27,0.27 -0.11,0.25 -0.00,0.18 0.08,0.19 0.17,0.17 0.34,0.14
0.00 0.00 0.0 | 0.94,0.00 1.03,-0.43 0.40,-0.40 0.14,-0.34 0.00,-0.29 -0.29,-0.71 -0.67,-0.67 -0.47,-0.19 -0.47,-0.00 -0.38,0.16 -0.27,0.27 -0.08,0.20 -0.00,0.18 0.08,0.19 0.17,0.17 0.31,0.13
0.00 0.00 0.0 | 1.14,0.00 0.55,-0.23 0.26,-0.26 0.11,-0.26 0.00,-0.74 -0.35,-0.85 -0.95,-0.95 -0.45,-0.19 -0.36,0.15 -0.15,0.15 -0.07,0.18 -0.00,0.20 0.07,0.17 0.23,0.23 0.82,0.34
0.00 0.00 0.0 | 1.11,0.00 0.56,-0.23 0.26,-0.26 0.10,-0.25 0.00,-0.76 -0.36,-0.86 -0.94,-0.94 -0.44,-0.18 -0.40,-0.00 -0.38,0.16 -0.13,0.13 -0.07,0.17 -0.00,0.18 0.08,0.19 0.23,0.23 0.82,0.34
0.00 0.00 0.0 | 1.07,0.00 1.11,-0.46 0.25,-0.25 0.11,-0.26 0.00,-0.75 -0.36,-0.87 -0.92,-0.92 -0.45,-0.19 -0.41,-0.00 -0.39,0.16 -0.14,0.14 -0.08,0.19 -0.00,0.19 0.09,0.21 0.21,0.21 0.80,0.33
0.00 0.00 0.0 | 1.06,0.00 1.08,-0.45 0.22,-0.22 0.12,-0.28 0.00,-0.34 -0.36,-0.88 -0.92,-0.92 -0.49,-0.20 -0.46,-0.00 -0.44,0.18 -0.14,0.14 -0.08,0.20 -0.00,0.17 0.10,0.25 0.19,0.19 0.76,0.31
0.00 0.00 0.0 | 1.09,0.00 0.29,-0.12 0.20,-0.20 0.09,-0.22 0.00,-0.90 -0.44,-1.05 -0.39,-0.39 -0.45,-0.19 -0.52,-0.00 -0.23,0.10 -0.15,0.15 -0.08,0.20 -0.00,0.27 0.10,0.24 0.52,0.52 0.89,0.37
0.00 0.00 0.0 | 1.04,0.00 0.37,-0.15 0.20,-0.20 0.09,-0.22 0.00,-0.86 -0.44,-1.05 -0.42,-0.42 -0.48,-0.20 -0.56,-0.00 -0.25,0.10 -0.17,0.17 -0.09,0.21 -0.00,0.26 0.11,0.27 0.53,0.53 0.85,0.35
0.00 0.00 0.0 | 1.03,0.00 0.36,-0.15 0.20,-0.20 0.10,-0.24 0.00,-0.86 -0.44,-1.06 -0.41,-0.41 -0.47,-0.19 -0.55,-0.00 -0.25,0.10 -0.17,0.17 -0.09,0.21 -0.00,0.25 0.11,0.27 0.54,0.54 0.87,0.36
0.00 0.00 0.0 | 0.98,0.00 0.36,-0.15 0.17,-0.17 0.10,-0.24 0.00,-0.25 -0.45,-1.07 -0.46,-0.46 -0.54,-0.22 -0.65,-0.00 -0.28,0.12 -0.18,0.18 -0.09,0.23 -0.00,0.23 0.16,0.38 0.52,0.52 0.82,0.34
0.00 0.00 0.0 | 0.94,0.00 0.32,-0.13 0.13,-0.13 0.09,-0.22 0.00,-0.24 -0.40,-0.97 -1.30,-1.30 -0.61,-0.25 -0.67,-0.00 -0.30,0.12 -0.18,0.18 -0.11,0.26 -0.00,0.26 0.16,0.39 0.51,0.51 0.79,0.33
0.00 0.00 0.0 | 0.90,0.00 0.31,-0.13 0.13,-0.13 0.08,-0.20 0.00,-0.22 -0.39,-0.94 -1.27,-1.27 -0.63,-0.26 -0.71,-0.00 -0.33,0.14 -0.20,0.20 -0.10,0.25 -0.00,0.26 0.17,0.41 0.49,0.49 0.76,0.32
0.00 0.00 0.0 | 0.94,0.00 0.33,-0.14 0.14,-0.14 0.10,-0.24 0.00,-0.24 -0.40,-0.97 -1.29,-1.29 -0.59,-0.24 -0.69,-0.00 -0.31,0.13 -0.18,0.18 -0.11,0.25 -0.00,0.26 0.16,0.38 0.52,0.52 0.80,0.33
0.00 0.00 0.0 | 0.95,0.00 0.33,-0.14 0.14,-0.14 0.10,-0.25 0.00,-0.23 -0.41,-0.98 -1.29,-1.29 -0.60,-0.25 -0.69,-0.00 -0.29,0.12 -0.18,0.18 -0.10,0.25 -0.00,0.26 0.16,0.39 0.51,0.51 0.80,0.33
0.00 0.00 0.0 | 0.33,0.00 0.15,-0.06 0.13,-0.13 0.09,-0.21 0.00,-0.24 -0.65,-1.56 -0.49,-0.49 -0.66,-0.27 -0.39,-0.00 -0.27,0.11 -0.20,0.20 -0.10,0.23 -0.00,0.43 0.26,0.63 0.58,0.58 0.80,0.33
0.00 0.00 0.0 | 0.26,0.00 0.15,-0.06 0.16,-0.16 0.09,-0.21 0.00,-1.40 -0.25,-0.61 -0.50,-0.50 -0.38,-0.16 -0.32,-0.00 -0.29,0.12 -0.19,0.19 -0.16,0.38 -0.00,0.68 0.30,0.73 0.59,0.59 0.30,0.13
0.00 0.00 0.0 | 0.23,0.00 0.20,-0.08 0.18,-0.18 0.10,-0.24 0.00,-1.48 -0.26,-0.62 -0.50,-0.50 -0.36,-0.15 -0.29,-0.00 -0.26,0.11 -0.18,0.18 -0.15,0.37 -0.00,0.63 0.30,0.73 0.60,0.60 0.33,0.14
0.00 0.00 0.0 | 0.25,0.00 0.19,-0.08 0.18,-0.18 0.10,-0.24 0.00,-1.65 -0.27,-0.65 -0.50,-0.50 -0.33,-0.14 -0.29,-0.00 -0.24,0.10 -0.17,0.17 -0.15,0.36 -0.00,0.63 0.30,0.73 0.61,0.61 0.96,0.40
0.00 0.00 0.0 | 0.25,0.00 0.22,-0.09 0.19,-0.19 0.39,-0.94 0.00,-1.67 -0.26,-0.64 -0.49,-0.49 -0.32,-0.13 -0.26,-0.00 -0.24,0.10 -0.15,0.15 -0.14,0.33 -0.00,0.57 0.31,0.74 0.62,0.62 0.97,0.40
0.00 0.00 0.0 | 0.26,0.00 0.24,-0.10 0.19,-0.19 0.39,-0.95 0.00,-1.70 -0.26,-0.63 -0.48,-0.48 -0.28,-0.12 -0.23,-0.00 -0.21,0.09 -0.15,0.15 -0.11,0.28 -0.00,0.51 0.31,0.75 0.62,0.62 0.03,0.01
0.00 0.00 0.0 | 0.28,0.00 0.27,-0.11 0.20,-0.20 0.40,-0.96 0.00,-1.72 -0.25,-0.60 -0.46,-0.46 -0.27,-0.11 -0.21,-0.00 -0.20,0.08 -0.15,0.15 -0.09,0.21 -0.00,0.47 0.31,0.76 0.63,0.63 1.00,0.42
0.00 0.00 0.0 | 0.28,0.00 0.29,-0.12 0.20,-0.20 0.41,-0.99 0.00,-1.74 -0.23,-0.55 -0.43,-0.43 -0.24,-0.10 -0.20,-0.00 -0.18,0.07 -0.14,0.14 -0.08,0.19 -0.00,0.46 0.32,0.77 0.66,0.66 1.04,0.43
0.00 0.00 0.0 | 0.33,0.00 0.31,-0.13 0.22,-0.22 0.42,-1.01 0.00,-0.69 -0.22,-0.53 -0.39,-0.39 -0.22,-0.09 -0.17,-0.00 -0.16,0.07 -0.12,0.12 -0.07,0.16 -0.00,0.44 0.33,0.79 0.66,0.66 1.04,0.43
0.00 0.00 0.0 | 0.33,0.00 0.33,-0.14 0.24,-0.24 0.46,-1.11 0.00,-0.65 -0.21,-0.50 -0.36,-0.36 -0.21,-0.09 -0.15,-0.00 -0.14,0.06 -0.12,0.12 -0.06,0.16 -0.00,0.41 0.67,0.67 1.07,0.44
0.00 0.00 0.0 | 0.35,0.00 0.37,-0.15 0.25,-0.25 0.47,-1.13 0.00,-0.64 -0.21,-0.50 -0.19,-0.19 -0.18,-0.07 -0.13,-0.00 -0.13,0.05 -0.10,0.10 -0.06,0.14 -0.00,0.38 0.35,0.84 1.09,0.45
0.00 0.00 0.0 | 0.38,0.00 0.36,-0.15 0.26,-0.26 0.47,-1.12 0.00,-0.64 -0.21,-0.50 -0.19,-0.19 -0.16,-0.07 -0.14,-0.00 -0.13,0.05 -0.11,0.11 -0.06,0.14 -0.00,0.39 0.35,0.84 0.69,0.69 1.07,0.45
0.00 0.00 0.0 | 0.09,0.00 0.28,-0.11 0.25,-0.25 0.13,-0.30 0.00,-1.23 -0.25,-0.61 -0.40,-0.40 -0.38,-0.16 -0.22,-0.00 -0.17,0.07 -0.11,0.11 -0.07,0.17 -0.00,0.19 0.59,0.59 0.86,0.36
0.00 0.00 0.0 | 0.92,0.00 0.39,-0.16 0.20,-0.20 0.12,-0.30 0.00,-0.29 -0.46,-1.12 -0.47,-0.47 -0.54,-0.22 -0.36,-0.00 -0.22,0.09 -0.13,0.13 -0.07,0.18 -0.00,0.15 0.11,0.27 0.42,0.42 0.76,0.32
0.00 0.00 0.0 | 0.92,0.00 0.20,-0.20 0.13,-0.30 0.00,-0.31 -0.47,-1.13 -0.46,-0.46 -0.55,-0.23 -0.34,-0.00 -0.23,0.09 -0.14,0.14 -0.08,0.19 -0.00,0.18 0.11,0.28 0.43,0.43 0.76,0.31
0.00 0.00 0.0 | 0.86,0.00 1.05,-0.43 0.24,-0.24 0.11,-0.26 0.00,-0.31 -0.46,-1.11 -0.52,-0.52 -0.56,-0.23 -0.58,-0.00 -0.24,0.10 -0.16,0.16 -0.07,0.18 -0.00,0.17 0.13,0.31 0.44,0.44 0.73,0.30
0.00 0.00 0.0 | 0.83,0.00 0.98,-0.41 0.24,-0.24 0.08,-0.20 0.00,-0.33 -0.42,-1.03 -1.36,-1.36 -0.65,-0.27 -0.63,-0.00 -0.26,0.11 -0.18,0.18 -0.08,0.18 -0.00,0.22 0.13,0.33 0.43,0.43 0.69,0.29
0.00 0.00 0.0 | 0.95,0.00 0.29,-0.12 0.16,-0.16 0.09,-0.22 0.00,-0.31 -0.67,-1.62 -0.57,-0.57 -0.69,-0.29 -0.35,-0.00 -0.26,0.11 -0.13,0.13 -0.10,0.24 -0.00,0.35 0.22,0.53 0.50,0.50 0.73,0.30
0.00 0.00 0.0 | 0.25,-0.11 0.13,-0.13 0.12,-0.30 0.00,-1.47 -0.31,-0.74 -0.57,-0.57 -0.38,-0.16 -0.32,-0.00 -0.21,0.08 -0.19,0.19 -0.13,0.32 -0.00,0.56 0.27,0.65 0.54,0.54 0.84,0.35
0.00 0.00 0.0 | 0.31,0.00 0.25,-0.11 0.16,-0.16 0.13,-0.30 0.00,-1.50 -0.30,-0.74 -0.56,-0.56 -0.35,-0.14 -0.28,-0.00 -0.19,0.08 -0.17,0.17 -0.13,0.30 -0.00,0.54 0.28,0.66 0.54,0.54 0.86,0.36
0.00 0.00 0.0 | 0.35,0.00 0.25,-0.10 0.19,-0.19 0.12,-0.30 0.00,-1.57 -0.30,-0.72 -0.55,-0.55 -0.31,-0.13 -0.27,-0.00 -0.16,0.07 -0.15,0.15 -0.12,0.30 -0.00,0.51 0.29,0.69 0.55,0.55 0.89,0.37
0.00 0.00 0.0 | 0.34,0.00 0.25,-0.10 0.21,-0.21 0.13,-0.31 0.00,-1.72 -0.31,-0.75 -0.54,-0.54 -0.28,-0.12 -0.24,-0.00 -0.16,0.07 -0.12,0.12 -0.12,0.28 -0.00,0.45 0.28,0.68 0.58,0.58 0.89,0.37
0.00 0.00 0.0 | 0.23,0.00 0.29,-0.12 0.81,-0.81 0.30,-0.72 0.00,-0.67 -0.16,-0.39 -0.20,-0.20 -0.22,-0.09 -0.19,-0.00 -0.23,0.10 -0.25,0.25 -0.24,0.58 -0.00,0.76 0.32,0.76 0.78,0.78 0.31,0.13
0.00 0.00 0.0 | 0.24,0.00 0.31,-0.13 0.89,-0.89 0.30,-0.71 0.00,-0.68 -0.15,-0.36 -0.18,-0.18 -0.20,-0.08 -0.17,-0.00 -0.19,0.08 -0.23,0.23 -0.24,0.58 -0.00,0.74 0.32,0.77 0.79,0.79 0.32,0.13
0.00 0.00 0.0 | 0.24,0.00 0.34,-0.14 0.10,-0.10 0.29,-0.70 0.00,-0.69 -0.14,-0.34 -0.17,-0.17 -0.18,-0.08 -0.16,-0.00 -0.17,0.07 -0.22,0.22 -0.22,0.53 -0.00,0.74 0.32,0.78 0.79,0.79 0.34,0.14
0.00 0.00 0.0 | 0.27,0.00 0.36,-0.15 0.93,-0.93 0.29,-0.69 0.00,-0.71 -0.13,-0.30 -0.16,-0.16 -0.16,-0.06 -0.13,-0.00 -0.15,0.06 -0.19,0.19 -0.22,0.53 -0.00,0.72 0.32,0.77 0.80,0.80 0.36,0.15
0.00 0.00 0.0 | 0.28,0.00 0.35,-0.15 0.93,-0.93 0.29,-0.71 0.00,-0.75 -0.11,-0.26 -0.13,-0.13 -0.11,-0.05 -0.10,-0.00 -0.11,0.04 -0.19,0.19 -0.21,0.52 -0.00,0.71 0.32,0.77 0.80,0.80 0.38,0.16
0.00 0.00 0.0 | 0.32,0.00 0.37,-0.15 0.95,-0.95 0.29,-0.71 0.00,-0.73 -0.09,-0.22 -0.13,-0.13 -0.11,-0.05 -0.10,-0.00 -0.10,0.04 -0.17,0.17 -0.19,0.47 -0.00,0.72 0.32,0.78 0.80,0.80 0.39,0.16
0.00 0.00 0.0 | 0.33,0.00 0.39,-0.16 0.95,-0.95 0.30,-0.72 0.00,-0.74 -0.09,-0.22 -0.13,-0.13 -0.11,-0.05 -0.11,-0.00 -0.11,0.04 -0.17,0.17 -0.20,0.49 -0.00,0.73 0.32,0.78 0.82,0.82 0.39,0.16
0.00 0.00 0.0 | 0.32,0.00 0.37,-0.15 0.95,-0.95 0.30,-0.73 0.00,-0.74 -0.09,-0.21 -0.12,-0.12 -0.11,-0.04 -0.09,-0.00 -0.09,0.04 -0.18,0.18 -0.21,0.50 -0.00,0.73 0.33,0.79 0.83,0.83 0.41,0.17
0.00 0.00 0.0 | 0.34,0.00 0.38,-0.16 0.95,-0.95 0.30,-0.73 0.00,-0.74 -0.09,-0.21 -0.11,-0.11 -0.10,-0.04 -0.08,-0.00 -0.12,0.05 -0.18,0.18 -0.21,0.50 -0.00,0.72 0.33,0.80 0.83,0.83 0.40,0.17
0.00 0.00 0.0 | 0.33,0.00 0.37,-0.15 0.95,-0.95 0.30,-0.74 0.00,-0.75 -0.09,-0.22 -0.12,-0.12 -0.11,-0.04 -0.10,-0.00 -0.10,0.04 -0.18,0.18 -0.21,0.50 -0.00,0.72 0.33,0.79 0.85,0.85 0.40,0.16
0.00 0.00 0.0 | 0.32,0.00 0.37,-0.15 0.95,-0.95 0.31,-0.74 0.00,-0.74 -0.09,-0.21 -0.12,-0.12 -0.08,-0.03 -0.10,-0.00 -0.12,0.05 -0.18,0.18 -0.22,0.52 -0.00,0.74 0.33,0.80 0.88,0.88 0.39,0.16
0.00 0.00 0.0 | 0.34,0.00 0.37,-0.15 1.04,-1.04 0.30,-0.73 0.00,-0.74 -0.09,-0.22 -0.12,-0.12 -0.10,-0.04 -0.09,-0.00 -0.10,0.04 -0.18,0.18 -0.22,0.52 -0.00,0.73 0.32,0.78 0.90,0.90 0.39,0.16
0.00 0.00 0.0 | 0.35,0.00 0.37,-0.15 1.05,-1.05 0.30,-0.74 0.00,-0.75 -0.09,-0.21 -0.12,-0.12 -0.09,-0.04 -0.09,-0.00 -0.12,0.05 -0.19,0.19 -0.22,0.54 -0.00,0.73 0.33,0.80 0.91,0.91 0.37,0.15
0.00 0.00 0.0 | 0.33,0.00 0.36,-0.15 1.05,-1.05 0.30,-0.73 0.00,-0.74 -0.08,-0.20 -0.12,-0.12 -0.10,-0.04 -0.11,-0.00 -0.11,0.05 -0.18,0.18 -0.22,0.52 -0.00,0.73 0.33,0.80 0.91,0.91 0.38,0.16
0.00 0.00 0.0 | 0.38,0.00 1.21,-0.50 0.53,-0.53 0.29,-0.70 0.00,-0.30 -0.07,-0.18 -0.11,-0.11 -0.10,-0.04 -0.14,-0.00 -0.40,0.40 -0.28,0.67 -0.00,0.85 0.43,1.04 0.29,0.29 0.26,0.11
0.00 0.00 0.0 | 0.42,0.00 1.23,-0.51 0.55,-0.55 0.29,-0.69 0.00,-0.24 -0.06,-0.16 -0.07,-0.07 -0.10,-0.04 -0.11,-0.00 -0.23,0.10 -0.37,0.37 -0.27,0.66 -0.00,0.84 0.43,1.04 0.29,0.29 0.28,0.12
0.00 0.00 0.0 | 0.40,0.00 1.24,-0.51 0.56,-0.56 0.28,-0.68 0.00,-0.25 -0.06,-0.15 -0.08,-0.08 -0.10,-0.04 -0.12,-0.00 -0.23,0.10 -0.38,0.38 -0.27,0.66 -0.00,0.85 0.44,1.06 0.30,0.30 0.29,0.12
0.00 0.00 0.0 | 0.42,0.00 1.23,-0.51 0.56,-0.56 0.29,-0.69 0.00,-0.23 -0.07,-0.16 -0.08,-0.08 -0.06,-0.03 -0.12,-0.00 -0.24,0.10 -0.37,0.37 -0.28,0.67 -0.00,0.85 0.44,1.06 0.30,0.30 0.28,0.12
0.00 0.00 0.0 | 0.41,0.00 1.24,-0.51 0.56,-0.56 0.29,-0.69 0.00,-0.25 -0.07,-0.16 -0.08,-0.08 -0.08,-0.03 -0.10,-0.00 -0.22,0.09 -0.27,0.66 -0.00,0.85 0.45,1.08 0.30,0.30 0.30,0.12
0.00 0.00 0.0 | 1.24,-0.51 0.56,-0.56 0.29,-0.70 0.00,-0.23 -0.07,-0.17 -0.06,-0.06 -0.09,-0.04 -0.13,-0.00 -0.22,0.09 -0.38,0.38 -0.27,0.66 -0.00,0.85 0.45,1.09 0.30,0.30 0.29,0.12
0.00 0.00 0.0 | 0.40,0.00 1.23,-0.51 0.56,-0.56 0.29,-0.69 0.00,-0.22 -0.07,-0.17 -0.07,-0.07 -0.08,-0.03 -0.12,-0.00 -0.23,0.09 -0.39,0.39 -0.28,0.67 -0.00,0.85 0.45,1.09 0.29,0.29 0.28,0.12
0.00 0.00 0.0 | 0.41,0.00 1.24,-0.51 0.56,-0.56 0.29,-0.70 0.00,-0.23 -0.06,-0.15 -0.07,-0.07 -0.08,-0.03 -0.13,-0.00 -0.22,0.09 -0.40,0.40 -0.28,0.67 0.48,1.16 0.29,0.29 0.30,0.12
0.00 0.00 0.0 | 0.41,0.00 1.36,-0.56 0.57,-0.57 0.29,-0.70 0.00,-0.23 -0.06,-0.15 -0.07,-0.07 -0.09,-0.04 -0.13,-0.00 -0.24,0.10 -0.39,0.39 -0.28,0.67 -0.00,0.86 0.48,1.17 0.30,0.30 0.30,0.13
0.00 0.00 0.0 | 0.40,0.00 1.36,-0.56 0.55,-0.55 0.29,-0.70 0.00,-0.22 -0.06,-0.15 -0.08,-0.08 -0.09,-0.04 -0.13,-0.00 -0.24,0.10 -0.40,0.40 -0.28,0.67 -0.00,0.86 0.49,1.17 0.30,0.30 0.30,0.12
0.00 0.00 0.0 | 0.41,0.00 1.37,-0.57 0.57,-0.57 0.29,-0.70 0.00,-0.23 -0.07,-0.16 -0.07,-0.07 -0.08,-0.03 -0.12,-0.00 -0.24,0.10 -0.41,0.41 -0.28,0.68 -0.00,0.87 0.50,1.20 0.29,0.29 0.31,0.13
0.00 0.00 0.0 | 0.42,0.00 1.37,-0.57 0.57,-0.57 0.29,-0.70 0.00,-0.22 -0.06,-0.15 -0.07,-0.07 -0.09,-0.04 -0.13,-0.00 -0.24,0.10 -0.41,0.41 -0.28,0.68 -0.00,0.85 0.49,1.19 0.29,0.29 0.31,0.13
0.00 0.00 0.0 | 0.41,0.00 1.38,-0.57 0.56,-0.56 0.28,-0.68 0.00,-0.23 -0.06,-0.15 -0.07,-0.07 -0.09,-0.04 -0.14,-0.00 -0.24,0.10 -0.40,0.40 -0.29,0.69 -0.00,0.87 0.50,1.20 0.29,0.29 0.32,0.13
0.00 0.00 0.0 | 0.40,0.00 1.39,-0.57 0.57,-0.57 0.28,-0.69 0.00,-0.22 -0.07,-0.16 -0.07,-0.07 -0.08,-0.03 -0.14,-0.00 -0.25,0.10 -0.41,0.41 -0.28,0.68 -0.00,0.86 0.50,1.20 0.30,0.30 0.31,0.13
0.00 0.00 0.0 | 0.39,0.00 1.40,-0.58 0.58,-0.58 0.29,-0.70 0.00,-0.23 -0.06,-0.14 -0.06,-0.06 -0.08,-0.03 -0.14,-0.00 -0.26,0.11 -0.42,0.42 -0.28,0.69 -0.00,0.88 0.50,1.21 0.29,0.29 0.33,0.14
0.00 0.00 0.0 | 0.39,0.00 1.43,-0.59 0.56,-0.56 0.29,-0.69 0.00,-0.22 -0.06,-0.13 -0.07,-0.07 -0.08,-0.03 -0.12,-0.00 -0.25,0.10 -0.42,0.42 -0.29,0.70 -0.00,0.89 0.50,1.22 0.30,0.30 0.31,0.13
0.00 0.00 0.0 | 1.32,0.00 0.72,-0.30 0.53,-0.53 0.11,-0.25 0.00,-0.20 -0.05,-0.12 -0.08,-0.08 -0.11,-0.05 -0.28,-0.00 -0.54,0.23 -0.55,0.55 -0.33,0.79 -0.00,1.25 0.15,0.37 0.22,0.22 0.36,0.15
0.00 0.00 0.0 | 1.33,0.00 0.71,-0.29 0.53,-0.53 0.10,-0.24 0.00,-0.19 -0.06,-0.14 -0.07,-0.07 -0.14,-0.06 -0.27,-0.00 -0.54,0.22 -0.52,0.52 -0.33,0.80 -0.00,1.27 0.15,0.37 0.22,0.22 0.36,0.15
0.00 0.00 0.0 | 1.27,0.00 0.66,-0.27 0.50,-0.50 0.12,-0.30 0.00,-0.20 -0.07,-0.16 -0.10,-0.10 -0.15,-0.06 -0.31,-0.00 -0.58,0.24 -0.56,0.56 -0.34,0.83 -0.00,0.15 0.13,0.32 0.22,0.22 0.31,0.13
0.00 0.00 0.0 | 1.24,0.00 0.63,-0.26 0.47,-0.47 0.12,-0.30 0.00,-0.23 -0.08,-0.19 -0.12,-0.12 -0.16,-0.07 -0.33,-0.00 -0.61,0.25 -0.58,0.58 -0.35,0.84 -0.00,0.42 0.11,0.26 0.22,0.22 0.28,0.12
0.00 0.00 0.0 | 1.28,0.00 0.66,-0.27 0.49,-0.49 0.12,-0.30 0.00,-0.21 -0.07,-0.18 -0.11,-0.11 -0.15,-0.06 -0.31,-0.00 -0.60,0.25 -0.55,0.55 -0.34,0.83 -0.00,1.29 0.13,0.31 0.23,0.23 0.31,0.13
0.00 0.00 0.0 | 1.29,0.00 0.67,-0.28 0.51,-0.51 0.12,-0.28 0.00,-0.20 -0.07,-0.17 -0.10,-0.10 -0.13,-0.05 -0.30,-0.00 -0.57,0.23 -0.54,0.54 -0.34,0.83 -0.00,1.28 0.15,0.36 0.22,0.22 0.33,0.14
0.00 0.00 0.0 | 1.30,0.00 0.69,-0.28 0.51,-0.51 0.12,-0.28 0.00,-0.21 -0.06,-0.15 -0.08,-0.08 -0.14,-0.06 -0.32,-0.00 -0.56,0.23 -0.54,0.54 -0.34,0.81 -0.00,1.29 0.15,0.36 0.22,0.22 0.34,0.14
0.00 0.00 0.0 | 1.24,0.00 0.64,-0.26 0.46,-0.46 0.12,-0.30 0.00,-0.22 -0.08,-0.21 -0.13,-0.13 -0.16,-0.07 -0.34,-0.00 -0.59,0.25 -0.59,0.59 -0.35,0.85 -0.00,0.41 0.11,0.25 0.22,0.22 0.29,0.12
0.00 0.00 0.0 | 1.23,0.00 0.63,-0.26 0.45,-0.45 0.14,-0.33 0.00,-0.23 -0.08,-0.19 -0.14,-0.14 -0.18,-0.07 -0.35,-0.00 -0.64,0.27 -0.60,0.60 -0.36,0.87 -0.00,0.40 0.10,0.23 0.22,0.22 0.27,0.11
0.00 0.00 0.0 | 1.25,0.00 0.64,-0.27 0.46,-0.46 0.13,-0.31 0.00,-0.23 -0.08,-0.20 -0.13,-0.13 -0.17,-0.07 -0.35,-0.00 -0.62,0.26 -0.57,0.57 -0.35,0.86 -0.00,0.40 0.11,0.25 0.22,0.22 0.30,0.12
0.00 0.00 0.0 | 1.27,0.00 0.65,-0.27 0.48,-0.48 0.12,-0.30 0.00,-0.21 -0.07,-0.17 -0.11,-0.11 -0.14,-0.06 -0.32,-0.00 -0.59,0.24 -0.56,0.56 -0.34,0.83 -0.00,1.29 0.13,0.30 0.22,0.22 0.30,0.13
0.00 0.00 0.0 | 1.29,0.00 0.67,-0.28 0.51,-0.51 0.12,-0.29 0.00,-0.21 -0.07,-0.17 -0.10,-0.10 -0.15,-0.06 -0.31,-0.00 -0.57,0.24 -0.54,0.54 -0.34,0.82 -0.00,1.30 0.14,0.34 0.22,0.22 0.33,0.14
0.00 0.00 0.0 | 1.29,0.00 0.68,-0.28 0.51,-0.51 0.12,-0.29 0.00,-0.20 -0.06,-0.15 -0.10,-0.10 -0.13,-0.06 -0.31,-0.00 -0.56,0.23 -0.55,0.55 -0.34,0.81 -0.00,0.14 0.15,0.35 0.22,0.22 0.33,0.14
0.00 0.00 0.0 | 0.89,0.00 0.94,-0.39 0.27,-0.27 0.10,-0.23 0.00,-0.33 -0.40,-0.97 -1.14,-1.14 -0.67,-0.28 -0.70,-0.00 -0.28,0.12 -0.16,0.16 -0.08,0.20 -0.00,0.19 0.09,0.21 0.29,0.29 0.77,0.32
0.00 0.00 0.0 | 0.88,0.00 0.95,-0.39 0.28,-0.28 0.10,-0.24 0.00,-0.32 -0.40,-0.97 -1.16,-1.16 -0.68,-0.28 -0.69,-0.00 -0.28,0.12 -0.16,0.16 -0.08,0.19 -0.00,0.18 0.09,0.21 0.29,0.29 0.77,0.32
0.00 0.00 0.0 | 0.94,0.00 0.33,-0.14 0.18,-0.18 0.10,-0.24 0.00,-0.33 -0.54,-1.31 -0.51,-0.51 -0.68,-0.28 -0.34,-0.00 -0.23,0.09 -0.15,0.15 -0.08,0.19 -0.00,0.27 0.15,0.35 0.55,0.55 0.78,0.32
0.00 0.00 0.0 | 1.22,0.00 0.27,-0.11 0.14,-0.14 0.12,-0.28 0.00,-1.26 -0.29,-0.71 -0.49,-0.49 -0.38,-0.16 -0.31,-0.00 -0.23,0.10 -0.14,0.14 -0.12,0.29 -0.00,0.41 0.26,0.63 0.55,0.55
0.00 0.00 0.0 | 1.18,0.00 0.27,-0.11 0.15,-0.15 0.12,-0.29 0.00,-0.30 -0.31,-0.74 -0.49,-0.49 -0.44,-0.18 -0.33,-0.00 -0.25,0.10 -0.16,0.16 -0.13,0.32 -0.00,0.42 0.28,0.67 0.56,0.56 0.78,0.32
0.00 0.00 0.0 | 1.22,0.00 0.29,-0.12 0.13,-0.13 0.11,-0.28 0.00,-1.27 -0.29,-0.71 -0.49,-0.49 -0.39,-0.16 -0.30,-0.00 -0.22,0.09 -0.14,0.14 -0.13,0.30 -0.00,0.40 0.27,0.65 0.56,0.56 0.81,0.33
0.00 0.00 0.0 | 1.24,0.00 0.28,-0.12 0.15,-0.15 0.12,-0.30 0.00,-1.27 -0.29,-0.69 -0.49,-0.49 -0.37,-0.15 -0.27,-0.00 -0.23,0.09 -0.13,0.13 -0.11,0.26 -0.00,0.38 0.26,0.63 0.56,0.56 0.81,0.34
0.00 0.00 0.0 | 0.38,0.00 0.31,-0.13 0.17,-0.17 0.12,-0.29 0.00,-1.27 -0.28,-0.67 -0.50,-0.50 -0.34,-0.14 -0.26,-0.00 -0.20,0.08 -0.13,0.13 -0.10,0.23 -0.00,0.37 0.26,0.62 0.56,0.56 0.84,0.35
0.00 0.00 0.0 | 0.39,0.00 0.28,-0.12 0.20,-0.20 0.12,-0.30 0.00,-1.27 -0.27,-0.65 -0.51,-0.51 -0.31,-0.13 -0.23,-0.00 -0.19,0.08 -0.11,0.11 -0.07,0.18 -0.00,0.36 0.26,0.62 0.57,0.57 0.84,0.35
0.00 0.00 0.0 | 1.19,0.00 0.27,-0.11 0.13,-0.13 0.12,-0.28 0.00,-0.82 -0.29,-0.70 -0.49,-0.49 -0.39,-0.16 -0.31,-0.00 -0.22,0.09 -0.15,0.15 -0.12,0.30 -0.00,0.40 0.27,0.64 0.56,0.56 0.79,0.33
0.00 0.00 0.0 | 1.14,0.00 0.24,-0.10 0.13,-0.13 0.06,-0.16 0.00,-0.31 -0.74,-1.78 -0.55,-0.55 -0.65,-0.27 -0.37,-0.00 -0.27,0.11 -0.19,0.19 -0.14,0.34 -0.00,0.49 0.28,0.68 0.54,0.54 0.74,0.31
0.00 0.00 0.0 | 1.05,0.00 0.19,-0.08 0.14,-0.14 0.05,-0.13 0.00,-0.28 -0.76,-1.83 -0.60,-0.60 -0.71,-0.29 -0.41,-0.00 -0.30,0.12 -0.24,0.24 -0.15,0.35 -0.00,0.54 0.27,0.64 0.52,0.52 0.70,0.29
0.00 0.00 0.0 | 0.90,0.00 0.13,-0.06 0.11,-0.11 0.06,-0.13 0.00,-0.12 -0.13,-0.31 -0.63,-0.63 -0.84,-0.35 -0.49,-0.00 -0.34,0.14 -0.28,0.28 -0.17,0.41 -0.00,0.58 0.24,0.58 0.48,0.48 0.66,0.27
