0.00 0.00 0.0 | 0.20,0.00 0.12,-0.05 0.07,-0.07 0.05,-0.11 0.00,-0.15 -0.04,-0.10 -0.06,-0.06 -0.09,-0.04 -0.23,-0.00 -0.34,0.14 -0.30,0.30 -0.15,0.37 -0.00,1.21 0.55,1.34 0.44,0.44 0.29,0.12
-0.02 -0.02 54.3 | 0.11,0.16 0.10,0.05 0.09,-0.00 0.11,-0.05 0.09,-0.09 0.03,-0.10 -0.00,-0.12 -0.05,-0.14 -0.16,-0.21 -0.34,-0.22 -0.42,-0.09 -1.01,0.69 -0.77,1.20 -0.12,0.59 0.05,0.27
-0.03 -0.04 57.2 | 0.08,0.13 0.07,0.02 0.07,-0.02 0.09,-0.07 0.08,-0.12 0.02,-0.12 -0.02,-0.12 -0.05,-0.16 -0.16,-0.25 -0.33,-0.25 -0.42,0.03 -1.03,0.60 -0.84,1.13 -0.16,0.55 0.02,0.26
-0.05 -0.06 57.7 | 0.06,0.11 0.06,0.01 0.05,-0.04 0.06,-0.08 0.05,-0.13 0.00,-0.14 -0.03,-0.14 -0.07,-0.17 -0.19,-0.28 -0.35,-0.28 -0.45,-0.16 -0.48,0.01 -1.09,0.59 -0.86,1.09 -0.18,0.54 0.00,0.24
-0.06 -0.09 55.1 | 0.06,0.09 0.04,-0.03 0.05,-0.07 0.07,-0.12 0.05,-0.17 -0.02,-0.16 -0.05,-0.16 -0.09,-0.21 -0.21,-0.30 -0.36,-0.28 -0.46,-0.16 -0.52,0.01 -1.05,0.60 -0.82,1.09 -0.17,0.51 -0.00,0.20
-0.08 -0.11 56.2 | 0.03,0.04 0.03,-0.04 0.03,-0.09 0.05,-0.14 0.04,-0.19 -0.03,-0.18 -0.06,-0.21 -0.10,-0.21 -0.21,-0.31 -0.40,-0.32 -0.47,-0.19 -0.57,-0.01 -1.02,0.52 -0.85,1.05 -0.19,0.47 -0.02,0.18
-0.09 -0.13 58.4 | 0.01,0.03 0.01,-0.06 0.02,-0.11 0.04,-0.15 0.02,-0.20 -0.04,-0.21 -0.07,-0.22 -0.11,-0.25 -0.23,-0.36 -0.39,-0.35 -0.49,-0.23 -0.58,-0.05 -1.01,0.43 -0.90,0.99 -0.23,0.44 -0.05,0.14
-0.11 -0.16 59.7 | -0.01,0.01 -0.01,-0.09 -0.00,-0.13 0.02,-0.17 0.01,-0.22 -0.05,-0.23 -0.08,-0.24 -0.12,-0.28 -0.24,-0.38 -0.40,-0.38 -0.49,-0.26 -0.60,-0.09 -1.02,0.38 -0.94,0.95 -0.26,0.42 -0.06,0.15
-0.12 -0.18 59.6 | -0.02,-0.02 -0.02,-0.10 -0.01,-0.15 0.02,-0.20 -0.02,-0.24 -0.06,-0.25 -0.10,-0.26 -0.13,-0.30 -0.25,-0.40 -0.41,-0.40 -0.51,-0.28 -0.63,-0.11 -1.03,0.36 -0.95,0.92 -0.27,0.39 -0.08,0.11
-0.13 -0.20 63.6 | -0.05,-0.03 -0.05,-0.13 -0.02,-0.17 0.01,-0.21 -0.06,-0.28 -0.10,-0.30 -0.14,-0.33 -0.26,-0.46 -0.41,-0.45 -0.50,-0.33 -0.64,-0.17 -1.08,0.27 -1.04,0.84 -0.32,0.35 -0.11,0.09
-0.14 -0.23 57.5 | -0.04,-0.06 -0.05,-0.16 -0.05,-0.20 -0.01,-0.25 -0.03,-0.30 -0.09,-0.30 -0.17,-0.35 -0.29,-0.45 -0.45,-0.44 -0.53,-0.31 -0.65,-0.14 -1.04,0.34 -0.94,0.91 -0.27,0.33 -0.10,0.05
-0.16 -0.25 58.6 | -0.05,-0.08 -0.07,-0.19 -0.06,-0.23 -0.01,-0.27 -0.05,-0.32 -0.10,-0.33 -0.14,-0.34 -0.17,-0.36 -0.30,-0.48 -0.44,-0.46 -0.54,-0.34 -0.67,-0.17 -1.05,0.29 -0.96,0.86 -0.29,0.31 -0.11,0.04
-0.17 -0.27 61.3 | -0.08,-0.11 -0.08,-0.20 -0.07,-0.24 -0.04,-0.29 -0.06,-0.33 -0.11,-0.34 -0.15,-0.35 -0.18,-0.39 -0.30,-0.52 -0.46,-0.50 -0.55,-0.38 -0.69,-0.22 -1.09,0.23 -1.04,0.81 -0.33,0.28 -0.14,0.01
-0.18 -0.30 60.3 | -0.09,-0.14 -0.09,-0.27 -0.03,-0.32 -0.07,-0.36 -0.13,-0.37 -0.16,-0.40 -0.20,-0.42 -0.32,-0.54 -0.47,-0.52 -0.56,-0.40 -0.71,-0.23 -1.10,0.23 -1.04,0.81 -0.33,0.25 -0.15,-0.01
-0.19 -0.32 60.1 | -0.10,-0.16 -0.11,-0.26 -0.09,-0.29 -0.04,-0.34 -0.07,-0.39 -0.14,-0.40 -0.17,-0.41 -0.21,-0.45 -0.33,-0.55 -0.49,-0.55 -0.58,-0.43 -0.73,-0.25 -1.11,0.21 -1.06,0.80 -0.34,0.22 -0.16,-0.06
-0.21 -0.34 61.9 | -0.13,-0.19 -0.12,-0.27 -0.10,-0.31 -0.07,-0.36 -0.11,-0.40 -0.15,-0.42 -0.18,-0.42 -0.22,-0.47 -0.34,-0.59 -0.49,-0.58 -0.58,-0.46 -0.73,-0.29 -1.13,0.15 -1.11,0.76 -0.37,0.19 -0.18,-0.06
-0.22 -0.37 59.8 | -0.14,-0.22 -0.14,-0.30 -0.13,-0.34 -0.05,-0.39 -0.12,-0.43 -0.17,-0.44 -0.20,-0.45 -0.24,-0.52 -0.35,-0.59 -0.51,-0.59 -0.62,-0.47 -0.76,-0.29 -1.15,0.17 -1.07,0.75 -0.36,0.17 -0.19,-0.11
-0.23 -0.39 67.0 | -0.16,-0.23 -0.15,-0.31 -0.11,-0.35 -0.08,-0.39 -0.12,-0.44 -0.16,-0.47 -0.19,-0.49 -0.23,-0.51 -0.35,-0.66 -0.49,-0.65 -0.61,-0.55 -0.78,-0.39 -1.21,0.02 -1.23,0.63 -0.44,0.12 -0.23,-0.11
-0.24 -0.42 65.3 | -0.18,-0.27 -0.16,-0.33 -0.13,-0.38 -0.09,-0.42 -0.14,-0.46 -0.18,-0.49 -0.21,-0.50 -0.25,-0.55 -0.36,-0.66 -0.49,-0.65 -0.58,-0.54 -0.78,-0.40 -1.22,0.03 -1.22,0.64 -0.42,0.07 -0.23,-0.13
-0.26 -0.44 64.8 | -0.19,-0.30 -0.17,-0.37 -0.15,-0.40 -0.12,-0.45 -0.15,-0.49 -0.20,-0.51 -0.22,-0.53 -0.26,-0.58 -0.37,-0.69 -0.53,-0.69 -0.60,-0.56 -0.79,-0.42 -1.23,0.02 -1.23,0.63 -0.40,-0.05 -0.24,-0.17
-0.27 -0.47 67.0 | -0.21,-0.33 -0.19,-0.39 -0.16,-0.42 -0.11,-0.47 -0.16,-0.51 -0.20,-0.53 -0.23,-0.55 -0.38,-0.73 -0.53,-0.73 -0.62,-0.61 -0.81,-0.46 -1.24,-0.05 -1.30,0.58 -0.42,-0.10 -0.26,-0.18
-0.28 -0.49 66.6 | -0.21,-0.34 -0.20,-0.42 -0.17,-0.45 -0.11,-0.49 -0.17,-0.54 -0.22,-0.55 -0.24,-0.58 -0.28,-0.62 -0.39,-0.76 -0.55,-0.75 -0.63,-0.63 -0.82,-0.48 -1.26,-0.06 -1.29,0.56 -0.42,-0.14 -0.27,-0.22
-0.29 -0.51 65.9 | -0.22,-0.36 -0.20,-0.43 -0.18,-0.47 -0.13,-0.52 -0.18,-0.57 -0.22,-0.59 -0.25,-0.61 -0.29,-0.66 -0.41,-0.79 -0.55,-0.77 -0.65,-0.65 -0.83,-0.50 -1.27,-0.08 -1.29,0.55 -0.42,-0.16 -0.28,-0.24
-0.30 -0.54 68.4 | -0.24,-0.39 -0.22,-0.46 -0.21,-0.50 -0.15,-0.54 -0.20,-0.58 -0.24,-0.59 -0.26,-0.63 -0.41,-0.82 -0.57,-0.81 -0.65,-0.69 -0.84,-0.55 -1.28,-0.15 -1.34,0.47 -0.45,-0.18 -0.30,-0.27
-0.31 -0.56 67.1 | -0.25,-0.42 -0.23,-0.48 -0.21,-0.52 -0.14,-0.56 -0.24,-0.64 -0.27,-0.66 -0.31,-0.71 -0.43,-0.85 -0.57,-0.82 -0.67,-0.71 -0.86,-0.56 -1.28,-0.15 -1.32,0.46 -0.45,-0.22 -0.31,-0.31
-0.32 -0.59 63.8 | -0.25,-0.45 -0.24,-0.52 -0.22,-0.55 -0.16,-0.60 -0.22,-0.64 -0.26,-0.66 -0.29,-0.68 -0.33,-0.74 -0.45,-0.84 -0.60,-0.83 -0.68,-0.71 -0.88,-0.55 -1.26,-0.12 -1.27,0.49 -0.44,-0.24 -0.30,-0.31
-0.33 -0.61 66.2 | -0.27,-0.48 -0.25,-0.53 -0.22,-0.57 -0.22,-0.66 -0.27,-0.68 -0.34,-0.77 -0.45,-0.88 -0.61,-0.88 -0.69,-0.75 -0.88,-0.60 -1.27,-0.20 -1.33,0.43 -0.47,-0.27 -0.33,-0.34
-0.34 -0.64 69.8 | -0.29,-0.49 -0.27,-0.55 -0.23,-0.58 -0.19,-0.63 -0.24,-0.67 -0.27,-0.70 -0.30,-0.72 -0.34,-0.80 -0.45,-0.92 -0.60,-0.92 -0.68,-0.79 -0.90,-0.66 -1.32,-0.28 -1.39,0.33 -0.49,-0.31 -0.35,-0.38
-0.35 -0.66 67.9 | -0.29,-0.52 -0.28,-0.59 -0.25,-0.62 -0.18,-0.66 -0.25,-0.70 -0.28,-0.74 -0.31,-0.76 -0.35,-0.82 -0.47,-0.94 -0.64,-0.95 -0.69,-0.81 -0.91,-0.67 -1.30,-0.28 -1.36,0.33 -0.49,-0.34 -0.36,-0.40
-0.36 -0.69 68.2 | -0.31,-0.55 -0.28,-0.60 -0.25,-0.64 -0.19,-0.68 -0.26,-0.73 -0.30,-0.75 -0.32,-0.78 -0.36,-0.85 -0.48,-0.97 -0.63,-0.96 -0.70,-0.83 -0.92,-0.69 -1.31,-0.31 -1.36,0.29 -0.50,-0.37 -0.37,-0.44
-0.37 -0.71 71.4 | -0.33,-0.59 -0.30,-0.63 -0.26,-0.66 -0.21,-0.70 -0.28,-0.74 -0.31,-0.76 -0.33,-0.80 -0.36,-0.88 -0.48,-1.02 -0.63,-1.01 -0.71,-0.88 -0.94,-0.75 -1.33,-0.39 -1.43,0.21 -0.53,-0.39 -0.39,-0.46
-0.38 -0.74 70.5 | -0.34,-0.60 -0.31,-0.65 -0.28,-0.69 -0.20,-0.73 -0.27,-0.78 -0.31,-0.80 -0.34,-0.82 -0.37,-0.89 -0.49,-1.03 -0.64,-1.02 -0.72,-0.90 -0.94,-0.77 -2.68,0.08 -1.42,0.20 -0.53,-0.43 -0.40,-0.46
-0.39 -0.76 67.6 | -0.34,-0.63 -0.32,-0.69 -0.28,-0.71 -0.23,-0.76 -0.29,-0.80 -0.32,-0.83 -0.35,-0.86 -0.39,-0.94 -0.51,-1.05 -0.68,-1.05 -0.73,-0.90 -0.97,-0.76 -2.65,0.17 -1.38,0.22 -0.52,-0.45 -0.39,-0.50
-0.40 -0.79 69.4 | -0.35,-0.65 -0.32,-0.70 -0.30,-0.74 -0.23,-0.78 -0.31,-0.82 -0.35,-0.84 -0.36,-0.87 -0.40,-0.96 -0.52,-1.10 -0.67,-1.08 -0.74,-0.94 -0.99,-0.81 -2.69,0.07 -1.42,0.17 -0.54,-0.48 -0.41,-0.54
0.00 0.00 0.0 | 0.15,0.00 0.10,-0.04 0.08,-0.08 0.06,-0.15 0.00,-0.11 -0.04,-0.09 -0.07,-0.07 -0.16,-0.07 -0.37,0.15 -0.27,0.27 -0.22,0.53 -0.00,2.44 0.54,1.30 0.24,0.24 0.22,0.09
-0.01 -0.02 70.2 | 0.03,0.10 0.06,0.05 0.07,0.01 0.15,-0.02 0.10,-0.06 0.04,-0.07 0.04,-0.12 -0.00,-0.21 -0.12,-0.34 -0.26,-0.30 -0.34,-0.18 -2.33,0.81 -1.03,0.90 -0.16,0.29 -0.02,0.21
-0.02 -0.05 71.4 | 0.03,0.09 0.05,0.03 0.09,0.00 0.14,-0.04 0.08,-0.08 0.05,-0.11 0.03,-0.14 -0.00,-0.23 -0.12,-0.36 -0.28,-0.35 -0.36,-0.22 -0.60,-0.09 -2.36,0.74 -1.07,0.87 -0.16,0.25 -0.03,0.19
-0.03 -0.08 67.7 | 0.03,0.06 0.05,-0.00 0.07,-0.03 0.11,-0.07 0.06,-0.11 0.03,-0.13 0.01,-0.17 -0.03,-0.26 -0.15,-0.37 -0.30,-0.36 -0.36,-0.22 -0.62,-0.08 -2.36,0.88 -1.01,0.91 -0.16,0.24 -0.03,0.16
-0.03 -0.10 73.2 | 0.00,0.02 0.03,-0.03 0.07,-0.04 0.11,-0.09 0.07,-0.13 0.03,-0.15 0.02,-0.20 -0.02,-0.29 -0.13,-0.43 -0.29,-0.41 -0.36,-0.28 -0.63,-0.16 -2.51,0.64 -1.11,0.78 -0.19,0.19 -0.06,0.13
-0.04 -0.13 73.2 | -0.01,-0.01 0.03,-0.04 0.06,-0.07 0.12,-0.11 0.07,-0.16 0.03,-0.18 0.01,-0.22 -0.02,-0.31 -0.14,-0.46 -0.30,-0.45 -0.35,-0.29 -1.27,-0.25 -2.50,0.61 -0.98,0.64 -0.20,0.16 -0.07,0.12
-0.05 -0.15 74.1 | -0.01,-0.03 0.02,-0.07 0.05,-0.09 0.10,-0.13 0.05,-0.18 0.02,-0.21 0.00,-0.24 -0.03,-0.35 -0.15,-0.49 -0.31,-0.47 -0.36,-0.32 -1.27,-0.29 -2.51,0.55 -0.99,0.60 -0.20,0.12 -0.08,0.09
-0.06 -0.18 71.1 | -0.01,-0.05 0.01,-0.11 0.05,-0.12 0.10,-0.17 0.04,-0.21 0.01,-0.24 -0.01,-0.28 -0.05,-0.38 -0.18,-0.52 -0.33,-0.49 -0.40,-0.34 -1.27,-0.25 -2.45,0.64 -0.96,0.61 -0.20,0.12 -0.07,0.06
-0.07 -0.20 74.8 | -0.03,-0.06 -0.00,-0.12 0.10,-0.18 0.02,-0.23 0.00,-0.26 -0.01,-0.31 -0.04,-0.41 -0.16,-0.55 -0.32,-0.53 -0.38,-0.39 -1.27,-0.36 -2.48,0.45 -1.00,0.52 -0.23,0.08 -0.10,0.03
-0.07 -0.23 71.8 | -0.03,-0.11 -0.00,-0.15 0.04,-0.17 0.07,-0.22 0.03,-0.26 -0.01,-0.28 -0.02,-0.34 -0.06,-0.45 -0.19,-0.59 -0.35,-0.55 -0.38,-0.39 -1.28,-0.32 -2.45,0.55 -0.97,0.54 -0.21,0.04 -0.09,0.01
-0.08 -0.25 71.6 | -0.01,-0.18 0.02,-0.20 0.06,-0.24 0.02,-0.29 -0.02,-0.31 -0.03,-0.36 -0.06,-0.48 -0.20,-0.61 -0.36,-0.57 -0.40,-0.42 -1.29,-0.34 -2.43,0.53 -0.95,0.50 -0.22,0.02 -0.10,-0.03
-0.09 -0.28 75.6 | -0.06,-0.16 -0.03,-0.20 0.02,-0.22 0.05,-0.26 0.01,-0.31 -0.02,-0.33 -0.03,-0.38 -0.06,-0.50 -0.18,-0.65 -0.33,-0.61 -0.41,-0.47 -1.29,-0.45 -1.52,0.09 -1.01,0.41 -0.24,-0.02 -0.12,-0.05
-0.10 -0.31 76.2 | -0.06,-0.18 -0.03,-0.22 0.01,-0.24 0.05,-0.28 0.00,-0.33 -0.02,-0.36 -0.04,-0.40 -0.19,-0.67 -0.35,-0.65 -0.41,-0.50 -1.30,-0.49 -1.51,0.04 -1.02,0.37 -0.26,-0.04 -0.13,-0.09
-0.11 -0.35 74.7 | -0.07,-0.22 -0.04,-0.26 0.00,-0.29 0.04,-0.33 -0.01,-0.38 -0.04,-0.40 -0.05,-0.45 -0.08,-0.58 -0.20,-0.71 -0.36,-0.67 -0.44,-0.54 -1.31,-0.50 -1.51,0.04 -1.00,0.35 -0.26,-0.08 -0.13,-0.14
-0.11 -0.38 74.3 | -0.08,-0.27 -0.05,-0.29 -0.00,-0.31 0.04,-0.36 -0.02,-0.40 -0.06,-0.42 -0.07,-0.45 -0.09,-0.60 -0.21,-0.73 -0.37,-0.70 -0.44,-0.56 -1.32,-0.52 -1.52,0.02 -0.59,0.00 -0.26,-0.11 -0.14,-0.16
-0.12 -0.40 77.3 | -0.09,-0.29 -0.06,-0.32 -0.01,-0.33 0.01,-0.38 -0.01,-0.43 -0.05,-0.45 -0.06,-0.50 -0.08,-0.63 -0.20,-0.76 -0.35,-0.73 -0.45,-0.61 -1.29,-0.60 -1.52,-0.08 -0.63,-0.04 -0.28,-0.15 -0.15,-0.19
-0.12 -0.43 78.5 | -0.10,-0.31 -0.06,-0.34 -0.02,-0.36 0.01,-0.40 -0.03,-0.45 -0.05,-0.48 -0.06,-0.52 -0.08,-0.66 -0.20,-0.79 -0.36,-0.78 -0.46,-0.65 -1.31,-0.66 -1.54,-0.14 -0.62,-0.09 -0.29,-0.18 -0.16,-0.24
-0.13 -0.45 80.0 | -0.11,-0.33 -0.07,-0.37 -0.03,-0.38 0.00,-0.42 -0.04,-0.47 -0.05,-0.50 -0.06,-0.55 -0.08,-0.69 -0.19,-0.81 -0.35,-0.80 -0.47,-0.69 -1.32,-0.72 -1.54,-0.21 -0.64,-0.13 -0.29,-0.22 -0.17,-0.25
-0.13 -0.48 78.2 | -0.11,-0.36 -0.08,-0.39 -0.02,-0.41 0.00,-0.46 -0.04,-0.50 -0.06,-0.53 -0.08,-0.56 -0.09,-0.71 -0.21,-0.84 -0.36,-0.81 -0.49,-0.71 -1.33,-0.71 -1.53,-0.19 -0.65,-0.13 -0.30,-0.22 -0.17,-0.28
-0.14 -0.51 78.9 | -0.12,-0.39 -0.08,-0.42 -0.04,-0.44 -0.01,-0.48 -0.04,-0.53 -0.06,-0.56 -0.08,-0.60 -0.09,-0.75 -0.21,-0.87 -0.37,-0.86 -0.53,-0.77 -1.32,-0.75 -1.52,-0.24 -0.64,-0.17 -0.31,-0.26 -0.18,-0.31
-0.15 -0.53 81.7 | -0.13,-0.41 -0.09,-0.44 -0.04,-0.46 -0.01,-0.50 -0.04,-0.55 -0.08,-0.57 -0.08,-0.63 -0.08,-0.78 -0.20,-0.88 -0.35,-0.88 -0.53,-0.82 -1.25,-0.81 -1.52,-0.33 -0.65,-0.23 -0.32,-0.30 -0.20,-0.34
-0.15 -0.56 81.1 | -0.13,-0.44 -0.10,-0.47 -0.04,-0.48 -0.02,-0.53 -0.06,-0.57 -0.08,-0.60 -0.07,-0.66 -0.09,-0.82 -0.21,-0.92 -0.36,-0.90 -0.57,-0.86 -1.19,-0.81 -1.51,-0.35 -0.65,-0.25 -0.33,-0.32 -0.20,-0.37
-0.16 -0.59 83.0 | -0.14,-0.47 -0.10,-0.49 -0.05,-0.51 -0.04,-0.55 -0.05,-0.60 -0.08,-0.63 -0.08,-0.68 -0.09,-0.83 -0.20,-0.95 -0.35,-0.93 -0.55,-0.89 -1.17,-0.87 -1.53,-0.42 -0.66,-0.30 -0.34,-0.35 -0.21,-0.39
-0.16 -0.61 80.9 | -0.14,-0.49 -0.10,-0.51 -0.05,-0.54 -0.03,-0.58 -0.07,-0.63 -0.09,-0.65 -0.10,-0.70 -0.10,-0.87 -0.22,-0.98 -0.57,-0.91 -1.19,-0.86 -1.52,-0.39 -0.65,-0.31 -0.33,-0.37 -0.20,-0.42
-0.16 -0.64 82.2 | -0.14,-0.52 -0.11,-0.55 -0.06,-0.56 -0.05,-0.61 -0.07,-0.65 -0.09,-0.68 -0.08,-0.74 -0.09,-0.90 -0.21,-1.00 -0.37,-0.99 -0.58,-0.96 -1.18,-0.91 -1.52,-0.45 -0.66,-0.35 -0.33,-0.41 -0.21,-0.46
-0.16 -0.67 79.7 | -0.14,-0.54 -0.10,-0.57 -0.05,-0.58 -0.05,-0.64 -0.08,-0.68 -0.09,-0.71 -0.09,-0.77 -0.11,-0.92 -0.23,-1.02 -0.38,-1.00 -0.59,-0.96 -1.20,-0.89 -1.52,-0.42 -0.64,-0.36 -0.33,-0.43 -0.20,-0.48
-0.17 -0.69 80.4 | -0.15,-0.59 -0.11,-0.60 -0.05,-0.61 -0.04,-0.66 -0.08,-0.71 -0.11,-0.73 -0.10,-0.79 -0.11,-0.96 -0.23,-1.06 -0.38,-1.02 -0.60,-1.00 -1.20,-0.93 -1.53,-0.46 -0.65,-0.39 -0.34,-0.46 -0.21,-0.52
-0.17 -0.72 81.8 | -0.15,-0.60 -0.11,-0.62 -0.06,-0.64 -0.05,-0.69 -0.08,-0.73 -0.09,-0.77 -0.10,-0.81 -0.10,-0.98 -0.22,-1.07 -0.38,-1.07 -0.60,-1.04 -1.19,-0.98 -1.54,-0.52 -0.66,-0.43 -0.35,-0.49 -0.22,-0.55
-0.18 -0.75 83.5 | -0.16,-0.63 -0.12,-0.66 -0.06,-0.66 -0.06,-0.71 -0.08,-0.76 -0.10,-0.79 -0.10,-0.84 -0.10,-1.00 -0.22,-1.10 -0.37,-1.10 -0.59,-1.08 -1.19,-1.04 -1.56,-0.59 -0.67,-0.48 -0.35,-0.53 -0.22,-0.58
-0.18 -0.77 84.8 | -0.17,-0.67 -0.11,-0.66 -0.06,-0.68 -0.05,-0.74 -0.07,-0.78 -0.09,-0.82 -0.10,-0.87 -0.09,-1.05 -0.21,-1.13 -0.36,-1.12 -0.58,-1.11 -1.57,-0.65 -0.68,-0.51 -0.36,-0.55 -0.22,-0.62
-0.18 -0.80 82.2 | -0.16,-0.68 -0.12,-0.70 -0.06,-0.71 -0.06,-0.77 -0.08,-0.81 -0.11,-0.84 -0.10,-0.90 -0.11,-1.07 -0.38,-1.14 -0.60,-1.12 -1.19,-1.07 -1.58,-0.61 -0.65,-0.52 -0.36,-0.57 -0.23,-0.63
-0.18 -0.83 82.5 | -0.17,-0.71 -0.07,-0.74 -0.07,-0.80 -0.09,-0.84 -0.10,-0.87 -0.11,-0.92 -0.11,-1.09 -0.23,-1.18 -0.37,-1.16 -0.61,-1.15 -1.21,-1.10 -1.58,-0.64 -0.68,-0.54 -0.36,-0.60 -0.22,-0.67
-0.18 -0.85 89.9 | -0.18,-0.74 -0.14,-0.75 -0.08,-0.75 -0.08,-0.81 -0.09,-0.85 -0.09,-0.89 -0.09,-0.94 -0.08,-1.11 -0.18,-1.22 -0.34,-1.22 -0.57,-1.23 -1.16,-1.26 -1.63,-0.85 -0.69,-0.64 -0.38,-0.66 -0.25,-0.70
-0.19 -0.88 84.6 | -0.18,-0.78 -0.13,-0.77 -0.07,-0.78 -0.06,-0.84 -0.09,-0.89 -0.10,-0.93 -0.10,-0.98 -0.10,-1.16 -0.22,-1.24 -0.37,-1.23 -0.60,-1.22 -0.22,-0.89 -1.63,-0.74 -0.66,-0.63 -0.36,-0.67 -0.24,-0.71
-0.19 -0.91 86.8 | -0.18,-0.80 -0.14,-0.81 -0.08,-0.81 -0.07,-0.87 -0.09,-0.91 -0.10,-0.95 -0.10,-1.01 -0.09,-1.18 -0.21,-1.28 -0.35,-1.25 -0.59,-1.27 -1.19,-1.26 -1.62,-0.83 -0.58,-0.72 -0.38,-0.69 -0.24,-0.75
-0.19 -0.93 88.9 | -0.19,-0.81 -0.14,-0.83 -0.08,-0.83 -0.08,-0.89 -0.09,-0.94 -0.10,-0.97 -0.10,-1.03 -0.08,-1.20 -0.20,-1.30 -0.34,-1.29 -0.58,-1.31 -1.18,-1.32 -1.64,-0.91 -0.57,-0.77 -0.38,-0.73 -0.25,-0.78
-0.19 -0.96 90.2 | -0.19,-0.85 -0.15,-0.86 -0.07,-0.84 -0.07,-0.91 -0.10,-0.96 -0.10,-1.00 -0.09,-1.06 -0.08,-1.23 -0.19,-1.33 -0.34,-1.33 -0.57,-1.34 -1.17,-1.37 -1.65,-0.97 -0.55,-0.81 -0.38,-0.77 -0.25,-0.82
-0.19 -0.99 89.9 | -0.19,-0.88 -0.15,-0.88 -0.08,-0.87 -0.08,-0.94 -0.09,-0.99 -0.10,-1.03 -0.10,-1.08 -0.08,-1.26 -0.19,-1.36 -0.33,-1.33 -0.57,-1.37 -1.18,-1.40 -1.65,-0.98 -0.54,-0.84 -0.38,-0.80 -0.25,-0.85
-0.19 -1.01 89.6 | -0.15,-0.91 -0.06,-0.89 -0.08,-0.97 -0.09,-1.01 -0.11,-1.05 -0.08,-1.12 -0.08,-1.30 -0.19,-1.39 -0.33,-1.35 -0.59,-1.41 -1.17,-1.41 -1.64,-1.00 -0.54,-0.87 -0.38,-0.82 -0.25,-0.86
-0.19 -1.04 89.5 | -0.19,-0.95 -0.15,-0.93 -0.08,-0.93 -0.09,-1.00 -0.09,-1.04 -0.11,-1.07 -0.09,-1.15 -0.08,-1.32 -0.19,-1.42 -0.34,-1.39 -0.58,-1.42 -1.17,-1.44 -1.64,-1.03 -0.53,-0.90 -0.38,-0.85 -0.25,-0.89
-0.19 -1.07 88.7 | -0.19,-0.97 -0.14,-0.96 -0.08,-0.97 -0.09,-1.03 -0.10,-1.07 -0.11,-1.11 -0.09,-1.17 -0.08,-1.35 -0.20,-1.44 -0.34,-1.42 -0.59,-1.45 -1.18,-1.45 -1.64,-1.04 -0.52,-0.93 -0.36,-0.89 -0.25,-0.92
-0.19 -1.10 88.9 | -0.19,-0.98 -0.14,-0.99 -0.08,-0.98 -0.08,-1.05 -0.10,-1.10 -0.09,-1.21 -0.08,-1.37 -0.20,-1.48 -0.35,-1.45 -0.59,-1.48 -1.16,-1.48 -1.61,-1.07 -0.51,-0.96 -0.37,-0.91 -0.25,-0.96
-0.19 -1.12 93.3 | -0.20,-1.01 -0.16,-1.02 -0.07,-0.99 -0.10,-1.08 -0.11,-1.12 -0.09,-1.16 -0.09,-1.21 -0.06,-1.39 -0.17,-1.50 -0.32,-1.49 -0.56,-1.54 -1.12,-1.57 -1.62,-1.21 -0.53,-1.01 -0.40,-0.94 -0.27,-0.98
-0.19 -1.15 91.0 | -0.20,-1.04 -0.15,-1.04 -0.07,-1.02 -0.09,-1.10 -0.11,-1.15 -0.09,-1.19 -0.08,-1.26 -0.07,-1.44 -0.19,-1.54 -0.33,-1.50 -0.58,-1.55 -1.13,-1.56 -1.61,-1.17 -0.52,-1.02 -0.37,-0.98 -0.25,-1.03
-0.19 -1.18 93.8 | -0.20,-1.08 -0.15,-1.06 -0.08,-1.05 -0.10,-1.13 -0.09,-1.17 -0.11,-1.20 -0.08,-1.27 -0.05,-1.46 -0.17,-1.56 -0.32,-1.54 -0.56,-1.59 -1.09,-1.62 -1.60,-1.27 -0.51,-1.07 -0.39,-1.00 -0.27,-1.02
-0.19 -1.20 94.4 | -0.20,-1.09 -0.16,-1.10 -0.08,-1.08 -0.10,-1.16 -0.09,-1.20 -0.09,-1.24 -0.07,-1.31 -0.04,-1.49 -0.16,-1.61 -0.31,-1.56 -0.54,-1.61 -1.09,-1.66 -1.58,-1.31 -0.51,-1.10 -0.38,-1.04 -0.25,-1.08
-0.19 -1.23 89.0 | -0.19,-1.11 -0.15,-1.13 -0.06,-1.11 -0.09,-1.19 -0.09,-1.23 -0.11,-1.27 -0.07,-1.36 -0.07,-1.53 -0.20,-1.62 -0.34,-1.57 -0.59,-1.62 -2.43,-2.11 -1.58,-1.21 -0.50,-1.10 -0.37,-1.05 -0.24,-1.10
-0.19 -1.26 92.7 | -0.20,-1.15 -0.15,-1.14 -0.09,-1.15 -0.10,-1.21 -0.11,-1.25 -0.09,-1.29 -0.06,-1.37 -0.05,-1.55 -0.17,-1.66 -0.31,-1.60 -0.57,-1.68 -2.39,-2.29 -1.59,-1.32 -0.53,-1.14 -0.39,-1.08 -0.25,-1.13
-0.19 -1.28 90.1 | -0.19,-1.17 -0.14,-1.17 -0.08,-1.17 -0.08,-1.24 -0.10,-1.28 -0.10,-1.32 -0.07,-1.41 -0.07,-1.58 -0.19,-1.68 -0.33,-1.63 -0.58,-1.68 -2.44,-2.22 -1.57,-1.29 -0.50,-1.15 -0.38,-1.10 -0.25,-1.15
-0.19 -1.31 89.7 | -0.19,-1.18 -0.14,-1.20 -0.07,-1.19 -0.08,-1.27 -0.10,-1.31 -0.09,-1.35 -0.06,-1.45 -0.07,-1.61 -0.19,-1.69 -0.33,-1.64 -0.59,-1.71 -2.46,-2.24 -1.58,-1.30 -0.50,-1.18 -0.37,-1.13
-0.19 -1.34 94.4 | -0.20,-1.20 -0.14,-1.21 -0.09,-1.23 -0.10,-1.30 -0.10,-1.33 -0.09,-1.37 -0.04,-1.47 -0.04,-1.62 -0.16,-1.70 -0.30,-1.68 -0.55,-1.76 -2.39,-2.46 -1.57,-1.44 -0.53,-1.23 -0.39,-1.16 -0.26,-1.20
-0.19 -1.37 92.4 | -0.19,-1.23 -0.13,-1.21 -0.09,-1.26 -0.09,-1.32 -0.10,-1.36 -0.08,-1.40 -0.03,-1.51 -0.05,-1.67 -0.17,-1.72 -0.30,-1.67 -0.54,-1.75 -2.41,-2.40 -1.56,-1.42 -0.55,-1.23 -0.41,-1.16 -0.26,-1.20
-0.18 -1.39 97.2 | -0.20,-1.22 -0.13,-1.21 -0.10,-1.28 -0.09,-1.34 -0.08,-1.38 -0.05,-1.43 -0.01,-1.53 -0.03,-1.66 -0.14,-1.73 -0.27,-1.70 -0.50,-1.80 -1.03,-1.88 -0.37,-1.42 -0.59,-1.28 -0.44,-1.19 -0.29,-1.20
-0.18 -1.42 97.7 | -0.21,-1.24 -0.12,-1.20 -0.09,-1.30 -0.09,-1.36 -0.08,-1.40 -0.03,-1.46 -0.02,-1.54 -0.04,-1.66 -0.14,-1.74 -0.26,-1.71 -0.47,-1.80 -1.03,-1.91 -1.56,-1.60 -0.67,-1.29 -0.44,-1.22 -0.30,-1.21
-0.18 -1.44 93.8 | -0.19,-1.24 -0.11,-1.23 -0.10,-1.35 -0.08,-1.40 -0.06,-1.44 -0.03,-1.50 -0.02,-1.58 -0.06,-1.69 -0.16,-1.75 -0.27,-1.70 -0.49,-1.80 -1.06,-1.88 -1.58,-1.54 -0.73,-1.26 -0.45,-1.21 -0.30,-1.20
-0.18 -1.47 97.0 | -0.20,-1.25 -0.11,-1.22 -0.10,-1.37 -0.07,-1.41 -0.05,-1.46 -0.03,-1.51 -0.01,-1.60 -0.05,-1.69 -0.14,-1.74 -0.24,-1.72 -0.45,-1.83 -1.05,-1.96 -1.58,-1.64 -0.75,-1.31 -0.48,-1.24 -0.32,-1.21
-0.17 -1.50 95.8 | -0.20,-1.25 -0.09,-1.23 -0.08,-1.39 -0.07,-1.44 -0.03,-1.48 -0.00,-1.55 -0.02,-1.62 -0.07,-1.69 -0.15,-1.76 -0.24,-1.73 -0.44,-1.83 -1.05,-1.97 -1.58,-1.64 -0.76,-1.32 -0.48,-1.25 -0.33,-1.21
-0.17 -1.52 97.6 | -0.21,-1.25 -0.11,-1.29 -0.09,-1.42 -0.06,-1.46 -0.03,-1.51 -0.02,-1.57 -0.03,-1.63 -0.07,-1.70 -0.14,-1.77 -0.23,-1.73 -0.43,-1.86 -1.03,-2.02 -1.58,-1.71 -0.77,-1.36 -0.49,-1.28 -0.34,-1.23
-0.17 -1.55 101.7 | -0.23,-1.26 -0.12,-1.31 -0.09,-1.43 -0.05,-1.47 -0.01,-1.52 -0.00,-1.58 -0.01,-1.66 -0.06,-1.71 -0.12,-1.78 -0.21,-1.76 -0.37,-1.86 -0.97,-2.10 -1.57,-1.84 -0.80,-1.43 -0.52,-1.32 -0.38,-1.25
-0.16 -1.58 98.9 | -0.21,-1.27 -0.12,-1.38 -0.06,-1.44 -0.02,-1.49 -0.02,-1.56 -0.02,-1.61 -0.00,-1.70 -0.07,-1.74 -0.13,-1.79 -0.21,-1.77 -0.28,-1.74 -0.99,-2.08 -1.57,-1.80 -0.80,-1.42 -0.53,-1.31 -0.37,-1.25
-0.16 -1.60 100.3 | -0.22,-1.28 -0.11,-1.38 -0.06,-1.46 -0.03,-1.52 -0.01,-1.58 -0.01,-1.64 -0.03,-1.70 -0.07,-1.75 -0.13,-1.79 -0.20,-1.78 -0.26,-1.74 -0.97,-2.13 -1.56,-1.86 -0.81,-1.46 -0.53,-1.35 -0.38,-1.27
-0.16 -1.63 99.1 | -0.21,-1.29 -0.10,-1.41 -0.05,-1.48 -0.02,-1.55 -0.01,-1.61 -0.01,-1.67 -0.04,-1.72 -0.08,-1.75 -0.13,-1.80 -0.19,-1.77 -0.25,-1.77 -0.97,-2.14 -1.58,-1.86 -0.83,-1.47 -0.54,-1.35 -0.38,-1.26
-0.15 -1.66 99.9 | -0.21,-1.30 -0.10,-1.44 -0.05,-1.51 -0.01,-1.57 -0.01,-1.63 -0.00,-1.69 -0.06,-1.73 -0.08,-1.78 -0.13,-1.79 -0.18,-1.80 -0.24,-1.78 -0.95,-2.17 -1.57,-1.91 -0.84,-1.51 -0.56,-1.37 -0.40,-1.26
-0.15 -1.69 96.2 | -0.19,-1.29 -0.08,-1.45 -0.02,-1.53 0.00,-1.60 0.00,-1.67 -0.00,-1.73 -0.06,-1.75 -0.09,-1.78 -0.13,-1.83 -0.18,-1.80 -0.22,-1.78 -0.26,-1.75 -1.58,-1.84 -0.98,-1.44 -0.55,-1.36 -0.37,-1.27
-0.15 -1.70 101.2 | -0.22,-1.30 -0.09,-1.44 -0.03,-1.53 0.00,-1.60 0.00,-1.67 -0.02,-1.72 -0.06,-1.76 -0.09,-1.78 -0.12,-1.81 -0.17,-1.82 -0.20,-1.79 -0.26,-1.77 -1.55,-1.98 -0.58,-1.41 -0.42,-1.29
-0.14 -1.72 97.4 | -0.20,-1.31 -0.08,-1.48 -0.01,-1.54 -0.01,-1.64 -0.00,-1.70 -0.04,-1.74 -0.05,-1.79 -0.08,-1.82 -0.13,-1.83 -0.17,-1.83 -0.21,-1.81 -0.25,-1.78 -1.57,-1.90 -0.98,-1.49 -0.58,-1.38 -0.40,-1.27
-0.14 -1.73 103.3 | -0.24,-1.32 -0.10,-1.47 -0.03,-1.55 0.01,-1.62 0.02,-1.69 -0.02,-1.75 -0.06,-1.78 -0.08,-1.81 -0.11,-1.85 -0.16,-1.86 -0.19,-1.82 -0.25,-1.81 -1.54,-2.06 -1.01,-1.59 -0.59,-1.46 -0.42,-1.34
-0.14 -1.75 101.4 | -0.22,-1.34 -0.09,-1.49 -0.02,-1.57 0.02,-1.64 0.01,-1.72 -0.04,-1.77 -0.06,-1.80 -0.07,-1.84 -0.12,-1.85 -0.15,-1.84 -0.20,-1.85 -0.24,-1.82 -1.53,-2.03 -0.98,-1.58 -0.57,-1.46 -0.41,-1.34
-0.13 -1.76 100.0 | -0.20,-1.36 -0.08,-1.51 -0.00,-1.57 0.01,-1.67 0.02,-1.73 -0.03,-1.78 -0.06,-1.81 -0.08,-1.85 -0.11,-1.87 -0.15,-1.86 -0.19,-1.85 -0.23,-1.82 -1.54,-2.01 -0.99,-1.57 -0.56,-1.46 -0.40,-1.33
-0.13 -1.78 102.4 | -0.22,-1.37 -0.08,-1.52 -0.01,-1.60 0.00,-1.69 0.01,-1.75 -0.03,-1.80 -0.07,-1.86 -0.10,-1.90 -0.14,-1.87 -0.17,-1.86 -0.22,-1.85 -1.52,-2.09 -0.99,-1.63 -0.58,-1.49 -0.42,-1.36
-0.12 -1.80 104.0 | -0.22,-1.40 -0.08,-1.54 -0.01,-1.62 0.02,-1.69 0.02,-1.76 -0.01,-1.81 -0.05,-1.84 -0.07,-1.87 -0.09,-1.91 -0.14,-1.89 -0.17,-1.87 -0.22,-1.87 -1.51,-2.15 -0.98,-1.67 -0.57,-1.53 -0.41,-1.41
-0.12 -1.81 99.6 | -0.19,-1.40 0.00,-1.65 0.04,-1.72 0.04,-1.79 -0.01,-1.84 -0.03,-1.87 -0.06,-1.90 -0.10,-1.93 -0.14,-1.91 -0.17,-1.89 -0.23,-1.89 -1.52,-2.05 -0.96,-1.62 -0.54,-1.52 -0.38,-1.40
-0.12 -1.81 104.1 | -0.22,-1.40 -0.08,-1.56 -0.00,-1.63 0.03,-1.70 0.04,-1.77 -0.01,-1.83 -0.03,-1.87 -0.06,-1.89 -0.09,-1.92 -0.13,-1.91 -0.17,-1.90 -0.21,-1.89 -1.48,-2.16 -0.56,-1.55 -0.41,-1.42
-0.11 -1.78 81.2 | -0.04,-1.33 0.09,-1.44 0.08,-1.64 0.09,-1.73 0.07,-1.81 0.02,-1.86 -0.03,-1.89 -0.08,-1.90 -0.13,-1.91 -0.18,-1.90 -0.21,-1.85 -0.24,-1.81 -1.02,-1.64 -1.30,-1.06 -0.51,-1.24 -0.23,-1.30
-0.11 -1.78 83.3 | -0.06,-1.34 0.09,-1.43 0.07,-1.64 0.10,-1.72 0.08,-1.80 0.00,-1.85 -0.02,-1.90 -0.08,-1.90 -0.13,-1.90 -0.18,-1.90 -0.20,-1.85 -0.24,-1.82 -1.04,-1.67 -1.32,-1.10 -0.54,-1.25 -0.25,-1.31
-0.08 -1.73 62.3 | 0.13,-1.33 0.22,-1.48 0.26,-1.62 0.15,-1.75 0.10,-1.83 0.04,-1.88 -0.03,-1.92 -0.10,-1.92 -0.16,-1.87 -0.22,-1.84 -0.23,-1.78 -0.23,-1.72 -0.39,-1.57 -1.04,-0.59 -0.44,-0.59 -0.03,-1.12
-0.05 -1.69 44.1 | 0.34,-1.32 0.34,-1.54 0.32,-1.70 0.25,-1.82 0.11,-1.86 0.03,-1.89 -0.05,-1.92 -0.12,-1.87 -0.22,-1.86 -0.23,-1.77 -0.26,-1.69 -0.19,-1.63 -0.15,-1.59 -0.42,-0.76 -0.03,-0.38 0.39,-0.68
0.01 -1.67 18.5 | 0.99,-1.35 0.50,-1.71 0.24,-1.94 0.11,-1.98 -0.01,-2.01 -0.09,-1.88 -0.18,-1.84 -0.23,-1.75 -0.25,-1.66 -0.21,-1.56 -0.11,-1.53 -0.03,-1.54 0.03,-1.35 0.40,-0.89 0.95,-0.86
0.07 -1.67 3.3 | 1.29,-1.60 0.93,-1.97 0.42,-1.98 0.22,-1.97 0.09,-2.04 -0.04,-1.98 -0.20,-1.97 -0.17,-1.79 -0.22,-1.69 -0.22,-1.57 -0.14,-1.48 -0.04,-1.45 0.06,-1.53 0.14,-1.48 0.28,-1.43 0.83,-1.30
0.12 -1.69 340.3 | 0.89,-1.96 1.03,-2.51 0.46,-2.40 0.15,-2.15 0.01,-1.99 -0.12,-1.95 -0.19,-1.84 -0.30,-1.71 -0.18,-1.58 -0.13,-1.46 -0.02,-1.38 0.11,-1.39 0.18,-1.53 0.23,-1.57 0.37,-1.57 0.43,-1.67
0.15 -1.70 341.5 | 0.89,-1.95 1.04,-2.47 0.56,-2.53 0.18,-2.17 0.04,-2.03 -0.09,-1.98 -0.17,-1.86 -0.30,-1.73 -0.18,-1.59 -0.13,-1.46 -0.01,-1.37 0.13,-1.42 0.19,-1.57 0.26,-1.57 0.44,-1.68
0.11 -1.68 338.6 | 0.87,-1.98 0.99,-2.53 0.42,-2.39 0.12,-2.14 -0.02,-2.00 -0.15,-1.95 -0.20,-1.82 -0.31,-1.69 -0.18,-1.57 -0.13,-1.46 -0.03,-1.38 0.10,-1.40 0.17,-1.51 0.21,-1.58 0.33,-1.58 0.42,-1.68
0.08 -1.67 340.4 | 0.86,-1.95 1.03,-2.53 0.39,-2.32 0.10,-2.09 -0.03,-1.99 -0.15,-1.93 -0.22,-1.82 -0.31,-1.69 -0.19,-1.58 -0.16,-1.46 -0.06,-1.38 0.07,-1.40 0.15,-1.47 0.18,-1.56 0.32,-1.56 0.40,-1.66
0.06 -1.67 341.0 | 0.87,-1.94 1.03,-2.53 0.37,-2.32 0.08,-2.06 -0.05,-1.97 -0.17,-1.92 -0.21,-1.80 -0.30,-1.69 -0.20,-1.58 -0.17,-1.47 -0.07,-1.41 0.14,-1.42 0.16,-1.54 0.30,-1.54 0.38,-1.65
0.03 -1.66 340.0 | 0.85,-1.96 1.00,-2.55 0.34,-2.31 0.05,-2.05 -0.09,-1.99 -0.19,-1.90 -0.23,-1.78 -0.28,-1.67 -0.20,-1.57 -0.16,-1.48 -0.09,-1.41 0.02,-1.38 0.13,-1.40 0.15,-1.53 0.24,-1.56 0.37,-1.64
0.01 -1.65 340.9 | 0.85,-1.94 1.02,-2.54 0.25,-2.15 0.03,-2.01 -0.11,-1.98 -0.20,-1.88 -0.24,-1.77 -0.29,-1.67 -0.22,-1.57 -0.18,-1.48 -0.11,-1.40 -0.01,-1.37 0.09,-1.40 0.15,-1.49 0.20,-1.55 0.36,-1.63
0.01 -1.65 340.7 | 0.85,-1.94 1.00,-2.53 0.25,-2.15 0.03,-2.01 -0.11,-1.98 -0.19,-1.87 -0.26,-1.77 -0.28,-1.66 -0.20,-1.58 -0.19,-1.48 -0.12,-1.40 -0.01,-1.37 0.10,-1.39 0.15,-1.49 0.20,-1.56 0.37,-1.63
0.06 -1.64 4.2 | 1.31,-1.55 0.80,-1.89 0.38,-1.92 0.21,-1.94 0.09,-1.97 -0.03,-1.93 -0.20,-1.94 -0.17,-1.76 -0.22,-1.67 -0.23,-1.55 -0.16,-1.45 -0.06,-1.39 0.05,-1.47 0.14,-1.42 0.28,-1.39 0.85,-1.25
0.11 -1.63 17.9 | 1.06,-1.32 0.58,-1.66 0.39,-1.77 0.33,-1.88 0.21,-1.92 0.09,-1.97 -0.03,-1.91 -0.13,-1.83 -0.21,-1.73 -0.19,-1.60 -0.15,-1.49 -0.00,-1.49 0.03,-1.36 0.14,-1.31 0.48,-0.91 0.99,-0.88
0.17 -1.61 16.6 | 1.07,-1.34 0.58,-1.65 0.44,-1.76 0.35,-1.84 0.26,-1.93 0.13,-1.95 -0.02,-1.96 -0.10,-1.83 -0.20,-1.72 -0.19,-1.57 -0.05,-1.49 0.05,-1.46 0.08,-1.32 0.26,-0.69 0.54,-0.92 1.03,-0.91
0.23 -1.61 358.3 | 1.32,-1.65 1.02,-1.97 0.50,-1.90 0.33,-1.88 0.22,-1.89 0.09,-1.92 -0.02,-1.85 -0.18,-1.77 -0.16,-1.60 -0.18,-1.43 -0.04,-1.33 0.15,-1.42 0.23,-1.34 0.34,-1.35 0.94,-0.94 0.93,-1.34
0.28 -1.63 337.7 | 0.91,-1.89 1.05,-2.40 0.59,-2.39 0.28,-2.00 0.17,-1.91 0.09,-1.83 -0.04,-1.77 -0.11,-1.64 -0.15,-1.46 0.10,-1.20 0.28,-1.25 0.36,-1.43 0.47,-1.45 0.54,-1.53 1.15,-1.63
0.33 -1.65 341.5 | 0.95,-1.86 1.11,-2.33 0.71,-2.42 0.36,-2.02 0.22,-1.98 0.13,-1.88 0.03,-1.80 -0.09,-1.68 -0.14,-1.49 -0.04,-1.33 0.11,-1.20 0.32,-1.42 0.42,-1.40 0.51,-1.45 1.05,-1.29 1.17,-1.59
0.39 -1.66 356.6 | 1.35,-1.71 1.16,-2.03 0.72,-2.03 0.50,-1.99 0.37,-1.97 0.25,-1.94 0.06,-1.94 -0.17,-1.85 -0.14,-1.62 -0.10,-1.42 0.21,-1.45 0.30,-1.40 0.40,-1.43 0.72,-0.98 1.00,-1.11 0.97,-1.45
0.44 -1.64 17.1 | 1.36,-1.36 0.95,-1.69 0.71,-1.78 0.65,-1.89 0.53,-1.94 0.40,-2.06 0.20,-2.09 0.02,-1.99 -0.11,-1.81 0.15,-1.61 0.17,-1.49 0.30,-1.48 0.21,-0.91 0.52,-0.79 0.72,-1.11 1.19,-1.02
0.50 -1.63 13.2 | 1.39,-1.42 1.04,-1.72 0.80,-1.82 0.68,-1.88 0.56,-1.91 0.43,-2.02 0.22,-2.07 0.01,-1.97 -0.12,-1.77 0.18,-1.57 0.22,-1.46 0.36,-1.43 0.32,-0.89 0.62,-0.88 0.79,-1.15 1.26,-1.08
0.55 -1.61 12.2 | 1.42,-1.43 1.13,-1.72 0.88,-1.83 0.70,-1.83 0.62,-1.91 0.49,-1.95 0.26,-2.06 0.02,-1.98 -0.10,-1.76 0.19,-1.55 0.29,-1.45 0.13,-1.01 0.39,-0.86 0.68,-0.89 0.83,-1.18 1.27,-1.11
0.60 -1.61 9.4 | 1.44,-1.47 1.17,-1.74 0.91,-1.83 0.73,-1.81 0.65,-1.90 0.53,-1.93 0.28,-2.06 0.02,-1.97 -0.10,-1.72 0.20,-1.51 0.36,-1.43 0.48,-0.86 0.77,-0.91 0.88,-1.22 1.32,-1.16
0.66 -1.59 11.7 | 1.45,-1.43 1.23,-1.70 0.94,-1.78 0.82,-1.83 0.71,-1.85 0.60,-1.90 0.37,-2.04 0.06,-2.00 -0.08,-1.75 0.22,-1.51 0.40,-1.42 0.25,-0.98 0.51,-0.87 0.78,-0.99 1.35,-0.55 1.34,-1.13
0.72 -1.58 9.3 | 1.48,-1.46 1.25,-1.71 0.98,-1.78 0.89,-1.86 0.75,-1.80 0.64,-1.91 0.46,-1.94 0.03,-2.01 -0.09,-1.72 0.24,-1.47 -0.02,-1.05 0.30,-0.92 0.60,-0.86 0.83,-1.11 1.43,-0.59 1.36,-1.19
0.77 -1.59 351.5 | 1.45,-1.70 1.39,-1.96 1.08,-2.01 0.85,-1.90 0.73,-1.90 0.64,-1.81 0.49,-1.80 0.34,-1.70 -0.04,-1.47 0.05,-1.16 0.46,-1.18 0.55,-0.70 0.89,-0.83 1.15,-0.97 1.13,-1.33 2.12,-1.26
0.82 -1.62 329.6 | 2.03,-2.33 1.21,-2.13 1.00,-2.28 0.76,-2.11 0.64,-1.93 0.59,-1.80 0.53,-1.70 0.46,-1.57 0.37,-1.36 0.31,-0.94 0.60,-0.78 0.88,-1.19 1.25,-0.89 1.44,-1.16 1.52,-1.44 1.21,-1.68
0.86 -1.67 311.1 | 1.06,-1.89 1.31,-3.01 0.82,-2.26 0.57,-2.26 0.48,-2.00 0.49,-1.79 0.56,-1.65 0.56,-1.52 0.58,-1.34 0.92,-0.79 1.13,-1.12 1.69,-0.94 1.61,-1.41 1.60,-1.72 1.42,-1.94
0.88 -1.69 308.0 | 1.05,-1.91 1.24,-3.01 0.80,-2.30 0.54,-2.28 0.48,-2.00 0.46,-1.80 0.55,-1.65 0.61,-1.35 0.69,-1.00 0.99,-0.80 1.17,-1.16 1.74,-1.01 1.63,-1.48 1.57,-1.77 1.40,-1.98
0.85 -1.65 306.6 | 1.03,-1.90 1.19,-3.02 0.76,-2.24 0.51,-2.22 0.45,-1.95 0.49,-1.74 0.53,-1.61 0.57,-1.49 0.60,-1.32 0.68,-0.99 0.98,-0.79 1.27,-0.94 1.75,-0.98 1.63,-1.46 1.59,-1.76 1.41,-1.99
0.83 -1.63 306.6 | 1.03,-1.90 1.19,-3.04 0.74,-2.24 0.49,-2.21 0.44,-1.92 0.49,-1.72 0.53,-1.59 0.57,-1.48 0.60,-1.32 0.67,-1.00 0.96,-0.79 1.26,-0.92 1.15,-1.39 1.64,-1.43 1.59,-1.74 1.40,-1.97
0.82 -1.61 308.8 | 1.02,-1.87 1.25,-3.09 0.75,-2.23 0.49,-2.20 0.45,-1.90 0.50,-1.70 0.52,-1.58 0.57,-1.48 0.58,-1.32 0.64,-1.00 0.91,-0.78 1.24,-0.84 1.13,-1.36 1.60,-1.38 1.60,-1.70 1.43,-1.95
0.80 -1.59 308.7 | 1.01,-1.85 1.25,-3.15 0.73,-2.22 0.47,-2.19 0.43,-1.89 0.52,-1.67 0.50,-1.56 0.58,-1.47 0.58,-1.32 0.62,-0.98 0.89,-0.76 1.22,-0.83 1.15,-1.31 1.61,-1.35 1.59,-1.68 1.49,-1.97
0.78 -1.57 312.8 | 1.03,-1.84 1.36,-3.14 0.76,-2.24 0.49,-2.20 0.45,-1.88 0.55,-1.66 0.51,-1.56 0.58,-1.47 0.55,-1.32 0.58,-1.03 0.81,-0.77 1.15,-0.77 1.15,-1.23 1.58,-1.27 1.62,-1.60 1.51,-1.90
0.78 -1.57 312.0 | 1.21,-2.05 1.35,-3.16 0.75,-2.24 0.48,-2.21 0.45,-1.87 0.53,-1.66 0.49,-1.55 0.58,-1.47 0.56,-1.32 0.59,-1.01 0.83,-0.77 1.15,-0.79 1.16,-1.23 1.61,-1.28 1.61,-1.61 1.49,-1.91
0.83 -1.60 331.7 | 2.09,-2.27 1.23,-2.08 1.03,-2.24 0.78,-2.07 0.67,-1.89 0.61,-1.78 0.54,-1.68 0.52,-1.56 0.41,-1.37 0.29,-0.93 0.58,-0.76 0.88,-1.10 1.24,-0.83 1.45,-1.09 1.56,-1.38 1.19,-1.63
0.89 -1.61 346.2 | 1.50,-1.76 1.42,-2.01 1.14,-2.03 0.95,-2.01 0.82,-1.89 0.69,-1.88 0.63,-1.76 0.44,-1.68 -0.02,-1.39 0.13,-1.05 0.60,-1.14 0.75,-0.69 1.07,-0.85 1.31,-1.03 1.18,-1.43 2.00,-1.44
0.94 -1.63 340.8 | 1.51,-1.83 1.40,-2.04 1.15,-2.06 0.97,-2.06 0.83,-1.94 0.74,-1.86 0.64,-1.77 0.46,-1.66 0.05,-1.32 0.23,-1.00 0.74,-1.20 0.89,-0.71 1.20,-0.88 1.41,-1.10 1.65,-1.29 2.04,-1.56
0.99 -1.66 324.8 | 2.02,-2.39 1.28,-2.12 1.09,-2.25 0.88,-2.14 0.75,-2.00 0.70,-1.84 0.67,-1.71 0.64,-1.58 0.54,-1.35 0.45,-0.81 0.82,-0.68 1.26,-0.43 1.47,-0.97 1.59,-1.28 1.32,-1.60 1.75,-1.83
1.02 -1.71 303.1 | 1.43,-2.34 1.25,-2.94 0.91,-2.19 0.70,-2.17 0.55,-2.01 0.58,-1.79 0.66,-1.63 0.72,-1.50 0.80,-1.37 0.91,-1.12 1.22,-0.72 1.41,-1.13 1.98,-1.08 1.80,-1.56 1.66,-1.84 1.25,-1.87
1.02 -1.72 302.6 | 1.42,-2.33 1.24,-2.93 0.92,-2.21 0.71,-2.17 0.53,-2.03 0.62,-1.79 0.64,-1.63 0.72,-1.51 0.80,-1.37 0.91,-1.11 1.24,-0.74 1.43,-1.14 2.00,-1.09 1.79,-1.58 1.66,-1.86 1.22,-1.86
1.00 -1.68 305.7 | 1.29,-2.93 0.91,-2.18 0.69,-2.17 0.60,-1.96 0.59,-1.78 0.66,-1.62 0.72,-1.51 0.77,-1.37 0.87,-1.13 1.16,-0.70 1.37,-1.08 1.95,-0.99 1.79,-1.49 1.26,-1.84
0.98 -1.66 308.0 | 1.49,-2.31 1.34,-2.94 0.92,-2.15 0.70,-2.16 0.63,-1.94 0.59,-1.77 0.65,-1.62 0.70,-1.50 0.75,-1.37 0.83,-1.13 1.10,-0.66 1.33,-1.05 1.91,-0.93 1.77,-1.44 1.68,-1.75 1.27,-1.82
0.97 -1.64 308.7 | 1.49,-2.30 1.35,-2.95 0.91,-2.14 0.68,-2.16 0.64,-1.90 0.58,-1.75 0.67,-1.61 0.68,-1.48 0.75,-1.36 0.82,-1.14 1.07,-0.67 1.43,-0.80 1.90,-0.89 1.78,-1.40 1.69,-1.72 1.27,-1.81
0.96 -1.64 308.3 | 1.48,-2.29 1.33,-2.93 0.90,-2.15 0.68,-2.14 0.64,-1.89 0.60,-1.74 0.65,-1.60 0.69,-1.48 0.75,-1.37 0.83,-1.14 1.08,-0.68 1.44,-0.79 1.89,-0.90 1.78,-1.41 1.69,-1.72 1.29,-1.82
1.01 -1.67 326.7 | 2.03,-2.34 1.31,-2.10 1.13,-2.22 0.91,-2.22 0.78,-2.02 0.72,-1.87 0.71,-1.73 0.63,-1.59 0.56,-1.37 0.44,-0.82 0.81,-0.69 1.26,-0.38 1.48,-0.96 1.60,-1.27 1.33,-1.60 1.75,-1.81
1.06 -1.69 341.5 | 1.55,-1.85 1.42,-2.00 1.30,-2.15 1.09,-2.09 0.93,-2.08 0.83,-1.96 0.67,-1.88 0.53,-1.72 0.12,-1.37 0.27,-1.00 0.39,-0.33 1.00,-0.82 1.29,-1.00 1.18,-1.55 1.69,-1.37 2.06,-1.62
1.12 -1.70 340.9 | 1.56,-1.86 1.42,-1.97 1.14,-2.10 0.98,-2.09 0.87,-1.98 0.74,-1.89 0.64,-1.73 0.17,-1.37 1.08,-1.67 0.44,-0.32 1.06,-0.83 1.35,-1.04 1.42,-1.36 1.74,-1.40 2.07,-1.65
1.16 -1.74 321.6 | 1.96,-2.38 1.38,-2.13 1.20,-2.10 1.03,-2.20 0.90,-2.07 0.81,-1.94 0.77,-1.79 0.74,-1.62 0.70,-1.37 0.59,-0.71 1.05,-0.77 1.51,-0.52 1.68,-1.09 1.32,-1.65 1.81,-1.67 1.82,-1.93
1.19 -1.79 297.9 | 1.50,-2.38 1.29,-2.85 1.08,-2.16 0.98,-2.04 0.77,-2.01 0.74,-1.83 0.79,-1.67 0.85,-1.51 0.95,-1.34 1.12,-1.10 1.53,-0.68 1.70,-1.18 2.18,-1.27 1.32,-1.78 1.54,-1.90 1.68,-2.20
1.22 -1.84 298.2 | 1.52,-2.40 1.31,-2.82 0.81,-3.18 1.02,-2.08 0.81,-2.06 0.69,-1.89 0.79,-1.71 0.84,-1.53 0.97,-1.37 1.14,-1.09 1.56,-0.69 1.67,-1.29 2.19,-1.32 1.36,-1.82 1.55,-1.94 1.67,-2.21
1.25 -1.88 314.5 | 1.79,-2.42 1.79,-3.21 1.25,-2.20 1.13,-2.16 0.91,-2.21 0.84,-2.04 0.73,-1.87 0.77,-1.67 0.77,-1.39 0.77,-0.69 1.26,-1.04 1.32,-1.72 1.38,-1.75 1.55,-1.76 1.81,-1.88 1.75,-2.09
1.31 -1.90 336.5 | 2.46,-2.40 1.51,-2.11 1.40,-2.15 1.30,-2.36 1.10,-2.37 0.94,-2.25 0.80,-2.10 0.66,-1.89 0.24,-1.44 0.66,-1.23 1.24,-1.74 1.31,-1.59 1.44,-1.60 1.70,-1.52 1.76,-1.72 2.02,-1.91
1.31 -1.91 324.3 | 2.06,-2.44 2.00,-3.02 1.36,-2.16 1.25,-2.19 1.05,-2.27 0.92,-2.15 0.76,-2.00 0.75,-1.77 0.63,-1.41 0.65,-0.84 1.29,-1.74 1.36,-1.72 1.75,-1.64 1.81,-1.83
1.32 -1.91 326.9 | 2.08,-2.41 2.06,-2.99 1.37,-2.19 1.26,-2.18 1.07,-2.29 0.93,-2.17 0.78,-2.02 0.73,-1.80 0.61,-1.45 0.60,-0.87 1.28,-1.74 1.35,-1.71 1.49,-1.64 1.75,-1.61 1.79,-1.81 1.89,-2.01
1.36 -1.94 323.9 | 2.06,-2.45 2.03,-3.03 1.40,-2.20 1.31,-2.17 1.10,-2.30 0.95,-2.19 0.80,-2.03 0.76,-1.80 0.64,-1.42 0.68,-0.82 1.33,-1.72 1.43,-1.66 1.55,-1.68 1.79,-1.68 1.82,-1.87 1.89,-2.07
1.41 -1.97 326.6 | 2.07,-2.41 2.11,-3.01 1.45,-2.19 1.36,-2.21 1.17,-2.33 0.97,-2.27 0.85,-2.08 0.77,-1.85 0.63,-1.46 0.66,-0.86 1.36,-1.73 1.47,-1.64 1.58,-1.71 1.82,-1.69 1.89,-2.06
1.45 -2.01 321.4 | 1.96,-2.41 2.05,-3.10 1.50,-2.40 1.39,-2.21 1.31,-2.19 0.96,-2.28 0.90,-2.07 0.81,-1.82 0.70,-1.41 0.79,-0.81 1.42,-1.73 1.55,-1.67 1.75,-1.64 1.86,-1.78 1.83,-1.96 1.91,-2.14
1.49 -2.04 318.2 | 1.92,-2.42 2.01,-3.13 1.52,-2.46 1.44,-2.21 1.35,-2.21 1.05,-2.26 0.92,-2.08 0.82,-1.81 0.75,-1.38 0.88,-0.76 1.47,-1.72 1.61,-1.72 1.82,-1.68 1.89,-1.85 1.85,-2.02 1.90,-2.19
1.55 -2.06 339.3 | 2.51,-2.43 2.39,-2.86 1.68,-2.35 1.55,-2.23 1.47,-2.27 1.15,-2.48 0.89,-2.36 0.67,-2.09 0.13,-1.53 1.28,-1.81 1.39,-1.72 1.53,-1.55 1.70,-1.67 1.78,-1.81 1.92,-1.90 2.05,-2.05
1.60 -2.07 358.5 | 2.73,-2.09 1.87,-2.19 1.70,-2.17 1.66,-2.22 1.59,-2.68 1.31,-2.71 0.94,-2.69 0.25,-2.58 1.23,-2.06 1.23,-1.90 1.24,-1.68 1.44,-1.65 1.61,-1.73 1.76,-1.72 1.94,-1.74 2.48,-1.73
1.61 -2.06 3.5 | 2.70,-2.00 1.87,-2.15 1.72,-2.16 1.69,-2.22 1.65,-2.66 1.36,-2.79 0.99,-2.76 0.25,-2.73 1.18,-2.09 1.23,-1.93 1.25,-1.74 1.46,-1.75 1.59,-1.71 1.75,-1.65 2.01,-1.61 2.56,-1.60
1.57 -2.07 4.9 | 2.70,-1.97 1.86,-2.16 1.68,-2.17 1.67,-2.26 1.62,-2.64 1.34,-2.78 0.90,-2.86 1.22,-2.25 1.16,-2.10 1.21,-1.77 1.40,-1.74 1.54,-1.72 1.69,-1.67 1.90,-1.67 2.54,-1.56
1.52 -2.07 8.0 | 2.68,-1.91 1.70,-2.21 1.66,-2.31 1.60,-2.66 1.33,-2.79 0.89,-2.91 1.22,-2.25 1.14,-2.13 1.21,-1.99 1.16,-1.80 1.33,-1.75 1.47,-1.74 1.62,-1.69 1.83,-1.66 2.50,-1.50
1.52 -2.07 6.3 | 2.68,-1.94 1.84,-2.16 1.70,-2.21 1.65,-2.30 1.59,-2.69 1.31,-2.79 0.87,-2.89 1.22,-2.24 1.14,-2.11 1.21,-1.98 1.16,-1.78 1.33,-1.73 1.49,-1.75 1.63,-1.70 1.86,-1.65 2.52,-1.53
1.55 -2.07 6.9 | 2.69,-1.93 1.85,-2.15 1.70,-2.18 1.67,-2.28 1.62,-2.64 1.35,-2.78 0.90,-2.90 1.22,-2.25 1.15,-2.12 1.22,-1.98 1.19,-1.79 1.51,-1.74 1.66,-1.68 1.87,-1.67 2.51,-1.53
1.52 -2.07 6.3 | 2.68,-1.95 1.84,-2.16 1.69,-2.21 1.66,-2.31 1.59,-2.66 1.31,-2.80 0.87,-2.89 1.22,-2.24 1.15,-2.12 1.21,-1.98 1.16,-1.78 1.33,-1.73 1.49,-1.75 1.63,-1.70 1.86,-1.66 2.52,-1.52
1.50 -2.08 10.2 | 2.65,-1.87 1.72,-2.12 1.69,-2.21 1.78,-2.52 1.61,-2.70 1.34,-2.81 0.90,-2.94 1.23,-2.25 1.14,-2.14 1.19,-2.01 1.13,-1.82 1.28,-1.73 1.44,-1.76 1.58,-1.69 1.80,-1.64 2.47,-1.45
1.47 -2.08 6.0 | 2.66,-1.95 1.68,-2.14 1.67,-2.24 1.74,-2.58 1.54,-2.72 1.25,-2.81 0.82,-2.89 1.21,-2.22 1.12,-2.12 1.18,-1.99 1.12,-1.79 1.28,-1.74 1.44,-1.77 1.58,-1.70 1.81,-1.66 2.50,-1.52
1.44 -2.08 9.1 | 2.67,-1.89 1.67,-2.14 1.67,-2.25 1.78,-2.64 1.55,-2.75 1.27,-2.81 0.82,-2.94 1.20,-2.24 1.11,-2.14 1.18,-2.02 1.09,-1.83 1.23,-1.74 1.40,-1.78 1.54,-1.70 1.76,-1.64 2.46,-1.46
1.42 -2.09 8.7 | 2.64,-1.90 1.67,-2.15 1.66,-2.26 1.75,-2.63 1.52,-2.77 1.24,-2.83 0.79,-2.94 1.20,-2.22 1.12,-2.13 1.16,-2.02 1.08,-1.84 1.22,-1.75 1.37,-1.76 1.51,-1.70 1.74,-1.65 2.47,-1.45
1.39 -2.09 10.6 | 2.61,-1.86 1.67,-2.15 1.65,-2.27 1.75,-2.64 1.52,-2.79 1.22,-2.89 0.76,-3.01 1.20,-2.22 1.10,-2.15 1.17,-2.04 1.05,-1.86 1.19,-1.78 1.33,-1.77 1.47,-1.72 1.71,-1.63 2.44,-1.41
1.36 -2.10 8.2 | 2.63,-1.91 1.66,-2.17 1.63,-2.30 1.69,-2.64 1.46,-2.80 1.16,-2.91 0.64,-3.06 1.19,-2.20 1.09,-2.14 1.14,-2.04 1.06,-1.87 1.18,-1.79 1.32,-1.77 1.45,-1.75 1.71,-1.64 2.48,-1.43
1.34 -2.10 10.1 | 2.63,-1.87 1.67,-2.17 1.66,-2.33 1.67,-2.62 1.47,-2.83 1.16,-2.91 1.21,-2.29 1.17,-2.21 1.10,-2.14 1.13,-2.06 1.05,-1.90 1.15,-1.80 1.28,-1.78 1.42,-1.74 1.67,-1.63 2.47,-1.38
1.31 -2.11 8.7 | 1.85,-2.02 1.65,-2.19 1.76,-2.44 1.63,-2.64 1.42,-2.80 1.12,-2.90 1.19,-2.27 1.15,-2.20 1.07,-2.14 1.13,-2.06 1.04,-1.91 1.13,-1.80 1.26,-1.76 1.40,-1.76 1.67,-1.62 2.47,-1.41
1.29 -2.11 11.9 | 1.84,-2.00 1.65,-2.18 1.80,-2.44 1.65,-2.64 1.43,-2.81 1.14,-2.89 1.19,-2.26 1.15,-2.21 1.07,-2.16 1.13,-2.08 1.14,-2.02 1.09,-1.83 1.21,-1.74 1.35,-1.76 1.61,-1.61 2.42,-1.34
1.29 -2.11 11.6 | 1.84,-2.00 1.65,-2.18 1.81,-2.45 1.64,-2.63 1.43,-2.80 1.14,-2.90 1.19,-2.26 1.15,-2.21 1.09,-2.15 1.12,-2.08 1.14,-2.01 1.09,-1.82 1.21,-1.76 1.35,-1.77 1.62,-1.61 2.41,-1.35
1.34 -2.13 345.3 | 2.59,-2.45 1.75,-2.43 1.51,-2.41 1.42,-2.68 1.19,-2.73 0.91,-2.70 0.63,-2.54 1.12,-2.16 1.15,-2.07 1.16,-1.99 1.24,-1.94 1.29,-1.75 1.43,-1.78 1.54,-1.87 1.67,-1.93 1.93,-2.05
