P -0.10 -0.08 37.9 | 0.09,0.07:0.24 0.10,-0.02:0.21 0.17,-0.11:0.27 0.10,-0.19:0.22 0.17,-0.42:0.43 0.13,-0.92:0.88 -0.21,-0.98:0.91 -0.34,-0.50:0.48 -0.80,-0.62:0.89 -0.88,-0.29:0.81 -0.58,-0.02:0.48 -0.96,0.41:1.00 -1.14,1.25:1.69 -0.27,0.56:0.66 -0.02,0.55:0.63 0.09,0.26:0.39
P -0.09 -0.07 33.0 | 0.33,0.20:0.50 0.24,-0.01:0.34 0.23,-0.14:0.33 0.12,-0.22:0.26 0.11,-0.39:0.38 0.02,-0.68:0.61 -0.27,-0.89:0.84 -0.57,-0.77:0.84 -0.45,-0.30:0.42 -0.92,-0.23:0.84 -0.85,0.09:0.78 -0.70,0.34:0.73 -0.31,0.26:0.40 -0.35,1.33:1.42 0.04,0.55:0.64 0.31,0.51:0.71
P -0.08 -0.06 38.0 | 0.32,0.25:0.50 0.25,0.03:0.34 0.24,-0.10:0.32 0.16,-0.20:0.28 0.15,-0.36:0.38 0.08,-0.64:0.60 -0.18,-0.88:0.83 -0.50,-0.81:0.86 -0.44,-0.34:0.46 -0.90,-0.29:0.85 -0.85,0.03:0.78 -0.72,0.30:0.74 -0.33,0.26:0.40 -0.46,1.31:1.43 0.00,0.58:0.65 0.26,0.54:0.69
P -0.06 -0.05 32.9 | 0.34,0.21:0.48 0.26,0.01:0.33 0.22,-0.11:0.29 0.17,-0.21:0.28 0.12,-0.34:0.34 0.03,-0.54:0.49 -0.24,-0.87:0.83 -0.56,-0.77:0.88 -0.49,-0.33:0.51 -0.91,-0.21:0.86 -0.84,0.11:0.79 -0.68,0.38:0.75 -0.27,0.27:0.38 -0.32,1.34:1.41 0.07,0.56:0.62 0.33,0.51:0.68
P -0.05 -0.04 31.5 | 0.34,0.20:0.46 0.28,0.01:0.33 0.23,-0.11:0.28 0.19,-0.21:0.28 0.11,-0.30:0.30 0.02,-0.47:0.43 -0.25,-0.89:0.87 -0.57,-0.77:0.90 -0.49,-0.31:0.53 -0.91,-0.18:0.88 -0.82,0.15:0.80 -0.66,0.41:0.76 -0.23,0.26:0.35 -0.27,1.38:1.43 0.10,0.56:0.62 0.34,0.49:0.65
P -0.03 -0.03 31.5 | 0.35,0.20:0.45 0.30,0.02:0.33 0.23,-0.09:0.26 0.21,-0.20:0.29 0.11,-0.25:0.26 0.04,-0.47:0.44 -0.23,-0.88:0.88 -0.56,-0.76:0.91 -0.48,-0.31:0.53 -0.90,-0.17:0.88 -0.83,0.16:0.83 -0.66,0.43:0.78 -0.48,0.71:0.86 -0.25,1.37:1.42 0.11,0.56:0.61 0.35,0.49:0.64
P -0.01 -0.02 34.3 | 0.36,0.24:0.45 0.30,0.05:0.32 0.23,-0.06:0.24 0.23,-0.18:0.29 0.14,-0.23:0.26 0.08,-0.45:0.44 -0.17,-0.89:0.89 -0.51,-0.79:0.92 -0.48,-0.34:0.56 -0.90,-0.20:0.91 -0.82,0.14:0.82 -0.66,0.41:0.78 -0.50,0.70:0.86 -0.30,1.37:1.41 0.10,0.57:0.59 0.34,0.52:0.64
P 0.01 -0.01 33.1 | 0.38,0.24:0.44 0.31,0.05:0.31 0.23,-0.05:0.23 0.24,-0.16:0.28 0.15,-0.23:0.26 0.08,-0.42:0.42 -0.18,-0.91:0.93 -0.52,-0.77:0.93 -0.48,-0.32:0.58 -0.89,-0.17:0.92 -0.80,0.17:0.83 -0.55,0.38:0.68 -0.47,0.73:0.88 -0.25,1.39:1.42 0.13,0.57:0.59 0.36,0.50:0.61
P 0.02 0.01 32.6 | 0.36,0.22:0.40 0.31,0.06:0.29 0.26,-0.05:0.25 0.24,-0.14:0.26 0.16,-0.21:0.26 0.10,-0.39:0.40 -0.18,-0.91:0.94 -0.53,-0.78:0.96 -0.48,-0.31:0.59 -0.88,-0.16:0.92 -0.79,0.18:0.83 -0.37,0.28:0.48 -0.45,0.75:0.89 -0.23,1.41:1.42 0.15,0.57:0.57 0.37,0.50:0.61
P 0.04 0.01 31.9 | 0.37,0.22:0.39 0.34,0.06:0.30 0.25,-0.04:0.22 0.24,-0.13:0.25 0.18,-0.21:0.26 0.11,-0.39:0.41 -0.16,-0.86:0.90 -0.52,-0.77:0.96 -0.50,-0.32:0.63 -0.89,-0.14:0.94 -0.78,0.20:0.84 -0.34,0.28:0.47 -0.44,0.78:0.90 -0.19,1.42:1.42 0.16,0.54:0.54 0.38,0.49:0.58
P 0.06 0.03 28.8 | 0.38,0.20:0.37 0.36,0.06:0.30 0.27,-0.04:0.22 0.23,-0.11:0.22 0.19,-0.21:0.27 0.10,-0.38:0.40 -0.18,-0.80:0.85 -0.56,-0.74:0.98 -0.50,-0.28:0.64 -0.89,-0.08:0.95 -0.76,0.26:0.85 -0.29,0.31:0.45 -0.39,0.83:0.92 -0.10,1.45:1.43 0.22,0.57:0.57 0.41,0.47:0.57
P 0.08 0.04 31.6 | 0.38,0.23:0.36 0.37,0.08:0.29 0.28,-0.01:0.21 0.24,-0.08:0.21 0.22,-0.19:0.27 0.12,-0.24:0.28 -0.12,-0.77:0.83 -0.51,-0.77:1.00 -0.48,-0.31:0.66 -0.88,-0.12:0.97 -0.74,0.23:0.84 -0.29,0.30:0.46 -0.41,0.82:0.92 -0.15,1.45:1.43 0.20,0.57:0.55 0.40,0.48:0.55
P 0.10 0.05 28.1 | 0.39,0.21:0.34 0.38,0.07:0.28 0.29,-0.01:0.20 0.24,-0.07:0.19 0.22,-0.19:0.27 0.12,-0.24:0.29 -0.15,-0.75:0.83 -0.54,-0.73:1.00 -0.52,-0.28:0.70 -0.88,-0.05:0.98 -0.73,0.30:0.86 -0.25,0.33:0.45 -0.35,0.87:0.94 -0.04,1.47:1.43 0.26,0.57:0.55 0.44,0.47:0.54
P 0.11 0.06 30.8 | 0.40,0.23:0.33 0.41,0.10:0.29 0.29,0.01:0.19 0.25,-0.05:0.17 0.26,-0.19:0.28 0.16,-0.23:0.29 -0.09,-0.73:0.82 -0.50,-0.76:1.02 -0.48,-0.30:0.70 -0.88,-0.09:1.00 -0.75,0.28:0.89 -0.25,0.33:0.46 -0.38,0.88:0.96 -0.09,1.47:1.43 0.25,0.58:0.54 0.43,0.48:0.53
P 0.13 0.07 31.3 | 0.41,0.24:0.32 0.40,0.11:0.28 0.33,0.02:0.20 0.27,-0.03:0.17 0.26,-0.15:0.26 0.17,-0.22:0.29 -0.06,-0.72:0.82 -0.49,-0.77:1.04 -0.47,-0.30:0.71 -0.87,-0.09:1.01 -0.72,0.28:0.88 -0.16,0.28:0.36 -0.37,0.89:0.96 -0.09,1.50:1.45 0.26,0.59:0.53 0.43,0.48:0.51
P 0.15 0.08 34.3 | 0.40,0.25:0.31 0.41,0.13:0.27 0.32,0.05:0.18 0.29,-0.02:0.17 0.28,-0.11:0.23 0.20,-0.19:0.27 -0.00,-0.72:0.81 -0.42,-0.79:1.04 -0.44,-0.32:0.71 -0.87,-0.13:1.04 -0.72,0.24:0.89 -0.39,0.43:0.65 -0.40,0.88:0.97 -0.15,1.50:1.45 0.25,0.59:0.53 0.42,0.50:0.50
P 0.16 0.09 29.5 | 0.41,0.23:0.28 0.41,0.12:0.25 0.33,0.04:0.17 0.30,-0.02:0.17 0.25,-0.06:0.17 0.20,-0.19:0.28 -0.05,-0.68:0.80 -0.48,-0.74:1.05 -0.49,-0.28:0.76 -0.88,-0.04:1.05 -0.70,0.33:0.90 -0.50,0.61:0.84 -0.32,0.94:0.98 0.09,0.71:0.62 0.30,0.58:0.51 0.46,0.47:0.48
P 0.05 0.07 9.1 | 0.32,0.12:0.27 0.28,0.02:0.24 0.21,-0.04:0.19 0.13,-0.06:0.16 0.08,-0.09:0.17 -0.02,-0.21:0.29 -0.27,-0.37:0.55 -0.85,-0.48:1.06 -0.71,-0.05:0.77 -0.99,0.32:1.07 -0.69,0.61:0.91 -0.40,0.81:0.87 -0.10,1.04:0.98 0.19,0.66:0.61 0.34,0.48:0.50 0.45,0.32:0.47
P 0.05 0.07 7.0 | 0.62,0.14:0.57 0.40,-0.02:0.36 0.28,-0.11:0.29 0.15,-0.10:0.20 0.08,-0.10:0.18 -0.01,-0.17:0.26 -0.10,-0.12:0.24 -0.58,-0.28:0.73 -0.90,-0.04:0.96 -0.60,0.26:0.68 -0.80,0.74:1.08 -0.40,0.88:0.92 -0.05,0.90:0.83 0.29,0.93:0.89 0.88,1.13:1.34 0.54,0.35:0.56
P 0.07 0.08 5.6 | 0.62,0.13:0.55 0.42,-0.03:0.36 0.30,-0.11:0.29 0.17,-0.10:0.20 0.09,-0.09:0.17 -0.00,-0.18:0.26 -0.08,-0.11:0.24 -0.41,-0.18:0.55 -0.89,-0.02:0.97 -0.58,0.28:0.69 -0.77,0.77:1.10 -0.36,0.88:0.92 -0.01,0.89:0.82 0.33,0.92:0.89 0.92,1.10:1.33 0.55,0.33:0.55
P 0.10 0.08 5.8 | 0.65,0.14:0.56 0.42,-0.02:0.34 0.32,-0.11:0.29 0.19,-0.10:0.20 0.11,-0.09:0.17 0.03,-0.14:0.23 -0.07,-0.12:0.26 -0.35,-0.16:0.51 -0.88,-0.02:0.98 -0.59,0.28:0.72 -0.76,0.77:1.10 -0.34,0.89:0.93 0.04,0.60:0.52 0.35,0.92:0.88 0.92,1.09:1.31 0.57,0.33:0.54
P 0.12 0.08 5.2 | 0.66,0.13:0.55 0.44,-0.02:0.34 0.34,-0.10:0.29 0.21,-0.10:0.20 0.13,-0.09:0.17 0.05,-0.14:0.23 -0.06,-0.13:0.27 -0.33,-0.16:0.51 -0.88,-0.01:1.00 -0.58,0.30:0.73 -0.74,0.80:1.12 -0.31,0.90:0.92 0.07,0.56:0.49 0.38,0.92:0.88 0.96,1.09:1.32 0.56,0.31:0.51
P 0.14 0.08 5.4 | 0.65,0.13:0.52 0.44,-0.01:0.32 0.36,-0.10:0.28 0.23,-0.09:0.20 0.15,-0.10:0.18 0.08,-0.10:0.19 -0.04,-0.13:0.28 -0.32,-0.16:0.51 -0.86,-0.01:1.00 -0.57,0.30:0.74 -0.73,0.80:1.12 -0.30,0.91:0.93 0.09,0.56:0.48 0.39,0.92:0.88 0.97,1.09:1.31 0.58,0.32:0.50
P 0.16 0.08 1.4 | 0.64,0.09:0.49 0.46,-0.03:0.33 0.35,-0.11:0.27 0.24,-0.12:0.22 0.16,-0.09:0.18 0.09,-0.09:0.18 -0.04,-0.12:0.28 -0.32,-0.13:0.52 -0.86,0.06:1.01 -0.55,0.35:0.75 -0.66,0.86:1.13 -0.22,0.92:0.92 0.15,0.55:0.47 0.47,0.90:0.88 1.05,1.02:1.30 0.60,0.28:0.48
P 0.18 0.08 2.0 | 0.68,0.10:0.50 0.48,-0.03:0.32 0.38,-0.11:0.28 0.27,-0.11:0.21 0.19,-0.10:0.18 0.11,-0.09:0.19 -0.02,-0.13:0.30 -0.30,-0.13:0.52 -0.85,0.05:1.03 -0.54,0.35:0.77 -0.67,0.87:1.15 -0.21,0.94:0.94 0.17,0.43:0.34 0.49,0.91:0.89 1.06,1.03:1.29 0.62,0.28:0.48
P 0.20 0.09 3.9 | 0.67,0.12:0.47 0.49,-0.01:0.30 0.40,-0.09:0.27 0.30,-0.12:0.23 0.21,-0.10:0.19 0.14,-0.10:0.19 -0.01,-0.16:0.32 -0.27,-0.15:0.52 -0.84,0.01:1.04 -0.53,0.33:0.78 -0.67,0.85:1.16 -0.22,0.92:0.94 0.17,0.48:0.40 0.48,0.93:0.89 1.03,1.04:1.27 0.62,0.29:0.47
P 0.22 0.09 1.6 | 0.69,0.10:0.47 0.50,-0.02:0.30 0.40,-0.08:0.25 0.31,-0.12:0.23 0.23,-0.11:0.20 0.15,-0.09:0.19 -0.00,-0.15:0.32 -0.26,-0.13:0.53 -0.83,0.06:1.05 -0.53,0.37:0.80 -0.63,0.89:1.17 -0.16,0.94:0.94 0.20,0.71:0.62 0.53,0.91:0.88 1.09,1.01:1.27 0.62,0.27:0.44
P 0.24 0.09 359.4 | 0.69,0.08:0.45 0.50,-0.02:0.28 0.41,-0.09:0.24 0.33,-0.13:0.23 0.24,-0.12:0.20 0.17,-0.09:0.19 0.03,-0.12:0.30 -0.11,-0.05:0.38 -0.84,0.10:1.08 -0.51,0.41:0.82 -0.59,0.93:1.19 -0.12,0.97:0.96 0.25,0.72:0.63 0.59,0.90:0.89 1.14,0.97:1.26 0.63,0.24:0.42
P 0.26 0.09 358.7 | 0.70,0.08:0.44 0.51,-0.02:0.28 0.42,-0.09:0.24 0.34,-0.12:0.22 0.26,-0.11:0.19 0.18,-0.10:0.20 0.05,-0.12:0.29 -0.09,-0.05:0.37 -0.81,0.11:1.07 -0.50,0.42:0.83 -0.55,0.94:1.18 -0.08,0.96:0.94 0.28,0.92:0.84 0.62,0.91:0.90 1.17,0.96:1.26 0.65,0.24:0.42
P 0.28 0.09 359.2 | 0.71,0.08:0.43 0.54,-0.03:0.28 0.43,-0.07:0.21 0.36,-0.12:0.22 0.28,-0.12:0.21 0.20,-0.11:0.21 0.11,-0.08:0.24 -0.08,-0.06:0.39 -0.82,0.10:1.11 -0.50,0.42:0.85 -0.55,0.94:1.19 -0.06,0.95:0.93 0.29,0.93:0.84 0.63,0.90:0.89 1.18,0.96:1.25 0.65,0.23:0.40
P 0.30 0.09 359.0 | 0.71,0.08:0.41 0.60,-0.04:0.32 0.45,-0.07:0.21 0.39,-0.12:0.22 0.30,-0.13:0.21 0.22,-0.10:0.20 0.13,-0.08:0.24 -0.06,-0.06:0.39 -0.82,0.11:1.12 -0.48,0.43:0.86 -0.53,0.95:1.21 -0.04,0.97:0.95 0.32,0.92:0.83 0.66,0.91:0.90 1.19,0.94:1.23 0.67,0.23:0.39
P 0.32 0.09 0.4 | 0.72,0.09:0.40 0.66,-0.05:0.36 0.47,-0.06:0.20 0.40,-0.10:0.20 0.32,-0.12:0.21 0.25,-0.10:0.20 0.16,-0.08:0.24 -0.05,-0.07:0.41 -0.81,0.08:1.13 -0.48,0.41:0.86 -0.54,0.94:1.22 -0.03,0.93:0.92 0.32,0.94:0.85 0.66,0.91:0.89 1.19,0.96:1.23 0.68,0.24:0.39
P 0.34 0.09 0.6 | 0.72,0.09:0.38 0.69,-0.05:0.38 0.47,-0.04:0.18 0.43,-0.10:0.20 0.35,-0.14:0.22 0.27,-0.10:0.20 0.18,-0.08:0.23 -0.05,-0.08:0.43 -0.80,0.07:1.15 -0.49,0.42:0.90 -0.53,0.94:1.22 -0.02,0.94:0.93 0.34,0.93:0.84 0.68,0.91:0.89 0.71,0.46:0.52 0.68,0.23:0.36
P 0.36 0.09 356.3 | 0.73,0.06:0.37 0.67,-0.07:0.34 0.48,-0.05:0.18 0.42,-0.09:0.19 0.35,-0.13:0.21 0.27,-0.11:0.22 0.17,-0.08:0.25 -0.04,-0.05:0.43 -0.78,0.16:1.15 -0.44,0.48:0.90 -0.45,1.01:1.23 0.07,0.95:0.92 0.42,0.94:0.85 0.76,0.90:0.91 0.73,0.41:0.48 0.70,0.20:0.35
P 0.38 0.08 358.6 | 0.75,0.08:0.37 0.68,-0.05:0.32 0.51,-0.05:0.19 0.45,-0.08:0.17 0.38,-0.12:0.21 0.30,-0.11:0.21 0.21,-0.08:0.24 -0.03,-0.07:0.44 -0.79,0.11:1.18 -0.44,0.45:0.91 -0.47,0.98:1.24 0.05,0.94:0.92 0.40,0.92:0.84 0.74,0.89:0.89 0.73,0.42:0.48 0.69,0.20:0.33
P 0.41 0.08 358.0 | 0.76,0.07:0.35 0.70,-0.05:0.32 0.53,-0.05:0.18 0.47,-0.08:0.17 0.40,-0.12:0.20 0.31,-0.12:0.23 0.22,-0.09:0.26 -0.01,-0.07:0.45 -0.78,0.13:1.19 -0.43,0.46:0.92 -0.45,1.00:1.26 0.27,0.44:0.38 0.44,0.94:0.86 0.77,0.89:0.89 0.74,0.39:0.46 0.71,0.20:0.32
P 0.43 0.08 355.3 | 0.75,0.06:0.33 0.69,-0.05:0.29 0.54,-0.04:0.17 0.48,-0.07:0.16 0.41,-0.11:0.19 0.33,-0.12:0.22 0.23,-0.08:0.26 -0.03,-0.06:0.48 -0.78,0.18:1.21 -0.40,0.51:0.93 -0.38,1.03:1.24 0.30,0.47:0.40 0.50,0.94:0.86 0.83,0.87:0.88 0.77,0.37:0.45 0.71,0.17:0.30
P 0.45 0.08 357.8 | 0.76,0.07:0.32 0.70,-0.03:0.28 0.56,-0.04:0.16 0.50,-0.06:0.16 0.44,-0.10:0.18 0.35,-0.13:0.23 0.26,-0.09:0.26 -0.00,-0.08:0.48 -0.77,0.13:1.22 -0.43,0.48:0.96 -0.41,1.01:1.26 0.30,0.48:0.43 0.48,0.94:0.86 0.81,0.88:0.88 0.74,0.36:0.41 0.73,0.19:0.30
P 0.47 0.08 357.8 | 0.77,0.07:0.30 0.69,-0.02:0.25 0.59,-0.05:0.18 0.51,-0.05:0.14 0.46,-0.09:0.17 0.37,-0.12:0.22 0.27,-0.10:0.26 0.01,-0.09:0.49 -0.76,0.13:1.23 -0.41,0.49:0.97 -0.38,1.00:1.25 0.31,0.50:0.45 0.50,0.94:0.86 0.83,0.87:0.87 0.74,0.33:0.37 0.73,0.18:0.28
P 0.37 0.15 327.9 | 0.60,0.00:0.27 0.51,-0.05:0.24 0.41,-0.03:0.18 0.35,0.02:0.13 0.29,0.02:0.15 0.19,0.02:0.22 0.10,0.09:0.27 -0.12,0.23:0.50 -0.70,0.82:1.26 -0.20,0.94:0.98 0.09,1.37:1.26 0.45,0.62:0.48 0.82,0.87:0.85 1.07,0.64:0.86 0.67,0.21:0.31 0.64,0.10:0.27
P 0.38 0.14 335.7 | 0.70,-0.00:0.36 0.63,-0.13:0.38 0.49,-0.16:0.33 0.37,-0.02:0.17 0.31,-0.00:0.16 0.24,0.02:0.18 0.20,0.08:0.19 0.17,0.15:0.21 0.01,0.31:0.40 -0.36,0.93:1.07 -0.06,1.29:1.23 0.42,1.45:1.31 0.80,1.08:1.02 0.86,0.60:0.67 1.18,0.45:0.86 1.46,0.11:1.09
P 0.39 0.13 330.5 | 0.68,-0.03:0.34 0.61,-0.15:0.36 0.48,-0.17:0.32 0.37,-0.03:0.17 0.31,-0.01:0.16 0.25,0.03:0.18 0.19,0.08:0.20 0.18,0.16:0.21 0.12,0.29:0.32 -0.26,0.97:1.06 0.06,1.32:1.23 0.55,1.45:1.33 0.90,1.03:1.03 1.08,0.67:0.87 1.20,0.36:0.84 1.46,0.00:1.07
P 0.41 0.12 328.4 | 0.69,-0.05:0.33 0.61,-0.15:0.34 0.48,-0.17:0.30 0.38,-0.05:0.17 0.33,-0.00:0.15 0.26,0.02:0.18 0.22,0.08:0.20 0.18,0.16:0.23 0.14,0.29:0.31 -0.23,1.00:1.08 0.12,1.33:1.24 0.62,1.43:1.32 0.95,1.00:1.03 1.10,0.63:0.86 1.23,0.32:0.84 1.46,-0.04:1.06
P 0.43 0.11 327.6 | 0.69,-0.05:0.31 0.63,-0.17:0.35 0.49,-0.18:0.30 0.40,-0.07:0.18 0.35,-0.01:0.14 0.28,0.01:0.18 0.22,0.07:0.22 0.19,0.15:0.24 0.16,0.29:0.33 -0.21,1.02:1.10 0.15,1.35:1.26 0.65,1.39:1.29 0.98,0.97:1.02 1.12,0.60:0.85 1.26,0.30:0.85 1.46,-0.07:1.04
P 0.45 0.10 328.8 | 0.70,-0.05:0.29 0.65,-0.17:0.34 0.51,-0.17:0.28 0.42,-0.10:0.20 0.37,-0.02:0.14 0.30,-0.00:0.18 0.23,0.05:0.23 0.20,0.14:0.25 0.15,0.28:0.34 -0.22,1.01:1.12 0.14,1.35:1.28 0.65,1.40:1.32 0.96,0.96:1.00 1.12,0.60:0.83 1.26,0.30:0.84 1.46,-0.05:1.02
P 0.46 0.09 329.6 | 0.70,-0.04:0.27 0.65,-0.16:0.31 0.53,-0.16:0.26 0.43,-0.13:0.23 0.38,-0.05:0.17 0.32,-0.02:0.18 0.23,0.03:0.24 0.20,0.13:0.27 0.17,0.26:0.34 -0.23,1.01:1.15 0.14,1.33:1.28 0.64,1.40:1.32 0.65,0.42:0.38 1.12,0.59:0.83 1.27,0.30:0.83 1.47,-0.05:1.02
P 0.48 0.08 326.2 | 0.69,-0.06:0.25 0.65,-0.17:0.30 0.53,-0.17:0.25 0.43,-0.17:0.26 0.39,-0.05:0.16 0.33,-0.02:0.18 0.25,0.04:0.23 0.22,0.13:0.26 0.18,0.28:0.36 -0.16,1.04:1.15 0.23,1.35:1.29 0.74,1.37:1.31 0.70,0.41:0.40 1.17,0.54:0.82 1.27,0.24:0.81 1.46,-0.11:1.00
P 0.42 0.18 300.9 | 0.55,-0.03:0.25 0.46,-0.10:0.29 0.36,-0.05:0.24 0.25,-0.04:0.28 0.28,0.10:0.17 0.25,0.16:0.17 0.19,0.24:0.24 0.19,0.36:0.29 0.23,0.50:0.37 0.26,1.32:1.14 0.73,1.43:1.28 1.21,1.24:1.32 0.77,0.39:0.41 1.24,0.31:0.83 1.20,-0.01:0.81 1.21,-0.40:0.98
P 0.43 0.18 303.3 | 0.99,-0.69:1.03 0.49,-0.16:0.35 0.35,-0.18:0.36 0.26,-0.06:0.29 0.30,0.09:0.15 0.29,0.15:0.14 0.29,0.21:0.14 0.29,0.27:0.17 0.32,0.33:0.19 0.38,0.41:0.24 0.52,0.63:0.47 1.13,1.22:1.26 1.80,1.08:1.64 1.49,0.38:1.08 1.07,0.04:0.66 1.13,-0.30:0.85
P 0.44 0.16 298.3 | 0.91,-0.73:1.01 0.47,-0.16:0.33 0.33,-0.20:0.37 0.25,-0.07:0.30 0.30,0.09:0.16 0.30,0.15:0.14 0.30,0.20:0.15 0.30,0.27:0.17 0.34,0.34:0.20 0.41,0.41:0.26 0.58,0.62:0.48 1.23,1.14:1.26 1.84,0.91:1.59 1.49,0.27:1.06 1.06,-0.03:0.65 1.09,-0.37:0.84
P 0.45 0.14 303.5 | 1.00,-0.69:0.99 0.51,-0.15:0.30 0.38,-0.19:0.34 0.29,-0.09:0.28 0.30,0.04:0.18 0.30,0.12:0.15 0.29,0.18:0.16 0.27,0.26:0.21 0.33,0.32:0.21 0.40,0.41:0.27 0.55,0.64:0.50 1.15,1.19:1.26 1.75,1.01:1.56 1.49,0.35:1.07 1.08,0.02:0.64 1.13,-0.32:0.83
P 0.46 0.13 302.1 | 0.97,-0.69:0.97 0.51,-0.17:0.30 0.39,-0.20:0.33 0.30,-0.10:0.27 0.27,0.00:0.23 0.31,0.10:0.15 0.29,0.16:0.17 0.30,0.24:0.19 0.33,0.33:0.24 0.41,0.41:0.29 0.62,0.82:0.71 1.19,1.16:1.27 1.78,0.95:1.56 1.51,0.30:1.06 1.07,-0.02:0.63 1.12,-0.34:0.81
P 0.47 0.11 299.6 | 0.94,-0.73:0.96 0.50,-0.18:0.29 0.39,-0.19:0.30 0.28,-0.13:0.30 0.22,-0.04:0.29 0.32,0.09:0.15 0.32,0.15:0.15 0.30,0.24:0.21 0.35,0.32:0.25 0.43,0.41:0.31 0.66,0.82:0.73 1.26,1.12:1.28 1.80,0.86:1.53 1.51,0.24:1.05 1.06,-0.06:0.61 1.09,-0.38:0.79
P 0.48 0.09 302.6 | 0.99,-0.70:0.94 0.53,-0.18:0.27 0.42,-0.19:0.29 0.32,-0.14:0.28 0.24,-0.07:0.29 0.31,0.06:0.18 0.31,0.13:0.17 0.30,0.22:0.22 0.33,0.32:0.27 0.42,0.41:0.32 0.64,0.83:0.76 1.21,1.14:1.28 1.76,0.91:1.52 1.50,0.27:1.03 1.08,-0.04:0.61 1.12,-0.36:0.78
P 0.49 0.07 303.4 | 0.99,-0.68:0.91 0.54,-0.21:0.28 0.43,-0.20:0.28 0.33,-0.17:0.29 0.26,-0.08:0.28 0.30,0.04:0.19 0.32,0.11:0.17 0.29,0.21:0.25 0.34,0.31:0.28 0.42,0.42:0.35 0.65,0.84:0.78 1.21,1.14:1.28 1.75,0.90:1.50 1.50,0.27:1.03 1.08,-0.05:0.60 1.12,-0.35:0.76
P 0.50 0.06 296.8 | 0.91,-0.76:0.91 0.52,-0.19:0.25 0.42,-0.20:0.27 0.31,-0.16:0.29 0.25,-0.07:0.28 0.30,0.04:0.20 0.32,0.12:0.19 0.32,0.21:0.24 0.37,0.32:0.30 0.47,0.42:0.37 0.75,0.83:0.81 1.35,1.05:1.31 1.84,0.73:1.50 1.52,0.13:1.02 1.07,-0.13:0.60 1.07,-0.44:0.76
P 0.51 0.04 297.3 | 0.92,-0.75:0.88 0.53,-0.21:0.25 0.43,-0.21:0.26 0.32,-0.18:0.29 0.28,-0.08:0.26 0.28,0.02:0.23 0.34,0.09:0.18 0.32,0.20:0.25 0.37,0.31:0.31 0.48,0.42:0.38 0.83,1.04:1.05 1.35,1.03:1.30 1.83,0.72:1.49 0.87,0.07:0.36 1.28,-0.21:0.80 1.07,-0.44:0.74
P 0.52 0.02 301.6 | 0.98,-0.73:0.87 0.56,-0.25:0.27 0.47,-0.21:0.24 0.35,-0.21:0.29 0.28,-0.13:0.28 0.24,-0.03:0.28 0.31,0.07:0.21 0.31,0.18:0.27 0.36,0.28:0.31 0.46,0.40:0.39 0.77,1.06:1.07 1.29,1.07:1.30 1.78,0.80:1.48 0.89,0.08:0.37 1.29,-0.16:0.79 1.10,-0.40:0.72
P 0.53 0.00 299.7 | 0.96,-0.75:0.87 0.56,-0.26:0.27 0.47,-0.22:0.23 0.36,-0.22:0.28 0.29,-0.13:0.28 0.24,-0.03:0.30 0.32,0.06:0.22 0.32,0.17:0.27 0.36,0.29:0.34 0.48,0.42:0.42 0.82,1.05:1.09 1.33,1.03:1.30 1.80,0.73:1.47 0.88,0.05:0.36 1.28,-0.20:0.78 1.09,-0.43:0.71
P 0.54 -0.02 299.4 | 0.95,-0.75:0.84 0.57,-0.30:0.28 0.49,-0.20:0.19 0.38,-0.22:0.27 0.31,-0.14:0.26 0.23,-0.05:0.31 0.32,0.05:0.23 0.34,0.14:0.26 0.36,0.30:0.36 0.49,0.44:0.45 0.84,1.06:1.11 1.35,1.02:1.31 1.80,0.70:1.45 0.89,0.03:0.35 1.26,-0.22:0.75 1.09,-0.44:0.69
P 0.55 -0.03 300.4 | 0.97,-0.75:0.82 0.59,-0.33:0.30 0.50,-0.22:0.19 0.41,-0.22:0.24 0.31,-0.17:0.27 0.24,-0.08:0.32 0.31,0.03:0.25 0.33,0.13:0.28 0.36,0.30:0.38 0.49,0.40:0.44 0.83,1.05:1.12 1.35,1.02:1.32 1.80,0.70:1.45 0.92,0.02:0.37 1.27,-0.22:0.74 1.10,-0.45:0.69
P 0.56 -0.05 294.7 | 0.90,-0.78:0.81 0.57,-0.34:0.29 0.49,-0.23:0.18 0.42,-0.20:0.20 0.31,-0.17:0.28 0.26,-0.06:0.30 0.30,0.04:0.27 0.35,0.15:0.29 0.40,0.29:0.38 0.54,0.41:0.47 0.96,1.03:1.15 1.46,0.92:1.33 1.88,0.56:1.45 0.94,-0.04:0.38 1.24,-0.30:0.73 1.05,-0.51:0.68
P 0.57 -0.07 293.0 | 0.87,-0.79:0.78 0.57,-0.36:0.29 0.51,-0.22:0.16 0.43,-0.21:0.20 0.32,-0.18:0.27 0.28,-0.08:0.29 0.32,0.03:0.27 0.36,0.13:0.29 0.41,0.29:0.40 0.56,0.42:0.49 1.00,1.00:1.16 1.50,0.88:1.33 1.89,0.49:1.43 0.96,-0.07:0.40 1.24,-0.34:0.72 1.03,-0.52:0.64
P 0.58 -0.09 299.2 | 0.95,-0.76:0.77 0.61,-0.36:0.27 0.54,-0.24:0.16 0.47,-0.23:0.17 0.35,-0.22:0.27 0.28,-0.13:0.30 0.30,-0.01:0.29 0.35,0.09:0.30 0.38,0.27:0.41 0.52,0.41:0.50 0.90,1.03:1.17 1.41,0.96:1.33 1.83,0.61:1.44 1.07,-0.03:0.50 1.25,-0.28:0.70 1.08,-0.49:0.64
P 0.59 -0.11 299.2 | 0.96,-0.77:0.75 0.62,-0.36:0.26 0.55,-0.24:0.14 0.50,-0.22:0.14 0.36,-0.24:0.26 0.31,-0.14:0.28 0.29,-0.02:0.31 0.35,0.08:0.30 0.38,0.27:0.44 0.52,0.49:0.60 0.91,1.04:1.20 1.42,0.94:1.34 1.82,0.58:1.41 1.07,-0.05:0.48 1.25,-0.30:0.69 1.07,-0.49:0.62
P 0.60 -0.13 294.0 | 0.89,-0.80:0.73 0.60,-0.38:0.25 0.54,-0.28:0.16 0.51,-0.22:0.13 0.38,-0.22:0.24 0.31,-0.13:0.29 0.28,-0.01:0.34 0.36,0.09:0.32 0.41,0.29:0.45 0.58,0.50:0.63 1.03,1.00:1.20 1.53,0.86:1.36 1.84,0.43:1.36 1.09,-0.11:0.50 1.23,-0.37:0.68 1.04,-0.54:0.61
P 0.59 -0.01 276.4 | 0.67,-0.72:0.72 0.52,-0.24:0.23 0.49,-0.13:0.16 0.47,-0.08:0.14 0.39,-0.03:0.20 0.29,0.07:0.30 0.31,0.21:0.36 0.43,0.28:0.33 0.54,0.44:0.46 0.76,0.60:0.64 1.34,0.93:1.21 1.77,0.64:1.35 0.90,0.03:0.31 1.05,-0.14:0.49 1.11,-0.42:0.66 0.87,-0.52:0.59
P 0.59 -0.03 275.2 | 0.65,-0.72:0.70 0.35,-0.78:0.79 0.40,-0.25:0.29 0.45,-0.10:0.15 0.39,-0.04:0.20 0.35,0.05:0.24 0.40,0.13:0.25 0.47,0.20:0.25 0.57,0.21:0.24 0.69,0.31:0.35 0.86,0.30:0.42 1.15,0.27:0.63 1.93,0.10:1.34 2.35,-0.58:1.84 0.87,-0.26:0.36 0.85,-0.53:0.57
P 0.59 -0.05 275.2 | 0.65,-0.72:0.66 0.35,-0.82:0.80 0.42,-0.26:0.27 0.46,-0.12:0.15 0.40,-0.07:0.20 0.34,0.02:0.26 0.38,0.12:0.27 0.46,0.19:0.28 0.57,0.19:0.25 0.70,0.30:0.37 0.88,0.29:0.45 1.36,0.35:0.87 1.94,0.07:1.35 2.06,-0.51:1.53 0.88,-0.29:0.37 0.94,-0.73:0.76
P 0.60 -0.09 280.4 | 0.71,-0.73:0.66 0.43,-0.85:0.78 0.45,-0.29:0.25 0.47,-0.17:0.15 0.42,-0.12:0.18 0.33,-0.03:0.27 0.36,0.08:0.28 0.45,0.14:0.27 0.54,0.22:0.31 0.68,0.32:0.41 0.94,0.41:0.60 1.61,0.57:1.21 1.63,0.10:1.05 1.86,-0.36:1.29 1.02,-0.38:0.51 0.99,-0.69:0.72
P 0.61 -0.11 288.9 | 0.82,-0.75:0.67 0.55,-0.92:0.81 0.52,-0.28:0.19 0.48,-0.22:0.16 0.43,-0.17:0.19 0.34,-0.10:0.27 0.29,0.04:0.35 0.41,0.10:0.29 0.48,0.25:0.38 0.63,0.35:0.47 0.89,0.48:0.66 1.60,0.76:1.32 2.35,0.48:1.84 0.96,-0.14:0.35 1.06,-0.34:0.51 1.06,-0.62:0.68
P 0.62 -0.14 296.5 | 0.91,-0.74:0.67 0.68,-1.06:0.92 0.56,-0.31:0.18 0.53,-0.24:0.13 0.46,-0.22:0.18 0.34,-0.16:0.28 0.26,-0.02:0.38 0.38,0.07:0.32 0.42,0.26:0.45 0.58,0.38:0.52 0.90,0.70:0.89 1.51,0.89:1.36 2.24,0.67:1.81 1.04,-0.11:0.43 1.27,-0.36:0.69 1.07,-0.53:0.60
P 0.63 -0.17 301.8 | 1.01,-0.77:0.71 0.79,-1.13:0.97 0.60,-0.32:0.16 0.57,-0.26:0.11 0.48,-0.26:0.18 0.33,-0.22:0.30 0.26,-0.08:0.38 0.35,0.03:0.35 0.38,0.24:0.48 0.52,0.50:0.68 0.92,1.05:1.25 1.24,0.68:1.04 0.91,0.00:0.32 1.10,-0.09:0.47 1.26,-0.32:0.64 1.11,-0.51:0.59
P 0.61 -0.05 280.8 | 0.74,-0.74:0.70 0.57,-0.26:0.21 0.53,-0.18:0.15 0.52,-0.11:0.11 0.43,-0.09:0.18 0.30,0.01:0.32 0.31,0.15:0.36 0.39,0.29:0.41 0.52,0.45:0.51 0.76,0.64:0.71 1.38,1.07:1.36 2.20,0.99:1.90 0.97,0.02:0.37 1.08,-0.15:0.47 1.15,-0.42:0.65 0.94,-0.54:0.59
P 0.62 -0.07 283.4 | 0.77,-0.70:0.65 0.49,-0.85:0.79 0.50,-0.26:0.22 0.50,-0.15:0.14 0.42,-0.11:0.20 0.34,-0.02:0.28 0.37,0.09:0.29 0.45,0.16:0.28 0.54,0.24:0.31 0.68,0.34:0.41 0.95,0.47:0.63 1.73,0.74:1.37 1.60,0.17:1.01 1.87,-0.27:1.27 1.05,-0.34:0.51 1.04,-0.66:0.73
P 0.63 -0.09 289.7 | 0.86,-0.74:0.69 0.58,-0.98:0.89 0.55,-0.26:0.18 0.52,-0.19:0.14 0.43,-0.17:0.21 0.35,-0.08:0.27 0.31,0.06:0.35 0.44,0.11:0.28 0.49,0.28:0.40 0.65,0.36:0.45 0.90,0.48:0.64 1.60,0.79:1.32 2.38,0.53:1.86 0.97,-0.11:0.35 1.09,-0.31:0.51 1.09,-0.61:0.69
P 0.64 -0.12 292.0 | 0.89,-0.74:0.67 0.63,-1.07:0.95 0.57,-0.28:0.17 0.55,-0.21:0.12 0.45,-0.20:0.20 0.36,-0.12:0.28 0.31,0.01:0.35 0.42,0.10:0.31 0.48,0.27:0.43 0.64,0.37:0.50 0.99,0.71:0.91 1.61,0.83:1.36 2.29,0.54:1.78 1.07,-0.13:0.43 1.29,-0.40:0.71 1.08,-0.57:0.63
P 0.65 -0.14 296.5 | 0.97,-0.79:0.72 0.66,-0.39:0.25 0.59,-0.30:0.17 0.57,-0.23:0.12 0.47,-0.23:0.20 0.35,-0.16:0.29 0.31,-0.03:0.36 0.39,0.08:0.34 0.44,0.27:0.47 0.60,0.51:0.66 1.04,1.02:1.23 1.33,0.65:1.05 0.93,-0.00:0.31 1.12,-0.11:0.48 1.27,-0.35:0.66 1.09,-0.52:0.58
P 0.65 -0.03 271.0 | 0.66,-0.73:0.70 0.57,-0.23:0.22 0.54,-0.14:0.16 0.54,-0.07:0.12 0.49,-0.03:0.16 0.37,0.08:0.30 0.37,0.24:0.39 0.51,0.29:0.34 0.64,0.47:0.50 0.90,0.62:0.69 1.55,0.90:1.29 1.57,0.38:1.01 0.98,-0.02:0.33 1.09,-0.20:0.47 1.11,-0.47:0.65 0.88,-0.55:0.57
P 0.65 -0.04 275.4 | 0.71,-0.71:0.67 0.42,-0.79:0.78 0.47,-0.25:0.28 0.51,-0.11:0.16 0.47,-0.06:0.18 0.41,0.04:0.25 0.45,0.13:0.26 0.52,0.20:0.27 0.63,0.23:0.27 0.77,0.33:0.39 0.94,0.31:0.45 1.43,0.37:0.88 1.99,0.09:1.35 2.30,-0.54:1.72 0.94,-0.28:0.38 1.00,-0.69:0.74
P 0.66 -0.07 284.1 | 0.81,-0.69:0.64 0.54,-0.86:0.80 0.52,-0.30:0.27 0.53,-0.16:0.16 0.46,-0.12:0.20 0.38,-0.03:0.28 0.42,0.07:0.27 0.49,0.15:0.27 0.58,0.22:0.30 0.72,0.34:0.41 0.92,0.36:0.51 1.61,0.64:1.19 1.94,0.25:1.33 2.04,-0.27:1.40 1.10,-0.33:0.52 1.09,-0.65:0.73
P 0.67 -0.10 291.1 | 0.91,-0.73:0.68 0.65,-0.88:0.78 0.58,-0.29:0.21 0.56,-0.20:0.14 0.49,-0.17:0.19 0.39,-0.09:0.28 0.38,0.03:0.31 0.46,0.12:0.30 0.53,0.24:0.37 0.68,0.36:0.46 0.93,0.49:0.65 1.63,0.82:1.33 2.40,0.57:1.86 1.01,-0.11:0.34 1.13,-0.31:0.51 1.14,-0.60:0.69
P 0.67 -0.12 288.9 | 0.89,-0.75:0.67 0.62,-1.02:0.90 0.59,-0.30:0.19 0.57,-0.21:0.13 0.51,-0.18:0.17 0.39,-0.11:0.28 0.33,0.05:0.38 0.47,0.11:0.31 0.53,0.29:0.44 0.71,0.37:0.50 1.05,0.64:0.85 1.69,0.77:1.35 2.48,0.49:1.91 1.04,-0.15:0.37 1.28,-0.42:0.68 1.10,-0.60:0.64
P 0.69 -0.15 298.4 | 1.01,-0.74:0.67 0.78,-1.07:0.92 0.64,-0.32:0.17 0.62,-0.24:0.12 0.56,-0.22:0.14 0.40,-0.18:0.29 0.33,-0.05:0.37 0.44,0.05:0.32 0.47,0.26:0.47 0.63,0.40:0.56 1.02,0.96:1.16 1.55,0.90:1.36 1.00,0.01:0.35 1.17,-0.10:0.48 1.33,-0.34:0.67 1.14,-0.52:0.58
P 0.68 -0.04 276.6 | 0.76,-0.73:0.70 0.62,-0.23:0.20 0.58,-0.16:0.15 0.58,-0.09:0.11 0.54,-0.05:0.14 0.39,0.04:0.30 0.37,0.20:0.39 0.50,0.29:0.37 0.62,0.46:0.50 0.87,0.63:0.69 1.55,1.07:1.41 1.54,0.44:0.98 1.02,0.00:0.35 1.12,-0.16:0.46 1.18,-0.44:0.64 0.95,-0.53:0.56
P 0.68 -0.05 284.1 | 0.84,-0.69:0.66 0.57,-0.83:0.79 0.55,-0.27:0.25 0.57,-0.14:0.14 0.50,-0.10:0.19 0.42,-0.01:0.27 0.44,0.09:0.28 0.51,0.18:0.29 0.61,0.22:0.28 0.74,0.35:0.41 0.95,0.39:0.51 1.63,0.65:1.18 1.98,0.27:1.33 2.03,-0.25:1.36 1.12,-0.32:0.52 1.11,-0.62:0.71
P 0.69 -0.08 285.6 | 0.87,-0.73:0.68 0.59,-0.87:0.80 0.59,-0.25:0.20 0.57,-0.17:0.15 0.51,-0.13:0.19 0.42,-0.05:0.27 0.41,0.08:0.32 0.52,0.14:0.28 0.59,0.27:0.37 0.74,0.36:0.45 1.01,0.49:0.65 1.73,0.74:1.33 1.48,0.14:0.82 1.03,-0.12:0.34 1.13,-0.33:0.51 1.12,-0.63:0.70
P 0.70 -0.11 289.7 | 0.93,-0.74:0.68 0.66,-0.98:0.88 0.62,-0.28:0.19 0.61,-0.19:0.12 0.55,-0.16:0.16 0.42,-0.09:0.28 0.38,0.04:0.36 0.49,0.13:0.32 0.56,0.28:0.41 0.72,0.38:0.49 1.06,0.65:0.83 1.70,0.80:1.35 2.47,0.53:1.89 1.06,-0.12:0.36 1.16,-0.33:0.51 1.14,-0.60:0.66
P 0.71 -0.14 295.7 | 1.00,-0.73:0.66 0.76,-1.04:0.91 0.65,-0.31:0.18 0.63,-0.23:0.12 0.58,-0.20:0.14 0.43,-0.15:0.29 0.35,-0.01:0.39 0.47,0.08:0.32 0.52,0.27:0.45 0.68,0.38:0.52 1.02,0.73:0.92 1.63,0.89:1.38 2.31,0.63:1.77 1.16,-0.11:0.45 1.37,-0.37:0.70 1.17,-0.55:0.61
P 0.73 -0.16 302.9 | 1.10,-0.73:0.68 0.90,-1.10:0.96 0.69,-0.33:0.17 0.67,-0.26:0.11 0.61,-0.24:0.14 0.44,-0.22:0.29 0.35,-0.08:0.39 0.43,0.04:0.36 0.46,0.25:0.49 0.61,0.51:0.69 1.00,1.10:1.29 1.31,0.67:1.01 1.01,0.02:0.33 1.19,-0.08:0.47 1.37,-0.30:0.66 1.20,-0.48:0.57
P 0.71 -0.05 279.8 | 0.83,-0.71:0.67 0.67,-0.22:0.18 0.63,-0.17:0.15 0.62,-0.11:0.11 0.58,-0.07:0.14 0.40,0.02:0.32 0.39,0.18:0.39 0.49,0.30:0.41 0.62,0.47:0.53 0.88,0.67:0.74 1.51,1.08:1.38 2.31,0.96:1.89 1.10,0.02:0.39 1.32,-0.18:0.62 1.21,-0.40:0.61 1.02,-0.54:0.58
P 0.72 -0.06 282.0 | 0.86,-0.72:0.67 0.57,-0.83:0.78 0.60,-0.24:0.21 0.60,-0.14:0.14 0.55,-0.10:0.17 0.45,-0.01:0.27 0.46,0.10:0.30 0.55,0.18:0.29 0.64,0.27:0.34 0.79,0.36:0.43 1.06,0.47:0.64 1.84,0.71:1.36 1.67,0.14:0.98 1.04,-0.12:0.33 1.15,-0.34:0.52 1.11,-0.64:0.70
P 0.72 -0.09 281.1 | 0.85,-0.74:0.66 0.57,-0.85:0.77 0.60,-0.28:0.22 0.61,-0.17:0.14 0.55,-0.12:0.18 0.45,-0.04:0.28 0.47,0.08:0.31 0.56,0.16:0.30 0.65,0.26:0.35 0.81,0.36:0.46 1.09,0.45:0.66 1.84,0.65:1.34 2.57,0.27:1.88 1.06,-0.16:0.34 1.13,-0.37:0.49 1.10,-0.66:0.69
P 0.73 -0.12 294.4 | 1.00,-0.71:0.65 0.76,-0.90:0.78 0.66,-0.32:0.21 0.65,-0.21:0.12 0.60,-0.18:0.14 0.45,-0.13:0.28 0.42,-0.00:0.33 0.50,0.10:0.32 0.56,0.26:0.41 0.72,0.37:0.49 1.02,0.65:0.82 1.65,0.86:1.34 2.43,0.65:1.87 1.09,-0.11:0.36 1.21,-0.30:0.51 1.20,-0.56:0.64
P 0.75 -0.15 294.4 | 1.00,-0.71:0.62 0.77,-1.03:0.89 0.67,-0.35:0.21 0.66,-0.24:0.13 0.63,-0.20:0.13 0.44,-0.16:0.30 0.40,-0.02:0.36 0.51,0.08:0.33 0.55,0.27:0.46 0.73,0.39:0.54 1.07,0.72:0.93 1.69,0.86:1.38 2.37,0.59:1.78 1.22,-0.13:0.47 1.39,-0.39:0.69 1.18,-0.55:0.60
P 0.76 -0.17 301.9 | 1.12,-0.74:0.67 0.91,-1.10:0.94 0.72,-0.34:0.17 0.68,-0.28:0.14 0.65,-0.24:0.13 0.45,-0.22:0.32 0.36,-0.08:0.41 0.47,0.04:0.36 0.50,0.25:0.50 0.65,0.52:0.70 1.04,1.04:1.25 1.36,0.67:1.04 1.04,0.00:0.33 1.22,-0.10:0.46 1.37,-0.31:0.63 1.20,-0.49:0.54
P 0.78 -0.20 309.3 | 1.21,-0.72:0.68 1.10,-1.26:1.11 0.76,-0.35:0.15 0.72,-0.31:0.12 0.68,-0.28:0.13 0.48,-0.29:0.32 0.36,-0.15:0.43 0.40,0.01:0.43 0.44,0.22:0.54 0.56,0.52:0.74 0.92,1.17:1.38 1.66,1.45:1.86 1.11,0.07:0.42 1.34,-0.03:0.59 1.37,-0.26:0.59 1.29,-0.47:0.57
P 0.71 -0.00 291.1 | 1.04,-0.87:0.92 0.70,-0.20:0.20 0.65,-0.13:0.14 0.60,-0.11:0.15 0.41,-0.12:0.32 0.30,0.01:0.41 0.37,0.15:0.37 0.37,0.35:0.49 0.46,0.63:0.68 0.74,1.21:1.21 1.25,1.22:1.34 0.93,0.21:0.31 1.14,0.16:0.46 1.35,-0.02:0.64 1.23,-0.24:0.57 1.14,-0.46:0.63
P 0.72 -0.02 291.9 | 0.98,-0.68:0.71 0.71,-1.01:0.99 0.63,-0.23:0.23 0.57,-0.16:0.20 0.44,-0.13:0.30 0.40,-0.02:0.31 0.44,0.10:0.30 0.50,0.20:0.31 0.57,0.35:0.40 0.72,0.43:0.45 1.03,0.72:0.81 1.65,0.89:1.31 2.45,0.68:1.87 1.01,-0.02:0.29 1.17,-0.21:0.49 1.21,-0.52:0.70
P 0.73 -0.05 296.9 | 1.04,-0.66:0.69 0.80,-1.03:0.98 0.66,-0.26:0.23 0.62,-0.17:0.16 0.46,-0.18:0.30 0.41,-0.07:0.32 0.42,0.06:0.33 0.48,0.17:0.32 0.53,0.34:0.43 0.69,0.44:0.48 1.00,0.78:0.87 1.58,0.95:1.31 2.31,0.76:1.77 1.03,-0.02:0.30 1.20,-0.20:0.49 1.23,-0.47:0.66
P 0.74 -0.07 298.8 | 1.07,-0.66:0.67 0.85,-1.03:0.97 0.68,-0.29:0.23 0.64,-0.20:0.16 0.50,-0.20:0.28 0.42,-0.11:0.32 0.40,0.03:0.35 0.46,0.15:0.36 0.53,0.31:0.44 0.68,0.52:0.59 1.06,1.03:1.15 1.57,0.96:1.32 2.03,0.64:1.47 1.07,-0.04:0.33 1.38,-0.26:0.66 1.23,-0.46:0.63
P 0.76 -0.10 297.1 | 1.07,-0.71:0.68 0.84,-1.08:0.98 0.69,-0.32:0.23 0.65,-0.23:0.17 0.55,-0.20:0.23 0.43,-0.12:0.33 0.41,0.01:0.37 0.46,0.15:0.39 0.54,0.32:0.47 0.70,0.56:0.66 1.13,1.05:1.21 1.41,0.67:1.01 1.01,0.03:0.28 1.19,-0.06:0.43 1.36,-0.29:0.63 1.20,-0.48:0.58
P 0.77 -0.13 303.1 | 1.16,-0.72:0.71 0.97,-1.18:1.07 0.73,-0.32:0.20 0.69,-0.25:0.15 0.57,-0.26:0.24 0.43,-0.19:0.35 0.41,-0.05:0.37 0.44,0.11:0.41 0.50,0.30:0.50 0.65,0.55:0.69 1.05,1.18:1.34 1.81,1.39:1.83 1.02,0.04:0.30 1.20,-0.05:0.43 1.39,-0.25:0.63 1.24,-0.44:0.56
P 0.75 -0.01 281.4 | 0.89,-0.70:0.70 0.71,-0.23:0.23 0.65,-0.17:0.19 0.64,-0.09:0.14 0.51,-0.06:0.25 0.41,0.06:0.35 0.44,0.20:0.38 0.48,0.39:0.48 0.65,0.52:0.54 0.92,0.86:0.88 1.51,1.12:1.36 2.29,1.02:1.85 1.14,0.07:0.39 1.23,-0.10:0.48 1.27,-0.35:0.62 1.08,-0.50:0.59
P 0.76 -0.02 285.8 | 0.93,-0.65:0.65 0.66,-0.82:0.81 0.62,-0.27:0.28 0.61,-0.14:0.18 0.54,-0.08:0.22 0.45,0.01:0.31 0.44,0.15:0.36 0.57,0.21:0.30 0.65,0.35:0.39 0.81,0.43:0.46 1.06,0.52:0.62 1.77,0.77:1.28 1.51,0.19:0.78 1.05,-0.06:0.29 1.17,-0.25:0.47 1.18,-0.56:0.69
P 0.77 -0.05 286.0 | 0.94,-0.67:0.64 0.68,-0.82:0.77 0.64,-0.29:0.27 0.62,-0.17:0.19 0.56,-0.11:0.22 0.45,-0.02:0.32 0.44,0.13:0.37 0.57,0.19:0.31 0.65,0.35:0.42 0.82,0.40:0.46 1.07,0.50:0.63 1.77,0.74:1.28 2.52,0.45:1.83 1.06,-0.09:0.29 1.17,-0.28:0.46 1.19,-0.58:0.68
P 0.78 -0.08 289.7 | 0.99,-0.68:0.64 0.74,-0.85:0.76 0.67,-0.31:0.26 0.64,-0.21:0.19 0.59,-0.15:0.20 0.44,-0.07:0.34 0.42,0.09:0.40 0.55,0.16:0.33 0.63,0.33:0.44 0.80,0.41:0.50 1.13,0.67:0.83 1.76,0.81:1.32 2.51,0.54:1.84 1.08,-0.10:0.30 1.19,-0.28:0.46 1.21,-0.56:0.65
P 0.79 -0.11 294.3 | 1.05,-0.69:0.64 0.81,-0.86:0.76 0.70,-0.33:0.24 0.65,-0.25:0.20 0.63,-0.18:0.17 0.47,-0.12:0.32 0.38,0.04:0.43 0.53,0.13:0.35 0.59,0.32:0.47 0.77,0.43:0.54 1.10,0.72:0.88 1.70,0.86:1.33 2.48,0.66:1.86 1.13,-0.10:0.34 1.20,-0.27:0.45 1.25,-0.54:0.64
P 0.80 -0.14 292.3 | 1.03,-0.70:0.61 0.80,-0.99:0.85 0.71,-0.34:0.23 0.67,-0.27:0.18 0.64,-0.20:0.17 0.45,-0.14:0.34 0.39,0.03:0.44 0.53,0.13:0.38 0.61,0.33:0.50 0.80,0.52:0.66 1.25,0.95:1.17 1.74,0.80:1.32 1.05,-0.03:0.27 1.21,-0.14:0.42 1.38,-0.38:0.62 1.19,-0.54:0.56
P 0.82 -0.16 304.4 | 1.17,-0.68:0.62 1.01,-1.07:0.92 0.78,-0.37:0.21 0.72,-0.31:0.18 0.68,-0.25:0.16 0.47,-0.23:0.35 0.38,-0.08:0.44 0.47,0.07:0.42 0.52,0.27:0.52 0.67,0.53:0.71 1.07,1.20:1.39 1.34,0.64:0.96 1.06,0.00:0.29 1.22,-0.08:0.42 1.39,-0.27:0.59 1.25,-0.45:0.52
P 0.83 -0.19 310.8 | 1.26,-0.68:0.66 1.15,-1.13:1.00 0.82,-0.38:0.20 0.76,-0.34:0.17 0.72,-0.29:0.15 0.49,-0.30:0.36 0.40,-0.15:0.44 0.39,0.04:0.50 0.45,0.25:0.58 0.56,0.66:0.89 0.93,1.17:1.35 0.97,0.08:0.30 1.13,0.07:0.39 1.23,-0.06:0.41 1.40,-0.23:0.57 1.30,-0.42:0.52
P 0.86 -0.21 316.3 | 1.33,-0.66:0.66 1.31,-1.25:1.13 0.86,-0.38:0.17 0.80,-0.36:0.17 0.76,-0.31:0.14 0.51,-0.36:0.38 0.42,-0.22:0.43 0.34,-0.01:0.55 0.39,0.24:0.64 0.44,0.72:1.02 0.82,1.18:1.38 0.96,0.07:0.30 1.14,0.09:0.41 1.40,0.03:0.59 1.37,-0.20:0.51 1.35,-0.40:0.53
P 0.88 -0.23 320.2 | 1.49,-0.74:0.80 1.47,-1.35:1.27 0.89,-0.40:0.17 0.83,-0.38:0.16 0.78,-0.34:0.15 0.52,-0.41:0.40 0.44,-0.27:0.43 0.31,-0.05:0.60 0.29,0.26:0.77 0.25,0.96:1.34 0.85,0.09:0.32 0.99,0.13:0.37 1.14,0.09:0.41 1.36,0.03:0.55 1.34,-0.18:0.47 1.38,-0.38:0.53
P 0.90 -0.24 330.6 | 1.67,-0.67:0.88 1.62,-1.16:1.17 0.94,-0.39:0.15 0.89,-0.37:0.13 0.82,-0.38:0.16 0.51,-0.55:0.51 0.44,-0.37:0.48 0.28,-0.17:0.63 0.08,0.22:0.94 0.04,0.86:1.40 0.81,0.07:0.33 0.95,0.18:0.42 1.19,0.26:0.58 1.30,0.07:0.50 1.35,-0.12:0.47 1.49,-0.31:0.59
P 0.77 -0.09 310.9 | 1.55,-0.99:1.19 0.83,-0.26:0.18 0.76,-0.25:0.17 0.70,-0.24:0.17 0.46,-0.35:0.41 0.36,-0.22:0.44 0.19,-0.04:0.58 0.10,0.25:0.75 -0.06,0.88:1.27 0.45,0.87:1.01 0.79,0.23:0.31 0.95,0.27:0.40 1.18,0.27:0.54 1.23,0.07:0.48 1.29,-0.12:0.52 1.35,-0.37:0.65
P 0.78 -0.09 313.7 | 1.28,-0.62:0.72 1.23,-1.25:1.24 0.78,-0.34:0.25 0.69,-0.31:0.23 0.50,-0.36:0.39 0.36,-0.26:0.46 0.36,-0.09:0.42 0.33,0.11:0.50 0.33,0.38:0.65 0.39,0.91:1.08 0.81,1.23:1.32 0.87,0.11:0.23 1.00,0.11:0.30 1.14,0.04:0.39 1.37,-0.11:0.59 1.30,-0.32:0.57
P 0.81 -0.11 322.3 | 1.38,-0.55:0.72 1.43,-1.21:1.26 0.84,-0.36:0.25 0.75,-0.31:0.20 0.57,-0.42:0.38 0.40,-0.35:0.47 0.38,-0.17:0.43 0.31,0.02:0.51 0.27,0.30:0.68 0.22,0.91:1.18 0.64,1.17:1.30 0.87,0.11:0.23 1.04,0.19:0.38 1.31,0.18:0.58 1.37,-0.04:0.57 1.36,-0.27:0.58
P 0.76 -0.01 294.8 | 1.14,-0.83:0.90 0.77,-0.24:0.23 0.69,-0.21:0.21 0.63,-0.15:0.19 0.41,-0.17:0.39 0.31,-0.03:0.45 0.29,0.16:0.50 0.35,0.37:0.56 0.46,0.64:0.72 0.71,1.32:1.33 1.38,1.66:1.78 0.96,0.20:0.29 1.10,0.15:0.37 1.32,0.01:0.56 1.23,-0.18:0.50 1.20,-0.41:0.60
P 0.77 -0.02 298.0 | 1.08,-0.62:0.67 0.86,-1.02:1.01 0.68,-0.32:0.31 0.62,-0.21:0.24 0.45,-0.19:0.36 0.37,-0.06:0.41 0.42,0.09:0.37 0.42,0.27:0.45 0.55,0.39:0.46 0.71,0.58:0.61 1.15,1.22:1.30 1.35,0.68:0.91 1.82,0.54:1.20 1.03,0.00:0.26 1.37,-0.21:0.63 1.24,-0.41:0.61
P 0.78 -0.05 298.2 | 1.08,-0.61:0.64 0.88,-1.02:0.98 0.70,-0.33:0.29 0.63,-0.23:0.24 0.48,-0.21:0.34 0.37,-0.09:0.41 0.42,0.06:0.38 0.43,0.24:0.45 0.55,0.38:0.48 0.72,0.57:0.62 1.16,1.20:1.30 1.35,0.65:0.90 0.98,0.06:0.22 1.16,-0.01:0.38 1.37,-0.23:0.62 1.25,-0.43:0.60
P 0.80 -0.07 304.1 | 1.17,-0.63:0.67 1.00,-1.05:1.00 0.74,-0.35:0.28 0.67,-0.26:0.23 0.52,-0.26:0.34 0.40,-0.15:0.41 0.40,0.00:0.40 0.39,0.20:0.49 0.51,0.35:0.51 0.64,0.70:0.78 1.04,1.19:1.28 1.76,1.39:1.76 0.98,0.05:0.22 1.17,0.00:0.38 1.37,-0.18:0.59 1.25,-0.37:0.54
P 0.82 -0.10 311.7 | 1.28,-0.61:0.69 1.18,-1.15:1.11 0.80,-0.35:0.26 0.72,-0.30:0.23 0.57,-0.32:0.34 0.41,-0.24:0.43 0.41,-0.07:0.41 0.36,0.13:0.51 0.44,0.33:0.57 0.53,0.74:0.88 0.89,1.18:1.28 0.92,0.12:0.24 1.01,0.07:0.26 1.18,0.03:0.38 1.40,-0.13:0.58 1.29,-0.32:0.52
P 0.84 -0.12 316.2 | 1.34,-0.59:0.69 1.32,-1.21:1.20 0.84,-0.35:0.24 0.77,-0.30:0.20 0.60,-0.37:0.35 0.42,-0.30:0.46 0.41,-0.13:0.43 0.33,0.08:0.54 0.34,0.36:0.69 0.38,0.93:1.14 0.81,1.20:1.32 0.92,0.10:0.23 1.10,0.16:0.38 1.32,0.09:0.52 1.39,-0.11:0.55 1.33,-0.31:0.53
P 0.87 -0.14 326.1 | 1.55,-0.59:0.82 1.58,-1.21:1.29 0.91,-0.35:0.22 0.83,-0.33:0.20 0.65,-0.46:0.39 0.46,-0.40:0.48 0.39,-0.23:0.49 0.30,-0.02:0.58 0.27,0.26:0.72 0.11,1.01:1.37 0.71,0.65:0.81 0.92,0.12:0.26 1.07,0.17:0.37 1.31,0.16:0.54 1.35,-0.04:0.50 1.42,-0.25:0.56
P 0.89 -0.15 334.3 | 1.74,-0.56:0.95 1.72,-1.08:1.25 0.96,-0.34:0.21 0.88,-0.35:0.20 0.72,-0.51:0.40 0.54,-0.46:0.47 0.37,-0.33:0.55 0.28,-0.11:0.61 0.06,0.25:0.92 -0.01,0.85:1.35 0.80,0.10:0.26 0.91,0.23:0.38 1.11,0.31:0.51 1.30,0.22:0.55 1.35,0.01:0.48 1.51,-0.18:0.62
P 0.82 -0.06 313.0 | 1.60,-0.91:1.15 0.88,-0.24:0.19 0.81,-0.24:0.18 0.74,-0.23:0.19 0.51,-0.35:0.42 0.39,-0.22:0.45 0.21,-0.04:0.60 0.11,0.26:0.78 -0.06,0.88:1.28 0.46,0.89:1.01 0.83,0.23:0.29 0.97,0.28:0.38 1.21,0.30:0.53 1.27,0.11:0.49 1.32,-0.08:0.51 1.39,-0.32:0.63
P 0.83 -0.07 316.6 | 1.35,-0.56:0.72 1.34,-1.21:1.25 0.83,-0.32:0.25 0.75,-0.27:0.22 0.54,-0.37:0.41 0.39,-0.27:0.48 0.38,-0.08:0.44 0.35,0.11:0.50 0.34,0.39:0.67 0.36,0.97:1.14 0.79,1.23:1.30 0.90,0.11:0.20 1.06,0.17:0.34 1.17,0.08:0.37 1.39,-0.06:0.56 1.33,-0.27:0.54
P 0.85 -0.09 325.0 | 1.43,-0.50:0.71 1.55,-1.19:1.30 0.90,-0.35:0.26 0.80,-0.31:0.22 0.62,-0.42:0.41 0.46,-0.34:0.46 0.40,-0.17:0.45 0.33,0.02:0.53 0.28,0.31:0.69 0.19,0.95:1.23 0.68,0.85:0.96 0.90,0.14:0.24 1.05,0.20:0.35 1.33,0.21:0.57 1.38,0.00:0.54 1.39,-0.21:0.55
P 0.87 -0.11 328.9 | 1.66,-0.58:0.93 1.62,-1.12:1.25 0.92,-0.32:0.22 0.84,-0.31:0.21 0.66,-0.46:0.42 0.51,-0.37:0.45 0.36,-0.23:0.53 0.29,-0.02:0.58 0.16,0.32:0.83 0.09,0.95:1.31 0.82,0.12:0.23 0.91,0.16:0.27 1.06,0.21:0.37 1.31,0.22:0.55 1.34,0.01:0.48 1.45,-0.19:0.58
P 0.81 -0.01 306.0 | 1.47,-0.92:1.12 0.86,-0.22:0.22 0.77,-0.23:0.23 0.70,-0.18:0.20 0.46,-0.26:0.42 0.38,-0.11:0.45 0.24,0.08:0.58 0.22,0.35:0.69 0.13,0.92:1.15 0.50,1.30:1.34 0.85,0.25:0.26 1.01,0.31:0.38 1.24,0.31:0.54 1.33,0.12:0.54 1.31,-0.09:0.51 1.36,-0.35:0.65
P 0.82 -0.02 310.9 | 1.29,-0.57:0.72 1.20,-1.15:1.20 0.80,-0.31:0.29 0.71,-0.23:0.24 0.50,-0.30:0.42 0.38,-0.17:0.47 0.40,0.01:0.42 0.38,0.20:0.49 0.42,0.44:0.60 0.55,0.79:0.86 0.91,1.24:1.27 1.60,1.54:1.75 0.98,0.12:0.22 1.17,0.10:0.37 1.41,-0.06:0.59 1.30,-0.26:0.54
P 0.84 -0.04 315.5 | 1.37,-0.56:0.73 1.33,-1.20:1.25 0.84,-0.32:0.28 0.75,-0.26:0.24 0.56,-0.33:0.40 0.41,-0.22:0.46 0.41,-0.05:0.43 0.36,0.15:0.52 0.38,0.41:0.65 0.41,0.98:1.11 0.83,1.25:1.29 0.92,0.15:0.21 1.02,0.14:0.26 1.18,0.10:0.37 1.42,-0.04:0.58 1.35,-0.25:0.55
P 0.86 -0.06 323.6 | 1.44,-0.49:0.72 1.54,-1.18:1.31 0.90,-0.31:0.25 0.81,-0.27:0.21 0.62,-0.39:0.41 0.46,-0.30:0.47 0.40,-0.13:0.47 0.36,0.06:0.52 0.33,0.34:0.67 0.24,0.98:1.21 0.72,0.88:0.95 0.92,0.16:0.22 1.07,0.23:0.35 1.35,0.23:0.56 1.42,0.02:0.57 1.40,-0.19:0.56
P 0.89 -0.08 331.7 | 1.70,-0.51:0.92 1.69,-1.06:1.26 0.96,-0.30:0.24 0.87,-0.29:0.21 0.69,-0.44:0.42 0.54,-0.36:0.45 0.37,-0.23:0.54 0.33,-0.02:0.57 0.14,0.33:0.85 0.07,0.93:1.30 0.82,0.15:0.23 0.92,0.20:0.28 1.06,0.24:0.36 1.31,0.27:0.54 1.35,0.06:0.48 1.47,-0.14:0.58
P 0.82 0.02 307.7 | 1.52,-0.89:1.15 0.88,-0.20:0.23 0.79,-0.20:0.22 0.71,-0.17:0.22 0.48,-0.25:0.44 0.38,-0.10:0.45 0.25,0.09:0.58 0.20,0.37:0.71 0.12,0.93:1.15 0.47,1.30:1.33 0.85,0.26:0.24 1.00,0.33:0.35 1.25,0.35:0.54 1.34,0.16:0.54 1.32,-0.05:0.51 1.39,-0.31:0.66
