25119.3 RX A-TO-B: A moving out of slot toward you. STUCK NO GOAL NO. If you block me please reverse 2m. beep7
25119.8 RX A-TO-B: A moving out of slot toward you. STUCK NO GOAL NO. If you block me please reverse 2m. beep7
25120.3 RX A-TO-B: A moving out of slot toward you. STUCK NO GOAL NO. If you block me please reverse 2m. beep7
25120.8 RX A-TO-B: A moving out of slot toward you. STUCK NO GOAL NO. If you block me please reverse 2m. beep7
25121.3 RX A-TO-B: A moving out of slot toward you. STUCK NO GOAL NO. If you block me please reverse 2m. beep7
25121.8 RX A-TO-B: A moving out of slot toward you. STUCK NO GOAL NO. If you block me please reverse 2m. beep7
25122.3 RX A-TO-B: A moving out of slot toward you. STUCK NO GOAL NO. If you block me please reverse 2m. beep7
25122.8 RX A-TO-B: A moving out of slot toward you. STUCK NO GOAL NO. If you block me please reverse 2m. beep7
25123.3 RX A-TO-B: A moving out of slot toward you. STUCK NO GOAL NO. If you block me please reverse 2m. beep7
25123.3 MEET i=10 d11=0.909 d0=0 d5=0 txstate=? lidar=0.4,0.3,0.3,0.3,0.4,0.5,0.5,0.6,0.8,1.3,0.2,0.2,0.2,1.0,1.4,0.7
25123.8 RX A-TO-B: A moving out of slot toward you. STUCK NO GOAL NO. If you block me please reverse 2m. beep7
25124.3 RX A-TO-B: A moving out of slot toward you. STUCK NO GOAL NO. If you block me please reverse 2m. beep7
25124.8 RX A-TO-B: A moving out of slot toward you. STUCK NO GOAL NO. If you block me please reverse 2m. beep7
25125.3 RX A-TO-B: A moving out of slot toward you. STUCK NO GOAL NO. If you block me please reverse 2m. beep7
25125.8 RX A-TO-B: A moving out of slot toward you. STUCK NO GOAL NO. If you block me please reverse 2m. beep7
25126.3 RX A-TO-B: A moving out of slot toward you. STUCK NO GOAL NO. If you block me please reverse 2m. beep7
25126.8 RX A-TO-B: A moving out of slot toward you. STUCK NO GOAL NO. If you block me please reverse 2m. beep7
25127.3 RX A-TO-B: A moving out of slot toward you. STUCK NO GOAL NO. If you block me please reverse 2m. beep7
25127.8 RX A-TO-B: A moving out of slot toward you. STUCK NO GOAL NO. If you block me please reverse 2m. beep7
25128.3 RX A-TO-B: A moving out of slot toward you. STUCK NO GOAL NO. If you block me please reverse 2m. beep7
25128.3 MEET i=20 d11=0.896 d0=0 d5=0 txstate=? lidar=0.4,0.3,0.3,0.3,0.5,0.6,0.5,0.6,0.8,1.3,0.2,0.2,0.3,1.0,1.4,0.7
25128.8 RX A-TO-B: A moving out of slot toward you. STUCK NO GOAL NO. If you block me please reverse 2m. beep7
25129.3 RX A-TO-B: A moving out of slot toward you. STUCK NO GOAL NO. If you block me please reverse 2m. beep7
25129.8 RX A-TO-B: A moving out of slot toward you. STUCK NO GOAL NO. If you block me please reverse 2m. beep7
25130.3 RX A-TO-B: A moving out of slot toward you. STUCK NO GOAL NO. If you block me please reverse 2m. beep7
25130.8 RX A-TO-B: A moving out of slot toward you. STUCK NO GOAL NO. If you block me please reverse 2m. beep8
25131.3 RX A-TO-B: A moving out of slot toward you. STUCK NO GOAL NO. If you block me please reverse 2m. beep8
25131.8 RX A-TO-B: A moving out of slot toward you. STUCK NO GOAL NO. If you block me please reverse 2m. beep8
25132.3 RX A-TO-B: A moving out of slot toward you. STUCK NO GOAL NO. If you block me please reverse 2m. beep8
25132.8 RX A-TO-B: A moving out of slot toward you. STUCK NO GOAL NO. If you block me please reverse 2m. beep8
25133.3 RX A-TO-B: A moving out of slot toward you. STUCK NO GOAL NO. If you block me please reverse 2m. beep8
25133.3 MEET i=30 d11=0.912 d0=0 d5=0 txstate=? lidar=0.4,0.3,0.3,0.3,0.4,0.6,0.5,0.6,0.8,1.3,0.2,0.2,0.3,1.0,1.4,0.7
25133.8 RX A-TO-B: A moving out of slot toward you. STUCK NO GOAL NO. If you block me please reverse 2m. beep8
25134.3 RX A-TO-B: A moving out of slot toward you. STUCK NO GOAL NO. If you block me please reverse 2m. beep8
25134.8 RX A-TO-B: A moving out of slot toward you. STUCK NO GOAL NO. If you block me please reverse 2m. beep8
25135.3 RX A-TO-B: A moving out of slot toward you. STUCK NO GOAL NO. If you block me please reverse 2m. beep8
25135.8 RX A-TO-B: A moving out of slot toward you. STUCK NO GOAL NO. If you block me please reverse 2m. beep8
25136.3 RX A-TO-B: A moving out of slot toward you. STUCK NO GOAL NO. If you block me please reverse 2m. beep8
25136.8 RX A-TO-B: A moving out of slot toward you. STUCK NO GOAL NO. If you block me please reverse 2m. beep8
25137.3 RX A-TO-B: A moving out of slot toward you. STUCK NO GOAL NO. If you block me please reverse 2m. beep8
25137.8 RX A-TO-B: A moving out of slot toward you. STUCK NO GOAL NO. If you block me please reverse 2m. beep8
25138.3 RX A-TO-B: A moving out of slot toward you. STUCK NO GOAL NO. If you block me please reverse 2m. beep8
25138.3 MEET i=40 d11=0.905 d0=0 d5=0 txstate=? lidar=0.4,0.3,0.3,0.3,0.4,0.6,0.5,0.6,0.8,1.3,0.2,0.2,0.3,1.0,1.4,0.6
25138.8 RX A-TO-B: A moving out of slot toward you. STUCK NO GOAL NO. If you block me please reverse 2m. beep8
25139.3 RX A-TO-B: A moving out of slot toward you. STUCK NO GOAL NO. If you block me please reverse 2m. beep8
25139.8 RX A-TO-B: A moving out of slot toward you. STUCK NO GOAL NO. If you block me please reverse 2m. beep8
25140.3 RX A-TO-B: A moving out of slot toward you. STUCK NO GOAL NO. If you block me please reverse 2m. beep8
25140.8 RX A-TO-B: A exiting slot now. GOAL NO STUCK NO. beep0
25141.3 RX A-TO-B: A exiting slot now. GOAL NO STUCK NO. beep0
25141.8 RX A-TO-B: A exiting slot now. GOAL NO STUCK NO. beep0
25142.3 RX A-TO-B: A exiting slot now. GOAL NO STUCK NO. beep0
25142.8 RX A-TO-B: A exiting slot now. GOAL NO STUCK NO. beep0
25143.3 RX A-TO-B: A exiting slot now. GOAL NO STUCK NO. beep0
25143.3 MEET i=50 d11=0.902 d0=0 d5=0 txstate=? lidar=0.4,0.3,0.3,0.3,0.5,0.6,0.5,0.6,0.8,1.3,0.2,0.2,0.3,1.0,1.4,0.6
25143.8 RX A-TO-B: A exiting slot now. GOAL NO STUCK NO. beep0
25144.3 RX A-TO-B: A exiting slot now. GOAL NO STUCK NO. beep0
25144.8 RX A-TO-B: A exiting slot now. GOAL NO STUCK NO. beep0
25145.3 RX A-TO-B: A exiting slot now. GOAL NO STUCK NO. beep0
25145.8 RX A-TO-B: A exiting slot now. GOAL NO STUCK NO. beep0
25146.3 RX A-TO-B: A exiting slot now. GOAL NO STUCK NO. beep0
25146.8 RX A-TO-B: A exiting slot now. GOAL NO STUCK NO. beep0
25147.3 RX A-TO-B: A exiting slot now. GOAL NO STUCK NO. beep0
25147.8 RX A-TO-B: A exiting slot now. GOAL NO STUCK NO. beep0
25148.3 RX A-TO-B: A exiting slot now. GOAL NO STUCK NO. beep0
25148.3 MEET i=60 d11=0.902 d0=0 d5=0 txstate=? lidar=0.4,0.3,0.3,0.3,0.5,0.6,0.5,0.6,0.8,1.3,0.2,0.2,0.3,1.0,1.4,0.7
25148.8 RX A-TO-B: A exiting slot now. GOAL NO STUCK NO. beep0
25149.3 RX A-TO-B: A exiting slot now. GOAL NO STUCK NO. beep0
25149.8 RX A-TO-B: A exiting slot now. GOAL NO STUCK NO. beep0
25150.3 RX A-TO-B: A exiting slot now. GOAL NO STUCK NO. beep0
25150.8 RX A-TO-B: A exiting slot now. GOAL NO STUCK NO. beep0
25151.3 RX A-TO-B: A exiting slot now. GOAL NO STUCK NO. beep0
25151.8 RX A-TO-B: A exiting slot now. GOAL NO STUCK NO. beep0
25152.3 RX A-TO-B: A exiting slot now. GOAL NO STUCK NO. beep0
25152.8 RX A-TO-B: A exiting slot now. GOAL NO STUCK NO. beep0
25153.3 RX A-TO-B: A exiting slot now. GOAL NO STUCK NO. beep1
25153.3 MEET i=70 d11=0.904 d0=0 d5=0 txstate=? lidar=0.4,0.3,0.3,0.3,0.4,0.6,0.5,0.6,0.8,1.3,0.2,0.2,0.3,1.0,1.4,0.7
25153.8 RX A-TO-B: A exiting slot now. GOAL NO STUCK NO. beep1
25154.3 RX A-TO-B: A exiting slot now. GOAL NO STUCK NO. beep1
25154.8 RX A-TO-B: A exiting slot now. GOAL NO STUCK NO. beep1
25155.3 RX A-TO-B: A exiting slot now. GOAL NO STUCK NO. beep1
25155.8 RX A-TO-B: A exiting slot now. GOAL NO STUCK NO. beep1
25156.3 RX A-TO-B: A exiting slot now. GOAL NO STUCK NO. beep1
25156.8 RX A-TO-B: A exiting slot now. GOAL NO STUCK NO. beep1
25157.3 RX A-TO-B: A exiting slot now. GOAL NO STUCK NO. beep1
25157.8 RX A-TO-B: A exiting slot now. GOAL NO STUCK NO. beep1
25158.3 RX A-TO-B: A exiting slot now. GOAL NO STUCK NO. beep1
25158.3 MEET i=80 d11=0.906 d0=0 d5=0 txstate=? lidar=0.4,0.3,0.3,0.3,0.5,0.6,0.5,0.6,0.8,1.3,0.2,0.2,0.3,1.0,1.4,0.7
25158.8 RX A-TO-B: A exiting slot now. GOAL NO STUCK NO. beep1
25159.3 RX A-TO-B: A exiting slot now. GOAL NO STUCK NO. beep1
25159.8 RX A-TO-B: A exiting slot now. GOAL NO STUCK NO. beep1
25160.3 RX A-TO-B: A exiting slot now. GOAL NO STUCK NO. beep1
25160.8 RX A-TO-B: A exiting slot now. GOAL NO STUCK NO. beep1
25161.3 RX A-TO-B: A exiting slot now. GOAL NO STUCK NO. beep1
25161.8 RX A-TO-B: A exiting slot now. GOAL NO STUCK NO. beep1
25162.3 RX A-TO-B: A exiting slot now. GOAL NO STUCK NO. beep1
25162.8 RX A-TO-B: A exiting slot now. GOAL NO STUCK NO. beep1
25163.3 RX A-TO-B: A exiting slot now. GOAL NO STUCK NO. beep1
25163.3 MEET i=90 d11=0.911 d0=0 d5=0 txstate=? lidar=0.4,0.3,0.3,0.3,0.4,0.6,0.5,0.6,0.8,1.3,0.2,0.2,0.2,1.0,1.4,0.7
25163.8 RX A-TO-B: A exiting slot now. GOAL NO STUCK NO. beep1
25164.3 RX A-TO-B: A exiting slot now. GOAL NO STUCK NO. beep1
25164.8 RX A-TO-B: A exiting slot now. GOAL NO STUCK NO. beep2
25165.3 RX A-TO-B: A exiting slot now. GOAL NO STUCK NO. beep2
25165.8 RX A-TO-B: A exiting slot now. GOAL NO STUCK NO. beep2
25166.3 RX A-TO-B: A exiting slot now. GOAL NO STUCK NO. beep2
25166.8 RX A-TO-B: A exiting slot now. GOAL NO STUCK NO. beep2
25167.3 RX A-TO-B: A exiting slot now. GOAL NO STUCK NO. beep2
25167.8 RX A-TO-B: A exiting slot now. GOAL NO STUCK NO. beep2
25168.3 RX A-TO-B: A exiting slot now. GOAL NO STUCK NO. beep2
25168.3 MEET i=100 d11=0.918 d0=0 d5=0 txstate=? lidar=0.4,0.3,-1.0,0.3,0.4,0.6,0.5,0.6,0.8,1.3,0.2,0.2,0.3,1.0,1.4,0.6
25168.8 RX A-TO-B: A exiting slot now. GOAL NO STUCK NO. beep2
25169.3 RX A-TO-B: A exiting slot now. GOAL NO STUCK NO. beep2
25169.8 RX A-TO-B: A exiting slot now. GOAL NO STUCK NO. beep2
25170.3 RX A-TO-B: A exiting slot now. GOAL NO STUCK NO. beep2
25170.8 RX A-TO-B: A exiting slot now. GOAL NO STUCK NO. beep2
25171.3 RX A-TO-B: A exiting slot now. GOAL NO STUCK NO. beep2
25171.8 RX A-TO-B: A exiting slot now. GOAL NO STUCK NO. beep2
25172.3 RX A-TO-B: A exiting slot now. GOAL NO STUCK NO. beep2
25172.8 RX A-TO-B: A exiting slot now. GOAL NO STUCK NO. beep2
25173.3 RX A-TO-B: A exiting slot now. GOAL NO STUCK NO. beep2
25173.3 MEET i=110 d11=0.911 d0=0 d5=0 txstate=? lidar=0.4,0.3,0.3,0.3,0.4,0.6,0.5,0.6,0.8,1.3,0.2,0.2,0.3,1.0,1.4,0.6
25173.8 RX A-TO-B: A exiting slot now. GOAL NO STUCK NO. beep2
25174.3 RX A-TO-B: A exiting slot now. GOAL NO STUCK NO. beep2
25174.8 RX A-TO-B: A exiting slot now. GOAL NO STUCK NO. beep2
25175.3 RX A-TO-B: A exiting slot now. GOAL NO STUCK NO. beep2
25175.8 RX A-TO-B: A exiting slot now. GOAL NO STUCK NO. beep2
25176.3 RX A-TO-B: A exiting slot now. GOAL NO STUCK NO. beep2
25176.8 RX A-TO-B: A exiting slot now. GOAL NO STUCK NO. beep3
25177.3 RX A-TO-B: A exiting slot now. GOAL NO STUCK NO. beep3
25177.8 RX A-TO-B: A exiting slot now. GOAL NO STUCK NO. beep3
25178.3 RX A-TO-B: A exiting slot now. GOAL NO STUCK NO. beep3
25178.3 MEET i=120 d11=0.914 d0=0 d5=0 txstate=? lidar=0.4,0.3,0.3,0.3,0.4,0.6,0.5,0.6,-1.0,1.3,0.2,0.2,0.3,1.0,1.4,0.6
25178.8 RX A-TO-B: A exiting slot now. GOAL NO STUCK NO. beep3
25179.3 RX A-TO-B: A exiting slot now. GOAL NO STUCK NO. beep3
25179.8 RX A-TO-B: A exiting slot now. GOAL NO STUCK NO. beep3
25180.3 RX A-TO-B: A exiting slot now. GOAL NO STUCK NO. beep3
25180.8 RX A-TO-B: A exiting slot now. GOAL NO STUCK NO. beep3
25181.3 RX A-TO-B: A exiting slot now. GOAL NO STUCK NO. beep3
25181.8 RX A-TO-B: A exiting slot now. GOAL NO STUCK NO. beep3
25182.3 RX A-TO-B: A exiting slot now. GOAL NO STUCK NO. beep3
25182.8 RX A-TO-B: A exiting slot now. GOAL NO STUCK NO. beep3
25183.3 RX A-TO-B: A exiting slot now. GOAL NO STUCK NO. beep3
25183.3 MEET i=130 d11=0.911 d0=0 d5=0 txstate=? lidar=0.4,0.3,0.3,0.3,0.5,0.6,0.5,0.6,0.8,1.3,0.2,0.2,0.3,1.0,1.4,0.7
25183.8 RX A-TO-B: A exiting slot now. GOAL NO STUCK NO. beep3
25184.3 RX A-TO-B: A exiting slot now. GOAL NO STUCK NO. beep3
25184.8 RX A-TO-B: A exiting slot now. GOAL NO STUCK NO. beep3
25185.3 RX A-TO-B: A exiting slot now. GOAL NO STUCK NO. beep3
25185.8 RX A-TO-B: A exiting slot now. GOAL NO STUCK NO. beep3
25186.3 RX A-TO-B: A exiting slot now. GOAL NO STUCK NO. beep3
25186.8 RX A-TO-B: A exiting slot now. GOAL NO STUCK NO. beep3
25187.3 RX A-TO-B: A exiting slot now. GOAL NO STUCK NO. beep3
25187.8 RX A-TO-B: A exiting slot now. GOAL NO STUCK NO. beep3
25188.3 RX A-TO-B: A exiting slot now. GOAL NO STUCK NO. beep3
25188.3 MEET i=140 d11=0.905 d0=0 d5=0 txstate=? lidar=0.4,0.3,0.3,0.3,0.5,0.6,0.5,0.6,0.8,1.3,0.2,0.2,0.3,1.0,1.4,0.7
25188.8 RX A-TO-B: A exiting slot now. GOAL NO STUCK NO. beep3
25189.3 RX A-TO-B: A exiting slot now. GOAL NO STUCK NO. beep4
25189.8 RX A-TO-B: A exiting slot now. GOAL NO STUCK NO. beep4
25190.3 RX A-TO-B: A exiting slot now. GOAL NO STUCK NO. beep4
25190.8 RX A-TO-B: A exiting slot now. GOAL NO STUCK NO. beep4
25191.3 RX A-TO-B: A exiting slot now. GOAL NO STUCK NO. beep4
25191.8 RX A-TO-B: A exiting slot now. GOAL NO STUCK NO. beep4
25192.3 RX A-TO-B: A exiting slot now. GOAL NO STUCK NO. beep4
25192.8 RX A-TO-B: A exiting slot now. GOAL NO STUCK NO. beep4
25193.3 RX A-TO-B: A exiting slot now. GOAL NO STUCK NO. beep4
25193.3 MEET i=150 d11=0.925 d0=0 d5=0 txstate=? lidar=0.4,0.3,0.3,0.3,0.4,0.6,0.5,0.6,0.8,1.3,0.2,0.2,0.2,1.0,-1.0,0.7
25193.8 RX A-TO-B: A exiting slot now. GOAL NO STUCK NO. beep4
25194.3 RX A-TO-B: A exiting slot now. GOAL NO STUCK NO. beep4
25194.8 RX A-TO-B: A exiting slot now. GOAL NO STUCK NO. beep4
25195.3 RX A-TO-B: A exiting slot now. GOAL NO STUCK NO. beep4
25195.8 RX A-TO-B: A exiting slot now. GOAL NO STUCK NO. beep4
25196.3 RX A-TO-B: A exiting slot now. GOAL NO STUCK NO. beep4
25196.8 RX A-TO-B: A exiting slot now. GOAL NO STUCK NO. beep4
25197.3 RX A-TO-B: A exiting slot now. GOAL NO STUCK NO. beep4
25197.8 RX A-TO-B: A exiting slot now. GOAL NO STUCK NO. beep4
25198.3 RX A-TO-B: A exiting slot now. GOAL NO STUCK NO. beep4
25198.3 MEET i=160 d11=0.911 d0=0 d5=0 txstate=? lidar=0.4,0.3,0.3,0.3,0.4,0.6,0.5,0.6,0.8,1.3,0.2,0.2,0.3,1.0,1.4,0.7
25198.8 RX A-TO-B: A exiting slot now. GOAL NO STUCK NO. beep4
25199.3 RX A-TO-B: A exiting slot now. GOAL NO STUCK NO. beep4
25199.8 RX A-TO-B: A exiting slot now. GOAL NO STUCK NO. beep4
25200.3 RX A-TO-B: A exiting slot now. GOAL NO STUCK NO. beep4
25200.8 RX A-TO-B: A exiting slot now. GOAL NO STUCK NO. beep5
25201.3 RX A-TO-B: A exiting slot now. GOAL NO STUCK NO. beep5
25201.8 RX A-TO-B: A exiting slot now. GOAL NO STUCK NO. beep5
25202.3 RX A-TO-B: A exiting slot now. GOAL NO STUCK NO. beep5
25202.8 RX A-TO-B: A exiting slot now. GOAL NO STUCK NO. beep5
25203.3 RX A-TO-B: A exiting slot now. GOAL NO STUCK NO. beep5
25203.3 MEET i=170 d11=0.906 d0=0 d5=0 txstate=? lidar=0.4,0.3,0.3,0.3,0.4,0.6,0.5,0.6,0.8,1.3,0.2,0.2,0.3,1.0,1.4,0.6
25203.8 RX A-TO-B: A exiting slot now. GOAL NO STUCK NO. beep5
25204.3 RX A-TO-B: A exiting slot now. GOAL NO STUCK NO. beep5
25204.8 RX A-TO-B: A exiting slot now. GOAL NO STUCK NO. beep5
25205.3 RX A-TO-B: A exiting slot now. GOAL NO STUCK NO. beep5
25205.8 RX A-TO-B: A exiting slot now. GOAL NO STUCK NO. beep5
25206.3 RX A-TO-B: A exiting slot now. GOAL NO STUCK NO. beep5
25206.8 RX A-TO-B: A exiting slot now. GOAL NO STUCK NO. beep5
25207.3 RX A-TO-B: A exiting slot now. GOAL NO STUCK NO. beep5
25207.8 RX A-TO-B: A exiting slot now. GOAL NO STUCK NO. beep5
25208.3 RX A-TO-B: A exiting slot now. GOAL NO STUCK NO. beep5
25208.3 MEET i=180 d11=0.901 d0=0 d5=0 txstate=? lidar=0.4,0.3,0.3,0.3,0.5,0.6,0.5,0.6,0.8,1.3,0.2,0.2,0.2,1.0,1.4,0.6
25208.8 RX A-TO-B: A exiting slot now. GOAL NO STUCK NO. beep5
25209.3 RX A-TO-B: A exiting slot now. GOAL NO STUCK NO. beep5
25209.8 RX A-TO-B: A exiting slot now. GOAL NO STUCK NO. beep5
25210.3 RX A-TO-B: A exiting slot now. GOAL NO STUCK NO. beep5
25210.8 RX A-TO-B: A exiting slot now. GOAL NO STUCK NO. beep5
25211.3 RX A-TO-B: A exiting slot now. GOAL NO STUCK NO. beep5
25211.8 RX A-TO-B: A exiting slot now. GOAL NO STUCK NO. beep5
25212.3 RX A-TO-B: A exiting slot now. GOAL NO STUCK NO. beep5
25212.8 RX A-TO-B: A exiting slot now. GOAL NO STUCK NO. beep6
25213.3 RX A-TO-B: A exiting slot now. GOAL NO STUCK NO. beep6
25213.3 MEET i=190 d11=0.900 d0=0 d5=0 txstate=? lidar=0.4,0.3,0.3,0.3,0.4,0.6,0.5,0.6,0.8,1.3,0.2,0.2,0.3,1.0,1.4,0.7
25213.8 RX A-TO-B: A exiting slot now. GOAL NO STUCK NO. beep6
25214.3 RX A-TO-B: A exiting slot now. GOAL NO STUCK NO. beep6
25214.8 RX A-TO-B: A exiting slot now. GOAL NO STUCK NO. beep6
25215.3 RX A-TO-B: A exiting slot now. GOAL NO STUCK NO. beep6
25215.8 RX A-TO-B: A exiting slot now. GOAL NO STUCK NO. beep6
25216.3 RX A-TO-B: A exiting slot now. GOAL NO STUCK NO. beep6
25216.8 RX A-TO-B: A exiting slot now. GOAL NO STUCK NO. beep6
25217.3 RX A-TO-B: A exiting slot now. GOAL NO STUCK NO. beep6
25217.8 RX A-TO-B: A exiting slot now. GOAL NO STUCK NO. beep6
25218.3 RX A-TO-B: A exiting slot now. GOAL NO STUCK NO. beep6
25218.3 MEET i=200 d11=0.892 d0=0 d5=0 txstate=? lidar=0.4,0.3,0.3,0.3,0.4,0.6,0.5,0.6,0.8,1.3,0.2,0.2,0.3,1.0,1.4,0.7
25218.8 RX A-TO-B: A exiting slot now. GOAL NO STUCK NO. beep6
25219.3 RX A-TO-B: A exiting slot now. GOAL NO STUCK NO. beep6
25219.8 RX A-TO-B: A exiting slot now. GOAL NO STUCK NO. beep6
25220.3 RX A-TO-B: A exiting slot now. GOAL NO STUCK NO. beep6
25220.8 RX A-TO-B: A exiting slot now. GOAL NO STUCK NO. beep6
25221.3 RX A-TO-B: A exiting slot now. GOAL NO STUCK NO. beep6
25221.8 RX A-TO-B: A exiting slot now. GOAL NO STUCK NO. beep6
25222.3 RX A-TO-B: A exiting slot now. GOAL NO STUCK NO. beep6
25222.8 RX A-TO-B: A exiting slot now. GOAL NO STUCK NO. beep6
25223.3 RX A-TO-B: A exiting slot now. GOAL NO STUCK NO. beep6
25223.3 MEET i=210 d11=0.904 d0=0 d5=0 txstate=? lidar=0.4,0.3,0.3,0.3,0.4,0.6,0.5,0.6,0.8,1.3,0.2,0.2,0.3,1.0,1.5,0.7
25223.8 RX A-TO-B: A exiting slot now. GOAL NO STUCK NO. beep6
25224.3 RX A-TO-B: A exiting slot now. GOAL NO STUCK NO. beep6
25224.8 RX A-TO-B: A exiting slot now. GOAL NO STUCK NO. beep7
25225.3 RX A-TO-B: A exiting slot now. GOAL NO STUCK NO. beep7
25225.8 RX A-TO-B: A exiting slot now. GOAL NO STUCK NO. beep7
25226.3 RX A-TO-B: A exiting slot now. GOAL NO STUCK NO. beep7
25226.8 RX A-TO-B: A exiting slot now. GOAL NO STUCK NO. beep7
25227.3 RX A-TO-B: A exiting slot now. GOAL NO STUCK NO. beep7
25227.8 RX A-TO-B: A exiting slot now. GOAL NO STUCK NO. beep7
25228.3 RX A-TO-B: A exiting slot now. GOAL NO STUCK NO. beep7
25228.3 MEET i=220 d11=0.910 d0=0 d5=0 txstate=? lidar=0.4,0.3,0.3,0.3,0.4,0.6,0.5,0.6,0.8,1.3,0.2,0.2,0.3,1.0,1.5,0.7
25228.8 RX A-TO-B: A exiting slot now. GOAL NO STUCK NO. beep7
25229.3 RX A-TO-B: A exiting slot now. GOAL NO STUCK NO. beep7
25229.8 RX A-TO-B: A exiting slot now. GOAL NO STUCK NO. beep7
25230.3 RX A-TO-B: A exiting slot now. GOAL NO STUCK NO. beep7
25230.8 RX A-TO-B: A exiting slot now. GOAL NO STUCK NO. beep7
25231.3 RX A-TO-B: A exiting slot now. GOAL NO STUCK NO. beep7
25231.8 RX A-TO-B: A exiting slot now. GOAL NO STUCK NO. beep7
25232.3 RX A-TO-B: A exiting slot now. GOAL NO STUCK NO. beep7
25232.8 RX A-TO-B: A exiting slot now. GOAL NO STUCK NO. beep7
25233.3 RX A-TO-B: A exiting slot now. GOAL NO STUCK NO. beep7
25233.3 MEET i=230 d11=0.911 d0=0 d5=0 txstate=? lidar=0.4,0.3,0.3,0.3,0.5,0.6,0.5,0.6,0.8,1.3,0.2,0.2,0.3,1.0,1.4,0.6
25233.8 RX A-TO-B: A exiting slot now. GOAL NO STUCK NO. beep7
25234.3 RX A-TO-B: A exiting slot now. GOAL NO STUCK NO. beep7
25234.8 RX A-TO-B: A exiting slot now. GOAL NO STUCK NO. beep7
25235.3 RX A-TO-B: A exiting slot now. GOAL NO STUCK NO. beep7
25235.8 RX A-TO-B: A exiting slot now. GOAL NO STUCK NO. beep7
25236.3 RX A-TO-B: A exiting slot now. GOAL NO STUCK NO. beep7
25236.8 RX A-TO-B: A exiting slot now. GOAL NO STUCK NO. beep8
25237.3 RX A-TO-B: A exiting slot now. GOAL NO STUCK NO. beep8
25237.8 RX A-TO-B: A exiting slot now. GOAL NO STUCK NO. beep8
25238.3 RX A-TO-B: A exiting slot now. GOAL NO STUCK NO. beep8
25238.3 MEET i=240 d11=0.912 d0=0 d5=0 txstate=? lidar=0.4,0.3,0.3,0.3,0.5,0.6,0.5,0.6,0.8,1.3,0.2,0.2,0.3,1.0,1.4,0.7
25238.8 RX A-TO-B: A exiting slot now. GOAL NO STUCK NO. beep8
25239.3 RX A-TO-B: A exiting slot now. GOAL NO STUCK NO. beep8
25239.8 RX A-TO-B: A exiting slot now. GOAL NO STUCK NO. beep8
25240.3 RX A-TO-B: A exiting slot now. GOAL NO STUCK NO. beep8
25240.8 RX A-TO-B: A exiting slot now. GOAL NO STUCK NO. beep8
25241.3 RX A-TO-B: A exiting slot now. GOAL NO STUCK NO. beep8
25241.8 RX A-TO-B: A exiting slot now. GOAL NO STUCK NO. beep8
25242.3 RX A-TO-B: A exiting slot now. GOAL NO STUCK NO. beep8
25242.8 RX A-TO-B: A exiting slot now. GOAL NO STUCK NO. beep8
25243.3 RX A-TO-B: A exiting slot now. GOAL NO STUCK NO. beep8
25243.3 MEET i=250 d11=0.904 d0=0 d5=0 txstate=? lidar=0.4,0.3,0.3,0.3,0.4,0.6,0.5,0.6,0.8,1.3,0.2,0.2,0.3,1.0,1.4,0.6
25243.8 RX A-TO-B: A exiting slot now. GOAL NO STUCK NO. beep8
25244.3 RX A-TO-B: A exiting slot now. GOAL NO STUCK NO. beep8
25244.8 RX A-TO-B: A exiting slot now. GOAL NO STUCK NO. beep8
25245.3 RX A-TO-B: A exiting slot now. GOAL NO STUCK NO. beep8
25245.8 RX A-TO-B: A exiting slot now. GOAL NO STUCK NO. beep8
25246.3 RX A-TO-B: A exiting slot now. GOAL NO STUCK NO. beep8
25246.8 RX A-TO-B: A exiting slot now. GOAL NO STUCK NO. beep8
25247.3 RX A-TO-B: A exiting slot now. GOAL NO STUCK NO. beep8
25247.8 RX A-TO-B: A exiting slot now. GOAL NO STUCK NO. beep8
25248.3 RX A-TO-B: A exiting slot now. GOAL NO STUCK NO. beep8
25248.3 MEET i=260 d11=0.906 d0=0 d5=0 txstate=? lidar=0.4,0.3,0.3,0.3,0.5,0.6,0.5,0.6,0.8,1.3,0.2,0.2,0.3,1.0,-1.0,0.7
25248.8 RX A-TO-B: A exiting slot now. GOAL NO STUCK NO. beep8
25249.3 RX A-TO-B: A exiting slot now. GOAL NO STUCK NO. beep8
25249.8 RX A-TO-B: A exiting slot now. GOAL NO STUCK NO. beep8
25250.3 RX A-TO-B: A exiting slot now. GOAL NO STUCK NO. beep8
25250.8 RX A-TO-B: A exiting slot now. GOAL NO STUCK NO. beep8
25251.3 RX A-TO-B: A exiting slot now. GOAL NO STUCK NO. beep8
25251.8 RX A-TO-B: A exiting slot now. GOAL NO STUCK NO. beep8
25252.3 RX A-TO-B: A exiting slot now. GOAL NO STUCK NO. beep8
25252.8 RX A-TO-B: A exiting slot now. GOAL NO STUCK NO. beep8
25253.3 RX A-TO-B: A exiting slot now. GOAL NO STUCK NO. beep8
25253.3 MEET i=270 d11=0.896 d0=0 d5=0 txstate=? lidar=0.4,0.3,0.3,0.3,0.5,0.6,0.5,0.6,0.8,1.3,0.2,0.2,0.3,1.0,1.4,0.7
25253.8 RX A-TO-B: A exiting slot now. GOAL NO STUCK NO. beep8
25254.3 RX A-TO-B: A exiting slot now. GOAL NO STUCK NO. beep8
25254.8 RX A-TO-B: A exiting slot now. GOAL NO STUCK NO. beep8
25255.3 RX A-TO-B: A exiting slot now. GOAL NO STUCK NO. beep8
25255.8 RX A-TO-B: A exiting slot now. GOAL NO STUCK NO. beep8
25256.3 RX A-TO-B: A exiting slot now. GOAL NO STUCK NO. beep8
25256.8 RX A-TO-B: A exiting slot now. GOAL NO STUCK NO. beep8
25257.3 RX A-TO-B: A exiting slot now. GOAL NO STUCK NO. beep8
25257.8 RX A-TO-B: A exiting slot now. GOAL NO STUCK NO. beep8
25258.3 RX A-TO-B: A exiting slot now. GOAL NO STUCK NO. beep8
25258.3 MEET i=280 d11=0.899 d0=0 d5=0 txstate=? lidar=0.4,0.3,0.3,0.3,0.4,0.6,0.5,0.6,0.8,1.3,0.2,0.2,0.2,1.0,1.4,0.7
25258.8 RX A-TO-B: A exiting slot now. GOAL NO STUCK NO. beep8
25259.3 RX A-TO-B: A exiting slot now. GOAL NO STUCK NO. beep8
25259.8 RX A-TO-B: A exiting slot now. GOAL NO STUCK NO. beep8
25260.3 RX A-TO-B: A exiting slot now. GOAL NO STUCK NO. beep8
25260.8 RX A-TO-B: A exiting slot now. GOAL NO STUCK NO. beep10
25261.3 RX A-TO-B: A exiting slot now. GOAL NO STUCK NO. beep10
25261.8 RX A-TO-B: A exiting slot now. GOAL NO STUCK NO. beep10
25262.3 RX A-TO-B: A exiting slot now. GOAL NO STUCK NO. beep10
25262.8 RX A-TO-B: A exiting slot now. GOAL NO STUCK NO. beep10
25263.3 RX A-TO-B: A exiting slot now. GOAL NO STUCK NO. beep10
25263.3 MEET i=290 d11=0.887 d0=0 d5=0 txstate=? lidar=0.4,0.3,0.3,0.3,0.4,0.6,0.5,0.6,0.8,1.3,0.2,0.2,0.3,1.0,1.5,0.6
25263.8 RX A-TO-B: A exiting slot now. GOAL NO STUCK NO. beep10
25264.3 RX A-TO-B: A exiting slot now. GOAL NO STUCK NO. beep10
25264.8 RX A-TO-B: A exiting slot now. GOAL NO STUCK NO. beep10
25265.3 RX A-TO-B: A exiting slot now. GOAL NO STUCK NO. beep10
25265.8 RX A-TO-B: A exiting slot now. GOAL NO STUCK NO. beep10
25266.3 RX A-TO-B: A exiting slot now. GOAL NO STUCK NO. beep10
25266.8 RX A-TO-B: A exiting slot now. GOAL NO STUCK NO. beep10
25267.3 RX A-TO-B: A exiting slot now. GOAL NO STUCK NO. beep10
25267.8 RX A-TO-B: A exiting slot now. GOAL NO STUCK NO. beep10
25268.3 RX A-TO-B: A exiting slot now. GOAL NO STUCK NO. beep10
25268.3 MEET i=300 d11=0.887 d0=0 d5=0 txstate=? lidar=0.4,0.3,0.3,0.3,0.4,0.5,0.5,0.6,0.8,1.3,0.2,0.2,0.3,1.0,1.4,0.6
25268.8 RX A-TO-B: A exiting slot now. GOAL NO STUCK NO. beep10
25269.3 RX A-TO-B: A exiting slot now. GOAL NO STUCK NO. beep10
25269.8 RX A-TO-B: A exiting slot now. GOAL NO STUCK NO. beep10
25270.3 RX A-TO-B: A exiting slot now. GOAL NO STUCK NO. beep10
25270.8 RX A-TO-B: A exiting slot now. GOAL NO STUCK NO. beep10
25271.3 RX A-TO-B: A exiting slot now. GOAL NO STUCK NO. beep10
25271.8 RX A-TO-B: A exiting slot now. GOAL NO STUCK NO. beep10
25272.3 RX A-TO-B: A exiting slot now. GOAL NO STUCK NO. beep10
25272.8 RX A-TO-B: A exiting slot now. GOAL NO STUCK NO. beep11
25273.3 RX A-TO-B: A exiting slot now. GOAL NO STUCK NO. beep11
25273.3 MEET i=310 d11=0.897 d0=0 d5=0 txstate=? lidar=0.4,0.3,0.3,0.3,0.4,0.5,0.5,0.6,0.8,1.3,0.2,0.2,0.3,1.0,1.4,0.7
25273.8 RX A-TO-B: A exiting slot now. GOAL NO STUCK NO. beep11
25274.3 RX A-TO-B: A exiting slot now. GOAL NO STUCK NO. beep11
25274.8 RX A-TO-B: A exiting slot now. GOAL NO STUCK NO. beep11
25275.3 RX A-TO-B: A exiting slot now. GOAL NO STUCK NO. beep11
25275.8 RX A-TO-B: A exiting slot now. GOAL NO STUCK NO. beep11
25276.3 RX A-TO-B: A exiting slot now. GOAL NO STUCK NO. beep11
25276.8 RX A-TO-B: A exiting slot now. GOAL NO STUCK NO. beep11
25277.3 RX A-TO-B: A exiting slot now. GOAL NO STUCK NO. beep11
25277.8 RX A-TO-B: A exiting slot now. GOAL NO STUCK NO. beep11
25278.3 RX A-TO-B: A exiting slot now. GOAL NO STUCK NO. beep11
25278.3 MEET i=320 d11=0.879 d0=0 d5=0 txstate=? lidar=0.4,0.3,0.3,0.3,0.5,0.5,0.5,0.6,0.8,1.3,0.2,0.2,0.3,1.0,1.4,0.6
25278.8 RX A-TO-B: A exiting slot now. GOAL NO STUCK NO. beep11
25279.3 RX A-TO-B: A exiting slot now. GOAL NO STUCK NO. beep11
25279.8 RX A-TO-B: A exiting slot now. GOAL NO STUCK NO. beep11
25280.3 RX A-TO-B: A exiting slot now. GOAL NO STUCK NO. beep11
25280.8 RX A-TO-B: A exiting slot now. GOAL NO STUCK NO. beep11
25281.3 RX A-TO-B: A exiting slot now. GOAL NO STUCK NO. beep11
25281.8 RX A-TO-B: A exiting slot now. GOAL NO STUCK NO. beep11
25282.3 RX A-TO-B: A exiting slot now. GOAL NO STUCK NO. beep11
25282.8 RX A-TO-B: A exiting slot now. GOAL NO STUCK NO. beep11
25283.3 RX A-TO-B: A exiting slot now. GOAL NO STUCK NO. beep11
25283.3 MEET i=330 d11=0.873 d0=0 d5=0 txstate=? lidar=0.4,0.3,0.3,0.3,0.5,0.6,0.5,0.6,0.8,1.3,0.2,0.2,0.3,1.0,1.5,0.6
25283.8 RX A-TO-B: A exiting slot now. GOAL NO STUCK NO. beep11
25284.3 RX A-TO-B: A exiting slot now. GOAL NO STUCK NO. beep11
25284.8 RX A-TO-B: A exiting slot now. GOAL NO STUCK NO. beep12
25285.3 RX A-TO-B: A exiting slot now. GOAL NO STUCK NO. beep12
25285.8 RX A-TO-B: A exiting slot now. GOAL NO STUCK NO. beep12
25286.3 RX A-TO-B: A exiting slot now. GOAL NO STUCK NO. beep12
25286.8 RX A-TO-B: A exiting slot now. GOAL NO STUCK NO. beep12
25287.3 RX A-TO-B: A exiting slot now. GOAL NO STUCK NO. beep12
25287.8 RX A-TO-B: A exiting slot now. GOAL NO STUCK NO. beep12
25288.3 RX A-TO-B: A exiting slot now. GOAL NO STUCK NO. beep12
25288.4 MEET i=340 d11=0.886 d0=0 d5=0 txstate=? lidar=0.4,0.3,0.3,0.3,0.5,0.6,0.5,0.6,0.8,1.3,0.2,0.2,0.3,1.0,1.4,0.6
25288.9 RX A-TO-B: A exiting slot now. GOAL NO STUCK NO. beep12
25289.4 RX A-TO-B: A exiting slot now. GOAL NO STUCK NO. beep12
25289.9 RX A-TO-B: A exiting slot now. GOAL NO STUCK NO. beep12
25290.4 RX A-TO-B: A exiting slot now. GOAL NO STUCK NO. beep12
25290.9 RX A-TO-B: A exiting slot now. GOAL NO STUCK NO. beep12
25291.4 RX A-TO-B: A exiting slot now. GOAL NO STUCK NO. beep12
25291.9 RX A-TO-B: A exiting slot now. GOAL NO STUCK NO. beep12
25292.4 RX A-TO-B: A exiting slot now. GOAL NO STUCK NO. beep12
25292.9 RX A-TO-B: A exiting slot now. GOAL NO STUCK NO. beep12
25293.4 RX A-TO-B: A exiting slot now. GOAL NO STUCK NO. beep12
25293.4 MEET i=350 d11=0.878 d0=0 d5=0 txstate=? lidar=0.4,0.3,0.3,0.3,0.5,0.6,0.5,0.6,0.8,1.3,0.2,0.2,0.3,1.0,1.4,0.7
25293.9 RX A-TO-B: A exiting slot now. GOAL NO STUCK NO. beep12
25294.4 RX A-TO-B: A exiting slot now. GOAL NO STUCK NO. beep12
25294.9 RX A-TO-B: A exiting slot now. GOAL NO STUCK NO. beep12
25295.4 RX A-TO-B: A exiting slot now. GOAL NO STUCK NO. beep12
25295.9 RX A-TO-B: A exiting slot now. GOAL NO STUCK NO. beep12
25296.4 RX A-TO-B: A exiting slot now. GOAL NO STUCK NO. beep12
25296.9 RX A-TO-B: A exiting slot now. GOAL NO STUCK NO. beep13
25297.4 RX A-TO-B: A exiting slot now. GOAL NO STUCK NO. beep13
25297.9 RX A-TO-B: A exiting slot now. GOAL NO STUCK NO. beep13
25298.4 RX A-TO-B: A exiting slot now. GOAL NO STUCK NO. beep13
25298.4 MEET i=360 d11=0.884 d0=0 d5=0 txstate=? lidar=0.4,0.3,0.3,0.3,0.5,0.6,0.5,0.6,0.8,1.3,0.2,0.2,0.3,1.0,1.4,0.6
25298.9 RX A-TO-B: A exiting slot now. GOAL NO STUCK NO. beep13
25299.4 RX A-TO-B: A exiting slot now. GOAL NO STUCK NO. beep13
25299.9 RX A-TO-B: A exiting slot now. GOAL NO STUCK NO. beep13
25300.4 RX A-TO-B: A exiting slot now. GOAL NO STUCK NO. beep13
25300.9 RX A-TO-B: A exiting slot now. GOAL NO STUCK NO. beep13
25301.4 RX A-TO-B: A exiting slot now. GOAL NO STUCK NO. beep13
25301.9 RX A-TO-B: A exiting slot now. GOAL NO STUCK NO. beep13
25302.4 RX A-TO-B: A exiting slot now. GOAL NO STUCK NO. beep13
25302.9 RX A-TO-B: A exiting slot now. GOAL NO STUCK NO. beep13
25303.4 RX A-TO-B: A exiting slot now. GOAL NO STUCK NO. beep13
25303.4 MEET i=370 d11=0.881 d0=0 d5=0 txstate=? lidar=0.4,0.3,0.3,0.3,0.5,0.6,0.5,0.6,0.8,1.3,0.2,0.2,0.3,1.0,1.4,0.6
25303.9 RX A-TO-B: A exiting slot now. GOAL NO STUCK NO. beep13
25304.4 RX A-TO-B: A exiting slot now. GOAL NO STUCK NO. beep13
25304.9 RX A-TO-B: A exiting slot now. GOAL NO STUCK NO. beep13
25305.4 RX A-TO-B: A exiting slot now. GOAL NO STUCK NO. beep13
25305.9 RX A-TO-B: A exiting slot now. GOAL NO STUCK NO. beep13
25306.4 RX A-TO-B: A exiting slot now. GOAL NO STUCK NO. beep13
25306.9 RX A-TO-B: A exiting slot now. GOAL NO STUCK NO. beep13
25307.4 RX A-TO-B: A exiting slot now. GOAL NO STUCK NO. beep13
25307.9 RX A-TO-B: A exiting slot now. GOAL NO STUCK NO. beep13
25308.4 RX A-TO-B: A exiting slot now. GOAL NO STUCK NO. beep13
25308.4 MEET i=380 d11=0.885 d0=0 d5=0 txstate=? lidar=0.4,0.3,0.3,0.3,0.5,0.6,0.5,0.6,0.8,1.3,0.2,0.2,0.3,1.0,1.5,0.7
25308.9 RX A-TO-B: A exiting slot now. GOAL NO STUCK NO. beep13
25309.4 RX A-TO-B: A exiting slot now. GOAL NO STUCK NO. beep13
25309.9 RX A-TO-B: A exiting slot now. GOAL NO STUCK NO. beep13
25310.4 RX A-TO-B: A exiting slot now. GOAL NO STUCK NO. beep13
25310.9 RX A-TO-B: A exiting slot now. GOAL NO STUCK NO. beep13
25311.4 RX A-TO-B: A exiting slot now. GOAL NO STUCK NO. beep13
25311.9 RX A-TO-B: A exiting slot now. GOAL NO STUCK NO. beep13
25312.4 RX A-TO-B: A exiting slot now. GOAL NO STUCK NO. beep13
25312.9 RX A-TO-B: A exiting slot now. GOAL NO STUCK NO. beep13
25313.4 RX A-TO-B: A exiting slot now. GOAL NO STUCK NO. beep13
25313.4 MEET i=390 d11=0.902 d0=0 d5=0 txstate=? lidar=0.4,0.3,0.3,0.3,0.4,0.6,0.5,0.6,0.8,-1.0,0.2,0.2,0.3,1.0,1.4,0.7
25313.9 RX A-TO-B: A exiting slot now. GOAL NO STUCK NO. beep13
25314.4 RX A-TO-B: A exiting slot now. GOAL NO STUCK NO. beep13
25314.9 RX A-TO-B: A exiting slot now. GOAL NO STUCK NO. beep13
25315.4 RX A-TO-B: A exiting slot now. GOAL NO STUCK NO. beep13
25315.9 RX A-TO-B: A exiting slot now. GOAL NO STUCK NO. beep13
25316.4 RX A-TO-B: A exiting slot now. GOAL NO STUCK NO. beep13
25316.9 RX A-TO-B: A exiting slot now. GOAL NO STUCK NO. beep13
25317.4 RX A-TO-B: A exiting slot now. GOAL NO STUCK NO. beep13
25317.9 RX A-TO-B: A exiting slot now. GOAL NO STUCK NO. beep13
25318.4 RX A-TO-B: A exiting slot now. GOAL NO STUCK NO. beep13
25318.4 MEET i=400 d11=0.867 d0=0 d5=0 txstate=? lidar=0.4,0.3,0.3,0.3,0.4,0.6,0.5,0.6,0.8,1.3,0.2,0.2,0.2,1.0,1.4,0.6
25318.9 RX A-TO-B: A exiting slot now. GOAL NO STUCK NO. beep13
25319.4 RX A-TO-B: A exiting slot now. GOAL NO STUCK NO. beep13
25319.9 RX A-TO-B: A exiting slot now. GOAL NO STUCK NO. beep13
25320.4 RX A-TO-B: A exiting slot now. GOAL NO STUCK NO. beep13
25320.9 RX A-TO-B: A exiting slot now. GOAL NO STUCK NO. beep15
25321.4 RX A-TO-B: A exiting slot now. GOAL NO STUCK NO. beep15
25321.9 RX A-TO-B: A exiting slot now. GOAL NO STUCK NO. beep15
25322.4 RX A-TO-B: A exiting slot now. GOAL NO STUCK NO. beep15
25322.9 RX A-TO-B: A exiting slot now. GOAL NO STUCK NO. beep15
25323.4 RX A-TO-B: A exiting slot now. GOAL NO STUCK NO. beep15
25323.4 MEET i=410 d11=0.879 d0=0 d5=0 txstate=? lidar=0.4,0.3,0.3,0.3,0.4,0.6,0.5,0.6,0.8,1.3,0.2,0.2,0.3,1.0,1.4,0.6
25323.9 RX A-TO-B: A exiting slot now. GOAL NO STUCK NO. beep15
25324.4 RX A-TO-B: A exiting slot now. GOAL NO STUCK NO. beep15
25324.9 RX A-TO-B: A exiting slot now. GOAL NO STUCK NO. beep15
25325.4 RX A-TO-B: A exiting slot now. GOAL NO STUCK NO. beep15
25325.9 RX A-TO-B: A exiting slot now. GOAL NO STUCK NO. beep15
25326.4 RX A-TO-B: A exiting slot now. GOAL NO STUCK NO. beep15
25326.9 RX A-TO-B: A exiting slot now. GOAL NO STUCK NO. beep15
25327.4 RX A-TO-B: A exiting slot now. GOAL NO STUCK NO. beep15
25327.9 RX A-TO-B: A exiting slot now. GOAL NO STUCK NO. beep15
25328.4 RX A-TO-B: A exiting slot now. GOAL NO STUCK NO. beep15
25328.4 MEET i=420 d11=0.869 d0=0 d5=0 txstate=? lidar=0.4,0.3,0.3,0.3,0.5,0.6,0.5,0.6,0.8,1.3,0.2,0.2,0.3,1.0,1.4,0.6
25328.9 RX A-TO-B: A exiting slot now. GOAL NO STUCK NO. beep15
25329.4 RX A-TO-B: A exiting slot now. GOAL NO STUCK NO. beep15
25329.9 RX A-TO-B: A exiting slot now. GOAL NO STUCK NO. beep15
25330.4 RX A-TO-B: A exiting slot now. GOAL NO STUCK NO. beep15
25330.9 RX A-TO-B: A exiting slot now. GOAL NO STUCK NO. beep15
25331.4 RX A-TO-B: A exiting slot now. GOAL NO STUCK NO. beep15
25331.9 RX A-TO-B: A exiting slot now. GOAL NO STUCK NO. beep15
25332.4 RX A-TO-B: A exiting slot now. GOAL NO STUCK NO. beep15
25332.9 RX A-TO-B: A exiting slot now. GOAL NO STUCK NO. beep15
25333.4 RX A-TO-B: A exiting slot now. GOAL NO STUCK NO. beep15
25333.4 MEET i=430 d11=0.866 d0=0 d5=0 txstate=? lidar=0.4,0.3,0.3,0.3,0.5,0.5,0.5,0.6,0.8,1.3,0.2,0.2,0.3,1.0,1.4,0.6
25333.9 RX A-TO-B: A exiting slot now. GOAL NO STUCK NO. beep15
25334.4 RX A-TO-B: A exiting slot now. GOAL NO STUCK NO. beep15
25334.9 RX A-TO-B: A exiting slot now. GOAL NO STUCK NO. beep15
25335.4 RX A-TO-B: A exiting slot now. GOAL NO STUCK NO. beep15
25335.9 RX A-TO-B: A exiting slot now. GOAL NO STUCK NO. beep15
25336.4 RX A-TO-B: A exiting slot now. GOAL NO STUCK NO. beep15
25336.9 RX A-TO-B: A exiting slot now. GOAL NO STUCK NO. beep15
25337.4 RX A-TO-B: A exiting slot now. GOAL NO STUCK NO. beep15
25337.9 RX A-TO-B: A exiting slot now. GOAL NO STUCK NO. beep15
25338.4 RX A-TO-B: A exiting slot now. GOAL NO STUCK NO. beep15
25338.4 MEET i=440 d11=0.875 d0=0 d5=0 txstate=? lidar=0.4,0.3,0.3,0.3,0.5,0.6,0.5,0.6,0.8,1.3,0.2,0.2,0.3,1.0,1.4,0.7
25338.9 RX A-TO-B: A exiting slot now. GOAL NO STUCK NO. beep15
25339.4 RX A-TO-B: A exiting slot now. GOAL NO STUCK NO. beep15
25339.9 RX A-TO-B: A exiting slot now. GOAL NO STUCK NO. beep15
25340.4 RX A-TO-B: A exiting slot now. GOAL NO STUCK NO. beep15
25340.9 RX A-TO-B: A exiting slot now. GOAL NO STUCK NO. beep15
25341.4 RX A-TO-B: A exiting slot now. GOAL NO STUCK NO. beep15
25341.9 RX A-TO-B: A exiting slot now. GOAL NO STUCK NO. beep15
25342.4 RX A-TO-B: A exiting slot now. GOAL NO STUCK NO. beep15
25342.9 RX A-TO-B: A exiting slot now. GOAL NO STUCK NO. beep15
25343.4 RX A-TO-B: A exiting slot now. GOAL NO STUCK NO. beep15
25343.4 MEET i=450 d11=0.872 d0=0 d5=0 txstate=? lidar=0.4,0.3,0.3,0.3,0.4,0.6,0.5,0.6,-1.0,1.3,0.2,0.2,0.3,1.0,1.4,0.7
25343.9 RX A-TO-B: A exiting slot now. GOAL NO STUCK NO. beep15
25344.4 RX A-TO-B: A exiting slot now. GOAL NO STUCK NO. beep15
25344.9 RX A-TO-B: A exiting slot now. GOAL NO STUCK NO. beep17
25345.4 RX A-TO-B: A exiting slot now. GOAL NO STUCK NO. beep17
25345.9 RX A-TO-B: A exiting slot now. GOAL NO STUCK NO. beep17
25346.4 RX A-TO-B: A exiting slot now. GOAL NO STUCK NO. beep17
25346.9 RX A-TO-B: A exiting slot now. GOAL NO STUCK NO. beep17
25347.4 RX A-TO-B: A exiting slot now. GOAL NO STUCK NO. beep17
25347.9 RX A-TO-B: A exiting slot now. GOAL NO STUCK NO. beep17
25348.4 RX A-TO-B: A exiting slot now. GOAL NO STUCK NO. beep17
25348.4 MEET i=460 d11=0.872 d0=0 d5=0 txstate=? lidar=0.4,0.3,0.3,0.3,0.4,0.6,0.5,0.6,-1.0,1.3,0.2,0.2,0.3,1.0,1.4,0.6
25348.9 RX A-TO-B: A exiting slot now. GOAL NO STUCK NO. beep17
25349.4 RX A-TO-B: A exiting slot now. GOAL NO STUCK NO. beep17
25349.9 RX A-TO-B: A exiting slot now. GOAL NO STUCK NO. beep17
25350.4 RX A-TO-B: A exiting slot now. GOAL NO STUCK NO. beep17
25350.9 RX A-TO-B: A exiting slot now. GOAL NO STUCK NO. beep17
25351.4 RX A-TO-B: A exiting slot now. GOAL NO STUCK NO. beep17
25351.9 RX A-TO-B: A exiting slot now. GOAL NO STUCK NO. beep17
25352.4 RX A-TO-B: A exiting slot now. GOAL NO STUCK NO. beep17
25352.9 RX A-TO-B: A exiting slot now. GOAL NO STUCK NO. beep17
25353.4 RX A-TO-B: A exiting slot now. GOAL NO STUCK NO. beep17
25353.4 MEET i=470 d11=0.861 d0=0 d5=0 txstate=? lidar=0.4,0.3,0.3,0.3,0.4,0.6,0.5,0.6,0.8,-1.0,0.2,0.2,0.3,1.0,1.4,0.6
25353.9 RX A-TO-B: A exiting slot now. GOAL NO STUCK NO. beep17
25354.4 RX A-TO-B: A exiting slot now. GOAL NO STUCK NO. beep17
25354.9 RX A-TO-B: A exiting slot now. GOAL NO STUCK NO. beep17
25355.4 RX A-TO-B: A exiting slot now. GOAL NO STUCK NO. beep17
25355.9 RX A-TO-B: A exiting slot now. GOAL NO STUCK NO. beep17
25356.4 RX A-TO-B: A exiting slot now. GOAL NO STUCK NO. beep17
25356.9 RX A-TO-B: A exiting slot now. GOAL NO STUCK NO. beep18
25357.4 RX A-TO-B: A exiting slot now. GOAL NO STUCK NO. beep18
25357.9 RX A-TO-B: A exiting slot now. GOAL NO STUCK NO. beep18
25358.4 RX A-TO-B: A exiting slot now. GOAL NO STUCK NO. beep18
25358.4 MEET i=480 d11=0.850 d0=0 d5=0 txstate=? lidar=0.4,-1.0,0.3,0.3,0.4,0.6,0.5,0.6,-1.0,1.3,0.2,0.2,0.3,1.0,1.4,0.6
25358.9 RX A-TO-B: A exiting slot now. GOAL NO STUCK NO. beep18
25359.4 RX A-TO-B: A exiting slot now. GOAL NO STUCK NO. beep18
25359.9 RX A-TO-B: A exiting slot now. GOAL NO STUCK NO. beep18
25360.4 RX A-TO-B: A exiting slot now. GOAL NO STUCK NO. beep18
25360.9 RX A-TO-B: A exiting slot now. GOAL NO STUCK NO. beep18
25361.4 RX A-TO-B: A exiting slot now. GOAL NO STUCK NO. beep18
25361.9 RX A-TO-B: A exiting slot now. GOAL NO STUCK NO. beep18
25362.4 RX A-TO-B: A exiting slot now. GOAL NO STUCK NO. beep18
25362.9 RX A-TO-B: A exiting slot now. GOAL NO STUCK NO. beep18
25363.4 RX A-TO-B: A exiting slot now. GOAL NO STUCK NO. beep18
25363.4 MEET i=490 d11=0.879 d0=0 d5=0 txstate=? lidar=0.4,0.3,0.3,0.3,0.5,0.6,0.5,0.6,0.8,1.3,0.2,0.2,0.3,1.0,1.4,0.6
25363.9 RX A-TO-B: A exiting slot now. GOAL NO STUCK NO. beep18
25364.4 RX A-TO-B: A exiting slot now. GOAL NO STUCK NO. beep18
25364.9 RX A-TO-B: A exiting slot now. GOAL NO STUCK NO. beep18
25365.4 RX A-TO-B: A exiting slot now. GOAL NO STUCK NO. beep18
25365.9 RX A-TO-B: A exiting slot now. GOAL NO STUCK NO. beep18
25366.4 RX A-TO-B: A exiting slot now. GOAL NO STUCK NO. beep18
25366.9 RX A-TO-B: A exiting slot now. GOAL NO STUCK NO. beep18
25367.4 RX A-TO-B: A exiting slot now. GOAL NO STUCK NO. beep18
25367.9 RX A-TO-B: A exiting slot now. GOAL NO STUCK NO. beep18
25368.4 RX A-TO-B: A exiting slot now. GOAL NO STUCK NO. beep18
25368.4 MEET i=500 d11=0.865 d0=0 d5=0 txstate=? lidar=0.4,0.3,0.3,0.3,0.4,0.6,0.5,0.6,0.8,1.3,0.2,0.2,0.2,1.0,1.4,0.7
25368.9 RX A-TO-B: A exiting slot now. GOAL NO STUCK NO. beep19
25369.4 RX A-TO-B: A exiting slot now. GOAL NO STUCK NO. beep19
25369.9 RX A-TO-B: A exiting slot now. GOAL NO STUCK NO. beep19
25370.4 RX A-TO-B: A exiting slot now. GOAL NO STUCK NO. beep19
25370.9 RX A-TO-B: A exiting slot now. GOAL NO STUCK NO. beep19
25371.4 RX A-TO-B: A exiting slot now. GOAL NO STUCK NO. beep19
25371.9 RX A-TO-B: A exiting slot now. GOAL NO STUCK NO. beep19
25423.6 LISTEN20 n=662 unique=7 last=A-TO-B: A exiting slot now. GOAL NO STUCK NO. beep23
25432.6 SENT 30 questions
25457.6 LISTEN25 n=831 unique=5
25457.6 U A-TO-B: A exiting slot now. GOAL NO STUCK NO. beep24
25457.6 U A-TO-B: A exiting slot now. GOAL NO STUCK NO. beep25
25457.6 U NOTSEE
25457.6 U STATUS
25457.6 U B WHERE ARE YOU
25500.9 SENT plan 60
25530.9 LISTEN30 n=996 uniq=6
25530.9 U A-TO-B: A exiting slot now. GOAL NO STUCK NO. beep30
25530.9 U MOVING
25530.9 U OBJECT
25530.9 U WAIT
25530.9 U MOVING OBJECT
25530.9 U A-TO-B: A exiting slot now. GOAL NO STUCK NO. beep32
25568.4 C0 listen n=399 uniq=3 last=A-TO-B: A exiting slot now. GOAL NO STUCK NO. beep35
25578.4 C0 sent 40
25590.5 C1 listen n=399 uniq=2 last=A-TO-B: A exiting slot now. GOAL NO STUCK NO. beep37
25600.5 C1 sent 40
25612.5 C2 listen n=399 uniq=2 last=A-TO-B: A exiting slot now. GOAL NO STUCK NO. beep39
