-0.03 0.00 1.02,0.67,0.41,0.32,0.33,0.34,0.46,0.56,0.54,0.56,0.76,1.39,0.39,0.26,0.27,0.46
-0.08 -0.00 0.91,0.60,0.39,0.31,0.33,0.34,0.46,0.57,0.61,0.63,0.83,1.64,0.20,0.24,0.22,2.08
-0.14 -0.01 0.82,0.55,0.38,0.28,0.32,0.34,0.52,0.61,0.66,0.69,0.95,0.21,0.22,0.21,0.35,2.00
-0.20 -0.01 0.80,0.53,0.38,0.26,0.32,0.35,0.51,0.66,0.69,0.76,1.06,0.24,0.24,0.18,0.33,1.95
-0.25 -0.02 0.77,0.53,0.37,0.28,0.28,0.36,0.47,0.73,0.75,0.81,1.12,0.26,0.19,0.17,0.31,1.92
-0.30 -0.02 0.71,0.67,0.34,0.29,0.26,0.36,0.47,0.73,0.79,0.87,0.31,-1.00,0.16,0.27,0.31,1.89
-0.36 -0.03 0.73,-0.15,0.38,0.30,0.24,0.32,0.43,0.70,0.80,0.85,0.31,0.28,0.15,0.28,0.26,1.90
-0.41 -0.03 0.72,0.73,0.36,0.29,0.27,0.26,0.42,0.71,0.83,0.86,0.32,0.19,0.21,0.27,0.26,1.76
-0.47 -0.02 0.69,0.68,0.35,0.27,0.28,0.29,0.43,0.73,0.86,0.92,0.36,0.18,0.24,0.22,0.99,1.71
-0.52 -0.02 0.63,0.63,0.34,0.31,0.28,0.29,0.43,0.74,0.90,0.98,0.37,0.22,0.24,0.20,1.01,1.67
-0.58 -0.02 0.58,0.60,0.46,0.30,0.28,0.30,0.34,0.73,0.92,1.01,0.23,0.25,0.21,0.20,0.97,1.62
-0.63 -0.02 0.54,0.51,0.48,0.27,0.29,0.31,0.34,0.64,0.97,0.02,0.26,0.28,-0.40,0.69,0.94,0.29
-0.67 -0.01 0.48,0.49,0.53,0.42,0.28,0.26,0.35,0.38,0.89,1.07,0.51,0.27,0.20,0.28,0.82,1.04
-0.71 0.01 1.26,0.45,0.40,0.53,0.38,0.29,0.29,0.37,0.63,1.05,1.07,0.31,0.22,0.20,0.65,0.85
-0.75 0.04 0.96,1.02,0.47,0.40,0.47,0.31,0.32,0.34,0.43,0.94,1.11,0.32,0.27,0.16,0.63,0.79
-0.78 0.07 0.92,1.53,0.41,0.37,0.49,0.38,0.32,0.37,0.46,0.99,1.15,0.31,0.18,0.21,0.62,0.75
-0.82 0.11 1.01,0.39,0.37,0.35,0.50,0.41,0.35,0.41,0.56,1.13,1.14,0.19,0.16,0.24,0.57,0.72
-0.86 0.14 1.02,0.34,0.35,0.34,0.49,0.42,0.38,0.46,0.73,1.18,0.37,0.17,0.19,0.49,0.58,0.71
-0.90 0.17 1.03,0.32,0.31,0.36,0.52,0.46,0.39,0.50,0.82,1.18,0.21,0.21,0.24,0.56,0.60,0.70
-0.94 0.20 1.09,0.28,0.25,0.32,0.50,-0.27,0.42,0.57,0.90,1.23,0.21,0.21,0.45,0.52,0.62,-0.13
-0.99 0.22 1.18,0.78,0.22,0.32,0.51,0.50,0.44,0.60,1.03,1.30,0.25,0.24,0.47,0.50,0.60,0.73
-1.03 0.25 1.21,0.97,0.21,0.33,0.49,0.51,0.47,0.66,1.18,0.29,0.27,0.39,0.55,0.52,0.58,0.68
-1.07 0.27 1.17,0.91,0.14,0.28,0.33,0.52,0.48,0.70,1.23,0.31,0.30,0.47,0.52,0.52,0.55,0.67
-1.13 0.29 1.22,0.62,0.12,0.17,0.31,0.56,0.54,0.75,1.45,0.36,0.35,0.51,0.46,0.53,0.54,0.77
-1.18 0.30 1.16,1.65,0.10,0.13,0.32,0.57,0.63,1.01,1.42,0.34,0.52,0.53,0.50,0.50,0.60,0.89
-1.23 0.30 1.14,1.56,0.12,0.15,0.52,0.56,0.73,1.32,0.40,0.35,0.52,0.48,0.52,0.49,0.57,1.10
-1.28 0.30 1.58,0.09,0.10,0.29,0.58,0.55,0.82,1.43,0.38,-1.00,0.54,0.49,0.50,0.61,0.77,1.15
-1.31 0.29 1.58,0.10,0.15,0.54,0.55,0.73,1.31,0.40,0.35,0.51,0.46,0.52,0.50,0.59,1.09,1.15
-1.34 0.28 1.63,0.09,0.14,0.43,0.54,0.69,1.29,0.39,0.37,0.53,0.47,0.52,0.49,0.58,1.07,1.17
-1.37 0.27 1.58,0.10,0.13,0.54,0.54,0.70,1.32,0.39,0.37,0.51,0.47,0.52,0.49,0.58,1.08,1.15
-1.39 0.26 1.54,0.09,0.16,0.52,0.55,0.74,1.34,0.42,0.36,0.50,0.46,0.53,0.51,0.60,1.10,1.12
-1.43 0.25 1.55,0.10,0.15,0.53,0.53,0.74,1.34,0.40,0.38,0.54,0.46,0.51,0.50,0.60,1.10,1.13
-1.46 0.24 1.61,0.10,0.13,0.43,0.56,0.71,1.31,0.40,0.36,0.51,0.47,0.52,0.50,0.59,1.07,1.16
-1.49 0.23 1.56,0.11,0.15,0.54,0.55,0.72,1.34,0.40,0.38,0.52,0.47,0.52,0.50,0.58,1.09,1.14
-1.52 0.22 1.67,0.09,0.14,0.32,0.56,0.68,1.26,0.42,0.36,0.51,0.46,0.52,0.50,0.58,1.06,1.16
-1.55 0.21 1.63,0.10,0.12,0.34,0.56,0.67,1.28,0.39,0.35,0.51,0.46,0.51,0.52,0.57,1.08,1.17
-1.58 0.20 1.68,0.10,0.13,0.31,0.53,0.67,1.26,0.39,0.36,0.53,0.45,0.51,0.48,0.58,1.04,1.16
-1.61 0.19 1.68,0.10,0.14,0.33,0.56,0.68,1.25,0.40,0.37,0.52,0.48,0.51,0.50,0.58,1.07,1.15
-1.64 0.17 1.56,0.10,0.14,0.53,0.56,0.72,1.31,0.41,0.37,0.52,0.47,0.52,0.48,0.58,1.08,1.15
-1.67 0.16 1.63,0.11,0.13,0.32,0.55,0.71,1.30,0.40,0.36,0.51,0.48,0.53,0.49,0.59,1.06,1.16
-1.70 0.15 1.59,0.10,0.13,0.54,0.56,0.70,1.32,0.41,0.37,0.51,0.46,0.52,0.48,0.58,1.08,1.15
-1.73 0.14 1.65,0.10,0.15,0.32,0.56,0.67,1.28,0.40,0.37,0.51,0.48,0.52,0.50,0.59,1.06,1.15
-1.76 0.13 1.63,0.11,0.13,0.35,0.56,0.69,-1.00,0.40,0.36,0.52,0.48,0.51,0.49,0.59,1.07,1.16
-1.79 0.12 1.68,0.11,0.14,0.33,0.56,0.69,1.26,0.38,0.38,0.52,0.45,0.56,0.51,0.58,1.06,1.15
-1.82 0.11 1.57,0.10,0.15,0.53,0.55,0.71,1.31,0.40,0.36,0.53,0.47,0.52,0.52,0.58,1.07,1.15
-1.85 0.10 1.64,0.10,0.13,0.33,0.56,0.69,1.29,0.40,0.37,0.53,0.48,0.53,0.49,0.58,1.07,1.15
-1.88 0.09 1.61,0.09,0.14,0.45,0.56,0.70,0.15,0.40,0.37,0.52,0.47,0.52,0.50,0.58,1.07,1.15
-1.91 0.08 1.64,0.09,0.12,0.33,0.56,0.68,1.28,0.40,0.37,0.52,0.47,0.50,0.47,0.58,1.07,1.15
-1.94 0.07 1.68,0.09,0.13,0.32,0.55,0.68,1.29,0.41,0.35,0.51,0.47,0.51,0.49,0.60,1.07,1.16
-1.97 0.06 1.59,0.10,0.13,0.43,0.56,0.70,1.31,0.40,0.36,0.51,0.47,0.50,0.49,0.59,1.07,1.14
-2.00 0.04 1.57,0.09,0.14,0.53,0.55,0.71,1.33,0.39,0.36,0.52,0.47,0.53,0.50,0.57,1.08,1.14
-2.02 0.03 1.68,0.10,0.14,0.33,0.56,0.67,1.25,0.38,0.37,0.51,0.48,0.52,0.49,0.57,1.05,1.16
-2.06 0.02 1.58,0.09,0.15,0.53,0.56,0.73,1.32,0.41,0.39,0.50,0.49,0.50,0.51,0.57,1.10,1.14
-2.09 0.01 1.64,0.10,0.14,0.33,0.55,0.69,1.29,0.41,0.37,0.53,0.48,0.53,0.50,0.57,1.07,1.15
-2.12 0.00 1.56,-0.45,0.16,0.54,0.55,0.74,1.33,0.41,0.37,0.52,0.47,0.51,0.50,0.59,1.09,1.14
-2.15 -0.01 1.58,0.10,0.12,0.52,0.55,0.70,1.33,0.39,0.37,0.53,0.48,0.51,0.50,0.57,1.09,1.14
-2.18 -0.02 1.68,0.09,0.14,0.34,0.56,0.68,1.25,0.41,0.37,0.52,0.47,0.50,0.50,0.58,1.05,1.15
-2.21 -0.03 1.53,0.09,0.15,0.54,0.56,0.73,1.34,0.40,0.36,0.51,0.47,0.52,0.50,0.61,1.11,1.13
-2.24 -0.04 1.65,0.09,0.14,0.34,0.55,0.69,1.30,0.39,0.37,0.50,0.48,0.53,0.49,0.58,1.08,1.14
-2.27 -0.05 1.56,0.10,0.13,0.53,0.55,0.70,1.33,0.40,0.36,0.53,0.47,0.49,0.51,0.59,1.08,1.13
-2.30 -0.06 1.65,0.10,0.15,0.34,0.56,0.69,1.26,0.39,0.35,0.52,0.45,0.51,0.50,0.58,1.08,1.17
-2.33 -0.08 1.52,0.09,0.14,0.53,0.55,0.74,1.35,0.38,0.38,0.53,0.48,0.50,0.51,0.60,1.11,1.13
-2.36 -0.09 1.56,0.10,0.15,0.54,0.54,0.72,1.32,0.40,0.36,0.52,0.47,-0.24,0.50,0.60,0.05,1.14
-2.38 -0.10 1.58,0.10,0.14,0.53,0.56,0.71,1.31,0.41,0.38,0.52,0.48,0.51,0.50,0.57,1.08,1.15
-2.41 -0.11 1.63,0.11,0.12,0.34,0.56,0.68,1.30,0.40,0.37,0.52,0.47,0.51,0.50,0.59,1.08,1.16
-2.44 -0.12 1.59,0.07,0.15,0.55,0.56,0.71,1.31,0.41,0.36,0.52,0.48,0.53,0.48,0.57,1.07,1.16
-2.47 -0.13 1.64,0.10,0.13,0.33,0.54,0.69,1.30,0.40,0.36,0.51,0.46,0.52,0.48,0.59,1.07,1.15
-2.50 -0.14 1.58,0.10,0.14,0.54,0.57,0.71,1.31,0.39,0.36,0.51,0.46,0.52,0.49,0.58,1.09,1.12
-2.53 -0.15 1.55,0.08,0.15,0.52,0.55,0.75,1.33,0.41,0.37,0.52,0.48,0.53,0.52,0.60,1.08,1.13
-2.56 -0.16 1.61,0.10,0.13,0.35,0.56,0.69,1.32,0.41,0.35,0.51,0.47,0.52,0.49,0.59,1.07,1.16
-0.01 0.03 0.44,0.51,0.82,1.32,1.85,0.30,0.46,0.67,0.64,0.76,0.26,0.17,0.20,0.31,0.40,0.34
-0.02 0.07 0.33,0.43,0.51,0.89,1.35,1.74,0.35,0.69,0.66,0.68,0.99,0.23,0.17,0.28,0.31,0.31
-0.02 0.11 0.28,0.33,0.39,0.59,1.18,1.33,1.33,0.49,0.72,0.64,0.80,0.27,0.18,0.21,0.29,0.30
0.00 0.15 0.25,0.25,0.27,0.25,0.36,0.45,0.82,1.35,1.81,0.35,0.74,0.69,0.78,0.29,0.16,0.18
0.03 0.17 0.24,0.30,0.22,0.26,0.39,0.62,1.36,1.00,1.18,0.56,0.77,0.74,0.30,0.15,0.17,0.22
0.07 0.19 0.21,0.22,0.23,0.24,0.36,0.47,1.21,1.40,1.38,0.56,0.78,0.72,0.31,0.12,0.15,0.20
0.10 0.19 0.14,0.18,0.17,0.26,0.21,0.27,0.43,0.70,1.44,1.72,0.59,0.78,0.71,0.27,0.09,0.11
0.14 0.20 0.15,0.17,0.20,0.22,0.20,0.41,0.68,1.41,1.94,0.46,0.79,0.70,0.79,0.09,0.10,0.10
0.18 0.20 0.11,0.16,0.16,-1.00,0.23,0.22,0.37,0.49,1.33,1.11,0.46,0.62,0.77,0.75,0.11,0.10
0.22 0.20 0.14,0.15,0.15,0.26,0.20,0.26,0.45,0.89,1.46,1.55,0.62,0.79,0.74,0.11,0.09,0.12
0.25 0.20 0.09,0.12,0.14,0.17,-0.37,-0.40,0.26,0.45,0.91,1.43,1.49,0.62,0.78,0.74,0.11,0.10
0.29 0.19 0.12,0.14,0.15,0.19,0.23,0.23,0.42,0.69,1.40,2.00,0.48,0.82,0.70,0.79,0.10,0.09
0.33 0.20 0.10,0.13,0.15,0.16,0.21,0.23,0.23,0.42,0.69,1.43,1.93,0.48,0.79,-1.00,0.28,0.09
0.36 0.19 0.12,0.14,0.16,0.18,0.22,0.22,0.37,0.52,1.44,1.08,0.46,0.63,0.73,0.77,0.09,0.10
0.41 0.19 0.13,0.16,0.16,0.24,0.21,0.28,0.46,0.96,1.45,1.42,-0.20,0.79,0.73,0.11,0.09,0.10
0.44 0.18 0.11,0.14,0.15,0.17,0.23,0.22,0.32,0.48,1.22,1.43,1.39,0.62,0.80,0.75,0.09,0.09
0.48 0.18 0.13,0.16,0.15,0.24,0.22,0.25,0.44,0.69,1.44,1.87,0.59,0.78,0.70,0.28,0.08,0.10
0.51 0.17 0.08,0.12,0.17,0.17,0.27,0.21,0.27,0.44,0.70,1.42,1.73,0.60,0.79,0.70,0.27,0.09
0.55 0.16 0.12,0.17,0.17,0.18,-1.00,0.23,0.39,0.65,1.40,1.93,0.45,0.78,0.72,0.76,0.13,0.10
0.58 0.17 0.15,0.19,0.23,0.21,0.37,0.51,1.43,1.07,0.45,0.63,0.74,0.77,0.11,0.09,0.12,0.16
0.62 0.19 0.14,0.13,0.16,0.21,0.22,0.41,0.69,1.42,2.03,0.50,0.82,0.71,0.11,0.09,0.09,-0.44
0.65 0.20 0.08,0.11,0.13,0.15,0.17,0.21,0.20,0.40,0.69,1.42,2.04,0.48,0.83,0.73,0.10,0.09
0.69 0.19 0.12,0.11,0.14,0.15,0.23,0.20,0.31,0.48,1.36,-1.00,0.47,0.66,0.74,0.15,0.10,0.08
0.73 0.19 0.12,0.13,0.12,0.21,0.20,0.23,0.44,0.72,1.47,1.60,0.61,0.81,0.77,0.08,0.10,0.11
0.77 0.18 0.10,0.14,0.15,0.15,0.22,0.20,0.24,0.45,0.93,1.45,1.46,0.64,0.80,0.75,0.09,0.10
0.80 0.17 0.12,0.15,0.13,0.18,0.19,0.20,0.41,0.68,1.42,2.01,0.52,0.82,0.72,0.11,0.10,0.10
0.84 0.16 0.11,0.11,0.15,0.16,0.18,0.21,0.21,0.42,0.67,1.45,1.94,0.58,0.81,0.74,0.10,0.09
0.88 0.15 0.12,0.13,0.15,0.16,0.23,0.20,0.37,0.51,1.45,1.09,0.46,0.70,0.73,0.79,0.08,0.10
0.91 0.15 0.10,0.10,0.14,0.15,0.18,0.21,0.21,0.37,0.53,1.42,0.95,0.46,0.80,0.71,0.77,0.09
0.95 0.14 0.10,0.14,0.15,0.17,0.24,0.23,0.29,-1.00,1.23,1.45,1.40,0.63,0.80,0.76,0.08,0.10
0.98 0.13 0.08,-0.45,0.13,0.16,0.16,0.23,0.21,0.33,0.49,1.28,1.13,1.39,0.61,0.79,0.75,0.09
1.02 0.12 0.10,0.13,0.15,0.15,0.24,0.21,0.25,0.44,0.72,1.45,1.73,0.62,0.80,0.72,0.13,0.09
1.06 0.11 0.11,0.14,0.14,0.18,0.23,0.23,0.40,0.66,1.42,1.96,0.45,0.80,0.73,0.79,0.12,0.09
1.09 0.12 0.13,0.13,0.17,0.20,0.21,0.40,0.68,1.43,2.00,0.51,0.81,0.72,0.11,0.08,0.10,0.13
1.13 0.13 0.12,0.12,0.14,0.21,0.19,0.24,0.45,1.25,1.31,1.42,0.66,0.80,0.45,0.10,0.10,0.10
1.16 0.13 0.10,0.13,0.12,0.13,0.18,0.20,0.20,0.43,0.69,1.47,1.90,0.64,0.82,0.75,0.10,0.08
1.20 0.12 -1.00,0.13,0.14,0.15,0.20,0.19,0.35,0.52,1.44,0.98,0.47,0.84,0.72,0.13,0.09,0.09
1.24 0.11 0.09,0.12,0.14,0.13,0.16,0.21,0.21,0.38,0.55,1.42,1.98,0.48,0.85,0.72,0.12,0.10
1.27 0.10 0.09,0.13,0.13,0.14,0.23,0.20,0.27,0.46,1.27,1.15,1.39,0.65,0.79,-0.12,0.09,0.09
1.31 0.10 0.10,0.10,0.15,0.13,0.15,0.21,0.20,0.29,0.49,1.29,1.13,0.48,0.66,0.76,0.76,0.08
1.35 0.08 0.09,0.13,0.14,0.14,0.24,0.20,-1.00,0.44,0.72,1.48,1.59,0.63,0.81,0.76,0.11,0.09
1.39 0.08 0.10,0.13,0.15,0.15,0.21,0.20,0.40,0.68,1.41,2.00,0.47,0.84,0.71,0.11,0.08,0.09
1.42 0.06 0.08,0.12,0.14,0.14,0.18,0.22,0.22,0.40,0.69,1.42,2.03,0.50,0.83,0.71,0.12,0.08
1.45 0.05 0.10,0.15,0.15,0.13,0.24,0.20,0.35,0.50,1.37,1.09,0.45,0.64,0.74,0.75,0.07,0.11
1.49 0.04 0.10,0.12,0.15,0.16,0.17,0.23,0.19,0.39,0.52,1.43,1.07,0.46,0.64,0.74,0.77,0.09
1.53 0.02 0.10,0.13,0.16,0.14,0.23,0.21,0.28,0.46,0.95,1.44,1.44,0.62,0.80,0.74,0.11,0.09
1.55 0.02 0.16,0.15,0.23,0.20,0.23,0.43,0.71,1.45,1.61,0.64,0.82,0.74,0.10,0.09,0.09,0.13
1.59 0.03 0.12,0.15,0.13,0.22,0.21,0.23,0.47,1.25,1.45,1.41,0.66,0.81,0.76,0.08,0.11,-1.00
1.63 0.04 0.11,0.11,0.13,0.14,0.15,0.21,0.19,0.38,0.55,1.42,2.01,0.50,0.86,0.73,0.10,0.09
1.67 0.03 0.11,0.12,0.12,0.13,0.21,0.19,0.25,0.47,1.28,1.17,1.41,0.64,0.79,0.14,0.08,0.09
1.71 0.03 0.12,0.12,0.13,0.18,0.21,0.23,0.43,0.69,1.47,1.65,0.64,0.81,0.77,0.10,0.08,0.08
1.74 0.02 0.09,0.12,0.13,0.13,0.23,0.20,0.23,0.43,0.71,1.47,1.59,0.65,0.82,0.76,0.09,0.09
1.78 0.01 0.12,0.15,0.12,0.15,0.20,0.20,0.40,0.67,1.43,2.05,0.53,0.84,0.72,0.12,0.10,0.10
-0.29 -0.47 0.49,0.65,1.18,0.93,0.19,0.34,0.37,0.58,0.59,0.77,1.41,0.28,0.25,0.42,0.42,0.48
-0.52 -0.64 0.71,0.60,0.27,0.87,1.59,0.52,0.62,0.51,0.44,0.38,-1.00,0.55,0.90,0.97,1.54,0.92
-0.12 -0.80 0.63,0.50,0.45,0.37,0.40,0.51,0.86,0.97,0.46,-0.04,0.73,0.63,0.29,0.85,1.57,-0.23
0.20 -0.50 0.64,0.95,0.39,0.32,0.45,0.52,0.41,0.48,0.49,0.69,1.23,0.83,1.16,0.17,0.36,0.62
