0.00 0.00 0.455 lost quiet
0.06 -0.00 0.443 lost selftx
0.13 0.00 0.439 lost quiet
0.19 0.00 0.429 lost quiet
0.25 0.00 0.420 lost quiet
0.32 -0.00 0.417 lost quiet
0.28 0.00 0.415 lost quiet
0.35 -0.01 0.408 lost quiet
0.27 0.03 0.416 busy selftx
0.33 0.02 0.413 busy quiet
0.26 0.04 0.421 busy quiet
0.32 0.04 0.418 busy quiet
0.28 0.04 0.412 busy quiet
0.34 0.03 0.411 busy selftx
0.27 0.06 0.416 busy quiet
0.33 0.05 0.412 busy quiet
0.26 0.08 0.418 busy selftx
0.32 0.08 0.410 busy quiet
0.33 0.08 0.405 busy quiet
0.28 0.10 0.418 busy quiet
0.30 0.09 0.418 busy quiet
0.34 0.09 0.403 lost selftx
0.29 0.09 0.420 lost quiet
0.29 0.09 0.409 lost quiet
0.32 0.10 0.407 lost quiet
0.27 0.11 0.419 busy selftx
0.27 0.11 0.415 busy quiet
0.34 0.11 0.412 busy quiet
0.27 0.13 0.423 busy quiet
0.28 0.13 0.417 busy quiet
0.13 0.11 0.434 busy selftx
0.09 0.12 0.437 busy quiet
0.15 0.13 0.435 busy quiet
-0.04 0.15 0.453 busy selftx
0.02 0.12 0.432 busy quiet
0.05 0.14 0.445 busy quiet
0.03 0.07 0.432 lost quiet
-0.01 0.02 0.426 busy selftx
-0.05 -0.02 0.425 busy quiet
-0.11 -0.03 0.436 busy quiet
-0.18 -0.04 0.437 busy quiet
-0.24 -0.03 0.453 busy quiet
-0.31 -0.03 0.459 busy quiet
-0.37 -0.03 0.460 lost quiet
-0.43 -0.03 0.478 busy selftx
-0.49 -0.03 0.474 busy quiet
-0.56 -0.03 0.483 busy quiet
-0.62 -0.02 0.495 busy quiet
-0.68 -0.02 0.504 busy quiet
-0.74 -0.02 0.502 busy quiet
-0.80 -0.02 0.512 lost quiet
-0.86 -0.01 0.519 lost selftx
-0.92 -0.01 0.526 lost quiet
-0.75 -0.05 0.493 lost quiet
-0.80 -0.04 0.513 lost selftx
-0.83 -0.05 0.508 lost quiet
-0.89 -0.07 0.516 lost quiet
-0.71 -0.05 0.506 busy selftx
-0.76 -0.06 0.506 busy quiet
-0.79 -0.07 0.510 busy quiet
-0.74 -0.07 0.504 busy quiet
-0.74 -0.07 0.505 lost quiet
-0.80 -0.09 0.504 busy selftx
-0.72 0.06 0.514 busy quiet
-0.68 0.10 0.528 lost selftx
-0.68 0.10 0.511 lost quiet
-0.68 0.06 0.498 lost quiet
-0.70 0.12 0.520 lost quiet
-0.70 0.12 0.507 lost quiet
-0.70 0.08 0.513 lost selftx
-0.71 0.13 0.520 lost quiet
-0.71 0.13 0.520 lost quiet
-0.71 0.08 0.507 lost quiet
-0.71 0.13 0.519 lost selftx
-0.71 0.13 0.519 lost quiet
-0.71 0.11 0.512 lost quiet
-0.71 0.04 0.502 lost quiet
-0.72 0.12 0.524 lost selftx
-0.72 0.12 0.514 lost quiet
-0.67 0.09 0.498 lost quiet
-0.61 0.07 0.500 lost quiet
-0.56 0.06 0.483 lost quiet
-0.49 0.06 0.472 lost quiet
-0.42 0.06 0.462 lost quiet
-0.36 0.06 0.458 lost selftx
-0.31 0.05 0.454 lost quiet
-0.24 0.05 0.435 lost quiet
-0.17 0.05 0.433 lost quiet
-0.11 0.05 0.417 lost quiet
-0.05 0.05 0.415 lost quiet
0.01 0.04 0.415 lost quiet
0.08 0.04 0.396 lost selftx
0.12 0.03 0.390 lost quiet
0.20 0.03 0.395 lost quiet
0.18 0.04 0.388 lost quiet
0.23 0.00 0.389 lost quiet
0.12 0.09 0.405 lost selftx
0.14 0.08 0.396 lost quiet
0.21 0.07 0.389 lost quiet
0.27 0.08 0.383 lost quiet
0.10 0.10 0.398 busy selftx
0.15 0.10 0.386 busy quiet
0.21 0.12 0.386 busy quiet
0.14 0.12 0.398 busy quiet
0.17 0.13 0.382 busy quiet
0.20 0.14 0.387 lost selftx
0.20 0.14 0.387 lost quiet
0.13 0.16 0.398 lost quiet
0.13 0.16 0.385 lost quiet
0.18 0.16 0.383 lost quiet
0.24 0.18 0.381 busy selftx
0.24 0.18 0.378 busy quiet
0.20 0.20 0.389 busy quiet
0.21 0.19 0.379 busy quiet
0.19 0.20 0.378 busy quiet
0.25 0.19 0.381 lost selftx
0.18 0.22 0.388 lost quiet
0.23 0.22 0.378 lost quiet
0.17 0.24 0.377 lost selftx
0.23 0.22 0.382 lost quiet
0.18 0.24 0.384 lost quiet
0.24 0.22 0.383 lost quiet
0.21 0.24 0.380 lost quiet
0.17 0.26 0.394 lost selftx
0.20 0.24 0.381 lost quiet
0.23 0.18 0.372 lost quiet
0.25 0.12 0.363 lost quiet
0.24 0.07 0.361 lost quiet
0.28 0.18 0.362 lost selftx
0.28 0.18 0.362 lost quiet
0.27 0.18 0.365 lost quiet
