0.00 0.00 0.456 lost 0.00
-0.03 -0.01 0.456 lost 0.03
-0.05 -0.01 0.464 lost 0.05
-0.08 -0.02 0.462 lost 0.08
-0.10 -0.03 0.463 lost 0.11
-0.13 -0.03 0.466 lost 0.13
-0.16 -0.04 0.459 lost 0.16
-0.18 -0.05 0.454 lost 0.19
-0.21 -0.05 0.462 lost 0.21
-0.23 -0.06 0.466 lost 0.24
-0.26 -0.07 0.460 lost 0.27
-0.28 -0.08 0.459 lost 0.29
-0.31 -0.08 0.459 lost 0.32
-0.34 -0.09 0.459 lost 0.35
-0.36 -0.10 0.465 lost 0.38
-0.39 -0.11 0.459 lost 0.40
-0.41 -0.11 0.455 lost 0.43
-0.44 -0.12 0.462 lost 0.46
-0.46 -0.13 0.464 lost 0.48
-0.46 -0.13 0.461 lost 0.48
-0.44 -0.12 0.461 lost 0.52
-0.46 -0.13 0.463 lost 0.55
-0.48 -0.15 0.458 lost 0.57
-0.50 -0.17 0.458 lost 0.60
-0.53 -0.18 0.459 lost 0.63
-0.55 -0.20 0.464 lost 0.65
-0.57 -0.22 0.460 lost 0.68
-0.59 -0.23 0.460 lost 0.71
-0.61 -0.25 0.465 lost 0.73
-0.63 -0.27 0.462 lost 0.76
-0.65 -0.29 0.454 lost 0.79
-0.67 -0.31 0.460 lost 0.81
-0.69 -0.33 0.457 lost 0.84
-0.70 -0.35 0.457 lost 0.87
-0.72 -0.37 0.458 lost 0.89
-0.74 -0.38 0.460 lost 0.92
-0.76 -0.40 0.461 lost 0.95
-0.78 -0.42 0.459 lost 0.97
-0.80 -0.44 0.457 lost 1.00
-0.82 -0.46 0.459 lost 1.03
-0.83 -0.48 0.459 lost 1.06
-0.85 -0.50 0.462 lost 1.08
-0.87 -0.52 0.456 lost 1.11
-0.88 -0.54 0.454 lost 1.13
-0.90 -0.56 0.462 lost 1.16
-0.92 -0.58 0.455 lost 1.19
-0.94 -0.60 0.459 lost 1.21
-0.95 -0.62 0.457 lost 1.24
-0.97 -0.64 0.460 lost 1.27
-0.99 -0.66 0.457 lost 1.29
-1.01 -0.68 0.457 lost 1.32
-1.02 -0.70 0.457 lost 1.35
-1.04 -0.73 0.462 lost 1.38
-1.05 -0.75 0.460 lost 1.40
-1.07 -0.77 0.459 lost 1.43
-1.09 -0.79 0.461 lost 1.46
-1.10 -0.81 0.458 lost 1.48
-1.12 -0.84 0.461 lost 1.51
-1.13 -0.86 0.457 lost 1.54
