0.00 0.00 0.446 lost quiet 0.0
0.00 0.00 0.442 lost selftx 0.0
0.07 0.02 0.446 lost quiet 0.1
0.13 0.05 0.446 lost quiet 0.1
0.13 0.05 0.443 lost quiet 0.1
0.08 0.01 0.438 lost quiet 0.2
0.08 0.01 0.442 lost quiet 0.2
0.08 0.01 0.428 lost quiet 0.2
0.05 -0.05 0.425 lost quiet 0.3
0.02 -0.11 0.422 lost quiet 0.4
0.02 -0.11 0.429 lost quiet 0.4
0.03 -0.05 0.439 lost quiet 0.4
0.03 -0.04 0.434 lost quiet 0.4
0.04 -0.11 0.425 lost quiet 0.5
0.06 -0.17 0.411 lost quiet 0.6
0.08 -0.24 0.405 lost quiet 0.6
0.10 -0.30 0.395 lost quiet 0.7
0.12 -0.37 0.403 lost quiet 0.8
0.15 -0.43 0.399 lost quiet 0.8
0.17 -0.49 0.404 lost quiet 0.9
0.20 -0.55 0.400 lost quiet 1.0
0.22 -0.61 0.398 lost quiet 1.0
0.26 -0.67 0.396 lost quiet 1.1
0.28 -0.74 0.404 lost quiet 1.2
0.31 -0.79 0.406 lost quiet 1.2
0.35 -0.85 0.401 lost quiet 1.3
0.38 -0.91 0.405 lost quiet 1.4
0.41 -0.97 0.395 lost quiet 1.4
0.45 -1.03 0.397 lost quiet 1.5
0.49 -1.08 0.402 lost quiet 1.6
0.52 -1.14 0.401 lost quiet 1.6
0.56 -1.20 0.396 lost quiet 1.7
0.61 -1.25 0.396 lost quiet 1.8
0.65 -1.30 0.400 lost quiet 1.8
0.69 -1.35 0.397 lost quiet 1.9
