1788040146 d5=0.83
1788040150 d5=0.82
1788040153 d5=0.85
1788040156 d5=0.84
1788040160 d5=0.86
1788040163 d5=0.85
1788040169 d5=0.87
1788040173 d5=0.88
1788040178 d5=0.86
1788040184 d5=0.85
1788040189 d5=0.79
1788040196 d5=0.73
1788040200 d5=0.74
1788040204 d5=0.74
1788040209 d5=0.76
1788040214 d5=0.81
1788040219 d5=0.84
1788040224 d5=0.84
1788040229 d5=0.84
1788040233 d5=0.79
1788040237 d5=0.79
1788040241 d5=0.79
1788040245 d5=0.79
1788040248 d5=0.79
1788040253 d5=0.80
1788040258 d5=0.78
1788040262 d5=0.78
1788041291 d5=0.86
1788041295 d5=0.86
1788041299 d5=0.87
1788041303 d5=0.86
1788041306 d5=0.87
1788041310 d5=0.86
1788041313 d5=0.87
1788041317 d5=0.86
1788041323 d5=0.92
1788041326 TOGETHER 0.94
1788041328 d5=0.94
1788041328 TOGETHER 0.94
1788041330 TOGETHER 0.94
1788041332 d5=0.94
1788041332 TOGETHER 0.94
1788041334 TOGETHER 0.94
1788041336 d5=0.94
1788041336 TOGETHER 0.94
1788041338 TOGETHER 0.95
1788041340 d5=0.94
1788041340 TOGETHER 0.94
1788041342 TOGETHER 0.95
1788041344 d5=0.92
1788041346 TOGETHER 0.95
1788041348 d5=0.96
1788041348 TOGETHER 0.96
1788041350 TOGETHER 0.95
1788041352 d5=0.94
1788041352 TOGETHER 0.94
1788041354 TOGETHER 0.94
1788041638 d5=0.57
1788041644 d5=0.64
1788041649 d5=0.69
1788041652 d5=0.56
1788041657 d5=0.51
1788041662 d5=0.53
1788041665 d5=0.62
1788041668 d5=0.54
1788041673 d5=0.64
1788041676 d5=0.72
1788041679 d5=0.66
1788041682 d5=0.52
1788041686 d5=0.47
1788041690 d5=0.48
1788041694 d5=0.52
1788041698 d5=0.54
1788041701 d5=0.68
1788041706 d5=0.89
1788042005 d5=0.94
1788042009 d5=0.89
1788042012 d5=0.78
1788042016 d5=0.88
1788042020 d5=0.80
1788042024 d5=0.89
1788042028 d5=0.79
1788042033 d5=0.85
1788042036 d5=0.79
