1788037864.7 {"who": "A", "x": -5253, "y": -5913, "d5": 0.644, "h": 261}
1788037965.9 {"who": "A", "x": -5665, "y": -6088, "d5": 0.67, "h": 242}
1788037971.5 {"who": "A", "x": -5663, "y": -6088, "d5": 0.666, "h": 245}
1788038091.9 {"who": "A", "x": -5663, "y": -6088, "d5": 0.669, "h": 243}
1788038097.6 POS 0.70 -1.08
1788038107.3 POS 0.98 -0.95
1788038107.3 POS 0.87 -1.14
1788038107.3 POS 0.58 -1.32
1788038107.3 POS 0.55 -1.31
1788038108.0 A sm=0.626
1788038111.1 A sm=0.662
1788038117.2 A sm=0.658
1788038143.1 A sm=0.662
1788038166.7 A sm=0.633
1788038170.8 A sm=0.748
1788038173.9 A sm=0.678
1788038211.8 A sm=0.642
1788038221.0 A sm=0.616
1788038224.2 A sm=0.676
1788038281.9 A sm=0.665
1788038285.2 A sm=0.678
1788038288.0 A sm=0.713
1788038292.3 A sm=0.699
1788038295.4 A sm=0.683
1788038298.6 A sm=0.676
1788038303.0 A sm=0.684
1788038306.0 A sm=0.739
1788038309.1 A sm=0.693
1788038312.3 A sm=0.688
1788038315.4 A sm=0.699
1788038318.6 A sm=0.766
1788038321.8 A sm=0.688
1788038328.4 A sm=0.701
1788038339.0 A sm=0.673
1788038390.8 A sm=0.638
1788038394.0 A sm=0.709
1788038397.1 A sm=0.644
1788038409.7 A sm=0.632
1788038413.2 {"who": "A", "d5": 0.823, "best": 0.823}
1788038416.2 {"who": "A", "d5": 0.719, "best": 0.823}
1788038420.4 {"who": "A", "d5": 0.677, "best": 0.823}
1788038423.6 {"who": "A", "d5": 0.677, "best": 0.823}
1788038426.9 {"who": "A", "d5": 0.713, "best": 0.823}
1788038430.0 {"who": "A", "d5": 0.738, "best": 0.823}
1788038433.0 {"who": "A", "d5": 0.816, "best": 0.823}
1788038436.2 {"who": "A", "d5": 0.738, "best": 0.823}
1788038439.3 {"who": "A", "d5": 0.696, "best": 0.823}
1788038446.9 {"who": "A", "d5": 0.628, "best": 0.823}
1788038450.0 {"who": "A", "d5": 0.697, "best": 0.823}
1788038453.1 {"who": "A", "d5": 0.689, "best": 0.823}
1788038456.4 {"who": "A", "d5": 0.719, "best": 0.823}
1788038564.4 {"who": "A", "d5": 0.633, "best": 0.823}
1788038568.3 {"who": "A", "d5": 0.692, "best": 0.823}
1788038588.2 {"who": "A", "d5": 0.621, "best": 0.823}
1788038656.9 {"who": "A", "d5": 0.604, "best": 0.823}
1788038658.6 {"who": "A", "d5": 0.642}
1788038661.8 {"who": "A", "d5": 0.68}
1788038664.8 {"who": "A", "d5": 0.666}
1788038668.9 {"who": "A", "d5": 0.693}
1788038673.9 {"who": "A", "d5": 0.774}
1788038677.2 {"who": "A", "d5": 0.774}
1788038680.8 {"who": "A", "d5": 0.808}
1788038684.7 {"who": "A", "d5": 0.821}
1788038688.5 {"who": "A", "d5": 0.828}
1788038692.1 {"who": "A", "d5": 0.839}
1788038695.3 {"who": "A", "d5": 0.857}
1788038698.3 {"who": "A", "d5": 0.862}
1788038702.4 {"who": "A", "d5": 0.84}
1788038706.6 {"who": "A", "d5": 0.793}
1788038709.9 {"who": "A", "d5": 0.806}
1788038714.1 {"who": "A", "d5": 0.884}
1788038719.5 {"who": "A", "d5": 0.901}
1788038723.3 {"who": "A", "d5": 0.901}
1788038726.6 {"who": "A", "d5": 0.897}
1788038729.8 {"who": "A", "d5": 0.879}
1788038733.2 {"who": "A", "d5": 0.86}
1788038737.1 {"who": "A", "d5": 0.862}
1788038740.9 {"who": "A", "d5": 0.837}
1788038744.7 {"who": "A", "d5": 0.813}
1788038747.9 {"who": "A", "d5": 0.851}
1788038750.9 {"who": "A", "d5": 0.91}
1788038754.5 {"who": "A", "d5": 0.889}
1788038759.7 {"who": "A", "d5": 0.896}
1788038764.1 {"who": "A", "d5": 0.861}
1788038767.5 {"who": "A", "d5": 0.871}
1788038771.8 {"who": "A", "d5": 0.862}
1788038775.5 {"who": "A", "d5": 0.906}
1788038780.2 {"who": "A", "d5": 0.918}
1788038783.2 {"who": "A", "d5": 0.91}
1788038786.9 {"who": "A", "d5": 0.921}
1788038790.7 {"who": "A", "d5": 0.906}
1788038794.9 {"who": "A", "d5": 0.884}
1788038798.8 {"who": "A", "d5": 0.898}
1788038802.7 {"who": "A", "d5": 0.91}
1788038806.5 {"who": "A", "d5": 0.914}
1788038811.7 {"who": "A", "d5": 0.92}
1788038815.0 {"who": "A", "d5": 0.911}
1788038819.6 {"who": "A", "d5": 0.901}
1788038822.9 {"who": "A", "d5": 0.9}
1788038825.9 {"who": "A", "d5": 0.916}
1788038829.2 {"who": "A", "d5": 0.928}
1788038833.0 {"who": "A", "d5": 0.932}
1788038837.8 {"who": "A", "d5": 0.92}
1788038843.2 {"who": "A", "d5": 0.904}
1788038846.2 {"who": "A", "d5": 0.912}
1788038850.0 {"who": "A", "d5": 0.901}
1788038853.8 {"who": "A", "d5": 0.914}
1788038857.1 {"who": "A", "d5": 0.916}
1788038861.4 {"who": "A", "d5": 0.901}
1788038865.4 {"who": "A", "d5": 0.911}
1788038868.5 {"who": "A", "d5": 0.914}
1788038871.5 {"who": "A", "d5": 0.923}
1788038875.1 {"who": "A", "d5": 0.847}
1788038879.2 {"who": "A", "d5": 0.729}
1788038882.6 {"who": "A", "d5": 0.818}
1788038885.8 {"who": "A", "d5": 0.786}
1788038889.8 {"who": "A", "d5": 0.725}
1788038902.8 {"who": "A", "d5": 0.682}
1788038906.2 {"who": "A", "d5": 0.78}
1788038909.4 {"who": "A", "d5": 0.822}
1788038912.4 {"who": "A", "d5": 0.871}
1788038916.0 {"who": "A", "d5": 0.891}
1788038919.9 {"who": "A", "d5": 0.874}
1788038924.3 {"who": "A", "d5": 0.867}
1788038927.9 {"who": "A", "d5": 0.869}
1788038931.1 {"who": "A", "d5": 0.841}
1788038934.5 {"who": "A", "d5": 0.854}
1788038937.6 {"who": "A", "d5": 0.87}
1788038941.4 {"who": "A", "d5": 0.865}
1788038944.8 {"who": "A", "d5": 0.875}
1788038948.3 {"who": "A", "d5": 0.872}
1788038951.7 {"who": "A", "d5": 0.862}
1788038956.6 {"who": "A", "d5": 0.839}
1788038959.6 {"who": "A", "d5": 0.791}
1788038964.0 {"who": "A", "d5": 0.744}
1788038967.9 {"who": "A", "d5": 0.681}
1788038974.7 {"who": "A", "d5": 0.619}
1788038989.1 {"who": "A", "d5": 0.654}
1788038992.2 {"who": "A", "d5": 0.703}
1788038996.3 {"who": "A", "d5": 0.732}
1788038999.8 {"who": "A", "d5": 0.815}
1788039003.3 {"who": "A", "d5": 0.86}
1788039006.4 {"who": "A", "d5": 0.891}
1788039010.1 {"who": "A", "d5": 0.922}
1788039013.3 {"who": "A", "d5": 0.922}
1788039017.4 {"who": "A", "d5": 0.924}
1788039020.7 {"who": "A", "d5": 0.921}
1788039023.9 {"who": "A", "d5": 0.922}
1788039027.6 {"who": "A", "d5": 0.926}
1788039031.1 {"who": "A", "d5": 0.909}
1788039034.2 {"who": "A", "d5": 0.892}
1788039038.2 {"who": "A", "d5": 0.807, "state": "GO"}
1788039041.4 {"who": "A", "d5": 0.689, "state": "GO"}
1788039044.5 {"who": "A", "d5": 0.701, "state": "GO"}
1788039047.6 {"who": "A", "d5": 0.771, "state": "GO"}
1788039050.7 {"who": "A", "d5": 0.77, "state": "GO"}
1788039054.1 {"who": "A", "d5": 0.706, "state": "GO"}
1788039057.7 {"who": "A", "d5": 0.776, "state": "GO"}
1788039061.5 {"who": "A", "d5": 0.827, "state": "FOLLOW"}
1788039065.1 {"who": "A", "d5": 0.849, "state": "FOLLOW"}
1788039068.7 {"who": "A", "d5": 0.813, "state": "FOLLOW"}
1788039071.9 {"who": "A", "d5": 0.757, "state": "FOLLOW"}
1788039075.0 {"who": "A", "d5": 0.68, "state": "FOLLOW"}
1788039078.1 {"who": "A", "d5": 0.816, "state": "FOLLOW"}
1788039081.4 {"who": "A", "d5": 0.912, "state": "FOLLOW"}
1788039084.5 {"who": "A", "d5": 0.813, "state": "FOLLOW"}
1788039087.5 {"who": "A", "d5": 0.701, "state": "FOLLOW"}
1788039090.5 {"who": "A", "d5": 0.717, "state": "FOLLOW"}
1788039093.5 {"who": "A", "d5": 0.879, "state": "FOLLOW"}
1788039096.7 {"who": "A", "d5": 0.917, "state": "FOLLOW"}
1788039099.8 {"who": "A", "d5": 0.784, "state": "FOLLOW"}
1788039103.0 {"who": "A", "d5": 0.762, "state": "GO"}
1788039106.3 {"who": "A", "d5": 0.843, "state": "FOLLOW"}
1788039109.6 {"who": "A", "d5": 0.808, "state": "FOLLOW"}
1788039112.6 {"who": "A", "d5": 0.764, "state": "FOLLOW"}
1788039116.3 {"who": "A", "d5": 0.708, "state": "FOLLOW"}
1788039119.5 {"who": "A", "d5": 0.75, "state": "FOLLOW"}
1788039122.5 {"who": "A", "d5": 0.858, "state": "FOLLOW"}
1788039126.0 {"who": "A", "d5": 0.859, "state": "FOLLOW"}
1788039129.7 {"who": "A", "d5": 0.738, "state": "FOLLOW"}
1788039132.8 {"who": "A", "d5": 0.766, "state": "FOLLOW"}
1788039135.9 {"who": "A", "d5": 0.79, "state": "FOLLOW"}
1788039139.0 {"who": "A", "d5": 0.727, "state": "GO"}
1788039142.0 {"who": "A", "d5": 0.722, "state": "FOLLOW"}
1788039145.5 {"who": "A", "d5": 0.745, "state": "FOLLOW"}
1788039187.7 {"who": "A", "d5": 0.669, "state": "FOLLOW"}
1788039190.8 {"who": "A", "d5": 0.705, "state": "GO"}
1788039193.7 {"who": "A", "d5": 0.721, "state": "FOLLOW"}
1788039196.8 {"who": "A", "d5": 0.751, "state": "FOLLOW"}
1788039200.3 {"who": "A", "d5": 0.844, "state": "FOLLOW"}
1788039203.3 {"who": "A", "d5": 0.814}
1788039207.9 {"who": "A", "d5": 0.899}
1788039211.1 {"who": "A", "d5": 0.814}
1788039215.1 {"who": "A", "d5": 0.859}
1788039218.4 {"who": "A", "d5": 0.844}
1788039221.4 {"who": "A", "d5": 0.878}
1788039226.5 {"who": "A", "d5": 0.792}
1788039230.2 {"who": "A", "d5": 0.847}
1788039233.4 {"who": "A", "d5": 0.916}
1788039237.5 {"who": "A", "d5": 0.822}
1788039240.8 {"who": "A", "d5": 0.78}
1788039244.1 {"who": "A", "d5": 0.798}
1788039250.1 {"who": "A", "d5": 0.775}
1788039253.9 {"who": "A", "d5": 0.877}
1788039258.0 {"who": "A", "d5": 0.777}
1788039261.6 {"who": "A", "d5": 0.863}
1788039264.8 {"who": "A", "d5": 0.921}
1788039268.9 {"who": "A", "d5": 0.842}
1788039272.5 {"who": "A", "d5": 0.851}
1788039276.2 {"who": "A", "d5": 0.774}
1788039280.1 {"who": "A", "d5": 0.868}
1788039287.0 {"who": "A", "d5": 0.879}
1788039290.9 {"who": "A", "d5": 0.903}
1788039294.7 {"who": "A", "d5": 0.795}
1788039298.3 {"who": "A", "d5": 0.829}
1788039303.8 {"who": "A", "d5": 0.773}
1788039348.2 {"who": "A", "d5": 0.644}
1788039424.8 {"who": "A", "d5": 0.644}
1788039442.9 {"who": "A", "d5": 0.648}
1788039578.7 {"who": "A", "d5": 0.661}
1788039580.2 {"who":"A","msg":"B: agreed. I climb d5 toward you. When d5>0.9 I will sweep slowly. If you are stopped, stay put. Once we meet, we wall-follow together to find goal. ACK pls."}
1788039582.6 {"who": "A", "d5": 0.726}
1788039587.9 {"who": "A", "d5": 0.679}
1788039591.2 {"who": "A", "d5": 0.643}
1788039594.7 {"who": "A", "d5": 0.738}
1788039598.1 {"who": "A", "d5": 0.659}
1788039601.6 {"who": "A", "d5": 0.682}
1788039607.7 {"who": "A", "d5": 0.68}
1788039612.9 {"who": "A", "d5": 0.737}
1788039622.5 {"who": "A", "d5": 0.657}
1788039683.3 {"who": "A", "d5": 0.657}
1788039688.3 {"who": "A", "msg": "A STATIONARY - home on my signal. I stay put until d5>0.9", "d5": 0.682}
1788039690.3 {"who": "A", "msg": "A STATIONARY - home on my signal. I stay put until d5>0.9", "d5": 0.683}
1788039692.3 {"who": "A", "msg": "A STATIONARY - home on my signal. I stay put until d5>0.9", "d5": 0.691}
1788039694.3 {"who": "A", "msg": "A STATIONARY - home on my signal. I stay put until d5>0.9", "d5": 0.657}
1788039696.3 {"who": "A", "msg": "A STATIONARY - home on my signal. I stay put until d5>0.9", "d5": 0.655}
1788039698.4 {"who": "A", "msg": "A STATIONARY - home on my signal. I stay put until d5>0.9", "d5": 0.643}
1788039700.4 {"who": "A", "msg": "A STATIONARY - home on my signal. I stay put until d5>0.9", "d5": 0.648}
1788039702.3 {"who": "A", "msg": "A STATIONARY - home on my signal. I stay put until d5>0.9", "d5": 0.671}
1788039704.3 {"who": "A", "msg": "A STATIONARY - home on my signal. I stay put until d5>0.9", "d5": 0.658}
1788039706.3 {"who": "A", "msg": "A STATIONARY - home on my signal. I stay put until d5>0.9", "d5": 0.685}
1788039708.3 {"who": "A", "msg": "A STATIONARY - home on my signal. I stay put until d5>0.9", "d5": 0.702}
1788039710.3 {"who": "A", "msg": "A STATIONARY - home on my signal. I stay put until d5>0.9", "d5": 0.715}
1788039712.3 {"who": "A", "msg": "A STATIONARY - home on my signal. I stay put until d5>0.9", "d5": 0.692}
1788039714.3 {"who": "A", "msg": "A STATIONARY - home on my signal. I stay put until d5>0.9", "d5": 0.71}
1788039716.3 {"who": "A", "msg": "A STATIONARY - home on my signal. I stay put until d5>0.9", "d5": 0.72}
1788039718.3 {"who": "A", "msg": "A STATIONARY - home on my signal. I stay put until d5>0.9", "d5": 0.746}
1788039720.3 {"who": "A", "msg": "A STATIONARY - home on my signal. I stay put until d5>0.9", "d5": 0.784}
1788039722.4 {"who": "A", "msg": "A STATIONARY - home on my signal. I stay put until d5>0.9", "d5": 0.814}
1788039724.3 {"who": "A", "msg": "A STATIONARY - home on my signal. I stay put until d5>0.9", "d5": 0.797}
1788039726.3 {"who": "A", "msg": "A STATIONARY - home on my signal. I stay put until d5>0.9", "d5": 0.821}
1788039728.3 {"who": "A", "msg": "A STATIONARY - home on my signal. I stay put until d5>0.9", "d5": 0.832}
1788039730.3 {"who": "A", "msg": "A STATIONARY - home on my signal. I stay put until d5>0.9", "d5": 0.839}
1788039732.3 {"who": "A", "msg": "A STATIONARY - home on my signal. I stay put until d5>0.9", "d5": 0.856}
1788039734.3 {"who": "A", "msg": "A STATIONARY - home on my signal. I stay put until d5>0.9", "d5": 0.867}
1788039736.3 {"who": "A", "msg": "A STATIONARY - home on my signal. I stay put until d5>0.9", "d5": 0.866}
1788039738.3 {"who": "A", "msg": "A STATIONARY - home on my signal. I stay put until d5>0.9", "d5": 0.862}
1788039740.3 {"who": "A", "msg": "A STATIONARY - home on my signal. I stay put until d5>0.9", "d5": 0.877}
1788039742.3 {"who": "A", "msg": "A STATIONARY - home on my signal. I stay put until d5>0.9", "d5": 0.877}
1788039744.3 {"who": "A", "msg": "A STATIONARY - home on my signal. I stay put until d5>0.9", "d5": 0.865}
1788039746.3 {"who": "A", "msg": "A STATIONARY - home on my signal. I stay put until d5>0.9", "d5": 0.858}
1788039748.3 {"who": "A", "msg": "A STATIONARY - home on my signal. I stay put until d5>0.9", "d5": 0.837}
1788039750.3 {"who": "A", "msg": "A STATIONARY - home on my signal. I stay put until d5>0.9", "d5": 0.809}
1788039752.3 {"who": "A", "msg": "A STATIONARY - home on my signal. I stay put until d5>0.9", "d5": 0.793}
1788039754.3 {"who": "A", "msg": "A STATIONARY - home on my signal. I stay put until d5>0.9", "d5": 0.763}
1788039756.3 {"who": "A", "msg": "A STATIONARY - home on my signal. I stay put until d5>0.9", "d5": 0.743}
1788039758.3 {"who": "A", "msg": "A STATIONARY - home on my signal. I stay put until d5>0.9", "d5": 0.706}
1788039760.3 {"who": "A", "msg": "A STATIONARY - home on my signal. I stay put until d5>0.9", "d5": 0.68}
1788039814.5 {"who": "A", "msg": "A STATIONARY - home on my signal. I stay put until d5>0.9", "d5": 0.643}
1788039816.4 {"who": "A", "msg": "A STATIONARY - home on my signal. I stay put until d5>0.9", "d5": 0.685}
1788039818.5 {"who": "A", "msg": "A STATIONARY - home on my signal. I stay put until d5>0.9", "d5": 0.723}
1788039820.4 {"who": "A", "msg": "A STATIONARY - home on my signal. I stay put until d5>0.9", "d5": 0.738}
1788039822.4 {"who": "A", "msg": "A STATIONARY - home on my signal. I stay put until d5>0.9", "d5": 0.771}
1788039824.4 {"who": "A", "msg": "A STATIONARY - home on my signal. I stay put until d5>0.9", "d5": 0.787}
1788039826.5 {"who": "A", "msg": "A STATIONARY - home on my signal. I stay put until d5>0.9", "d5": 0.817}
1788039828.5 {"who": "A", "msg": "A STATIONARY - home on my signal. I stay put until d5>0.9", "d5": 0.829}
1788039830.5 {"who": "A", "msg": "A STATIONARY - home on my signal. I stay put until d5>0.9", "d5": 0.839}
1788039832.5 {"who": "A", "msg": "A STATIONARY - home on my signal. I stay put until d5>0.9", "d5": 0.851}
1788039834.5 {"who": "A", "msg": "A STATIONARY - home on my signal. I stay put until d5>0.9", "d5": 0.854}
1788039836.5 {"who": "A", "msg": "A STATIONARY - home on my signal. I stay put until d5>0.9", "d5": 0.86}
1788039838.5 {"who": "A", "msg": "A STATIONARY - home on my signal. I stay put until d5>0.9", "d5": 0.854}
1788039840.5 {"who": "A", "msg": "A STATIONARY - home on my signal. I stay put until d5>0.9", "d5": 0.845}
1788039842.5 {"who": "A", "msg": "A STATIONARY - home on my signal. I stay put until d5>0.9", "d5": 0.861}
1788039844.5 {"who": "A", "msg": "A STATIONARY - home on my signal. I stay put until d5>0.9", "d5": 0.858}
1788039846.5 {"who": "A", "msg": "A STATIONARY - home on my signal. I stay put until d5>0.9", "d5": 0.875}
1788039848.5 {"who": "A", "msg": "A STATIONARY - home on my signal. I stay put until d5>0.9", "d5": 0.839}
1788039850.5 {"who": "A", "msg": "A STATIONARY - home on my signal. I stay put until d5>0.9", "d5": 0.831}
1788039852.5 {"who": "A", "msg": "A STATIONARY - home on my signal. I stay put until d5>0.9", "d5": 0.838}
1788039854.5 {"who": "A", "msg": "A STATIONARY - home on my signal. I stay put until d5>0.9", "d5": 0.846}
1788039856.5 {"who": "A", "msg": "A STATIONARY - home on my signal. I stay put until d5>0.9", "d5": 0.849}
1788039858.5 {"who": "A", "msg": "A STATIONARY - home on my signal. I stay put until d5>0.9", "d5": 0.852}
1788039860.5 {"who": "A", "msg": "A STATIONARY - home on my signal. I stay put until d5>0.9", "d5": 0.847}
1788039862.5 {"who": "A", "msg": "A STATIONARY - home on my signal. I stay put until d5>0.9", "d5": 0.843}
1788039864.5 {"who": "A", "msg": "A STATIONARY - home on my signal. I stay put until d5>0.9", "d5": 0.849}
1788039866.5 {"who": "A", "msg": "A STATIONARY - home on my signal. I stay put until d5>0.9", "d5": 0.85}
1788039868.6 {"who": "A", "msg": "A STATIONARY - home on my signal. I stay put until d5>0.9", "d5": 0.826}
1788039870.5 {"who": "A", "msg": "A STATIONARY - home on my signal. I stay put until d5>0.9", "d5": 0.809}
1788039872.5 {"who": "A", "msg": "A STATIONARY - home on my signal. I stay put until d5>0.9", "d5": 0.809}
1788039874.5 {"who": "A", "msg": "A STATIONARY - home on my signal. I stay put until d5>0.9", "d5": 0.806}
1788039876.5 {"who": "A", "msg": "A STATIONARY - home on my signal. I stay put until d5>0.9", "d5": 0.787}
1788039878.6 {"who": "A", "msg": "A STATIONARY - home on my signal. I stay put until d5>0.9", "d5": 0.756}
1788039880.5 {"who": "A", "msg": "A STATIONARY - home on my signal. I stay put until d5>0.9", "d5": 0.745}
1788039882.5 {"who": "A", "msg": "A STATIONARY - home on my signal. I stay put until d5>0.9", "d5": 0.709}
1788039884.5 {"who": "A", "msg": "A STATIONARY - home on my signal. I stay put until d5>0.9", "d5": 0.681}
1788039886.5 {"who": "A", "msg": "A STATIONARY - home on my signal. I stay put until d5>0.9", "d5": 0.656}
1788039902.5 {"who": "A", "msg": "A STATIONARY - home on my signal. I stay put until d5>0.9", "d5": 0.638}
1788039904.5 {"who": "A", "msg": "A STATIONARY - home on my signal. I stay put until d5>0.9", "d5": 0.674}
1788039906.5 {"who": "A", "msg": "A STATIONARY - home on my signal. I stay put until d5>0.9", "d5": 0.7}
1788039908.5 {"who": "A", "msg": "A STATIONARY - home on my signal. I stay put until d5>0.9", "d5": 0.722}
1788039910.6 {"who": "A", "msg": "A STATIONARY - home on my signal. I stay put until d5>0.9", "d5": 0.749}
1788039912.5 {"who": "A", "msg": "A STATIONARY - home on my signal. I stay put until d5>0.9", "d5": 0.743}
1788039914.5 {"who": "A", "msg": "A STATIONARY - home on my signal. I stay put until d5>0.9", "d5": 0.761}
1788039916.5 {"who": "A", "msg": "A STATIONARY - home on my signal. I stay put until d5>0.9", "d5": 0.76}
1788039918.5 {"who": "A", "msg": "A STATIONARY - home on my signal. I stay put until d5>0.9", "d5": 0.76}
1788039920.6 {"who": "A", "msg": "A STATIONARY - home on my signal. I stay put until d5>0.9", "d5": 0.765}
1788039922.5 {"who": "A", "msg": "A STATIONARY - home on my signal. I stay put until d5>0.9", "d5": 0.75}
1788039924.5 {"who": "A", "msg": "A STATIONARY - home on my signal. I stay put until d5>0.9", "d5": 0.748}
1788039926.5 {"who": "A", "msg": "A STATIONARY - home on my signal. I stay put until d5>0.9", "d5": 0.749}
1788039928.5 {"who": "A", "msg": "A STATIONARY - home on my signal. I stay put until d5>0.9", "d5": 0.75}
1788039930.5 {"who": "A", "msg": "A STATIONARY - home on my signal. I stay put until d5>0.9", "d5": 0.756}
1788039932.5 {"who": "A", "msg": "A STATIONARY - home on my signal. I stay put until d5>0.9", "d5": 0.801}
1788039934.5 {"who": "A", "msg": "A STATIONARY - home on my signal. I stay put until d5>0.9", "d5": 0.817}
1788039936.5 {"who": "A", "msg": "A STATIONARY - home on my signal. I stay put until d5>0.9", "d5": 0.792}
1788039938.5 {"who": "A", "msg": "A STATIONARY - home on my signal. I stay put until d5>0.9", "d5": 0.776}
1788039940.5 {"who": "A", "msg": "A STATIONARY - home on my signal. I stay put until d5>0.9", "d5": 0.757}
1788039942.5 {"who": "A", "msg": "A STATIONARY - home on my signal. I stay put until d5>0.9", "d5": 0.759}
1788039944.5 {"who": "A", "msg": "A STATIONARY - home on my signal. I stay put until d5>0.9", "d5": 0.77}
1788039946.5 {"who": "A", "msg": "A STATIONARY - home on my signal. I stay put until d5>0.9", "d5": 0.749}
1788039948.6 {"who": "A", "msg": "A STATIONARY - home on my signal. I stay put until d5>0.9", "d5": 0.759}
1788039950.5 {"who": "A", "msg": "A STATIONARY - home on my signal. I stay put until d5>0.9", "d5": 0.752}
1788039952.6 {"who": "A", "msg": "A STATIONARY - home on my signal. I stay put until d5>0.9", "d5": 0.755}
1788039954.6 {"who": "A", "msg": "A STATIONARY - home on my signal. I stay put until d5>0.9", "d5": 0.752}
1788039956.6 {"who": "A", "msg": "A STATIONARY - home on my signal. I stay put until d5>0.9", "d5": 0.765}
1788039958.6 {"who": "A", "msg": "A STATIONARY - home on my signal. I stay put until d5>0.9", "d5": 0.752}
1788039960.6 {"who": "A", "msg": "A STATIONARY - home on my signal. I stay put until d5>0.9", "d5": 0.732}
1788039962.6 {"who": "A", "msg": "A STATIONARY - home on my signal. I stay put until d5>0.9", "d5": 0.742}
1788039964.6 {"who": "A", "msg": "A STATIONARY - home on my signal. I stay put until d5>0.9", "d5": 0.756}
1788039966.8 {"who": "A", "msg": "A STATIONARY - home on my signal. I stay put until d5>0.9", "d5": 0.745}
1788039968.8 {"who": "A", "msg": "A STATIONARY - home on my signal. I stay put until d5>0.9", "d5": 0.763}
1788039970.8 {"who": "A", "msg": "A STATIONARY - home on my signal. I stay put until d5>0.9", "d5": 0.769}
1788039972.6 {"who": "A", "msg": "A STATIONARY - home on my signal. I stay put until d5>0.9", "d5": 0.761}
1788039974.6 {"who": "A", "msg": "A STATIONARY - home on my signal. I stay put until d5>0.9", "d5": 0.748}
1788039976.9 {"who": "A", "msg": "A STATIONARY - home on my signal. I stay put until d5>0.9", "d5": 0.76}
1788039978.7 {"who": "A", "msg": "A STATIONARY - home on my signal. I stay put until d5>0.9", "d5": 0.723}
1788039980.7 {"who": "A", "msg": "A STATIONARY - home on my signal. I stay put until d5>0.9", "d5": 0.741}
1788039982.7 {"who": "A", "msg": "A STATIONARY - home on my signal. I stay put until d5>0.9", "d5": 0.758}
1788039984.7 {"who": "A", "msg": "A STATIONARY - home on my signal. I stay put until d5>0.9", "d5": 0.747}
1788039986.7 {"who": "A", "msg": "A STATIONARY - home on my signal. I stay put until d5>0.9", "d5": 0.74}
1788039988.7 {"who": "A", "msg": "A STATIONARY - home on my signal. I stay put until d5>0.9", "d5": 0.732}
1788039990.8 {"who": "A", "msg": "A STATIONARY - home on my signal. I stay put until d5>0.9", "d5": 0.744}
1788039992.8 {"who": "A", "msg": "A STATIONARY - home on my signal. I stay put until d5>0.9", "d5": 0.744}
1788039994.8 {"who": "A", "msg": "A STATIONARY - home on my signal. I stay put until d5>0.9", "d5": 0.742}
1788039996.8 {"who": "A", "msg": "A STATIONARY - home on my signal. I stay put until d5>0.9", "d5": 0.759}
1788039998.8 {"who": "A", "msg": "A STATIONARY - home on my signal. I stay put until d5>0.9", "d5": 0.734}
1788040000.8 {"who": "A", "msg": "A STATIONARY - home on my signal. I stay put until d5>0.9", "d5": 0.722}
1788040002.8 {"who": "A", "msg": "A STATIONARY - home on my signal. I stay put until d5>0.9", "d5": 0.732}
1788040004.8 {"who": "A", "msg": "A STATIONARY - home on my signal. I stay put until d5>0.9", "d5": 0.754}
1788040006.8 {"who": "A", "msg": "A STATIONARY - home on my signal. I stay put until d5>0.9", "d5": 0.774}
1788040008.8 {"who": "A", "msg": "A STATIONARY - home on my signal. I stay put until d5>0.9", "d5": 0.819}
1788040010.8 {"who": "A", "msg": "A STATIONARY - home on my signal. I stay put until d5>0.9", "d5": 0.834}
1788040012.8 {"who": "A", "msg": "A STATIONARY - home on my signal. I stay put until d5>0.9", "d5": 0.83}
1788040014.8 {"who": "A", "msg": "A STATIONARY - home on my signal. I stay put until d5>0.9", "d5": 0.831}
1788040016.8 {"who": "A", "msg": "A STATIONARY - home on my signal. I stay put until d5>0.9", "d5": 0.842}
1788040018.8 {"who": "A", "msg": "A STATIONARY - home on my signal. I stay put until d5>0.9", "d5": 0.841}
1788040020.8 {"who": "A", "msg": "A STATIONARY - home on my signal. I stay put until d5>0.9", "d5": 0.868}
1788040022.9 {"who": "A", "msg": "A STATIONARY - home on my signal. I stay put until d5>0.9", "d5": 0.851}
1788040024.8 {"who": "A", "msg": "A STATIONARY - home on my signal. I stay put until d5>0.9", "d5": 0.866}
1788040026.8 {"who": "A", "msg": "A STATIONARY - home on my signal. I stay put until d5>0.9", "d5": 0.858}
1788040028.8 {"who": "A", "msg": "A STATIONARY - home on my signal. I stay put until d5>0.9", "d5": 0.841}
1788040030.8 {"who": "A", "msg": "A STATIONARY - home on my signal. I stay put until d5>0.9", "d5": 0.855}
1788040032.8 {"who": "A", "msg": "A STATIONARY - home on my signal. I stay put until d5>0.9", "d5": 0.838}
1788040034.8 {"who": "A", "msg": "A STATIONARY - home on my signal. I stay put until d5>0.9", "d5": 0.837}
1788040036.8 {"who": "A", "msg": "A STATIONARY - home on my signal. I stay put until d5>0.9", "d5": 0.851}
1788040038.8 {"who": "A", "msg": "A STATIONARY - home on my signal. I stay put until d5>0.9", "d5": 0.849}
1788040040.8 {"who": "A", "msg": "A STATIONARY - home on my signal. I stay put until d5>0.9", "d5": 0.84}
1788040042.8 {"who": "A", "msg": "A STATIONARY - home on my signal. I stay put until d5>0.9", "d5": 0.84}
1788040044.8 {"who": "A", "msg": "A STATIONARY - home on my signal. I stay put until d5>0.9", "d5": 0.853}
1788040046.9 {"who": "A", "msg": "A STATIONARY - home on my signal. I stay put until d5>0.9", "d5": 0.856}
1788040048.9 {"who": "A", "msg": "A STATIONARY - home on my signal. I stay put until d5>0.9", "d5": 0.844}
1788040050.9 {"who": "A", "msg": "A STATIONARY - home on my signal. I stay put until d5>0.9", "d5": 0.848}
1788040052.9 {"who": "A", "msg": "A STATIONARY - home on my signal. I stay put until d5>0.9", "d5": 0.856}
1788040054.9 {"who": "A", "msg": "A STATIONARY - home on my signal. I stay put until d5>0.9", "d5": 0.848}
1788040056.9 {"who": "A", "msg": "A STATIONARY - home on my signal. I stay put until d5>0.9", "d5": 0.851}
1788040058.9 {"who": "A", "msg": "A STATIONARY - home on my signal. I stay put until d5>0.9", "d5": 0.839}
1788040060.2 {"who": "A", "msg": "B: NAV: from your last reported pos, I am at compass bearing 23 deg, dist 3.5m. Drive that bearing (avoid walls). I am parked. res=0.0018"}
1788040062.9 {"who": "A", "msg": "A STATIONARY - home on my signal. I stay put until d5>0.9", "d5": 0.833}
1788040064.9 {"who": "A", "msg": "A STATIONARY - home on my signal. I stay put until d5>0.9", "d5": 0.843}
1788040066.9 {"who": "A", "msg": "A STATIONARY - home on my signal. I stay put until d5>0.9", "d5": 0.822}
1788040068.9 {"who": "A", "msg": "A STATIONARY - home on my signal. I stay put until d5>0.9", "d5": 0.84}
1788040070.9 {"who": "A", "msg": "A STATIONARY - home on my signal. I stay put until d5>0.9", "d5": 0.839}
1788040072.9 {"who": "A", "msg": "A STATIONARY - home on my signal. I stay put until d5>0.9", "d5": 0.848}
1788040074.9 {"who": "A", "msg": "A STATIONARY - home on my signal. I stay put until d5>0.9", "d5": 0.85}
1788040076.9 {"who": "A", "msg": "A STATIONARY - home on my signal. I stay put until d5>0.9", "d5": 0.834}
1788040078.9 {"who": "A", "msg": "A STATIONARY - home on my signal. I stay put until d5>0.9", "d5": 0.84}
1788040080.9 {"who": "A", "msg": "A STATIONARY - home on my signal. I stay put until d5>0.9", "d5": 0.836}
1788040082.9 {"who": "A", "msg": "A STATIONARY - home on my signal. I stay put until d5>0.9", "d5": 0.839}
1788040085.0 {"who": "A", "msg": "A STATIONARY - home on my signal. I stay put until d5>0.9", "d5": 0.831}
1788040086.9 {"who": "A", "msg": "A STATIONARY - home on my signal. I stay put until d5>0.9", "d5": 0.847}
1788040088.9 {"who": "A", "msg": "A STATIONARY - home on my signal. I stay put until d5>0.9", "d5": 0.844}
1788040090.8 {"who": "A", "msg": "B: NAV: from your last reported pos, I am at compass bearing 19 deg, dist 3.6m. Drive that bearing (avoid walls). I am parked. res=0.0019"}
1788040093.0 {"who": "A", "msg": "A STATIONARY - home on my signal. I stay put until d5>0.9", "d5": 0.838}
1788040095.0 {"who": "A", "msg": "A STATIONARY - home on my signal. I stay put until d5>0.9", "d5": 0.812}
1788040096.9 {"who": "A", "msg": "A STATIONARY - home on my signal. I stay put until d5>0.9", "d5": 0.803}
1788040099.0 {"who": "A", "msg": "A STATIONARY - home on my signal. I stay put until d5>0.9", "d5": 0.823}
1788040101.0 {"who": "A", "msg": "A STATIONARY - home on my signal. I stay put until d5>0.9", "d5": 0.827}
1788040102.9 {"who": "A", "msg": "A STATIONARY - home on my signal. I stay put until d5>0.9", "d5": 0.834}
1788040105.0 {"who": "A", "msg": "A STATIONARY - home on my signal. I stay put until d5>0.9", "d5": 0.858}
1788040106.1 {"who": "A", "msg": "B: NAV: from your last reported pos, I am at compass bearing 18 deg, dist 3.4m. Drive that bearing (avoid walls). I am parked. res=0.0018"}
1788040109.0 {"who": "A", "msg": "A STATIONARY - home on my signal. I stay put until d5>0.9", "d5": 0.843}
1788040111.0 {"who": "A", "msg": "A STATIONARY - home on my signal. I stay put until d5>0.9", "d5": 0.844}
1788040112.9 {"who": "A", "msg": "A STATIONARY - home on my signal. I stay put until d5>0.9", "d5": 0.814}
1788040115.0 {"who": "A", "msg": "A STATIONARY - home on my signal. I stay put until d5>0.9", "d5": 0.844}
1788040116.9 {"who": "A", "msg": "A STATIONARY - home on my signal. I stay put until d5>0.9", "d5": 0.84}
1788040119.0 {"who": "A", "msg": "A STATIONARY - home on my signal. I stay put until d5>0.9", "d5": 0.853}
1788040120.9 {"who": "A", "msg": "A STATIONARY - home on my signal. I stay put until d5>0.9", "d5": 0.85}
1788040123.0 {"who": "A", "msg": "A STATIONARY - home on my signal. I stay put until d5>0.9", "d5": 0.85}
1788040124.9 {"who": "A", "msg": "A STATIONARY - home on my signal. I stay put until d5>0.9", "d5": 0.828}
1788040127.0 {"who": "A", "msg": "A STATIONARY - home on my signal. I stay put until d5>0.9", "d5": 0.842}
1788040129.0 {"who": "A", "msg": "A STATIONARY - home on my signal. I stay put until d5>0.9", "d5": 0.828}
1788040131.0 {"who": "A", "msg": "A STATIONARY - home on my signal. I stay put until d5>0.9", "d5": 0.845}
1788040133.0 {"who": "A", "msg": "A STATIONARY - home on my signal. I stay put until d5>0.9", "d5": 0.848}
1788040135.0 {"who": "A", "msg": "A STATIONARY - home on my signal. I stay put until d5>0.9", "d5": 0.846}
1788040136.9 {"who": "A", "msg": "B: NAV: from your last reported pos, I am at compass bearing 7 deg, dist 3.7m. Drive that bearing (avoid walls). I am parked. res=0.0019"}
1788040139.0 {"who": "A", "msg": "A STATIONARY - home on my signal. I stay put until d5>0.9", "d5": 0.838}
1788040141.2 {"who": "A", "msg": "A STATIONARY - home on my signal. I stay put until d5>0.9", "d5": 0.816}
1788040143.0 {"who": "A", "msg": "A STATIONARY - home on my signal. I stay put until d5>0.9", "d5": 0.828}
1788040145.0 {"who": "A", "msg": "A STATIONARY - home on my signal. I stay put until d5>0.9", "d5": 0.82}
1788040147.0 {"who": "A", "msg": "A STATIONARY - home on my signal. I stay put until d5>0.9", "d5": 0.815}
1788040149.0 {"who": "A", "msg": "A STATIONARY - home on my signal. I stay put until d5>0.9", "d5": 0.824}
1788040151.0 {"who": "A", "msg": "A STATIONARY - home on my signal. I stay put until d5>0.9", "d5": 0.842}
1788040152.3 {"who": "A", "msg": "B: NAV: from your last reported pos, I am at compass bearing 8 deg, dist 3.9m. Drive that bearing (avoid walls). I am parked. res=0.0018"}
1788040155.0 {"who": "A", "msg": "A STATIONARY - home on my signal. I stay put until d5>0.9", "d5": 0.843}
1788040157.0 {"who": "A", "msg": "A STATIONARY - home on my signal. I stay put until d5>0.9", "d5": 0.846}
1788040158.5 {"who":"A","msg":"A WIGGLING now fwd/back for 180s. Come to me!"}
1788040161.0 {"who": "A", "msg": "A STATIONARY - home on my signal. I stay put until d5>0.9", "d5": 0.85}
1788040163.1 {"who": "A", "msg": "A STATIONARY - home on my signal. I stay put until d5>0.9", "d5": 0.854}
1788040165.0 {"who": "A", "msg": "A STATIONARY - home on my signal. I stay put until d5>0.9", "d5": 0.861}
1788040167.0 {"who": "A", "msg": "A STATIONARY - home on my signal. I stay put until d5>0.9", "d5": 0.871}
1788040169.0 {"who": "A", "msg": "A STATIONARY - home on my signal. I stay put until d5>0.9", "d5": 0.87}
1788040171.0 {"who": "A", "msg": "A STATIONARY - home on my signal. I stay put until d5>0.9", "d5": 0.869}
1788040173.0 {"who": "A", "msg": "A STATIONARY - home on my signal. I stay put until d5>0.9", "d5": 0.888}
1788040175.0 {"who": "A", "msg": "A STATIONARY - home on my signal. I stay put until d5>0.9", "d5": 0.883}
1788040177.0 {"who": "A", "msg": "A STATIONARY - home on my signal. I stay put until d5>0.9", "d5": 0.875}
1788040179.0 {"who": "A", "msg": "A STATIONARY - home on my signal. I stay put until d5>0.9", "d5": 0.873}
1788040181.0 {"who": "A", "msg": "A STATIONARY - home on my signal. I stay put until d5>0.9", "d5": 0.855}
1788040183.0 {"who": "A", "msg": "A STATIONARY - home on my signal. I stay put until d5>0.9", "d5": 0.838}
1788040185.0 {"who": "A", "msg": "A STATIONARY - home on my signal. I stay put until d5>0.9", "d5": 0.823}
1788040187.0 {"who": "A", "msg": "A STATIONARY - home on my signal. I stay put until d5>0.9", "d5": 0.792}
1788040189.0 {"who": "A", "msg": "A STATIONARY - home on my signal. I stay put until d5>0.9", "d5": 0.781}
1788040191.0 {"who": "A", "msg": "A STATIONARY - home on my signal. I stay put until d5>0.9", "d5": 0.752}
1788040193.0 {"who": "A", "msg": "A STATIONARY - home on my signal. I stay put until d5>0.9", "d5": 0.723}
1788040195.0 {"who": "A", "msg": "A STATIONARY - home on my signal. I stay put until d5>0.9", "d5": 0.724}
1788040197.1 {"who": "A", "msg": "A STATIONARY - home on my signal. I stay put until d5>0.9", "d5": 0.72}
1788040198.5 {"who": "A", "msg": "B: NAV: from your last reported pos, I am at compass bearing 352 deg, dist 5.6m. Drive that bearing (avoid walls). I am parked. res=0.0014"}
1788040201.1 {"who": "A", "msg": "A STATIONARY - home on my signal. I stay put until d5>0.9", "d5": 0.714}
1788040203.1 {"who": "A", "msg": "A STATIONARY - home on my signal. I stay put until d5>0.9", "d5": 0.723}
1788040205.2 {"who": "A", "msg": "A STATIONARY - home on my signal. I stay put until d5>0.9", "d5": 0.743}
1788040207.1 {"who": "A", "msg": "A STATIONARY - home on my signal. I stay put until d5>0.9", "d5": 0.747}
1788040209.1 {"who": "A", "msg": "A STATIONARY - home on my signal. I stay put until d5>0.9", "d5": 0.766}
1788040211.2 {"who": "A", "msg": "A STATIONARY - home on my signal. I stay put until d5>0.9", "d5": 0.778}
1788040213.1 {"who": "A", "msg": "A STATIONARY - home on my signal. I stay put until d5>0.9", "d5": 0.816}
1788040215.1 {"who": "A", "msg": "A STATIONARY - home on my signal. I stay put until d5>0.9", "d5": 0.834}
1788040217.1 {"who": "A", "msg": "A STATIONARY - home on my signal. I stay put until d5>0.9", "d5": 0.827}
1788040219.1 {"who": "A", "msg": "A STATIONARY - home on my signal. I stay put until d5>0.9", "d5": 0.841}
1788040221.1 {"who": "A", "msg": "A STATIONARY - home on my signal. I stay put until d5>0.9", "d5": 0.853}
1788040223.2 {"who": "A", "msg": "A STATIONARY - home on my signal. I stay put until d5>0.9", "d5": 0.851}
1788040225.1 {"who": "A", "msg": "A STATIONARY - home on my signal. I stay put until d5>0.9", "d5": 0.86}
1788040227.2 {"who": "A", "msg": "A STATIONARY - home on my signal. I stay put until d5>0.9", "d5": 0.843}
1788040229.2 {"who": "A", "msg": "A STATIONARY - home on my signal. I stay put until d5>0.9", "d5": 0.814}
1788040231.3 {"who": "A", "msg": "A STATIONARY - home on my signal. I stay put until d5>0.9", "d5": 0.815}
1788040233.1 {"who": "A", "msg": "A STATIONARY - home on my signal. I stay put until d5>0.9", "d5": 0.81}
1788040235.3 {"who": "A", "msg": "A STATIONARY - home on my signal. I stay put until d5>0.9", "d5": 0.786}
1788040237.2 {"who": "A", "msg": "A STATIONARY - home on my signal. I stay put until d5>0.9", "d5": 0.782}
1788040239.1 {"who": "A", "msg": "A STATIONARY - home on my signal. I stay put until d5>0.9", "d5": 0.78}
1788040241.1 {"who": "A", "msg": "A STATIONARY - home on my signal. I stay put until d5>0.9", "d5": 0.784}
1788040243.2 {"who": "A", "msg": "A STATIONARY - home on my signal. I stay put until d5>0.9", "d5": 0.782}
1788040244.7 {"who": "A", "msg": "B: NAV: from your last reported pos, I am at compass bearing 14 deg, dist 5.4m. Drive that bearing (avoid walls). I am parked. res=0.0013"}
1788040247.1 {"who": "A", "msg": "A STATIONARY - home on my signal. I stay put until d5>0.9", "d5": 0.794}
1788040249.1 {"who": "A", "msg": "A STATIONARY - home on my signal. I stay put until d5>0.9", "d5": 0.804}
1788040251.3 {"who": "A", "msg": "A STATIONARY - home on my signal. I stay put until d5>0.9", "d5": 0.807}
1788040253.2 {"who": "A", "msg": "A STATIONARY - home on my signal. I stay put until d5>0.9", "d5": 0.829}
1788040255.2 {"who": "A", "msg": "A STATIONARY - home on my signal. I stay put until d5>0.9", "d5": 0.799}
1788040257.2 {"who": "A", "msg": "A STATIONARY - home on my signal. I stay put until d5>0.9", "d5": 0.795}
1788040259.1 {"who": "A", "msg": "A STATIONARY - home on my signal. I stay put until d5>0.9", "d5": 0.784}
1788040261.2 {"who": "A", "msg": "A STATIONARY - home on my signal. I stay put until d5>0.9", "d5": 0.776}
1788040263.1 {"who": "A", "msg": "A STATIONARY - home on my signal. I stay put until d5>0.9", "d5": 0.769}
1788040265.3 {"who": "A", "msg": "A STATIONARY - home on my signal. I stay put until d5>0.9", "d5": 0.76}
1788040266.8 {"who":"A","msg":"B: new plan - YOU PARK now and broadcast d5 every 2s. I will navigate to you using range fits. Stay put until I say."}
1788040268.8 {"who":"A","msg":"B: PARK PLEASE. I drive to you. Keep beaconing d5."}
1788040271.2 {"who": "A", "msg": "A STATIONARY - home on my signal. I stay put until d5>0.9", "d5": 0.75}
1788040273.2 {"who": "A", "msg": "A STATIONARY - home on my signal. I stay put until d5>0.9", "d5": 0.745}
1788040275.2 {"who": "A", "msg": "A STATIONARY - home on my signal. I stay put until d5>0.9", "d5": 0.77}
1788040277.2 {"who": "A", "msg": "A STATIONARY - home on my signal. I stay put until d5>0.9", "d5": 0.739}
1788040279.2 {"who": "A", "msg": "A STATIONARY - home on my signal. I stay put until d5>0.9", "d5": 0.728}
1788040281.2 {"who": "A", "msg": "A STATIONARY - home on my signal. I stay put until d5>0.9", "d5": 0.738}
1788040283.2 {"who": "A", "msg": "A STATIONARY - home on my signal. I stay put until d5>0.9", "d5": 0.736}
1788040285.3 {"who": "A", "msg": "A STATIONARY - home on my signal. I stay put until d5>0.9", "d5": 0.743}
1788040287.3 {"who": "A", "msg": "A STATIONARY - home on my signal. I stay put until d5>0.9", "d5": 0.738}
1788040289.2 {"who": "A", "msg": "A STATIONARY - home on my signal. I stay put until d5>0.9", "d5": 0.726}
1788040291.2 {"who": "A", "msg": "A STATIONARY - home on my signal. I stay put until d5>0.9", "d5": 0.73}
1788040293.3 {"who": "A", "msg": "A STATIONARY - home on my signal. I stay put until d5>0.9", "d5": 0.734}
1788040295.3 {"who": "A", "msg": "A STATIONARY - home on my signal. I stay put until d5>0.9", "d5": 0.735}
1788040297.2 {"who": "A", "msg": "A STATIONARY - home on my signal. I stay put until d5>0.9", "d5": 0.762}
1788040299.2 {"who": "A", "msg": "A STATIONARY - home on my signal. I stay put until d5>0.9", "d5": 0.762}
1788040301.2 {"who": "A", "msg": "A STATIONARY - home on my signal. I stay put until d5>0.9", "d5": 0.763}
1788040303.2 {"who": "A", "msg": "A STATIONARY - home on my signal. I stay put until d5>0.9", "d5": 0.775}
1788040305.2 {"who": "A", "msg": "A STATIONARY - home on my signal. I stay put until d5>0.9", "d5": 0.78}
1788040307.2 {"who": "A", "msg": "A STATIONARY - home on my signal. I stay put until d5>0.9", "d5": 0.773}
1788040309.2 {"who": "A", "msg": "A STATIONARY - home on my signal. I stay put until d5>0.9", "d5": 0.813}
1788040311.2 {"who": "A", "msg": "A STATIONARY - home on my signal. I stay put until d5>0.9", "d5": 0.835}
1788040313.2 {"who": "A", "msg": "A STATIONARY - home on my signal. I stay put until d5>0.9", "d5": 0.844}
1788040315.2 {"who": "A", "msg": "A STATIONARY - home on my signal. I stay put until d5>0.9", "d5": 0.862}
1788040317.2 {"who": "A", "msg": "A STATIONARY - home on my signal. I stay put until d5>0.9", "d5": 0.869}
1788040319.2 {"who": "A", "msg": "A STATIONARY - home on my signal. I stay put until d5>0.9", "d5": 0.864}
1788040321.2 {"who": "A", "msg": "A STATIONARY - home on my signal. I stay put until d5>0.9", "d5": 0.872}
1788040323.2 {"who": "A", "msg": "A STATIONARY - home on my signal. I stay put until d5>0.9", "d5": 0.845}
1788040325.2 {"who": "A", "msg": "A STATIONARY - home on my signal. I stay put until d5>0.9", "d5": 0.848}
1788040327.2 {"who": "A", "msg": "A STATIONARY - home on my signal. I stay put until d5>0.9", "d5": 0.86}
1788040329.2 {"who": "A", "msg": "A STATIONARY - home on my signal. I stay put until d5>0.9", "d5": 0.845}
1788040331.2 {"who": "A", "msg": "A STATIONARY - home on my signal. I stay put until d5>0.9", "d5": 0.854}
1788040333.2 {"who": "A", "msg": "A STATIONARY - home on my signal. I stay put until d5>0.9", "d5": 0.847}
1788040335.2 {"who": "A", "msg": "A STATIONARY - home on my signal. I stay put until d5>0.9", "d5": 0.852}
1788040337.2 {"who": "A", "msg": "A STATIONARY - home on my signal. I stay put until d5>0.9", "d5": 0.856}
1788040339.2 {"who": "A", "msg": "A STATIONARY - home on my signal. I stay put until d5>0.9", "d5": 0.848}
1788040341.2 {"who": "A", "msg": "A STATIONARY - home on my signal. I stay put until d5>0.9", "d5": 0.848}
1788040343.2 {"who": "A", "msg": "A STATIONARY - home on my signal. I stay put until d5>0.9", "d5": 0.834}
1788040345.3 {"who": "A", "msg": "A STATIONARY - home on my signal. I stay put until d5>0.9", "d5": 0.831}
1788040347.2 {"who": "A", "msg": "A STATIONARY - home on my signal. I stay put until d5>0.9", "d5": 0.84}
1788040349.2 {"who": "A", "msg": "A STATIONARY - home on my signal. I stay put until d5>0.9", "d5": 0.824}
1788040351.2 {"who": "A", "msg": "A STATIONARY - home on my signal. I stay put until d5>0.9", "d5": 0.842}
1788040353.3 {"who": "A", "msg": "A STATIONARY - home on my signal. I stay put until d5>0.9", "d5": 0.87}
1788040355.3 {"who": "A", "msg": "A STATIONARY - home on my signal. I stay put until d5>0.9", "d5": 0.844}
1788040357.2 {"who": "A", "msg": "A STATIONARY - home on my signal. I stay put until d5>0.9", "d5": 0.86}
1788040359.2 {"who": "A", "msg": "A STATIONARY - home on my signal. I stay put until d5>0.9", "d5": 0.852}
1788040361.2 {"who": "A", "msg": "A STATIONARY - home on my signal. I stay put until d5>0.9", "d5": 0.838}
1788040363.2 {"who": "A", "msg": "A STATIONARY - home on my signal. I stay put until d5>0.9", "d5": 0.85}
1788040365.3 {"who": "A", "msg": "A STATIONARY - home on my signal. I stay put until d5>0.9", "d5": 0.848}
1788040367.3 {"who": "A", "msg": "A STATIONARY - home on my signal. I stay put until d5>0.9", "d5": 0.853}
1788040369.3 {"who": "A", "msg": "A STATIONARY - home on my signal. I stay put until d5>0.9", "d5": 0.851}
1788040371.3 {"who": "A", "msg": "A STATIONARY - home on my signal. I stay put until d5>0.9", "d5": 0.866}
1788040373.3 {"who": "A", "msg": "A STATIONARY - home on my signal. I stay put until d5>0.9", "d5": 0.855}
1788040375.3 {"who": "A", "msg": "A STATIONARY - home on my signal. I stay put until d5>0.9", "d5": 0.855}
1788040377.3 {"who": "A", "msg": "A STATIONARY - home on my signal. I stay put until d5>0.9", "d5": 0.854}
1788040379.3 {"who": "A", "msg": "A STATIONARY - home on my signal. I stay put until d5>0.9", "d5": 0.87}
1788040381.3 {"who": "A", "msg": "A STATIONARY - home on my signal. I stay put until d5>0.9", "d5": 0.858}
1788040383.3 {"who": "A", "msg": "A STATIONARY - home on my signal. I stay put until d5>0.9", "d5": 0.849}
1788040385.3 {"who": "A", "msg": "A STATIONARY - home on my signal. I stay put until d5>0.9", "d5": 0.851}
1788040387.3 {"who": "A", "msg": "A STATIONARY - home on my signal. I stay put until d5>0.9", "d5": 0.859}
1788040389.3 {"who": "A", "msg": "A STATIONARY - home on my signal. I stay put until d5>0.9", "d5": 0.858}
1788040391.5 {"who": "A", "msg": "A STATIONARY - home on my signal. I stay put until d5>0.9", "d5": 0.858}
1788040393.3 {"who": "A", "msg": "A STATIONARY - home on my signal. I stay put until d5>0.9", "d5": 0.841}
1788040395.3 {"who": "A", "msg": "A STATIONARY - home on my signal. I stay put until d5>0.9", "d5": 0.842}
1788040397.3 {"who": "A", "msg": "A STATIONARY - home on my signal. I stay put until d5>0.9", "d5": 0.847}
1788040399.3 {"who": "A", "msg": "A STATIONARY - home on my signal. I stay put until d5>0.9", "d5": 0.828}
1788040401.3 {"who": "A", "msg": "A STATIONARY - home on my signal. I stay put until d5>0.9", "d5": 0.838}
1788040403.3 {"who": "A", "msg": "A STATIONARY - home on my signal. I stay put until d5>0.9", "d5": 0.82}
1788040405.3 {"who": "A", "msg": "A STATIONARY - home on my signal. I stay put until d5>0.9", "d5": 0.845}
1788040407.3 {"who": "A", "msg": "A STATIONARY - home on my signal. I stay put until d5>0.9", "d5": 0.836}
1788040409.4 {"who": "A", "msg": "A STATIONARY - home on my signal. I stay put until d5>0.9", "d5": 0.824}
1788040411.4 {"who": "A", "msg": "A STATIONARY - home on my signal. I stay put until d5>0.9", "d5": 0.836}
1788040413.4 {"who": "A", "msg": "A STATIONARY - home on my signal. I stay put until d5>0.9", "d5": 0.822}
1788040415.4 {"who": "A", "msg": "A STATIONARY - home on my signal. I stay put until d5>0.9", "d5": 0.85}
1788040417.4 {"who": "A", "msg": "A STATIONARY - home on my signal. I stay put until d5>0.9", "d5": 0.844}
1788040419.4 {"who": "A", "msg": "A STATIONARY - home on my signal. I stay put until d5>0.9", "d5": 0.854}
1788040421.4 {"who": "A", "msg": "A STATIONARY - home on my signal. I stay put until d5>0.9", "d5": 0.837}
1788040423.4 {"who": "A", "msg": "A STATIONARY - home on my signal. I stay put until d5>0.9", "d5": 0.841}
1788040425.4 {"who": "A", "msg": "A STATIONARY - home on my signal. I stay put until d5>0.9", "d5": 0.847}
1788040427.4 {"who": "A", "msg": "A STATIONARY - home on my signal. I stay put until d5>0.9", "d5": 0.824}
1788040429.4 {"who": "A", "msg": "A STATIONARY - home on my signal. I stay put until d5>0.9", "d5": 0.836}
1788040431.4 {"who": "A", "msg": "A STATIONARY - home on my signal. I stay put until d5>0.9", "d5": 0.831}
1788040433.4 {"who": "A", "msg": "A STATIONARY - home on my signal. I stay put until d5>0.9", "d5": 0.839}
1788040435.4 {"who": "A", "msg": "A STATIONARY - home on my signal. I stay put until d5>0.9", "d5": 0.831}
1788040437.4 {"who": "A", "msg": "A STATIONARY - home on my signal. I stay put until d5>0.9", "d5": 0.855}
1788040439.4 {"who": "A", "msg": "A STATIONARY - home on my signal. I stay put until d5>0.9", "d5": 0.826}
1788040441.4 {"who": "A", "msg": "A STATIONARY - home on my signal. I stay put until d5>0.9", "d5": 0.846}
1788040443.4 {"who": "A", "msg": "A STATIONARY - home on my signal. I stay put until d5>0.9", "d5": 0.844}
1788040445.4 {"who": "A", "msg": "A STATIONARY - home on my signal. I stay put until d5>0.9", "d5": 0.83}
1788040447.4 {"who": "A", "msg": "A STATIONARY - home on my signal. I stay put until d5>0.9", "d5": 0.813}
1788040449.4 {"who": "A", "msg": "A STATIONARY - home on my signal. I stay put until d5>0.9", "d5": 0.83}
1788040451.4 {"who": "A", "msg": "A STATIONARY - home on my signal. I stay put until d5>0.9", "d5": 0.83}
1788040453.4 {"who": "A", "msg": "A STATIONARY - home on my signal. I stay put until d5>0.9", "d5": 0.828}
1788040455.4 {"who": "A", "msg": "A STATIONARY - home on my signal. I stay put until d5>0.9", "d5": 0.824}
1788040457.4 {"who": "A", "msg": "A STATIONARY - home on my signal. I stay put until d5>0.9", "d5": 0.838}
1788040459.4 {"who": "A", "msg": "A STATIONARY - home on my signal. I stay put until d5>0.9", "d5": 0.848}
1788040461.6 {"who": "A", "msg": "A STATIONARY - home on my signal. I stay put until d5>0.9", "d5": 0.833}
1788040463.4 {"who": "A", "msg": "A STATIONARY - home on my signal. I stay put until d5>0.9", "d5": 0.848}
1788040465.4 {"who": "A", "msg": "A STATIONARY - home on my signal. I stay put until d5>0.9", "d5": 0.839}
1788040467.4 {"who": "A", "msg": "A STATIONARY - home on my signal. I stay put until d5>0.9", "d5": 0.832}
1788040469.4 {"who": "A", "msg": "A STATIONARY - home on my signal. I stay put until d5>0.9", "d5": 0.858}
1788040474.4 {"who": "A", "d5": 0.814}
1788040478.2 {"who": "A", "d5": 0.743}
1788040483.8 {"who": "A", "d5": 0.861}
1788040488.2 {"who": "A", "d5": 0.796}
1788040491.9 {"who": "A", "d5": 0.856}
1788040494.9 {"who": "A", "d5": 0.824}
1788040498.6 {"who": "A", "d5": 0.806}
1788040502.2 {"who": "A", "d5": 0.778}
1788040505.4 {"who": "A", "d5": 0.848}
1788040511.8 {"who": "A", "d5": 0.872}
1788040514.9 {"who": "A", "d5": 0.825}
1788040518.0 {"who": "A", "d5": 0.787}
1788040521.4 {"who": "A", "d5": 0.845}
1788040525.2 {"who": "A", "d5": 0.909}
1788040528.7 {"who": "A", "d5": 0.821}
1788040534.1 {"who": "A", "d5": 0.873}
1788040537.9 {"who": "A", "d5": 0.747}
1788040551.3 {"who": "A", "d5": 0.666}
1788040556.0 {"who": "A", "d5": 0.775}
1788040560.3 {"who": "A", "d5": 0.884}
1788040564.8 {"who": "A", "d5": 0.932}
1788040568.4 {"who": "A", "d5": 0.896}
1788040573.7 {"who": "A", "d5": 0.933}
1788040580.3 {"who": "A", "d5": 0.909}
1788040583.5 {"who": "A", "d5": 0.933}
1788040586.7 {"who": "A", "d5": 0.867}
1788040589.9 {"who": "A", "d5": 0.881}
1788040595.9 {"who": "A", "d5": 0.931}
1788040602.3 {"who": "A", "d5": 0.881}
1788040608.3 {"who": "A", "d5": 0.928}
1788040615.1 {"who": "A", "d5": 0.841}
1788040619.0 {"who": "A", "d5": 0.778}
1788040622.7 {"who": "A", "d5": 0.814}
1788040626.7 {"who": "A", "d5": 0.904}
1788040629.9 {"who": "A", "d5": 0.834}
1788040633.5 {"who": "A", "d5": 0.874}
1788040635.2 {"who":"A","msg":"B: I will alternate park-scan (to spot you as mover) and d5 climb. Keep MOVING around so I can see you on lidar."}
1788040644.6 {"who": "A", "d5": 0.878, "msg": "A hunting; no visual yet"}
1788040648.0 {"who": "A", "d5": 0.884, "msg": "A hunting; no visual yet"}
1788040659.8 {"who": "A", "d5": 0.783, "msg": "A hunting; no visual yet"}
1788040661.6 {"who": "A", "d5": 0.81, "msg": "A hunting; no visual yet"}
1788040672.5 {"who": "A", "d5": 0.902, "msg": "A hunting; no visual yet"}
1788040674.6 {"who": "A", "d5": 0.88, "msg": "A hunting; no visual yet"}
1788040686.0 {"who": "A", "d5": 0.873, "msg": "A hunting; no visual yet"}
1788040687.8 {"who": "A", "d5": 0.874, "msg": "A hunting; no visual yet"}
1788040699.7 {"who": "A", "d5": 0.847, "msg": "A hunting; no visual yet"}
1788040703.2 {"who": "A", "d5": 0.875, "msg": "A hunting; no visual yet"}
1788040713.8 {"who": "A", "d5": 0.908, "msg": "A hunting; no visual yet"}
1788040716.4 {"who": "A", "d5": 0.837, "msg": "A hunting; no visual yet"}
1788040728.5 {"who": "A", "d5": 0.867, "msg": "A hunting; no visual yet"}
1788040731.6 {"who": "A", "d5": 0.827, "msg": "A hunting; no visual yet"}
1788040743.3 {"who": "A", "d5": 0.762, "msg": "A hunting; no visual yet"}
1788040745.6 {"who": "A", "d5": 0.693, "msg": "A hunting; no visual yet"}
1788040757.7 {"who": "A", "d5": 0.756, "msg": "A hunting; no visual yet"}
1788040759.7 {"who": "A", "d5": 0.84, "msg": "A hunting; no visual yet"}
1788040771.9 {"who": "A", "d5": 0.792, "msg": "A hunting; no visual yet"}
1788040773.7 {"who": "A", "d5": 0.785, "msg": "A hunting; no visual yet"}
1788040785.4 {"who": "A", "d5": 0.737, "msg": "A hunting; no visual yet"}
1788040788.6 {"who": "A", "d5": 0.721, "msg": "A hunting; no visual yet"}
1788040800.9 {"who": "A", "d5": 0.676, "msg": "A hunting; no visual yet"}
1788040803.6 {"who": "A", "d5": 0.745, "msg": "A hunting; no visual yet"}
1788040814.8 {"who": "A", "d5": 0.83, "msg": "A hunting; no visual yet"}
1788040817.8 {"who": "A", "d5": 0.78, "msg": "A hunting; no visual yet"}
1788040830.3 {"who": "A", "d5": 0.845, "msg": "A hunting; no visual yet"}
1788040832.6 {"who": "A", "d5": 0.843, "msg": "A hunting; no visual yet"}
1788040842.8 {"who": "A", "d5": 0.769, "msg": "A hunting; no visual yet"}
1788040845.3 {"who": "A", "d5": 0.795, "msg": "A hunting; no visual yet"}
1788041106.7 {"who": "A", "d5": 0.646}
1788041110.3 {"who": "A", "d5": 0.652}
1788041116.5 {"who": "A", "d5": 0.768}
1788041118.5 {"who": "A", "msg": "A PARKED (d5 high). B do final approach; I stay.", "d5": 0.862}
1788041120.7 {"who": "A", "d5": 0.895}
1788041122.8 {"who": "A", "msg": "A PARKED (d5 high). B do final approach; I stay.", "d5": 0.915}
1788041125.0 {"who": "A", "d5": 0.929}
1788041127.2 {"who": "A", "msg": "A PARKED (d5 high). B do final approach; I stay.", "d5": 0.937}
1788041129.5 {"who": "A", "d5": 0.944}
1788041131.7 {"who": "A", "msg": "A PARKED (d5 high). B do final approach; I stay.", "d5": 0.936}
1788041133.8 {"who": "A", "d5": 0.92}
1788041136.1 {"who": "A", "msg": "A PARKED (d5 high). B do final approach; I stay.", "d5": 0.895}
1788041138.2 {"who": "A", "d5": 0.848}
1788041140.4 {"who": "A", "msg": "A PARKED (d5 high). B do final approach; I stay.", "d5": 0.836}
1788041142.6 {"who": "A", "d5": 0.791}
1788041146.3 {"who": "A", "d5": 0.811}
1788041152.4 {"who": "A", "d5": 0.647}
1788041156.2 {"who": "A", "d5": 0.704}
1788041159.2 {"who": "A", "d5": 0.648}
1788041164.9 {"who": "A", "d5": 0.66}
1788041168.5 {"who": "A", "msg": "B: NAV: from your last reported pos, I am at compass bearing 329 deg, dist 3.1m. Drive that bearing (avoid walls). I am parked. res=0.0014"}
1788041169.5 {"who": "A", "d5": 0.827}
1788041171.7 {"who": "A", "msg": "A PARKED (d5 high). B do final approach; I stay.", "d5": 0.82}
1788041173.9 {"who": "A", "d5": 0.828}
1788041176.1 {"who": "A", "msg": "A PARKED (d5 high). B do final approach; I stay.", "d5": 0.839}
1788041178.3 {"who": "A", "d5": 0.84}
1788041180.5 {"who": "A", "msg": "A PARKED (d5 high). B do final approach; I stay.", "d5": 0.849}
1788041182.6 {"who": "A", "d5": 0.853}
1788041183.6 {"who": "A", "msg": "B: NAV: from your last reported pos, I am at compass bearing 334 deg, dist 3.0m. Drive that bearing (avoid walls). I am parked. res=0.0029"}
1788041184.8 {"who": "A", "msg": "A PARKED (d5 high). B do final approach; I stay.", "d5": 0.851}
1788041187.1 {"who": "A", "d5": 0.856}
1788041189.2 {"who": "A", "msg": "A PARKED (d5 high). B do final approach; I stay.", "d5": 0.869}
1788041191.5 {"who": "A", "d5": 0.868}
1788041193.6 {"who": "A", "msg": "A PARKED (d5 high). B do final approach; I stay.", "d5": 0.872}
1788041195.8 {"who": "A", "d5": 0.871}
1788041198.0 {"who": "A", "msg": "A PARKED (d5 high). B do final approach; I stay.", "d5": 0.861}
1788041200.3 {"who": "A", "d5": 0.827}
1788041202.4 {"who": "A", "msg": "A PARKED (d5 high). B do final approach; I stay.", "d5": 0.811}
1788041204.5 {"who": "A", "d5": 0.812}
1788041206.8 {"who": "A", "msg": "A PARKED (d5 high). B do final approach; I stay.", "d5": 0.816}
1788041208.9 {"who": "A", "d5": 0.812}
1788041211.0 {"who": "A", "msg": "A PARKED (d5 high). B do final approach; I stay.", "d5": 0.81}
1788041213.3 {"who": "A", "d5": 0.809}
1788041215.3 {"who": "A", "msg": "A PARKED (d5 high). B do final approach; I stay.", "d5": 0.811}
1788041217.5 {"who": "A", "d5": 0.807}
1788041219.7 {"who": "A", "msg": "A PARKED (d5 high). B do final approach; I stay.", "d5": 0.836}
1788041221.8 {"who": "A", "d5": 0.842}
1788041224.0 {"who": "A", "msg": "A PARKED (d5 high). B do final approach; I stay.", "d5": 0.842}
1788041226.2 {"who": "A", "d5": 0.844}
1788041228.3 {"who": "A", "msg": "A PARKED (d5 high). B do final approach; I stay.", "d5": 0.844}
1788041230.4 {"who": "A", "d5": 0.842}
1788041232.6 {"who": "A", "msg": "A PARKED (d5 high). B do final approach; I stay.", "d5": 0.845}
1788041235.0 {"who": "A", "d5": 0.846}
1788041237.0 {"who": "A", "msg": "A PARKED (d5 high). B do final approach; I stay.", "d5": 0.846}
1788041239.1 {"who": "A", "d5": 0.849}
1788041241.3 {"who": "A", "msg": "A PARKED (d5 high). B do final approach; I stay.", "d5": 0.844}
1788041243.5 {"who": "A", "d5": 0.844}
1788041245.7 {"who": "A", "msg": "A PARKED (d5 high). B do final approach; I stay.", "d5": 0.844}
1788041247.9 {"who": "A", "d5": 0.846}
1788041250.1 {"who": "A", "msg": "A PARKED (d5 high). B do final approach; I stay.", "d5": 0.842}
1788041252.2 {"who": "A", "d5": 0.836}
1788041254.4 {"who": "A", "msg": "A PARKED (d5 high). B do final approach; I stay.", "d5": 0.846}
1788041256.6 {"who": "A", "d5": 0.843}
1788041258.7 {"who": "A", "msg": "A PARKED (d5 high). B do final approach; I stay.", "d5": 0.842}
1788041260.9 {"who": "A", "d5": 0.833}
1788041263.1 {"who": "A", "msg": "A PARKED (d5 high). B do final approach; I stay.", "d5": 0.84}
1788041265.3 {"who": "A", "d5": 0.845}
1788041267.4 {"who": "A", "msg": "A PARKED (d5 high). B do final approach; I stay.", "d5": 0.873}
1788041270.0 {"who": "A", "d5": 0.85}
1788041271.9 {"who": "A", "msg": "A PARKED (d5 high). B do final approach; I stay.", "d5": 0.864}
1788041274.0 {"who": "A", "d5": 0.863}
1788041276.2 {"who": "A", "msg": "A PARKED (d5 high). B do final approach; I stay.", "d5": 0.864}
1788041278.4 {"who": "A", "d5": 0.864}
1788041280.5 {"who": "A", "msg": "A PARKED (d5 high). B do final approach; I stay.", "d5": 0.861}
1788041282.7 {"who": "A", "d5": 0.865}
1788041285.0 {"who": "A", "msg": "A PARKED (d5 high). B do final approach; I stay.", "d5": 0.863}
1788041287.0 {"who": "A", "d5": 0.865}
1788041289.2 {"who": "A", "msg": "A PARKED (d5 high). B do final approach; I stay.", "d5": 0.869}
1788041291.6 {"who": "A", "d5": 0.874}
1788041293.5 {"who": "A", "msg": "A PARKED (d5 high). B do final approach; I stay.", "d5": 0.878}
1788041295.7 {"who": "A", "d5": 0.876}
1788041297.8 {"who": "A", "msg": "A PARKED (d5 high). B do final approach; I stay.", "d5": 0.874}
1788041300.0 {"who": "A", "d5": 0.88}
1788041302.3 {"who": "A", "msg": "A PARKED (d5 high). B do final approach; I stay.", "d5": 0.867}
1788041304.4 {"who": "A", "d5": 0.865}
1788041306.6 {"who": "A", "msg": "A PARKED (d5 high). B do final approach; I stay.", "d5": 0.864}
1788041308.8 {"who": "A", "d5": 0.859}
1788041310.9 {"who": "A", "msg": "A PARKED (d5 high). B do final approach; I stay.", "d5": 0.871}
1788041313.1 {"who": "A", "d5": 0.865}
1788041315.3 {"who": "A", "msg": "A PARKED (d5 high). B do final approach; I stay.", "d5": 0.868}
1788041317.4 {"who": "A", "d5": 0.882}
1788041319.6 {"who": "A", "msg": "A PARKED (d5 high). B do final approach; I stay.", "d5": 0.905}
1788041321.8 {"who": "A", "d5": 0.936}
1788041324.0 {"who": "A", "msg": "A PARKED (d5 high). B do final approach; I stay.", "d5": 0.932}
1788041326.2 {"who": "A", "d5": 0.944}
1788041328.3 {"who": "A", "msg": "A PARKED (d5 high). B do final approach; I stay.", "d5": 0.944}
1788041330.5 {"who": "A", "d5": 0.944}
1788041332.8 {"who": "A", "msg": "A PARKED (d5 high). B do final approach; I stay.", "d5": 0.946}
1788041334.8 {"who": "A", "d5": 0.945}
1788041337.3 {"who": "A", "msg": "A PARKED (d5 high). B do final approach; I stay.", "d5": 0.95}
1788041339.2 {"who": "A", "d5": 0.948}
1788041341.6 {"who": "A", "msg": "A PARKED (d5 high). B do final approach; I stay.", "d5": 0.939}
1788041343.7 {"who": "A", "d5": 0.95}
1788041345.9 {"who": "A", "msg": "A PARKED (d5 high). B do final approach; I stay.", "d5": 0.947}
1788041348.0 {"who": "A", "d5": 0.949}
1788041350.2 {"who": "A", "msg": "A PARKED (d5 high). B do final approach; I stay.", "d5": 0.95}
1788041352.4 {"who": "A", "d5": 0.948}
1788041354.6 {"who": "A", "msg": "A PARKED (d5 high). B do final approach; I stay.", "d5": 0.949}
1788041356.8 {"who": "A", "d5": 0.948}
1788041359.0 {"who": "A", "msg": "A PARKED (d5 high). B do final approach; I stay.", "d5": 0.942}
1788041361.2 {"who": "A", "d5": 0.944}
1788041363.4 {"who": "A", "msg": "A PARKED (d5 high). B do final approach; I stay.", "d5": 0.95}
1788041365.6 {"who": "A", "d5": 0.944}
1788041367.7 {"who": "A", "msg": "A PARKED (d5 high). B do final approach; I stay.", "d5": 0.945}
1788041369.9 {"who": "A", "d5": 0.947}
1788041372.0 {"who": "A", "msg": "A PARKED (d5 high). B do final approach; I stay.", "d5": 0.942}
1788041373.6 {"who":"A","msg":"B: AGREED. I lead LEFT-wall-follow starting now. You follow keeping d5>0.75; if your d5<0.6 I pause until >0.7. If either sees here=1: STOP, announce AT_GOAL, other climbs d5 to it."}
1788041374.7 {"who": "A", "msg": "A leading left-wall-follow, stay close", "d5": 0.944}
1788041377.7 {"who": "A", "msg": "A leading left-wall-follow, stay close", "d5": 0.889}
1788041380.8 {"who": "A", "msg": "A leading left-wall-follow, stay close", "d5": 0.828}
1788041383.9 {"who": "A", "msg": "A leading left-wall-follow, stay close", "d5": 0.654}
1788041553.5 {"who": "A", "d5": 0.66}
1788041558.1 {"who": "A", "d5": 0.777}
1788041563.5 {"who": "A", "d5": 0.861}
1788041565.7 {"who": "A", "msg": "A PARKED (d5 high). B do final approach; I stay.", "d5": 0.864}
1788041567.8 {"who": "A", "d5": 0.831}
1788041570.0 {"who": "A", "msg": "A PARKED (d5 high). B do final approach; I stay.", "d5": 0.834}
1788041572.2 {"who": "A", "d5": 0.84}
1788041574.3 {"who": "A", "msg": "A PARKED (d5 high). B do final approach; I stay.", "d5": 0.833}
1788041576.6 {"who": "A", "d5": 0.843}
1788041578.7 {"who": "A", "msg": "A PARKED (d5 high). B do final approach; I stay.", "d5": 0.833}
1788041580.9 {"who": "A", "d5": 0.853}
1788041583.0 {"who": "A", "msg": "A PARKED (d5 high). B do final approach; I stay.", "d5": 0.854}
1788041585.4 {"who": "A", "d5": 0.857}
1788041587.4 {"who": "A", "msg": "A PARKED (d5 high). B do final approach; I stay.", "d5": 0.851}
1788041589.5 {"who": "A", "d5": 0.862}
1788041591.8 {"who": "A", "msg": "A PARKED (d5 high). B do final approach; I stay.", "d5": 0.866}
1788041593.9 {"who": "A", "d5": 0.867}
1788041596.1 {"who": "A", "msg": "A PARKED (d5 high). B do final approach; I stay.", "d5": 0.87}
1788041598.3 {"who": "A", "d5": 0.878}
1788041600.4 {"who": "A", "msg": "A PARKED (d5 high). B do final approach; I stay.", "d5": 0.873}
1788041602.6 {"who": "A", "d5": 0.864}
1788041604.8 {"who": "A", "msg": "A PARKED (d5 high). B do final approach; I stay.", "d5": 0.862}
1788041607.0 {"who": "A", "d5": 0.861}
1788041608.6 {"who":"A","msg":"B: following failed. NEW PLAN: BOTH do wall-follow sweep of whole maze: you LEFT-hand rule, me RIGHT-hand rule. Watch d6 for here=1."}
1788041610.6 {"who":"A","msg":"B: if here=1: PARK in zone, broadcast AT_GOAL every 2s forever. Partner: on hearing AT_GOAL climb d5 to sender. Start sweeping now. Good luck."}
1788041613.5 {"who": "A", "msg": "A PARKED (d5 high). B do final approach; I stay.", "d5": 0.807}
1788041615.7 {"who": "A", "d5": 0.79}
1788041619.1 {"who": "A", "d5": 0.799}
1788041621.6 {"who": "A", "msg": "A PARKED (d5 high). B do final approach; I stay.", "d5": 0.85}
1788041623.8 {"who": "A", "d5": 0.827}
1788041633.5 {"who": "A", "d5": 0.656}
1788041645.1 {"who": "A", "d5": 0.667}
1788041675.7 {"who": "A", "d5": 0.727}
1788041702.8 {"who": "A", "d5": 0.756}
1788041705.3 {"who": "A", "msg": "A PARKED (d5 high). B do final approach; I stay.", "d5": 0.874}
1788041706.5 {"who": "A", "d5": 0.884, "msg": "A sweeping right-hand rule. If you see here=1 park+broadcast AT_GOAL."}
1788041711.6 {"who": "A", "d5": 0.973, "msg": "A sweeping right-hand rule. If you see here=1 park+broadcast AT_GOAL."}
1788041716.9 {"who": "A", "d5": 0.949, "msg": "A sweeping right-hand rule. If you see here=1 park+broadcast AT_GOAL."}
1788041722.0 {"who": "A", "d5": 0.923, "msg": "A sweeping right-hand rule. If you see here=1 park+broadcast AT_GOAL."}
1788041727.8 {"who": "A", "d5": 0.882, "msg": "A sweeping right-hand rule. If you see here=1 park+broadcast AT_GOAL."}
1788041733.1 {"who": "A", "d5": 0.743, "msg": "A sweeping right-hand rule. If you see here=1 park+broadcast AT_GOAL."}
1788041744.1 {"who": "A", "d5": 0.679, "msg": "A sweeping right-hand rule. If you see here=1 park+broadcast AT_GOAL."}
1788041765.3 {"who": "A", "d5": 0.729, "msg": "A sweeping right-hand rule. If you see here=1 park+broadcast AT_GOAL."}
1788041771.3 {"who": "A", "d5": 0.757, "msg": "A sweeping right-hand rule. If you see here=1 park+broadcast AT_GOAL."}
1788041776.1 {"who": "A", "d5": 0.819, "msg": "A sweeping right-hand rule. If you see here=1 park+broadcast AT_GOAL."}
1788041781.6 {"who": "A", "d5": 0.833, "msg": "A sweeping right-hand rule. If you see here=1 park+broadcast AT_GOAL."}
1788041786.7 {"who": "A", "d5": 0.91, "msg": "A sweeping right-hand rule. If you see here=1 park+broadcast AT_GOAL."}
1788041792.3 {"who": "A", "d5": 0.914, "msg": "A sweeping right-hand rule. If you see here=1 park+broadcast AT_GOAL."}
1788041797.4 {"who": "A", "d5": 0.885, "msg": "A sweeping right-hand rule. If you see here=1 park+broadcast AT_GOAL."}
1788041802.6 {"who": "A", "d5": 0.936, "msg": "A sweeping right-hand rule. If you see here=1 park+broadcast AT_GOAL."}
1788041808.1 {"who": "A", "d5": 0.825, "msg": "A sweeping right-hand rule. If you see here=1 park+broadcast AT_GOAL."}
1788041813.2 {"who": "A", "d5": 0.781, "msg": "A sweeping right-hand rule. If you see here=1 park+broadcast AT_GOAL."}
1788041818.8 {"who": "A", "d5": 0.87, "msg": "A sweeping right-hand rule. If you see here=1 park+broadcast AT_GOAL."}
1788041824.8 {"who": "A", "d5": 0.853, "msg": "A sweeping right-hand rule. If you see here=1 park+broadcast AT_GOAL."}
1788041830.0 {"who": "A", "d5": 0.804, "msg": "A sweeping right-hand rule. If you see here=1 park+broadcast AT_GOAL."}
1788041835.3 {"who": "A", "d5": 0.767, "msg": "A sweeping right-hand rule. If you see here=1 park+broadcast AT_GOAL."}
1788041840.7 {"who": "A", "d5": 0.879, "msg": "A sweeping right-hand rule. If you see here=1 park+broadcast AT_GOAL."}
1788041846.5 {"who": "A", "d5": 0.837, "msg": "A sweeping right-hand rule. If you see here=1 park+broadcast AT_GOAL."}
1788041851.7 {"who": "A", "d5": 0.859, "msg": "A sweeping right-hand rule. If you see here=1 park+broadcast AT_GOAL."}
1788041857.2 {"who": "A", "d5": 0.868, "msg": "A sweeping right-hand rule. If you see here=1 park+broadcast AT_GOAL."}
1788041862.3 {"who": "A", "d5": 0.94, "msg": "A sweeping right-hand rule. If you see here=1 park+broadcast AT_GOAL."}
1788041867.4 {"who": "A", "d5": 0.902, "msg": "A sweeping right-hand rule. If you see here=1 park+broadcast AT_GOAL."}
1788041872.6 {"who": "A", "d5": 0.881, "msg": "A sweeping right-hand rule. If you see here=1 park+broadcast AT_GOAL."}
1788041877.7 {"who": "A", "d5": 0.775, "msg": "A sweeping right-hand rule. If you see here=1 park+broadcast AT_GOAL."}
1788041883.6 {"who": "A", "d5": 0.659, "msg": "A sweeping right-hand rule. If you see here=1 park+broadcast AT_GOAL."}
1788041888.7 {"who": "A", "d5": 0.642, "msg": "A sweeping right-hand rule. If you see here=1 park+broadcast AT_GOAL."}
1788041894.4 {"who": "A", "d5": 0.734, "msg": "A sweeping right-hand rule. If you see here=1 park+broadcast AT_GOAL."}
1788041900.2 {"who": "A", "d5": 0.786, "msg": "A sweeping right-hand rule. If you see here=1 park+broadcast AT_GOAL."}
1788041905.4 {"who": "A", "d5": 0.835, "msg": "A sweeping right-hand rule. If you see here=1 park+broadcast AT_GOAL."}
1788041910.5 {"who": "A", "d5": 0.919, "msg": "A sweeping right-hand rule. If you see here=1 park+broadcast AT_GOAL."}
1788041915.5 {"who": "A", "d5": 0.935, "msg": "A sweeping right-hand rule. If you see here=1 park+broadcast AT_GOAL."}
1788041920.6 {"who": "A", "d5": 0.938, "msg": "A sweeping right-hand rule. If you see here=1 park+broadcast AT_GOAL."}
1788041925.7 {"who": "A", "d5": 0.919, "msg": "A sweeping right-hand rule. If you see here=1 park+broadcast AT_GOAL."}
1788041931.6 {"who": "A", "d5": 0.903, "msg": "A sweeping right-hand rule. If you see here=1 park+broadcast AT_GOAL."}
1788041936.6 {"who": "A", "d5": 0.85, "msg": "A sweeping right-hand rule. If you see here=1 park+broadcast AT_GOAL."}
1788041942.5 {"who": "A", "d5": 0.829, "msg": "A sweeping right-hand rule. If you see here=1 park+broadcast AT_GOAL."}
1788041947.5 {"who": "A", "d5": 0.854, "msg": "A sweeping right-hand rule. If you see here=1 park+broadcast AT_GOAL."}
1788041953.1 {"who": "A", "d5": 0.893, "msg": "A sweeping right-hand rule. If you see here=1 park+broadcast AT_GOAL."}
1788041958.3 {"who": "A", "d5": 0.94, "msg": "A sweeping right-hand rule. If you see here=1 park+broadcast AT_GOAL."}
1788041963.5 {"who": "A", "d5": 0.925, "msg": "A sweeping right-hand rule. If you see here=1 park+broadcast AT_GOAL."}
1788041968.9 {"who": "A", "d5": 0.908, "msg": "A sweeping right-hand rule. If you see here=1 park+broadcast AT_GOAL."}
1788041973.9 {"who": "A", "d5": 0.919, "msg": "A sweeping right-hand rule. If you see here=1 park+broadcast AT_GOAL."}
1788041979.8 {"who": "A", "d5": 0.82, "msg": "A sweeping right-hand rule. If you see here=1 park+broadcast AT_GOAL."}
1788041984.9 {"who": "A", "d5": 0.835, "msg": "A sweeping right-hand rule. If you see here=1 park+broadcast AT_GOAL."}
1788041990.6 {"who": "A", "d5": 0.846, "msg": "A sweeping right-hand rule. If you see here=1 park+broadcast AT_GOAL."}
1788041995.7 {"who": "A", "d5": 0.835, "msg": "A sweeping right-hand rule. If you see here=1 park+broadcast AT_GOAL."}
1788042001.0 {"who": "A", "d5": 0.885, "msg": "A sweeping right-hand rule. If you see here=1 park+broadcast AT_GOAL."}
1788042004.6 {"who":"A","msg":"B: ACK token GOALFOUND. Only that token triggers homing. I resume right-hand sweep now."}
1788042009.8 {"who": "A", "d5": 0.834, "msg": "A sweeping right-hand. token GOALFOUND agreed."}
1788042014.9 {"who": "A", "d5": 0.882, "msg": "A sweeping right-hand. token GOALFOUND agreed."}
1788042020.7 {"who": "A", "d5": 0.805, "msg": "A sweeping right-hand. token GOALFOUND agreed."}
1788042025.8 {"who": "A", "d5": 0.815, "msg": "A sweeping right-hand. token GOALFOUND agreed."}
1788042030.8 {"who": "A", "d5": 0.895, "msg": "A sweeping right-hand. token GOALFOUND agreed."}
1788042035.9 {"who": "A", "d5": 0.771, "msg": "A sweeping right-hand. token GOALFOUND agreed."}
1788042041.0 {"who": "A", "d5": 0.785, "msg": "A sweeping right-hand. token GOALFOUND agreed."}
1788042046.9 {"who": "A", "d5": 0.835, "msg": "A sweeping right-hand. token GOALFOUND agreed."}
1788042052.0 {"who": "A", "d5": 0.836, "msg": "A sweeping right-hand. token GOALFOUND agreed."}
1788042057.1 {"who": "A", "d5": 0.881, "msg": "A sweeping right-hand. token GOALFOUND agreed."}
1788042062.3 {"who": "A", "d5": 0.949, "msg": "A sweeping right-hand. token GOALFOUND agreed."}
1788042067.3 {"who": "A", "d5": 0.92, "msg": "A sweeping right-hand. token GOALFOUND agreed."}
1788042073.4 {"who": "A", "d5": 0.908, "msg": "A sweeping right-hand. token GOALFOUND agreed."}
1788042078.4 {"who": "A", "d5": 0.827, "msg": "A sweeping right-hand. token GOALFOUND agreed."}
1788042083.8 {"who": "A", "d5": 0.672, "msg": "A sweeping right-hand. token GOALFOUND agreed."}
1788042088.9 {"who": "A", "d5": 0.723, "msg": "A sweeping right-hand. token GOALFOUND agreed."}
1788042094.2 {"who": "A", "d5": 0.675, "msg": "A sweeping right-hand. token GOALFOUND agreed."}
1788042104.9 {"who": "A", "d5": 0.683, "msg": "A sweeping right-hand. token GOALFOUND agreed."}
1788042110.1 {"who": "A", "d5": 0.835, "msg": "A sweeping right-hand. token GOALFOUND agreed."}
1788042115.2 {"who": "A", "d5": 0.864, "msg": "A sweeping right-hand. token GOALFOUND agreed."}
1788042120.3 {"who": "A", "d5": 0.93, "msg": "A sweeping right-hand. token GOALFOUND agreed."}
1788042126.0 {"who": "A", "d5": 0.924, "msg": "A sweeping right-hand. token GOALFOUND agreed."}
1788042131.2 {"who": "A", "d5": 0.942, "msg": "A sweeping right-hand. token GOALFOUND agreed."}
1788042136.7 {"who": "A", "d5": 0.935, "msg": "A sweeping right-hand. token GOALFOUND agreed."}
1788042141.9 {"who": "A", "d5": 0.953, "msg": "A sweeping right-hand. token GOALFOUND agreed."}
1788042148.0 {"who": "A", "d5": 0.95, "msg": "A sweeping right-hand. token GOALFOUND agreed."}
1788042153.0 {"who": "A", "d5": 0.928, "msg": "A sweeping right-hand. token GOALFOUND agreed."}
1788042158.3 {"who": "A", "d5": 0.961, "msg": "A sweeping right-hand. token GOALFOUND agreed."}
1788042163.4 {"who": "A", "d5": 0.924, "msg": "A sweeping right-hand. token GOALFOUND agreed."}
1788042168.7 {"who": "A", "d5": 0.886, "msg": "A sweeping right-hand. token GOALFOUND agreed."}
1788042173.8 {"who": "A", "d5": 0.84, "msg": "A sweeping right-hand. token GOALFOUND agreed."}
1788042179.4 {"who": "A", "d5": 0.838, "msg": "A sweeping right-hand. token GOALFOUND agreed."}
1788042184.4 {"who": "A", "d5": 0.698, "msg": "A sweeping right-hand. token GOALFOUND agreed."}
1788042190.2 {"who": "A", "d5": 0.696, "msg": "A sweeping right-hand. token GOALFOUND agreed."}
1788042195.3 {"who": "A", "d5": 0.731, "msg": "A sweeping right-hand. token GOALFOUND agreed."}
1788042201.1 {"who": "A", "d5": 0.828, "msg": "A sweeping right-hand. token GOALFOUND agreed."}
1788042206.2 {"who": "A", "d5": 0.783, "msg": "A sweeping right-hand. token GOALFOUND agreed."}
1788042211.4 {"who": "A", "d5": 0.869, "msg": "A sweeping right-hand. token GOALFOUND agreed."}
1788042217.2 {"who": "A", "d5": 0.96, "msg": "A sweeping right-hand. token GOALFOUND agreed."}
1788042222.2 {"who": "A", "d5": 0.935, "msg": "A sweeping right-hand. token GOALFOUND agreed."}
1788042227.3 {"who": "A", "d5": 0.903, "msg": "A sweeping right-hand. token GOALFOUND agreed."}
1788042232.4 {"who": "A", "d5": 0.895, "msg": "A sweeping right-hand. token GOALFOUND agreed."}
1788042238.0 {"who": "A", "d5": 0.841, "msg": "A sweeping right-hand. token GOALFOUND agreed."}
1788042244.1 {"who": "A", "d5": 0.767, "msg": "A sweeping right-hand. token GOALFOUND agreed."}
1788042249.1 {"who": "A", "d5": 0.803, "msg": "A sweeping right-hand. token GOALFOUND agreed."}
1788042254.1 {"who": "A", "d5": 0.871, "msg": "A sweeping right-hand. token GOALFOUND agreed."}
1788042259.8 {"who": "A", "d5": 0.857, "msg": "A sweeping right-hand. token GOALFOUND agreed."}
1788042264.8 {"who": "A", "d5": 0.883, "msg": "A sweeping right-hand. token GOALFOUND agreed."}
1788042270.3 {"who": "A", "d5": 0.877, "msg": "A sweeping right-hand. token GOALFOUND agreed."}
1788042275.8 {"who": "A", "d5": 0.929, "msg": "A sweeping right-hand. token GOALFOUND agreed."}
1788042280.8 {"who": "A", "d5": 0.923, "msg": "A sweeping right-hand. token GOALFOUND agreed."}
1788042286.0 {"who": "A", "d5": 0.947, "msg": "A sweeping right-hand. token GOALFOUND agreed."}
1788042291.3 {"who": "A", "d5": 0.827, "msg": "A sweeping right-hand. token GOALFOUND agreed."}
1788042296.5 {"who": "A", "d5": 0.814, "msg": "A sweeping right-hand. token GOALFOUND agreed."}
1788042302.2 {"who": "A", "d5": 0.779, "msg": "A sweeping right-hand. token GOALFOUND agreed."}
1788042307.3 {"who": "A", "d5": 0.71, "msg": "A sweeping right-hand. token GOALFOUND agreed."}
1788042312.4 {"who": "A", "d5": 0.781, "msg": "A sweeping right-hand. token GOALFOUND agreed."}
1788042318.2 {"who": "A", "d5": 0.855, "msg": "A sweeping right-hand. token GOALFOUND agreed."}
1788042323.3 {"who": "A", "d5": 0.941, "msg": "A sweeping right-hand. token GOALFOUND agreed."}
1788042328.7 {"who": "A", "d5": 0.939, "msg": "A sweeping right-hand. token GOALFOUND agreed."}
1788042333.8 {"who": "A", "d5": 0.933, "msg": "A sweeping right-hand. token GOALFOUND agreed."}
1788042338.8 {"who": "A", "d5": 0.893, "msg": "A sweeping right-hand. token GOALFOUND agreed."}
1788042344.7 {"who": "A", "d5": 0.801, "msg": "A sweeping right-hand. token GOALFOUND agreed."}
1788042349.8 {"who": "A", "d5": 0.801, "msg": "A sweeping right-hand. token GOALFOUND agreed."}
1788042355.4 {"who": "A", "d5": 0.765, "msg": "A sweeping right-hand. token GOALFOUND agreed."}
1788042360.5 {"who": "A", "d5": 0.635, "msg": "A sweeping right-hand. token GOALFOUND agreed."}
1788042413.1 {"who": "A", "d5": 0.68, "msg": "A sweeping right-hand. token GOALFOUND agreed."}
1788042418.7 {"who": "A", "d5": 0.804, "msg": "A sweeping right-hand. token GOALFOUND agreed."}
1788042424.4 {"who": "A", "d5": 0.866, "msg": "A sweeping right-hand. token GOALFOUND agreed."}
1788042429.6 {"who": "A", "d5": 0.852, "msg": "A sweeping right-hand. token GOALFOUND agreed."}
1788042434.8 {"who": "A", "d5": 0.8, "msg": "A sweeping right-hand. token GOALFOUND agreed."}
1788042440.1 {"who": "A", "d5": 0.758, "msg": "A sweeping right-hand. token GOALFOUND agreed."}
1788042445.2 {"who": "A", "d5": 0.788, "msg": "A sweeping right-hand. token GOALFOUND agreed."}
1788042450.4 {"who": "A", "d5": 0.752, "msg": "A sweeping right-hand. token GOALFOUND agreed."}
1788042455.6 {"who": "A", "d5": 0.715, "msg": "A sweeping right-hand. token GOALFOUND agreed."}
1788042460.8 {"who": "A", "d5": 0.835, "msg": "A sweeping right-hand. token GOALFOUND agreed."}
1788042465.9 {"who": "A", "d5": 0.918, "msg": "A sweeping right-hand. token GOALFOUND agreed."}
1788042470.9 {"who": "A", "d5": 0.925, "msg": "A sweeping right-hand. token GOALFOUND agreed."}
1788042476.1 {"who": "A", "d5": 0.925, "msg": "A sweeping right-hand. token GOALFOUND agreed."}
1788042481.1 {"who": "A", "d5": 0.928, "msg": "A sweeping right-hand. token GOALFOUND agreed."}
1788042486.3 {"who": "A", "d5": 0.895, "msg": "A sweeping right-hand. token GOALFOUND agreed."}
1788042491.3 {"who": "A", "d5": 0.834, "msg": "A sweeping right-hand. token GOALFOUND agreed."}
1788042496.9 {"who": "A", "d5": 0.801, "msg": "A sweeping right-hand. token GOALFOUND agreed."}
1788042502.0 {"who": "A", "d5": 0.742, "msg": "A sweeping right-hand. token GOALFOUND agreed."}
1788042507.8 {"who": "A", "d5": 0.726, "msg": "A sweeping right-hand. token GOALFOUND agreed."}
1788042512.9 {"who": "A", "d5": 0.852, "msg": "A sweeping right-hand. token GOALFOUND agreed."}
1788042519.0 {"who": "A", "d5": 0.912, "msg": "A sweeping right-hand. token GOALFOUND agreed."}
1788042524.3 {"who": "A", "d5": 0.946, "msg": "A sweeping right-hand. token GOALFOUND agreed."}
1788042529.6 {"who": "A", "d5": 0.923, "msg": "A sweeping right-hand. token GOALFOUND agreed."}
1788042534.7 {"who": "A", "d5": 0.935, "msg": "A sweeping right-hand. token GOALFOUND agreed."}
1788042540.5 {"who": "A", "d5": 0.911, "msg": "A sweeping right-hand. token GOALFOUND agreed."}
1788042545.6 {"who": "A", "d5": 0.868, "msg": "A sweeping right-hand. token GOALFOUND agreed."}
1788042550.9 {"who": "A", "d5": 0.887, "msg": "A sweeping right-hand. token GOALFOUND agreed."}
1788042556.0 {"who": "A", "d5": 0.941, "msg": "A sweeping right-hand. token GOALFOUND agreed."}
1788042561.5 {"who": "A", "d5": 0.92, "msg": "A sweeping right-hand. token GOALFOUND agreed."}
1788042566.6 {"who": "A", "d5": 0.94, "msg": "A sweeping right-hand. token GOALFOUND agreed."}
1788042572.6 {"who": "A", "d5": 0.913, "msg": "A sweeping right-hand. token GOALFOUND agreed."}
1788042578.6 {"who": "A", "d5": 0.841, "msg": "A sweeping right-hand. token GOALFOUND agreed."}
1788042583.6 {"who": "A", "d5": 0.85, "msg": "A sweeping right-hand. token GOALFOUND agreed."}
1788042588.7 {"who": "A", "d5": 0.869, "msg": "A sweeping right-hand. token GOALFOUND agreed."}
1788042594.6 {"who": "A", "d5": 0.921, "msg": "A sweeping right-hand. token GOALFOUND agreed."}
1788042599.7 {"who": "A", "d5": 0.934, "msg": "A sweeping right-hand. token GOALFOUND agreed."}
1788042605.1 {"who":"A","msg":"B: test co-location trigger. I PARK+WIGGLE now. Follow my NAV bearing msgs to me exactly; final approach: I am the wiggling lidar blob. Lets touch (d5 1.0)."}
1788042650.2 {"who": "A", "msg": "B: NAV: from your last reported pos, I am at compass bearing 30 deg, dist 4.0m. Drive that bearing (avoid walls). I am parked. res=0.0001"}
1788042665.3 {"who": "A", "msg": "B: NAV: from your last reported pos, I am at compass bearing 17 deg, dist 2.3m. Drive that bearing (avoid walls). I am parked. res=0.0001"}
1788042680.4 {"who": "A", "msg": "B: NAV: from your last reported pos, I am at compass bearing 15 deg, dist 2.8m. Drive that bearing (avoid walls). I am parked. res=0.0001"}
1788042695.5 {"who": "A", "msg": "B: NAV: from your last reported pos, I am at compass bearing 334 deg, dist 2.2m. Drive that bearing (avoid walls). I am parked. res=0.0001"}
1788042710.7 {"who": "A", "msg": "B: NAV: from your last reported pos, I am at compass bearing 324 deg, dist 2.9m. Drive that bearing (avoid walls). I am parked. res=0.0001"}
1788042725.8 {"who": "A", "msg": "B: NAV: from your last reported pos, I am at compass bearing 321 deg, dist 2.9m. Drive that bearing (avoid walls). I am parked. res=0.0001"}
1788042741.0 {"who": "A", "msg": "B: NAV: from your last reported pos, I am at compass bearing 336 deg, dist 3.0m. Drive that bearing (avoid walls). I am parked. res=0.0002"}
1788042756.1 {"who": "A", "msg": "B: NAV: from your last reported pos, I am at compass bearing 337 deg, dist 3.2m. Drive that bearing (avoid walls). I am parked. res=0.0005"}
1788042801.8 {"who": "A", "msg": "B: NAV: from your last reported pos, I am at compass bearing 337 deg, dist 3.4m. Drive that bearing (avoid walls). I am parked. res=0.0006"}
1788042877.7 {"who": "A", "msg": "B: NAV: from your last reported pos, I am at compass bearing 328 deg, dist 3.1m. Drive that bearing (avoid walls). I am parked. res=0.0006"}
1788042893.0 {"who": "A", "msg": "B: NAV: from your last reported pos, I am at compass bearing 343 deg, dist 2.7m. Drive that bearing (avoid walls). I am parked. res=0.0007"}
1788042908.2 {"who": "A", "msg": "B: NAV: from your last reported pos, I am at compass bearing 325 deg, dist 3.3m. Drive that bearing (avoid walls). I am parked. res=0.0007"}
1788042954.2 {"who": "A", "msg": "B: NAV: from your last reported pos, I am at compass bearing 337 deg, dist 3.8m. Drive that bearing (avoid walls). I am parked. res=0.0008"}
1788042969.3 {"who": "A", "msg": "B: NAV: from your last reported pos, I am at compass bearing 339 deg, dist 4.6m. Drive that bearing (avoid walls). I am parked. res=0.0014"}
1788042999.9 {"who": "A", "msg": "B: NAV: from your last reported pos, I am at compass bearing 338 deg, dist 4.0m. Drive that bearing (avoid walls). I am parked. res=0.0014"}
1788043015.2 {"who": "A", "msg": "B: NAV: from your last reported pos, I am at compass bearing 335 deg, dist 3.8m. Drive that bearing (avoid walls). I am parked. res=0.0014"}
1788043030.5 {"who": "A", "msg": "B: NAV: from your last reported pos, I am at compass bearing 343 deg, dist 3.6m. Drive that bearing (avoid walls). I am parked. res=0.0013"}
1788043045.9 {"who": "A", "msg": "B: NAV: from your last reported pos, I am at compass bearing 3 deg, dist 3.4m. Drive that bearing (avoid walls). I am parked. res=0.0018"}
1788043061.1 {"who":"A","msg":"B: HOLD position and beacon. I circumnavigate walls toward you (bug alg on d5). When you see a moving blob, approach it."}
1788043065.4 {"who": "A", "d5": 0.933, "msg": "A wall-circumnavigating to you; hold position, keep beaconing"}
1788043070.5 {"who": "A", "d5": 0.917, "msg": "A wall-circumnavigating to you; hold position, keep beaconing"}
1788043075.2 {"who": "A", "d5": 0.932, "msg": "A wall-circumnavigating to you; hold position, keep beaconing"}
1788043076.6 {"who": "A", "msg": "B: NAV: from your last reported pos, I am at compass bearing 346 deg, dist 4.8m. Drive that bearing (avoid walls). I am parked. res=0.0025"}
1788043079.4 {"who": "A", "d5": 0.95, "msg": "A wall-circumnavigating to you; hold position, keep beaconing"}
1788043083.4 {"who": "A", "d5": 0.904, "msg": "A wall-circumnavigating to you; hold position, keep beaconing"}
1788043087.6 {"who": "A", "d5": 0.931, "msg": "A wall-circumnavigating to you; hold position, keep beaconing"}
1788043091.5 {"who": "A", "d5": 0.927, "msg": "A wall-circumnavigating to you; hold position, keep beaconing"}
1788043096.5 {"who": "A", "d5": 0.91, "msg": "A wall-circumnavigating to you; hold position, keep beaconing"}
1788043101.0 {"who": "A", "d5": 0.937, "msg": "A wall-circumnavigating to you; hold position, keep beaconing"}
1788043105.1 {"who": "A", "d5": 0.928, "msg": "A wall-circumnavigating to you; hold position, keep beaconing"}
1788043107.6 {"who": "A", "msg": "B: NAV: from your last reported pos, I am at compass bearing 319 deg, dist 6.4m. Drive that bearing (avoid walls). I am parked. res=0.0030"}
1788043109.2 {"who": "A", "d5": 0.936, "msg": "A wall-circumnavigating to you; hold position, keep beaconing"}
1788043113.4 {"who": "A", "d5": 0.899, "msg": "A wall-circumnavigating to you; hold position, keep beaconing"}
1788043117.6 {"who": "A", "d5": 0.84, "msg": "A wall-circumnavigating to you; hold position, keep beaconing"}
1788043122.8 {"who": "A", "msg": "B: NAV: from your last reported pos, I am at compass bearing 360 deg, dist 4.0m. Drive that bearing (avoid walls). I am parked. res=0.0027"}
1788043128.0 {"who": "A", "d5": 0.819, "msg": "A wall-circumnavigating to you; hold position, keep beaconing"}
1788043132.5 {"who": "A", "d5": 0.909, "msg": "A wall-circumnavigating to you; hold position, keep beaconing"}
1788043136.7 {"who": "A", "d5": 0.843, "msg": "A wall-circumnavigating to you; hold position, keep beaconing"}
1788043138.2 {"who": "A", "msg": "B: NAV: from your last reported pos, I am at compass bearing 5 deg, dist 3.4m. Drive that bearing (avoid walls). I am parked. res=0.0024"}
1788043140.8 {"who": "A", "d5": 0.812, "msg": "A wall-circumnavigating to you; hold position, keep beaconing"}
1788043145.6 {"who": "A", "d5": 0.895, "msg": "A wall-circumnavigating to you; hold position, keep beaconing"}
1788043149.6 {"who": "A", "d5": 0.848, "msg": "A wall-circumnavigating to you; hold position, keep beaconing"}
1788043153.6 {"who": "A", "msg": "B: NAV: from your last reported pos, I am at compass bearing 15 deg, dist 2.9m. Drive that bearing (avoid walls). I am parked. res=0.0023"}
1788043157.8 {"who": "A", "d5": 0.869, "msg": "A wall-circumnavigating to you; hold position, keep beaconing"}
1788043161.9 {"who": "A", "d5": 0.886, "msg": "A wall-circumnavigating to you; hold position, keep beaconing"}
1788043166.0 {"who": "A", "d5": 0.809, "msg": "A wall-circumnavigating to you; hold position, keep beaconing"}
1788043169.0 {"who": "A", "msg": "B: NAV: from your last reported pos, I am at compass bearing 26 deg, dist 2.6m. Drive that bearing (avoid walls). I am parked. res=0.0017"}
1788043174.0 {"who": "A", "d5": 0.876, "msg": "A wall-circumnavigating to you; hold position, keep beaconing"}
1788043178.3 {"who": "A", "d5": 0.873, "msg": "A wall-circumnavigating to you; hold position, keep beaconing"}
1788043182.4 {"who": "A", "d5": 0.901, "msg": "A wall-circumnavigating to you; hold position, keep beaconing"}
1788043184.4 {"who": "A", "msg": "B: NAV: from your last reported pos, I am at compass bearing 22 deg, dist 2.3m. Drive that bearing (avoid walls). I am parked. res=0.0014"}
1788043187.3 {"who": "A", "d5": 0.859, "msg": "A wall-circumnavigating to you; hold position, keep beaconing"}
1788043191.4 {"who": "A", "d5": 0.877, "msg": "A wall-circumnavigating to you; hold position, keep beaconing"}
1788043195.3 {"who": "A", "d5": 0.886, "msg": "A wall-circumnavigating to you; hold position, keep beaconing"}
1788043199.5 {"who": "A", "d5": 0.851, "msg": "A wall-circumnavigating to you; hold position, keep beaconing"}
1788043204.5 {"who": "A", "d5": 0.863, "msg": "A wall-circumnavigating to you; hold position, keep beaconing"}
1788043208.9 {"who": "A", "d5": 0.793, "msg": "A wall-circumnavigating to you; hold position, keep beaconing"}
1788043212.8 {"who": "A", "d5": 0.823, "msg": "A wall-circumnavigating to you; hold position, keep beaconing"}
1788043215.2 {"who": "A", "msg": "B: NAV: from your last reported pos, I am at compass bearing 30 deg, dist 2.5m. Drive that bearing (avoid walls). I am parked. res=0.0012"}
1788043216.8 {"who": "A", "d5": 0.84, "msg": "A wall-circumnavigating to you; hold position, keep beaconing"}
1788043220.9 {"who": "A", "d5": 0.865, "msg": "A wall-circumnavigating to you; hold position, keep beaconing"}
1788043225.6 {"who": "A", "d5": 0.898, "msg": "A wall-circumnavigating to you; hold position, keep beaconing"}
1788043229.7 {"who": "A", "d5": 0.892, "msg": "A wall-circumnavigating to you; hold position, keep beaconing"}
1788043233.9 {"who": "A", "d5": 0.903, "msg": "A wall-circumnavigating to you; hold position, keep beaconing"}
1788043237.9 {"who": "A", "d5": 0.829, "msg": "A wall-circumnavigating to you; hold position, keep beaconing"}
1788043242.0 {"who": "A", "d5": 0.854, "msg": "A wall-circumnavigating to you; hold position, keep beaconing"}
1788043246.0 {"who": "A", "msg": "B: NAV: from your last reported pos, I am at compass bearing 25 deg, dist 2.7m. Drive that bearing (avoid walls). I am parked. res=0.0011"}
1788043250.9 {"who": "A", "d5": 0.841, "msg": "A wall-circumnavigating to you; hold position, keep beaconing"}
1788043254.9 {"who": "A", "d5": 0.865, "msg": "A wall-circumnavigating to you; hold position, keep beaconing"}
1788043259.0 {"who": "A", "d5": 0.841, "msg": "A wall-circumnavigating to you; hold position, keep beaconing"}
1788043261.4 {"who": "A", "msg": "B: NAV: from your last reported pos, I am at compass bearing 21 deg, dist 2.5m. Drive that bearing (avoid walls). I am parked. res=0.0011"}
1788043263.2 {"who": "A", "d5": 0.882, "msg": "A wall-circumnavigating to you; hold position, keep beaconing"}
1788043267.4 {"who": "A", "d5": 0.873, "msg": "A wall-circumnavigating to you; hold position, keep beaconing"}
1788043271.4 {"who": "A", "d5": 0.84, "msg": "A wall-circumnavigating to you; hold position, keep beaconing"}
1788043276.3 {"who": "A", "d5": 0.781, "msg": "A wall-circumnavigating to you; hold position, keep beaconing"}
1788043280.3 {"who": "A", "d5": 0.736, "msg": "A wall-circumnavigating to you; hold position, keep beaconing"}
1788043284.5 {"who": "A", "d5": 0.896, "msg": "A wall-circumnavigating to you; hold position, keep beaconing"}
1788043288.5 {"who": "A", "d5": 0.911, "msg": "A wall-circumnavigating to you; hold position, keep beaconing"}
1788043292.2 {"who": "A", "msg": "B: NAV: from your last reported pos, I am at compass bearing 21 deg, dist 2.3m. Drive that bearing (avoid walls). I am parked. res=0.0013"}
1788043296.9 {"who": "A", "d5": 0.789, "msg": "A wall-circumnavigating to you; hold position, keep beaconing"}
1788043301.4 {"who": "A", "d5": 0.842, "msg": "A wall-circumnavigating to you; hold position, keep beaconing"}
1788043306.0 {"who": "A", "d5": 0.811, "msg": "A wall-circumnavigating to you; hold position, keep beaconing"}
1788043307.6 {"who": "A", "msg": "B: NAV: from your last reported pos, I am at compass bearing 25 deg, dist 2.6m. Drive that bearing (avoid walls). I am parked. res=0.0015"}
1788043309.9 {"who": "A", "d5": 0.912, "msg": "A wall-circumnavigating to you; hold position, keep beaconing"}
1788043314.0 {"who": "A", "d5": 0.846, "msg": "A wall-circumnavigating to you; hold position, keep beaconing"}
1788043318.0 {"who": "A", "d5": 0.833, "msg": "A wall-circumnavigating to you; hold position, keep beaconing"}
1788043322.1 {"who": "A", "d5": 0.8, "msg": "A wall-circumnavigating to you; hold position, keep beaconing"}
1788043326.1 {"who": "A", "d5": 0.761, "msg": "A wall-circumnavigating to you; hold position, keep beaconing"}
1788043330.1 {"who": "A", "d5": 0.678, "msg": "A wall-circumnavigating to you; hold position, keep beaconing"}
1788043334.8 {"who": "A", "d5": 0.774, "msg": "A wall-circumnavigating to you; hold position, keep beaconing"}
1788043338.5 {"who": "A", "msg": "B: NAV: from your last reported pos, I am at compass bearing 32 deg, dist 2.3m. Drive that bearing (avoid walls). I am parked. res=0.0019"}
1788043343.7 {"who": "A", "d5": 0.863, "msg": "A wall-circumnavigating to you; hold position, keep beaconing"}
1788043347.7 {"who": "A", "d5": 0.823, "msg": "A wall-circumnavigating to you; hold position, keep beaconing"}
1788043351.7 {"who": "A", "d5": 0.882, "msg": "A wall-circumnavigating to you; hold position, keep beaconing"}
1788043353.9 {"who": "A", "msg": "B: NAV: from your last reported pos, I am at compass bearing 171 deg, dist 2.2m. Drive that bearing (avoid walls). I am parked. res=0.0019"}
1788043356.1 {"who": "A", "d5": 0.745, "msg": "A wall-circumnavigating to you; hold position, keep beaconing"}
1788043360.3 {"who": "A", "d5": 0.868, "msg": "A wall-circumnavigating to you; hold position, keep beaconing"}
1788043364.4 {"who": "A", "d5": 0.808, "msg": "A wall-circumnavigating to you; hold position, keep beaconing"}
1788043368.5 {"who": "A", "d5": 0.863, "msg": "A wall-circumnavigating to you; hold position, keep beaconing"}
1788043371.4 {"who":"A","msg":"B: also useful: compasses are shared. NAV fit method: parked robot fits partner offset from (x,y,d5) beacons. Good luck. -A"}
1788043372.7 {"who": "A", "d5": 0.89, "msg": "A wall-circumnavigating to you; hold position, keep beaconing"}
1788043376.7 {"who": "A", "d5": 0.8, "msg": "A wall-circumnavigating to you; hold position, keep beaconing"}
1788043380.8 {"who": "A", "d5": 0.813, "msg": "A wall-circumnavigating to you; hold position, keep beaconing"}
1788043384.7 {"who": "A", "msg": "B: NAV: from your last reported pos, I am at compass bearing 39 deg, dist 5.2m. Drive that bearing (avoid walls). I am parked. res=0.0024"}
1788043389.1 {"who": "A", "d5": 0.805, "msg": "A wall-circumnavigating to you; hold position, keep beaconing"}
1788043393.2 {"who": "A", "d5": 0.74, "msg": "A wall-circumnavigating to you; hold position, keep beaconing"}
1788043397.9 {"who": "A", "d5": 0.922, "msg": "A wall-circumnavigating to you; hold position, keep beaconing"}
1788043400.1 {"who": "A", "msg": "B: NAV: from your last reported pos, I am at compass bearing 52 deg, dist 11.8m. Drive that bearing (avoid walls). I am parked. res=0.0027"}
1788043402.0 {"who": "A", "d5": 0.831, "msg": "A wall-circumnavigating to you; hold position, keep beaconing"}
1788043406.6 {"who": "A", "d5": 0.797, "msg": "A wall-circumnavigating to you; hold position, keep beaconing"}
1788043410.6 {"who": "A", "d5": 0.846, "msg": "A wall-circumnavigating to you; hold position, keep beaconing"}
1788043414.7 {"who": "A", "d5": 0.811, "msg": "A wall-circumnavigating to you; hold position, keep beaconing"}
1788043418.7 {"who": "A", "d5": 0.884, "msg": "A wall-circumnavigating to you; hold position, keep beaconing"}
1788043423.2 {"who": "A", "d5": 0.836, "msg": "A wall-circumnavigating to you; hold position, keep beaconing"}
1788043428.4 {"who": "A", "d5": 0.896, "msg": "A wall-circumnavigating to you; hold position, keep beaconing"}
1788043430.9 {"who": "A", "msg": "B: NAV: from your last reported pos, I am at compass bearing 35 deg, dist 9.9m. Drive that bearing (avoid walls). I am parked. res=0.0028"}
1788043432.4 {"who": "A", "d5": 0.839, "msg": "A wall-circumnavigating to you; hold position, keep beaconing"}
1788043437.0 {"who": "A", "d5": 0.82, "msg": "A wall-circumnavigating to you; hold position, keep beaconing"}
1788043441.5 {"who": "A", "d5": 0.791, "msg": "A wall-circumnavigating to you; hold position, keep beaconing"}
1788043445.5 {"who": "A", "d5": 0.834, "msg": "A wall-circumnavigating to you; hold position, keep beaconing"}
1788043447.9 {"who":"A","msg":"B: sorry - my last protocol msg contained the token word again by mistake. I am NOT at goal. Ignore and resume your sweep. I will only ever send it bare."}
1788043450.2 {"who": "A", "d5": 0.768, "msg": "A wall-circumnavigating to you; hold position, keep beaconing"}
1788043454.2 {"who": "A", "d5": 0.8, "msg": "A wall-circumnavigating to you; hold position, keep beaconing"}
1788043458.4 {"who": "A", "d5": 0.777, "msg": "A wall-circumnavigating to you; hold position, keep beaconing"}
1788043461.7 {"who": "A", "msg": "B: NAV: from your last reported pos, I am at compass bearing 179 deg, dist 7.9m. Drive that bearing (avoid walls). I am parked. res=0.0031"}
1788043467.2 {"who": "A", "d5": 0.799, "msg": "A wall-circumnavigating to you; hold position, keep beaconing"}
1788043471.3 {"who": "A", "d5": 0.711, "msg": "A wall-circumnavigating to you; hold position, keep beaconing"}
1788043475.4 {"who": "A", "d5": 0.719, "msg": "A wall-circumnavigating to you; hold position, keep beaconing"}
1788043477.1 {"who": "A", "msg": "B: NAV: from your last reported pos, I am at compass bearing 186 deg, dist 5.4m. Drive that bearing (avoid walls). I am parked. res=0.0034"}
1788043479.9 {"who": "A", "d5": 0.872, "msg": "A wall-circumnavigating to you; hold position, keep beaconing"}
1788043484.0 {"who": "A", "d5": 0.8, "msg": "A wall-circumnavigating to you; hold position, keep beaconing"}
1788043488.1 {"who": "A", "d5": 0.746, "msg": "A wall-circumnavigating to you; hold position, keep beaconing"}
1788043492.5 {"who": "A", "msg": "B: NAV: from your last reported pos, I am at compass bearing 185 deg, dist 5.4m. Drive that bearing (avoid walls). I am parked. res=0.0034"}
1788043497.6 {"who": "A", "d5": 0.894, "msg": "A wall-circumnavigating to you; hold position, keep beaconing"}
1788043501.6 {"who": "A", "d5": 0.892, "msg": "A wall-circumnavigating to you; hold position, keep beaconing"}
1788043506.0 {"who": "A", "d5": 0.818, "msg": "A wall-circumnavigating to you; hold position, keep beaconing"}
1788043507.9 {"who": "A", "msg": "B: NAV: from your last reported pos, I am at compass bearing 177 deg, dist 6.3m. Drive that bearing (avoid walls). I am parked. res=0.0035"}
1788043510.3 {"who": "A", "d5": 0.828, "msg": "A wall-circumnavigating to you; hold position, keep beaconing"}
1788043515.5 {"who": "A", "d5": 0.787, "msg": "A wall-circumnavigating to you; hold position, keep beaconing"}
1788043519.6 {"who": "A", "d5": 0.829, "msg": "A wall-circumnavigating to you; hold position, keep beaconing"}
1788043523.3 {"who": "A", "msg": "B: NAV: from your last reported pos, I am at compass bearing 179 deg, dist 7.3m. Drive that bearing (avoid walls). I am parked. res=0.0035"}
1788043527.8 {"who": "A", "d5": 0.795, "msg": "A wall-circumnavigating to you; hold position, keep beaconing"}
1788043532.9 {"who": "A", "d5": 0.812, "msg": "A wall-circumnavigating to you; hold position, keep beaconing"}
1788043536.9 {"who": "A", "d5": 0.814, "msg": "A wall-circumnavigating to you; hold position, keep beaconing"}
1788043538.7 {"who": "A", "msg": "B: NAV: from your last reported pos, I am at compass bearing 179 deg, dist 8.2m. Drive that bearing (avoid walls). I am parked. res=0.0034"}
1788043540.9 {"who": "A", "d5": 0.863, "msg": "A wall-circumnavigating to you; hold position, keep beaconing"}
1788043545.0 {"who": "A", "d5": 0.79, "msg": "A wall-circumnavigating to you; hold position, keep beaconing"}
1788043549.1 {"who": "A", "d5": 0.759, "msg": "A wall-circumnavigating to you; hold position, keep beaconing"}
1788043553.1 {"who": "A", "d5": 0.76, "msg": "A wall-circumnavigating to you; hold position, keep beaconing"}
1788043557.6 {"who": "A", "d5": 0.864, "msg": "A wall-circumnavigating to you; hold position, keep beaconing"}
1788043561.7 {"who": "A", "d5": 0.773, "msg": "A wall-circumnavigating to you; hold position, keep beaconing"}
1788043565.8 {"who": "A", "d5": 0.729, "msg": "A wall-circumnavigating to you; hold position, keep beaconing"}
1788043569.5 {"who": "A", "msg": "B: NAV: from your last reported pos, I am at compass bearing 176 deg, dist 9.2m. Drive that bearing (avoid walls). I am parked. res=0.0035"}
1788043655.4 {"who": "A", "d5": 0.665, "msg": "A wall-circumnavigating to you; hold position, keep beaconing"}
1788043668.3 {"who": "A", "d5": 0.667, "msg": "A wall-circumnavigating to you; hold position, keep beaconing"}
1788043799.5 {"who": "A", "d5": 0.658, "msg": "A sweeping right-hand"}
