=== SLOWSPIN: 6 deg/s rotate, log clusters+d11 every 1.2s
S 0 h=176 d11=0.420 | -0.2:0.57(110) +0.0:0.28(583) +0.2:0.78(100) tick=677466 goal=0 here=0
S 1 h=187 d11=0.406 | -0.2:0.37(104) +0.0:0.30(619) +0.2:0.34(94) 
S 2 h=190 d11= | -0.2:0.39(95) +0.0:0.31(627) +0.2:0.39(84) tick=677708 goal=0 here=0
S 4 h=201 d11=0.400 | -0.2:0.36(88) +0.0:0.32(645) +0.2:0.32(81) tick=677822 goal=0 here=0
S 5 h=0 d11=0.419 | -0.2:0.35(101) +0.0:0.32(688) +0.2:0.35(105) tick=677951 goal=0 here=0
S 6 h=220 d11=0.391 | -0.2:0.37(127) +0.0:0.32(720) +0.2:0.39(122) tick=678071 goal=0 here=0
S 7 h=228 d11=0.389 | -0.2:0.39(154) +0.0:0.33(734) +0.2:0.45(132) tick=678193 goal=0 here=0
S 9 h=236 d11=0.380 | -0.2:0.45(174) +0.0:0.38(757) +0.2:0.50(139) tick=678313 goal=0 here=0
S 10 h=243 d11=0.381 | -0.2:0.48(194) +0.0:0.43(765) +0.2:0.53(152) tick=678434 goal=0 here=0
S 11 h=252 d11=0.392 | -0.2:0.50(208) +0.0:0.44(762) +0.2:0.53(156) tick=678556 goal=0 here=0
S 12 h=263 d11=0.378 | -0.2:0.52(221) +0.0:0.44(665) +0.2:0.52(169) tick=678678 goal=0 here=0
S 13 h=273 d11=0.400 | -0.2:0.52(196) +0.0:0.47(479) +0.2:0.50(126) tick=678799 goal=0 here=0
S 15 h=279 d11=0.398 | -0.2:0.53(188) +0.0:0.48(386) +0.2:0.50(124) tick=678919 goal=0 here=0
S 16 h=290 d11=0.401 | -0.2:0.54(173) +0.0:0.51(356) +0.2:0.52(112) tick=679042 goal=0 here=0
S 17 h=297 d11=0.422 | -0.2:0.56(159) +0.0:0.50(309) +0.2:0.55(92) tick=679162 goal=0 here=0
S 18 h=308 d11=0.428 | -0.2:0.60(150) +0.0:0.46(357) +0.2:0.59(87) tick=679284 goal=0 here=0
S 20 h=314 d11=0.425 | -0.2:0.64(125) +0.0:0.17(383) +0.2:0.67(71) tick=679406 goal=0 here=0
S 21 h=324 d11=0.413 | -0.2:0.66(105) +0.0:0.18(428) +0.2:0.71(65) tick=679526 goal=0 here=0
S 22 h=335 d11=0.414 | -0.2:0.65(89) +0.0:0.19(554) +0.2:0.72(63) tick=679646 goal=0 here=0
S 23 h=345 d11=0.424 | -0.2:0.64(79) +0.0:0.20(638) +0.2:0.73(68) tick=679766 goal=0 here=0
S 24 h=350 d11=0.434 | -0.2:0.56(71) +0.0:0.22(679) +0.2:0.69(62) tick=679887 goal=0 here=0
S 25 h=0 d11=0.440 | -0.2:0.51(63) +0.0:0.23(691) +0.2:0.65(58) tick=680007 goal=0 here=0
S 27 h=10 d11=0.429 | -0.2:0.28(53) +0.0:0.24(715) +0.2:0.28(48) tick=680128 goal=0 here=0
S 28 h=16 d11=0.430 | -0.2:0.26(53) +0.0:0.25(741) +0.2:0.25(49) tick=680248 goal=0 here=0
S 29 h=29 d11=0.448 | -0.2:0.27(56) +0.0:0.25(781) +0.2:0.30(55) tick=680369 goal=0 here=0
S 30 h=35 d11=0.436 | -0.2:0.32(67) +0.0:0.25(847) +0.2:0.32(66) tick=680489 goal=0 here=0
S 32 h=47 d11=0.451 | -0.2:0.36(84) +0.0:0.25(892) +0.2:0.36(82) tick=680612 goal=0 here=0
S 33 h=55 d11=0.430 |  tick=680732 goal=0 here=0
S 34 h=60 d11=0.427 | -0.2:0.34(120) +0.0:0.29(950) +0.2:0.34(121) tick=680853 goal=0 here=0
S 35 h=71 d11=0.424 | -0.2:0.38(142) +0.0:0.36(888) +0.2:0.38(139) tick=680973 goal=0 here=0
S 36 h=85 d11=0.418 | -0.2:0.42(167) +0.0:0.40(847) +0.2:0.43(165) tick=681093 goal=0 here=0
S 38 h=90 d11=0.421 | -0.2:0.44(185) +0.0:0.44(819) +0.2:0.46(187) tick=681214 goal=0 here=0
S 39 h=99 d11=0.443 | -0.2:0.45(198) +0.0:0.44(719) +0.2:0.49(200) tick=681336 goal=0 here=0
S 40 h=108 d11=0.444 | -0.2:0.49(182) +0.0:0.49(544) +0.2:0.53(184) tick=681458 goal=0 here=0
S 41 h=115 d11=0.459 | -0.2:0.52(175) +0.0:0.48(527) +0.2:0.59(180) tick=681579 goal=0 here=0
S 42 h=126 d11=0.435 | -0.2:0.56(165) +0.0:0.48(524) +0.2:0.65(162) tick=681701 goal=0 here=0
S 44 h=134 d11=0.431 | -0.2:0.60(151) +0.0:0.44(556) +0.2:0.70(153) tick=681821 goal=0 here=0
S 45 h=144 d11=0.430 | -0.2:0.63(146) +0.0:0.38(582) +0.2:0.71(144) tick=681942 goal=0 here=0
S 46 h=154 d11=0.426 | -0.2:0.64(134) +0.0:0.24(600) +0.2:0.77(135) tick=682062 goal=0 here=0
S 47 h=160 d11=0.424 | -0.2:0.64(129) +0.0:0.25(591) +0.2:0.80(124) tick=682182 goal=0 here=0
S 48 h=167 d11=0.409 | -0.2:0.58(116) +0.0:0.28(563) +0.2:0.79(107) tick=682303 goal=0 here=0
S 50 h=178 d11=0.407 | -0.2:0.53(101) +0.0:0.29(600) +0.2:0.75(93) tick=682423 goal=0 here=0
S 51 h=186 d11=0.425 | -0.2:0.37(103) +0.0:0.31(622) +0.2:0.37(92) tick=682543 goal=0 here=0
S 52 h=195 d11=0.440 |  tick=682664 goal=0 here=0
S 53 h=203 d11=0.445 | -0.2:0.35(94) +0.0:0.32(655) +0.2:0.33(92) tick=682785 goal=0 here=0
S 54 h=0 d11=0.452 | -0.2:0.37(111) +0.0:0.32(716) +0.2:0.37(110) tick=682905 goal=0 here=0
S 56 h=221 d11=0.462 |  tick=683025 goal=0 here=0
S 57 h=233 d11=0.455 | -0.2:0.41(167) +0.0:0.35(739) +0.2:0.48(134) tick=683146 goal=0 here=0
S 58 h=242 d11=0.418 | -0.2:0.47(189) +0.0:0.41(758) +0.2:0.52(144) tick=683269 goal=0 here=0
S 59 h=251 d11=0.408 | -0.2:0.49(208) +0.0:0.45(777) +0.2:0.53(157) tick=683391 goal=0 here=0
S 61 h=258 d11= | -0.2:0.51(219) +0.0:0.43(721) +0.2:0.52(166) 
S 62 h=265 d11=0.421 | -0.2:0.52(217) +0.0:0.47(567) +0.2:0.51(155) tick=683632 goal=0 here=0
S 63 h=279 d11=0.436 | -0.2:0.53(195) +0.0:0.47(423) +0.2:0.50(123) tick=683754 goal=0 here=0
S 64 h=286 d11=0.449 | -0.2:0.53(182) +0.0:0.50(370) +0.2:0.52(117) tick=683875 goal=0 here=0
S 65 h=292 d11=0.447 | -0.2:0.55(162) +0.0:0.51(288) +0.2:0.52(95) tick=683997 goal=0 here=0
S 67 h=301 d11=0.456 | -0.2:0.57(156) +0.0:0.48(335) +0.2:0.57(92) tick=684117 goal=0 here=0
S 68 h=315 d11=0.454 | -0.2:0.62(138) +0.0:0.23(391) +0.2:0.64(73) tick=684237 goal=0 here=0
S 69 h=322 d11=0.435 | -0.2:0.65(113) +0.0:0.17(397) +0.2:0.69(63) tick=684358 goal=0 here=0
S 70 h=328 d11=0.443 | -0.2:0.65(93) +0.0:0.19(479) +0.2:0.72(62) tick=684478 goal=0 here=0
S 71 h=339 d11=0.421 | -0.2:0.65(83) +0.0:0.20(613) +0.2:0.73(70) tick=684598 goal=0 here=0
S 73 h=346 d11=0.417 | -0.2:0.62(73) +0.0:0.21(673) +0.2:0.71(64) tick=684719 goal=0 here=0
S 74 h=355 d11=0.404 | -0.2:0.55(66) +0.0:0.22(680) +0.2:0.67(60) tick=684839 goal=0 here=0
S 75 h=6 d11=0.418 | -0.2:0.38(56) +0.0:0.24(698) +0.2:0.27(52) tick=684960 goal=0 here=0
S 76 h=16 d11=0.424 | -0.2:0.29(50) +0.0:0.24(733) +0.2:0.25(44) tick=685082 goal=0 here=0
S 77 h=24 d11=0.420 | -0.2:0.27(54) +0.0:0.25(765) +0.2:0.26(53) tick=685203 goal=0 here=0
S 79 h=32 d11=0.435 | -0.2:0.30(62) +0.0:0.25(817) +0.2:0.30(61) tick=685325 goal=0 here=0
S 80 h=40 d11=0.430 | -0.2:0.34(78) +0.0:0.25(871) +0.2:0.34(76) tick=685445 goal=0 here=0
S 81 h=49 d11=0.433 | -0.2:0.37(89) +0.0:0.25(914) +0.2:0.36(92) tick=685567 goal=0 here=0
S 82 h=61 d11=0.427 | -0.2:0.34(109) +0.0:0.27(936) +0.2:0.34(112) tick=685688 goal=0 here=0
S 83 h=70 d11=0.434 | -0.2:0.37(134) +0.0:0.35(904) +0.2:0.36(135) tick=685808 goal=0 here=0
S 85 h=77 d11=0.432 | -0.2:0.40(155) +0.0:0.39(863) +0.2:0.40(153) tick=685929 goal=0 here=0
S 86 h=86 d11=0.426 | -0.2:0.43(179) +0.0:0.43(831) +0.2:0.44(180) tick=686049 goal=0 here=0
S 87 h=96 d11=0.428 | -0.2:0.45(192) +0.0:0.44(788) +0.2:0.47(193) tick=686169 goal=0 here=0
S 88 h=109 d11=0.429 |  tick=686291 goal=0 here=0
S 90 h=113 d11=0.438 | -0.2:0.51(180) +0.0:0.49(522) +0.2:0.57(175) tick=686412 goal=0 here=0
slowspin end
