start heading 45.5 snap 90
step 0 h 90 F 0.252 L 0.369 R 0.641 -> right
step 1 h 0 F 0.197 L 0.753 R 0.23 -> left
step 2 h 90 F 0.262 L 0.295 R 1.199 -> right
step 3 h 0 F 0.702 L 0.27 R 0.201 -> straight
step 4 h 0 F 0.216 L 1.3 R 0.224 -> left
step 5 h 90 F 0.79 L 0.267 R 0.21 -> straight
step 6 h 90 F 0.325 L 0.794 R 0.214 -> left
step 7 h 180 F 0.291 L 0.197 R 0.797 -> right
step 8 h 90 F 0.293 L 0.298 R 0.702 -> right
Traceback (most recent call last):
  File "/bot/src/drive.py", line 111, in <module>
    forward(CELL,cur)
  File "/bot/src/drive.py", line 62, in forward
    l,r=enc()
        ^^^^^
  File "/bot/src/drive.py", line 57, in enc
    return int(l), int(r)
           ^^^^^^
ValueError: invalid literal for int() with base 10: '8757\n8756'
