1789617449.7 0.434
1789617450.7 0.448
1789617451.7 0.448
1789617452.7 0.436
1789617453.7 0.417
1789617454.7 0.435
1789617455.7 0.444
1789617456.7 0.444
1789617457.7 0.444
1789617458.8 0.448
1789617459.8 0.436
1789617460.8 0.426
1789617461.8 0.435
1789617462.8 0.453
1789617463.8 0.453
1789617464.8 0.429
1789617465.8 0.444
1789617466.8 0.428
1789617467.8 0.423
1789617468.9 0.443
1789617469.9 0.428
1789617470.9 0.428
1789617471.9 0.446
1789617472.9 0.438
1789617473.9 0.423
1789617474.9 0.431
1789617475.9 0.425
1789617476.9 0.426
1789617477.9 0.434
1789617479.0 0.433
1789617480.0 0.441
1789617481.0 0.438
1789617482.0 0.435
1789617483.0 0.424
1789617484.0 0.415
1789617485.0 0.443
1789617486.0 0.433
1789617487.0 0.447
1789617488.1 0.433
1789617489.1 0.430
1789617490.1 0.428
1789617491.1 0.425
1789617492.1 0.415
1789617493.1 0.418
1789617494.1 0.415
1789617495.1 0.413
1789617496.1 0.425
1789617497.1 0.411
1789617498.2 0.414
1789617499.2 0.405
1789617500.2 0.422
1789617501.2 0.422
1789617502.2 0.426
1789617503.2 0.422
1789617504.2 0.422
1789617505.2 0.426
1789617506.2 0.421
1789617507.2 0.430
1789617508.2 0.420
1789617509.2 0.408
1789617510.3 0.421
1789617511.3 0.417
1789617512.3 0.422
1789617513.3 0.415
1789617514.3 0.426
1789617515.3 0.426
1789617516.3 0.417
1789617517.3 0.418
1789617518.4 0.424
1789617519.4 0.418
1789617520.4 0.422
1789617521.4 0.421
1789617522.4 0.398
1789617523.4 0.422
1789617524.4 0.420
1789617525.4 0.408
1789617526.4 0.407
1789617527.5 0.415
1789617528.5 0.417
1789617529.5 0.409
1789617530.5 0.399
1789617531.5 0.407
1789617532.5 0.406
1789617533.5 0.427
1789617534.5 0.414
1789617535.5 0.417
1789617536.6 0.413
1789617537.6 0.415
1789617538.6 0.422
1789617539.6 0.415
1789617540.6 0.421
1789617541.6 0.413
1789617542.6 0.413
1789617543.6 0.405
1789617544.6 0.399
1789617545.7 0.412
1789617546.7 0.415
1789617547.7 0.393
1789617548.7 0.389
1789617549.7 0.405
1789617550.7 0.418
1789617551.8 0.395
1789617552.8 0.413
1789617553.8 0.397
1789617554.8 0.400
1789617555.8 0.417
1789617556.8 0.402
1789617557.8 0.388
1789617558.8 0.397
1789617559.9 0.406
1789617560.9 0.398
1789617561.9 0.396
1789617562.9 0.396
1789617563.9 0.401
1789617564.9 0.404
1789617565.9 0.392
1789617566.9 0.412
1789617567.9 0.397
1789617569.0 0.389
1789617570.0 0.423
1789617571.0 0.405
1789617572.0 0.405
1789617573.0 0.398
1789617574.0 0.389
1789617575.0 0.383
1789617576.0 0.400
1789617577.0 0.395
1789617578.0 0.406
1789617579.1 0.400
1789617580.1 0.404
1789617581.1 0.394
1789617582.1 0.390
1789617583.1 0.383
1789617584.1 0.399
1789617585.1 0.399
1789617586.1 0.399
1789617587.1 0.395
1789617588.1 0.390
1789617589.2 0.393
1789617590.2 0.407
1789617591.2 0.403
1789617592.2 0.387
1789617593.2 0.406
1789617594.2 0.383
1789617595.2 0.407
1789617596.2 0.383
1789617597.2 0.381
1789617598.2 0.378
1789617599.3 0.390
1789617600.3 0.398
1789617601.3 0.381
1789617602.3 0.393
1789617603.3 0.383
1789617604.3 0.386
1789617605.3 0.386
1789617606.3 0.401
1789617607.3 0.387
1789617608.4 0.393
1789617609.4 0.363
1789617610.4 0.374
1789617611.4 0.387
1789617612.4 0.384
1789617613.4 0.382
1789617614.4 0.394
1789617615.4 0.382
1789617616.5 0.399
1789617617.5 0.390
1789617618.5 0.385
1789617619.5 0.387
1789617620.5 0.378
1789617621.5 0.397
1789617622.5 0.379
1789617623.5 0.388
1789617624.5 0.372
1789617625.5 0.381
1789617626.6 0.383
1789617627.6 0.377
1789617628.6 0.386
1789617629.6 0.392
1789617630.6 0.375
1789617631.6 0.379
1789617632.6 0.381
1789617633.6 0.376
1789617634.6 0.369
1789617635.6 0.381
1789617636.7 0.375
1789617637.7 0.381
1789617638.7 0.374
1789617639.7 0.379
1789617640.7 0.380
1789617641.7 0.363
1789617642.7 0.378
1789617643.7 0.387
1789617644.7 0.369
1789617645.8 0.381
1789617646.8 0.379
1789617647.8 0.360
1789617648.8 0.376
1789617649.8 0.372
1789617650.8 0.370
1789617651.8 0.372
1789617652.8 0.367
1789617653.8 0.378
1789617654.8 0.364
1789617655.9 0.371
1789617656.9 0.375
1789617657.9 0.360
1789617658.9 0.359
1789617659.9 0.379
1789617660.9 0.362
1789617661.9 0.358
1789617662.9 0.370
1789617663.9 0.365
1789617664.9 0.371
1789617666.0 0.372
1789617667.0 0.363
1789617668.0 0.364
1789617669.0 0.366
1789617670.0 0.361
1789617671.0 0.362
1789617672.0 0.359
1789617673.0 0.361
1789617674.0 0.366
1789617675.1 0.372
1789617676.1 0.369
1789617677.1 0.373
1789617678.1 0.370
1789617679.1 0.372
1789617680.1 0.367
1789617681.1 0.355
1789617682.1 0.372
1789617683.1 0.348
1789617684.1 0.369
1789617685.1 0.352
1789617686.2 0.355
1789617687.2 0.350
1789617688.2 0.360
1789617689.2 0.372
1789617690.2 0.358
1789617691.2 0.360
1789617692.2 0.357
1789617693.2 0.363
1789617694.2 0.362
1789617695.2 0.360
1789617696.3 0.340
1789617697.3 0.343
1789617698.3 0.370
1789617699.3 0.351
1789617700.3 0.344
1789617701.3 0.359
1789617702.3 0.343
1789617703.3 0.348
1789617704.4 0.350
1789617705.4 0.346
1789617706.4 0.318
1789617707.4 0.342
1789617708.4 0.350
1789617709.4 0.342
1789617710.4 0.329
1789617711.4 0.346
1789617712.4 0.343
1789617713.5 0.344
1789617714.5 0.339
1789617715.5 0.342
1789617716.5 0.350
1789617717.5 0.331
1789617718.5 0.341
1789617719.5 0.343
1789617720.5 0.336
1789617721.6 0.354
1789617722.6 0.346
1789617723.6 0.351
1789617724.6 0.350
1789617725.6 0.338
1789617726.6 0.349
1789617727.6 0.344
1789617728.6 0.328
1789617729.6 0.346
1789617730.6 0.346
1789617731.7 0.353
1789617732.7 0.359
1789617733.7 0.348
1789617734.7 0.347
1789617735.7 0.357
1789617736.7 0.344
1789617737.7 0.349
1789617738.7 0.348
1789617739.7 0.343
1789617740.8 0.353
1789617741.8 0.341
1789617742.8 0.327
1789617743.8 0.336
1789617744.8 0.360
1789617745.8 0.339
1789617746.8 0.354
1789617747.8 0.346
1789617748.8 0.353
1789617749.8 0.351
1789617750.9 0.343
1789617751.9 0.347
1789617752.9 0.346
1789617753.9 0.344
1789617754.9 0.336
1789617755.9 0.354
1789617756.9 0.347
1789617757.9 0.346
1789617759.0 0.346
1789617760.0 0.339
1789617761.0 0.336
1789617762.0 0.332
1789617763.0 0.341
1789617764.0 0.348
1789617765.0 0.327
1789617766.0 0.335
1789617767.0 0.340
1789617768.0 0.345
1789617769.1 0.337
1789617770.1 0.335
1789617771.1 0.334
1789617772.1 0.340
1789617773.1 0.339
1789617774.1 0.330
1789617775.1 0.331
1789617776.1 0.327
1789617777.1 0.323
1789617778.2 0.335
1789617779.2 0.335
1789617780.2 0.342
1789617781.2 0.310
1789617782.2 0.340
1789617783.2 0.340
1789617784.2 0.331
1789617785.2 0.340
1789617786.2 0.334
1789617787.2 0.339
1789617788.2 0.322
1789617789.3 0.336
1789617790.3 0.346
1789617791.3 0.336
1789617792.3 0.329
1789617793.3 0.332
1789617794.3 0.352
1789617795.3 0.342
1789617796.3 0.330
1789617797.3 0.337
1789617798.3 0.354
1789617799.4 0.327
1789617800.4 0.337
1789617801.4 0.327
1789617802.4 0.326
1789617803.4 0.344
1789617804.4 0.333
1789617805.4 0.354
1789617806.5 0.338
1789617807.5 0.331
1789617808.5 0.337
1789617809.5 0.326
1789617810.5 0.338
1789617811.5 0.340
1789617812.5 0.329
1789617813.5 0.319
1789617814.6 0.326
1789617815.6 0.323
1789617816.6 0.326
1789617817.6 0.329
1789617818.6 0.329
1789617819.6 0.334
1789617820.6 0.312
1789617821.6 0.331
1789617822.7 0.324
1789617823.7 0.332
1789617824.7 0.317
1789617825.7 0.325
1789617826.7 0.335
1789617827.7 0.333
1789617828.7 0.318
1789617829.7 0.325
1789617830.8 0.301
1789617831.8 0.321
1789617832.8 0.321
1789617833.8 0.332
1789617834.8 0.325
1789617835.8 0.315
1789617836.8 0.320
1789617837.9 0.335
1789617838.9 0.311
1789617839.9 0.314
1789617840.9 0.322
1789617841.9 0.315
1789617842.9 0.320
1789617843.9 0.323
1789617844.9 0.311
1789617845.9 0.326
1789617846.9 0.328
1789617848.0 0.310
1789617849.0 0.319
1789617850.0 0.320
1789617851.0 0.331
1789617852.0 0.323
1789617853.0 0.323
1789617854.1 0.332
1789617855.1 0.318
1789617856.1 0.326
1789617857.1 0.321
1789617858.1 0.315
1789617859.1 0.318
1789617860.1 0.304
1789617861.1 0.302
1789617862.1 0.315
1789617863.1 0.335
1789617864.1 0.314
1789617865.2 0.322
1789617866.2 0.326
1789617867.2 0.326
1789617868.2 0.336
1789617869.2 0.320
1789617870.2 0.321
1789617871.2 0.318
1789617872.2 0.327
1789617873.3 0.318
1789617874.3 0.327
1789617875.3 0.327
1789617876.3 0.304
1789617877.3 0.314
1789617878.3 0.319
1789617879.4 0.311
1789617880.4 0.317
1789617881.4 0.322
1789617882.4 0.316
1789617883.4 0.318
1789617884.4 0.310
1789617885.4 0.314
1789617886.4 0.322
1789617887.4 0.316
1789617888.5 0.320
1789617889.5 0.316
1789617890.5 0.326
1789617891.5 0.328
1789617892.5 0.316
1789617893.5 0.322
1789617894.5 0.328
1789617895.5 0.333
1789617896.5 0.340
1789617897.5 0.325
1789617898.5 0.335
1789617899.6 0.336
1789617900.6 0.325
1789617901.6 0.332
1789617902.6 0.331
1789617903.6 0.329
1789617904.6 0.327
1789617905.6 0.316
1789617906.6 0.307
1789617907.6 0.323
1789617908.6 0.321
1789617909.6 0.338
1789617910.7 0.336
1789617911.7 0.322
1789617912.7 0.339
1789617913.7 0.321
1789617914.7 0.334
1789617915.7 0.330
1789617916.7 0.331
1789617917.7 0.333
1789617918.8 0.331
1789617919.8 0.346
1789617920.8 0.317
1789617921.8 0.330
1789617922.8 0.330
1789617923.8 0.330
1789617924.8 0.343
1789617925.8 0.336
1789617926.8 0.338
1789617927.8 0.341
1789617928.9 0.348
1789617929.9 0.330
1789617930.9 0.316
1789617931.9 0.346
1789617932.9 0.316
1789617933.9 0.332
1789617934.9 0.327
1789617936.0 0.345
1789617937.0 0.338
1789617938.0 0.328
1789617939.0 0.332
1789617940.0 0.327
1789617941.0 0.324
1789617942.0 0.326
1789617943.0 0.340
1789617944.0 0.333
1789617945.0 0.334
1789617946.1 0.338
1789617947.1 0.339
1789617948.1 0.328
1789617949.1 0.333
1789617950.1 0.332
1789617951.1 0.340
1789617952.1 0.346
1789617953.1 0.336
1789617954.1 0.356
1789617955.1 0.339
1789617956.2 0.361
1789617957.2 0.344
1789617958.2 0.349
1789617959.2 0.351
1789617960.2 0.349
1789617961.2 0.327
1789617962.2 0.350
1789617963.3 0.350
1789617964.3 0.359
1789617965.3 0.361
1789617966.3 0.361
1789617967.3 0.353
1789617968.3 0.356
1789617969.3 0.368
1789617970.3 0.340
1789617971.3 0.358
1789617972.3 0.358
1789617973.4 0.356
1789617974.4 0.343
1789617975.4 0.338
1789617976.4 0.363
1789617977.4 0.357
1789617978.4 0.354
1789617979.4 0.360
1789617980.5 0.349
1789617981.5 0.352
1789617982.5 0.362
1789617983.5 0.346
1789617984.5 0.355
1789617985.5 0.354
1789617986.5 0.343
1789617987.5 0.360
1789617988.5 0.351
1789617989.6 0.370
1789617990.6 0.342
1789617991.6 0.368
1789617992.6 0.350
1789617993.6 0.371
1789617994.6 0.341
1789617995.6 0.359
1789617996.7 0.356
1789617997.7 0.354
1789617998.7 0.360
1789617999.7 0.350
1789618000.7 0.363
1789618001.7 0.361
1789618002.7 0.353
1789618003.7 0.365
1789618004.7 0.349
1789618005.7 0.344
1789618006.8 0.355
1789618007.8 0.352
1789618008.8 0.362
1789618009.8 0.382
1789618010.8 0.351
1789618011.8 0.356
1789618012.8 0.350
1789618013.8 0.346
1789618014.8 0.363
1789618015.8 0.353
1789618016.9 0.360
1789618017.9 0.358
1789618018.9 0.381
1789618019.9 0.349
1789618020.9 0.367
1789618021.9 0.354
1789618022.9 0.354
1789618024.0 0.351
1789618025.0 0.360
1789618026.0 0.343
1789618027.0 0.350
1789618028.0 0.348
1789618029.0 0.337
1789618030.0 0.335
1789618031.0 0.331
1789618032.1 0.343
1789618033.1 0.345
1789618034.1 0.330
1789618035.1 0.340
1789618036.1 0.340
1789618037.1 0.338
1789618038.1 0.340
1789618039.1 0.344
1789618040.1 0.347
1789618041.1 0.321
1789618042.2 0.329
1789618043.2 0.342
1789618044.2 0.332
1789618045.2 0.345
1789618046.2 0.326
1789618047.2 0.345
1789618048.2 0.341
1789618049.2 0.334
1789618050.2 0.335
1789618051.3 0.324
1789618052.3 0.337
1789618053.3 0.338
1789618054.3 0.345
1789618055.3 0.326
1789618056.3 0.344
1789618057.3 0.347
1789618058.3 0.343
1789618059.4 0.343
1789618060.4 0.321
1789618061.4 0.341
1789618062.4 0.353
1789618063.4 0.336
1789618064.4 0.340
1789618065.4 0.346
1789618066.4 0.357
1789618067.4 0.334
1789618068.4 0.333
1789618069.5 0.345
1789618070.5 0.339
1789618071.5 0.330
1789618072.5 0.316
1789618073.5 0.351
1789618074.5 0.341
1789618075.5 0.344
1789618076.5 0.345
1789618077.5 0.340
1789618078.5 0.326
1789618079.6 0.337
1789618080.6 0.327
1789618081.6 0.342
1789618082.6 0.331
1789618083.6 0.329
1789618084.6 0.339
1789618085.6 0.343
1789618086.6 0.362
1789618087.6 0.334
1789618088.6 0.340
1789618089.7 0.335
1789618090.7 0.324
1789618091.7 0.344
1789618092.7 0.335
1789618093.7 0.326
1789618094.7 0.329
1789618095.7 0.326
1789618096.7 0.345
1789618097.7 0.337
1789618098.8 0.336
1789618099.8 0.330
1789618100.8 0.346
1789618101.8 0.338
1789618102.8 0.322
1789618103.8 0.338
1789618104.8 0.334
1789618105.8 0.335
1789618106.8 0.340
1789618107.8 0.331
1789618108.9 0.326
1789618109.9 0.337
1789618110.9 0.327
1789618111.9 0.338
1789618112.9 0.332
1789618113.9 0.327
1789618114.9 0.327
1789618115.9 0.336
1789618116.9 0.336
1789618118.0 0.341
1789618119.0 0.325
1789618120.0 0.333
1789618121.0 0.334
1789618122.0 0.330
1789618123.0 0.328
1789618124.0 0.345
1789618125.0 0.332
1789618126.0 0.327
1789618127.0 0.337
1789618128.1 0.327
1789618129.1 0.322
1789618130.1 0.322
1789618131.1 0.327
1789618132.1 0.331
1789618133.1 0.345
1789618134.1 0.333
1789618135.1 0.337
1789618136.1 0.336
1789618137.1 0.333
1789618138.2 0.324
1789618139.2 0.350
1789618140.2 0.327
1789618141.2 0.324
1789618142.2 0.344
1789618143.2 0.330
1789618144.2 0.329
1789618145.2 0.327
1789618146.2 0.329
1789618147.3 0.336
1789618148.3 0.330
1789618149.3 0.334
1789618150.3 0.327
1789618151.3 0.327
1789618152.3 0.322
1789618153.3 0.322
1789618154.4 0.335
1789618155.4 0.324
1789618156.4 0.324
1789618157.4 0.335
1789618158.4 0.328
1789618159.4 0.328
1789618160.4 0.328
1789618161.4 0.319
1789618162.4 0.339
1789618163.4 0.334
1789618164.4 0.345
1789618165.5 0.359
1789618166.5 0.350
1789618167.5 0.352
1789618168.5 0.356
1789618169.5 0.353
1789618170.5 0.355
1789618171.5 0.346
1789618172.5 0.351
1789618173.5 0.362
1789618174.5 0.357
1789618175.6 0.349
1789618176.6 0.355
1789618177.6 0.357
1789618178.6 0.364
1789618179.6 0.361
1789618180.6 0.383
1789618181.6 0.349
1789618182.7 0.364
1789618183.7 0.360
1789618184.7 0.356
1789618185.7 0.351
1789618186.7 0.361
1789618187.7 0.353
1789618188.7 0.341
1789618189.7 0.352
1789618190.7 0.351
1789618191.7 0.366
1789618192.8 0.363
1789618193.8 0.364
1789618194.8 0.352
1789618195.8 0.348
1789618196.8 0.359
1789618197.8 0.343
1789618198.8 0.359
1789618199.8 0.351
1789618200.8 0.361
1789618201.8 0.339
1789618202.9 0.360
1789618203.9 0.349
1789618204.9 0.363
1789618205.9 0.359
1789618206.9 0.359
1789618207.9 0.350
1789618208.9 0.362
1789618209.9 0.350
1789618210.9 0.355
1789618212.0 0.363
1789618213.0 0.358
1789618214.0 0.361
1789618215.0 0.365
1789618216.0 0.355
1789618217.0 0.368
1789618218.0 0.347
1789618219.0 0.363
1789618220.0 0.361
1789618221.1 0.349
1789618222.1 0.358
1789618223.1 0.357
1789618224.1 0.369
1789618225.1 0.356
1789618226.1 0.361
1789618227.1 0.365
1789618228.1 0.367
1789618229.1 0.378
1789618230.1 0.352
1789618231.1 0.360
1789618232.2 0.356
1789618233.2 0.368
1789618234.2 0.377
1789618235.2 0.360
1789618236.2 0.355
1789618237.2 0.372
1789618238.3 0.381
1789618239.3 0.361
1789618240.3 0.356
1789618241.3 0.394
1789618242.3 0.385
1789618243.3 0.376
1789618244.3 0.368
1789618245.3 0.378
1789618246.3 0.386
1789618247.4 0.378
1789618248.4 0.376
1789618249.4 0.370
1789618250.4 0.378
1789618251.4 0.373
1789618252.4 0.380
1789618253.4 0.364
1789618254.4 0.374
1789618255.4 0.386
1789618256.4 0.369
1789618257.4 0.379
1789618258.5 0.359
1789618259.5 0.377
1789618260.5 0.365
1789618261.5 0.361
1789618262.5 0.374
1789618263.5 0.372
1789618264.5 0.350
1789618265.5 0.368
1789618266.6 0.356
1789618267.6 0.349
1789618268.6 0.366
1789618269.6 0.365
1789618270.6 0.362
1789618271.6 0.348
1789618272.6 0.351
1789618273.6 0.368
1789618274.6 0.349
1789618275.6 0.354
1789618276.6 0.354
1789618277.7 0.351
1789618278.7 0.363
1789618279.7 0.342
1789618280.7 0.346
1789618281.7 0.357
1789618282.7 0.342
1789618283.7 0.340
1789618284.8 0.352
1789618285.8 0.336
1789618286.8 0.332
1789618287.8 0.334
1789618288.8 0.347
1789618289.8 0.356
1789618290.8 0.366
1789618291.8 0.370
1789618292.8 0.352
1789618293.8 0.352
1789618294.9 0.350
1789618295.9 0.363
1789618296.9 0.355
1789618297.9 0.369
1789618298.9 0.366
1789618299.9 0.361
1789618301.0 0.367
1789618302.0 0.360
1789618303.0 0.349
1789618304.0 0.361
1789618305.0 0.359
1789618306.0 0.372
1789618307.0 0.372
1789618308.0 0.370
1789618309.1 0.370
1789618310.1 0.376
1789618311.1 0.374
1789618312.1 0.365
1789618313.1 0.359
1789618314.2 0.379
1789618315.2 0.375
1789618316.2 0.381
1789618317.2 0.383
1789618318.2 0.375
1789618319.2 0.378
1789618320.2 0.373
1789618321.2 0.387
1789618322.2 0.384
1789618323.2 0.383
1789618324.2 0.373
1789618325.2 0.374
1789618326.3 0.357
1789618327.3 0.354
1789618328.3 0.355
1789618329.3 0.347
1789618330.3 0.360
1789618331.3 0.338
1789618332.3 0.359
1789618333.3 0.341
1789618334.3 0.353
1789618335.3 0.352
1789618336.4 0.347
1789618337.4 0.345
1789618338.4 0.343
1789618339.4 0.343
1789618340.4 0.349
1789618341.4 0.347
1789618342.4 0.334
1789618343.4 0.342
1789618344.4 0.349
1789618345.5 0.351
1789618346.5 0.327
1789618347.5 0.335
1789618348.5 0.356
1789618349.5 0.327
1789618350.5 0.327
1789618351.5 0.341
1789618352.6 0.329
1789618353.6 0.341
1789618354.6 0.360
1789618355.6 0.344
1789618356.6 0.357
1789618357.6 0.346
1789618358.6 0.364
1789618359.6 0.356
1789618360.7 0.342
1789618361.7 0.351
1789618362.7 0.349
1789618363.7 0.353
1789618364.7 0.371
1789618365.7 0.355
1789618366.7 0.354
1789618367.7 0.344
1789618368.7 0.366
1789618369.8 0.358
1789618370.8 0.355
1789618371.8 0.365
1789618372.8 0.372
1789618373.8 0.353
1789618374.8 0.365
1789618375.9 0.354
1789618376.9 0.363
1789618377.9 0.361
1789618378.9 0.371
1789618379.9 0.370
1789618380.9 0.380
1789618381.9 0.376
1789618382.9 0.375
1789618384.0 0.370
1789618385.0 0.368
1789618386.0 0.367
1789618387.0 0.385
1789618388.0 0.374
1789618389.0 0.363
1789618390.0 0.385
1789618391.0 0.386
1789618392.0 0.373
1789618393.0 0.362
1789618394.0 0.366
1789618395.1 0.387
1789618396.1 0.378
1789618397.1 0.377
1789618398.1 0.364
1789618399.1 0.372
1789618400.1 0.357
1789618401.1 0.377
1789618402.1 0.382
1789618403.2 0.374
1789618404.2 0.371
1789618405.2 0.369
1789618406.2 0.367
1789618407.2 0.372
1789618408.2 0.375
1789618409.2 0.369
1789618410.2 0.379
1789618411.2 0.358
1789618412.3 0.372
1789618413.3 0.393
1789618414.3 0.373
1789618415.3 0.377
1789618416.3 0.368
1789618417.3 0.378
1789618418.4 0.369
1789618419.4 0.378
1789618420.4 0.352
1789618421.4 0.355
1789618422.4 0.349
1789618423.5 0.363
1789618424.5 0.364
1789618425.5 0.371
1789618426.5 0.385
1789618427.5 0.373
1789618428.5 0.384
1789618429.5 0.388
1789618430.6 0.374
1789618431.6 0.367
1789618432.6 0.376
1789618433.6 0.380
1789618434.6 0.389
1789618435.6 0.385
1789618436.6 0.382
1789618437.6 0.366
1789618438.6 0.366
1789618439.7 0.367
1789618440.7 0.393
1789618441.7 0.367
1789618442.7 0.356
1789618443.7 0.378
1789618444.7 0.384
1789618445.7 0.376
1789618446.7 0.375
1789618447.7 0.382
1789618448.7 0.388
1789618449.8 0.391
1789618450.8 0.361
1789618451.8 0.373
1789618452.8 0.371
1789618453.8 0.396
1789618454.8 0.375
1789618455.8 0.374
1789618456.8 0.365
1789618457.8 0.376
1789618458.8 0.375
1789618459.9 0.379
1789618460.9 0.374
1789618461.9 0.379
1789618462.9 0.391
1789618463.9 0.373
1789618464.9 0.377
1789618465.9 0.370
1789618466.9 0.382
1789618467.9 0.392
1789618468.9 0.373
1789618470.0 0.386
1789618471.0 0.369
1789618472.0 0.379
1789618473.0 0.371
1789618474.0 0.369
1789618475.0 0.380
1789618476.0 0.381
1789618477.0 0.375
1789618478.0 0.383
1789618479.1 0.369
1789618480.1 0.357
1789618481.1 0.368
1789618482.1 0.355
1789618483.1 0.354
1789618484.1 0.355
1789618485.1 0.361
1789618486.1 0.353
1789618487.1 0.380
1789618488.1 0.364
1789618489.1 0.364
1789618490.1 0.351
1789618491.2 0.364
1789618492.2 0.359
1789618493.2 0.373
1789618494.2 0.348
1789618495.2 0.366
1789618496.2 0.363
1789618497.2 0.350
1789618498.2 0.366
1789618499.2 0.364
1789618500.2 0.358
1789618501.3 0.363
1789618502.3 0.366
1789618503.3 0.387
1789618504.3 0.378
1789618505.3 0.372
1789618506.3 0.356
1789618507.3 0.347
1789618508.3 0.343
1789618509.3 0.367
1789618510.4 0.364
1789618511.4 0.359
1789618512.4 0.354
1789618513.4 0.370
1789618514.4 0.368
1789618515.4 0.362
1789618516.4 0.358
1789618517.5 0.362
1789618518.5 0.351
1789618519.5 0.357
1789618520.5 0.368
1789618521.5 0.362
1789618522.5 0.366
1789618523.5 0.361
1789618524.5 0.376
1789618525.6 0.369
1789618526.6 0.365
1789618527.6 0.368
1789618528.6 0.365
1789618529.6 0.354
1789618530.6 0.350
1789618531.6 0.359
1789618532.6 0.366
1789618533.6 0.362
1789618534.6 0.360
1789618535.7 0.378
1789618536.7 0.364
1789618537.7 0.363
1789618538.7 0.376
1789618539.7 0.368
1789618540.7 0.362
1789618541.7 0.362
1789618542.8 0.374
1789618543.8 0.367
1789618544.8 0.365
1789618545.8 0.363
1789618546.8 0.357
1789618547.8 0.364
1789618548.8 0.366
1789618549.8 0.370
1789618550.8 0.384
1789618551.8 0.353
1789618552.8 0.371
1789618553.9 0.382
1789618554.9 0.378
1789618555.9 0.381
1789618556.9 0.366
1789618557.9 0.377
1789618558.9 0.364
1789618559.9 0.360
1789618560.9 0.364
1789618561.9 0.363
1789618562.9 0.354
1789618564.0 0.359
1789618565.0 0.337
1789618566.0 0.349
1789618567.0 0.352
1789618568.0 0.351
1789618569.0 0.362
1789618570.0 0.352
1789618571.0 0.343
1789618572.1 0.372
1789618573.1 0.350
1789618574.1 0.368
1789618575.1 0.364
1789618576.1 0.371
1789618577.1 0.385
1789618578.1 0.369
1789618579.1 0.385
1789618580.1 0.375
1789618581.2 0.372
1789618582.2 0.370
1789618583.2 0.371
1789618584.2 0.372
1789618585.2 0.359
1789618586.2 0.358
1789618587.2 0.361
1789618588.2 0.359
1789618589.2 0.361
1789618590.2 0.378
1789618591.3 0.374
1789618592.3 0.362
1789618593.3 0.367
1789618594.3 0.370
1789618595.3 0.356
1789618596.3 0.369
1789618597.3 0.377
1789618598.4 0.381
1789618599.4 0.368
1789618600.4 0.362
1789618601.4 0.371
1789618602.4 0.374
1789618603.4 0.381
1789618604.4 0.383
1789618605.5 0.388
1789618606.5 0.379
1789618607.5 0.364
1789618608.5 0.380
1789618609.5 0.375
1789618610.5 0.377
1789618611.6 0.360
1789618612.6 0.374
1789618613.6 0.366
1789618614.6 0.374
1789618615.6 0.375
1789618616.6 0.368
1789618617.6 0.368
1789618618.6 0.374
1789618619.7 0.376
1789618620.7 0.372
1789618621.7 0.390
1789618622.7 0.366
1789618623.7 0.367
1789618624.7 0.369
1789618625.8 0.374
1789618626.8 0.373
1789618627.8 0.361
1789618628.8 0.370
1789618629.8 0.372
1789618630.8 0.359
1789618631.8 0.368
1789618632.8 0.364
1789618633.9 0.377
1789618634.9 0.379
1789618635.9 0.375
1789618636.9 0.368
1789618637.9 0.381
1789618638.9 0.384
1789618639.9 0.381
1789618641.0 0.388
1789618642.0 0.369
1789618643.0 0.382
1789618644.0 0.368
1789618645.0 0.380
1789618646.0 0.365
1789618647.0 0.369
1789618648.0 0.367
1789618649.0 0.365
1789618650.1 0.380
1789618651.1 0.395
1789618652.1 0.380
1789618653.1 0.389
1789618654.1 0.379
1789618655.1 0.370
1789618656.1 0.372
1789618657.1 0.361
1789618658.1 0.372
1789618659.2 0.373
1789618660.2 0.371
1789618661.2 0.381
1789618662.2 0.376
1789618663.2 0.372
1789618664.2 0.370
1789618665.2 0.372
1789618666.2 0.383
1789618667.2 0.378
1789618668.2 0.359
1789618669.3 0.369
1789618670.3 0.355
1789618671.3 0.358
1789618672.3 0.344
1789618673.3 0.369
1789618674.3 0.370
1789618675.3 0.387
1789618676.4 0.374
1789618677.4 0.358
1789618678.4 0.360
1789618679.4 0.373
1789618680.4 0.377
1789618681.4 0.375
1789618682.4 0.367
1789618683.4 0.366
1789618684.4 0.376
1789618685.4 0.363
1789618686.5 0.366
1789618687.5 0.372
1789618688.5 0.363
1789618689.5 0.374
1789618690.5 0.372
1789618691.5 0.376
1789618692.5 0.372
1789618693.5 0.363
1789618694.5 0.364
1789618695.5 0.370
1789618696.6 0.378
1789618697.6 0.392
1789618698.6 0.389
1789618699.6 0.382
1789618700.6 0.354
1789618701.6 0.369
1789618702.6 0.340
1789618703.7 0.351
1789618704.7 0.343
1789618705.7 0.340
1789618706.7 0.347
1789618707.7 0.366
1789618708.7 0.349
1789618709.7 0.363
1789618710.7 0.365
1789618711.8 0.356
1789618712.8 0.362
1789618713.8 0.375
1789618714.8 0.377
1789618715.8 0.369
1789618716.8 0.357
1789618717.8 0.364
1789618718.9 0.350
1789618719.9 0.360
1789618720.9 0.370
1789618721.9 0.359
1789618722.9 0.377
1789618723.9 0.369
1789618724.9 0.371
1789618725.9 0.366
1789618726.9 0.373
1789618727.9 0.352
1789618729.0 0.360
1789618730.0 0.349
1789618731.0 0.366
1789618732.0 0.356
1789618733.0 0.363
1789618734.0 0.356
1789618735.0 0.365
1789618736.0 0.379
1789618737.0 0.374
1789618738.1 0.369
1789618739.1 0.363
1789618740.1 0.349
1789618741.1 0.346
1789618742.1 0.348
1789618743.1 0.342
1789618744.1 0.365
1789618745.1 0.355
1789618746.1 0.348
1789618747.1 0.360
1789618748.2 0.356
1789618749.2 0.346
1789618750.2 0.350
1789618751.2 0.357
1789618752.2 0.358
1789618753.2 0.358
1789618754.2 0.359
1789618755.3 0.353
1789618756.3 0.362
1789618757.3 0.350
1789618758.3 0.360
1789618759.3 0.368
1789618760.3 0.372
1789618761.3 0.350
1789618762.3 0.361
1789618763.3 0.356
1789618764.4 0.348
1789618765.4 0.360
1789618766.4 0.367
1789618767.4 0.349
1789618768.4 0.359
1789618769.4 0.354
1789618770.4 0.346
1789618771.4 0.355
1789618772.4 0.355
1789618773.4 0.348
1789618774.5 0.338
1789618775.5 0.342
1789618776.5 0.352
1789618777.5 0.363
1789618778.5 0.340
1789618779.5 0.358
1789618780.5 0.346
1789618781.5 0.346
1789618782.5 0.366
1789618783.5 0.362
1789618784.6 0.359
1789618785.6 0.360
1789618786.6 0.358
1789618787.6 0.344
1789618788.6 0.364
1789618789.6 0.342
1789618790.6 0.355
1789618791.6 0.354
1789618792.6 0.359
1789618793.6 0.349
1789618794.7 0.358
1789618795.7 0.356
1789618796.7 0.361
1789618797.7 0.360
1789618798.7 0.365
1789618799.7 0.356
1789618800.7 0.361
1789618801.7 0.339
1789618802.7 0.347
1789618803.8 0.370
1789618804.8 0.351
1789618805.8 0.357
1789618806.8 0.347
1789618807.8 0.341
1789618808.8 0.351
1789618809.8 0.358
1789618810.8 0.355
1789618811.8 0.342
1789618812.8 0.355
1789618813.9 0.355
1789618814.9 0.356
1789618815.9 0.362
1789618816.9 0.350
1789618817.9 0.362
1789618818.9 0.353
1789618819.9 0.356
1789618820.9 0.363
1789618822.0 0.370
1789618823.0 0.388
1789618824.0 0.381
1789618825.0 0.381
1789618826.0 0.366
1789618827.0 0.353
1789618828.0 0.375
1789618829.0 0.360
1789618830.1 0.378
1789618831.1 0.368
1789618832.1 0.368
1789618833.1 0.364
1789618834.1 0.360
1789618835.2 0.341
1789618836.2 0.358
1789618837.2 0.356
1789618838.2 0.360
1789618839.2 0.369
1789618840.2 0.372
1789618841.2 0.384
1789618842.2 0.375
1789618843.2 0.383
1789618844.3 0.358
1789618845.3 0.367
1789618846.3 0.362
1789618847.3 0.364
1789618848.3 0.361
1789618849.3 0.366
1789618850.3 0.368
1789618851.3 0.352
1789618852.4 0.355
1789618853.4 0.350
1789618854.4 0.365
1789618855.4 0.356
1789618856.4 0.345
1789618857.4 0.348
1789618858.4 0.376
1789618859.4 0.380
1789618860.4 0.387
1789618861.4 0.388
1789618862.5 0.377
1789618863.5 0.366
1789618864.5 0.355
1789618865.5 0.367
1789618866.5 0.340
1789618867.5 0.364
1789618868.6 0.347
1789618869.6 0.365
1789618870.6 0.360
1789618871.6 0.363
1789618872.6 0.387
1789618873.6 0.370
1789618874.6 0.383
1789618875.6 0.383
1789618876.6 0.387
1789618877.6 0.375
1789618878.7 0.371
1789618879.7 0.358
1789618880.7 0.381
1789618881.7 0.383
1789618882.7 0.375
1789618883.7 0.385
1789618884.7 0.354
1789618885.7 0.356
1789618886.7 0.375
1789618887.7 0.371
1789618888.8 0.369
1789618889.8 0.377
1789618890.8 0.369
1789618891.8 0.365
1789618892.8 0.378
1789618893.8 0.385
1789618894.8 0.384
1789618895.8 0.371
1789618896.8 0.371
1789618897.9 0.364
1789618898.9 0.369
1789618899.9 0.362
1789618900.9 0.345
1789618901.9 0.361
1789618902.9 0.345
1789618903.9 0.360
1789618904.9 0.358
1789618906.0 0.357
1789618907.0 0.357
1789618908.0 0.357
1789618909.0 0.355
1789618910.0 0.358
1789618911.0 0.377
1789618912.0 0.374
1789618913.0 0.377
1789618914.0 0.385
1789618915.0 0.371
1789618916.1 0.374
1789618917.1 0.352
1789618918.1 0.343
1789618919.1 0.375
1789618920.1 0.354
1789618921.1 0.374
1789618922.1 0.359
1789618923.1 0.380
1789618924.2 0.382
1789618925.2 0.372
1789618926.2 0.360
1789618927.2 0.361
1789618928.2 0.355
1789618929.2 0.351
1789618930.2 0.347
1789618931.3 0.358
1789618932.3 0.365
1789618933.3 0.370
1789618934.3 0.385
1789618935.3 0.359
1789618936.3 0.374
1789618937.3 0.386
1789618938.3 0.368
1789618939.4 0.367
1789618940.4 0.368
1789618941.4 0.379
1789618942.4 0.366
1789618943.4 0.378
1789618944.4 0.353
1789618945.4 0.370
1789618946.4 0.376
1789618947.4 0.349
1789618948.4 0.350
1789618949.5 0.361
1789618950.5 0.365
1789618951.5 0.376
1789618952.5 0.375
1789618953.5 0.371
1789618954.5 0.365
1789618955.5 0.358
1789618956.5 0.364
1789618957.6 0.362
1789618958.6 0.369
1789618959.6 0.361
1789618960.6 0.372
1789618961.6 0.393
1789618962.6 0.385
1789618963.6 0.372
1789618964.6 0.371
1789618965.6 0.363
1789618966.7 0.365
1789618967.7 0.363
1789618968.7 0.363
1789618969.7 0.384
1789618970.7 0.382
1789618971.7 0.394
1789618972.7 0.380
1789618973.7 0.363
1789618974.8 0.378
1789618975.8 0.370
1789618976.8 0.366
1789618977.8 0.360
1789618978.8 0.352
1789618979.8 0.381
1789618980.8 0.371
1789618981.8 0.378
1789618982.8 0.370
1789618983.8 0.365
1789618984.9 0.390
1789618985.9 0.387
1789618986.9 0.382
1789618987.9 0.371
1789618988.9 0.389
1789618989.9 0.361
1789618990.9 0.372
1789618991.9 0.366
1789618992.9 0.368
1789618993.9 0.372
1789618995.0 0.374
1789618996.0 0.369
1789618997.0 0.367
1789618998.0 0.372
1789618999.0 0.360
1789619000.0 0.370
1789619001.0 0.363
1789619002.0 0.376
1789619003.0 0.374
1789619004.1 0.364
1789619005.1 0.385
1789619006.1 0.363
1789619007.1 0.367
1789619008.1 0.365
1789619009.1 0.374
1789619010.1 0.375
1789619011.1 0.357
1789619012.1 0.368
1789619013.1 0.381
1789619014.2 0.376
1789619015.2 0.382
1789619016.2 0.368
1789619017.2 0.372
1789619018.2 0.375
1789619019.2 0.379
1789619020.2 0.383
1789619021.2 0.370
1789619022.2 0.364
1789619023.2 0.383
1789619024.3 0.359
1789619025.3 0.367
1789619026.3 0.362
1789619027.3 0.372
1789619028.3 0.376
1789619029.3 0.384
1789619030.3 0.382
1789619031.3 0.388
1789619032.4 0.397
1789619033.4 0.376
1789619034.4 0.384
1789619035.4 0.373
1789619036.4 0.381
1789619037.4 0.369
1789619038.4 0.369
1789619039.5 0.372
1789619040.5 0.378
1789619041.5 0.377
1789619042.5 0.388
1789619043.5 0.388
1789619044.5 0.385
1789619045.5 0.370
1789619046.5 0.376
1789619047.5 0.373
1789619048.6 0.387
1789619049.6 0.394
1789619050.6 0.379
1789619051.6 0.398
1789619052.6 0.381
1789619053.6 0.386
1789619054.6 0.372
1789619055.6 0.394
1789619056.7 0.389
1789619057.7 0.381
1789619058.7 0.385
1789619059.7 0.384
1789619060.7 0.387
1789619061.7 0.367
1789619062.7 0.381
1789619063.7 0.383
1789619064.7 0.386
1789619065.7 0.399
1789619066.8 0.391
1789619067.8 0.382
1789619068.8 0.374
1789619069.8 0.397
1789619070.8 0.381
1789619071.8 0.395
1789619072.8 0.392
1789619073.8 0.380
1789619074.8 0.372
1789619075.9 0.377
1789619076.9 0.384
1789619077.9 0.388
1789619078.9 0.377
1789619079.9 0.378
1789619080.9 0.369
1789619081.9 0.382
1789619082.9 0.372
1789619083.9 0.397
1789619085.0 0.373
1789619086.0 0.378
1789619087.0 0.385
1789619088.0 0.383
1789619089.0 0.380
1789619090.0 0.389
1789619091.0 0.381
1789619092.0 0.389
1789619093.0 0.369
1789619094.0 0.382
1789619095.1 0.377
1789619096.1 0.382
1789619097.1 0.378
1789619098.1 0.372
1789619099.1 0.392
1789619100.1 0.383
1789619101.1 0.386
1789619102.1 0.373
1789619103.1 0.373
1789619104.1 0.391
1789619105.2 0.381
1789619106.2 0.377
1789619107.2 0.370
1789619108.2 0.369
1789619109.2 0.370
1789619110.2 0.379
1789619111.2 0.382
1789619112.2 0.378
1789619113.2 0.377
1789619114.2 0.371
1789619115.2 0.405
1789619116.3 0.381
1789619117.3 0.395
1789619118.3 0.380
1789619119.3 0.383
1789619120.3 0.380
1789619121.3 0.370
1789619122.3 0.375
1789619123.3 0.370
1789619124.3 0.383
1789619125.3 0.360
1789619126.4 0.382
1789619127.4 0.370
1789619128.4 0.378
1789619129.4 0.380
1789619130.4 0.385
1789619131.4 0.386
1789619132.5 0.383
1789619133.5 0.383
1789619134.5 0.387
1789619135.5 0.376
1789619136.5 0.384
1789619137.5 0.380
1789619138.5 0.381
1789619139.5 0.377
1789619140.5 0.391
1789619141.6 0.380
1789619142.6 0.384
1789619143.6 0.372
1789619144.6 0.387
1789619145.6 0.375
1789619146.6 0.383
1789619147.6 0.385
1789619148.6 0.396
1789619149.7 0.379
1789619150.7 0.394
1789619151.7 0.383
1789619152.7 0.378
1789619153.7 0.392
1789619154.7 0.382
1789619155.7 0.382
1789619156.7 0.383
1789619157.8 0.375
1789619158.8 0.382
1789619159.8 0.383
1789619160.8 0.379
1789619161.9 0.378
1789619162.9 0.373
1789619163.9 0.383
1789619164.9 0.373
1789619165.9 0.376
1789619166.9 0.368
1789619167.9 0.383
1789619168.9 0.380
1789619169.9 0.386
1789619170.9 0.377
1789619172.0 0.369
1789619173.0 0.392
1789619174.0 0.377
1789619175.0 0.378
1789619176.0 0.386
1789619177.0 0.378
1789619178.0 0.382
1789619179.0 0.381
1789619180.1 0.377
1789619181.1 0.390
1789619182.1 0.384
1789619183.1 0.383
1789619184.1 0.392
1789619185.1 0.376
1789619186.1 0.374
1789619187.1 0.384
1789619188.1 0.384
1789619189.2 0.367
1789619190.2 0.374
1789619191.2 0.380
1789619192.2 0.378
1789619193.2 0.391
1789619194.2 0.387
1789619195.2 0.391
1789619196.2 0.384
1789619197.2 0.375
1789619198.2 0.383
1789619199.3 0.389
1789619200.3 0.372
1789619201.3 0.384
1789619202.3 0.377
1789619203.3 0.383
1789619204.3 0.380
1789619205.3 0.385
1789619206.3 0.386
1789619207.3 0.377
1789619208.3 0.383
1789619209.3 0.379
1789619210.4 0.373
1789619211.4 0.386
1789619212.4 0.373
1789619213.4 0.387
1789619214.4 0.380
1789619215.4 0.389
1789619216.4 0.375
1789619217.5 0.376
1789619218.5 0.381
1789619219.5 0.391
1789619220.5 0.386
1789619221.5 0.382
1789619222.6 0.398
1789619223.6 0.389
1789619224.6 0.380
1789619225.6 0.381
1789619226.6 0.375
1789619227.6 0.370
1789619228.6 0.390
1789619229.6 0.384
1789619230.6 0.378
1789619231.6 0.377
1789619232.6 0.385
1789619233.6 0.396
1789619234.7 0.382
1789619235.7 0.382
1789619236.7 0.382
1789619237.7 0.376
1789619238.7 0.386
1789619239.7 0.381
1789619240.7 0.378
1789619241.7 0.370
1789619242.7 0.372
1789619243.7 0.376
1789619244.8 0.374
1789619245.8 0.361
1789619246.8 0.367
1789619247.8 0.366
1789619248.8 0.357
1789619249.8 0.364
1789619250.8 0.355
1789619251.8 0.366
1789619252.8 0.356
1789619253.9 0.358
1789619254.9 0.367
1789619255.9 0.353
1789619256.9 0.366
1789619257.9 0.369
1789619258.9 0.362
1789619259.9 0.355
1789619261.0 0.356
1789619262.0 0.369
1789619263.0 0.361
1789619264.0 0.351
1789619265.0 0.371
1789619266.0 0.382
1789619267.0 0.361
1789619268.0 0.387
1789619269.0 0.373
1789619270.1 0.366
1789619271.1 0.368
1789619272.1 0.380
1789619273.1 0.368
1789619274.1 0.377
1789619275.1 0.377
1789619276.1 0.378
1789619277.1 0.384
1789619278.1 0.386
1789619279.2 0.384
1789619280.2 0.386
1789619281.2 0.375
1789619282.2 0.376
1789619283.2 0.371
1789619284.2 0.365
1789619285.2 0.372
1789619286.2 0.349
1789619287.3 0.370
1789619288.3 0.365
1789619289.3 0.362
1789619290.3 0.357
1789619291.3 0.373
1789619292.4 0.362
1789619293.4 0.357
1789619294.4 0.356
1789619295.4 0.353
1789619296.4 0.366
1789619297.4 0.361
1789619298.5 0.360
1789619299.5 0.349
1789619300.5 0.361
1789619301.5 0.355
1789619302.5 0.355
1789619303.5 0.370
1789619304.5 0.369
1789619305.6 0.381
1789619306.6 0.365
1789619307.6 0.376
1789619308.6 0.382
1789619309.6 0.381
1789619310.6 0.366
1789619311.6 0.378
1789619312.6 0.363
1789619313.7 0.373
1789619314.7 0.376
1789619315.7 0.375
1789619316.7 0.368
1789619317.7 0.364
1789619318.7 0.380
1789619319.7 0.365
1789619320.7 0.373
1789619321.8 0.371
1789619322.8 0.360
1789619323.8 0.364
1789619324.8 0.372
1789619325.8 0.366
1789619326.8 0.356
1789619327.8 0.375
1789619328.9 0.345
1789619329.9 0.360
1789619330.9 0.364
1789619331.9 0.347
1789619332.9 0.354
1789619333.9 0.355
1789619335.0 0.351
1789619336.0 0.349
1789619337.0 0.346
1789619338.0 0.357
1789619339.0 0.358
1789619340.0 0.352
1789619341.0 0.355
1789619342.0 0.360
1789619343.1 0.353
1789619344.1 0.370
1789619345.1 0.353
1789619346.1 0.359
1789619347.1 0.375
1789619348.1 0.357
1789619349.1 0.382
1789619350.1 0.357
1789619351.1 0.361
1789619352.1 0.372
1789619353.1 0.380
1789619354.2 0.377
1789619355.2 0.367
1789619356.2 0.367
1789619357.2 0.380
1789619358.2 0.389
1789619359.2 0.372
1789619360.2 0.384
1789619361.3 0.379
1789619362.3 0.387
1789619363.3 0.374
1789619364.3 0.372
1789619365.3 0.392
1789619366.3 0.374
1789619367.3 0.365
1789619368.3 0.386
1789619369.3 0.384
1789619370.3 0.387
1789619371.4 0.380
1789619372.4 0.390
1789619373.4 0.363
1789619374.4 0.391
1789619375.4 0.381
1789619376.4 0.373
1789619377.4 0.379
1789619378.4 0.389
1789619379.4 0.385
1789619380.5 0.372
1789619381.5 0.372
1789619382.5 0.372
1789619383.5 0.377
1789619384.5 0.361
1789619385.5 0.383
1789619386.5 0.376
1789619387.5 0.366
1789619388.5 0.362
1789619389.5 0.378
1789619390.6 0.379
1789619391.6 0.369
1789619392.6 0.387
1789619393.6 0.382
1789619394.6 0.389
1789619395.6 0.371
1789619396.6 0.378
1789619397.6 0.381
1789619398.6 0.376
1789619399.6 0.374
1789619400.7 0.375
1789619401.7 0.374
1789619402.7 0.383
1789619403.7 0.369
1789619404.7 0.361
1789619405.7 0.365
1789619406.7 0.378
1789619407.7 0.386
1789619408.7 0.395
1789619409.7 0.384
1789619410.8 0.383
1789619411.8 0.380
1789619412.8 0.354
1789619413.8 0.380
1789619414.8 0.391
1789619415.8 0.372
1789619416.8 0.386
1789619417.8 0.381
1789619418.9 0.374
1789619419.9 0.377
1789619420.9 0.372
1789619421.9 0.384
1789619422.9 0.374
1789619423.9 0.378
1789619424.9 0.381
1789619425.9 0.367
1789619426.9 0.388
1789619427.9 0.392
1789619429.0 0.379
1789619430.0 0.379
1789619431.0 0.370
1789619432.0 0.360
1789619433.0 0.377
1789619434.0 0.374
1789619435.0 0.380
1789619436.0 0.366
1789619437.0 0.373
1789619438.0 0.383
1789619439.1 0.361
1789619440.1 0.386
1789619441.1 0.385
1789619442.1 0.375
1789619443.1 0.369
1789619444.1 0.388
1789619445.1 0.369
1789619446.1 0.377
1789619447.1 0.370
1789619448.2 0.369
1789619449.2 0.371
1789619450.2 0.370
1789619451.2 0.378
1789619452.2 0.373
1789619453.2 0.399
1789619454.2 0.394
1789619455.2 0.363
1789619456.2 0.384
1789619457.2 0.370
1789619458.3 0.389
1789619459.3 0.382
1789619460.3 0.367
1789619461.3 0.374
1789619462.3 0.375
1789619463.4 0.375
1789619464.4 0.385
1789619465.4 0.379
1789619466.4 0.380
1789619467.4 0.391
1789619468.4 0.377
1789619469.4 0.369
1789619470.4 0.374
1789619471.4 0.370
1789619472.4 0.379
1789619473.5 0.384
1789619474.5 0.376
1789619475.5 0.367
1789619476.5 0.387
1789619477.5 0.381
1789619478.5 0.373
1789619479.5 0.370
1789619480.5 0.381
1789619481.5 0.373
1789619482.6 0.368
1789619483.6 0.370
1789619484.6 0.376
1789619485.6 0.369
1789619486.6 0.369
1789619487.6 0.376
1789619488.7 0.363
1789619489.7 0.369
1789619490.7 0.379
1789619491.7 0.370
1789619492.7 0.383
1789619493.7 0.383
1789619494.7 0.372
1789619495.7 0.382
1789619496.8 0.395
1789619497.8 0.388
1789619498.8 0.393
1789619499.8 0.375
1789619500.8 0.372
1789619501.8 0.376
1789619502.8 0.373
1789619503.8 0.370
1789619504.9 0.392
1789619505.9 0.371
1789619506.9 0.377
1789619507.9 0.373
1789619508.9 0.366
1789619509.9 0.373
1789619510.9 0.361
1789619511.9 0.363
1789619512.9 0.377
1789619514.0 0.381
1789619515.0 0.385
1789619516.0 0.374
1789619517.0 0.380
1789619518.0 0.368
1789619519.0 0.377
1789619520.0 0.373
1789619521.0 0.372
1789619522.0 0.370
1789619523.0 0.393
1789619524.0 0.380
1789619525.1 0.382
1789619526.1 0.384
1789619527.1 0.393
1789619528.1 0.364
1789619529.1 0.369
1789619530.1 0.368
1789619531.1 0.371
1789619532.1 0.372
1789619533.1 0.370
1789619534.2 0.370
1789619535.2 0.376
1789619536.2 0.376
1789619537.2 0.375
1789619538.2 0.376
1789619539.2 0.380
1789619540.2 0.382
1789619541.2 0.369
1789619542.3 0.386
1789619543.3 0.373
1789619544.3 0.397
1789619545.3 0.393
1789619546.3 0.379
1789619547.3 0.372
1789619548.3 0.375
1789619549.3 0.386
1789619550.3 0.372
1789619551.3 0.374
1789619552.4 0.378
1789619553.4 0.385
1789619554.4 0.386
1789619555.4 0.368
1789619556.4 0.385
1789619557.4 0.392
1789619558.4 0.370
1789619559.4 0.387
1789619560.4 0.374
1789619561.4 0.379
1789619562.5 0.367
1789619563.5 0.365
1789619564.5 0.391
1789619565.5 0.367
1789619566.5 0.364
1789619567.5 0.379
1789619568.5 0.364
1789619569.5 0.372
1789619570.5 0.374
1789619571.5 0.378
1789619572.6 0.371
1789619573.6 0.380
1789619574.6 0.369
1789619575.6 0.361
1789619576.6 0.354
1789619577.6 0.373
1789619578.6 0.379
1789619579.6 0.372
1789619580.6 0.372
1789619581.7 0.372
1789619582.7 0.378
1789619583.7 0.382
1789619584.7 0.375
1789619585.7 0.366
1789619586.7 0.370
1789619587.7 0.386
1789619588.7 0.366
1789619589.7 0.378
1789619590.7 0.379
1789619591.8 0.380
1789619592.8 0.380
1789619593.8 0.382
1789619594.8 0.382
1789619595.8 0.378
1789619596.8 0.378
1789619597.9 0.371
1789619598.9 0.378
1789619599.9 0.373
1789619600.9 0.367
1789619601.9 0.377
1789619602.9 0.383
1789619603.9 0.380
1789619604.9 0.380
1789619605.9 0.381
1789619607.0 0.382
1789619608.0 0.387
1789619609.0 0.384
1789619610.0 0.375
1789619611.0 0.370
1789619612.0 0.384
1789619613.0 0.370
1789619614.0 0.379
1789619615.0 0.386
1789619616.0 0.381
1789619617.1 0.379
1789619618.1 0.383
1789619619.1 0.362
1789619620.1 0.377
1789619621.1 0.361
1789619622.1 0.371
1789619623.1 0.372
1789619624.1 0.365
1789619625.2 0.371
1789619626.2 0.373
1789619627.2 0.370
1789619628.2 0.374
1789619629.2 0.368
1789619630.2 0.391
1789619631.2 0.374
1789619632.2 0.373
1789619633.2 0.380
1789619634.3 0.379
1789619635.3 0.373
1789619636.3 0.372
1789619637.3 0.376
1789619638.3 0.382
1789619639.3 0.377
1789619640.3 0.372
1789619641.3 0.393
1789619642.4 0.380
1789619643.4 0.377
1789619644.4 0.376
1789619645.4 0.377
1789619646.4 0.383
1789619647.4 0.378
1789619648.4 0.369
1789619649.4 0.367
1789619650.4 0.377
1789619651.4 0.387
1789619652.5 0.376
1789619653.5 0.382
1789619654.5 0.377
1789619655.5 0.387
1789619656.5 0.375
1789619657.5 0.366
1789619658.5 0.375
1789619659.5 0.368
1789619660.5 0.374
1789619661.5 0.389
1789619662.6 0.374
1789619663.6 0.376
1789619664.6 0.389
1789619665.6 0.378
1789619666.6 0.381
1789619667.6 0.393
1789619668.6 0.375
1789619669.6 0.370
1789619670.6 0.370
1789619671.7 0.385
1789619672.7 0.370
1789619673.7 0.374
1789619674.7 0.383
1789619675.7 0.382
1789619676.7 0.384
1789619677.7 0.366
1789619678.7 0.371
1789619679.7 0.381
1789619680.7 0.366
1789619681.8 0.372
1789619682.8 0.366
1789619683.8 0.374
1789619684.8 0.376
1789619685.8 0.381
1789619686.8 0.374
1789619687.8 0.373
1789619688.8 0.372
1789619689.9 0.379
1789619690.9 0.393
1789619691.9 0.376
1789619692.9 0.371
1789619693.9 0.374
1789619694.9 0.382
1789619695.9 0.376
1789619696.9 0.382
1789619697.9 0.384
1789619699.0 0.376
1789619700.0 0.373
1789619701.0 0.377
1789619702.0 0.377
1789619703.0 0.384
1789619704.0 0.379
1789619705.0 0.368
1789619706.0 0.377
1789619707.0 0.376
1789619708.0 0.383
1789619709.1 0.380
1789619710.1 0.380
1789619711.1 0.373
1789619712.1 0.368
1789619713.1 0.370
1789619714.1 0.374
1789619715.1 0.371
1789619716.1 0.378
1789619717.1 0.391
1789619718.1 0.389
1789619719.2 0.381
1789619720.2 0.384
1789619721.2 0.373
1789619722.2 0.381
1789619723.2 0.382
1789619724.2 0.379
1789619725.2 0.383
1789619726.2 0.387
1789619727.2 0.394
1789619728.2 0.361
1789619729.3 0.360
1789619730.3 0.364
1789619731.3 0.365
1789619732.3 0.373
1789619733.3 0.373
1789619734.3 0.392
1789619735.3 0.378
1789619736.4 0.386
1789619737.4 0.372
1789619738.4 0.365
1789619739.4 0.354
1789619740.4 0.371
1789619741.4 0.362
1789619742.4 0.354
1789619743.4 0.379
1789619744.4 0.371
1789619745.4 0.383
1789619746.5 0.394
1789619747.5 0.379
1789619748.5 0.373
1789619749.5 0.371
1789619750.5 0.372
1789619751.5 0.344
1789619752.5 0.348
1789619753.6 0.352
1789619754.6 0.363
1789619755.6 0.385
1789619756.6 0.369
1789619757.6 0.387
1789619758.6 0.379
1789619759.6 0.374
1789619760.6 0.369
1789619761.6 0.364
1789619762.7 0.359
1789619763.7 0.363
1789619764.7 0.358
1789619765.7 0.383
1789619766.7 0.391
1789619767.7 0.386
1789619768.7 0.374
1789619769.7 0.374
1789619770.7 0.369
1789619771.7 0.369
1789619772.7 0.342
1789619773.8 0.348
1789619774.8 0.357
1789619775.8 0.364
1789619776.8 0.388
1789619777.8 0.380
1789619778.8 0.378
1789619779.8 0.381
1789619780.8 0.372
1789619781.9 0.366
1789619782.9 0.353
1789619783.9 0.357
1789619784.9 0.353
1789619785.9 0.369
1789619786.9 0.363
1789619787.9 0.386
1789619788.9 0.390
1789619789.9 0.390
1789619790.9 0.390
1789619792.0 0.382
1789619793.0 0.359
1789619794.0 0.368
1789619795.0 0.358
1789619796.0 0.367
1789619797.0 0.382
1789619798.0 0.371
1789619799.0 0.380
1789619800.1 0.395
1789619801.1 0.395
1789619802.1 0.385
1789619803.1 0.364
1789619804.1 0.358
1789619805.1 0.356
1789619806.1 0.349
1789619807.2 0.364
1789619808.2 0.365
1789619809.2 0.365
1789619810.2 0.373
1789619811.2 0.394
1789619812.2 0.378
1789619813.2 0.369
1789619814.2 0.372
1789619815.2 0.369
1789619816.3 0.359
1789619817.3 0.362
1789619818.3 0.369
1789619819.3 0.373
1789619820.3 0.391
1789619821.3 0.379
1789619822.3 0.383
1789619823.3 0.385
1789619824.3 0.365
1789619825.3 0.361
1789619826.3 0.357
1789619827.4 0.349
1789619828.4 0.360
1789619829.4 0.377
1789619830.4 0.379
1789619831.4 0.376
1789619832.4 0.395
1789619833.4 0.374
1789619834.5 0.373
1789619835.5 0.367
1789619836.5 0.376
1789619837.5 0.372
1789619838.5 0.352
1789619839.5 0.370
1789619840.5 0.381
1789619841.5 0.370
1789619842.5 0.376
1789619843.6 0.382
1789619844.6 0.386
1789619845.6 0.377
1789619846.6 0.367
1789619847.6 0.352
1789619848.6 0.354
1789619849.6 0.365
1789619850.6 0.367
1789619851.6 0.382
1789619852.6 0.385
1789619853.7 0.381
1789619854.7 0.393
1789619855.7 0.388
1789619856.7 0.372
1789619857.7 0.359
1789619858.7 0.365
1789619859.7 0.366
1789619860.7 0.375
1789619861.7 0.369
1789619862.8 0.378
1789619863.8 0.398
1789619864.8 0.392
1789619865.8 0.376
1789619866.8 0.371
1789619867.8 0.368
1789619868.8 0.362
1789619869.8 0.365
1789619870.9 0.370
1789619871.9 0.377
1789619872.9 0.379
1789619873.9 0.391
1789619874.9 0.393
1789619875.9 0.395
1789619876.9 0.371
1789619877.9 0.375
1789619879.0 0.368
1789619880.0 0.369
1789619881.0 0.362
1789619882.0 0.365
1789619883.0 0.360
1789619884.0 0.384
1789619885.0 0.389
1789619886.0 0.376
1789619887.1 0.373
1789619888.1 0.392
1789619889.1 0.389
1789619890.1 0.363
1789619891.1 0.358
1789619892.1 0.359
1789619893.1 0.371
1789619894.1 0.375
1789619895.2 0.407
1789619896.2 0.392
1789619897.2 0.381
1789619898.2 0.377
1789619899.2 0.364
1789619900.2 0.378
1789619901.2 0.365
1789619902.2 0.345
1789619903.2 0.378
1789619904.3 0.375
1789619905.3 0.373
1789619906.3 0.392
1789619907.3 0.378
1789619908.3 0.388
1789619909.3 0.388
1789619910.3 0.365
1789619911.3 0.373
1789619912.3 0.370
1789619913.3 0.358
1789619914.4 0.365
1789619915.4 0.379
1789619916.4 0.374
1789619917.4 0.385
1789619918.4 0.393
1789619919.4 0.376
1789619920.4 0.383
1789619921.4 0.365
1789619922.4 0.384
1789619923.5 0.368
1789619924.5 0.358
1789619925.5 0.379
1789619926.5 0.372
1789619927.5 0.390
1789619928.5 0.383
1789619929.5 0.399
1789619930.5 0.397
1789619931.6 0.373
1789619932.6 0.360
1789619933.6 0.368
1789619934.6 0.353
1789619935.6 0.364
1789619936.6 0.366
1789619937.6 0.379
1789619938.6 0.381
1789619939.6 0.384
1789619940.6 0.377
1789619941.7 0.382
1789619942.7 0.372
1789619943.7 0.371
1789619944.7 0.361
1789619945.7 0.368
1789619946.7 0.367
1789619947.7 0.374
1789619948.7 0.383
1789619949.7 0.389
1789619950.7 0.387
1789619951.7 0.372
1789619952.8 0.386
1789619953.8 0.376
1789619954.8 0.366
1789619955.8 0.368
1789619956.8 0.376
1789619957.8 0.361
1789619958.8 0.366
1789619959.8 0.375
1789619960.9 0.393
1789619961.9 0.392
1789619962.9 0.387
1789619963.9 0.372
1789619964.9 0.367
1789619965.9 0.374
1789619966.9 0.355
1789619967.9 0.367
1789619969.0 0.365
1789619970.0 0.382
1789619971.0 0.384
1789619972.0 0.382
1789619973.0 0.389
1789619974.0 0.384
1789619975.0 0.386
1789619976.0 0.357
1789619977.0 0.370
1789619978.1 0.355
1789619979.1 0.364
1789619980.1 0.378
1789619981.1 0.379
1789619982.1 0.390
1789619983.1 0.404
1789619984.1 0.377
1789619985.1 0.379
1789619986.1 0.379
1789619987.1 0.369
1789619988.1 0.362
1789619989.1 0.374
1789619990.2 0.379
1789619991.2 0.359
1789619992.2 0.387
1789619993.2 0.373
1789619994.2 0.390
1789619995.2 0.396
1789619996.2 0.393
1789619997.2 0.378
1789619998.2 0.361
1789619999.3 0.342
1789620000.3 0.375
1789620001.3 0.358
1789620002.3 0.385
1789620003.3 0.388
1789620004.3 0.392
1789620005.3 0.396
1789620006.3 0.388
1789620007.3 0.362
1789620008.3 0.358
1789620009.4 0.363
1789620010.4 0.355
1789620011.4 0.369
1789620012.4 0.375
1789620013.4 0.376
1789620014.4 0.374
1789620015.4 0.384
1789620016.4 0.376
1789620017.4 0.380
1789620018.4 0.371
1789620019.4 0.354
1789620020.5 0.361
1789620021.5 0.366
1789620022.5 0.358
1789620023.5 0.369
1789620024.5 0.382
1789620025.5 0.385
1789620026.5 0.389
1789620027.5 0.400
1789620028.6 0.383
1789620029.6 0.366
1789620030.6 0.370
1789620031.6 0.348
1789620032.6 0.371
1789620033.6 0.364
1789620034.6 0.378
1789620035.6 0.367
1789620036.6 0.386
1789620037.7 0.390
1789620038.7 0.387
1789620039.7 0.381
1789620040.7 0.362
1789620041.7 0.384
1789620042.7 0.358
1789620043.7 0.356
1789620044.7 0.366
1789620045.7 0.387
1789620046.8 0.379
1789620047.8 0.382
1789620048.8 0.401
1789620049.8 0.388
1789620050.8 0.386
1789620051.8 0.363
1789620052.8 0.368
1789620053.8 0.361
1789620054.9 0.367
1789620055.9 0.376
1789620056.9 0.387
1789620057.9 0.392
1789620058.9 0.385
1789620059.9 0.391
1789620060.9 0.395
1789620062.0 0.374
1789620063.0 0.350
1789620064.0 0.353
1789620065.0 0.360
1789620066.0 0.356
1789620067.0 0.373
1789620068.0 0.388
1789620069.0 0.399
1789620070.0 0.391
1789620071.0 0.392
1789620072.0 0.381
1789620073.1 0.385
1789620074.1 0.369
1789620075.1 0.362
1789620076.1 0.372
1789620077.1 0.383
1789620078.1 0.381
1789620079.1 0.382
1789620080.1 0.382
1789620081.2 0.392
1789620082.2 0.392
1789620083.2 0.372
1789620084.2 0.372
1789620085.2 0.367
1789620086.2 0.348
1789620087.2 0.372
1789620088.2 0.381
1789620089.2 0.381
1789620090.2 0.399
1789620091.3 0.381
1789620092.3 0.390
1789620093.3 0.379
1789620094.3 0.376
1789620095.3 0.363
1789620096.3 0.352
1789620097.3 0.370
1789620098.3 0.366
1789620099.4 0.363
1789620100.4 0.376
1789620101.4 0.391
1789620102.4 0.404
1789620103.4 0.387
1789620104.4 0.385
1789620105.4 0.389
1789620106.5 0.370
1789620107.5 0.369
1789620108.5 0.365
1789620109.5 0.362
1789620110.5 0.385
1789620111.5 0.394
1789620112.5 0.398
1789620113.5 0.402
1789620114.5 0.396
1789620115.6 0.385
1789620116.6 0.392
1789620117.6 0.354
1789620118.6 0.364
1789620119.6 0.365
1789620120.6 0.361
1789620121.6 0.393
1789620122.6 0.380
1789620123.6 0.384
1789620124.6 0.415
1789620125.7 0.389
1789620126.7 0.365
1789620127.7 0.358
1789620128.7 0.364
1789620129.7 0.366
1789620130.7 0.356
1789620131.7 0.381
1789620132.7 0.386
1789620133.8 0.402
1789620134.8 0.382
1789620135.8 0.390
1789620136.8 0.393
1789620137.8 0.381
1789620138.8 0.363
1789620139.8 0.370
1789620140.8 0.371
1789620141.8 0.367
1789620142.8 0.381
1789620143.9 0.399
1789620144.9 0.377
1789620145.9 0.404
1789620146.9 0.378
1789620147.9 0.372
1789620148.9 0.372
1789620149.9 0.361
1789620150.9 0.353
1789620151.9 0.368
1789620153.0 0.375
1789620154.0 0.378
1789620155.0 0.395
1789620156.0 0.385
1789620157.0 0.400
1789620158.0 0.397
1789620159.0 0.386
1789620160.0 0.364
1789620161.0 0.352
1789620162.1 0.379
1789620163.1 0.369
1789620164.1 0.388
1789620165.1 0.388
1789620166.1 0.388
1789620167.1 0.380
1789620168.1 0.410
1789620169.1 0.410
1789620170.1 0.393
1789620171.2 0.375
1789620172.2 0.379
1789620173.2 0.374
1789620174.2 0.379
1789620175.2 0.367
1789620176.2 0.382
1789620177.2 0.389
1789620178.2 0.388
1789620179.2 0.375
1789620180.2 0.386
1789620181.2 0.385
1789620182.2 0.372
1789620183.3 0.379
1789620184.3 0.363
1789620185.3 0.372
1789620186.3 0.385
1789620187.3 0.394
1789620188.3 0.393
1789620189.3 0.406
1789620190.3 0.399
1789620191.3 0.391
1789620192.4 0.379
1789620193.4 0.383
1789620194.4 0.390
1789620195.4 0.371
1789620196.4 0.385
1789620197.4 0.377
1789620198.4 0.403
1789620199.4 0.382
1789620200.5 0.392
1789620201.5 0.401
1789620202.5 0.394
1789620203.5 0.382
1789620204.5 0.370
1789620205.5 0.353
1789620206.5 0.345
1789620207.5 0.375
1789620208.6 0.387
1789620209.6 0.405
1789620210.6 0.390
1789620211.6 0.386
1789620212.6 0.402
1789620213.6 0.382
1789620214.6 0.388
1789620215.6 0.367
1789620216.7 0.374
1789620217.7 0.375
1789620218.7 0.369
1789620219.7 0.384
1789620220.7 0.389
1789620221.7 0.402
1789620222.7 0.392
1789620223.7 0.390
1789620224.8 0.393
1789620225.8 0.378
1789620226.8 0.380
1789620227.8 0.373
1789620228.8 0.360
1789620229.8 0.377
1789620230.8 0.383
1789620231.8 0.393
1789620232.8 0.398
1789620233.8 0.390
1789620234.9 0.394
1789620235.9 0.378
1789620236.9 0.390
1789620237.9 0.361
1789620238.9 0.360
1789620239.9 0.380
1789620240.9 0.373
1789620241.9 0.401
1789620242.9 0.399
1789620243.9 0.396
1789620244.9 0.407
1789620246.0 0.398
1789620247.0 0.380
1789620248.0 0.371
1789620249.0 0.363
1789620250.0 0.371
1789620251.0 0.374
1789620252.0 0.389
1789620253.0 0.400
1789620254.1 0.391
1789620255.1 0.393
1789620256.1 0.397
1789620257.1 0.379
1789620258.1 0.372
1789620259.1 0.385
1789620260.2 0.364
1789620261.2 0.362
1789620262.2 0.377
1789620263.2 0.372
1789620264.2 0.387
1789620265.2 0.406
1789620266.2 0.402
1789620267.2 0.401
1789620268.3 0.378
1789620269.3 0.376
1789620270.3 0.372
1789620271.3 0.371
1789620272.3 0.365
1789620273.3 0.365
1789620274.3 0.371
1789620275.3 0.393
1789620276.4 0.398
1789620277.4 0.394
1789620278.4 0.385
1789620279.4 0.379
1789620280.4 0.379
1789620281.4 0.373
1789620282.4 0.378
1789620283.4 0.359
1789620284.5 0.373
1789620285.5 0.381
1789620286.5 0.390
1789620287.5 0.388
1789620288.5 0.395
1789620289.5 0.381
1789620290.5 0.368
1789620291.5 0.374
1789620292.6 0.374
1789620293.6 0.354
1789620294.6 0.373
1789620295.6 0.377
1789620296.6 0.378
1789620297.6 0.401
1789620298.7 0.383
1789620299.7 0.389
1789620300.7 0.389
1789620301.7 0.380
1789620302.7 0.380
1789620303.7 0.365
1789620304.7 0.360
1789620305.8 0.366
1789620306.8 0.365
1789620307.8 0.384
1789620308.8 0.387
1789620309.8 0.403
1789620310.8 0.398
1789620311.8 0.389
1789620312.8 0.373
1789620313.9 0.370
1789620314.9 0.367
1789620315.9 0.361
1789620316.9 0.359
1789620317.9 0.383
1789620318.9 0.389
1789620319.9 0.397
1789620320.9 0.389
1789620322.0 0.392
1789620323.0 0.386
1789620324.0 0.366
1789620325.0 0.357
1789620326.0 0.356
1789620327.0 0.366
1789620328.0 0.364
1789620329.0 0.377
1789620330.1 0.380
1789620331.1 0.369
1789620332.1 0.386
1789620333.1 0.390
1789620334.1 0.391
1789620335.1 0.370
1789620336.1 0.370
1789620337.2 0.369
1789620338.2 0.369
1789620339.2 0.369
1789620340.2 0.382
1789620341.2 0.378
1789620342.2 0.390
1789620343.2 0.404
1789620344.2 0.396
1789620345.2 0.397
1789620346.3 0.385
1789620347.3 0.373
1789620348.3 0.366
1789620349.3 0.370
1789620350.3 0.372
1789620351.3 0.378
1789620352.3 0.392
1789620353.3 0.390
1789620354.3 0.379
1789620355.4 0.416
1789620356.4 0.393
1789620357.4 0.381
1789620358.4 0.373
1789620359.4 0.358
1789620360.4 0.366
1789620361.5 0.373
1789620362.5 0.374
1789620363.5 0.379
1789620364.5 0.390
1789620365.5 0.381
1789620366.5 0.396
1789620367.5 0.381
1789620368.5 0.402
1789620369.5 0.366
1789620370.6 0.369
1789620371.6 0.367
1789620372.6 0.373
1789620373.6 0.374
1789620374.6 0.383
1789620375.6 0.403
1789620376.6 0.392
1789620377.6 0.381
1789620378.6 0.389
1789620379.7 0.372
1789620380.7 0.368
1789620381.7 0.351
1789620382.7 0.379
1789620383.7 0.377
1789620384.7 0.371
1789620385.8 0.382
1789620386.8 0.396
1789620387.8 0.383
1789620388.8 0.391
1789620389.8 0.389
1789620390.8 0.373
1789620391.8 0.364
1789620392.8 0.367
1789620393.8 0.350
1789620394.9 0.380
1789620395.9 0.362
1789620396.9 0.359
1789620397.9 0.383
1789620398.9 0.368
1789620399.9 0.376
1789620400.9 0.391
1789620402.0 0.382
1789620403.0 0.377
1789620404.0 0.378
1789620405.0 0.357
1789620406.0 0.378
1789620407.0 0.361
1789620408.0 0.363
1789620409.0 0.362
1789620410.1 0.375
1789620411.1 0.372
1789620412.1 0.385
1789620413.1 0.383
1789620414.1 0.383
1789620415.1 0.382
1789620416.1 0.375
1789620417.1 0.373
1789620418.1 0.360
1789620419.1 0.368
1789620420.1 0.363
1789620421.1 0.365
1789620422.2 0.362
1789620423.2 0.360
1789620424.2 0.362
1789620425.2 0.351
1789620426.2 0.345
1789620427.2 0.353
1789620428.2 0.367
1789620429.2 0.346
1789620430.3 0.373
1789620431.3 0.359
1789620432.3 0.355
1789620433.3 0.358
1789620434.3 0.346
1789620435.3 0.370
1789620436.3 0.359
1789620437.3 0.346
1789620438.3 0.345
1789620439.4 0.362
1789620440.4 0.353
1789620441.4 0.342
1789620442.4 0.357
1789620443.4 0.359
1789620444.4 0.358
1789620445.4 0.369
1789620446.5 0.358
1789620447.5 0.353
1789620448.5 0.364
1789620449.5 0.371
1789620450.5 0.365
1789620451.5 0.360
1789620452.5 0.371
1789620453.5 0.350
1789620454.6 0.362
1789620455.6 0.367
1789620456.6 0.348
1789620457.6 0.359
1789620458.6 0.348
1789620459.6 0.351
1789620460.6 0.348
1789620461.6 0.353
1789620462.7 0.362
1789620463.7 0.367
1789620464.7 0.362
1789620465.7 0.349
1789620466.7 0.336
1789620467.7 0.354
1789620468.8 0.364
1789620469.8 0.337
1789620470.8 0.354
1789620471.8 0.344
1789620472.8 0.370
1789620473.8 0.364
1789620474.8 0.357
1789620475.8 0.362
1789620476.9 0.342
1789620477.9 0.360
1789620478.9 0.352
1789620479.9 0.362
1789620480.9 0.366
1789620481.9 0.366
1789620482.9 0.350
1789620483.9 0.353
1789620484.9 0.360
1789620485.9 0.349
1789620487.0 0.338
1789620488.0 0.359
1789620489.0 0.378
1789620490.0 0.373
1789620491.0 0.360
1789620492.0 0.371
1789620493.0 0.364
1789620494.0 0.372
1789620495.1 0.365
1789620496.1 0.350
1789620497.1 0.366
1789620498.1 0.356
1789620499.1 0.361
1789620500.1 0.363
1789620501.2 0.374
1789620502.2 0.386
1789620503.2 0.341
1789620504.2 0.359
1789620505.2 0.369
1789620506.2 0.367
1789620507.2 0.356
1789620508.2 0.354
1789620509.2 0.364
1789620510.2 0.354
1789620511.2 0.361
1789620512.2 0.378
1789620513.3 0.375
1789620514.3 0.357
1789620515.3 0.352
1789620516.3 0.360
1789620517.3 0.361
1789620518.3 0.355
1789620519.4 0.356
1789620520.4 0.358
1789620521.4 0.368
1789620522.4 0.355
1789620523.4 0.364
1789620524.4 0.367
1789620525.4 0.357
1789620526.4 0.351
1789620527.4 0.346
1789620528.5 0.360
1789620529.5 0.363
1789620530.5 0.362
1789620531.5 0.356
1789620532.5 0.361
1789620533.6 0.352
1789620534.6 0.354
1789620535.6 0.360
1789620536.6 0.359
1789620537.6 0.374
1789620538.6 0.356
1789620539.6 0.367
1789620540.6 0.341
1789620541.6 0.351
1789620542.7 0.359
1789620543.7 0.353
1789620544.7 0.350
1789620545.7 0.350
1789620546.7 0.364
1789620547.7 0.375
1789620548.7 0.358
1789620549.7 0.366
1789620550.8 0.370
1789620551.8 0.361
1789620552.8 0.353
1789620553.8 0.347
1789620554.8 0.351
1789620555.8 0.341
1789620556.8 0.356
1789620557.8 0.369
1789620558.9 0.362
1789620559.9 0.366
1789620560.9 0.346
1789620561.9 0.368
1789620562.9 0.369
1789620563.9 0.373
1789620564.9 0.353
1789620565.9 0.369
1789620566.9 0.355
1789620568.0 0.350
1789620569.0 0.368
1789620570.0 0.358
1789620571.0 0.358
1789620572.0 0.350
1789620573.0 0.363
1789620574.0 0.348
1789620575.0 0.364
1789620576.0 0.363
1789620577.0 0.353
1789620578.1 0.357
1789620579.1 0.367
1789620580.1 0.354
1789620581.1 0.366
1789620582.1 0.367
1789620583.1 0.359
1789620584.1 0.373
1789620585.1 0.347
1789620586.1 0.351
1789620587.2 0.356
1789620588.2 0.371
1789620589.2 0.347
1789620590.2 0.355
1789620591.2 0.356
1789620592.2 0.358
1789620593.2 0.351
1789620594.2 0.354
1789620595.2 0.363
1789620596.3 0.366
1789620597.3 0.354
1789620598.3 0.365
1789620599.3 0.361
1789620600.3 0.352
1789620601.3 0.367
1789620602.3 0.353
1789620603.3 0.360
1789620604.4 0.368
1789620605.4 0.364
1789620606.4 0.367
1789620607.4 0.356
1789620608.4 0.357
1789620609.4 0.379
1789620610.4 0.344
1789620611.4 0.354
1789620612.5 0.348
1789620613.5 0.351
1789620614.5 0.374
1789620615.5 0.358
1789620616.5 0.354
1789620617.5 0.351
1789620618.5 0.371
1789620619.5 0.364
1789620620.5 0.380
1789620621.6 0.357
1789620622.6 0.371
1789620623.6 0.364
1789620624.6 0.374
1789620625.6 0.361
1789620626.6 0.366
1789620627.6 0.368
1789620628.6 0.358
1789620629.7 0.362
1789620630.7 0.372
1789620631.7 0.348
1789620632.7 0.364
1789620633.7 0.364
1789620634.7 0.359
1789620635.7 0.371
1789620636.7 0.366
1789620637.8 0.372
1789620638.8 0.361
1789620639.8 0.372
1789620640.8 0.374
1789620641.8 0.379
1789620642.8 0.358
1789620643.8 0.367
1789620644.8 0.358
1789620645.9 0.367
1789620646.9 0.382
1789620647.9 0.365
1789620648.9 0.375
1789620649.9 0.357
1789620650.9 0.372
1789620652.0 0.369
1789620653.0 0.369
1789620654.0 0.369
1789620655.0 0.370
1789620656.0 0.368
1789620657.0 0.377
1789620658.1 0.381
1789620659.1 0.377
1789620660.1 0.372
1789620661.1 0.377
1789620662.1 0.379
1789620663.1 0.385
1789620664.1 0.355
1789620665.1 0.379
1789620666.2 0.374
1789620667.2 0.370
1789620668.2 0.390
1789620669.2 0.353
1789620670.2 0.372
1789620671.2 0.369
1789620672.2 0.357
1789620673.2 0.378
1789620674.2 0.361
1789620675.3 0.373
1789620676.3 0.364
1789620677.3 0.372
1789620678.3 0.384
1789620679.3 0.369
1789620680.3 0.360
1789620681.3 0.367
1789620682.3 0.375
1789620683.3 0.381
1789620684.4 0.375
1789620685.4 0.373
1789620686.4 0.370
1789620687.4 0.380
1789620688.4 0.382
1789620689.4 0.374
1789620690.4 0.386
1789620691.4 0.376
1789620692.5 0.373
1789620693.5 0.370
1789620694.5 0.368
1789620695.5 0.365
1789620696.5 0.379
1789620697.5 0.372
1789620698.5 0.365
1789620699.5 0.377
1789620700.5 0.369
1789620701.6 0.356
1789620702.6 0.377
1789620703.6 0.370
1789620704.6 0.375
1789620705.6 0.370
1789620706.6 0.374
1789620707.6 0.369
1789620708.6 0.368
1789620709.7 0.386
1789620710.7 0.372
1789620711.7 0.386
1789620712.7 0.380
1789620713.7 0.370
1789620714.7 0.380
1789620715.7 0.375
1789620716.7 0.363
1789620717.7 0.373
1789620718.7 0.373
1789620719.8 0.371
1789620720.8 0.377
1789620721.8 0.387
1789620722.8 0.374
1789620723.8 0.383
1789620724.8 0.375
1789620725.8 0.384
1789620726.8 0.371
1789620727.8 0.382
1789620728.9 0.367
1789620729.9 0.375
1789620730.9 0.386
1789620731.9 0.364
1789620732.9 0.356
1789620733.9 0.375
1789620734.9 0.367
1789620735.9 0.382
1789620736.9 0.370
1789620737.9 0.375
1789620738.9 0.375
1789620740.0 0.357
1789620741.0 0.374
1789620742.0 0.360
1789620743.0 0.370
1789620744.0 0.375
1789620745.0 0.383
1789620746.0 0.367
1789620747.1 0.373
1789620748.1 0.379
1789620749.1 0.357
1789620750.1 0.379
1789620751.1 0.364
1789620752.1 0.369
1789620753.1 0.375
1789620754.1 0.356
1789620755.1 0.359
1789620756.1 0.380
1789620757.2 0.370
1789620758.2 0.373
1789620759.2 0.366
1789620760.2 0.373
1789620761.2 0.367
1789620762.2 0.365
1789620763.2 0.365
1789620764.2 0.374
1789620765.2 0.371
1789620766.2 0.377
1789620767.3 0.382
1789620768.3 0.366
1789620769.3 0.368
1789620770.3 0.382
1789620771.3 0.365
1789620772.3 0.351
1789620773.3 0.381
1789620774.3 0.375
1789620775.4 0.375
1789620776.4 0.366
1789620777.4 0.375
1789620778.4 0.365
1789620779.4 0.383
1789620780.5 0.375
1789620781.5 0.372
1789620782.5 0.375
1789620783.5 0.380
1789620784.5 0.374
1789620785.5 0.367
1789620786.5 0.374
1789620787.5 0.370
1789620788.6 0.374
1789620789.6 0.382
1789620790.6 0.385
1789620791.6 0.363
1789620792.6 0.364
1789620793.6 0.371
1789620794.6 0.363
1789620795.6 0.370
1789620796.6 0.361
1789620797.6 0.379
1789620798.6 0.371
1789620799.7 0.370
1789620800.7 0.378
1789620801.7 0.379
1789620802.7 0.384
1789620803.7 0.376
1789620804.7 0.371
1789620805.7 0.364
1789620806.8 0.361
1789620807.8 0.368
1789620808.8 0.364
1789620809.8 0.377
1789620810.8 0.362
1789620811.8 0.372
1789620812.8 0.381
1789620813.8 0.359
1789620814.9 0.371
1789620815.9 0.367
1789620816.9 0.373
1789620817.9 0.369
1789620818.9 0.370
1789620819.9 0.374
1789620820.9 0.385
1789620821.9 0.373
1789620823.0 0.369
1789620824.0 0.364
1789620825.0 0.355
1789620826.0 0.365
1789620827.0 0.373
1789620828.0 0.372
1789620829.0 0.368
1789620830.1 0.362
1789620831.1 0.374
1789620832.1 0.356
1789620833.1 0.366
1789620834.1 0.360
1789620835.1 0.367
1789620836.2 0.360
1789620837.2 0.363
1789620838.2 0.375
1789620839.2 0.369
1789620840.2 0.371
1789620841.2 0.363
1789620842.2 0.354
1789620843.3 0.358
1789620844.3 0.356
1789620845.3 0.373
1789620846.3 0.370
1789620847.3 0.367
1789620848.3 0.364
1789620849.3 0.354
1789620850.3 0.364
1789620851.4 0.353
1789620852.4 0.370
1789620853.4 0.347
1789620854.4 0.355
1789620855.4 0.353
1789620856.4 0.366
1789620857.4 0.354
1789620858.4 0.356
1789620859.4 0.351
1789620860.4 0.351
1789620861.5 0.355
1789620862.5 0.346
1789620863.5 0.363
1789620864.5 0.367
1789620865.5 0.352
1789620866.5 0.357
1789620867.5 0.373
1789620868.5 0.364
1789620869.6 0.348
1789620870.6 0.338
1789620871.6 0.356
1789620872.6 0.354
1789620873.6 0.352
1789620874.6 0.345
1789620875.6 0.367
1789620876.6 0.351
1789620877.7 0.357
1789620878.7 0.358
1789620879.7 0.349
1789620880.7 0.363
1789620881.7 0.353
1789620882.7 0.356
1789620883.7 0.352
1789620884.7 0.335
1789620885.8 0.348
1789620886.8 0.352
1789620887.8 0.356
1789620888.8 0.352
1789620889.8 0.338
1789620890.8 0.361
1789620891.8 0.363
1789620892.8 0.354
1789620893.8 0.360
1789620894.9 0.344
1789620895.9 0.355
1789620896.9 0.357
1789620897.9 0.339
1789620898.9 0.341
1789620899.9 0.352
1789620900.9 0.358
1789620901.9 0.359
1789620902.9 0.343
1789620903.9 0.360
1789620905.0 0.353
1789620906.0 0.343
1789620907.0 0.351
1789620908.0 0.349
1789620909.0 0.341
1789620910.0 0.358
1789620911.1 0.337
1789620912.1 0.351
1789620913.1 0.353
1789620914.1 0.349
1789620915.1 0.344
1789620916.1 0.350
1789620917.1 0.347
1789620918.1 0.340
1789620919.1 0.347
1789620920.1 0.351
1789620921.2 0.326
1789620922.2 0.357
1789620923.2 0.352
1789620924.2 0.339
1789620925.2 0.337
1789620926.2 0.350
1789620927.2 0.353
1789620928.2 0.330
1789620929.3 0.349
1789620930.3 0.346
1789620931.3 0.336
1789620932.3 0.331
1789620933.3 0.333
1789620934.3 0.346
1789620935.3 0.342
1789620936.3 0.351
1789620937.3 0.342
1789620938.3 0.346
1789620939.3 0.337
1789620940.4 0.359
1789620941.4 0.332
1789620942.4 0.360
1789620943.4 0.354
1789620944.4 0.338
1789620945.4 0.334
1789620946.4 0.349
1789620947.4 0.359
1789620948.4 0.336
1789620949.5 0.344
1789620950.5 0.334
1789620951.5 0.334
1789620952.5 0.330
1789620953.5 0.352
1789620954.5 0.340
1789620955.5 0.348
1789620956.6 0.341
1789620957.6 0.342
1789620958.6 0.336
1789620959.6 0.357
1789620960.6 0.345
1789620961.6 0.344
1789620962.6 0.353
1789620963.7 0.342
1789620964.7 0.361
1789620965.7 0.344
1789620966.7 0.338
1789620967.7 0.345
1789620968.7 0.353
1789620969.7 0.360
1789620970.7 0.323
1789620971.8 0.346
1789620972.8 0.343
1789620973.8 0.346
1789620974.8 0.361
1789620975.8 0.336
1789620976.8 0.351
1789620977.8 0.351
1789620978.8 0.349
1789620979.9 0.340
1789620980.9 0.342
1789620981.9 0.354
1789620982.9 0.340
1789620983.9 0.358
1789620984.9 0.364
1789620985.9 0.344
1789620987.0 0.345
1789620988.0 0.359
1789620989.0 0.355
1789620990.0 0.358
1789620991.0 0.354
1789620992.0 0.353
1789620993.0 0.359
1789620994.0 0.346
1789620995.0 0.361
1789620996.1 0.348
1789620997.1 0.363
1789620998.1 0.355
1789620999.1 0.351
1789621000.1 0.372
1789621001.1 0.362
1789621002.1 0.355
1789621003.1 0.367
1789621004.1 0.352
1789621005.1 0.359
1789621006.1 0.341
1789621007.2 0.358
1789621008.2 0.354
1789621009.2 0.354
1789621010.2 0.350
1789621011.2 0.373
1789621012.2 0.362
1789621013.3 0.361
1789621014.3 0.358
1789621015.3 0.353
1789621016.3 0.366
1789621017.3 0.377
1789621018.3 0.352
1789621019.3 0.353
1789621020.3 0.362
1789621021.4 0.384
1789621022.4 0.367
1789621023.4 0.367
1789621024.4 0.371
1789621025.4 0.372
1789621026.4 0.360
1789621027.4 0.366
1789621028.4 0.355
1789621029.5 0.358
1789621030.5 0.367
1789621031.5 0.367
1789621032.5 0.373
1789621033.5 0.352
1789621034.5 0.366
1789621035.5 0.356
1789621036.6 0.360
1789621037.6 0.370
1789621038.6 0.371
1789621039.6 0.371
1789621040.6 0.373
1789621041.6 0.372
1789621042.6 0.355
1789621043.6 0.369
1789621044.6 0.365
1789621045.7 0.368
1789621046.7 0.375
1789621047.7 0.362
1789621048.7 0.365
1789621049.7 0.364
1789621050.7 0.359
1789621051.7 0.347
1789621052.8 0.369
1789621053.8 0.358
1789621054.8 0.376
1789621055.8 0.359
1789621056.8 0.361
1789621057.8 0.363
1789621058.8 0.366
1789621059.8 0.372
1789621060.9 0.351
1789621061.9 0.374
1789621062.9 0.359
1789621063.9 0.353
1789621064.9 0.355
1789621065.9 0.363
1789621066.9 0.384
1789621067.9 0.360
1789621068.9 0.372
1789621070.0 0.376
1789621071.0 0.364
1789621072.0 0.364
1789621073.0 0.359
1789621074.0 0.360
1789621075.0 0.364
1789621076.0 0.376
1789621077.0 0.372
1789621078.0 0.359
1789621079.1 0.361
1789621080.1 0.356
1789621081.1 0.360
1789621082.1 0.383
1789621083.1 0.379
1789621084.1 0.372
1789621085.1 0.357
1789621086.1 0.362
1789621087.1 0.384
1789621088.1 0.374
1789621089.2 0.356
1789621090.2 0.362
1789621091.2 0.365
1789621092.2 0.361
1789621093.2 0.354
1789621094.2 0.354
1789621095.2 0.362
1789621096.2 0.350
1789621097.2 0.358
1789621098.2 0.360
1789621099.3 0.365
1789621100.3 0.358
1789621101.3 0.375
1789621102.3 0.358
1789621103.3 0.349
1789621104.3 0.341
1789621105.3 0.360
1789621106.4 0.372
1789621107.4 0.360
1789621108.4 0.366
1789621109.4 0.366
1789621110.4 0.364
1789621111.4 0.365
1789621112.4 0.361
1789621113.4 0.364
1789621114.4 0.371
1789621115.5 0.368
1789621116.5 0.355
1789621117.5 0.364
1789621118.5 0.370
1789621119.5 0.347
1789621120.5 0.368
1789621121.5 0.368
1789621122.5 0.369
1789621123.5 0.365
1789621124.6 0.367
1789621125.6 0.365
1789621126.6 0.372
1789621127.6 0.367
1789621128.6 0.363
1789621129.6 0.366
1789621130.6 0.358
1789621131.6 0.382
1789621132.6 0.381
1789621133.7 0.367
1789621134.7 0.355
1789621135.7 0.354
1789621136.7 0.368
1789621137.7 0.365
1789621138.7 0.362
1789621139.7 0.353
1789621140.7 0.362
1789621141.7 0.364
1789621142.7 0.361
1789621143.8 0.381
1789621144.8 0.368
1789621145.8 0.370
1789621146.8 0.370
1789621147.8 0.372
1789621148.8 0.370
1789621149.8 0.372
1789621150.8 0.368
1789621151.8 0.371
1789621152.8 0.371
1789621153.8 0.374
1789621154.9 0.378
1789621155.9 0.372
1789621156.9 0.371
1789621157.9 0.372
1789621158.9 0.375
1789621159.9 0.380
1789621160.9 0.383
1789621161.9 0.390
1789621163.0 0.368
1789621164.0 0.371
1789621165.0 0.376
1789621166.0 0.369
1789621167.0 0.379
1789621168.0 0.382
1789621169.0 0.384
1789621170.0 0.371
1789621171.1 0.382
1789621172.1 0.370
1789621173.1 0.376
1789621174.1 0.395
1789621175.1 0.395
1789621176.1 0.381
1789621177.1 0.376
1789621178.1 0.380
1789621179.1 0.390
1789621180.1 0.375
1789621181.2 0.377
1789621182.2 0.374
1789621183.2 0.376
1789621184.2 0.384
1789621185.2 0.376
1789621186.2 0.387
1789621187.2 0.389
1789621188.2 0.393
1789621189.2 0.388
1789621190.2 0.384
1789621191.2 0.379
1789621192.2 0.394
1789621193.3 0.394
1789621194.3 0.396
1789621195.3 0.397
1789621196.4 0.404
1789621197.4 0.391
1789621198.4 0.403
1789621199.4 0.390
1789621200.4 0.409
1789621201.4 0.395
1789621202.4 0.402
1789621203.5 0.395
1789621204.5 0.399
1789621205.5 0.406
1789621206.5 0.380
1789621207.5 0.398
1789621208.5 0.404
1789621209.5 0.393
1789621210.5 0.412
1789621211.5 0.415
1789621212.5 0.416
1789621213.6 0.403
1789621214.6 0.393
1789621215.6 0.417
1789621216.6 0.405
1789621217.6 0.413
1789621218.6 0.410
1789621219.6 0.393
1789621220.6 0.413
1789621221.7 0.400
1789621222.7 0.412
1789621223.7 0.406
1789621224.7 0.418
1789621225.7 0.415
1789621226.7 0.417
1789621227.7 0.414
1789621228.7 0.416
1789621229.7 0.413
1789621230.7 0.424
1789621231.8 0.418
1789621232.8 0.416
1789621233.8 0.426
1789621234.8 0.426
1789621235.8 0.424
1789621236.8 0.426
1789621237.8 0.421
1789621238.8 0.420
1789621239.8 0.422
1789621240.9 0.417
1789621241.9 0.423
1789621242.9 0.422
1789621243.9 0.419
1789621244.9 0.424
1789621245.9 0.425
1789621246.9 0.424
1789621247.9 0.421
1789621249.0 0.430
1789621250.0 0.426
1789621251.0 0.420
1789621252.0 0.420
1789621253.0 0.431
1789621254.1 0.415
1789621255.1 0.440
1789621256.1 0.410
1789621257.1 0.443
1789621258.1 0.428
1789621259.1 0.425
1789621260.1 0.436
1789621261.2 0.428
1789621262.2 0.429
1789621263.2 0.444
1789621264.2 0.436
1789621265.2 0.419
1789621266.2 0.438
1789621267.2 0.433
1789621268.2 0.433
1789621269.2 0.438
1789621270.2 0.441
1789621271.3 0.447
1789621272.3 0.436
1789621273.3 0.440
1789621274.3 0.441
1789621275.3 0.440
1789621276.3 0.445
1789621277.3 0.443
1789621278.3 0.446
1789621279.3 0.442
1789621280.3 0.451
1789621281.4 0.441
1789621282.4 0.452
1789621283.4 0.447
1789621284.4 0.454
1789621285.5 0.450
1789621286.5 0.453
1789621287.5 0.454
1789621288.5 0.432
1789621289.5 0.454
1789621290.6 0.452
1789621291.6 0.444
1789621292.6 0.457
1789621293.6 0.460
1789621294.6 0.451
1789621295.6 0.466
1789621296.6 0.452
1789621297.6 0.462
1789621298.6 0.460
1789621299.6 0.472
1789621300.6 0.471
1789621301.6 0.466
1789621302.7 0.465
1789621303.7 0.464
1789621304.7 0.450
1789621305.7 0.471
1789621306.7 0.466
1789621307.7 0.449
1789621308.7 0.461
1789621309.7 0.466
1789621310.7 0.474
1789621311.8 0.460
1789621312.8 0.464
1789621313.8 0.473
1789621314.8 0.468
1789621315.8 0.489
1789621316.8 0.472
1789621317.8 0.474
1789621318.9 0.465
1789621319.9 0.482
1789621320.9 0.455
1789621321.9 0.490
1789621322.9 0.471
1789621323.9 0.490
1789621324.9 0.463
1789621325.9 0.475
1789621327.0 0.487
1789621328.0 0.476
1789621329.0 0.481
1789621330.0 0.498
1789621331.0 0.484
1789621332.0 0.490
1789621333.0 0.484
1789621334.0 0.477
1789621335.0 0.489
1789621336.0 0.479
1789621337.0 0.488
1789621338.0 0.493
1789621339.1 0.508
1789621340.1 0.481
1789621341.1 0.494
1789621342.1 0.486
1789621343.1 0.504
1789621344.1 0.507
1789621345.1 0.498
1789621346.1 0.506
1789621347.1 0.486
1789621348.2 0.490
1789621349.2 0.498
1789621350.2 0.484
1789621351.2 0.505
1789621352.2 0.504
1789621353.2 0.491
1789621354.2 0.520
1789621355.2 0.509
1789621356.3 0.497
1789621357.3 0.504
1789621358.3 0.497
1789621359.3 0.495
1789621360.3 0.505
1789621361.3 0.493
1789621362.3 0.518
1789621363.4 0.505
1789621364.4 0.508
1789621365.4 0.517
1789621366.4 0.511
1789621367.4 0.502
1789621368.4 0.504
1789621369.5 0.532
1789621370.5 0.507
1789621371.5 0.519
1789621372.5 0.514
1789621373.5 0.507
1789621374.5 0.519
1789621375.5 0.515
1789621376.6 0.515
1789621377.6 0.513
1789621378.6 0.519
1789621379.6 0.527
1789621380.6 0.522
1789621381.6 0.513
1789621382.6 0.523
1789621383.6 0.525
1789621384.7 0.520
1789621385.7 0.522
1789621386.7 0.521
1789621387.7 0.520
1789621388.7 0.516
1789621389.7 0.518
1789621390.7 0.535
1789621391.7 0.513
1789621392.8 0.518
1789621393.8 0.525
1789621394.8 0.524
1789621395.8 0.531
1789621396.8 0.529
1789621397.8 0.525
1789621398.8 0.530
1789621399.8 0.522
1789621400.9 0.545
1789621401.9 0.532
1789621402.9 0.517
1789621403.9 0.532
1789621404.9 0.539
1789621405.9 0.534
1789621406.9 0.524
1789621408.0 0.520
1789621409.0 0.530
1789621410.0 0.533
1789621411.0 0.541
1789621412.0 0.525
1789621413.0 0.543
1789621414.0 0.522
1789621415.0 0.520
1789621416.0 0.525
1789621417.0 0.537
1789621418.1 0.536
1789621419.1 0.534
1789621420.1 0.521
1789621421.1 0.515
1789621422.1 0.522
1789621423.1 0.533
1789621424.1 0.536
1789621425.1 0.519
1789621426.2 0.531
1789621427.2 0.531
1789621428.2 0.547
1789621429.2 0.542
1789621430.2 0.534
1789621431.2 0.532
1789621432.2 0.544
1789621433.2 0.538
1789621434.2 0.557
1789621435.2 0.547
1789621436.3 0.537
1789621437.3 0.540
1789621438.3 0.534
1789621439.3 0.556
1789621440.3 0.541
1789621441.3 0.531
1789621442.3 0.544
1789621443.4 0.527
1789621444.4 0.528
1789621445.4 0.541
1789621446.4 0.564
1789621447.4 0.537
1789621448.4 0.544
1789621449.4 0.524
1789621450.4 0.545
1789621451.5 0.531
1789621452.5 0.540
1789621453.5 0.536
1789621454.5 0.543
1789621455.5 0.551
1789621456.5 0.534
1789621457.5 0.538
1789621458.5 0.538
1789621459.6 0.538
1789621460.6 0.533
1789621461.6 0.531
1789621462.6 0.532
1789621463.6 0.529
1789621464.6 0.551
1789621465.6 0.538
1789621466.6 0.540
1789621467.6 0.538
1789621468.7 0.524
1789621469.7 0.540
1789621470.7 0.549
1789621471.7 0.551
1789621472.7 0.527
1789621473.7 0.545
1789621474.7 0.549
1789621475.7 0.530
1789621476.7 0.540
1789621477.7 0.541
1789621478.8 0.562
1789621479.8 0.544
1789621480.8 0.542
1789621481.8 0.542
1789621482.8 0.544
1789621483.8 0.546
1789621484.8 0.544
1789621485.8 0.555
1789621486.9 0.542
1789621487.9 0.558
1789621488.9 0.543
1789621489.9 0.547
1789621490.9 0.540
1789621491.9 0.543
1789621492.9 0.548
1789621493.9 0.552
1789621494.9 0.544
1789621496.0 0.528
1789621497.0 0.547
1789621498.0 0.549
1789621499.0 0.531
1789621500.0 0.535
1789621501.0 0.550
1789621502.0 0.559
1789621503.0 0.553
1789621504.1 0.556
1789621505.1 0.544
1789621506.1 0.551
1789621507.1 0.547
1789621508.1 0.558
1789621509.1 0.561
1789621510.1 0.537
1789621511.1 0.545
1789621512.1 0.545
1789621513.1 0.540
1789621514.2 0.546
1789621515.2 0.546
1789621516.2 0.553
1789621517.2 0.557
1789621518.2 0.561
1789621519.2 0.545
1789621520.2 0.551
1789621521.2 0.559
1789621522.3 0.546
1789621523.3 0.556
1789621524.3 0.552
1789621525.3 0.551
1789621526.3 0.557
1789621527.3 0.566
1789621528.3 0.544
1789621529.3 0.558
1789621530.4 0.548
1789621531.4 0.552
1789621532.4 0.562
1789621533.4 0.543
1789621534.4 0.558
1789621535.4 0.550
1789621536.4 0.563
1789621537.4 0.534
1789621538.5 0.548
1789621539.5 0.555
1789621540.5 0.538
1789621541.5 0.556
1789621542.5 0.545
1789621543.5 0.550
1789621544.5 0.545
1789621545.5 0.534
1789621546.5 0.559
1789621547.5 0.541
1789621548.6 0.550
1789621549.6 0.562
1789621550.6 0.553
1789621551.6 0.547
1789621552.6 0.550
1789621553.6 0.542
1789621554.6 0.543
1789621555.7 0.547
1789621556.7 0.551
1789621557.7 0.542
1789621558.7 0.531
1789621559.7 0.556
1789621560.7 0.557
1789621561.7 0.551
1789621562.7 0.559
1789621563.8 0.551
1789621564.8 0.558
1789621565.8 0.543
1789621566.8 0.548
1789621567.8 0.559
1789621568.8 0.548
1789621569.8 0.557
1789621570.8 0.567
1789621571.8 0.562
1789621572.8 0.552
1789621573.9 0.562
1789621574.9 0.563
1789621575.9 0.553
1789621576.9 0.569
1789621577.9 0.531
1789621578.9 0.561
1789621579.9 0.561
1789621580.9 0.557
1789621581.9 0.553
1789621582.9 0.541
1789621583.9 0.559
1789621585.0 0.544
1789621586.0 0.539
1789621587.0 0.564
1789621588.0 0.558
1789621589.0 0.540
1789621590.0 0.558
1789621591.0 0.549
1789621592.0 0.561
1789621593.1 0.550
1789621594.1 0.562
1789621595.1 0.565
1789621596.1 0.571
1789621597.1 0.546
1789621598.1 0.552
1789621599.1 0.548
1789621600.2 0.552
1789621601.2 0.566
1789621602.2 0.568
1789621603.2 0.557
1789621604.2 0.552
1789621605.2 0.558
1789621606.2 0.552
1789621607.2 0.558
1789621608.2 0.550
1789621609.2 0.559
1789621610.3 0.544
1789621611.3 0.558
1789621612.3 0.554
1789621613.3 0.547
1789621614.3 0.548
1789621615.3 0.564
1789621616.3 0.552
1789621617.4 0.558
1789621618.4 0.549
1789621619.4 0.539
1789621620.4 0.548
1789621621.4 0.552
1789621622.4 0.559
1789621623.4 0.567
1789621624.4 0.565
1789621625.4 0.552
1789621626.5 0.559
1789621627.5 0.577
1789621628.5 0.559
1789621629.5 0.562
1789621630.5 0.571
1789621631.5 0.558
1789621632.5 0.557
1789621633.5 0.560
1789621634.5 0.573
1789621635.5 0.548
1789621636.6 0.556
1789621637.6 0.561
1789621638.6 0.563
1789621639.6 0.557
1789621640.6 0.566
1789621641.6 0.563
1789621642.6 0.560
1789621643.6 0.566
1789621644.6 0.551
1789621645.6 0.557
1789621646.7 0.556
1789621647.7 0.562
1789621648.7 0.558
1789621649.7 0.549
1789621650.7 0.570
1789621651.7 0.553
1789621652.7 0.553
1789621653.8 0.560
1789621654.8 0.546
1789621655.8 0.561
1789621656.8 0.561
1789621657.8 0.551
1789621658.8 0.557
1789621659.8 0.550
1789621660.9 0.558
1789621661.9 0.558
1789621662.9 0.568
1789621663.9 0.553
1789621664.9 0.555
1789621665.9 0.558
1789621666.9 0.556
1789621668.0 0.568
1789621669.0 0.564
1789621670.0 0.555
1789621671.0 0.540
1789621672.0 0.552
1789621673.0 0.562
1789621674.0 0.556
1789621675.0 0.549
1789621676.0 0.554
1789621677.1 0.565
1789621678.1 0.566
1789621679.1 0.552
1789621680.1 0.553
1789621681.1 0.559
1789621682.1 0.565
1789621683.1 0.553
1789621684.1 0.557
1789621685.1 0.557
1789621686.2 0.558
1789621687.2 0.555
1789621688.2 0.566
1789621689.2 0.543
1789621690.3 0.561
1789621691.3 0.549
1789621692.3 0.551
1789621693.3 0.533
1789621694.3 0.555
1789621695.3 0.554
1789621696.3 0.555
1789621697.3 0.544
1789621698.3 0.554
1789621699.4 0.539
1789621700.4 0.565
1789621701.4 0.561
1789621702.4 0.554
1789621703.4 0.536
1789621704.4 0.556
1789621705.4 0.545
1789621706.4 0.566
1789621707.5 0.554
1789621708.5 0.552
1789621709.5 0.554
1789621710.5 0.545
1789621711.5 0.543
1789621712.5 0.561
1789621713.5 0.550
1789621714.5 0.556
1789621715.5 0.547
1789621716.6 0.558
1789621717.6 0.561
1789621718.6 0.535
1789621719.6 0.547
1789621720.6 0.564
1789621721.6 0.554
1789621722.6 0.563
1789621723.6 0.556
1789621724.7 0.561
1789621725.7 0.552
1789621726.7 0.551
1789621727.7 0.558
1789621728.7 0.531
1789621729.8 0.552
1789621730.8 0.559
1789621731.8 0.566
1789621732.8 0.562
1789621733.8 0.558
1789621734.8 0.550
1789621735.8 0.567
1789621736.9 0.534
1789621737.9 0.564
1789621738.9 0.545
1789621739.9 0.547
1789621740.9 0.552
1789621741.9 0.570
1789621742.9 0.566
1789621743.9 0.554
1789621744.9 0.554
1789621746.0 0.554
1789621747.0 0.558
1789621748.0 0.543
1789621749.0 0.570
1789621750.0 0.542
1789621751.0 0.550
1789621752.0 0.563
1789621753.0 0.552
1789621754.1 0.554
1789621755.1 0.568
1789621756.1 0.558
1789621757.1 0.569
1789621758.1 0.555
1789621759.1 0.551
1789621760.1 0.544
1789621761.1 0.561
1789621762.1 0.557
1789621763.2 0.565
1789621764.2 0.537
1789621765.2 0.560
1789621766.2 0.551
1789621767.2 0.563
1789621768.2 0.543
1789621769.2 0.580
1789621770.2 0.553
1789621771.2 0.567
1789621772.3 0.558
1789621773.3 0.569
1789621774.3 0.564
1789621775.3 0.573
1789621776.3 0.557
1789621777.3 0.570
1789621778.3 0.577
1789621779.3 0.569
1789621780.3 0.576
1789621781.4 0.561
1789621782.4 0.577
1789621783.4 0.576
1789621784.4 0.565
1789621785.4 0.556
1789621786.4 0.530
1789621787.4 0.530
1789621788.4 0.535
1789621789.5 0.559
1789621790.5 0.547
1789621791.5 0.545
1789621792.5 0.531
1789621793.5 0.528
1789621794.5 0.544
1789621795.5 0.534
1789621796.5 0.533
1789621797.5 0.535
1789621798.6 0.536
1789621799.6 0.550
1789621800.6 0.531
1789621801.6 0.542
1789621802.6 0.536
1789621803.6 0.539
1789621804.6 0.541
1789621805.7 0.557
1789621806.7 0.541
1789621807.7 0.538
1789621808.7 0.552
1789621809.7 0.548
1789621810.7 0.561
1789621811.7 0.539
1789621812.7 0.525
1789621813.7 0.538
1789621814.8 0.545
1789621815.8 0.540
1789621816.8 0.546
1789621817.8 0.566
1789621818.8 0.547
1789621819.8 0.539
1789621820.8 0.544
1789621821.8 0.537
1789621822.8 0.545
1789621823.9 0.546
1789621824.9 0.536
1789621825.9 0.543
1789621826.9 0.557
1789621827.9 0.552
1789621828.9 0.542
1789621830.0 0.548
1789621831.0 0.542
1789621832.0 0.526
1789621833.0 0.540
1789621834.0 0.555
1789621835.0 0.547
1789621836.0 0.549
1789621837.1 0.551
1789621838.1 0.549
1789621839.1 0.555
1789621840.1 0.541
1789621841.1 0.540
1789621842.1 0.557
1789621843.1 0.546
1789621844.1 0.536
1789621845.1 0.554
1789621846.1 0.541
1789621847.2 0.566
1789621848.2 0.544
1789621849.2 0.539
1789621850.2 0.558
1789621851.2 0.542
1789621852.2 0.551
1789621853.3 0.539
1789621854.3 0.553
1789621855.3 0.541
1789621856.3 0.552
1789621857.3 0.553
1789621858.3 0.546
1789621859.3 0.546
1789621860.3 0.547
1789621861.3 0.542
1789621862.3 0.533
1789621863.3 0.554
1789621864.3 0.548
1789621865.4 0.545
1789621866.4 0.535
1789621867.4 0.538
1789621868.4 0.544
1789621869.4 0.544
1789621870.4 0.558
1789621871.4 0.558
1789621872.4 0.559
1789621873.5 0.560
1789621874.5 0.536
1789621875.5 0.553
1789621876.5 0.542
1789621877.5 0.557
1789621878.5 0.545
1789621879.5 0.534
1789621880.5 0.544
1789621881.5 0.549
1789621882.5 0.542
1789621883.6 0.543
1789621884.6 0.540
1789621885.6 0.540
1789621886.6 0.536
1789621887.6 0.540
1789621888.6 0.552
1789621889.6 0.554
1789621890.7 0.547
1789621891.7 0.550
1789621892.7 0.537
1789621893.7 0.553
1789621894.7 0.536
1789621895.7 0.544
1789621896.7 0.563
1789621897.7 0.572
1789621898.7 0.553
1789621899.7 0.557
1789621900.8 0.538
1789621901.8 0.538
1789621902.8 0.545
1789621903.8 0.553
1789621904.8 0.548
1789621905.8 0.541
1789621906.8 0.545
1789621907.8 0.543
1789621908.8 0.545
1789621909.8 0.540
1789621910.9 0.543
1789621911.9 0.549
1789621912.9 0.546
1789621913.9 0.551
1789621914.9 0.549
1789621915.9 0.551
1789621916.9 0.541
1789621917.9 0.542
1789621918.9 0.556
1789621919.9 0.537
1789621921.0 0.553
1789621922.0 0.550
1789621923.0 0.547
1789621924.0 0.552
1789621925.0 0.529
1789621926.0 0.561
1789621927.1 0.533
1789621928.1 0.553
1789621929.1 0.533
1789621930.1 0.541
1789621931.1 0.550
1789621932.1 0.544
1789621933.1 0.526
1789621934.1 0.539
1789621935.2 0.548
1789621936.2 0.550
1789621937.2 0.539
1789621938.2 0.544
1789621939.2 0.532
1789621940.2 0.554
1789621941.2 0.542
1789621942.2 0.552
1789621943.3 0.547
1789621944.3 0.555
1789621945.3 0.544
1789621946.3 0.558
1789621947.3 0.549
1789621948.3 0.540
1789621949.3 0.550
1789621950.3 0.548
1789621951.3 0.551
1789621952.3 0.568
1789621953.4 0.563
1789621954.4 0.548
1789621955.4 0.535
1789621956.4 0.545
1789621957.4 0.541
1789621958.4 0.538
1789621959.4 0.552
1789621960.4 0.545
1789621961.5 0.553
1789621962.5 0.550
1789621963.5 0.551
1789621964.5 0.556
1789621965.5 0.559
1789621966.5 0.550
1789621967.5 0.551
1789621968.5 0.549
1789621969.5 0.540
1789621970.5 0.560
1789621971.5 0.542
1789621972.6 0.567
1789621973.6 0.557
1789621974.6 0.558
1789621975.6 0.562
1789621976.6 0.538
1789621977.6 0.536
1789621978.6 0.555
1789621979.6 0.534
1789621980.7 0.539
1789621981.7 0.556
1789621982.7 0.543
1789621983.7 0.545
1789621984.7 0.547
1789621985.7 0.524
1789621986.7 0.553
1789621987.8 0.546
1789621988.8 0.556
1789621989.8 0.534
1789621990.8 0.558
1789621991.8 0.548
1789621992.8 0.535
1789621993.8 0.552
1789621994.8 0.547
1789621995.9 0.555
1789621996.9 0.534
1789621997.9 0.540
1789621998.9 0.561
1789621999.9 0.558
1789622000.9 0.547
1789622001.9 0.539
1789622002.9 0.543
1789622003.9 0.543
1789622004.9 0.550
1789622006.0 0.548
1789622007.0 0.542
1789622008.0 0.538
1789622009.0 0.536
1789622010.0 0.534
1789622011.0 0.545
1789622012.0 0.537
1789622013.0 0.552
1789622014.0 0.565
1789622015.1 0.546
1789622016.1 0.522
1789622017.1 0.544
1789622018.1 0.552
1789622019.1 0.559
1789622020.1 0.538
1789622021.1 0.542
1789622022.1 0.550
1789622023.2 0.544
1789622024.2 0.536
1789622025.2 0.560
1789622026.2 0.537
1789622027.2 0.566
1789622028.2 0.574
1789622029.2 0.591
1789622030.2 0.572
1789622031.2 0.590
1789622032.3 0.574
1789622033.3 0.578
1789622034.3 0.585
1789622035.3 0.569
1789622036.3 0.569
1789622037.3 0.547
1789622038.3 0.547
1789622039.4 0.545
1789622040.4 0.557
1789622041.4 0.536
1789622042.4 0.539
1789622043.4 0.575
1789622044.4 0.573
1789622045.4 0.589
1789622046.5 0.586
1789622047.5 0.581
1789622048.5 0.584
1789622049.5 0.576
1789622050.5 0.573
1789622051.5 0.559
1789622052.5 0.537
1789622053.5 0.549
1789622054.5 0.549
1789622055.5 0.545
1789622056.6 0.548
1789622057.6 0.559
1789622058.6 0.569
1789622059.6 0.568
1789622060.6 0.584
1789622061.6 0.590
1789622062.6 0.584
1789622063.6 0.589
1789622064.6 0.591
1789622065.7 0.582
1789622066.7 0.551
1789622067.7 0.558
1789622068.7 0.538
1789622069.7 0.536
1789622070.7 0.538
1789622071.7 0.542
1789622072.7 0.556
1789622073.8 0.547
1789622074.8 0.563
1789622075.8 0.579
1789622076.8 0.593
1789622077.8 0.588
1789622078.8 0.586
1789622079.8 0.586
1789622080.9 0.592
1789622081.9 0.559
1789622082.9 0.558
1789622083.9 0.551
1789622084.9 0.553
1789622085.9 0.552
1789622086.9 0.544
1789622087.9 0.552
1789622088.9 0.547
1789622089.9 0.569
1789622090.9 0.567
1789622091.9 0.590
1789622093.0 0.584
1789622094.0 0.582
1789622095.0 0.580
1789622096.0 0.586
1789622097.0 0.568
1789622098.0 0.566
1789622099.0 0.551
1789622100.1 0.547
1789622101.1 0.536
1789622102.1 0.548
1789622103.1 0.542
1789622104.1 0.537
1789622105.1 0.562
1789622106.1 0.573
1789622107.1 0.594
1789622108.2 0.586
1789622109.2 0.590
1789622110.2 0.580
1789622111.2 0.575
1789622112.2 0.562
1789622113.3 0.546
1789622114.3 0.551
1789622115.3 0.548
1789622116.3 0.546
1789622117.3 0.544
1789622118.3 0.544
1789622119.3 0.546
1789622120.3 0.546
1789622121.4 0.561
1789622122.4 0.563
1789622123.4 0.574
1789622124.4 0.577
1789622125.4 0.596
1789622126.4 0.590
1789622127.4 0.577
1789622128.4 0.601
1789622129.4 0.571
1789622130.5 0.557
1789622131.5 0.547
1789622132.5 0.529
1789622133.5 0.533
1789622134.5 0.542
1789622135.5 0.546
1789622136.5 0.539
1789622137.5 0.548
1789622138.6 0.539
1789622139.6 0.581
1789622140.6 0.587
1789622141.6 0.591
1789622142.6 0.585
1789622143.6 0.585
1789622144.6 0.585
1789622145.6 0.567
1789622146.7 0.565
1789622147.7 0.556
1789622148.7 0.542
1789622149.7 0.546
1789622150.7 0.550
1789622151.7 0.535
1789622152.7 0.543
1789622153.7 0.551
1789622154.7 0.542
1789622155.8 0.565
1789622156.8 0.552
1789622157.8 0.565
1789622158.8 0.585
1789622159.8 0.596
1789622160.8 0.589
1789622161.8 0.583
1789622162.8 0.561
1789622163.9 0.550
1789622164.9 0.553
1789622165.9 0.544
1789622166.9 0.540
1789622167.9 0.559
1789622168.9 0.537
1789622169.9 0.557
1789622170.9 0.546
1789622171.9 0.544
1789622173.0 0.567
1789622174.0 0.578
1789622175.0 0.585
1789622176.0 0.592
1789622177.0 0.595
1789622178.0 0.580
1789622179.1 0.575
1789622180.1 0.568
1789622181.1 0.546
1789622182.1 0.563
1789622183.1 0.549
1789622184.1 0.539
1789622185.1 0.543
1789622186.2 0.546
1789622187.2 0.545
1789622188.2 0.554
1789622189.2 0.551
1789622190.2 0.582
1789622191.2 0.585
1789622192.2 0.586
1789622193.2 0.597
1789622194.3 0.596
1789622195.3 0.584
1789622196.3 0.591
1789622197.3 0.589
1789622198.3 0.586
1789622199.3 0.595
1789622200.3 0.587
1789622201.3 0.588
1789622202.3 0.607
1789622203.4 0.593
1789622204.4 0.594
1789622205.4 0.595
1789622206.4 0.596
1789622207.4 0.586
1789622208.4 0.588
1789622209.4 0.585
1789622210.4 0.594
1789622211.4 0.574
1789622212.4 0.598
1789622213.5 0.593
1789622214.5 0.599
1789622215.5 0.594
1789622216.5 0.590
1789622217.5 0.596
1789622218.5 0.598
1789622219.5 0.574
1789622220.5 0.576
1789622221.5 0.586
1789622222.5 0.606
1789622223.6 0.577
1789622224.6 0.592
1789622225.6 0.588
1789622226.6 0.575
1789622227.6 0.580
1789622228.6 0.585
1789622229.6 0.591
1789622230.6 0.590
1789622231.6 0.574
1789622232.7 0.605
1789622233.7 0.579
1789622234.7 0.587
1789622235.7 0.578
1789622236.7 0.602
1789622237.7 0.578
1789622238.7 0.590
1789622239.8 0.594
1789622240.8 0.603
1789622241.8 0.581
1789622242.8 0.586
1789622243.8 0.584
1789622244.8 0.592
1789622245.8 0.577
1789622246.8 0.591
1789622247.8 0.575
1789622248.9 0.594
1789622249.9 0.563
1789622250.9 0.591
1789622251.9 0.589
1789622252.9 0.592
1789622253.9 0.589
1789622254.9 0.588
1789622255.9 0.587
1789622256.9 0.583
1789622258.0 0.580
1789622259.0 0.589
1789622260.0 0.578
1789622261.0 0.585
1789622262.0 0.588
1789622263.0 0.592
1789622264.0 0.589
1789622265.0 0.582
1789622266.0 0.580
1789622267.1 0.582
1789622268.1 0.580
1789622269.1 0.577
1789622270.1 0.589
1789622271.1 0.586
1789622272.1 0.583
1789622273.1 0.611
1789622274.1 0.591
1789622275.2 0.586
1789622276.2 0.584
1789622277.2 0.575
1789622278.2 0.570
1789622279.2 0.589
1789622280.2 0.577
1789622281.2 0.586
1789622282.2 0.574
1789622283.3 0.579
1789622284.3 0.581
1789622285.3 0.569
1789622286.3 0.559
1789622287.3 0.587
1789622288.3 0.581
1789622289.3 0.584
1789622290.4 0.577
1789622291.4 0.562
1789622292.4 0.591
1789622293.4 0.564
1789622294.4 0.578
1789622295.4 0.573
1789622296.4 0.593
1789622297.4 0.588
1789622298.4 0.576
1789622299.5 0.573
1789622300.5 0.591
1789622301.5 0.558
1789622302.5 0.580
1789622303.5 0.587
1789622304.5 0.578
1789622305.5 0.584
1789622306.5 0.563
1789622307.5 0.566
1789622308.5 0.573
1789622309.6 0.559
1789622310.6 0.565
1789622311.6 0.548
1789622312.6 0.532
1789622313.6 0.536
1789622314.6 0.537
1789622315.6 0.511
1789622316.7 0.536
1789622317.7 0.527
1789622318.7 0.515
1789622319.7 0.523
1789622320.7 0.503
1789622321.7 0.528
1789622322.7 0.529
1789622323.7 0.526
1789622324.7 0.538
1789622325.7 0.525
1789622326.8 0.539
1789622327.8 0.539
1789622328.8 0.534
1789622329.8 0.528
1789622330.8 0.532
1789622331.8 0.526
1789622332.8 0.525
1789622333.8 0.534
1789622334.8 0.533
1789622335.8 0.537
1789622336.8 0.531
1789622337.8 0.525
1789622338.9 0.552
1789622339.9 0.542
1789622340.9 0.543
1789622341.9 0.537
1789622342.9 0.538
1789622343.9 0.539
1789622344.9 0.528
1789622345.9 0.540
1789622346.9 0.531
1789622348.0 0.529
1789622349.0 0.534
1789622350.0 0.533
1789622351.0 0.539
1789622352.0 0.534
1789622353.0 0.538
1789622354.1 0.547
1789622355.1 0.537
1789622356.1 0.532
1789622357.1 0.536
1789622358.1 0.544
1789622359.1 0.537
1789622360.1 0.532
1789622361.2 0.535
1789622362.2 0.551
1789622363.2 0.541
1789622364.2 0.526
1789622365.2 0.547
1789622366.2 0.546
1789622367.2 0.532
1789622368.2 0.535
1789622369.2 0.531
1789622370.2 0.539
1789622371.3 0.556
1789622372.3 0.551
1789622373.3 0.541
1789622374.3 0.539
1789622375.3 0.550
1789622376.3 0.541
1789622377.3 0.552
1789622378.3 0.549
1789622379.3 0.544
1789622380.3 0.541
1789622381.3 0.548
1789622382.3 0.533
1789622383.3 0.554
