0.0 86.9 0.547 [2.081, 0.644, 0.317, 0.17, 0.162, 0.173, 0.269, 0.326, 0.894, 0.96, 0.474, 0.38, 0.291, 0.304, 0.402, 0.62]
0.6 81.2 0.543 [2.102, 0.651, 0.305, -1.0, 0.157, 0.191, 0.263, 0.319, 0.892, 0.951, 0.495, 0.367, 0.296, 0.284, 0.401, 0.624]
1.1 83.8 0.54 [2.104, 0.661, 0.321, 0.17, 0.165, 0.185, 0.248, 0.338, 0.91, 0.95, 0.491, 0.394, 0.266, 0.293, 0.406, 0.608]
1.6 84.5 0.532 [2.095, 0.653, 0.316, 0.172, 0.165, 0.181, 0.269, 0.313, 0.912, 0.947, 0.477, 0.363, 0.257, 0.281, 0.393, 0.607]
2.2 83.6 0.535 [2.09, 0.646, 0.329, 0.179, 0.18, 0.175, 0.258, 0.315, 0.881, 0.938, 0.482, 0.363, 0.287, 0.291, 0.405, 0.615]
2.7 82.4 0.559 [2.09, 0.658, 0.314, 0.174, 0.165, 0.171, 0.255, 0.323, 0.881, 0.946, 0.485, 0.361, 0.274, 0.284, 0.4, 0.621]
3.2 87.2 0.554 [2.1, 0.666, 0.327, 0.174, 0.178, 0.182, 0.259, 0.332, 0.884, 0.956, 0.502, 0.349, 0.282, 0.299, 0.399, 0.602]
3.7 79.1 0.561 [2.092, 0.657, 0.328, 0.183, 0.162, 0.182, 0.246, 0.308, 0.915, 0.947, 0.477, 0.346, 0.287, 0.305, 0.395, 0.611]
4.3 86.0 0.543 [2.09, 0.651, 0.311, 0.166, 0.16, 0.191, 0.25, 0.296, 0.888, 0.954, 0.472, 0.373, 0.265, 0.295, 0.406, 0.619]
4.8 85.6 0.543 [2.083, 0.65, 0.324, 0.177, 0.175, 0.191, 0.261, 0.335, 0.909, 0.964, 0.482, 0.367, 0.291, 0.284, 0.391, 0.629]
5.3 84.0 0.54 [2.098, 0.664, 0.318, 0.174, 0.162, 0.194, 0.251, 0.319, 0.901, 0.939, 0.448, 0.383, 0.294, -1.0, 0.411, 0.602]
5.9 83.5 0.543 [2.096, 0.635, 0.349, 0.192, 0.162, 0.167, 0.242, 0.314, 0.886, 0.951, 0.47, 0.345, 0.258, 0.286, 0.414, 0.616]
6.4 81.3 0.558 [2.077, 0.658, 0.325, 0.191, 0.157, 0.176, 0.25, 0.318, 0.886, 0.944, 0.494, 0.386, 0.275, 0.296, 0.388, 0.613]
6.9 84.4 0.552 [2.09, 0.669, 0.315, 0.164, 0.148, 0.187, 0.245, 0.329, 0.901, 0.945, 0.485, 0.352, 0.256, 0.289, 0.384, 0.617]
7.5 85.5 0.543 [2.089, 0.645, 0.319, 0.172, 0.152, 0.18, 0.249, 0.312, 0.878, 0.939, 0.483, 0.373, 0.275, 0.276, 0.41, 0.601]
8.0 83.9 0.558 [2.084, 0.654, 0.319, 0.193, 0.154, 0.173, 0.254, 0.318, 0.903, 0.937, 0.484, 0.378, 0.281, 0.265, 0.391, 0.612]
8.5 86.4 0.554 [2.092, 0.658, 0.34, 0.19, 0.158, 0.193, 0.264, 0.319, 0.889, 0.947, 0.482, 0.36, 0.274, 0.281, 0.398, 0.605]
9.1 85.1 0.551 [2.102, 0.646, 0.333, 0.192, 0.168, 0.18, 0.251, 0.316, 0.888, 0.919, 0.473, 0.393, 0.267, 0.309, 0.393, 0.615]
9.6 81.9 0.543 [2.078, 0.657, 0.321, 0.173, -1.0, 0.188, 0.253, 0.33, 0.878, 0.949, 0.496, 0.363, 0.29, 0.265, 0.375, 0.621]
10.1 85.2 0.542 [2.088, 0.654, 0.317, 0.178, 0.162, 0.174, 0.255, 0.31, 0.891, 0.951, 0.485, 0.379, 0.283, 0.296, 0.415, 0.615]
10.6 83.9 0.548 [2.091, 0.65, 0.323, -1.0, 0.164, 0.169, 0.247, 0.315, 0.875, 0.938, 0.473, 0.371, 0.27, 0.294, 0.41, 0.617]
11.2 84.1 0.543 [2.092, 0.645, 0.329, 0.185, 0.169, 0.179, 0.254, 0.319, 0.904, 0.954, 0.489, 0.351, 0.27, 0.284, 0.383, 0.615]
11.7 86.6 0.551 [2.093, 0.671, 0.325, 0.187, 0.17, 0.182, 0.259, 0.301, 0.872, 0.96, 0.48, 0.365, 0.275, 0.302, 0.402, 0.615]
12.2 84.6 0.549 [2.102, 0.649, 0.331, 0.189, 0.153, -1.0, 0.26, 0.33, 0.899, 0.938, 0.484, 0.387, 0.275, 0.278, 0.43, 0.606]
12.8 83.0 0.552 [2.097, 0.672, 0.318, 0.185, 0.169, 0.191, 0.264, 0.321, 0.898, 0.95, 0.491, 0.367, 0.289, 0.276, 0.408, 0.625]
13.3 81.0 0.538 [2.091, 0.668, 0.323, 0.173, 0.167, 0.195, 0.26, 0.324, 0.891, 0.948, 0.477, 0.359, 0.276, 0.29, 0.4, 0.608]
13.8 82.8 0.544 [2.094, 0.66, 0.338, 0.187, 0.176, 0.175, 0.271, 0.316, 0.894, 0.946, 0.478, 0.383, 0.267, 0.291, 0.416, 0.61]
14.4 86.5 0.548 [2.095, 0.659, 0.321, 0.179, 0.177, 0.189, 0.269, 0.297, 0.886, 0.948, 0.472, 0.366, 0.292, 0.277, 0.397, 0.623]
14.9 83.0 0.556 [2.097, 0.66, 0.323, 0.184, 0.167, 0.188, 0.259, 0.321, 0.897, 0.943, 0.488, 0.363, 0.271, 0.292, 0.402, 0.611]
15.4 81.9 0.543 [2.102, 0.672, 0.321, 0.174, 0.15, 0.185, 0.251, 0.326, 0.894, 0.944, 0.471, 0.372, 0.268, 0.277, 0.423, 0.607]
15.9 80.7 0.55 [2.083, 0.647, 0.32, 0.177, 0.164, 0.191, 0.251, 0.318, 0.889, 0.953, 0.479, 0.368, 0.277, 0.297, 0.405, 0.603]
16.5 81.0 0.537 [2.079, 0.655, 0.324, 0.164, 0.158, 0.187, 0.263, 0.334, 0.902, 0.945, 0.485, 0.361, 0.282, 0.272, 0.395, 0.613]
17.0 81.7 0.54 [2.094, 0.656, 0.323, 0.18, 0.149, 0.193, 0.261, 0.318, -1.0, 0.955, 0.496, 0.37, 0.285, 0.292, 0.391, 0.602]
17.6 85.8 0.557 [2.097, 0.651, 0.302, 0.181, 0.161, 0.163, 0.248, 0.317, 0.898, 0.943, 0.486, 0.361, -1.0, 0.278, 0.418, 0.62]
18.1 79.8 0.555 [2.091, 0.664, 0.333, 0.161, 0.159, 0.179, 0.26, 0.322, 0.905, 0.954, 0.472, 0.364, 0.28, 0.312, 0.395, 0.609]
18.6 81.5 0.564 [2.093, 0.659, 0.322, 0.162, 0.161, 0.18, 0.27, 0.297, 0.89, 0.962, 0.473, 0.36, 0.283, 0.295, 0.407, 0.613]
19.2 83.6 0.556 [2.095, 0.653, 0.335, 0.169, 0.162, 0.177, 0.254, 0.301, 0.894, 0.959, 0.484, 0.372, 0.27, 0.284, 0.398, 0.59]
19.7 81.6 0.554 [2.097, 0.649, 0.339, 0.18, 0.158, 0.196, 0.252, 0.314, 0.901, 0.942, 0.491, 0.357, 0.28, 0.29, 0.391, 0.631]
20.3 83.0 0.554 [2.095, 0.654, 0.337, 0.189, 0.172, 0.182, 0.26, 0.318, 0.896, 0.944, 0.486, 0.383, -1.0, 0.284, 0.412, 0.618]
20.8 82.4 0.555 [2.096, 0.648, 0.335, 0.18, 0.155, 0.17, 0.257, 0.328, 0.89, 0.955, 0.494, 0.369, 0.268, 0.281, 0.404, 0.608]
21.3 86.9 0.557 [2.088, 0.674, 0.34, 0.174, 0.167, 0.185, 0.261, 0.313, 0.887, 0.962, 0.478, 0.362, 0.291, 0.271, 0.398, 0.63]
21.8 79.9 0.538 [2.105, 0.64, 0.336, 0.183, 0.16, 0.168, 0.245, 0.319, 0.899, 0.938, 0.502, 0.373, 0.289, 0.293, 0.413, 0.606]
22.4 81.4 0.544 [2.106, 0.634, 0.322, 0.17, 0.16, 0.17, 0.247, 0.321, 0.898, 0.96, 0.474, 0.355, 0.278, 0.285, 0.399, 0.603]
22.9 86.5 0.544 [2.1, 0.654, 0.324, 0.18, 0.173, 0.169, 0.253, 0.314, 0.911, 0.943, 0.484, 0.353, 0.271, 0.282, 0.399, 0.606]
23.4 82.1 0.546 [2.093, 0.664, 0.33, 0.177, 0.17, -1.0, 0.255, 0.313, 0.89, 0.945, 0.492, 0.358, 0.257, 0.304, 0.396, 0.612]
24.0 84.7 0.537 [2.076, 0.65, 0.321, 0.204, 0.166, 0.174, 0.267, 0.312, 0.871, 0.932, 0.483, 0.38, 0.273, 0.3, 0.409, 0.614]
24.5 81.2 0.531 [2.065, 0.65, 0.322, 0.191, 0.15, 0.185, 0.269, 0.313, 0.89, 0.948, 0.487, 0.345, 0.286, 0.282, 0.394, 0.613]
25.0 81.2 0.545 [2.093, 0.668, 0.315, 0.174, 0.175, 0.173, 0.266, 0.318, 0.895, 0.958, 0.493, 0.359, 0.259, 0.295, 0.38, 0.637]
25.6 82.4 0.553 [2.091, 0.664, 0.33, 0.175, 0.167, 0.19, 0.26, 0.323, 0.885, 0.953, 0.473, -1.0, 0.283, 0.286, 0.401, 0.614]
26.1 81.6 0.55 [2.095, 0.673, 0.31, 0.17, 0.169, 0.173, 0.269, 0.325, 0.922, 0.942, 0.48, 0.377, 0.261, 0.271, 0.392, 0.606]
26.6 78.9 0.56 [2.097, 0.666, 0.334, 0.184, 0.163, 0.177, 0.226, 0.31, 0.904, 0.941, 0.498, 0.377, 0.263, 0.291, 0.396, 0.631]
27.2 83.0 0.552 [2.092, 0.651, 0.321, 0.181, 0.158, 0.193, 0.255, 0.33, 0.897, 0.925, 0.488, 0.356, 0.285, 0.293, 0.401, 0.611]
27.7 83.7 0.549 [2.105, 0.65, 0.319, 0.175, 0.178, 0.176, 0.258, 0.317, 0.891, 0.949, 0.488, 0.368, 0.275, 0.267, 0.399, 0.616]
28.2 83.0 0.551 [2.091, 0.652, 0.343, 0.173, 0.168, 0.165, 0.239, 0.329, 0.904, 0.95, 0.469, 0.353, 0.264, 0.29, 0.399, 0.619]
28.7 80.5 0.555 [2.092, 0.651, 0.312, 0.17, 0.16, 0.191, 0.268, 0.326, 0.892, 0.925, 0.483, 0.381, 0.278, 0.295, 0.396, 0.609]
29.3 88.9 0.546 [2.102, 0.656, 0.32, 0.188, 0.171, 0.179, 0.254, 0.316, 0.914, 0.922, 0.482, 0.358, 0.275, 0.279, 0.396, 0.631]
29.8 82.5 0.535 [2.084, 0.657, 0.323, 0.189, 0.164, 0.188, 0.269, 0.324, 0.876, 0.935, 0.486, 0.382, 0.286, 0.28, 0.397, 0.617]
30.4 82.8 0.543 [2.097, 0.642, 0.322, 0.171, 0.155, 0.179, 0.249, 0.31, 0.892, 0.969, 0.478, 0.38, 0.277, 0.281, 0.411, 0.627]
30.9 81.4 0.535 [2.096, 0.634, 0.294, 0.173, 0.179, 0.193, 0.256, 0.323, 0.882, 0.94, 0.488, 0.37, 0.285, 0.294, 0.396, 0.611]
31.4 78.8 0.536 [2.097, 0.642, 0.321, 0.165, 0.182, 0.177, 0.254, 0.326, 0.904, 0.949, 0.497, 0.371, 0.275, 0.29, 0.392, 0.601]
32.0 83.0 0.553 [2.092, 0.669, 0.32, 0.174, 0.166, 0.167, 0.261, 0.332, 0.902, 0.955, 0.472, 0.362, 0.265, 0.292, 0.397, 0.631]
32.5 82.0 0.556 [2.088, 0.657, 0.327, 0.186, 0.172, 0.169, 0.254, 0.311, 0.894, 0.947, 0.478, 0.368, 0.281, 0.28, 0.39, 0.617]
33.0 82.0 0.552 [2.082, 0.653, 0.334, 0.146, 0.178, 0.197, 0.244, 0.311, 0.91, 0.956, 0.473, 0.357, 0.27, 0.3, 0.397, 0.633]
33.5 80.0 0.522 [2.106, 0.646, 0.328, 0.193, 0.156, 0.156, 0.245, 0.325, 0.897, 0.937, 0.468, 0.385, 0.29, 0.296, 0.401, 0.633]
34.1 81.7 0.536 [2.102, 0.648, 0.313, 0.209, 0.179, 0.17, 0.245, 0.325, 0.888, 0.961, 0.495, 0.38, 0.284, 0.286, 0.386, 0.621]
34.6 82.9 0.546 [2.093, 0.655, 0.327, 0.187, 0.167, 0.177, 0.249, 0.317, 0.898, 0.944, 0.467, 0.358, 0.27, 0.283, 0.399, 0.615]
35.1 84.0 0.544 [2.085, 0.66, 0.339, 0.166, 0.16, 0.18, 0.253, 0.311, 0.89, 0.955, 0.486, 0.364, 0.285, 0.289, 0.395, 0.6]
35.7 83.4 0.533 [2.104, 0.645, 0.317, 0.175, 0.162, 0.188, 0.256, 0.303, 0.896, 0.947, 0.482, 0.369, 0.252, 0.292, 0.403, 0.613]
36.2 83.1 0.554 [2.081, 0.647, 0.328, 0.173, 0.161, 0.163, 0.258, 0.32, 0.908, 0.955, 0.489, 0.375, 0.285, 0.277, 0.399, 0.625]
36.7 85.0 0.554 [2.091, 0.643, 0.323, 0.175, 0.18, 0.191, 0.253, 0.326, 0.897, 0.95, 0.483, 0.368, 0.282, 0.292, 0.402, 0.621]
37.2 87.5 0.54 [2.09, 0.648, 0.324, 0.163, 0.162, 0.19, 0.258, 0.326, 0.886, 0.944, 0.501, 0.365, 0.283, 0.27, 0.392, 0.618]
37.8 84.9 0.559 [2.08, 0.648, 0.314, 0.17, 0.172, 0.206, 0.259, 0.314, 0.879, 0.944, 0.476, 0.366, 0.282, 0.302, 0.386, 0.614]
38.3 84.2 0.542 [2.093, 0.646, 0.344, 0.177, 0.161, 0.174, 0.256, 0.32, 0.897, 0.963, 0.473, 0.371, 0.269, 0.297, 0.408, 0.619]
38.8 83.7 0.542 [2.083, 0.654, 0.323, 0.173, 0.158, 0.173, 0.247, 0.335, 0.905, 0.956, 0.471, 0.357, 0.274, 0.272, 0.379, 0.604]
39.4 83.6 0.546 [2.098, 0.671, -1.0, 0.169, 0.154, 0.181, 0.25, 0.322, 0.895, 0.931, 0.477, 0.368, 0.269, 0.28, 0.384, 0.627]
39.9 82.9 0.552 [2.089, 0.653, 0.343, 0.166, 0.173, 0.197, 0.255, 0.315, 0.909, 0.942, 0.48, 0.365, 0.274, 0.285, 0.403, 0.596]
40.4 80.5 0.554 [2.095, 0.667, 0.335, 0.168, 0.167, 0.193, 0.248, 0.321, 0.873, 0.949, 0.482, 0.366, 0.281, 0.293, 0.395, 0.614]
41.0 80.2 0.553 [2.113, 0.65, 0.33, 0.185, 0.158, 0.187, 0.266, 0.3, 0.908, -1.0, 0.482, 0.373, 0.278, 0.309, 0.415, 0.619]
41.5 84.2 0.559 [2.093, 0.645, 0.319, 0.171, 0.179, 0.18, 0.254, 0.315, 0.882, 0.958, 0.481, 0.377, 0.276, 0.28, 0.386, 0.614]
42.0 79.7 0.549 [2.088, 0.648, 0.322, 0.175, 0.169, 0.177, 0.274, 0.326, 0.885, 0.934, 0.485, 0.37, 0.272, 0.272, 0.387, 0.623]
42.6 85.3 0.546 [2.091, 0.635, 0.327, 0.154, 0.174, 0.172, 0.254, 0.31, 0.886, 0.95, 0.469, 0.358, 0.277, 0.278, 0.416, 0.604]
43.1 81.3 0.548 [2.075, 0.648, 0.317, 0.192, 0.163, 0.164, 0.262, 0.325, 0.89, 0.955, 0.497, 0.361, 0.276, 0.282, 0.402, 0.604]
43.6 83.9 0.536 [2.093, 0.655, 0.337, 0.178, 0.168, 0.182, 0.248, 0.308, 0.901, 0.956, 0.477, 0.37, 0.27, 0.291, 0.415, 0.617]
44.2 81.8 0.537 [2.105, 0.661, 0.322, 0.176, 0.166, 0.184, 0.276, 0.326, 0.898, 0.954, 0.479, 0.374, 0.279, 0.307, 0.399, 0.62]
44.7 87.5 0.55 [2.085, 0.641, 0.331, 0.169, 0.179, 0.178, 0.267, 0.318, 0.895, 0.939, 0.483, 0.366, 0.27, 0.281, 0.407, 0.616]
45.2 84.1 0.554 [2.086, 0.656, 0.334, 0.166, 0.158, 0.19, 0.239, 0.312, 0.898, 0.939, 0.486, 0.366, 0.273, 0.281, 0.413, 0.595]
45.8 82.3 0.552 [2.107, 0.654, 0.336, 0.193, 0.182, 0.19, 0.273, 0.327, 0.884, 0.952, 0.501, 0.384, 0.264, 0.281, 0.384, 0.615]
46.3 82.6 0.544 [2.1, 0.673, 0.325, 0.174, 0.152, 0.198, 0.266, 0.331, 0.901, 0.939, 0.488, 0.38, 0.275, 0.295, 0.416, 0.596]
46.8 82.4 0.547 [2.087, 0.662, 0.332, 0.17, 0.167, 0.166, 0.268, 0.3, 0.886, 0.954, 0.487, 0.366, 0.276, 0.284, 0.412, 0.621]
47.4 81.8 0.546 [2.102, 0.655, 0.332, 0.189, 0.168, 0.193, 0.252, 0.308, 0.899, 0.949, 0.477, 0.371, 0.285, 0.298, 0.403, 0.591]
47.9 83.6 0.544 [2.079, 0.652, 0.321, 0.174, 0.183, 0.179, 0.261, 0.328, 0.906, 0.958, 0.485, 0.374, 0.282, 0.295, 0.397, 0.618]
48.4 83.8 0.542 [2.083, -1.0, 0.321, 0.179, -1.0, 0.185, 0.279, 0.334, 0.899, 0.966, 0.483, 0.37, 0.268, 0.273, 0.397, 0.612]
49.0 80.8 0.54 [2.087, 0.65, 0.334, 0.184, 0.179, 0.177, 0.259, 0.322, 0.902, 0.938, 0.475, 0.371, 0.263, 0.292, 0.418, 0.611]
49.5 82.4 0.541 [2.082, 0.651, 0.334, 0.175, 0.158, 0.178, 0.263, 0.32, 0.882, 0.945, 0.484, 0.381, 0.275, 0.27, 0.407, 0.603]
50.0 81.0 0.545 [2.08, 0.657, 0.328, 0.166, 0.149, 0.184, 0.271, 0.312, 0.905, 0.928, 0.475, 0.375, 0.273, 0.261, 0.378, 0.618]
50.6 82.5 0.534 [2.097, 0.65, 0.313, 0.178, 0.176, 0.184, 0.269, 0.317, 0.881, 0.941, 0.506, 0.346, 0.275, 0.278, 0.388, 0.6]
51.1 82.4 0.546 [2.088, 0.654, 0.33, 0.171, 0.156, 0.168, 0.263, 0.32, 0.894, 0.945, 0.491, 0.38, 0.282, 0.278, 0.41, 0.616]
51.6 85.6 0.539 [2.106, 0.645, 0.32, 0.173, 0.178, 0.205, 0.256, 0.32, 0.879, 0.952, 0.499, 0.367, 0.292, -1.0, 0.404, 0.591]
52.1 85.5 0.552 [2.091, 0.643, 0.332, 0.194, 0.156, 0.2, 0.248, 0.3, 0.884, 0.953, -1.0, 0.382, 0.284, 0.291, 0.392, 0.625]
52.7 82.3 0.549 [2.116, 0.666, -1.0, 0.174, 0.168, 0.194, 0.261, 0.31, 0.899, 0.937, 0.482, 0.368, 0.264, 0.277, 0.403, 0.601]
53.2 80.9 0.548 [2.11, 0.657, 0.323, 0.183, 0.161, 0.173, 0.265, 0.315, 0.889, 0.938, 0.485, 0.375, 0.285, 0.298, 0.401, 0.618]
53.8 81.4 0.552 [2.085, 0.65, 0.338, 0.183, 0.18, 0.19, 0.242, 0.305, 0.893, 0.931, 0.497, 0.367, 0.296, 0.281, 0.408, 0.604]
54.3 83.1 0.546 [2.101, 0.673, 0.333, 0.161, 0.168, 0.182, 0.276, 0.311, 0.893, 0.942, 0.475, 0.372, 0.298, 0.286, 0.393, 0.624]
54.8 84.2 0.53 [2.091, 0.628, 0.325, 0.185, 0.168, 0.184, 0.263, 0.321, 0.879, 0.964, 0.476, 0.38, 0.294, 0.293, 0.424, 0.61]
55.4 82.2 0.552 [2.095, 0.658, 0.303, 0.185, 0.182, 0.173, 0.236, 0.319, 0.894, 0.958, 0.493, 0.364, 0.27, 0.291, 0.399, 0.599]
55.9 83.7 0.548 [2.095, 0.646, 0.325, 0.192, 0.158, 0.175, 0.26, 0.323, 0.892, 0.952, 0.48, 0.377, 0.274, 0.283, 0.392, -1.0]
56.4 84.0 0.543 [2.107, 0.662, -1.0, 0.169, 0.173, 0.188, 0.253, 0.328, 0.903, 0.949, 0.499, 0.341, 0.286, 0.302, 0.402, 0.612]
56.9 84.3 0.552 [2.097, 0.677, 0.327, 0.189, 0.165, 0.173, 0.264, 0.305, 0.9, 0.947, 0.474, 0.364, 0.273, 0.297, 0.392, 0.616]
57.5 82.5 0.533 [2.074, 0.657, 0.325, 0.17, 0.175, 0.177, 0.268, 0.329, 0.892, 0.945, 0.483, 0.361, 0.278, 0.291, 0.406, 0.617]
58.0 88.7 0.539 [2.09, 0.65, 0.335, 0.176, 0.162, 0.186, 0.259, 0.318, 0.893, 0.944, 0.498, 0.374, 0.27, 0.295, 0.401, 0.615]
58.5 83.4 0.55 [2.076, 0.63, 0.329, 0.2, 0.181, 0.182, 0.268, 0.313, 0.886, 0.949, 0.484, 0.377, 0.283, 0.277, 0.399, 0.605]
59.1 84.2 0.552 [2.111, 0.646, 0.314, 0.2, 0.181, 0.18, 0.258, 0.316, 0.902, 0.962, 0.487, 0.361, 0.27, 0.287, 0.419, 0.622]
59.6 83.5 0.547 [2.093, 0.661, 0.332, 0.159, 0.168, 0.174, 0.246, 0.311, 0.91, 0.937, 0.485, 0.354, 0.29, 0.289, 0.41, 0.619]
60.1 84.1 0.545 [2.095, 0.653, 0.322, 0.173, 0.169, 0.177, 0.247, 0.339, 0.885, -1.0, 0.492, 0.382, 0.274, 0.286, 0.387, 0.614]
60.7 83.5 0.549 [2.1, 0.65, 0.298, 0.167, 0.16, 0.174, 0.258, 0.32, 0.87, 0.958, 0.486, 0.36, 0.269, 0.281, 0.395, 0.618]
61.2 84.7 0.55 [2.074, 0.651, 0.323, 0.178, 0.169, 0.178, 0.271, 0.32, 0.882, 0.934, 0.488, 0.368, 0.286, 0.285, 0.403, 0.614]
61.7 84.3 0.544 [2.097, 0.649, 0.325, 0.178, 0.171, 0.184, 0.259, 0.313, 0.88, 0.945, 0.492, 0.368, 0.271, 0.307, 0.409, 0.583]
62.2 86.4 0.54 [2.086, 0.64, 0.342, 0.165, 0.169, 0.177, 0.248, 0.317, 0.892, 0.951, 0.484, 0.363, 0.271, 0.286, 0.41, 0.595]
62.8 85.9 0.553 [2.112, 0.658, 0.343, 0.174, 0.173, 0.177, 0.251, 0.326, 0.892, 0.955, 0.481, 0.363, 0.29, 0.27, 0.399, 0.608]
63.3 83.5 0.547 [2.112, 0.655, 0.321, 0.169, 0.176, 0.187, 0.26, 0.313, 0.887, 0.956, 0.483, 0.367, 0.283, 0.298, 0.402, 0.614]
63.9 84.1 0.534 [2.083, 0.646, 0.322, 0.174, 0.154, 0.181, 0.272, 0.321, 0.908, 0.951, 0.479, 0.379, 0.266, 0.315, 0.392, 0.598]
64.4 83.3 0.551 [2.077, 0.659, 0.323, 0.18, 0.156, 0.18, 0.266, 0.329, 0.9, 0.942, 0.48, 0.373, 0.277, 0.285, 0.387, 0.62]
64.9 86.9 0.552 [2.092, 0.65, 0.326, 0.191, 0.17, 0.175, 0.263, 0.318, 0.874, 0.942, 0.485, 0.366, 0.279, 0.287, 0.416, 0.614]
65.5 83.6 0.549 [2.076, 0.656, 0.312, 0.179, 0.172, 0.175, 0.245, 0.32, 0.887, 0.938, 0.477, 0.36, 0.281, 0.292, 0.411, 0.612]
66.0 84.9 0.542 [2.079, 0.658, 0.32, 0.17, 0.149, 0.194, 0.27, 0.323, 0.895, 0.947, 0.482, 0.373, 0.257, 0.273, 0.406, 0.613]
66.5 83.7 0.557 [2.099, 0.659, 0.317, 0.186, 0.172, 0.186, 0.274, 0.308, 0.886, 0.942, 0.487, 0.363, 0.267, 0.29, 0.416, 0.607]
67.0 86.9 0.536 [2.084, 0.654, 0.328, 0.161, 0.168, 0.177, 0.289, 0.315, 0.905, 0.94, 0.482, 0.379, 0.267, 0.293, 0.419, 0.605]
67.6 82.5 0.548 [2.099, 0.665, 0.332, 0.184, 0.175, 0.188, 0.253, 0.318, 0.892, 0.943, 0.481, 0.377, 0.265, 0.285, 0.392, 0.637]
68.1 78.5 0.542 [2.079, 0.656, 0.317, 0.189, 0.166, 0.171, 0.248, 0.312, 0.885, 0.952, 0.489, 0.375, -1.0, 0.302, 0.397, 0.622]
68.6 79.7 0.538 [2.095, 0.654, 0.328, 0.179, 0.183, 0.182, 0.251, 0.295, 0.893, 0.935, 0.488, 0.344, 0.284, 0.302, 0.385, 0.617]
69.2 85.1 0.552 [2.086, 0.669, 0.324, -1.0, 0.158, 0.171, 0.251, 0.316, 0.894, 0.963, 0.486, 0.368, 0.26, 0.295, 0.411, 0.619]
69.7 87.7 0.548 [2.083, 0.646, 0.337, 0.18, 0.164, 0.193, 0.254, 0.307, 0.887, 0.939, 0.478, 0.384, 0.257, 0.308, 0.406, 0.622]
70.2 84.4 0.549 [2.097, 0.647, 0.325, 0.181, 0.146, 0.182, 0.272, 0.321, 0.882, 0.945, 0.46, 0.351, 0.284, 0.288, 0.398, 0.602]
70.8 84.8 0.539 [2.087, 0.658, 0.326, 0.185, 0.174, 0.177, 0.27, 0.315, 0.893, 0.924, 0.484, 0.345, 0.259, 0.298, 0.394, 0.595]
71.3 81.0 0.557 [2.105, 0.643, 0.296, 0.183, 0.169, 0.18, 0.261, 0.318, 0.898, 0.935, 0.483, 0.387, 0.271, 0.294, 0.393, -1.0]
71.8 81.5 0.537 [2.091, 0.664, 0.321, 0.182, 0.173, 0.172, 0.265, 0.309, 0.897, 0.956, 0.483, 0.38, 0.272, 0.272, 0.396, 0.625]
72.4 83.0 0.545 [2.096, 0.656, 0.319, 0.164, 0.179, 0.183, 0.279, 0.327, 0.882, 0.947, 0.48, 0.366, 0.275, 0.282, 0.407, 0.607]
72.9 82.8 0.567 [2.095, 0.661, 0.332, 0.192, 0.171, 0.179, 0.258, -1.0, 0.905, 0.94, 0.478, 0.383, 0.278, 0.306, 0.391, 0.597]
73.4 84.8 0.532 [2.09, 0.655, 0.323, 0.185, 0.163, 0.183, 0.264, 0.314, 0.874, 0.94, 0.481, 0.361, 0.283, 0.292, 0.416, 0.629]
73.9 84.0 0.553 [2.067, 0.658, 0.329, 0.176, 0.172, 0.194, 0.253, -1.0, 0.895, 0.935, 0.492, 0.368, 0.288, 0.291, 0.396, 0.628]
74.5 85.1 0.553 [2.084, 0.66, 0.316, 0.187, 0.156, 0.17, 0.26, 0.321, 0.891, 0.949, 0.47, 0.349, 0.275, 0.305, 0.403, 0.611]
75.0 81.9 0.549 [2.106, 0.644, 0.326, 0.182, 0.175, 0.177, 0.258, 0.331, 0.894, 0.94, 0.476, 0.363, 0.28, 0.276, 0.397, 0.621]
75.5 84.9 0.548 [2.083, 0.662, 0.327, 0.168, 0.162, 0.176, 0.249, 0.316, 0.898, 0.93, 0.499, 0.361, 0.286, 0.28, 0.396, 0.614]
76.1 84.4 0.546 [2.097, 0.654, 0.338, 0.17, 0.177, 0.184, 0.255, 0.302, 0.895, 0.944, 0.489, 0.365, 0.281, 0.276, -1.0, 0.622]
76.6 86.0 0.563 [2.097, 0.653, 0.326, 0.193, 0.17, -1.0, 0.254, 0.32, 0.899, 0.96, 0.486, 0.361, 0.289, 0.308, 0.396, 0.609]
77.1 83.3 0.543 [2.092, 0.649, 0.307, 0.174, 0.163, 0.17, 0.241, 0.32, 0.895, 0.938, 0.483, 0.351, 0.272, 0.292, 0.4, 0.605]
77.7 86.0 0.55 [2.086, 0.632, 0.315, 0.18, 0.156, 0.176, 0.265, 0.337, 0.897, 0.94, 0.483, 0.366, 0.288, 0.286, 0.408, 0.612]
78.2 85.2 0.552 [2.094, 0.634, 0.325, 0.181, 0.176, 0.188, 0.247, 0.3, 0.898, 0.957, 0.472, 0.376, 0.256, 0.292, 0.402, 0.613]
78.7 83.0 0.545 [2.081, 0.654, 0.312, 0.179, 0.184, 0.18, 0.229, 0.318, 0.899, 0.943, 0.463, 0.389, 0.278, 0.287, 0.393, 0.624]
79.3 82.6 0.548 [2.09, 0.642, 0.305, 0.176, 0.15, 0.19, 0.269, 0.326, 0.886, 0.947, 0.475, 0.358, 0.288, 0.293, 0.405, 0.617]
79.8 84.1 0.551 [2.099, 0.647, 0.337, 0.175, 0.176, 0.177, 0.253, 0.296, 0.895, 0.944, 0.479, 0.358, 0.267, 0.299, 0.394, 0.61]
80.3 81.4 0.56 [2.091, 0.658, 0.335, 0.176, 0.168, 0.175, 0.248, 0.32, 0.886, 0.938, 0.488, 0.361, 0.274, 0.297, 0.39, 0.617]
80.9 87.2 0.538 [2.101, 0.632, 0.339, 0.164, 0.18, 0.179, 0.26, 0.317, 0.886, 0.955, 0.482, 0.372, 0.279, 0.282, 0.398, 0.607]
81.4 84.6 0.542 [2.109, 0.664, 0.308, 0.168, 0.169, 0.176, 0.264, 0.309, 0.891, -1.0, 0.48, 0.351, 0.269, 0.296, 0.403, 0.61]
81.9 87.5 0.555 [2.1, 0.652, 0.33, 0.177, 0.168, 0.178, 0.252, 0.327, 0.89, 0.955, 0.496, 0.381, 0.268, 0.298, 0.406, 0.609]
82.5 84.0 0.54 [2.096, 0.649, 0.329, 0.167, 0.198, 0.186, 0.269, 0.339, 0.905, 0.946, 0.488, 0.364, 0.296, 0.289, 0.407, 0.599]
83.0 83.7 0.557 [2.093, 0.651, 0.334, 0.176, 0.163, 0.177, 0.274, 0.301, 0.893, 0.946, 0.479, 0.373, 0.268, 0.278, 0.404, 0.62]
83.5 83.8 0.544 [2.104, 0.658, 0.314, 0.174, 0.15, 0.186, 0.249, 0.32, 0.885, 0.96, 0.499, 0.368, 0.303, 0.27, 0.38, 0.628]
84.0 82.7 0.545 [2.093, 0.667, 0.335, 0.179, 0.167, 0.184, 0.272, 0.311, 0.89, 0.942, 0.477, 0.379, 0.273, 0.294, 0.398, 0.614]
84.6 86.9 0.564 [2.109, 0.653, 0.322, 0.164, 0.168, 0.19, 0.258, 0.303, 0.888, 0.94, 0.485, 0.359, 0.278, 0.3, 0.382, 0.611]
85.1 84.2 0.539 [2.104, 0.656, 0.319, 0.17, 0.17, 0.193, 0.257, 0.332, 0.888, 0.931, 0.472, 0.369, 0.277, 0.276, 0.374, 0.606]
85.6 84.3 0.545 [2.089, 0.648, 0.339, 0.173, 0.174, 0.194, 0.239, 0.323, 0.88, 0.934, 0.485, 0.362, 0.274, 0.275, 0.413, 0.608]
86.2 83.4 0.554 [2.094, 0.667, 0.316, 0.167, 0.171, 0.172, 0.25, 0.33, 0.89, 0.94, 0.478, 0.371, 0.274, 0.276, 0.392, 0.599]
86.7 87.2 0.543 [2.088, 0.649, 0.309, 0.176, 0.164, 0.187, 0.259, 0.307, 0.899, 0.976, 0.474, 0.357, 0.284, 0.284, 0.402, 0.623]
87.2 80.3 0.532 [2.096, 0.658, 0.329, 0.186, 0.146, 0.171, 0.253, 0.321, 0.915, 0.965, 0.476, 0.366, 0.278, 0.296, 0.398, 0.609]
87.8 86.9 0.542 [2.098, 0.665, 0.318, 0.175, 0.17, 0.169, 0.265, 0.308, 0.89, 0.963, 0.48, 0.367, 0.284, 0.287, 0.395, 0.609]
88.3 82.1 0.542 [2.088, 0.677, 0.333, 0.185, 0.168, 0.165, 0.269, 0.319, 0.896, 0.944, 0.473, 0.347, 0.278, 0.294, 0.422, 0.611]
88.8 82.8 0.543 [2.09, 0.646, 0.34, 0.158, 0.165, 0.2, 0.276, 0.314, 0.902, 0.951, 0.468, 0.365, 0.298, 0.29, 0.393, 0.606]
89.4 82.1 0.558 [2.094, 0.669, 0.32, 0.198, 0.183, 0.166, 0.26, 0.323, 0.887, 0.977, 0.492, 0.366, 0.289, 0.285, 0.402, 0.606]
89.9 85.9 0.544 [2.079, 0.666, 0.334, 0.181, 0.158, 0.186, 0.263, 0.323, 0.904, 0.946, 0.491, 0.365, 0.258, 0.296, 0.423, 0.615]
90.4 82.5 0.544 [2.095, 0.662, 0.309, 0.177, 0.176, 0.183, 0.257, 0.311, 0.896, 0.944, 0.48, 0.363, 0.27, 0.287, 0.417, 0.601]
91.0 83.3 0.542 [2.094, 0.654, 0.341, 0.179, 0.173, 0.173, 0.263, 0.311, 0.893, 0.945, 0.486, 0.356, 0.275, 0.287, 0.401, 0.634]
91.5 84.4 0.55 [2.102, 0.653, 0.337, 0.193, 0.157, 0.18, 0.257, 0.315, 0.896, 0.941, -1.0, 0.367, 0.274, 0.287, 0.399, 0.615]
92.0 85.9 0.553 [2.074, 0.661, 0.327, 0.176, 0.167, 0.186, 0.265, 0.317, 0.887, 0.936, 0.476, 0.371, 0.297, 0.277, 0.413, 0.62]
92.5 81.9 0.544 [2.078, 0.65, 0.337, 0.177, 0.164, 0.176, 0.246, 0.327, 0.9, 0.962, 0.478, 0.37, 0.269, 0.293, 0.411, 0.607]
93.1 83.9 0.552 [2.111, 0.678, 0.324, 0.179, 0.171, 0.176, 0.27, 0.321, 0.887, 0.95, 0.475, 0.365, 0.275, 0.284, 0.406, 0.607]
93.6 84.5 0.544 [2.085, 0.667, 0.322, 0.186, 0.166, 0.173, 0.265, 0.32, 0.888, -1.0, 0.476, 0.373, 0.273, 0.288, 0.377, 0.621]
94.1 83.9 0.55 [2.085, 0.66, 0.33, 0.168, 0.169, 0.179, -1.0, 0.305, 0.895, 0.941, -1.0, 0.377, 0.28, 0.309, 0.425, 0.602]
94.7 81.9 0.545 [2.092, 0.647, 0.328, 0.166, 0.175, 0.2, 0.256, 0.308, 0.886, 0.946, 0.474, 0.341, 0.275, 0.278, 0.407, 0.599]
95.2 83.6 0.551 [2.108, 0.663, 0.338, 0.175, 0.162, 0.188, 0.263, 0.303, 0.869, 0.95, 0.474, 0.379, 0.275, 0.281, 0.396, 0.611]
95.8 83.3 0.552 [2.092, 0.657, 0.329, 0.171, 0.175, 0.192, 0.26, 0.324, 0.882, 0.931, 0.488, 0.357, 0.283, 0.291, 0.387, 0.602]
96.3 86.2 0.549 [2.084, 0.654, 0.326, 0.171, 0.166, 0.176, 0.253, 0.335, 0.901, -1.0, 0.479, 0.379, 0.274, 0.28, 0.419, 0.597]
96.8 84.1 0.532 [2.104, -1.0, 0.326, 0.162, 0.163, 0.191, 0.261, 0.306, 0.879, 0.947, 0.475, 0.369, 0.284, 0.265, 0.41, 0.609]
97.4 82.2 0.541 [2.087, 0.657, 0.32, 0.176, 0.163, 0.188, 0.263, 0.307, 0.887, 0.96, 0.485, 0.384, 0.261, 0.275, 0.388, 0.611]
97.9 83.7 0.547 [2.084, 0.65, 0.327, 0.161, 0.161, 0.195, 0.256, 0.323, 0.897, 0.944, 0.471, -1.0, 0.29, 0.281, 0.399, 0.615]
98.4 85.5 0.549 [2.086, 0.638, 0.314, 0.176, 0.166, 0.179, 0.251, 0.341, 0.897, 0.95, 0.489, 0.363, 0.269, 0.297, 0.41, 0.62]
99.0 83.2 0.55 [2.082, 0.661, 0.337, 0.175, 0.176, 0.18, 0.249, 0.32, 0.89, 0.944, 0.485, 0.366, 0.28, 0.292, 0.402, 0.614]
99.5 85.0 0.554 [2.105, 0.653, 0.342, 0.195, 0.157, 0.191, 0.25, 0.329, 0.881, 0.941, 0.483, 0.355, 0.287, 0.282, 0.405, 0.61]
100.0 84.2 0.555 [2.12, 0.655, 0.331, 0.159, 0.174, 0.173, 0.249, 0.339, 0.923, 0.95, 0.484, 0.375, 0.277, 0.292, 0.386, 0.624]
