1787889643.41 h=215.0
1787889643.43 h=215.0
1787889643.46 h=212.3
1787889772.97 h=237.5
1787889773.00 h=236.4
1787889773.00 h=236.4
1787889773.02 h=236.0
1787889773.05 h=237.2
1787889773.08 h=237.4
1787889773.08 h=237.4
1787889916.57 h=238.4
1787889916.62 h=237.6
1787889916.65 h=232.9
1787889916.65 h=232.9
1787889916.68 h=232.2
1787889916.71 h=231.9
1787889916.76 h=236.2
1787889916.79 h=233.1
1787889916.79 h=233.1
1787889916.85 h=235.7
1787889916.90 h=236.1
1787889916.92 h=238.0
1787889916.95 h=233.0
1787889643
1787889773
1787889917
1787890992
1787890993
