{"c": 1, "x": 0.0, "y": 0.0, "H": 4.3, "cls": [{"n": 1791, "r": 0.23, "az": -73, "ext": 1.66}, {"n": 59, "r": 0.14, "az": 54, "ext": 0.17}, {"n": 16, "r": 0.32, "az": 168, "ext": 0.04}, {"n": 2, "r": 1.21, "az": 171, "ext": 0.04}, {"n": 14, "r": 1.9, "az": 171, "ext": 0.25}]}
{"c": 2, "x": -2.25, "y": -0.73, "H": -81.0, "cls": [{"n": 1879, "r": 0.21, "az": 8, "ext": 1.66}, {"n": 1, "r": 1.24, "az": -108, "ext": 0.0}, {"n": 2, "r": 1.71, "az": -107, "ext": 0.06}, {"n": 12, "r": 1.93, "az": -107, "ext": 0.07}]}
{"c": 3, "x": -2.26, "y": -0.73, "H": -162.8, "cls": [{"n": 1808, "r": 0.23, "az": 94, "ext": 1.7}, {"n": 118, "r": 0.11, "az": -86, "ext": 0.47}, {"n": 2, "r": 1.23, "az": -23, "ext": 0.04}, {"n": 14, "r": 1.9, "az": -23, "ext": 0.28}]}
{"c": 4, "x": -2.25, "y": -0.73, "H": -79.3, "cls": [{"n": 1811, "r": 0.23, "az": 8, "ext": 1.66}, {"n": 64, "r": 0.14, "az": 137, "ext": 0.16}, {"n": 16, "r": 0.32, "az": -112, "ext": 0.03}, {"n": 2, "r": 1.22, "az": -109, "ext": 0.04}, {"n": 2, "r": 1.7, "az": -109, "ext": 0.06}, {"n": 12, "r": 1.93, "az": -109, "ext": 0.07}]}
{"c": 5, "x": 1.19, "y": 1.38, "H": 5.7, "cls": [{"n": 1818, "r": 0.23, "az": -75, "ext": 1.64}, {"n": 40, "r": 0.14, "az": 54, "ext": 0.15}, {"n": 16, "r": 0.32, "az": 164, "ext": 0.04}, {"n": 1, "r": 1.23, "az": 166, "ext": 0.0}, {"n": 2, "r": 1.71, "az": 167, "ext": 0.06}, {"n": 12, "r": 1.94, "az": 167, "ext": 0.07}]}
{"c": 6, "x": 1.31, "y": 1.41, "H": -77.3, "cls": [{"n": 1816, "r": 0.23, "az": 5, "ext": 1.7}, {"n": 71, "r": 0.11, "az": 173, "ext": 0.45}, {"n": 2, "r": 1.22, "az": -113, "ext": 0.04}, {"n": 14, "r": 1.91, "az": -113, "ext": 0.24}]}
{"c": 7, "x": -1.22, "y": 2.7, "H": -163.4, "cls": [{"n": 1829, "r": 0.22, "az": 90, "ext": 1.73}, {"n": 109, "r": 0.12, "az": -88, "ext": 0.43}, {"n": 2, "r": 1.21, "az": -29, "ext": 0.03}, {"n": 14, "r": 1.9, "az": -29, "ext": 0.25}]}
{"c": 8, "x": -1.06, "y": 2.32, "H": -80.5, "cls": [{"n": 1808, "r": 0.23, "az": 11, "ext": 1.66}, {"n": 54, "r": 0.14, "az": 144, "ext": 0.15}, {"n": 32, "r": 0.32, "az": -111, "ext": 0.05}, {"n": 2, "r": 1.22, "az": -107, "ext": 0.03}, {"n": 2, "r": 1.72, "az": -107, "ext": 0.06}, {"n": 12, "r": 1.94, "az": -107, "ext": 0.08}]}
{"c": 9, "x": -1.01, "y": 2.59, "H": 3.6, "cls": [{"n": 1886, "r": 0.22, "az": -75, "ext": 1.66}, {"n": 2, "r": 1.22, "az": 169, "ext": 0.04}, {"n": 14, "r": 1.9, "az": 169, "ext": 0.24}]}
{"c": 10, "x": -2.92, "y": -0.53, "H": -81.9, "cls": [{"n": 1822, "r": 0.23, "az": 8, "ext": 1.67}, {"n": 77, "r": 0.11, "az": -177, "ext": 0.45}, {"n": 2, "r": 1.2, "az": -109, "ext": 0.04}, {"n": 2, "r": 1.71, "az": -109, "ext": 0.05}, {"n": 12, "r": 1.94, "az": -109, "ext": 0.07}]}
{"c": 11, "x": -2.92, "y": -0.53, "H": -167.3, "cls": [{"n": 1825, "r": 0.23, "az": 95, "ext": 1.7}, {"n": 82, "r": 0.14, "az": -129, "ext": 0.15}, {"n": 16, "r": 0.32, "az": -28, "ext": 0.03}, {"n": 3, "r": 1.23, "az": -24, "ext": 0.07}, {"n": 21, "r": 1.9, "az": -24, "ext": 0.24}]}
{"c": 12, "x": -2.92, "y": -0.53, "H": -84.1, "cls": [{"n": 1812, "r": 0.23, "az": 14, "ext": 1.66}, {"n": 89, "r": 0.11, "az": 174, "ext": 0.45}, {"n": 3, "r": 1.22, "az": -104, "ext": 0.09}, {"n": 21, "r": 1.9, "az": -104, "ext": 0.23}]}
{"c": 13, "x": -2.92, "y": -0.52, "H": 1.1, "cls": [{"n": 1796, "r": 0.23, "az": -71, "ext": 1.67}, {"n": 78, "r": 0.1, "az": 90, "ext": 0.46}, {"n": 2, "r": 1.23, "az": 173, "ext": 0.04}, {"n": 14, "r": 1.9, "az": 173, "ext": 0.26}]}
{"c": 14, "x": -4.7, "y": -4.16, "H": -84.2, "cls": [{"n": 1814, "r": 0.23, "az": 11, "ext": 1.66}, {"n": 79, "r": 0.11, "az": -178, "ext": 0.46}, {"n": 2, "r": 1.22, "az": -107, "ext": 0.04}, {"n": 2, "r": 1.71, "az": -107, "ext": 0.06}, {"n": 12, "r": 1.94, "az": -107, "ext": 0.07}]}
{"c": 15, "x": -3.88, "y": -7.69, "H": -163.8, "cls": [{"n": 1805, "r": 0.23, "az": 95, "ext": 1.7}, {"n": 135, "r": 0.11, "az": -91, "ext": 0.46}, {"n": 2, "r": 1.22, "az": -23, "ext": 0.03}, {"n": 14, "r": 1.9, "az": -23, "ext": 0.22}]}
{"c": 16, "x": 0.87, "y": -9.35, "H": -83.9, "cls": [{"n": 1815, "r": 0.23, "az": 10, "ext": 1.65}, {"n": 85, "r": 0.11, "az": 176, "ext": 0.47}, {"n": 2, "r": 1.22, "az": -107, "ext": 0.03}, {"n": 2, "r": 1.72, "az": -107, "ext": 0.06}, {"n": 11, "r": 1.94, "az": -107, "ext": 0.07}]}
{"c": 1, "x": 31.58, "y": 2.65, "H": 4.8, "cls": [{"n": 1797, "r": 0.23, "az": -67, "ext": 1.69}, {"n": 68, "r": 0.14, "az": 57, "ext": 0.18}, {"n": 16, "r": 0.32, "az": 174, "ext": 0.04}, {"n": 2, "r": 1.22, "az": 177, "ext": 0.04}, {"n": 14, "r": 1.9, "az": 177, "ext": 0.26}]}
{"c": 2, "x": 31.65, "y": 2.66, "H": 5.4, "cls": [{"n": 1876, "r": 0.21, "az": -61, "ext": 1.65}, {"n": 115, "r": 0.12, "az": 140, "ext": 0.25}, {"n": 2, "r": 1.22, "az": 177, "ext": 0.04}, {"n": 2, "r": 1.71, "az": 177, "ext": 0.06}, {"n": 12, "r": 1.96, "az": 177, "ext": 0.07}]}
{"c": 3, "x": 31.7, "y": 2.66, "H": 5.2, "cls": [{"n": 1968, "r": 0.17, "az": -55, "ext": 1.61}, {"n": 10, "r": 1.23, "az": 66, "ext": 0.02}, {"n": 362, "r": 0.15, "az": 146, "ext": 0.15}, {"n": 1, "r": 1.22, "az": 178, "ext": 0.0}, {"n": 1, "r": 1.71, "az": 178, "ext": 0.0}, {"n": 6, "r": 2.0, "az": 178, "ext": 0.01}]}
{"c": 4, "x": 31.76, "y": 2.67, "H": 2.2, "cls": [{"n": 1978, "r": 0.16, "az": -52, "ext": 1.6}, {"n": 64, "r": 1.38, "az": 74, "ext": 0.55}, {"n": 448, "r": 0.16, "az": 150, "ext": 0.16}, {"n": 2, "r": 1.23, "az": 179, "ext": 0.04}, {"n": 2, "r": 1.71, "az": 179, "ext": 0.06}, {"n": 12, "r": 2.02, "az": 179, "ext": 0.07}]}
{"c": 5, "x": 31.81, "y": 2.66, "H": -2.7, "cls": [{"n": 2450, "r": 0.09, "az": -58, "ext": 1.6}, {"n": 87, "r": 1.43, "az": 79, "ext": 0.54}, {"n": 1, "r": 1.22, "az": 180, "ext": 0.0}, {"n": 1, "r": 1.72, "az": 180, "ext": 0.0}, {"n": 5, "r": 2.05, "az": 180, "ext": 0.02}]}
{"c": 6, "x": 32.26, "y": 2.76, "H": -87.2, "cls": [{"n": 2517, "r": 0.07, "az": 42, "ext": 1.76}, {"n": 50, "r": 1.6, "az": 170, "ext": 0.31}, {"n": 1, "r": 1.23, "az": -94, "ext": 0.0}, {"n": 1, "r": 1.71, "az": -94, "ext": 0.0}, {"n": 5, "r": 2.05, "az": -94, "ext": 0.04}]}
{"c": 7, "x": 32.2, "y": 2.85, "H": -53.0, "cls": [{"n": 2505, "r": 0.07, "az": 30, "ext": 2.17}]}
{"c": 8, "x": 32.22, "y": 2.82, "H": -51.2, "cls": [{"n": 2558, "r": 0.06, "az": 30, "ext": 2.22}]}
{"c": 9, "x": 32.23, "y": 2.8, "H": -52.8, "cls": [{"n": 2555, "r": 0.06, "az": 15, "ext": 2.19}, {"n": 42, "r": 1.63, "az": 141, "ext": 0.27}, {"n": 1, "r": 1.7, "az": -126, "ext": 0.0}, {"n": 5, "r": 2.07, "az": -126, "ext": 0.02}]}
{"c": 10, "x": 32.25, "y": 2.78, "H": -53.8, "cls": [{"n": 2646, "r": 0.04, "az": 57, "ext": 2.17}, {"n": 2, "r": 1.22, "az": -127, "ext": 0.03}, {"n": 2, "r": 1.71, "az": -127, "ext": 0.05}, {"n": 10, "r": 2.07, "az": -127, "ext": 0.07}]}
{"c": 11, "x": 32.25, "y": 2.77, "H": -135.1, "cls": [{"n": 2682, "r": 0.04, "az": 150, "ext": 2.34}, {"n": 2, "r": 1.72, "az": -43, "ext": 0.05}, {"n": 10, "r": 2.08, "az": -43, "ext": 0.06}]}
{"c": 12, "x": 32.28, "y": 2.87, "H": -106.3, "cls": [{"n": 2062, "r": 0.11, "az": 60, "ext": 2.1}, {"n": 72, "r": 1.58, "az": -163, "ext": 0.49}, {"n": 547, "r": 0.22, "az": -110, "ext": 0.42}]}
{"c": 13, "x": 4.16, "y": 15.08, "H": -21.7, "cls": [{"n": 2604, "r": 0.05, "az": -32, "ext": 2.19}, {"n": 62, "r": 1.59, "az": 112, "ext": 0.44}]}
{"c": 14, "x": 33.73, "y": 9.34, "H": 62.0, "cls": [{"n": 2659, "r": 0.03, "az": -57, "ext": 2.46}]}
{"c": 15, "x": 37.56, "y": 2.19, "H": -20.8, "cls": [{"n": 2068, "r": 0.11, "az": -25, "ext": 2.15}, {"n": 64, "r": 1.59, "az": 110, "ext": 0.45}, {"n": 527, "r": 0.22, "az": 162, "ext": 0.43}]}
{"c": 16, "x": 37.59, "y": 2.18, "H": -17.7, "cls": [{"n": 2723, "r": 0.02, "az": 51, "ext": 2.46}]}
{"c": 17, "x": 37.62, "y": 2.16, "H": -21.4, "cls": [{"n": 2711, "r": 0.02, "az": -59, "ext": 2.16}, {"n": 71, "r": 1.6, "az": 113, "ext": 0.56}]}
{"c": 18, "x": 37.65, "y": 2.15, "H": -24.3, "cls": [{"n": 2695, "r": 0.02, "az": -78, "ext": 2.14}, {"n": 72, "r": 1.6, "az": 113, "ext": 0.6}, {"n": 5, "r": 2.6, "az": 124, "ext": 0.02}, {"n": 1, "r": 1.73, "az": -158, "ext": 0.0}, {"n": 5, "r": 2.16, "az": -158, "ext": 0.01}]}
{"c": 19, "x": 37.68, "y": 2.14, "H": -22.9, "cls": [{"n": 2775, "r": 0.03, "az": 132, "ext": 2.46}, {"n": 1, "r": 1.71, "az": -158, "ext": 0.0}, {"n": 5, "r": 2.17, "az": -158, "ext": 0.03}]}
{"c": 20, "x": 37.71, "y": 2.13, "H": -22.7, "cls": [{"n": 2688, "r": 0.02, "az": -130, "ext": 2.14}, {"n": 70, "r": 1.62, "az": 115, "ext": 0.6}, {"n": 5, "r": 2.6, "az": 126, "ext": 0.02}, {"n": 1, "r": 1.71, "az": -158, "ext": 0.0}, {"n": 5, "r": 2.2, "az": -158, "ext": 0.02}]}
{"c": 21, "x": 37.71, "y": 2.12, "H": -107.0, "cls": [{"n": 2694, "r": 0.02, "az": -51, "ext": 2.11}, {"n": 72, "r": 1.61, "az": -159, "ext": 0.6}, {"n": 5, "r": 2.61, "az": -148, "ext": 0.03}, {"n": 1, "r": 1.71, "az": -72, "ext": 0.0}, {"n": 5, "r": 2.21, "az": -72, "ext": 0.02}]}
{"c": 22, "x": 37.74, "y": 2.22, "H": -77.2, "cls": [{"n": 2666, "r": 0.05, "az": -39, "ext": 1.65}, {"n": 112, "r": 1.46, "az": 170, "ext": 0.65}, {"n": 5, "r": 2.56, "az": -176, "ext": 0.04}]}
{"c": 23, "x": 37.73, "y": 2.23, "H": 6.9, "cls": [{"n": 2768, "r": 0.03, "az": 127, "ext": 2.19}, {"n": 5, "r": 2.56, "az": 98, "ext": 0.04}]}
{"c": 24, "x": 36.0, "y": 5.87, "H": 90.2, "cls": [{"n": 2661, "r": 0.04, "az": 156, "ext": 1.6}, {"n": 41, "r": 1.21, "az": -6, "ext": 0.54}, {"n": 73, "r": 1.56, "az": 3, "ext": 0.56}, {"n": 5, "r": 2.56, "az": 14, "ext": 0.02}]}
{"c": 25, "x": 36.4, "y": 4.32, "H": 8.8, "cls": [{"n": 2654, "r": 0.04, "az": -121, "ext": 1.62}, {"n": 114, "r": 1.44, "az": 84, "ext": 0.61}, {"n": 5, "r": 2.56, "az": 98, "ext": 0.03}]}
{"c": 26, "x": 34.62, "y": 3.85, "H": -74.5, "cls": [{"n": 2769, "r": 0.03, "az": -148, "ext": 2.27}, {"n": 5, "r": 2.55, "az": 180, "ext": 0.02}]}
{"c": 27, "x": 34.32, "y": 7.66, "H": 5.6, "cls": [{"n": 2767, "r": 0.03, "az": 122, "ext": 2.2}, {"n": 5, "r": 2.55, "az": 98, "ext": 0.03}]}
{"c": 28, "x": 34.31, "y": 7.66, "H": 85.4, "cls": [{"n": 2714, "r": 0.03, "az": 144, "ext": 1.86}, {"n": 74, "r": 1.59, "az": 5, "ext": 0.57}, {"n": 5, "r": 2.56, "az": 16, "ext": 0.04}]}
{"c": 29, "x": 34.32, "y": 7.66, "H": 4.0, "cls": [{"n": 2777, "r": 0.03, "az": 130, "ext": 2.21}, {"n": 5, "r": 2.56, "az": 102, "ext": 0.03}]}
{"c": 30, "x": 34.32, "y": 7.66, "H": -78.0, "cls": [{"n": 2659, "r": 0.05, "az": -39, "ext": 1.64}, {"n": 32, "r": 1.22, "az": 164, "ext": 0.55}, {"n": 76, "r": 1.56, "az": 171, "ext": 0.57}, {"n": 10, "r": 2.56, "az": -177, "ext": 0.09}]}
{"c": 31, "x": 34.32, "y": 7.66, "H": 3.8, "cls": [{"n": 2688, "r": 0.03, "az": -127, "ext": 1.75}, {"n": 72, "r": 1.59, "az": 89, "ext": 0.55}, {"n": 5, "r": 2.56, "az": 100, "ext": 0.03}]}
{"c": 32, "x": 34.31, "y": 7.66, "H": 87.1, "cls": [{"n": 2670, "r": 0.04, "az": 158, "ext": 1.59}, {"n": 31, "r": 1.22, "az": 0, "ext": 0.51}, {"n": 74, "r": 1.56, "az": 7, "ext": 0.58}, {"n": 5, "r": 2.56, "az": 18, "ext": 0.02}]}
{"c": 33, "x": 34.32, "y": 7.66, "H": 1.9, "cls": [{"n": 2659, "r": 0.05, "az": -120, "ext": 1.62}, {"n": 41, "r": 1.23, "az": 82, "ext": 0.55}, {"n": 73, "r": 1.59, "az": 91, "ext": 0.56}, {"n": 5, "r": 2.55, "az": 102, "ext": 0.01}]}
{"c": 34, "x": 34.32, "y": 7.66, "H": -81.9, "cls": [{"n": 2655, "r": 0.04, "az": -33, "ext": 1.64}, {"n": 106, "r": 1.46, "az": 174, "ext": 0.62}, {"n": 10, "r": 2.56, "az": -173, "ext": 0.09}]}
{"c": 35, "x": 34.37, "y": 9.66, "H": 3.1, "cls": [{"n": 2657, "r": 0.05, "az": -114, "ext": 1.62}, {"n": 40, "r": 1.23, "az": 84, "ext": 0.54}, {"n": 74, "r": 1.59, "az": 93, "ext": 0.57}, {"n": 5, "r": 2.56, "az": 104, "ext": 0.02}]}
{"c": 36, "x": 31.56, "y": 9.97, "H": 86.4, "cls": [{"n": 2692, "r": 0.03, "az": 146, "ext": 1.88}, {"n": 74, "r": 1.56, "az": 5, "ext": 0.58}, {"n": 5, "r": 2.56, "az": 16, "ext": 0.02}]}
{"c": 37, "x": 35.8, "y": 6.5, "H": 4.8, "cls": [{"n": 2694, "r": 0.03, "az": -129, "ext": 1.8}, {"n": 74, "r": 1.56, "az": 91, "ext": 0.56}, {"n": 5, "r": 2.56, "az": 102, "ext": 0.02}]}
{"c": 38, "x": 35.8, "y": 6.49, "H": -75.5, "cls": [{"n": 2777, "r": 0.03, "az": -149, "ext": 2.2}, {"n": 5, "r": 2.55, "az": -176, "ext": 0.03}]}
{"c": 39, "x": 35.8, "y": 6.5, "H": 3.0, "cls": [{"n": 2777, "r": 0.03, "az": 126, "ext": 2.22}, {"n": 5, "r": 2.55, "az": 100, "ext": 0.02}]}
{"c": 40, "x": 35.79, "y": 6.49, "H": 86.9, "cls": [{"n": 2691, "r": 0.03, "az": 149, "ext": 1.9}, {"n": 75, "r": 1.56, "az": 7, "ext": 0.64}, {"n": 10, "r": 2.56, "az": 19, "ext": 0.09}]}
{"c": 41, "x": 35.8, "y": 6.5, "H": 7.2, "cls": [{"n": 2659, "r": 0.04, "az": -119, "ext": 1.6}, {"n": 114, "r": 1.43, "az": 86, "ext": 0.62}, {"n": 5, "r": 2.56, "az": 100, "ext": 0.03}]}
{"c": 42, "x": 35.8, "y": 6.49, "H": -78.9, "cls": [{"n": 2773, "r": 0.03, "az": -153, "ext": 2.21}, {"n": 5, "r": 2.55, "az": -178, "ext": 0.03}]}
{"c": 43, "x": 35.8, "y": 6.5, "H": 2.4, "cls": [{"n": 2662, "r": 0.05, "az": -119, "ext": 1.62}, {"n": 41, "r": 1.23, "az": 82, "ext": 0.55}, {"n": 73, "r": 1.59, "az": 91, "ext": 0.56}, {"n": 5, "r": 2.55, "az": 102, "ext": 0.02}]}
{"c": 44, "x": 32.28, "y": 7.66, "H": 86.0, "cls": [{"n": 2701, "r": 0.03, "az": 150, "ext": 1.91}, {"n": 73, "r": 1.59, "az": 7, "ext": 0.58}, {"n": 5, "r": 2.56, "az": 18, "ext": 0.04}]}
{"c": 45, "x": 32.28, "y": 7.67, "H": -0.8, "cls": [{"n": 2670, "r": 0.04, "az": -117, "ext": 1.61}, {"n": 107, "r": 1.46, "az": 90, "ext": 0.68}, {"n": 10, "r": 2.56, "az": 103, "ext": 0.09}]}
{"c": 46, "x": 29.56, "y": 6.29, "H": -87.1, "cls": [{"n": 2775, "r": 0.03, "az": -139, "ext": 2.19}, {"n": 5, "r": 2.56, "az": -170, "ext": 0.03}]}
{"c": 47, "x": -1.95, "y": 10.56, "H": -7.7, "cls": [{"n": 2657, "r": 0.05, "az": -112, "ext": 1.59}, {"n": 32, "r": 1.22, "az": 90, "ext": 0.55}, {"n": 76, "r": 1.56, "az": 97, "ext": 0.64}, {"n": 10, "r": 2.56, "az": 109, "ext": 0.09}]}
{"c": 48, "x": 29.83, "y": 10.88, "H": 72.7, "cls": [{"n": 2700, "r": 0.03, "az": 164, "ext": 2.09}, {"n": 74, "r": 1.58, "az": 19, "ext": 0.6}, {"n": 5, "r": 2.56, "az": 30, "ext": 0.02}]}
{"c": 49, "x": 31.15, "y": 6.36, "H": -7.5, "cls": [{"n": 2654, "r": 0.05, "az": -106, "ext": 1.69}, {"n": 41, "r": 1.21, "az": 94, "ext": 0.54}, {"n": 73, "r": 1.56, "az": 103, "ext": 0.59}, {"n": 5, "r": 2.56, "az": 114, "ext": 0.02}]}
{"c": 50, "x": 31.15, "y": 6.36, "H": -86.3, "cls": [{"n": 2659, "r": 0.04, "az": -28, "ext": 1.61}, {"n": 114, "r": 1.44, "az": 178, "ext": 0.64}, {"n": 5, "r": 2.55, "az": -168, "ext": 0.04}]}
{"c": 51, "x": 31.14, "y": 6.36, "H": -3.2, "cls": [{"n": 2660, "r": 0.05, "az": -113, "ext": 1.61}, {"n": 31, "r": 1.22, "az": 88, "ext": 0.54}, {"n": 82, "r": 1.58, "az": 96, "ext": 0.63}, {"n": 5, "r": 2.55, "az": 108, "ext": 0.04}]}
{"c": 52, "x": 24.61, "y": -24.64, "H": 78.1, "cls": [{"n": 2695, "r": 0.03, "az": 160, "ext": 2.03}, {"n": 71, "r": 1.59, "az": 15, "ext": 0.6}, {"n": 5, "r": 2.55, "az": 26, "ext": 0.02}]}
{"c": 53, "x": 33.58, "y": 3.01, "H": -6.1, "cls": [{"n": 2657, "r": 0.05, "az": -112, "ext": 1.6}, {"n": 41, "r": 1.23, "az": 90, "ext": 0.55}, {"n": 74, "r": 1.59, "az": 99, "ext": 0.58}, {"n": 5, "r": 2.55, "az": 110, "ext": 0.03}]}
{"c": 54, "x": 28.22, "y": 1.43, "H": -89.6, "cls": [{"n": 2665, "r": 0.04, "az": -31, "ext": 1.61}, {"n": 41, "r": 1.23, "az": 174, "ext": 0.55}, {"n": 74, "r": 1.59, "az": -177, "ext": 0.57}, {"n": 5, "r": 2.56, "az": -166, "ext": 0.0}]}
{"c": 55, "x": 28.21, "y": 1.43, "H": -10.5, "cls": [{"n": 2700, "r": 0.03, "az": -119, "ext": 1.99}, {"n": 74, "r": 1.56, "az": 101, "ext": 0.59}, {"n": 5, "r": 2.56, "az": 112, "ext": 0.03}]}
{"c": 56, "x": 27.96, "y": 4.23, "H": 70.1, "cls": [{"n": 2775, "r": 0.03, "az": 59, "ext": 2.45}, {"n": 5, "r": 2.55, "az": 34, "ext": 0.02}]}
{"c": 57, "x": 27.97, "y": 4.23, "H": -12.4, "cls": [{"n": 2645, "r": 0.05, "az": -102, "ext": 1.73}, {"n": 40, "r": 1.23, "az": 98, "ext": 0.53}, {"n": 72, "r": 1.59, "az": 107, "ext": 0.6}, {"n": 5, "r": 2.55, "az": 118, "ext": 0.02}]}
{"c": 58, "x": 27.66, "y": 3.9, "H": -94.7, "cls": [{"n": 2701, "r": 0.03, "az": -36, "ext": 1.93}, {"n": 72, "r": 1.59, "az": -171, "ext": 0.59}, {"n": 5, "r": 2.56, "az": -160, "ext": 0.03}]}
{"c": 59, "x": 27.06, "y": 4.79, "H": -38.9, "cls": [{"n": 2671, "r": 0.04, "az": -78, "ext": 1.96}, {"n": 104, "r": 1.46, "az": 131, "ext": 0.8}, {"n": 5, "r": 2.56, "az": 144, "ext": 0.01}]}
{"c": 60, "x": 27.08, "y": 4.79, "H": 37.2, "cls": [{"n": 2655, "r": 0.05, "az": -163, "ext": 1.91}, {"n": 40, "r": 1.21, "az": 48, "ext": 0.44}, {"n": 74, "r": 1.58, "az": 57, "ext": 0.5}, {"n": 5, "r": 2.55, "az": 68, "ext": 0.02}]}
{"c": 61, "x": 27.09, "y": 4.79, "H": -47.1, "cls": [{"n": 2701, "r": 0.03, "az": -99, "ext": 2.15}, {"n": 72, "r": 1.59, "az": 141, "ext": 0.54}, {"n": 5, "r": 2.56, "az": 152, "ext": 0.02}]}
{"c": 62, "x": 22.32, "y": 6.11, "H": -126.8, "cls": [{"n": 2772, "r": 0.04, "az": -91, "ext": 2.44}, {"n": 5, "r": 2.56, "az": -126, "ext": 0.02}]}
{"c": 63, "x": 25.64, "y": 8.84, "H": -45.5, "cls": [{"n": 2693, "r": 0.03, "az": -100, "ext": 2.15}, {"n": 74, "r": 1.59, "az": 141, "ext": 0.55}, {"n": 5, "r": 2.56, "az": 152, "ext": 0.02}]}
{"c": 64, "x": 26.47, "y": 10.84, "H": 38.9, "cls": [{"n": 2767, "r": 0.04, "az": 101, "ext": 2.25}, {"n": 5, "r": 2.56, "az": 64, "ext": 0.02}]}
{"c": 65, "x": 25.4, "y": 5.03, "H": -44.4, "cls": [{"n": 2762, "r": 0.03, "az": -174, "ext": 2.34}, {"n": 10, "r": 2.57, "az": 149, "ext": 0.09}]}
{"c": 66, "x": 46.29, "y": 31.96, "H": -127.8, "cls": [{"n": 2767, "r": 0.04, "az": -90, "ext": 2.44}, {"n": 10, "r": 2.57, "az": -129, "ext": 0.09}]}
{"c": 67, "x": 29.56, "y": 2.26, "H": -47.4, "cls": [{"n": 2706, "r": 0.03, "az": -105, "ext": 2.29}, {"n": 64, "r": 1.61, "az": 140, "ext": 0.4}, {"n": 5, "r": 2.56, "az": 150, "ext": 0.03}]}
{"c": 68, "x": 27.71, "y": 4.85, "H": 35.1, "cls": [{"n": 2768, "r": 0.04, "az": 107, "ext": 2.16}, {"n": 5, "r": 2.56, "az": 70, "ext": 0.04}]}
{"c": 69, "x": 27.55, "y": 4.38, "H": -49.1, "cls": [{"n": 2764, "r": 0.03, "az": -170, "ext": 2.3}, {"n": 10, "r": 2.57, "az": 153, "ext": 0.08}]}
{"c": 70, "x": 55.29, "y": -8.26, "H": -204.7, "cls": [{"n": 2765, "r": 0.04, "az": -12, "ext": 2.44}, {"n": 5, "r": 2.56, "az": -50, "ext": 0.02}]}
{"c": 71, "x": 31.72, "y": 13.1, "H": -135.1, "cls": [{"n": 2769, "r": 0.04, "az": -79, "ext": 2.31}, {"n": 10, "r": 2.57, "az": -119, "ext": 0.09}]}
{"c": 72, "x": 31.7, "y": 13.08, "H": -134.1, "cls": [{"n": 2774, "r": 0.04, "az": -87, "ext": 2.33}, {"n": 5, "r": 2.57, "az": -120, "ext": 0.03}]}
{"c": 73, "x": 31.68, "y": 13.06, "H": -135.0, "cls": [{"n": 2771, "r": 0.03, "az": -97, "ext": 2.31}, {"n": 5, "r": 2.59, "az": -120, "ext": 0.04}, {"n": 1, "r": 1.71, "az": -42, "ext": 0.0}, {"n": 5, "r": 2.19, "az": -42, "ext": 0.03}]}
{"c": 74, "x": 31.66, "y": 13.04, "H": -137.6, "cls": [{"n": 2751, "r": 0.03, "az": -102, "ext": 2.31}, {"n": 4, "r": 2.59, "az": -120, "ext": 0.01}, {"n": 1, "r": 1.71, "az": -42, "ext": 0.0}, {"n": 5, "r": 2.18, "az": -42, "ext": 0.02}]}
{"c": 75, "x": 31.64, "y": 13.02, "H": -133.9, "cls": [{"n": 2748, "r": 0.03, "az": -109, "ext": 2.3}, {"n": 5, "r": 2.6, "az": -120, "ext": 0.03}, {"n": 2, "r": 1.72, "az": -43, "ext": 0.05}, {"n": 10, "r": 2.19, "az": -43, "ext": 0.08}]}
{"c": 76, "x": 31.62, "y": 13.0, "H": -136.3, "cls": [{"n": 2700, "r": 0.01, "az": -10, "ext": 2.16}, {"n": 70, "r": 1.62, "az": -131, "ext": 0.53}, {"n": 1, "r": 1.71, "az": -44, "ext": 0.0}, {"n": 5, "r": 2.19, "az": -44, "ext": 0.02}]}
{"c": 77, "x": 31.6, "y": 12.98, "H": -141.4, "cls": [{"n": 2699, "r": 0.01, "az": -8, "ext": 2.15}, {"n": 72, "r": 1.63, "az": -131, "ext": 0.52}, {"n": 1, "r": 1.71, "az": -44, "ext": 0.0}, {"n": 5, "r": 2.17, "az": -44, "ext": 0.01}]}
{"c": 78, "x": 31.6, "y": 12.99, "H": -54.5, "cls": [{"n": 2763, "r": 0.04, "az": 158, "ext": 2.17}, {"n": 2, "r": 1.72, "az": -125, "ext": 0.05}, {"n": 10, "r": 2.16, "az": -125, "ext": 0.07}]}
{"c": 79, "x": 31.5, "y": 13.03, "H": -28.7, "cls": [{"n": 2725, "r": 0.02, "az": 53, "ext": 2.46}]}
{"c": 80, "x": 28.36, "y": 8.79, "H": -114.7, "cls": [{"n": 2742, "r": 0.02, "az": 151, "ext": 2.49}]}
{"c": 81, "x": 28.35, "y": 8.76, "H": -116.6, "cls": [{"n": 2686, "r": 0.03, "az": 60, "ext": 2.18}, {"n": 63, "r": 1.61, "az": -156, "ext": 0.45}, {"n": 1, "r": 1.21, "az": -64, "ext": 0.0}, {"n": 1, "r": 1.72, "az": -64, "ext": 0.0}, {"n": 5, "r": 2.12, "az": -64, "ext": 0.02}]}
{"c": 82, "x": 28.34, "y": 8.74, "H": -110.6, "cls": [{"n": 2699, "r": 0.02, "az": 55, "ext": 2.16}, {"n": 65, "r": 1.61, "az": -156, "ext": 0.46}, {"n": 1, "r": 1.22, "az": -66, "ext": 0.0}, {"n": 1, "r": 1.71, "az": -66, "ext": 0.0}, {"n": 5, "r": 2.13, "az": -66, "ext": 0.01}]}
{"c": 83, "x": 28.33, "y": 8.73, "H": -192.9, "cls": [{"n": 2756, "r": 0.02, "az": -113, "ext": 2.41}, {"n": 1, "r": 1.71, "az": 14, "ext": 0.0}, {"n": 5, "r": 2.12, "az": 14, "ext": 0.03}]}
{"c": 84, "x": 28.43, "y": 8.76, "H": -159.7, "cls": [{"n": 2652, "r": 0.02, "az": 50, "ext": 1.76}, {"n": 101, "r": 1.5, "az": -107, "ext": 0.65}, {"n": 5, "r": 2.63, "az": -94, "ext": 0.02}, {"n": 2, "r": 1.7, "az": -17, "ext": 0.06}, {"n": 10, "r": 2.18, "az": -17, "ext": 0.08}]}
{"c": 85, "x": 29.66, "y": 9.05, "H": -76.1, "cls": [{"n": 2671, "r": 0.02, "az": -48, "ext": 1.7}, {"n": 98, "r": 1.52, "az": 167, "ext": 0.65}, {"n": 1, "r": 1.7, "az": -104, "ext": 0.0}, {"n": 5, "r": 2.18, "az": -104, "ext": 0.02}]}
{"c": 86, "x": 30.8, "y": 11.13, "H": -9.5, "cls": [{"n": 2688, "r": 0.07, "az": 156, "ext": 1.96}, {"n": 62, "r": 1.71, "az": 102, "ext": 0.54}, {"n": 5, "r": 2.68, "az": 112, "ext": 0.02}, {"n": 2, "r": 1.72, "az": -179, "ext": 0.06}, {"n": 10, "r": 2.26, "az": -179, "ext": 0.08}]}
{"c": 87, "x": 29.86, "y": 10.75, "H": -99.3, "cls": [{"n": 2686, "r": 0.07, "az": -115, "ext": 1.93}, {"n": 63, "r": 1.71, "az": -170, "ext": 0.53}, {"n": 5, "r": 2.69, "az": -160, "ext": 0.02}, {"n": 2, "r": 1.72, "az": -91, "ext": 0.06}, {"n": 10, "r": 2.27, "az": -91, "ext": 0.08}]}
{"c": 88, "x": 28.62, "y": 13.47, "H": -183.8, "cls": [{"n": 2655, "r": 0.06, "az": -17, "ext": 1.62}, {"n": 2, "r": 1.71, "az": -1, "ext": 0.06}, {"n": 10, "r": 2.26, "az": -1, "ext": 0.08}, {"n": 28, "r": 1.3, "az": -87, "ext": 0.47}, {"n": 64, "r": 1.72, "az": -80, "ext": 0.53}, {"n": 5, "r": 2.7, "az": -70, "ext": 0.03}]}
{"c": 89, "x": 28.62, "y": 13.47, "H": -99.2, "cls": [{"n": 2683, "r": 0.07, "az": -108, "ext": 2.04}, {"n": 64, "r": 1.72, "az": -162, "ext": 0.56}, {"n": 5, "r": 2.69, "az": -152, "ext": 0.01}, {"n": 2, "r": 1.72, "az": -83, "ext": 0.06}, {"n": 10, "r": 2.27, "az": -83, "ext": 0.08}]}
{"c": 90, "x": 28.93, "y": 13.72, "H": -17.9, "cls": [{"n": 2727, "r": 0.09, "az": 147, "ext": 2.42}, {"n": 10, "r": 2.69, "az": 123, "ext": 0.09}, {"n": 3, "r": 1.71, "az": -168, "ext": 0.12}, {"n": 15, "r": 2.27, "az": -168, "ext": 0.16}]}
{"c": 91, "x": 28.93, "y": 13.71, "H": -100.4, "cls": [{"n": 2678, "r": 0.07, "az": -108, "ext": 2.03}, {"n": 64, "r": 1.71, "az": -162, "ext": 0.55}, {"n": 5, "r": 2.69, "az": -152, "ext": 0.01}, {"n": 2, "r": 1.71, "az": -83, "ext": 0.06}, {"n": 10, "r": 2.26, "az": -83, "ext": 0.08}]}
{"c": 92, "x": 27.83, "y": 19.5, "H": -188.7, "cls": [{"n": 2673, "r": 0.06, "az": -28, "ext": 1.96}, {"n": 3, "r": 1.72, "az": 2, "ext": 0.12}, {"n": 15, "r": 2.25, "az": 2, "ext": 0.16}, {"n": 64, "r": 1.71, "az": -78, "ext": 0.54}, {"n": 5, "r": 2.69, "az": -68, "ext": 0.02}]}
{"c": 93, "x": 27.84, "y": 19.5, "H": -100.6, "cls": [{"n": 2741, "r": 0.09, "az": -127, "ext": 2.38}, {"n": 6, "r": 1.94, "az": -152, "ext": 0.02}, {"n": 5, "r": 2.69, "az": -150, "ext": 0.02}, {"n": 2, "r": 1.71, "az": -81, "ext": 0.06}, {"n": 10, "r": 2.24, "az": -81, "ext": 0.08}]}
{"c": 94, "x": 27.9, "y": 19.66, "H": -14.3, "cls": [{"n": 2741, "r": 0.09, "az": 146, "ext": 2.42}, {"n": 4, "r": 2.68, "az": 124, "ext": 0.02}, {"n": 2, "r": 1.71, "az": -167, "ext": 0.05}, {"n": 9, "r": 2.24, "az": -167, "ext": 0.08}]}
{"c": 95, "x": 23.69, "y": 17.13, "H": -98.0, "cls": [{"n": 2679, "r": 0.06, "az": -112, "ext": 2.0}, {"n": 64, "r": 1.71, "az": -166, "ext": 0.55}, {"n": 5, "r": 2.68, "az": -156, "ext": 0.03}, {"n": 2, "r": 1.71, "az": -87, "ext": 0.06}, {"n": 10, "r": 2.25, "az": -87, "ext": 0.08}]}
{"c": 96, "x": 23.68, "y": 17.12, "H": -182.8, "cls": [{"n": 2642, "r": 0.05, "az": -13, "ext": 1.65}, {"n": 36, "r": 1.3, "az": -91, "ext": 0.51}, {"n": 63, "r": 1.71, "az": -82, "ext": 0.53}, {"n": 5, "r": 2.68, "az": -72, "ext": 0.03}, {"n": 2, "r": 1.7, "az": -3, "ext": 0.06}, {"n": 10, "r": 2.24, "az": -3, "ext": 0.08}]}
{"c": 97, "x": 23.69, "y": 17.13, "H": -102.2, "cls": [{"n": 2670, "r": 0.06, "az": -109, "ext": 1.99}, {"n": 65, "r": 1.68, "az": -166, "ext": 0.59}, {"n": 10, "r": 2.68, "az": -155, "ext": 0.09}, {"n": 2, "r": 1.71, "az": -85, "ext": 0.06}, {"n": 9, "r": 2.24, "az": -85, "ext": 0.08}]}
{"c": 98, "x": 26.63, "y": 17.64, "H": -21.1, "cls": [{"n": 2736, "r": 0.08, "az": 150, "ext": 2.45}, {"n": 5, "r": 2.68, "az": 128, "ext": 0.01}, {"n": 3, "r": 1.71, "az": -162, "ext": 0.12}, {"n": 15, "r": 2.24, "az": -162, "ext": 0.16}]}
{"c": 99, "x": 24.81, "y": 17.93, "H": -107.6, "cls": [{"n": 2752, "r": 0.09, "az": -127, "ext": 2.4}, {"n": 5, "r": 2.69, "az": -150, "ext": 0.04}, {"n": 2, "r": 1.71, "az": -79, "ext": 0.06}, {"n": 10, "r": 2.25, "az": -79, "ext": 0.08}]}
{"c": 100, "x": 24.8, "y": 17.92, "H": -188.6, "cls": [{"n": 2680, "r": 0.06, "az": -20, "ext": 2.07}, {"n": 2, "r": 1.73, "az": 7, "ext": 0.06}, {"n": 10, "r": 2.24, "az": 7, "ext": 0.08}, {"n": 63, "r": 1.71, "az": -72, "ext": 0.56}, {"n": 5, "r": 2.68, "az": -62, "ext": 0.03}]}
{"c": 101, "x": 27.88, "y": 15.02, "H": -102.4, "cls": [{"n": 2748, "r": 0.09, "az": -127, "ext": 2.4}, {"n": 5, "r": 2.68, "az": -148, "ext": 0.02}, {"n": 3, "r": 1.72, "az": -78, "ext": 0.12}, {"n": 15, "r": 2.25, "az": -78, "ext": 0.16}]}
{"c": 102, "x": 27.88, "y": 15.03, "H": -17.0, "cls": [{"n": 2744, "r": 0.09, "az": 147, "ext": 2.45}, {"n": 5, "r": 2.68, "az": 124, "ext": 0.01}, {"n": 2, "r": 1.73, "az": -165, "ext": 0.06}, {"n": 10, "r": 2.24, "az": -165, "ext": 0.08}]}
{"c": 103, "x": 24.35, "y": 15.6, "H": -98.7, "cls": [{"n": 2681, "r": 0.06, "az": -112, "ext": 2.02}, {"n": 64, "r": 1.71, "az": -164, "ext": 0.56}, {"n": 5, "r": 2.68, "az": -154, "ext": 0.02}, {"n": 2, "r": 1.72, "az": -85, "ext": 0.06}, {"n": 10, "r": 2.24, "az": -85, "ext": 0.08}]}
{"c": 104, "x": 21.57, "y": 18.28, "H": -183.9, "cls": [{"n": 2642, "r": 0.05, "az": -12, "ext": 1.65}, {"n": 2, "r": 1.72, "az": -1, "ext": 0.06}, {"n": 10, "r": 2.24, "az": -1, "ext": 0.08}, {"n": 38, "r": 1.24, "az": -84, "ext": 0.5}, {"n": 62, "r": 1.69, "az": -82, "ext": 0.53}, {"n": 5, "r": 2.69, "az": -72, "ext": 0.03}]}
{"c": 105, "x": 21.58, "y": 18.29, "H": -100.7, "cls": [{"n": 2643, "r": 0.05, "az": -95, "ext": 1.66}, {"n": 29, "r": 1.28, "az": -172, "ext": 0.49}, {"n": 71, "r": 1.7, "az": -165, "ext": 0.62}, {"n": 5, "r": 2.68, "az": -154, "ext": 0.02}, {"n": 2, "r": 1.71, "az": -85, "ext": 0.06}, {"n": 10, "r": 2.25, "az": -85, "ext": 0.08}]}
{"c": 106, "x": 23.34, "y": 17.82, "H": -17.8, "cls": [{"n": 2733, "r": 0.08, "az": 143, "ext": 2.41}, {"n": 5, "r": 2.67, "az": 122, "ext": 0.02}, {"n": 3, "r": 1.71, "az": -168, "ext": 0.12}, {"n": 15, "r": 2.25, "az": -168, "ext": 0.16}]}
{"c": 107, "x": 20.05, "y": 17.62, "H": -101.0, "cls": [{"n": 2648, "r": 0.05, "az": -99, "ext": 1.68}, {"n": 28, "r": 1.3, "az": -171, "ext": 0.45}, {"n": 62, "r": 1.71, "az": -164, "ext": 0.53}, {"n": 5, "r": 2.68, "az": -154, "ext": 0.03}, {"n": 3, "r": 1.72, "az": -84, "ext": 0.12}, {"n": 15, "r": 2.25, "az": -84, "ext": 0.16}]}
{"c": 108, "x": 19.02, "y": 22.82, "H": -183.2, "cls": [{"n": 2676, "r": 0.06, "az": -29, "ext": 1.93}, {"n": 3, "r": 1.72, "az": 0, "ext": 0.12}, {"n": 15, "r": 2.24, "az": 0, "ext": 0.16}, {"n": 64, "r": 1.71, "az": -80, "ext": 0.53}, {"n": 5, "r": 2.69, "az": -70, "ext": 0.02}]}
{"c": 109, "x": 21.09, "y": 21.82, "H": -99.5, "cls": [{"n": 2680, "r": 0.06, "az": -115, "ext": 1.99}, {"n": 63, "r": 1.71, "az": -166, "ext": 0.53}, {"n": 5, "r": 2.68, "az": -156, "ext": 0.02}, {"n": 3, "r": 1.71, "az": -86, "ext": 0.12}, {"n": 15, "r": 2.25, "az": -86, "ext": 0.16}]}
{"c": 110, "x": 23.35, "y": 22.18, "H": -13.5, "cls": [{"n": 2746, "r": 0.08, "az": 143, "ext": 2.43}, {"n": 5, "r": 2.68, "az": 120, "ext": 0.02}, {"n": 2, "r": 1.71, "az": -169, "ext": 0.06}, {"n": 10, "r": 2.24, "az": -169, "ext": 0.08}]}
{"c": 1, "x": 0.0, "y": 0.0, "H": 3.3, "cls": [{"n": 2030, "r": 0.21, "az": 166, "ext": 1.85}, {"n": 70, "r": 1.81, "az": 151, "ext": 0.6}, {"n": 18, "r": 1.78, "az": -142, "ext": 0.28}, {"n": 20, "r": 2.18, "az": -137, "ext": 0.32}]}
{"c": 2, "x": 0.01, "y": -0.0, "H": -80.4, "cls": [{"n": 2018, "r": 0.21, "az": -112, "ext": 1.9}, {"n": 69, "r": 1.85, "az": -125, "ext": 0.77}, {"n": 38, "r": 1.93, "az": -57, "ext": 0.66}]}
{"c": 3, "x": -0.95, "y": 2.46, "H": -167.5, "cls": [{"n": 2016, "r": 0.21, "az": -26, "ext": 1.92}, {"n": 18, "r": 1.78, "az": 26, "ext": 0.27}, {"n": 20, "r": 2.18, "az": 31, "ext": 0.31}, {"n": 70, "r": 1.82, "az": -41, "ext": 0.65}]}
{"c": 4, "x": 9.55, "y": 0.08, "H": -84.8, "cls": [{"n": 2008, "r": 0.21, "az": -108, "ext": 1.9}, {"n": 71, "r": 1.81, "az": -123, "ext": 0.64}, {"n": 18, "r": 1.78, "az": -56, "ext": 0.26}, {"n": 20, "r": 2.18, "az": -51, "ext": 0.35}]}
{"c": 5, "x": 9.55, "y": 0.09, "H": -0.8, "cls": [{"n": 2051, "r": 0.21, "az": 168, "ext": 1.85}, {"n": 70, "r": 1.81, "az": 153, "ext": 0.6}, {"n": 18, "r": 1.79, "az": -140, "ext": 0.29}, {"n": 20, "r": 2.19, "az": -135, "ext": 0.32}]}
{"c": 6, "x": 9.55, "y": 0.08, "H": -82.0, "cls": [{"n": 2020, "r": 0.21, "az": -106, "ext": 1.88}, {"n": 71, "r": 1.81, "az": -121, "ext": 0.61}, {"n": 38, "r": 2.0, "az": -51, "ext": 0.63}]}
{"c": 7, "x": 9.55, "y": 0.08, "H": -162.1, "cls": [{"n": 2012, "r": 0.21, "az": -27, "ext": 1.93}, {"n": 38, "r": 1.93, "az": 27, "ext": 0.62}, {"n": 69, "r": 1.85, "az": -41, "ext": 0.76}]}
{"c": 8, "x": 9.55, "y": 0.08, "H": -82.9, "cls": [{"n": 2021, "r": 0.21, "az": -109, "ext": 1.89}, {"n": 70, "r": 1.82, "az": -123, "ext": 0.73}, {"n": 24, "r": 1.76, "az": -57, "ext": 0.28}, {"n": 15, "r": 2.2, "az": -52, "ext": 0.26}]}
{"c": 9, "x": 9.9, "y": 1.89, "H": 1.9, "cls": [{"n": 2035, "r": 0.21, "az": 170, "ext": 1.82}, {"n": 69, "r": 1.82, "az": 155, "ext": 0.58}, {"n": 36, "r": 2.0, "az": -135, "ext": 0.63}]}
{"c": 10, "x": 9.91, "y": 1.88, "H": -78.7, "cls": [{"n": 2042, "r": 0.21, "az": -108, "ext": 1.89}, {"n": 69, "r": 1.82, "az": -123, "ext": 0.71}, {"n": 17, "r": 1.81, "az": -56, "ext": 0.26}, {"n": 15, "r": 2.2, "az": -52, "ext": 0.26}]}
{"c": 11, "x": 3.47, "y": 4.93, "H": -159.3, "cls": [{"n": 2014, "r": 0.21, "az": -29, "ext": 1.93}, {"n": 39, "r": 1.93, "az": 25, "ext": 0.61}, {"n": 69, "r": 1.83, "az": -43, "ext": 0.77}]}
{"c": 12, "x": 2.17, "y": 34.08, "H": -77.6, "cls": [{"n": 2018, "r": 0.21, "az": -111, "ext": 1.9}, {"n": 69, "r": 1.85, "az": -125, "ext": 0.76}, {"n": 39, "r": 1.94, "az": -57, "ext": 0.66}]}
{"c": 13, "x": 10.83, "y": 2.38, "H": 3.6, "cls": [{"n": 2115, "r": 0.26, "az": 163, "ext": 2.07}, {"n": 37, "r": 1.99, "az": -139, "ext": 0.66}]}
{"c": 14, "x": 9.36, "y": -2.24, "H": -84.5, "cls": [{"n": 2013, "r": 0.21, "az": -110, "ext": 1.9}, {"n": 71, "r": 1.81, "az": -125, "ext": 0.63}, {"n": 38, "r": 1.99, "az": -55, "ext": 0.63}]}
{"c": 15, "x": 9.35, "y": -2.25, "H": -164.5, "cls": [{"n": 2019, "r": 0.21, "az": -26, "ext": 1.92}, {"n": 37, "r": 1.98, "az": 29, "ext": 0.59}, {"n": 70, "r": 1.81, "az": -41, "ext": 0.67}]}
{"c": 16, "x": 9.34, "y": -2.25, "H": -79.3, "cls": [{"n": 2089, "r": 0.2, "az": -111, "ext": 1.91}, {"n": 69, "r": 1.82, "az": -125, "ext": 0.73}, {"n": 38, "r": 2.0, "az": -55, "ext": 0.59}]}
{"c": 17, "x": 9.33, "y": -2.25, "H": 6.5, "cls": [{"n": 2117, "r": 0.19, "az": 165, "ext": 1.87}, {"n": 70, "r": 1.81, "az": 149, "ext": 0.61}, {"n": 18, "r": 1.77, "az": -144, "ext": 0.25}, {"n": 20, "r": 2.14, "az": -139, "ext": 0.37}]}
{"c": 18, "x": 8.07, "y": -2.93, "H": -76.8, "cls": [{"n": 2102, "r": 0.2, "az": -113, "ext": 1.91}, {"n": 70, "r": 1.81, "az": -129, "ext": 0.64}, {"n": 39, "r": 1.94, "az": -59, "ext": 0.64}]}
{"c": 19, "x": 8.07, "y": -2.93, "H": -155.3, "cls": [{"n": 2091, "r": 0.2, "az": -34, "ext": 1.91}, {"n": 39, "r": 1.93, "az": 21, "ext": 0.57}, {"n": 71, "r": 1.81, "az": -49, "ext": 0.67}]}
{"c": 20, "x": 8.07, "y": -2.93, "H": -69.7, "cls": [{"n": 2092, "r": 0.2, "az": -121, "ext": 1.93}, {"n": 70, "r": 1.82, "az": -135, "ext": 0.74}, {"n": 18, "r": 1.79, "az": -68, "ext": 0.26}, {"n": 20, "r": 2.19, "az": -63, "ext": 0.29}]}
{"c": 21, "x": 7.37, "y": 1.23, "H": 15.1, "cls": [{"n": 2123, "r": 0.19, "az": 154, "ext": 1.93}, {"n": 69, "r": 1.81, "az": 139, "ext": 0.72}, {"n": 18, "r": 1.79, "az": -154, "ext": 0.28}, {"n": 17, "r": 2.18, "az": -149, "ext": 0.3}]}
{"c": 22, "x": 7.38, "y": 1.23, "H": -66.7, "cls": [{"n": 2104, "r": 0.2, "az": -122, "ext": 1.92}, {"n": 71, "r": 1.8, "az": -137, "ext": 0.66}, {"n": 39, "r": 1.97, "az": -67, "ext": 0.56}]}
{"c": 23, "x": 7.13, "y": 1.41, "H": -148.6, "cls": [{"n": 2092, "r": 0.2, "az": -42, "ext": 1.88}, {"n": 38, "r": 1.98, "az": 13, "ext": 0.55}, {"n": 70, "r": 1.81, "az": -57, "ext": 0.66}]}
{"c": 24, "x": 14.82, "y": -2.64, "H": -63.3, "cls": [{"n": 2100, "r": 0.2, "az": -125, "ext": 1.91}, {"n": 71, "r": 1.8, "az": -141, "ext": 0.67}, {"n": 24, "r": 1.77, "az": -73, "ext": 0.3}, {"n": 15, "r": 2.2, "az": -68, "ext": 0.22}]}
{"c": 25, "x": 18.09, "y": 0.81, "H": 19.1, "cls": [{"n": 2125, "r": 0.19, "az": 152, "ext": 1.92}, {"n": 70, "r": 1.8, "az": 135, "ext": 0.68}, {"n": 32, "r": 1.99, "az": -154, "ext": 0.54}]}
{"c": 26, "x": 19.11, "y": 2.22, "H": -56.6, "cls": [{"n": 2645, "r": 0.1, "az": -123, "ext": 1.9}, {"n": 77, "r": 1.75, "az": -150, "ext": 0.8}, {"n": 5, "r": 1.72, "az": -76, "ext": 0.24}, {"n": 25, "r": 2.19, "az": -76, "ext": 0.34}]}
{"c": 27, "x": 19.08, "y": 2.3, "H": -84.4, "cls": [{"n": 2674, "r": 0.1, "az": -90, "ext": 2.08}, {"n": 56, "r": 1.78, "az": -121, "ext": 0.45}, {"n": 5, "r": 2.79, "az": -112, "ext": 0.01}, {"n": 4, "r": 1.71, "az": -47, "ext": 0.13}, {"n": 20, "r": 2.26, "az": -47, "ext": 0.24}]}
{"c": 28, "x": 18.93, "y": 2.39, "H": -15.6, "cls": [{"n": 2674, "r": 0.07, "az": -136, "ext": 1.7}, {"n": 58, "r": 1.71, "az": 173, "ext": 0.52}, {"n": 6, "r": 1.97, "az": -178, "ext": 0.02}, {"n": 5, "r": 2.71, "az": -176, "ext": 0.04}, {"n": 3, "r": 1.71, "az": -108, "ext": 0.1}, {"n": 14, "r": 2.27, "az": -108, "ext": 0.16}]}
{"c": 29, "x": 17.75, "y": 4.31, "H": 63.4, "cls": [{"n": 2739, "r": 0.07, "az": 133, "ext": 2.29}, {"n": 5, "r": 2.65, "az": 108, "ext": 0.02}, {"n": 2, "r": 1.71, "az": -179, "ext": 0.06}, {"n": 10, "r": 2.24, "az": -179, "ext": 0.08}]}
{"c": 30, "x": 18.01, "y": -0.44, "H": -21.8, "cls": [{"n": 2652, "r": 0.04, "az": -89, "ext": 1.64}, {"n": 102, "r": 1.52, "az": 177, "ext": 0.61}, {"n": 5, "r": 2.64, "az": -170, "ext": 0.01}, {"n": 2, "r": 1.72, "az": -97, "ext": 0.06}, {"n": 10, "r": 2.23, "az": -97, "ext": 0.08}]}
{"c": 31, "x": 17.31, "y": -0.29, "H": -102.7, "cls": [{"n": 2674, "r": 0.04, "az": -28, "ext": 1.69}, {"n": 72, "r": 1.67, "az": -95, "ext": 0.56}, {"n": 5, "r": 2.65, "az": -84, "ext": 0.02}, {"n": 2, "r": 1.7, "az": -13, "ext": 0.06}, {"n": 10, "r": 2.24, "az": -13, "ext": 0.08}]}
{"c": 32, "x": 17.31, "y": -0.28, "H": -17.4, "cls": [{"n": 2743, "r": 0.07, "az": -151, "ext": 2.1}, {"n": 5, "r": 2.65, "az": -174, "ext": 0.02}, {"n": 2, "r": 1.71, "az": -101, "ext": 0.06}, {"n": 9, "r": 2.24, "az": -101, "ext": 0.08}]}
{"c": 33, "x": 15.86, "y": 6.72, "H": 62.2, "cls": [{"n": 2737, "r": 0.07, "az": 126, "ext": 2.31}, {"n": 5, "r": 2.64, "az": 104, "ext": 0.02}, {"n": 2, "r": 1.7, "az": 175, "ext": 0.06}, {"n": 10, "r": 2.23, "az": 175, "ext": 0.08}]}
{"c": 34, "x": 15.78, "y": 6.74, "H": -12.3, "cls": [{"n": 2755, "r": 0.05, "az": -151, "ext": 2.17}, {"n": 5, "r": 2.6, "az": 180, "ext": 0.02}, {"n": 1, "r": 1.72, "az": -104, "ext": 0.0}, {"n": 5, "r": 2.22, "az": -104, "ext": 0.02}]}
{"c": 35, "x": 15.61, "y": 6.8, "H": -62.8, "cls": [{"n": 2780, "r": 0.02, "az": -85, "ext": 2.43}, {"n": 5, "r": 2.51, "az": -126, "ext": 0.02}]}
{"c": 36, "x": 17.2, "y": 9.97, "H": -18.7, "cls": [{"n": 2782, "r": 0.01, "az": -9, "ext": 2.29}, {"n": 5, "r": 2.44, "az": -168, "ext": 0.02}]}
{"c": 37, "x": 17.19, "y": 9.98, "H": -23.5, "cls": [{"n": 2781, "r": 0.01, "az": 3, "ext": 2.33}, {"n": 10, "r": 2.43, "az": -167, "ext": 0.09}]}
{"c": 38, "x": 17.18, "y": 9.98, "H": -19.1, "cls": [{"n": 2781, "r": 0.01, "az": 13, "ext": 2.34}, {"n": 10, "r": 2.43, "az": -165, "ext": 0.09}]}
{"c": 39, "x": 17.17, "y": 9.98, "H": -25.5, "cls": [{"n": 2778, "r": 0.01, "az": 28, "ext": 2.37}, {"n": 10, "r": 2.42, "az": -163, "ext": 0.09}]}
{"c": 40, "x": 17.16, "y": 9.99, "H": -27.2, "cls": [{"n": 2776, "r": 0.01, "az": 31, "ext": 2.25}, {"n": 2, "r": 1.71, "az": -161, "ext": 0.06}, {"n": 10, "r": 2.42, "az": -161, "ext": 0.09}]}
{"c": 41, "x": 17.17, "y": 9.99, "H": -33.4, "cls": [{"n": 2763, "r": 0.02, "az": 21, "ext": 2.39}, {"n": 10, "r": 2.45, "az": -157, "ext": 0.11}]}
{"c": 42, "x": 17.21, "y": 9.96, "H": -33.6, "cls": [{"n": 2663, "r": 0.07, "az": 10, "ext": 1.77}, {"n": 127, "r": 1.36, "az": -170, "ext": 0.78}, {"n": 5, "r": 2.44, "az": -156, "ext": 0.03}]}
{"c": 43, "x": 17.21, "y": 9.96, "H": -32.8, "cls": [{"n": 2771, "r": 0.01, "az": 18, "ext": 2.39}, {"n": 10, "r": 2.46, "az": -153, "ext": 0.11}]}
{"c": 44, "x": 17.2, "y": 9.97, "H": -38.4, "cls": [{"n": 2782, "r": 0.01, "az": 27, "ext": 2.41}, {"n": 10, "r": 2.45, "az": -151, "ext": 0.1}]}
{"c": 45, "x": 17.19, "y": 9.98, "H": -40.9, "cls": [{"n": 2787, "r": 0.01, "az": 27, "ext": 2.4}, {"n": 10, "r": 2.45, "az": -149, "ext": 0.12}]}
{"c": 46, "x": 17.21, "y": 9.96, "H": -43.2, "cls": [{"n": 2784, "r": 0.01, "az": 33, "ext": 2.43}, {"n": 2, "r": 1.72, "az": -147, "ext": 0.06}, {"n": 10, "r": 2.44, "az": -147, "ext": 0.09}]}
{"c": 47, "x": 17.24, "y": 9.92, "H": -45.3, "cls": [{"n": 2652, "r": 0.07, "az": 23, "ext": 1.94}, {"n": 129, "r": 1.38, "az": -158, "ext": 0.86}, {"n": 5, "r": 2.45, "az": -144, "ext": 0.02}]}
{"c": 48, "x": 17.27, "y": 9.89, "H": -49.7, "cls": [{"n": 2654, "r": 0.07, "az": 27, "ext": 1.93}, {"n": 41, "r": 1.16, "az": -163, "ext": 0.56}, {"n": 88, "r": 1.5, "az": -154, "ext": 0.69}, {"n": 5, "r": 2.47, "az": -142, "ext": 0.02}]}
{"c": 49, "x": 17.29, "y": 9.86, "H": -53.3, "cls": [{"n": 2776, "r": 0.01, "az": 113, "ext": 2.46}, {"n": 10, "r": 2.5, "az": -141, "ext": 0.07}]}
{"c": 50, "x": 17.32, "y": 9.82, "H": -53.5, "cls": [{"n": 2682, "r": 0.04, "az": 39, "ext": 2.18}, {"n": 80, "r": 1.52, "az": -151, "ext": 0.47}, {"n": 8, "r": 1.71, "az": -140, "ext": 0.06}, {"n": 5, "r": 2.5, "az": -138, "ext": 0.01}]}
{"c": 51, "x": 17.31, "y": 9.83, "H": -56.6, "cls": [{"n": 2777, "r": 0.01, "az": 148, "ext": 2.44}, {"n": 5, "r": 2.51, "az": -138, "ext": 0.03}]}
{"c": 52, "x": 17.31, "y": 9.83, "H": -57.5, "cls": [{"n": 2784, "r": 0.01, "az": 159, "ext": 2.47}, {"n": 5, "r": 2.51, "az": -136, "ext": 0.01}]}
{"c": 53, "x": 17.34, "y": 9.8, "H": -48.4, "cls": [{"n": 2772, "r": 0.01, "az": 161, "ext": 2.43}, {"n": 5, "r": 2.53, "az": -144, "ext": 0.02}]}
{"c": 54, "x": 17.34, "y": 9.8, "H": -51.6, "cls": [{"n": 2779, "r": 0.01, "az": 173, "ext": 2.45}]}
{"c": 55, "x": 17.33, "y": 9.82, "H": -53.6, "cls": [{"n": 2684, "r": 0.04, "az": 39, "ext": 2.18}, {"n": 78, "r": 1.52, "az": -151, "ext": 0.48}, {"n": 8, "r": 1.7, "az": -140, "ext": 0.07}, {"n": 5, "r": 2.51, "az": -138, "ext": 0.02}]}
{"c": 56, "x": 17.35, "y": 9.79, "H": -58.0, "cls": [{"n": 2780, "r": 0.01, "az": 179, "ext": 2.47}]}
{"c": 57, "x": 17.36, "y": 9.77, "H": -58.9, "cls": [{"n": 2765, "r": 0.01, "az": 173, "ext": 2.46}]}
{"c": 58, "x": 17.35, "y": 9.78, "H": -63.4, "cls": [{"n": 2774, "r": 0.01, "az": -178, "ext": 2.46}]}
{"c": 59, "x": 17.35, "y": 9.79, "H": -61.2, "cls": [{"n": 2777, "r": 0.01, "az": -172, "ext": 2.43}]}
{"c": 60, "x": 17.34, "y": 9.81, "H": -63.1, "cls": [{"n": 2769, "r": 0.01, "az": -178, "ext": 2.45}, {"n": 5, "r": 2.51, "az": -128, "ext": 0.03}]}
{"c": 61, "x": 17.37, "y": 9.75, "H": -60.7, "cls": [{"n": 2766, "r": 0.01, "az": 170, "ext": 2.42}, {"n": 5, "r": 2.55, "az": -132, "ext": 0.02}]}
{"c": 62, "x": 17.36, "y": 9.76, "H": -63.3, "cls": [{"n": 2752, "r": 0.01, "az": 173, "ext": 2.44}, {"n": 5, "r": 2.54, "az": -130, "ext": 0.02}]}
{"c": 63, "x": 17.35, "y": 9.78, "H": -65.5, "cls": [{"n": 2778, "r": 0.01, "az": -176, "ext": 2.43}]}
{"c": 64, "x": 17.34, "y": 9.81, "H": -60.1, "cls": [{"n": 2782, "r": 0.01, "az": -169, "ext": 2.42}]}
{"c": 65, "x": 17.35, "y": 9.79, "H": -59.9, "cls": [{"n": 2778, "r": 0.01, "az": -167, "ext": 2.44}]}
{"c": 66, "x": 17.19, "y": 9.9, "H": -21.1, "cls": [{"n": 2776, "r": 0.02, "az": 49, "ext": 2.1}, {"n": 2, "r": 1.72, "az": -171, "ext": 0.06}, {"n": 9, "r": 2.44, "az": -171, "ext": 0.09}]}
{"c": 67, "x": 13.58, "y": 7.64, "H": -76.4, "cls": [{"n": 2537, "r": 0.07, "az": 126, "ext": 2.32}, {"n": 7, "r": 1.69, "az": -118, "ext": 0.01}]}
{"c": 68, "x": 13.61, "y": 7.79, "H": -112.6, "cls": [{"n": 2776, "r": 0.01, "az": 81, "ext": 2.33}, {"n": 10, "r": 2.45, "az": -75, "ext": 0.1}]}
{"c": 69, "x": 10.44, "y": 7.83, "H": -48.4, "cls": [{"n": 2779, "r": 0.02, "az": -65, "ext": 2.44}, {"n": 9, "r": 2.49, "az": -141, "ext": 0.09}]}
{"c": 70, "x": 10.45, "y": 7.82, "H": -39.0, "cls": [{"n": 2774, "r": 0.02, "az": -75, "ext": 2.39}, {"n": 10, "r": 2.51, "az": -149, "ext": 0.13}]}
{"c": 71, "x": 10.47, "y": 7.81, "H": -37.7, "cls": [{"n": 2768, "r": 0.02, "az": -77, "ext": 2.39}, {"n": 2, "r": 1.71, "az": -149, "ext": 0.05}, {"n": 9, "r": 2.49, "az": -149, "ext": 0.09}]}
{"c": 72, "x": 10.46, "y": 7.82, "H": -45.0, "cls": [{"n": 2700, "r": 0.05, "az": -4, "ext": 2.13}, {"n": 86, "r": 1.5, "az": -158, "ext": 0.68}, {"n": 5, "r": 2.5, "az": -146, "ext": 0.0}]}
{"c": 73, "x": 10.48, "y": 7.8, "H": -43.5, "cls": [{"n": 2690, "r": 0.05, "az": -3, "ext": 2.12}, {"n": 81, "r": 1.5, "az": -157, "ext": 0.68}, {"n": 9, "r": 2.49, "az": -145, "ext": 0.1}]}
{"c": 74, "x": 10.51, "y": 7.77, "H": -46.4, "cls": [{"n": 2693, "r": 0.04, "az": -2, "ext": 2.14}, {"n": 81, "r": 1.52, "az": -155, "ext": 0.67}, {"n": 10, "r": 2.51, "az": -143, "ext": 0.09}]}
{"c": 75, "x": 10.54, "y": 7.74, "H": -48.1, "cls": [{"n": 2687, "r": 0.04, "az": 0, "ext": 2.16}, {"n": 81, "r": 1.53, "az": -153, "ext": 0.67}, {"n": 10, "r": 2.53, "az": -141, "ext": 0.09}]}
{"c": 76, "x": 10.55, "y": 7.72, "H": -51.0, "cls": [{"n": 2771, "r": 0.02, "az": -100, "ext": 2.47}, {"n": 5, "r": 2.53, "az": -138, "ext": 0.01}]}
{"c": 77, "x": 10.55, "y": 7.72, "H": -55.8, "cls": [{"n": 2787, "r": 0.02, "az": -100, "ext": 2.49}, {"n": 5, "r": 2.54, "az": -136, "ext": 0.02}]}
{"c": 78, "x": 10.57, "y": 7.69, "H": -59.2, "cls": [{"n": 2781, "r": 0.02, "az": -110, "ext": 2.45}, {"n": 5, "r": 2.55, "az": -134, "ext": 0.02}]}
{"c": 79, "x": 10.57, "y": 7.69, "H": -58.0, "cls": [{"n": 2773, "r": 0.02, "az": -109, "ext": 2.43}, {"n": 5, "r": 2.55, "az": -132, "ext": 0.02}]}
{"c": 80, "x": 10.56, "y": 7.72, "H": -64.7, "cls": [{"n": 2779, "r": 0.02, "az": -94, "ext": 2.44}, {"n": 5, "r": 2.53, "az": -128, "ext": 0.03}]}
{"c": 81, "x": 10.57, "y": 7.68, "H": -66.2, "cls": [{"n": 2773, "r": 0.02, "az": -105, "ext": 2.42}, {"n": 5, "r": 2.54, "az": -126, "ext": 0.02}]}
{"c": 82, "x": 10.59, "y": 7.64, "H": -66.2, "cls": [{"n": 2774, "r": 0.02, "az": -106, "ext": 2.4}, {"n": 5, "r": 2.55, "az": -124, "ext": 0.02}]}
{"c": 83, "x": 10.6, "y": 7.6, "H": -71.4, "cls": [{"n": 2775, "r": 0.02, "az": -112, "ext": 2.33}, {"n": 5, "r": 2.59, "az": -122, "ext": 0.03}]}
{"c": 84, "x": 10.62, "y": 7.57, "H": -68.9, "cls": [{"n": 2778, "r": 0.03, "az": -131, "ext": 2.32}, {"n": 1, "r": 1.73, "az": -44, "ext": 0.0}, {"n": 4, "r": 2.16, "az": -44, "ext": 0.02}]}
{"c": 85, "x": 10.63, "y": 7.53, "H": -68.4, "cls": [{"n": 2775, "r": 0.03, "az": -141, "ext": 2.38}, {"n": 1, "r": 1.71, "az": -48, "ext": 0.0}, {"n": 5, "r": 2.14, "az": -48, "ext": 0.02}]}
{"c": 86, "x": 10.63, "y": 7.55, "H": -71.7, "cls": [{"n": 2768, "r": 0.03, "az": -135, "ext": 2.35}, {"n": 1, "r": 1.73, "az": -46, "ext": 0.0}, {"n": 5, "r": 2.16, "az": -46, "ext": 0.01}]}
{"c": 87, "x": 10.62, "y": 7.56, "H": -70.3, "cls": [{"n": 2770, "r": 0.03, "az": -137, "ext": 2.31}, {"n": 1, "r": 1.24, "az": -44, "ext": 0.0}, {"n": 1, "r": 1.72, "az": -44, "ext": 0.0}, {"n": 5, "r": 2.16, "az": -44, "ext": 0.01}]}
{"c": 88, "x": 10.62, "y": 7.58, "H": -74.3, "cls": [{"n": 2756, "r": 0.03, "az": -130, "ext": 2.31}, {"n": 2, "r": 1.71, "az": -41, "ext": 0.05}, {"n": 10, "r": 2.16, "az": -41, "ext": 0.08}]}
{"c": 89, "x": 10.63, "y": 7.55, "H": -73.5, "cls": [{"n": 2757, "r": 0.03, "az": -137, "ext": 2.31}, {"n": 2, "r": 1.7, "az": -41, "ext": 0.05}, {"n": 10, "r": 2.15, "az": -41, "ext": 0.08}]}
{"c": 90, "x": 10.64, "y": 7.52, "H": -71.5, "cls": [{"n": 2768, "r": 0.03, "az": -139, "ext": 2.33}, {"n": 1, "r": 1.22, "az": -44, "ext": 0.0}, {"n": 1, "r": 1.72, "az": -44, "ext": 0.0}, {"n": 5, "r": 2.15, "az": -44, "ext": 0.02}]}
{"c": 91, "x": 10.63, "y": 7.53, "H": -74.3, "cls": [{"n": 2751, "r": 0.03, "az": -137, "ext": 2.26}, {"n": 2, "r": 1.72, "az": -41, "ext": 0.05}, {"n": 10, "r": 2.15, "az": -41, "ext": 0.07}]}
{"c": 92, "x": 10.64, "y": 7.49, "H": -72.8, "cls": [{"n": 2690, "r": 0.02, "az": 79, "ext": 2.13}, {"n": 72, "r": 1.63, "az": -131, "ext": 0.51}, {"n": 2, "r": 1.71, "az": -43, "ext": 0.05}, {"n": 10, "r": 2.12, "az": -43, "ext": 0.08}]}
{"c": 93, "x": 10.65, "y": 7.48, "H": -72.1, "cls": [{"n": 2752, "r": 0.03, "az": -153, "ext": 2.32}, {"n": 2, "r": 1.22, "az": -45, "ext": 0.05}, {"n": 2, "r": 1.71, "az": -45, "ext": 0.05}, {"n": 10, "r": 2.12, "az": -45, "ext": 0.09}]}
{"c": 94, "x": 10.48, "y": 7.69, "H": -33.9, "cls": [{"n": 2646, "r": 0.06, "az": 17, "ext": 1.69}, {"n": 128, "r": 1.4, "az": -173, "ext": 0.76}, {"n": 5, "r": 2.5, "az": -158, "ext": 0.02}]}
{"c": 95, "x": 10.48, "y": 7.56, "H": -90.1, "cls": [{"n": 2016, "r": 0.14, "az": 114, "ext": 1.9}, {"n": 77, "r": 1.55, "az": -113, "ext": 0.44}, {"n": 485, "r": 0.21, "az": -58, "ext": 0.36}]}
{"c": 96, "x": 10.48, "y": 7.53, "H": -76.8, "cls": [{"n": 2573, "r": 0.05, "az": 128, "ext": 2.31}]}
{"c": 97, "x": 12.36, "y": 6.99, "H": -103.4, "cls": [{"n": 2170, "r": 0.15, "az": 112, "ext": 1.62}, {"n": 2, "r": 1.21, "az": -11, "ext": 0.05}, {"n": 14, "r": 1.94, "az": -11, "ext": 0.28}]}
{"c": 98, "x": 12.61, "y": 7.35, "H": -50.1, "cls": [{"n": 1919, "r": 0.19, "az": 58, "ext": 1.82}, {"n": 258, "r": 0.15, "az": -93, "ext": 0.17}, {"n": 1, "r": 1.23, "az": -68, "ext": 0.0}, {"n": 1, "r": 1.73, "az": -68, "ext": 0.0}, {"n": 6, "r": 1.99, "az": -68, "ext": 0.01}]}
{"c": 99, "x": 12.6, "y": 7.36, "H": -48.5, "cls": [{"n": 1926, "r": 0.19, "az": 61, "ext": 1.84}, {"n": 10, "r": 1.22, "az": 180, "ext": 0.01}, {"n": 316, "r": 0.15, "az": -91, "ext": 0.17}, {"n": 1, "r": 1.22, "az": -66, "ext": 0.0}, {"n": 1, "r": 1.7, "az": -66, "ext": 0.0}, {"n": 6, "r": 1.98, "az": -66, "ext": 0.04}]}
{"c": 100, "x": 12.58, "y": 7.38, "H": -48.8, "cls": [{"n": 1944, "r": 0.18, "az": 64, "ext": 1.88}, {"n": 19, "r": 1.27, "az": -175, "ext": 0.12}, {"n": 362, "r": 0.15, "az": -87, "ext": 0.17}]}
{"c": 101, "x": 12.58, "y": 7.38, "H": -53.7, "cls": [{"n": 1968, "r": 0.17, "az": 69, "ext": 2.17}, {"n": 369, "r": 0.15, "az": -88, "ext": 0.17}, {"n": 1, "r": 1.24, "az": -62, "ext": 0.0}, {"n": 1, "r": 1.72, "az": -62, "ext": 0.0}, {"n": 6, "r": 2.0, "az": -62, "ext": 0.01}]}
{"c": 102, "x": 12.56, "y": 7.4, "H": -54.9, "cls": [{"n": 1985, "r": 0.17, "az": 73, "ext": 2.18}, {"n": 8, "r": 1.52, "az": -166, "ext": 0.03}, {"n": 408, "r": 0.16, "az": -84, "ext": 0.19}]}
{"c": 103, "x": 12.56, "y": 7.41, "H": -58.5, "cls": [{"n": 1982, "r": 0.16, "az": 74, "ext": 2.2}, {"n": 8, "r": 1.53, "az": -164, "ext": 0.02}, {"n": 393, "r": 0.16, "az": -84, "ext": 0.18}, {"n": 1, "r": 1.21, "az": -58, "ext": 0.0}, {"n": 1, "r": 1.71, "az": -58, "ext": 0.0}, {"n": 5, "r": 2.0, "az": -58, "ext": 0.01}]}
{"c": 104, "x": 12.55, "y": 7.43, "H": -61.8, "cls": [{"n": 2006, "r": 0.15, "az": 84, "ext": 2.46}, {"n": 406, "r": 0.16, "az": -80, "ext": 0.18}]}
{"c": 105, "x": 12.54, "y": 7.44, "H": -60.3, "cls": [{"n": 2018, "r": 0.15, "az": 88, "ext": 2.45}, {"n": 413, "r": 0.16, "az": -78, "ext": 0.19}]}
{"c": 106, "x": 12.53, "y": 7.47, "H": -62.4, "cls": [{"n": 2071, "r": 0.13, "az": 96, "ext": 2.43}, {"n": 391, "r": 0.17, "az": -74, "ext": 0.18}]}
{"c": 107, "x": 12.52, "y": 7.49, "H": -64.2, "cls": [{"n": 2475, "r": 0.08, "az": 96, "ext": 2.44}]}
{"c": 108, "x": 12.51, "y": 7.5, "H": -66.2, "cls": [{"n": 2442, "r": 0.09, "az": 84, "ext": 2.2}, {"n": 50, "r": 1.58, "az": -146, "ext": 0.34}]}
{"c": 109, "x": 12.5, "y": 7.52, "H": -64.3, "cls": [{"n": 2519, "r": 0.07, "az": 106, "ext": 2.4}]}
{"c": 110, "x": 12.5, "y": 7.53, "H": -66.0, "cls": [{"n": 2544, "r": 0.06, "az": 108, "ext": 2.36}]}
{"c": 111, "x": 12.49, "y": 7.54, "H": -65.9, "cls": [{"n": 2538, "r": 0.06, "az": 108, "ext": 2.39}]}
{"c": 112, "x": 12.49, "y": 7.55, "H": -68.5, "cls": [{"n": 2547, "r": 0.06, "az": 110, "ext": 2.4}]}
{"c": 113, "x": 12.48, "y": 7.57, "H": -65.2, "cls": [{"n": 2552, "r": 0.06, "az": 110, "ext": 2.38}]}
{"c": 114, "x": 12.48, "y": 7.58, "H": -69.4, "cls": [{"n": 2087, "r": 0.11, "az": 105, "ext": 2.39}, {"n": 475, "r": 0.2, "az": -86, "ext": 0.44}]}
{"c": 115, "x": 12.48, "y": 7.58, "H": -69.7, "cls": [{"n": 2083, "r": 0.11, "az": 106, "ext": 2.41}, {"n": 474, "r": 0.2, "az": -85, "ext": 0.44}]}
{"c": 116, "x": 12.47, "y": 7.6, "H": -68.5, "cls": [{"n": 2074, "r": 0.12, "az": 108, "ext": 2.39}, {"n": 480, "r": 0.2, "az": -84, "ext": 0.44}]}
{"c": 117, "x": 12.47, "y": 7.61, "H": -69.5, "cls": [{"n": 2566, "r": 0.05, "az": 121, "ext": 2.39}]}
{"c": 118, "x": 12.46, "y": 7.62, "H": -68.0, "cls": [{"n": 2081, "r": 0.11, "az": 108, "ext": 2.41}, {"n": 485, "r": 0.2, "az": -85, "ext": 0.44}]}
{"c": 119, "x": 12.46, "y": 7.63, "H": -63.3, "cls": [{"n": 2097, "r": 0.11, "az": 107, "ext": 2.43}, {"n": 465, "r": 0.2, "az": -87, "ext": 0.42}]}
{"c": 120, "x": 12.45, "y": 7.65, "H": -63.8, "cls": [{"n": 2085, "r": 0.11, "az": 105, "ext": 2.45}, {"n": 476, "r": 0.21, "az": -88, "ext": 0.45}]}
{"c": 121, "x": 12.43, "y": 7.68, "H": -60.5, "cls": [{"n": 2085, "r": 0.11, "az": 103, "ext": 2.47}, {"n": 472, "r": 0.2, "az": -91, "ext": 0.44}]}
{"c": 122, "x": 12.43, "y": 7.69, "H": -61.5, "cls": [{"n": 2098, "r": 0.11, "az": 101, "ext": 2.45}, {"n": 466, "r": 0.2, "az": -91, "ext": 0.42}]}
{"c": 123, "x": 12.42, "y": 7.71, "H": -61.4, "cls": [{"n": 2571, "r": 0.05, "az": 114, "ext": 2.44}]}
{"c": 124, "x": 12.41, "y": 7.72, "H": -59.5, "cls": [{"n": 2085, "r": 0.11, "az": 101, "ext": 2.47}, {"n": 486, "r": 0.2, "az": -92, "ext": 0.45}]}
{"c": 125, "x": 12.4, "y": 7.73, "H": -58.1, "cls": [{"n": 2101, "r": 0.11, "az": 101, "ext": 2.46}, {"n": 466, "r": 0.2, "az": -94, "ext": 0.44}]}
{"c": 126, "x": 12.39, "y": 7.75, "H": -53.1, "cls": [{"n": 2447, "r": 0.1, "az": 61, "ext": 1.95}, {"n": 126, "r": 1.4, "az": -155, "ext": 0.78}]}
{"c": 127, "x": 12.41, "y": 7.72, "H": -52.5, "cls": [{"n": 2008, "r": 0.15, "az": 74, "ext": 2.2}, {"n": 86, "r": 1.52, "az": -152, "ext": 0.58}, {"n": 466, "r": 0.2, "az": -95, "ext": 0.43}]}
{"c": 128, "x": 12.43, "y": 7.69, "H": -55.3, "cls": [{"n": 1970, "r": 0.16, "az": 67, "ext": 1.9}, {"n": 128, "r": 1.4, "az": -155, "ext": 0.72}, {"n": 467, "r": 0.2, "az": -96, "ext": 0.43}]}
{"c": 129, "x": 12.45, "y": 7.66, "H": -55.2, "cls": [{"n": 2569, "r": 0.05, "az": 112, "ext": 2.48}]}
{"c": 130, "x": 12.47, "y": 7.63, "H": -55.8, "cls": [{"n": 2590, "r": 0.05, "az": 106, "ext": 2.47}]}
{"c": 131, "x": 12.49, "y": 7.6, "H": -55.4, "cls": [{"n": 2482, "r": 0.08, "az": 57, "ext": 1.9}, {"n": 112, "r": 1.42, "az": -156, "ext": 0.69}]}
{"c": 132, "x": 12.51, "y": 7.58, "H": -55.7, "cls": [{"n": 2601, "r": 0.04, "az": 111, "ext": 2.45}]}
{"c": 133, "x": 12.52, "y": 7.56, "H": -60.1, "cls": [{"n": 2612, "r": 0.04, "az": 112, "ext": 2.46}, {"n": 1, "r": 1.72, "az": -60, "ext": 0.0}, {"n": 4, "r": 2.09, "az": -60, "ext": 0.03}]}
{"c": 134, "x": 12.51, "y": 7.56, "H": 22.6, "cls": [{"n": 2606, "r": 0.04, "az": 28, "ext": 2.38}, {"n": 1, "r": 1.72, "az": -138, "ext": 0.0}, {"n": 5, "r": 2.09, "az": -138, "ext": 0.02}]}
{"c": 135, "x": 12.45, "y": 7.47, "H": 54.7, "cls": [{"n": 2009, "r": 0.15, "az": -33, "ext": 2.02}, {"n": 58, "r": 1.58, "az": 95, "ext": 0.39}, {"n": 451, "r": 0.18, "az": 156, "ext": 0.4}]}
{"c": 136, "x": 12.47, "y": 7.49, "H": -27.9, "cls": [{"n": 2474, "r": 0.09, "az": 32, "ext": 1.61}, {"n": 36, "r": 1.25, "az": 166, "ext": 0.43}, {"n": 58, "r": 1.58, "az": 175, "ext": 0.37}]}
{"c": 137, "x": 12.5, "y": 7.48, "H": -26.3, "cls": [{"n": 2489, "r": 0.08, "az": 33, "ext": 1.6}, {"n": 91, "r": 1.45, "az": 172, "ext": 0.52}, {"n": 1, "r": 1.21, "az": -88, "ext": 0.0}, {"n": 1, "r": 1.72, "az": -88, "ext": 0.0}, {"n": 4, "r": 2.05, "az": -88, "ext": 0.02}]}
{"c": 138, "x": 12.52, "y": 7.47, "H": -25.7, "cls": [{"n": 2546, "r": 0.07, "az": 29, "ext": 1.59}, {"n": 94, "r": 1.45, "az": 172, "ext": 0.55}, {"n": 1, "r": 1.22, "az": -90, "ext": 0.0}, {"n": 1, "r": 1.72, "az": -90, "ext": 0.0}, {"n": 5, "r": 2.08, "az": -90, "ext": 0.02}]}
{"c": 139, "x": 12.54, "y": 7.45, "H": -30.4, "cls": [{"n": 2705, "r": 0.04, "az": 98, "ext": 2.22}, {"n": 2, "r": 1.22, "az": -91, "ext": 0.04}, {"n": 2, "r": 1.72, "az": -91, "ext": 0.06}, {"n": 10, "r": 2.07, "az": -91, "ext": 0.07}]}
{"c": 140, "x": 8.93, "y": 7.32, "H": -115.3, "cls": [{"n": 2653, "r": 0.04, "az": 139, "ext": 1.77}, {"n": 58, "r": 1.63, "az": -97, "ext": 0.38}, {"n": 2, "r": 1.22, "az": -5, "ext": 0.04}, {"n": 2, "r": 1.71, "az": -5, "ext": 0.06}, {"n": 10, "r": 2.06, "az": -5, "ext": 0.07}]}
{"c": 141, "x": 8.91, "y": 7.42, "H": -82.8, "cls": [{"n": 2716, "r": 0.01, "az": 130, "ext": 2.12}, {"n": 49, "r": 1.65, "az": -122, "ext": 0.33}, {"n": 2, "r": 1.72, "az": -35, "ext": 0.04}, {"n": 10, "r": 2.13, "az": -35, "ext": 0.07}]}
{"c": 142, "x": 8.91, "y": 7.43, "H": 6.3, "cls": [{"n": 2766, "r": 0.03, "az": 129, "ext": 2.06}, {"n": 2, "r": 1.71, "az": -119, "ext": 0.06}, {"n": 10, "r": 2.12, "az": -119, "ext": 0.08}]}
{"c": 143, "x": 7.77, "y": 8.36, "H": 96.0, "cls": [{"n": 2705, "r": 0.02, "az": -79, "ext": 1.95}, {"n": 65, "r": 1.62, "az": 62, "ext": 0.35}, {"n": 2, "r": 1.72, "az": 151, "ext": 0.05}, {"n": 10, "r": 2.11, "az": 151, "ext": 0.07}]}
{"c": 144, "x": 9.36, "y": 6.32, "H": 13.8, "cls": [{"n": 2773, "r": 0.03, "az": 120, "ext": 2.21}, {"n": 2, "r": 1.71, "az": -129, "ext": 0.05}, {"n": 10, "r": 2.12, "az": -129, "ext": 0.07}]}
{"c": 145, "x": 3.39, "y": -1.21, "H": -66.4, "cls": [{"n": 2763, "r": 0.03, "az": -161, "ext": 2.38}, {"n": 2, "r": 1.21, "az": -47, "ext": 0.04}, {"n": 2, "r": 1.71, "az": -47, "ext": 0.05}, {"n": 10, "r": 2.12, "az": -47, "ext": 0.07}]}
{"c": 146, "x": 3.38, "y": -1.21, "H": 15.9, "cls": [{"n": 2772, "r": 0.03, "az": 114, "ext": 2.33}, {"n": 2, "r": 1.72, "az": -133, "ext": 0.05}, {"n": 10, "r": 2.12, "az": -133, "ext": 0.08}]}
{"c": 147, "x": -4.39, "y": 0.35, "H": 100.3, "cls": [{"n": 2704, "r": 0.02, "az": -84, "ext": 2.18}, {"n": 56, "r": 1.65, "az": 53, "ext": 0.38}, {"n": 2, "r": 1.72, "az": 141, "ext": 0.05}, {"n": 10, "r": 2.12, "az": 141, "ext": 0.06}]}
{"c": 148, "x": 4.69, "y": -2.05, "H": 13.9, "cls": [{"n": 2775, "r": 0.03, "az": 112, "ext": 2.32}, {"n": 1, "r": 1.22, "az": -136, "ext": 0.0}, {"n": 2, "r": 1.71, "az": -135, "ext": 0.05}, {"n": 10, "r": 2.12, "az": -135, "ext": 0.08}]}
{"c": 149, "x": 4.7, "y": -2.06, "H": -67.0, "cls": [{"n": 2686, "r": 0.02, "az": 75, "ext": 2.18}, {"n": 70, "r": 1.62, "az": -137, "ext": 0.46}, {"n": 2, "r": 1.71, "az": -49, "ext": 0.05}, {"n": 10, "r": 2.12, "az": -49, "ext": 0.09}]}
{"c": 150, "x": 8.69, "y": 0.38, "H": 20.1, "cls": [{"n": 2712, "r": 0.02, "az": -1, "ext": 2.13}, {"n": 61, "r": 1.62, "az": 138, "ext": 0.39}, {"n": 2, "r": 1.72, "az": -133, "ext": 0.06}, {"n": 10, "r": 2.13, "az": -133, "ext": 0.07}]}
{"c": 151, "x": 6.74, "y": 1.94, "H": 81.5, "cls": [{"n": 2757, "r": 0.04, "az": 8, "ext": 2.06}, {"n": 3, "r": 1.22, "az": 160, "ext": 0.08}, {"n": 3, "r": 1.7, "az": 160, "ext": 0.1}, {"n": 15, "r": 2.06, "az": 160, "ext": 0.14}]}
{"c": 152, "x": 9.32, "y": 0.57, "H": 36.6, "cls": [{"n": 2752, "r": 0.05, "az": 123, "ext": 2.48}, {"n": 3, "r": 1.23, "az": -158, "ext": 0.08}, {"n": 3, "r": 1.71, "az": -158, "ext": 0.12}, {"n": 15, "r": 2.15, "az": -158, "ext": 0.16}]}
{"c": 153, "x": 9.16, "y": 0.62, "H": -26.3, "cls": [{"n": 2670, "r": 0.03, "az": 27, "ext": 1.85}, {"n": 72, "r": 1.6, "az": -179, "ext": 0.51}, {"n": 1, "r": 1.23, "az": -88, "ext": 0.0}, {"n": 1, "r": 1.71, "az": -88, "ext": 0.0}, {"n": 5, "r": 2.13, "az": -88, "ext": 0.04}]}
{"c": 154, "x": 8.14, "y": 2.06, "H": 40.5, "cls": [{"n": 2695, "r": 0.01, "az": -113, "ext": 2.17}, {"n": 70, "r": 1.63, "az": 117, "ext": 0.58}, {"n": 1, "r": 1.71, "az": -156, "ext": 0.0}, {"n": 5, "r": 2.17, "az": -156, "ext": 0.02}]}
{"c": 155, "x": 8.17, "y": 2.09, "H": 41.9, "cls": [{"n": 2693, "r": 0.02, "az": -153, "ext": 2.15}, {"n": 71, "r": 1.64, "az": 115, "ext": 0.58}, {"n": 2, "r": 1.71, "az": -159, "ext": 0.05}, {"n": 10, "r": 2.18, "az": -159, "ext": 0.08}]}
{"c": 156, "x": 8.16, "y": 2.09, "H": 39.1, "cls": [{"n": 2700, "r": 0.02, "az": -158, "ext": 2.15}, {"n": 71, "r": 1.65, "az": 115, "ext": 0.61}, {"n": 1, "r": 1.73, "az": -160, "ext": 0.0}, {"n": 5, "r": 2.19, "az": -160, "ext": 0.02}]}
{"c": 157, "x": 8.16, "y": 2.09, "H": 32.5, "cls": [{"n": 2745, "r": 0.04, "az": 141, "ext": 2.46}, {"n": 4, "r": 2.64, "az": 132, "ext": 0.01}, {"n": 2, "r": 1.22, "az": -153, "ext": 0.04}, {"n": 2, "r": 1.72, "az": -153, "ext": 0.05}, {"n": 10, "r": 2.18, "az": -153, "ext": 0.09}]}
{"c": 158, "x": 8.16, "y": 2.08, "H": 34.4, "cls": [{"n": 2750, "r": 0.04, "az": 142, "ext": 2.45}, {"n": 2, "r": 1.71, "az": -151, "ext": 0.06}, {"n": 10, "r": 2.18, "az": -151, "ext": 0.08}]}
{"c": 159, "x": 8.16, "y": 2.09, "H": 32.3, "cls": [{"n": 2759, "r": 0.04, "az": 145, "ext": 2.43}, {"n": 2, "r": 1.72, "az": -147, "ext": 0.06}, {"n": 10, "r": 2.18, "az": -147, "ext": 0.08}]}
{"c": 160, "x": 7.66, "y": 2.59, "H": 85.5, "cls": [{"n": 2683, "r": 0.02, "az": -179, "ext": 1.82}, {"n": 73, "r": 1.62, "az": 73, "ext": 0.49}, {"n": 5, "r": 2.59, "az": 84, "ext": 0.03}, {"n": 1, "r": 1.72, "az": 160, "ext": 0.0}, {"n": 5, "r": 2.19, "az": 160, "ext": 0.01}]}
{"c": 161, "x": -23.02, "y": -11.47, "H": 21.3, "cls": [{"n": 2748, "r": 0.04, "az": 157, "ext": 2.38}, {"n": 2, "r": 1.72, "az": -137, "ext": 0.05}, {"n": 10, "r": 2.18, "az": -137, "ext": 0.08}]}
{"c": 162, "x": 9.23, "y": -1.31, "H": -33.8, "cls": [{"n": 2775, "r": 0.01, "az": -143, "ext": 2.3}, {"n": 5, "r": 2.54, "az": -158, "ext": 0.03}]}
{"c": 163, "x": 9.29, "y": -1.24, "H": 21.7, "cls": [{"n": 2769, "r": 0.04, "az": -158, "ext": 2.32}, {"n": 10, "r": 2.57, "az": 153, "ext": 0.09}]}
{"c": 164, "x": 9.33, "y": -1.22, "H": 23.1, "cls": [{"n": 2771, "r": 0.05, "az": -168, "ext": 2.38}, {"n": 5, "r": 2.57, "az": 150, "ext": 0.03}]}
{"c": 165, "x": 9.23, "y": -1.31, "H": 42.7, "cls": [{"n": 2656, "r": 0.05, "az": -76, "ext": 1.78}, {"n": 116, "r": 1.44, "az": 106, "ext": 0.77}, {"n": 5, "r": 2.54, "az": 120, "ext": 0.02}]}
{"c": 166, "x": 11.32, "y": -6.73, "H": -6.2, "cls": [{"n": 2772, "r": 0.01, "az": 172, "ext": 2.26}, {"n": 5, "r": 2.5, "az": 178, "ext": 0.02}]}
{"c": 167, "x": -23.08, "y": -4.69, "H": -3.4, "cls": [{"n": 2773, "r": 0.01, "az": 107, "ext": 2.08}, {"n": 1, "r": 1.72, "az": 172, "ext": 0.0}, {"n": 5, "r": 2.49, "az": 172, "ext": 0.02}]}
{"c": 168, "x": 10.09, "y": -11.68, "H": -22.0, "cls": [{"n": 2794, "r": 0.07, "az": 82, "ext": 2.39}, {"n": 10, "r": 2.36, "az": -167, "ext": 0.09}]}
{"c": 169, "x": 10.17, "y": -11.71, "H": -18.5, "cls": [{"n": 2783, "r": 0.06, "az": 72, "ext": 2.33}, {"n": 5, "r": 2.39, "az": -172, "ext": 0.03}]}
{"c": 170, "x": 10.33, "y": -11.67, "H": 18.6, "cls": [{"n": 2778, "r": 0.01, "az": -116, "ext": 2.37}, {"n": 2, "r": 1.72, "az": 151, "ext": 0.05}, {"n": 10, "r": 2.48, "az": 151, "ext": 0.08}]}
{"c": 171, "x": 10.34, "y": -11.67, "H": 36.4, "cls": [{"n": 2774, "r": 0.01, "az": -147, "ext": 2.46}, {"n": 10, "r": 2.5, "az": 135, "ext": 0.11}]}
{"c": 172, "x": 10.5, "y": -16.54, "H": -32.0, "cls": [{"n": 2651, "r": 0.06, "az": -15, "ext": 1.66}, {"n": 122, "r": 1.39, "az": -173, "ext": 0.76}, {"n": 9, "r": 2.5, "az": -159, "ext": 0.1}]}
{"c": 173, "x": 10.47, "y": -16.54, "H": 0.8, "cls": [{"n": 2689, "r": 0.02, "az": 113, "ext": 2.28}, {"n": 10, "r": 2.5, "az": 175, "ext": 0.08}, {"n": 90, "r": 1.19, "az": -86, "ext": 0.33}]}
{"c": 174, "x": 10.48, "y": -16.54, "H": 4.4, "cls": [{"n": 2675, "r": 0.03, "az": 114, "ext": 2.28}, {"n": 10, "r": 2.51, "az": 171, "ext": 0.1}, {"n": 99, "r": 1.19, "az": -91, "ext": 0.37}]}
{"c": 175, "x": 10.49, "y": -16.53, "H": 8.1, "cls": [{"n": 2664, "r": 0.03, "az": 111, "ext": 2.2}, {"n": 10, "r": 2.51, "az": 163, "ext": 0.08}, {"n": 99, "r": 1.19, "az": -99, "ext": 0.38}]}
{"c": 176, "x": 10.5, "y": -16.53, "H": 14.6, "cls": [{"n": 2772, "r": 0.03, "az": -137, "ext": 2.3}, {"n": 10, "r": 2.5, "az": 157, "ext": 0.08}]}
