{"c": 20, "x": 0.00027455302579202116, "y": -0.0004209992977164799, "H": 125.3, "fc": 9.9, "l": 0.15311433636338564, "r": 9.9, "d0": "0", "d5": "0", "goal": "0", "here": "0", "tick": "598053"}
{"c": 40, "x": 0.00026614480744855957, "y": -0.00042725493358328464, "H": 124.4, "fc": 0.15078461459976614, "l": 0.15078461459976614, "r": 9.9, "d0": "0", "d5": "0", "goal": "0", "here": "0", "tick": "598363"}
{"ev": "UNSTICK"}
{"c": 60, "x": 6.722505703546703e-05, "y": 4.23955108805014e-05, "H": 122.4, "fc": 9.9, "l": 0.1553479964466874, "r": 9.9, "d0": "0", "d5": "0", "goal": "0", "here": "0", "tick": "598782"}
{"c": 80, "x": 0.00026100631918357935, "y": -0.0004321131990697508, "H": 121.3, "fc": 0.16285576440519384, "l": 0.1522005256232711, "r": 9.9, "d0": "0", "d5": "0", "goal": "0", "here": "0", "tick": "599091"}
{"ev": "UNSTICK"}
{"c": 100, "x": 0.00022425876197326565, "y": 0.0001510390118283065, "H": 127.6, "fc": 9.9, "l": 0.4718315377335432, "r": 9.9, "d0": "0", "d5": "0", "goal": "0", "here": "0", "tick": "599510"}
{"c": 120, "x": -0.0004228134352902735, "y": 0.0009124006042433676, "H": 125.7, "fc": 0.1530130713370593, "l": 0.1522005256232711, "r": 9.9, "d0": "0", "d5": "0", "goal": "0", "here": "0", "tick": "599816"}
{"ev": "UNSTICK"}
{"c": 140, "x": 0.0005995864594703965, "y": -0.0008093596545767408, "H": 122.8, "fc": 0.15122169156572743, "l": 0.15122169156572743, "r": 9.9, "d0": "0", "d5": "0", "goal": "0", "here": "0", "tick": "600223"}
{"c": 160, "x": -0.0002739627457112463, "y": 0.0004015749496752491, "H": 127.5, "fc": 0.1543826415112787, "l": 0.1520855022676389, "r": 9.9, "d0": "0", "d5": "0", "goal": "0", "here": "0", "tick": "600535"}
{"ev": "UNSTICK"}
{"c": 180, "x": 0.0003006155284819934, "y": -0.00041745836154908917, "H": 122.7, "fc": 9.9, "l": 0.4807754153448364, "r": 9.9, "d0": "0", "d5": "0", "goal": "0", "here": "0", "tick": "600949"}
{"ev": "UNSTICK"}
{"c": 200, "x": 7.333867898943986e-05, "y": 2.8455903467194542e-05, "H": 125.8, "fc": 0.15532224567009068, "l": 0.15532224567009068, "r": 9.9, "d0": "0", "d5": "0", "goal": "0", "here": "0", "tick": "601261"}
{"c": 220, "x": -0.00041129692016396316, "y": 0.000910743024311083, "H": 125.6, "fc": 0.1521610988393551, "l": 0.15128780519261956, "r": 9.9, "d0": "0", "d5": "0", "goal": "0", "here": "0", "tick": "601672"}
{"ev": "UNSTICK"}
{"c": 240, "x": -0.00010065232783875127, "y": 0.0005143975279842978, "H": 126.8, "fc": 9.9, "l": 0.47853944456021597, "r": 9.9, "d0": "0", "d5": "0", "goal": "0", "here": "0", "tick": "602085"}
{"c": 260, "x": 0.00029363857703027055, "y": -0.0004194531154350394, "H": 121.1, "fc": 9.9, "l": 0.47853944456021597, "r": 9.9, "d0": "0", "d5": "0", "goal": "0", "here": "0", "tick": "602393"}
{"ev": "UNSTICK"}
{"c": 280, "x": -3.363825550789778e-05, "y": -3.40100155444756e-05, "H": 123.5, "fc": 0.15524174696260024, "l": 0.15128780519261956, "r": 9.9, "d0": "0", "d5": "0", "goal": "0", "here": "0", "tick": "602798"}
{"c": 300, "x": -0.0003043670477437432, "y": 0.0003860564000296234, "H": 124.9, "fc": 0.1530130713370593, "l": 0.1530130713370593, "r": 9.9, "d0": "0", "d5": "0", "goal": "0", "here": "0", "tick": "603112"}
{"ev": "UNSTICK"}
{"c": 320, "x": 0.00020156381163384578, "y": -0.00048090805934873307, "H": 122.1, "fc": 0.1530130713370593, "l": 0.1530130713370593, "r": 9.9, "d0": "0", "d5": "0", "goal": "0", "here": "0", "tick": "603529"}
{"c": 340, "x": -0.00037591255649496784, "y": 0.00033468417188660274, "H": 124.4, "fc": 9.9, "l": 0.154434452114805, "r": 9.9, "d0": "0", "d5": "0", "goal": "0", "here": "0", "tick": "603842"}
{"ev": "UNSTICK"}
{"c": 360, "x": 0.00012830544175593874, "y": -0.0005376148884809489, "H": 123.2, "fc": 9.9, "l": 0.15088074761214568, "r": 9.9, "d0": "0", "d5": "0", "goal": "0", "here": "0", "tick": "604255"}
{"c": 380, "x": -0.00017176030620819587, "y": -0.00013793927174352716, "H": 126.4, "fc": 9.9, "l": 0.4704944207958262, "r": 9.9, "d0": "0", "d5": "0", "goal": "0", "here": "0", "tick": "604567"}
{"ev": "UNSTICK"}
{"c": 400, "x": -0.00032807911229085657, "y": -0.0002447560144372141, "H": 126.2, "fc": 0.15078461459976614, "l": 0.15078461459976614, "r": 9.9, "d0": "0", "d5": "0", "goal": "0", "here": "0", "tick": "604978"}
{"c": 420, "x": 0.00011824626585185791, "y": -0.001151334772070924, "H": 124.6, "fc": 9.9, "l": 0.15115885683611133, "r": 9.9, "d0": "0", "d5": "0", "goal": "0", "here": "0", "tick": "605289"}
{"ev": "UNSTICK"}
{"c": 440, "x": -0.0003393087052654448, "y": -0.00024843613728058067, "H": 123.1, "fc": 9.9, "l": 0.15747063218263904, "r": 9.9, "d0": "0", "d5": "0", "goal": "0", "here": "0", "tick": "605700"}
{"c": 460, "x": -0.0003803487737705337, "y": -0.0002747566720079269, "H": 125.1, "fc": 9.9, "l": 0.15088074761214568, "r": 9.9, "d0": "0", "d5": "0", "goal": "0", "here": "0", "tick": "606029"}
{"ev": "UNSTICK"}
{"c": 480, "x": -0.0010097486107375029, "y": 0.0005022963574776752, "H": 126.4, "fc": 9.9, "l": 0.15666843970627906, "r": 9.9, "d0": "0", "d5": "0", "goal": "0", "here": "0", "tick": "606440"}
{"c": 500, "x": -0.0005044080132614597, "y": -0.000360782982586655, "H": 124.9, "fc": 9.9, "l": 0.1522005256232711, "r": 9.9, "d0": "0", "d5": "0", "goal": "0", "here": "0", "tick": "606749"}
{"ev": "UNSTICK"}
{"c": 520, "x": -0.00047838682880201066, "y": -0.0003432348882893585, "H": 121.5, "fc": 9.9, "l": 0.4615506472750309, "r": 9.9, "d0": "0", "d5": "0", "goal": "0", "here": "0", "tick": "607166"}
{"c": 540, "x": -0.0006904293502393334, "y": 0.00011305968220732052, "H": 124.0, "fc": 9.9, "l": 0.15088074761214568, "r": 9.9, "d0": "0", "d5": "0", "goal": "0", "here": "0", "tick": "607482"}
{"ev": "UNSTICK"}
{"c": 560, "x": -0.0006901006857473466, "y": 0.00011411993764525808, "H": 121.0, "fc": 0.1530130713370593, "l": 0.1530130713370593, "r": 9.9, "d0": "0", "d5": "0", "goal": "0", "here": "0", "tick": "607892"}
{"c": 580, "x": -0.0003305407306491439, "y": -0.00023807160732866996, "H": 128.4, "fc": 9.9, "l": 0.1522005256232711, "r": 9.9, "d0": "0", "d5": "0", "goal": "0", "here": "0", "tick": "608205"}
{"ev": "UNSTICK"}
{"c": 600, "x": 3.537164270985091e-05, "y": -0.0005905013901005588, "H": 124.3, "fc": 9.9, "l": 0.16428329190760696, "r": 9.9, "d0": "0", "d5": "0", "goal": null, "here": null, "tick": null}
{"c": 620, "x": -0.0005253646753155117, "y": 0.00023310109161213692, "H": 125.6, "fc": 9.9, "l": 0.158902485820707, "r": 9.9, "d0": "0", "d5": "0", "goal": "0", "here": "0", "tick": "608914"}
{"ev": "UNSTICK"}
{"c": 640, "x": -4.083523390101924e-05, "y": -0.0006475137263368751, "H": 124.5, "fc": 9.9, "l": 0.46378658885310603, "r": 9.9, "d0": "0", "d5": "0", "goal": "0", "here": "0", "tick": "609329"}
{"c": 660, "x": -1.643623836301367e-06, "y": -1.1805571913813115e-05, "H": 129.2, "fc": 9.9, "l": 0.4749663145950458, "r": 9.9, "d0": "0", "d5": "0", "goal": "0", "here": "0", "tick": "609643"}
{"ev": "UNSTICK"}
{"c": 680, "x": 0.00020105669888281666, "y": -0.0004822725145326889, "H": 121.8, "fc": 9.9, "l": 0.15088074761214568, "r": 9.9, "d0": "0", "d5": "0", "goal": "0", "here": "0", "tick": "610055"}
{"c": 700, "x": -0.0004636232740460758, "y": 0.0002722287486924599, "H": 126.9, "fc": 9.9, "l": 0.1620493751916372, "r": 9.9, "d0": "0", "d5": "0", "goal": "0", "here": "0", "tick": "610371"}
{"ev": "UNSTICK"}
{"c": 720, "x": 0.00022507512690580762, "y": -0.00046961343719350863, "H": 123.0, "fc": 9.9, "l": 0.15088074761214568, "r": 9.9, "d0": "0", "d5": "0", "goal": "0", "here": "0", "tick": "610766"}
{"c": 740, "x": -0.00014185601506368217, "y": -0.00011437108391393184, "H": 124.8, "fc": 0.15052574530624319, "l": 0.15052574530624319, "r": 9.9, "d0": "0", "d5": "0", "goal": "0", "here": "0", "tick": "611076"}
{"ev": "UNSTICK"}
{"c": 760, "x": -0.00024224183083935383, "y": 0.00041977662946896313, "H": 125.8, "fc": 9.9, "l": 0.15088074761214568, "r": 9.9, "d0": "0", "d5": "0", "goal": "0", "here": "0", "tick": "611487"}
{"c": 780, "x": -0.0002748969392518675, "y": 0.00040139213789043207, "H": 124.2, "fc": 9.9, "l": 0.1522005256232711, "r": 9.9, "d0": "0", "d5": "", "goal": "0", "here": "0", "tick": "611800"}
{"ev": "UNSTICK"}
{"c": 800, "x": 0.00027959121489672253, "y": -0.00043158389884111247, "H": 125.3, "fc": 9.9, "l": 0.47720226319664494, "r": 9.9, "d0": "0", "d5": "0", "goal": "0", "here": "0", "tick": "612201"}
{"c": 820, "x": 0.00014390848358832568, "y": -0.0005220481479405136, "H": 124.4, "fc": 0.1521610988393551, "l": 0.1521610988393551, "r": 9.9, "d0": "0", "d5": "0", "goal": "0", "here": "0", "tick": "612512"}
{"ev": "UNSTICK"}
{"c": 840, "x": -0.0002947623364076399, "y": 0.00038566504571074854, "H": 123.4, "fc": 9.9, "l": 0.4749663145950458, "r": 9.9, "d0": "0", "d5": "0", "goal": "0", "here": "0", "tick": "612924"}
{"c": 860, "x": 0.00013353587799297948, "y": -0.0005363819908324748, "H": 122.3, "fc": 0.15524174696260024, "l": 0.15524174696260024, "r": 9.9, "d0": "0", "d5": "0", "goal": "0", "here": "0", "tick": "613243"}
{"ev": "UNSTICK"}
{"c": 880, "x": 0.00018880730379034155, "y": -0.0004997530641754459, "H": 124.6, "fc": 9.9, "l": 0.468258475630714, "r": 9.9, "d0": "0", "d5": "0", "goal": "0", "here": "0", "tick": "613830"}
{"c": 20, "x": 0.0003619736853957688, "y": -0.0003603842777394254, "H": 124.4, "fc": 9.9, "l": 0.46869713035178695, "r": 9.9, "d0": "0", "d5": "0", "goal": "0", "here": "0", "tick": "613992"}
{"ev": "UNSTICK"}
{"ev": "UNSTICK"}
{"c": 900, "x": 0.00035018684779712634, "y": -0.00038958619037393713, "H": 123.6, "fc": 9.9, "l": 0.154434452114805, "r": 9.9, "d0": "", "d5": "0", "goal": "0", "here": "0", "tick": "614466"}
{"c": 40, "x": 0.0007066612848458916, "y": -0.000732578907411022, "H": 127.8, "fc": 9.9, "l": 0.47406750574153467, "r": 9.9, "d0": "0", "d5": "0", "goal": "0", "here": "0", "tick": "614658"}
{"ev": "UNSTICK"}
{"ev": "UNSTICK"}
{"c": 920, "x": 5.987244584878957e-05, "y": 2.1979266323760016e-05, "H": 126.7, "fc": 9.9, "l": 9.9, "r": 9.9, "d0": "0", "d5": "0", "goal": "0", "here": "0", "tick": "615093"}
{"c": 60, "x": 0.0005439168314689407, "y": -0.00023559983665987307, "H": 122.2, "fc": 9.9, "l": 0.47720226319664494, "r": 9.9, "d0": "0", "d5": "0", "goal": "0", "here": "0", "tick": "615302"}
{"ev": "UNSTICK"}
{"ev": "UNSTICK"}
{"c": 940, "x": -4.7648925656636155e-06, "y": -0.0006216047676798454, "H": 125.2, "fc": 0.15654072952429984, "l": 0.154434452114805, "r": 9.9, "d0": "0", "d5": "0", "goal": "0", "here": "0", "tick": "615715"}
{"c": 80, "x": -4.3683258474086517e-05, "y": 0.0005746966141809418, "H": 124.9, "fc": 9.9, "l": 0.4718315377335432, "r": 9.9, "d0": "0", "d5": "0", "goal": "0", "here": "0", "tick": "615966"}
{"ev": "UNSTICK"}
{"ev": "UNSTICK"}
{"c": 960, "x": 9.869200533548948e-05, "y": -0.0005535227822825986, "H": 126.6, "fc": 9.9, "l": 9.9, "r": 9.9, "d0": "0", "d5": "0", "goal": "0", "here": "0", "tick": "616373"}
{"c": 100, "x": 0.00041382020128419425, "y": -0.0003155772933894916, "H": 124.4, "fc": 9.9, "l": 0.4718315377335432, "r": 9.9, "d0": "0", "d5": "0", "goal": "0", "here": "0", "tick": "616640"}
{"ev": "UNSTICK"}
{"ev": "UNSTICK"}
{"c": 980, "x": -0.0003966854496234661, "y": 0.00031661462872524933, "H": 122.7, "fc": 9.9, "l": 0.15088074761214568, "r": 9.9, "d0": "0", "d5": "", "goal": "0", "here": "0", "tick": "617047"}
{"c": 120, "x": 0.0004949745058722987, "y": -0.00025655789437949525, "H": 121.4, "fc": 9.9, "l": 0.4727303671227394, "r": 9.9, "d0": "0", "d5": "0", "goal": "0", "here": "0", "tick": "617299"}
{"c": 1000, "x": 4.149576842790389e-06, "y": -2.347630313200282e-05, "H": 124.7, "fc": 0.15078461459976614, "l": 0.15078461459976614, "r": 9.9, "d0": "0", "d5": "0", "goal": "0", "here": "0", "tick": "617600"}
{"ev": "UNSTICK"}
{"ev": "UNSTICK"}
{"c": 140, "x": 0.0007556267202119771, "y": -0.0006867216381987043, "H": 124.4, "fc": 9.9, "l": 0.47406750574153467, "r": 9.9, "d0": "0", "d5": "0", "goal": "0", "here": "0", "tick": "617967"}
{"c": 1020, "x": -7.276806938986236e-05, "y": -8.258511137514786e-05, "H": 124.3, "fc": 0.1530130713370593, "l": 0.1530130713370593, "r": 9.9, "d0": "0", "d5": "0", "goal": "0", "here": "0", "tick": "618248"}
{"ev": "UNSTICK"}
{"ev": "UNSTICK"}
{"c": 160, "x": 5.001885423825162e-05, "y": 4.274790960554506e-05, "H": 127.2, "fc": 9.9, "l": 0.47853944456021597, "r": 9.9, "d0": "0", "d5": "0", "goal": "0", "here": "0", "tick": "618648"}
{"c": 1040, "x": -3.553563338761715e-05, "y": -5.970407732394157e-05, "H": 126.7, "fc": 9.9, "l": 0.15088074761214568, "r": 9.9, "d0": "0", "d5": "", "goal": "0", "here": "0", "tick": "618893"}
{"ev": "UNSTICK"}
{"ev": "UNSTICK"}
{"c": 180, "x": 0.00036862749628689386, "y": -0.00034840614009218107, "H": 123.9, "fc": 9.9, "l": 0.4763034746881446, "r": 9.9, "d0": "0", "d5": "0", "goal": "0", "here": "0", "tick": "619290"}
{"c": 1060, "x": 0.00038771766062956525, "y": -0.0003678324215072733, "H": 126.3, "fc": 9.9, "l": 0.16072958657322553, "r": 9.9, "d0": "0", "d5": "0", "goal": "0", "here": "0", "tick": "619540"}
{"ev": "UNSTICK"}
{"ev": "UNSTICK"}
{"c": 200, "x": 0.0006534040627846338, "y": -0.0007628259266806777, "H": 124.8, "fc": 9.9, "l": 0.47316910296425735, "r": 9.9, "d0": "0", "d5": "0", "goal": "0", "here": "0", "tick": "619967"}
{"c": 1080, "x": 0.0005542994680835619, "y": -0.0002560090967689671, "H": 125.1, "fc": 9.9, "l": 0.154434452114805, "r": 9.9, "d0": "0", "d5": "0", "goal": "0", "here": "0", "tick": "620166"}
{"ev": "UNSTICK"}
{"c": 220, "x": 7.80666969157951e-05, "y": -0.0005460345619568972, "H": 123.4, "fc": 9.9, "l": 0.47853944456021597, "r": 9.9, "d0": "0", "d5": "0", "goal": "0", "here": "0", "tick": "620485"}
{"ev": "UNSTICK"}
{"c": 1100, "x": 0.0006135028609958011, "y": -0.00021738612119790986, "H": 125.7, "fc": 0.1530130713370593, "l": 0.1522005256232711, "r": 9.9, "d0": "0", "d5": "0", "goal": "0", "here": "0", "tick": "620806"}
{"c": 20, "x": 0.20351430997207473, "y": 0.33325883238662535, "H": 45.7, "fc": 0.34502318762657097, "l": 0.3370949421157191, "r": 0.5346073325348241, "d0": "0", "d5": "0", "goal": "0", "here": "0", "tick": "646325"}
{"c": 40, "x": 0.5409480610731894, "y": 0.5767916119914945, "H": 34.4, "fc": 0.20048940121612416, "l": 0.200124960961895, "r": 0.22280035906613796, "d0": "0", "d5": "0", "goal": "0", "here": "0", "tick": "646653"}
{"c": 60, "x": 0.8916968603408383, "y": 0.7785206576094349, "H": 27.2, "fc": 0.2005517389602992, "l": 9.9, "r": 0.2005517389602992, "d0": "0", "d5": "1", "goal": "0", "here": "0", "tick": "646973"}
{"c": 80, "x": 1.2958471928214028, "y": 0.8842543815272063, "H": 359.2, "fc": 9.9, "l": 9.9, "r": 9.9, "d0": "0", "d5": "1", "goal": "0", "here": "0", "tick": "647305"}
{"c": 100, "x": 1.6892856680965822, "y": 0.9249561168777221, "H": 7.2, "fc": 9.9, "l": 9.9, "r": 9.9, "d0": "0", "d5": "1", "goal": "0", "here": "0", "tick": "647618"}
{"c": 120, "x": 2.0875090434331085, "y": 1.0154295559352609, "H": 14.3, "fc": 9.9, "l": 9.9, "r": 9.9, "d0": "0", "d5": "1", "goal": "0", "here": "0", "tick": "647940"}
{"c": 140, "x": 2.5030957680727357, "y": 0.995350306744136, "H": 348.8, "fc": 9.9, "l": 9.9, "r": 9.9, "d0": "0", "d5": "1", "goal": "0", "here": "0", "tick": "648268"}
{"c": 160, "x": 2.8946337350107436, "y": 0.9383472920632344, "H": 2.9, "fc": 9.9, "l": 9.9, "r": 9.9, "d0": "0", "d5": "1", "goal": "0", "here": "0", "tick": "648584"}
{"c": 180, "x": 3.2643312771247444, "y": 1.0960673117077544, "H": 41.5, "fc": 9.9, "l": 9.9, "r": 9.9, "d0": "0", "d5": "1", "goal": "0", "here": "0", "tick": "648908"}
{"c": 200, "x": 3.515507952329439, "y": 1.4182031381742286, "H": 53.8, "fc": 9.9, "l": 9.9, "r": 9.9, "d0": "0", "d5": "1", "goal": "0", "here": "0", "tick": "649231"}
{"c": 220, "x": 3.749709015783418, "y": 1.760099179480871, "H": 57.4, "fc": 9.9, "l": 9.9, "r": 9.9, "d0": "0", "d5": "1", "goal": "0", "here": "0", "tick": "649563"}
{"c": 240, "x": 4.061960537478987, "y": 2.0491266940012727, "H": 23.4, "fc": 9.9, "l": 9.9, "r": 9.9, "d0": "0", "d5": "1", "goal": "0", "here": "0", "tick": "649897"}
{"c": 260, "x": 4.47524528999304, "y": 2.0603228943894716, "H": 341.5, "fc": 9.9, "l": 9.9, "r": 9.9, "d0": "0", "d5": "1", "goal": "0", "here": "0", "tick": "650227"}
{"c": 280, "x": 4.8495021766939415, "y": 1.9041344922560524, "H": 333.4, "fc": 9.9, "l": 9.9, "r": 9.9, "d0": "0", "d5": "1", "goal": "0", "here": "0", "tick": "650547"}
{"c": 300, "x": 5.22545532723206, "y": 1.7434462719697412, "H": 337.5, "fc": 9.9, "l": 9.9, "r": 9.9, "d0": "0", "d5": "1", "goal": "0", "here": "0", "tick": "650886"}
{"c": 320, "x": 5.639135737780454, "y": 1.5693040551354558, "H": 333.9, "fc": 9.9, "l": 0.20180436070610566, "r": 9.9, "d0": "0", "d5": "1", "goal": "0", "here": "0", "tick": "651222"}
{"c": 340, "x": 6.015915371321965, "y": 1.4095948925575397, "H": 336.9, "fc": 9.9, "l": 9.9, "r": 9.9, "d0": "0", "d5": "1", "goal": "0", "here": "0", "tick": "651544"}
{"c": 360, "x": 6.407492630948993, "y": 1.3022012704431245, "H": 353.2, "fc": 9.9, "l": 9.9, "r": 9.9, "d0": "0", "d5": "1", "goal": "0", "here": "0", "tick": "651868"}
{"c": 380, "x": 6.814947358045154, "y": 1.272429458878479, "H": 354.9, "fc": 9.9, "l": 9.9, "r": 9.9, "d0": "0", "d5": "1", "goal": "0", "here": "0", "tick": "652190"}
{"c": 400, "x": 7.2137458858324335, "y": 1.1862385192763083, "H": 338.7, "fc": 9.9, "l": 9.9, "r": 9.9, "d0": "0", "d5": "1", "goal": "0", "here": "0", "tick": "652512"}
{"c": 420, "x": 7.593842096330369, "y": 1.0303651683921398, "H": 336.8, "fc": 9.9, "l": 0.200124960961895, "r": 9.9, "d0": "0", "d5": "1", "goal": "0", "here": "0", "tick": "652834"}
{"c": 440, "x": 7.9604104550668, "y": 0.8981424850252488, "H": 334.5, "fc": 9.9, "l": 9.9, "r": 9.9, "d0": "0", "d5": "1", "goal": "0", "here": "0", "tick": "653157"}
{"c": 460, "x": 8.358919138684959, "y": 0.7268299405612926, "H": 337.6, "fc": 9.9, "l": 9.9, "r": 9.9, "d0": "0", "d5": "1", "goal": "0", "here": "0", "tick": "653483"}
{"c": 480, "x": 8.723123257094063, "y": 0.5736067066327877, "H": 340.6, "fc": 9.9, "l": 9.9, "r": 9.9, "d0": "0", "d5": "1", "goal": "0", "here": "0", "tick": "653795"}
{"c": 500, "x": 9.088350136807202, "y": 0.432371849937617, "H": 334.8, "fc": 9.9, "l": 9.9, "r": 9.9, "d0": "0", "d5": "1", "goal": "0", "here": "0", "tick": "654105"}
{"c": 520, "x": 9.46431784599739, "y": 0.27813874995232973, "H": 341.2, "fc": 9.9, "l": 9.9, "r": 9.9, "d0": "0", "d5": "1", "goal": "0", "here": "0", "tick": "654426"}
{"c": 540, "x": 9.848786457471647, "y": 0.1685721492951157, "H": 353.4, "fc": 9.9, "l": 9.9, "r": 9.9, "d0": "0", "d5": "1", "goal": "0", "here": "0", "tick": "654743"}
{"c": 560, "x": 10.232755289955483, "y": 0.258508844433549, "H": 27.0, "fc": 9.9, "l": 9.9, "r": 9.9, "d0": "0", "d5": "1", "goal": "0", "here": "0", "tick": "655060"}
{"c": 580, "x": 10.495761471749017, "y": 0.5198363415140697, "H": 55.7, "fc": 9.9, "l": 9.9, "r": 9.9, "d0": "0", "d5": "1", "goal": "0", "here": "0", "tick": "655372"}
{"c": 600, "x": 10.739745816413821, "y": 0.8716899247408342, "H": 60.7, "fc": 9.9, "l": 9.9, "r": 0.4891891249813307, "d0": "0", "d5": "1", "goal": "0", "here": "0", "tick": "655694"}
{"c": 620, "x": 10.986312915495452, "y": 1.2000243670673396, "H": 52.0, "fc": 9.9, "l": 9.9, "r": 9.9, "d0": "0", "d5": "1", "goal": "0", "here": "0", "tick": "656017"}
{"c": 640, "x": 11.216535703682698, "y": 1.5360861865508635, "H": 60.8, "fc": 9.9, "l": 9.9, "r": 0.47399789029066364, "d0": "0", "d5": "1", "goal": "0", "here": "0", "tick": "656340"}
{"c": 660, "x": 11.539635584453446, "y": 1.771291670186958, "H": 16.4, "fc": 9.9, "l": 9.9, "r": 9.9, "d0": "0", "d5": "1", "goal": "0", "here": "0", "tick": "656658"}
{"c": 680, "x": 11.944759684301351, "y": 1.744762759564468, "H": 341.9, "fc": 9.9, "l": 9.9, "r": 9.9, "d0": "0", "d5": "1", "goal": "0", "here": "0", "tick": "656980"}
{"c": 700, "x": 12.338794613425634, "y": 1.6476154587284502, "H": 357.0, "fc": 9.9, "l": 9.9, "r": 9.9, "d0": "0", "d5": "1", "goal": "0", "here": "0", "tick": "657304"}
{"c": 720, "x": 12.745105056277367, "y": 1.6851722965013591, "H": 7.4, "fc": 9.9, "l": 9.9, "r": 9.9, "d0": "0", "d5": "1", "goal": "0", "here": "0", "tick": "657626"}
{"c": 740, "x": 13.16037336893573, "y": 1.594869481584096, "H": 331.3, "fc": 9.9, "l": 0.20180436070610566, "r": 9.9, "d0": "0", "d5": "1", "goal": "0", "here": "0", "tick": "657963"}
{"c": 760, "x": 13.577797410625868, "y": 1.4280205059930067, "H": 334.4, "fc": 9.9, "l": 9.9, "r": 9.9, "d0": "0", "d5": "1", "goal": "0", "here": "0", "tick": "658321"}
{"c": 780, "x": 14.020997604694328, "y": 1.2664827790169717, "H": 347.9, "fc": 9.9, "l": 9.9, "r": 9.9, "d0": "0", "d5": "1", "goal": "0", "here": "0", "tick": "658697"}
{"c": 800, "x": 14.446749365049808, "y": 1.1146947528512137, "H": 341.6, "fc": 9.9, "l": 9.9, "r": 9.9, "d0": "0", "d5": "1", "goal": "0", "here": "0", "tick": "659057"}
{"c": 820, "x": 14.865319395689735, "y": 0.9452349655634684, "H": 341.1, "fc": 9.9, "l": 9.9, "r": 9.9, "d0": "0", "d5": "1", "goal": "0", "here": "0", "tick": "659409"}
{"c": 840, "x": 15.269790631812391, "y": 0.7738519441840529, "H": 338.3, "fc": 9.9, "l": 9.9, "r": 9.9, "d0": "0", "d5": "1", "goal": "0", "here": "0", "tick": "659759"}
{"c": 860, "x": 15.697936317603983, "y": 0.6055680059842097, "H": 345.8, "fc": 9.9, "l": 9.9, "r": 9.9, "d0": "0", "d5": "1", "goal": "0", "here": "0", "tick": "660119"}
{"c": 880, "x": 16.137780366650812, "y": 0.6475790779959627, "H": 22.4, "fc": 9.9, "l": 9.9, "r": 9.9, "d0": "0", "d5": "1", "goal": "0", "here": "0", "tick": "660473"}
{"c": 900, "x": 16.45359329955295, "y": 0.9148416683529411, "H": 48.0, "fc": 9.9, "l": 9.9, "r": 9.9, "d0": "0", "d5": "1", "goal": "0", "here": "0", "tick": "660826"}
{"c": 920, "x": 16.728711345758832, "y": 1.2958612054631218, "H": 61.9, "fc": 9.9, "l": 9.9, "r": 0.5094349811310566, "d0": "0", "d5": "1", "goal": "0", "here": "0", "tick": "661184"}
{"c": 940, "x": 17.007198465928134, "y": 1.6560361434743514, "H": 50.9, "fc": 9.9, "l": 9.9, "r": 9.9, "d0": "0", "d5": "1", "goal": "0", "here": "0", "tick": "661539"}
{"c": 960, "x": 17.272023097568514, "y": 2.0207373786980254, "H": 56.1, "fc": 9.9, "l": 9.9, "r": 0.49202540584811266, "d0": "0", "d5": "1", "goal": "0", "here": "0", "tick": "661900"}
{"c": 980, "x": 17.535889142126234, "y": 2.3854343595726744, "H": 57.1, "fc": 9.9, "l": 9.9, "r": 9.9, "d0": "0", "d5": "1", "goal": "0", "here": "0", "tick": "662245"}
{"c": 1000, "x": 17.81710006802278, "y": 2.7484021536535144, "H": 51.6, "fc": 9.9, "l": 9.9, "r": 9.9, "d0": "0", "d5": "1", "goal": "0", "here": "0", "tick": "662607"}
{"c": 1020, "x": 18.079749722711714, "y": 3.1042979098133623, "H": 54.4, "fc": 9.9, "l": 9.9, "r": 9.9, "d0": "", "d5": "1", "goal": "0", "here": "0", "tick": "662957"}
{"c": 1040, "x": 18.358555116156353, "y": 3.4532037800914575, "H": 47.0, "fc": 9.9, "l": 9.9, "r": 9.9, "d0": "0", "d5": "1", "goal": "0", "here": "0", "tick": "663310"}
{"c": 1060, "x": 18.632690996454983, "y": 3.7969091536526767, "H": 50.8, "fc": 9.9, "l": 9.9, "r": 9.9, "d0": "0", "d5": "1", "goal": "0", "here": "0", "tick": "663665"}
{"c": 1080, "x": 18.923647265507295, "y": 4.153733384619255, "H": 50.2, "fc": 9.9, "l": 9.9, "r": 9.9, "d0": "0", "d5": "1", "goal": "0", "here": "0", "tick": "664023"}
{"c": 1100, "x": 19.203602281755877, "y": 4.509094590690641, "H": 51.0, "fc": 9.9, "l": 9.9, "r": 9.9, "d0": "0", "d5": "1", "goal": "0", "here": "0", "tick": "664379"}
{"c": 1120, "x": 19.471603541118863, "y": 4.86981106772143, "H": 47.0, "fc": 9.9, "l": 9.9, "r": 9.9, "d0": "0", "d5": "1", "goal": "0", "here": "0", "tick": "664731"}
{"c": 1140, "x": 19.757169241225437, "y": 5.200549486728478, "H": 48.2, "fc": 9.9, "l": 9.9, "r": 9.9, "d0": "0", "d5": "1", "goal": "0", "here": "0", "tick": "665080"}
{"c": 1160, "x": 20.017434088698145, "y": 5.538837156420519, "H": 56.5, "fc": 9.9, "l": 9.9, "r": 9.9, "d0": "0", "d5": "1", "goal": "0", "here": "0", "tick": "665421"}
{"c": 1180, "x": 20.36100712925974, "y": 5.796349745272998, "H": 15.8, "fc": 9.9, "l": 9.9, "r": 9.9, "d0": "0", "d5": "1", "goal": "0", "here": "0", "tick": "665763"}
{"c": 1200, "x": 20.79965751346922, "y": 5.746325798008848, "H": 329.8, "fc": 9.9, "l": 0.20153411621856981, "r": 9.9, "d0": "0", "d5": "1", "goal": "0", "here": "0", "tick": "666115"}
{"c": 1220, "x": 21.213300380670834, "y": 5.581496337109868, "H": 338.4, "fc": 9.9, "l": 9.9, "r": 9.9, "d0": "0", "d5": "1", "goal": "0", "here": "0", "tick": "666465"}
{"c": 1240, "x": 21.644474190291835, "y": 5.418335573035029, "H": 340.7, "fc": 9.9, "l": 9.9, "r": 9.9, "d0": "0", "d5": "1", "goal": "0", "here": "0", "tick": "666834"}
{"c": 1260, "x": 22.067178563245477, "y": 5.28240953898746, "H": 341.9, "fc": 9.9, "l": 9.9, "r": 9.9, "d0": "0", "d5": "1", "goal": "0", "here": "0", "tick": "667184"}
{"c": 1280, "x": 22.494925333386377, "y": 5.129412088610606, "H": 333.4, "fc": 9.9, "l": 0.20370812453115364, "r": 9.9, "d0": "0", "d5": "1", "goal": "0", "here": "0", "tick": "667539"}
{"c": 1300, "x": 22.920442379101672, "y": 4.963168208253968, "H": 337.5, "fc": 9.9, "l": 9.9, "r": 9.9, "d0": "0", "d5": "1", "goal": "0", "here": "0", "tick": "667898"}
{"c": 1320, "x": 23.34170416583899, "y": 4.957803229847735, "H": 25.3, "fc": 9.9, "l": 9.9, "r": 9.9, "d0": "0", "d5": "1", "goal": "0", "here": "0", "tick": "668250"}
{"c": 1340, "x": 23.641170387195675, "y": 5.264944756314508, "H": 43.2, "fc": 9.9, "l": 9.9, "r": 9.9, "d0": "0", "d5": "1", "goal": "0", "here": "0", "tick": "668589"}
{"c": 1360, "x": 24.032889912206805, "y": 5.473856883730331, "H": 14.8, "fc": 9.9, "l": 9.9, "r": 9.9, "d0": "0", "d5": "1", "goal": "0", "here": "0", "tick": "668942"}
{"c": 1380, "x": 24.476396828668957, "y": 5.447085760788674, "H": 340.5, "fc": 9.9, "l": 9.9, "r": 9.9, "d0": "0", "d5": "1", "goal": "0", "here": "0", "tick": "669295"}
{"c": 20, "x": 0.38019648731429107, "y": 0.14967710599660508, "H": 15.3, "fc": 9.9, "l": 0.2003921156133644, "r": 0.20024984394500786, "d0": "0", "d5": "1", "goal": "0", "here": "0", "tick": "689093"}
{"c": 40, "x": 0.7856055186097157, "y": 0.2854617114777102, "H": 18.3, "fc": 9.9, "l": 0.200124960961895, "r": 0.20024984394500786, "d0": "0", "d5": "1", "goal": "0", "here": "0", "tick": "689430"}
{"c": 60, "x": 1.182783599828389, "y": 0.4291282495068152, "H": 19.0, "fc": 9.9, "l": 0.2003921156133644, "r": 0.20309603639657767, "d0": "0", "d5": "1", "goal": "0", "here": "0", "tick": "689764"}
{"c": 80, "x": 1.5990769770163578, "y": 0.5656840896168924, "H": 19.4, "fc": 9.9, "l": 0.20014244927051333, "r": 0.21115160430363772, "d0": "0", "d5": "1", "goal": "0", "here": "0", "tick": "690109"}
{"c": 100, "x": 1.9952101946945082, "y": 0.6966626412319687, "H": 16.5, "fc": 9.9, "l": 0.20014244927051333, "r": 0.22418965185752887, "d0": "0", "d5": "1", "goal": "0", "here": "0", "tick": "690437"}
{"c": 120, "x": 2.3997174519568656, "y": 0.8364437902880453, "H": 16.7, "fc": 9.9, "l": 0.20014244927051333, "r": 0.20394361965994423, "d0": "0", "d5": "1", "goal": "0", "here": "0", "tick": "690775"}
{"c": 140, "x": 2.7912746843687453, "y": 0.974736783635244, "H": 23.7, "fc": 9.9, "l": 0.2003921156133644, "r": 0.21371476317746513, "d0": "0", "d5": "1", "goal": "0", "here": "0", "tick": "691104"}
{"c": 160, "x": 3.1971244355855934, "y": 1.10222518497715, "H": 18.7, "fc": 9.9, "l": 0.20014244927051333, "r": 0.221054291973714, "d0": "0", "d5": "1", "goal": "0", "here": "0", "tick": "691438"}
{"c": 180, "x": 3.5992504540766626, "y": 1.23659983840495, "H": 18.2, "fc": 9.9, "l": 0.20014244927051333, "r": 0.22058558429779584, "d0": "0", "d5": "", "goal": "0", "here": "0", "tick": "691772"}
{"c": 200, "x": 3.998785876704027, "y": 1.364813017797072, "H": 21.0, "fc": 9.9, "l": 0.20014244927051333, "r": 0.21245470105413058, "d0": "0", "d5": "1", "goal": "0", "here": "0", "tick": "692103"}
{"c": 220, "x": 4.400188159992184, "y": 1.488916995601504, "H": 11.3, "fc": 9.9, "l": 0.200124960961895, "r": 9.9, "d0": "0", "d5": "1", "goal": "0", "here": "0", "tick": "692436"}
{"c": 240, "x": 4.790651010928857, "y": 1.651776837565167, "H": 22.9, "fc": 9.9, "l": 0.20370812453115364, "r": 0.22264321233758733, "d0": "0", "d5": "1", "goal": "0", "here": "0", "tick": "692769"}
{"c": 260, "x": 5.170674192154313, "y": 1.8405875586265996, "H": 18.9, "fc": 9.9, "l": 0.20155644370746376, "r": 0.2156038033059714, "d0": "0", "d5": "1", "goal": "0", "here": "0", "tick": "693102"}
{"c": 280, "x": 5.568953624707753, "y": 1.9735738966014325, "H": 20.1, "fc": 9.9, "l": 0.20014244927051333, "r": 0.20256603861457131, "d0": "0", "d5": "1", "goal": "0", "here": "0", "tick": "693433"}
{"c": 300, "x": 5.969476705258488, "y": 2.11136789151908, "H": 20.2, "fc": 9.9, "l": 0.20180436070610566, "r": 0.2062353025066271, "d0": "0", "d5": "1", "goal": "0", "here": "0", "tick": "693771"}
{"c": 320, "x": 6.3738662126429135, "y": 2.2750733773317866, "H": 15.9, "fc": 9.9, "l": 0.20180436070610566, "r": 0.22410042391749285, "d0": "0", "d5": "1", "goal": "0", "here": "0", "tick": "694112"}
{"c": 340, "x": 6.76453780595427, "y": 2.4186356159488174, "H": 16.3, "fc": 9.9, "l": 0.20014244927051333, "r": 9.9, "d0": "0", "d5": "", "goal": "0", "here": "0", "tick": "694441"}
{"c": 360, "x": 7.165506812819812, "y": 2.5552715014234377, "H": 18.7, "fc": 9.9, "l": 0.2003921156133644, "r": 0.21827734651126762, "d0": "0", "d5": "1", "goal": "0", "here": "0", "tick": "694775"}
{"c": 380, "x": 7.5666413465675335, "y": 2.7163725013815876, "H": 25.4, "fc": 9.9, "l": 9.9, "r": 0.2068260138377182, "d0": "0", "d5": "1", "goal": null, "here": null, "tick": null}
{"c": 400, "x": 7.945202016315868, "y": 2.897639380439878, "H": 25.4, "fc": 0.2005517389602992, "l": 9.9, "r": 0.2005517389602992, "d0": "0", "d5": "1", "goal": "0", "here": "0", "tick": "695448"}
{"c": 420, "x": 8.351635368834021, "y": 3.0415911726201506, "H": 14.1, "fc": 9.9, "l": 0.20014244927051333, "r": 9.9, "d0": "0", "d5": "1", "goal": "0", "here": "0", "tick": "695788"}
{"c": 440, "x": 8.750872676567322, "y": 3.1614937741805376, "H": 17.2, "fc": 9.9, "l": 0.20155644370746376, "r": 0.2110663402819123, "d0": "0", "d5": "1", "goal": "0", "here": "0", "tick": "696118"}
{"c": 460, "x": 9.156785079690628, "y": 3.282291900786343, "H": 16.7, "fc": 9.9, "l": 0.2003921156133644, "r": 0.21827734651126762, "d0": "0", "d5": "1", "goal": "0", "here": "0", "tick": "696451"}
{"c": 480, "x": 9.559372353561272, "y": 3.4131610750480235, "H": 18.6, "fc": 9.9, "l": 0.20014244927051333, "r": 0.2218828519737386, "d0": "0", "d5": "1", "goal": "0", "here": "0", "tick": "696784"}
{"c": 500, "x": 9.960945059258062, "y": 3.550668657516527, "H": 19.7, "fc": 9.9, "l": 0.200124960961895, "r": 0.22537524265100636, "d0": "0", "d5": "1", "goal": "0", "here": "0", "tick": "697119"}
{"c": 520, "x": 10.37537072930927, "y": 3.706549654440675, "H": 27.0, "fc": 9.9, "l": 9.9, "r": 0.2157614423385235, "d0": "0", "d5": "1", "goal": "0", "here": "0", "tick": "697469"}
{"c": 540, "x": 10.77206646244257, "y": 3.8879297740288212, "H": 24.6, "fc": 0.20909328061896204, "l": 9.9, "r": 0.20185390756683408, "d0": "0", "d5": "1", "goal": "0", "here": "0", "tick": "697813"}
{"c": 560, "x": 11.161205005196386, "y": 4.048972607893878, "H": 25.4, "fc": 9.9, "l": 9.9, "r": 0.22138202275704322, "d0": "0", "d5": "1", "goal": "0", "here": "0", "tick": "698146"}
{"c": 580, "x": 11.5696631774716, "y": 4.208320112276224, "H": 29.5, "fc": 9.9, "l": 9.9, "r": 0.216011573764, "d0": "0", "d5": "1", "goal": "0", "here": "0", "tick": "698491"}
{"c": 600, "x": 11.97023307079274, "y": 4.335927364972381, "H": 16.3, "fc": 9.9, "l": 0.20014244927051333, "r": 0.2168893727225933, "d0": "0", "d5": "1", "goal": "0", "here": "0", "tick": "698825"}
{"c": 620, "x": 12.375220553178876, "y": 4.471038080782141, "H": 23.9, "fc": 9.9, "l": 9.9, "r": 0.2137755832643195, "d0": "0", "d5": "1", "goal": "0", "here": "0", "tick": "699156"}
{"c": 640, "x": 12.759392908310799, "y": 4.6540602767778605, "H": 23.7, "fc": 9.9, "l": 0.20370812453115364, "r": 0.20035967658189108, "d0": "0", "d5": "1", "goal": "0", "here": "0", "tick": "699495"}
{"c": 660, "x": 13.154195474082714, "y": 4.811476496789389, "H": 17.9, "fc": 9.9, "l": 0.20014244927051333, "r": 0.21910727965998755, "d0": "0", "d5": "1", "goal": "0", "here": "0", "tick": "699831"}
{"c": 680, "x": 13.54956927280962, "y": 4.941539577250987, "H": 15.0, "fc": 9.9, "l": 0.20014244927051333, "r": 0.20754758490524527, "d0": "0", "d5": "1", "goal": "0", "here": "0", "tick": "700159"}
{"c": 700, "x": 13.96344697766094, "y": 5.096639309991681, "H": 17.2, "fc": 9.9, "l": 0.20023236501624805, "r": 9.9, "d0": "0", "d5": "", "goal": "0", "here": "0", "tick": "700507"}
{"c": 720, "x": 14.349447918029266, "y": 5.2511358196649764, "H": 24.6, "fc": 9.9, "l": 0.200124960961895, "r": 0.21817882573705452, "d0": "0", "d5": "1", "goal": "0", "here": "0", "tick": "700837"}
{"c": 740, "x": 14.75889736845896, "y": 5.398100635845259, "H": 17.2, "fc": 9.9, "l": 0.20014244927051333, "r": 0.20033971149025848, "d0": "0", "d5": "1", "goal": "0", "here": "0", "tick": "701180"}
{"c": 760, "x": 15.164466010849834, "y": 5.538772478697496, "H": 18.3, "fc": 9.9, "l": 0.20014244927051333, "r": 0.2250377746068424, "d0": "0", "d5": "1", "goal": "0", "here": "0", "tick": "701519"}
{"c": 780, "x": 15.579678692450555, "y": 5.670907614339191, "H": 14.2, "fc": 9.9, "l": 0.20014244927051333, "r": 9.9, "d0": "0", "d5": "1", "goal": "0", "here": "0", "tick": "701861"}
{"c": 800, "x": 15.967776583255894, "y": 5.804495476152064, "H": 12.0, "fc": 9.9, "l": 0.20014244927051333, "r": 9.9, "d0": "0", "d5": "1", "goal": "0", "here": "0", "tick": "702202"}
{"c": 820, "x": 16.3962289785104, "y": 5.940433740926195, "H": 16.0, "fc": 9.9, "l": 0.2039607805437114, "r": 0.22281157959136683, "d0": "0", "d5": "1", "goal": "0", "here": "0", "tick": "702557"}
{"c": 840, "x": 16.79988889807294, "y": 6.093382545971884, "H": 26.8, "fc": 0.21893606372637653, "l": 9.9, "r": 0.21800917411888887, "d0": "0", "d5": "1", "goal": "0", "here": "0", "tick": "702883"}
{"c": 860, "x": 17.185790598753055, "y": 6.274681309595203, "H": 21.6, "fc": 9.9, "l": 9.9, "r": 0.2137755832643195, "d0": "0", "d5": "1", "goal": "0", "here": "0", "tick": "703219"}
{"c": 880, "x": 17.570993861040268, "y": 6.423155106583744, "H": 19.7, "fc": 9.9, "l": 0.2003921156133644, "r": 0.20309603639657767, "d0": "0", "d5": "1", "goal": "0", "here": "0", "tick": "703543"}
{"ev": "END"}
{"c": 20, "x": 0.3622319676762761, "y": 0.1355603689294375, "H": 23.4, "fc": 9.9, "l": 9.9, "r": 0.20483163818121458, "d0": "", "d5": "1", "goal": "0", "here": "0", "tick": "713623"}
{"c": 40, "x": 0.7537672301375035, "y": 0.2941162164726417, "H": 22.0, "fc": 9.9, "l": 0.2060412580043133, "r": 0.21652944372532804, "d0": "0", "d5": "1", "goal": "0", "here": "0", "tick": "713957"}
{"c": 60, "x": 1.1293855830873476, "y": 0.4754248547455079, "H": 19.3, "fc": 9.9, "l": 0.2060412580043133, "r": 0.20176471445721128, "d0": "0", "d5": "1", "goal": "0", "here": "0", "tick": "714286"}
{"c": 80, "x": 1.5139437231470116, "y": 0.6338996337404472, "H": 22.7, "fc": 9.9, "l": 0.20014244927051333, "r": 0.2030270917882636, "d0": "0", "d5": "1", "goal": "0", "here": "0", "tick": "714615"}
{"c": 100, "x": 1.910437337521086, "y": 0.7563978834121096, "H": 12.5, "fc": 9.9, "l": 0.20014244927051333, "r": 9.9, "d0": "0", "d5": "1", "goal": "0", "here": "0", "tick": "714942"}
{"c": 120, "x": 2.2966146480254648, "y": 0.9086880057762019, "H": 15.1, "fc": 9.9, "l": 0.200124960961895, "r": 0.20033971149025848, "d0": "0", "d5": "1", "goal": "0", "here": "0", "tick": "715269"}
{"c": 140, "x": 2.6842454682218104, "y": 1.0661478938088904, "H": 27.1, "fc": 9.9, "l": 9.9, "r": 0.200124960961895, "d0": "0", "d5": "1", "goal": "0", "here": "0", "tick": "715600"}
{"c": 160, "x": 3.0669434244319262, "y": 1.2141992404343953, "H": 20.3, "fc": 9.9, "l": 0.20370812453115364, "r": 0.221, "d0": "0", "d5": "1", "goal": "0", "here": "0", "tick": "715924"}
{"c": 180, "x": 3.447538565319198, "y": 1.3961434719226538, "H": 17.7, "fc": 9.9, "l": 0.200124960961895, "r": 0.21115160430363772, "d0": "0", "d5": "1", "goal": "0", "here": "0", "tick": "716409"}
{"c": 200, "x": 3.8537958228453983, "y": 1.5146280896892328, "H": 15.9, "fc": 9.9, "l": 0.20014244927051333, "r": 0.20468512403201167, "d0": "0", "d5": "1", "goal": "0", "here": "0", "tick": "716740"}
{"c": 220, "x": 4.256756141162877, "y": 1.6347233098315774, "H": 15.3, "fc": 9.9, "l": 0.200124960961895, "r": 0.20024984394500786, "d0": "", "d5": "1", "goal": "0", "here": "0", "tick": "717072"}
{"c": 240, "x": 4.663735651129558, "y": 1.765723038853965, "H": 20.4, "fc": 9.9, "l": 0.20014244927051333, "r": 9.9, "d0": "0", "d5": "1", "goal": "0", "here": "0", "tick": "717409"}
{"c": 260, "x": 5.066887877597214, "y": 1.8999542816783184, "H": 19.9, "fc": 9.9, "l": 0.20153411621856981, "r": 0.22418965185752887, "d0": "0", "d5": "1", "goal": "0", "here": "0", "tick": "717746"}
{"c": 280, "x": 5.457747231161748, "y": 2.022305355812064, "H": 20.4, "fc": 9.9, "l": 9.9, "r": 9.9, "d0": "0", "d5": "1", "goal": "0", "here": "0", "tick": "718072"}
{"c": 300, "x": 5.846132486682663, "y": 2.153694436054731, "H": 19.2, "fc": 9.9, "l": 0.200124960961895, "r": 0.22779376637651874, "d0": "0", "d5": "1", "goal": "0", "here": "0", "tick": "718391"}
{"c": 320, "x": 6.246641906925772, "y": 2.279943874233739, "H": 14.3, "fc": 9.9, "l": 0.20106217943710847, "r": 0.22058558429779584, "d0": "0", "d5": "1", "goal": "0", "here": "0", "tick": "718723"}
{"c": 340, "x": 6.628245893115424, "y": 2.4446042678232036, "H": 32.2, "fc": 0.20147952749597167, "l": 9.9, "r": 0.20147952749597167, "d0": "0", "d5": "", "goal": "0", "here": "0", "tick": "719053"}
{"c": 360, "x": 6.9998744017890155, "y": 2.5905317321795494, "H": 13.3, "fc": 9.9, "l": 0.200124960961895, "r": 9.9, "d0": "0", "d5": "1", "goal": "0", "here": "0", "tick": "719534"}
{"c": 380, "x": 7.424618422081005, "y": 2.7344673147598595, "H": 16.4, "fc": 9.9, "l": 0.2003921156133644, "r": 0.2218828519737386, "d0": "0", "d5": "1", "goal": "0", "here": "0", "tick": "719872"}
{"c": 400, "x": 7.828490778404407, "y": 2.8616783425035788, "H": 15.3, "fc": 9.9, "l": 0.200124960961895, "r": 0.21920766409959302, "d0": "0", "d5": "1", "goal": "0", "here": "0", "tick": "720208"}
{"c": 420, "x": 8.224390528350074, "y": 2.987687658372762, "H": 14.7, "fc": 9.9, "l": 0.20014244927051333, "r": 0.21827734651126762, "d0": "0", "d5": "1", "goal": "0", "here": "0", "tick": "720535"}
{"c": 440, "x": 8.616302643029666, "y": 3.142275497333009, "H": 17.5, "fc": 9.9, "l": 0.20180436070610566, "r": 0.22281157959136683, "d0": "0", "d5": "1", "goal": "0", "here": "0", "tick": "720866"}
{"c": 460, "x": 9.004864976378201, "y": 3.299610183414564, "H": 20.1, "fc": 9.9, "l": 0.2003921156133644, "r": 0.20033971149025848, "d0": "0", "d5": "1", "goal": "0", "here": "0", "tick": "721197"}
{"c": 480, "x": 9.397533583676056, "y": 3.4595793667075854, "H": 18.6, "fc": 9.9, "l": 0.200124960961895, "r": 0.2024672813073757, "d0": "0", "d5": "1", "goal": "0", "here": "0", "tick": "721531"}
{"c": 500, "x": 9.787167263891343, "y": 3.5942653937865896, "H": 13.2, "fc": 9.9, "l": 0.20014244927051333, "r": 9.9, "d0": "0", "d5": "1", "goal": "0", "here": "0", "tick": "721857"}
{"c": 520, "x": 10.184407639403544, "y": 3.7267189856588656, "H": 23.5, "fc": 9.9, "l": 9.9, "r": 0.20144478151592807, "d0": "0", "d5": "1", "goal": "0", "here": "0", "tick": "722188"}
{"c": 540, "x": 10.575200101289571, "y": 3.8582154442727252, "H": 14.7, "fc": 9.9, "l": 0.20014244927051333, "r": 0.2024672813073757, "d0": "0", "d5": "1", "goal": "0", "here": "0", "tick": "722665"}
{"c": 560, "x": 10.976995301594592, "y": 3.9875687621793197, "H": 17.2, "fc": 9.9, "l": 0.20155644370746376, "r": 0.20033971149025848, "d0": "0", "d5": "1", "goal": "0", "here": "0", "tick": "722997"}
{"c": 580, "x": 11.382992047968987, "y": 4.116471675962161, "H": 16.1, "fc": 9.9, "l": 0.200124960961895, "r": 0.2110663402819123, "d0": "0", "d5": "1", "goal": "0", "here": "0", "tick": "723334"}
{"c": 600, "x": 11.780616510503512, "y": 4.241453374490803, "H": 23.2, "fc": 9.9, "l": 0.20370812453115364, "r": 0.215176671598015, "d0": "0", "d5": "1", "goal": "0", "here": "0", "tick": "723662"}
{"c": 620, "x": 12.172440771941442, "y": 4.392499780848692, "H": 26.0, "fc": 9.9, "l": 0.20014244927051333, "r": 0.2006888138387389, "d0": "0", "d5": "1", "goal": "0", "here": "0", "tick": "723994"}
{"c": 640, "x": 12.557987167978293, "y": 4.543978360810408, "H": 20.4, "fc": 9.9, "l": 0.2003921156133644, "r": 0.21294130646729864, "d0": "0", "d5": "1", "goal": "0", "here": "0", "tick": "724320"}
{"c": 660, "x": 12.940520333865182, "y": 4.7191651841178635, "H": 28.0, "fc": 0.2043624231604235, "l": 9.9, "r": 0.2043624231604235, "d0": "0", "d5": "1", "goal": "0", "here": "0", "tick": "724652"}
{"c": 680, "x": 13.310162868095484, "y": 4.915729998747959, "H": 20.5, "fc": 9.9, "l": 9.9, "r": 9.9, "d0": "0", "d5": "1", "goal": "0", "here": "0", "tick": "724986"}
{"c": 700, "x": 13.69400227450975, "y": 5.067632071640357, "H": 18.5, "fc": 9.9, "l": 0.20180436070610566, "r": 0.21252999788265184, "d0": "0", "d5": "1", "goal": "0", "here": "0", "tick": "725460"}
{"c": 720, "x": 14.093957263434463, "y": 5.199282951863703, "H": 20.7, "fc": 9.9, "l": 0.200124960961895, "r": 0.21252999788265184, "d0": "0", "d5": "1", "goal": "0", "here": "0", "tick": "725792"}
{"c": 740, "x": 14.493681518402557, "y": 5.335676836163815, "H": 26.1, "fc": 9.9, "l": 0.2003921156133644, "r": 0.2048828933805846, "d0": "0", "d5": "1", "goal": "0", "here": "0", "tick": "726124"}
{"c": 760, "x": 14.876405112139391, "y": 5.4856930830701724, "H": 27.5, "fc": 0.2167071757002984, "l": 9.9, "r": 0.2027806696901852, "d0": "0", "d5": "1", "goal": "0", "here": "0", "tick": "726451"}
{"c": 780, "x": 15.23999892742068, "y": 5.666233014796196, "H": 23.7, "fc": 9.9, "l": 0.20014244927051333, "r": 0.23070543990118655, "d0": "0", "d5": "1", "goal": "0", "here": "0", "tick": "726785"}
{"c": 800, "x": 15.641977055028004, "y": 5.843209230397723, "H": 28.6, "fc": 9.9, "l": 9.9, "r": 0.20053179299053803, "d0": "0", "d5": "1", "goal": "0", "here": "0", "tick": "727116"}
{"c": 820, "x": 16.02938642708426, "y": 5.980582653049489, "H": 23.6, "fc": 9.9, "l": 0.2003921156133644, "r": 0.2004120754844877, "d0": "0", "d5": "1", "goal": null, "here": null, "tick": null}
{"c": 840, "x": 16.423804083108898, "y": 6.108798775654562, "H": 19.4, "fc": 9.9, "l": 0.20014244927051333, "r": 0.21594675269612182, "d0": "0", "d5": "1", "goal": "0", "here": "0", "tick": "727764"}
{"c": 860, "x": 16.813827741185946, "y": 6.255936041369862, "H": 22.5, "fc": 9.9, "l": 0.2003921156133644, "r": 0.20176471445721128, "d0": "0", "d5": "1", "goal": "0", "here": "0", "tick": "728095"}
{"c": 880, "x": 17.2003949734811, "y": 6.404850841806878, "H": 21.2, "fc": 9.9, "l": 0.20180436070610566, "r": 0.2173131381210073, "d0": "0", "d5": "1", "goal": "0", "here": "0", "tick": "728575"}
{"c": 900, "x": 17.586230081158195, "y": 6.5663506249740795, "H": 19.9, "fc": 9.9, "l": 0.20014244927051333, "r": 0.20670026608594386, "d0": "", "d5": "1", "goal": "0", "here": "0", "tick": "728904"}
{"c": 920, "x": 17.98559976459791, "y": 6.726489651391953, "H": 19.4, "fc": 9.9, "l": 0.20153411621856981, "r": 0.2218828519737386, "d0": "0", "d5": "1", "goal": "0", "here": "0", "tick": "729245"}
