








































































































































































































































































































































































































































































































































































































































































































































































































































































































































































































































































































































































































































































































































































































































































































































































































































































































































































































































































































































































































































































































































































































































































































































































































































































































































































































































































































































































































































































































































































































































































































































































































































































































































































































































































































































1787978594.6 PING from=alpha x=1.44 y=1.62
1787978635.5 PING from=alpha x=0.79 y=1.45
1787978639.2 PING from=alpha x=0.79 y=1.09
1787978642.1 PING from=alpha x=0.72 y=1.09
1787978645.7 PING from=alpha x=0.17 y=1.06
1787978648.8 PING from=alpha x=-0.22 y=1.03
1787978650.6 hello A
1787978652.0 A hello
1787978653.2 PING from=alpha x=-0.40 y=1.01
1787978653.5 help
1787978655.3 A: report
1787978656.3 PING from=alpha x=-0.45 y=1.61
1787978656.6 who are you?
1787978659.8 PING from=alpha x=-0.49 y=2.05
1787978663.0 PING from=alpha x=-0.43 y=2.05
1787978666.0 PING from=alpha x=-0.13 y=2.08
1787978669.9 PING from=alpha x=0.03 y=2.09
1787978673.0 PING from=alpha x=-0.01 y=2.51
1787978676.0 PING from=alpha x=-0.01 y=2.95
1787978679.6 PING from=alpha x=-0.01 y=3.53
1787978682.7 PING from=alpha x=-0.01 y=4.11
1787978689.1 PING from=alpha x=-0.01 y=4.41
1787978692.7 PING from=alpha x=0.02 y=3.84
1787978695.8 PING from=alpha x=0.04 y=3.31
1787978698.8 PING from=alpha x=0.05 y=2.69
1787978703.5 beta: alpha here. we must both stand on goal (d6 goal=1) within 1min of each other.
1787978703.7 PING from=alpha x=0.06 y=2.39
1787978704.5 beta: plan: explore independently. when you find goal, STOP ON IT, broadcast GOALFOUND every 10s.
1787978705.5 beta: if I find it first I will do the same and guide you. ack pls.
1787978706.8 PING from=alpha x=-0.30 y=2.37
1787978711.4 PING from=alpha x=-0.55 y=2.35
1787978714.4 PING from=alpha x=-0.53 y=1.75
1787978717.5 PING from=alpha x=-0.52 y=1.14
1787978720.5 PING from=alpha x=-0.50 y=0.69
1787978725.6 PING from=alpha x=-0.49 y=0.42
1787978744.5 PING from=alpha x=-0.22 y=0.33
1787978750.5 PING from=alpha x=-0.39 y=0.32
1787978753.5 PING from=alpha x=0.05 y=0.33
1787978756.6 PING from=alpha x=0.50 y=0.34
1787978783.4 PING from=alpha x=0.73 y=0.33
1787978786.5 PING from=alpha x=0.13 y=0.31
1787978789.5 PING from=alpha x=-0.24 y=0.31
1787978793.6 PING from=alpha x=-0.37 y=0.30
1787978800.0 PING from=alpha x=-0.37 y=0.53
1787978805.8 PING from=alpha x=-0.37 y=0.38
1787978809.1 PING from=alpha x=-0.38 y=0.79
1787978812.1 PING from=alpha x=-0.26 y=0.80
1787978815.1 PING from=alpha x=0.30 y=0.85
1787978818.5 PING from=alpha x=0.63 y=0.88
1787978821.4 PING from=alpha x=0.63 y=1.00
1787978824.4 PING from=alpha x=0.64 y=1.62
1787978858.2 PING from=alpha x=1.00 y=4.13
1787978861.2 PING from=alpha x=0.99 y=4.00
1787978864.4 PING from=alpha x=0.95 y=3.86
1787978867.4 PING from=alpha x=0.82 y=3.85
1787978870.7 PING from=alpha x=0.82 y=2.95
1787978873.7 PING from=alpha x=0.84 y=2.05
1787978876.7 PING from=alpha x=0.86 y=1.18
1787978883.4 PING from=alpha x=0.87 y=0.31
1787978886.6 PING from=alpha x=1.27 y=0.31
1787978889.7 PING from=alpha x=1.28 y=0.08
1787978894.1 PING from=alpha x=1.31 y=-0.25
1787978897.1 PING from=alpha x=0.46 y=-0.32
1787978900.4 PING from=alpha x=-0.43 y=-0.38
1787978903.4 PING from=alpha x=-1.02 y=-0.39
1787978904.0 beta: alpha: reply with YES if you understand: goal finder stops on goal and sends GOALFOUND every 10s, waits for partner.
1787978907.9 PING from=alpha x=-1.18 y=-0.40
1787978912.5 PING from=alpha x=-1.02 y=-0.39
1787978917.1 PING from=alpha x=-1.16 y=-0.40
1787978920.2 PING from=alpha x=-0.30 y=-0.36
1787978923.2 PING from=alpha x=0.57 y=-0.34
1787978926.3 PING from=alpha x=1.22 y=-0.34
1787978929.7 PING from=alpha x=1.41 y=-0.33
1787978932.7 PING from=alpha x=1.40 y=0.14
1787978935.8 PING from=alpha x=1.27 y=0.20
1787978938.8 PING from=alpha x=0.90 y=0.19
1787978945.0 PING from=alpha x=0.82 y=1.37
1787978948.1 PING from=alpha x=0.78 y=2.24
1787978951.1 PING from=alpha x=0.76 y=3.12
1787978954.1 PING from=alpha x=0.74 y=3.88
1787978958.8 PING from=alpha x=0.73 y=4.21
1787978961.8 PING from=alpha x=0.32 y=4.19
1787978968.0 PING from=alpha x=0.21 y=3.20
1787978970.9 PING from=alpha x=0.20 y=2.34
1787978973.9 PING from=alpha x=0.20 y=1.48
1787978977.4 PING from=alpha x=0.19 y=1.03
1787978980.6 PING from=alpha x=-0.11 y=1.02
1787978983.4 PING from=alpha x=-0.65 y=0.97
1787978986.5 PING from=alpha x=-1.05 y=0.96
1787978989.7 PING from=alpha x=-1.06 y=1.15
1787978992.7 PING from=alpha x=-1.11 y=1.88
1787978997.4 PING from=alpha x=-1.13 y=2.15
1787979000.4 PING from=alpha x=-1.18 y=2.11
1787979096.0 PING from=alpha x=0.39 y=5.28
1787979099.2 PING from=alpha x=0.86 y=5.32
1787979104.1 PING from=alpha x=1.03 y=5.34
1787979107.1 PING from=alpha x=0.17 y=5.33
1787979188.2 PING from=alpha x=-1.22 y=4.29
1787979194.0 PING from=alpha x=-1.24 y=4.76
1787979197.7 PING from=alpha x=-1.21 y=4.00
1787979201.1 PING from=alpha x=-1.21 y=4.00
1787979206.3 PING from=alpha x=-1.22 y=4.33
1787979209.6 PING from=alpha x=-1.21 y=3.69
1787979214.4 PING from=alpha x=-1.20 y=3.45
1787979227.5 PING from=alpha x=-1.21 y=3.53
1787979229.3 PING from=alpha x=-1.20 y=3.45
1787979230.5 PING from=alpha x=-1.21 y=3.85
1787979232.6 PING from=alpha x=-1.23 y=4.34
1787979233.6 PING from=alpha x=-1.25 y=4.46
1787979238.6 PING from=alpha x=-1.25 y=4.46
1787979241.9 PING from=alpha x=-1.26 y=5.10
1787979288.0 PING from=alpha x=-1.08 y=1.87
1787979291.1 PING from=alpha x=-1.07 y=1.32
1787979294.5 PING from=alpha x=-1.06 y=0.90
1787979297.6 PING from=alpha x=-0.85 y=0.90
1787979300.6 PING from=alpha x=-0.29 y=0.92
1787979303.7 PING from=alpha x=0.11 y=0.91
1787979306.9 PING from=alpha x=0.11 y=0.91
1787979309.9 PING from=alpha x=-0.41 y=0.89
1787979314.2 PING from=alpha x=-1.03 y=0.86
1787979336.7 PING from=alpha x=0.01 y=2.97
1787979339.8 PING from=alpha x=0.02 y=2.97
1787979342.8 PING from=alpha x=0.04 y=2.72
1787979345.8 PING from=alpha x=0.08 y=1.95
1787979350.1 PING from=alpha x=0.10 y=1.68
1787979353.1 PING from=alpha x=-0.38 y=1.64
1787979356.9 PING from=alpha x=-1.04 y=1.57
1787979360.3 PING from=alpha x=-1.04 y=1.57
1787979363.4 PING from=alpha x=-1.07 y=1.67
1787979366.4 PING from=alpha x=-1.13 y=2.43
1787979371.1 PING from=alpha x=-1.15 y=2.59
1787979374.1 PING from=alpha x=-1.16 y=1.74
1787979398.2 PING from=alpha x=-1.19 y=2.38
1787979468.0 PING from=alpha x=0.92 y=5.38
1787979471.3 PING from=alpha x=1.37 y=5.42
1787979474.3 PING from=alpha x=2.24 y=5.48
1787979523.5 PING from=alpha x=-0.94 y=4.88
1787979526.5 PING from=alpha x=-0.87 y=4.29
1787979530.0 PING from=alpha x=-0.86 y=4.29
1787979550.3 PING from=alpha x=-0.54 y=3.40
1787979554.6 PING from=alpha x=-0.54 y=3.03
1787979557.6 PING from=alpha x=-1.07 y=3.00
1787979560.6 PING from=alpha x=-1.21 y=2.98
1787979563.7 PING from=alpha x=-1.19 y=2.11
1787979583.0 PING from=alpha x=0.06 y=0.90
1787979586.0 PING from=alpha x=-0.75 y=0.86
1787979588.7 PING from=alpha x=-0.90 y=0.86
1787979591.7 PING from=alpha x=-0.90 y=1.02
1787979599.2 PING from=alpha x=-0.19 y=1.40
1787979603.2 PING from=alpha x=0.01 y=1.41
1787979606.1 PING from=alpha x=0.03 y=2.27
1787979650.9 PING from=alpha x=0.31 y=4.62
1787979655.9 PING from=alpha x=0.28 y=4.98
1787979660.9 PING from=alpha x=0.52 y=5.00
1787979665.8 PING from=alpha x=0.21 y=5.00
1787979668.8 PING from=alpha x=0.23 y=4.15
1787979671.8 PING from=alpha x=0.24 y=3.29
1787979674.9 PING from=alpha x=0.25 y=2.66
1787979677.9 PING from=alpha x=0.25 y=2.19
1787979681.3 PING from=alpha x=0.26 y=2.19
1787979684.8 PING from=alpha x=0.23 y=2.76
1787979710.7 PING from=alpha x=0.24 y=2.01
1787979713.9 PING from=alpha x=-0.06 y=1.99
1787979716.9 PING from=alpha x=-0.57 y=1.94
1787979736.4 PING from=alpha x=-0.61 y=2.89
1787979742.0 PING from=alpha x=-0.58 y=2.58
1787979745.3 PING from=alpha x=-0.60 y=3.12
1787979748.5 PING from=alpha x=-0.62 y=3.83
1787979751.5 PING from=alpha x=-0.62 y=4.34
1787979754.6 PING from=alpha x=-0.59 y=4.93
1787979758.6 PING from=alpha x=-0.58 y=5.58
1787979761.6 PING from=alpha x=-0.36 y=5.58
1787979832.5 PING from=alpha exploring x=3.96 y=5.81
1787979838.4 PING from=alpha exploring x=3.44 y=5.80
1787979954.5 PING from=alpha exploring x=3.41 y=3.43
1787979959.4 PING from=alpha exploring x=3.40 y=3.70
1787979965.0 PING from=alpha exploring x=3.91 y=3.74
1787979969.1 PING from=alpha exploring x=4.02 y=2.62
1787980093.6 PING from=alpha exploring x=2.78 y=0.13
1787980098.8 PING from=alpha exploring x=2.41 y=0.14
1787980102.9 PING from=alpha exploring x=2.40 y=-0.47
1787980122.5 PING from=alpha exploring x=1.98 y=-0.61
1787980127.4 PING from=alpha exploring x=1.97 y=-0.20
1787980133.8 PING from=alpha exploring x=1.99 y=-0.59
1787980139.1 PING from=alpha exploring x=1.97 y=-0.19
1787980395.9 PING from=alpha exploring x=1.48 y=0.00
1787980400.7 PING from=alpha exploring x=1.16 y=0.01
1787980406.0 PING from=alpha exploring x=1.15 y=0.36
1787980427.7 PING from=alpha exploring x=1.17 y=0.40
1787980434.3 PING from=alpha exploring x=1.18 y=-0.04
1787980439.1 PING from=alpha exploring x=1.18 y=0.40
1787980588.3 PING from=alpha exploring x=2.69 y=1.19
1787980642.1 PING from=alpha exploring x=2.58 y=1.13
1787980648.0 PING from=alpha exploring x=2.29 y=1.12
1787980654.8 PING from=alpha exploring x=2.71 y=1.14
1787980661.7 PING from=alpha exploring
1787980665.9 PING from=alpha exploring
1787980670.6 PING from=alpha exploring
1787981467.2 PING from=alpha exploring x=1.06 y=2.81
1787981471.2 PING from=alpha exploring x=1.07 y=2.19
1787981475.2 PING from=alpha exploring x=1.10 y=2.07
1787981481.1 PING from=alpha exploring x=1.62 y=2.10
1787981486.4 PING from=alpha exploring x=1.61 y=2.49
1787981497.2 PING from=alpha exploring x=1.83 y=2.55
1787981503.3 PING from=alpha exploring x=1.84 y=2.26
1787981507.9 PING from=alpha exploring x=1.81 y=2.53
1787981538.6 PING from=alpha exploring x=2.34 y=2.52
1787981542.7 PING from=alpha exploring x=2.34 y=2.28
1787981828.3 beta: FYI d5 port = signal strength to other robot (1.0=adjacent). goal still not found by me. continuing explore. protocol stands: finder stops on goal + GOALFOUND every 10s.
1787981902.6 PING from=alpha exploring x=2.50 y=4.60
1787981908.1 PING from=alpha exploring x=1.69 y=4.54
1787981913.3 PING from=alpha exploring x=1.72 y=3.81
1787981917.3 PING from=alpha exploring x=1.76 y=2.74
1787981922.0 PING from=alpha exploring x=1.79 y=2.00
1787982049.8 PING from=alpha exploring x=2.82 y=-0.56
1787982054.2 PING from=alpha exploring x=2.84 y=-0.91
1787982294.5 PING from=alpha exploring x=2.88 y=5.06
1787982299.6 PING from=alpha exploring x=2.54 y=5.04
1787982303.6 PING from=alpha exploring x=2.53 y=4.16
1787982307.8 PING from=alpha exploring x=2.53 y=2.98
1787982312.7 PING from=alpha exploring x=2.53 y=2.65
1787982350.4 PING from=alpha exploring x=2.49 y=2.61
1787982354.5 PING from=alpha exploring x=2.50 y=2.81
1787982358.5 PING from=alpha exploring x=2.45 y=3.96
1787982362.8 PING from=alpha exploring x=2.41 y=4.70
1787982368.4 PING from=alpha exploring x=2.40 y=5.00
1787982372.7 PING from=alpha exploring x=2.43 y=3.82
1787982377.7 PING from=alpha exploring x=2.48 y=2.75
