t=0 d4=313.4 d11=0.312 g=0 h=0 far=[(1.4, 148), (1.5, 146), (1.5, 146), (1.5, 146)]
t=5 d4=309.4 d11=0.322 g=0 h=0 far=[(1.5, 146), (1.5, 146), (1.5, 146), (1.5, 146)]
t=10 d4=312.0 d11=0.327 g=None h=None far=[(1.4, 148), (1.4, 148), (1.5, 146), (1.5, 146)]
t=15 d4=309.5 d11=0.307 g=None h=None far=[(1.4, 148), (1.5, 146), (1.5, 146), (1.5, 146)]
t=20 d4=307.6 d11=0.284 g=0 h=0 far=[(1.4, 148), (1.4, 148), (1.5, 146), (1.5, 146)]
t=25 d4=310.0 d11=0.280 g=0 h=0 far=[(1.5, 146), (1.5, 146), (1.5, 146), (1.5, 146)]
t=30 d4=311.4 d11=0.299 g=0 h=0 far=[(1.4, 148), (1.5, 146), (1.5, 146), (1.5, 146)]
t=35 d4=307.5 d11=0.303 g=None h=None far=[(1.5, 146), (1.5, 146), (1.5, 146), (1.5, 146)]
t=40 d4=311.7 d11=0.325 g=None h=None far=[(1.4, 148), (1.5, 146), (1.5, 146), (1.5, 146)]
t=45 d4=313.7 d11=0.346 g=0 h=0 far=[(1.4, 148), (1.4, 148), (1.4, 148), (1.5, 146)]
t=50 d4=310.4 d11=0.372 g=0 h=0 far=[(1.5, 146), (1.5, 146), (1.5, 146), (1.5, 146)]
t=55 d4=307.7 d11=0.351 g=0 h=0 far=[(1.4, 148), (1.5, 146), (1.5, 146), (1.5, 146)]
t=60 d4=312.3 d11=0.337 g=0 h=0 far=[(1.4, 148), (1.4, 148), (1.5, 146), (1.5, 146)]
t=65 d4=313.5 d11= g=None h=None far=[(1.4, 148), (1.5, 146), (1.5, 146), (1.5, 146)]
t=70 d4=312.1 d11=0.335 g=0 h=0 far=[(1.4, 148), (1.4, 148), (1.5, 146), (1.5, 146)]
t=75 d4=313.0 d11=0.350 g=0 h=0 far=[(1.5, 146), (1.5, 146), (1.5, 146), (1.5, 146)]
t=80 d4=311.0 d11=0.347 g=None h=None far=[(1.5, 146), (1.5, 146), (1.5, 146), (1.5, 146)]
t=85 d4=310.6 d11=0.333 g=0 h=0 far=[(1.5, 146), (1.5, 146), (1.5, 146), (1.5, 146)]
t=90 d4=310.6 d11=0.360 g=None h=None far=[(1.5, 146), (1.5, 146), (1.5, 146), (1.5, 146)]
t=95 d4=312.0 d11=0.331 g=None h=None far=[(1.4, 148), (1.4, 148), (1.5, 146), (1.5, 146)]
t=100 d4=312.5 d11=0.324 g=None h=None far=[(1.5, 146), (1.5, 146), (1.5, 146), (1.5, 146)]
t=105 d4=310.3 d11=0.348 g=0 h=0 far=[(1.5, 146), (1.5, 146), (1.5, 146), (1.5, 146)]
t=110 d4=309.5 d11=0.335 g=0 h=0 far=[(1.4, 128), (1.4, 148), (1.5, 146), (1.5, 146)]
t=115 d4=310.4 d11=0.351 g=0 h=0 far=[(1.4, 148), (1.4, 148), (1.4, 148), (1.5, 146)]
t=120 d4=313.1 d11=0.352 g=0 h=0 far=[(1.5, 146), (1.5, 146), (1.5, 146), (1.5, 146)]
t=125 d4=309.9 d11=0.341 g=None h=None far=[(1.5, 146), (1.5, 146), (1.5, 146), (1.5, 146)]
t=130 d4= d11=0.356 g=None h=None far=[(1.4, 148), (1.5, 146), (1.5, 146), (1.5, 146)]
t=135 d4=311.3 d11=0.325 g=0 h=0 far=[(1.5, 146), (1.5, 146), (1.5, 146), (1.5, 146)]
t=140 d4=309.5 d11=0.329 g=None h=None far=[(1.4, 148), (1.5, 146), (1.5, 146), (1.5, 146)]
t=145 d4=311.7 d11=0.325 g=None h=None far=[(1.5, 146), (1.5, 146), (1.5, 146), (1.5, 146)]
t=150 d4=307.7 d11=0.342 g=None h=None far=[(1.4, 148), (1.4, 128), (1.4, 148), (1.5, 146)]
t=155 d4=310.2 d11=0.360 g=0 h=0 far=[(1.5, 146), (1.5, 146), (1.5, 146), (1.5, 146)]
t=160 d4=313.1 d11=0.370 g=None h=None far=[(1.4, 128), (1.5, 146), (1.5, 146), (1.5, 146)]
t=165 d4=310.1 d11=0.375 g=0 h=0 far=[(1.5, 146), (1.5, 146), (1.5, 146), (1.5, 146)]
t=170 d4=312.5 d11=0.369 g=0 h=0 far=[(1.4, 148), (1.4, 148), (1.5, 146), (1.5, 146)]
t=175 d4=314.3 d11=0.367 g=0 h=0 far=[(1.5, 146), (1.5, 146), (1.5, 146), (1.5, 146)]
t=180 d4=308.1 d11=0.372 g=0 h=0 far=[(1.4, 148), (1.5, 146), (1.5, 146), (1.5, 146)]
t=185 d4=308.3 d11=0.379 g=0 h=0 far=[(1.4, 148), (1.5, 146), (1.5, 146), (1.5, 146)]
t=190 d4=313.3 d11=0.376 g=0 h=0 far=[(1.5, 146), (1.5, 146), (1.5, 146), (1.5, 146)]
