1787982086.2 START explore5
1787982086.2 POS 0.0 0.0 h 347.2 d5 0.171 st tick=97194 goal=0 here=0 l 0.42,0.41,0.40,0.52,1.36,0.52,0.31,0.12,0.11,0.14,0.20,0.26,0.50,1.23,0.72,0.50
1787982089.3 POS 0.34 -0.07 h 57.4 d5 0.181 st tick=97497 goal=0 here=0 l 0.35,1.29,0.95,0.51,0.36,0.28,0.33,0.41,0.58,1.29,0.81,0.37,0.27,0.25,0.21,0.23
1787982092.3 POS 0.27 -0.79 h 127.0 d5 0.199 st tick=97798 goal=0 here=0 l 0.42,0.26,0.31,0.30,0.33,0.58,1.33,0.88,0.46,0.24,0.20,0.16,0.22,0.39,0.94,0.92
1787982095.3 POS 0.07 -0.64 h 245.5 d5 0.178 st tick=98102 goal=0 here=0 l 0.52,1.58,0.82,0.52,3.00,0.32,0.28,0.47,1.03,1.02,0.27,0.24,0.24,0.17,0.22,0.24
1787982098.4 POS 0.24 0.12 h 297.7 d5 0.166 st tick=98411 goal=0 here=0 l 0.44,0.35,0.26,0.30,0.31,0.37,0.85,1.38,0.57,0.28,0.25,0.28,0.32,0.46,0.82,1.13
1787982101.4 POS 0.3 0.93 h 247.4 d5 0.167 st tick=98712 goal=0 here=0 l 0.72,0.76,0.54,0.35,0.20,0.18,0.24,0.34,0.62,1.73,0.78,0.44,0.32,0.28,0.25,0.40
1787982104.4 POS 0.15 1.73 h 284.6 d5 0.132 st tick=99013 goal=0 here=0 l 0.35,0.37,0.30,0.31,0.29,0.38,0.49,1.30,0.93,0.32,0.24,0.16,0.16,0.32,0.37,0.38
1787982107.4 POS 0.32 1.78 h 53.2 d5 0.132 st tick=99314 goal=0 here=0 l 0.36,0.98,1.88,0.65,0.34,0.28,0.25,3.00,0.43,0.37,0.28,0.31,0.21,0.18,0.22,0.23
1787982110.4 POS 0.35 1.04 h 121.1 d5 0.144 st tick=99616 goal=0 here=0 l 0.62,0.40,0.37,0.25,0.33,0.43,0.74,0.64,0.45,0.27,0.19,0.17,0.21,0.34,0.67,1.86
1787982113.5 POS 0.08 0.27 h 75.2 d5 0.150 st tick=99920 goal=0 here=0 l 1.47,0.91,0.32,0.23,0.22,0.19,0.22,0.38,0.69,1.08,0.65,0.42,0.34,0.35,0.40,0.52
1787982116.5 POS 0.39 -0.37 h 83.8 d5 0.179 st tick=100220 goal=0 here=0 l 1.12,1.18,0.46,0.42,0.36,0.31,0.47,0.72,1.47,0.62,0.34,0.20,0.14,3.00,0.19,0.22
1787982119.5 POS 0.24 -0.84 h 197.0 d5 0.172 st tick=100521 goal=0 here=0 l 0.29,0.35,0.61,1.65,0.86,0.36,0.25,0.18,0.17,0.34,0.98,0.86,0.81,0.37,0.23,0.27
1787982122.5 POS 0.02 -0.3 h 275.7 d5 0.143 st tick=100822 goal=0 here=0 l 1.40,0.72,0.48,0.43,0.33,0.37,0.44,1.18,1.14,0.36,0.20,0.17,0.13,0.13,0.23,0.43
1787982125.5 POS 0.33 0.46 h 283.9 d5 0.165 st tick=101122 goal=0 here=0 l 0.74,0.29,0.26,0.23,0.22,0.31,0.40,1.54,1.18,0.55,0.38,0.34,0.31,0.39,0.52,1.03
1787982128.5 POS 0.21 1.28 h 259.0 d5 0.150 st tick=101424 goal=0 here=0 l 0.62,0.55,0.39,0.28,0.28,0.26,0.29,0.49,1.06,1.13,0.42,0.21,0.20,0.21,0.27,0.32
1787982131.5 POS 0.22 1.85 h 337.1 d5 0.147 st tick=101725 goal=0 here=0 l 0.25,0.22,0.26,0.36,0.49,2.27,0.88,0.34,0.26,0.18,0.31,0.27,0.35,0.34,0.26,0.32
1787982134.6 POS 0.44 1.46 h 86.4 d5 0.132 st tick=102028 goal=0 here=0 l 1.10,1.25,0.57,0.34,0.33,0.34,0.51,0.57,0.47,0.44,0.25,0.16,0.14,0.16,0.20,0.24
1787982137.6 POS 0.12 0.7 h 112.2 d5 0.155 st tick=102330 goal=0 here=0 l 0.44,0.34,0.20,0.24,0.25,0.23,0.52,0.91,0.65,0.41,0.28,0.32,0.35,0.52,0.74,1.69
1787982140.6 POS 0.28 -0.07 h 47.8 d5 0.170 st tick=102634 goal=0 here=0 l 0.32,0.45,1.28,0.54,0.38,0.29,0.26,0.35,0.41,0.75,1.26,0.50,0.30,0.29,0.28,0.22
1787982143.6 POS 0.31 -0.73 h 115.4 d5 0.154 st tick=102936 goal=0 here=0 l 0.57,0.28,0.31,0.31,0.34,0.44,0.92,1.37,0.51,0.23,0.18,0.16,0.17,0.35,0.95,0.97
1787982146.7 POS 0.11 -0.68 h 242.6 d5 0.160 st tick=103237 goal=0 here=0 l 0.50,1.58,0.87,0.53,0.32,0.32,0.25,0.42,1.07,0.95,0.45,0.20,0.23,0.22,0.21,0.25
1787982149.7 POS 0.18 0.08 h 298.3 d5 0.152 st tick=103538 goal=0 here=0 l 3.00,0.38,0.30,0.33,0.32,0.45,1.36,1.05,0.52,0.25,0.21,0.26,0.28,0.44,0.81,1.14
1787982152.7 POS 0.33 0.88 h 250.4 d5 0.153 st tick=103843 goal=0 here=0 l 0.82,0.73,0.42,0.28,0.19,0.20,0.28,0.34,0.65,1.77,0.57,0.39,0.34,0.30,0.27,0.46
1787982155.7 POS 0.19 1.7 h 276.0 d5 0.137 st tick=104144 goal=0 here=0 l 0.40,0.34,0.35,0.28,0.26,0.32,0.40,0.99,1.79,0.33,0.25,0.22,0.18,0.27,0.34,0.42
1787982158.8 POS 0.31 1.8 h 49.9 d5 0.125 st tick=104448 goal=0 here=0 l 0.35,0.73,2.23,0.64,0.34,0.28,0.22,0.34,0.45,0.39,0.30,0.28,0.27,0.17,0.24,0.23
1787982161.8 POS 0.37 1.05 h 118.6 d5 0.151 st tick=104752 goal=0 here=0 l 0.65,0.40,0.39,0.27,0.33,0.43,0.74,0.64,0.43,0.26,0.17,0.14,0.20,0.34,0.63,1.88
1787982164.8 POS 0.08 0.29 h 80.8 d5 0.150 st tick=105055 goal=0 here=0 l 1.47,0.66,0.27,0.21,0.22,0.20,0.20,0.37,0.72,1.03,0.53,0.40,0.34,0.38,0.41,0.57
1787982167.8 POS 0.4 -0.36 h 79.7 d5 0.169 st tick=105355 goal=0 here=0 l 1.10,1.17,0.49,0.46,0.37,0.32,0.43,0.67,1.44,0.67,0.36,0.23,0.16,0.14,0.18,0.23
1787982170.9 POS 0.23 -0.87 h 189.3 d5 0.172 st tick=105658 goal=0 here=0 l 0.30,0.33,0.38,0.96,1.41,0.56,0.28,0.19,0.18,0.30,0.40,0.89,0.89,0.39,0.22,0.23
1787982173.9 POS 0.02 -0.36 h 268.0 d5 0.165 st tick=105961 goal=0 here=0 l 1.47,0.91,0.50,0.43,0.33,0.37,0.44,1.18,1.13,0.34,0.23,0.17,0.15,0.11,0.16,0.43
1787982176.9 POS 0.34 0.41 h 285.9 d5 0.158 st tick=106261 goal=0 here=0 l 0.78,0.30,0.26,0.21,0.23,0.32,0.37,1.51,1.01,3.00,0.36,0.33,0.30,0.39,0.56,1.08
1787982179.9 POS 0.22 1.23 h 255.6 d5 0.148 st tick=106564 goal=0 here=0 l 0.64,0.59,0.44,0.30,0.30,0.23,0.25,0.46,0.89,1.57,0.56,0.37,0.19,0.22,0.25,0.32
1787982183.0 POS 0.25 1.88 h 319.7 d5 0.139 st tick=106872 goal=0 here=0 l 0.32,0.22,0.26,0.26,0.40,0.77,2.28,0.66,0.32,0.23,0.24,0.32,0.39,0.33,0.28,3.00
1787982186.0 POS 0.45 1.54 h 77.9 d5 0.156 st tick=107173 goal=0 here=0 l 0.85,1.79,0.73,0.37,0.34,0.34,0.46,0.56,0.50,0.39,0.22,0.20,0.14,0.17,0.20,0.24
1787982189.0 POS 0.19 0.79 h 123.2 d5 0.149 st tick=107477 goal=0 here=0 l 0.43,0.26,0.26,0.26,0.20,0.35,0.84,0.79,0.48,0.33,0.27,0.30,0.33,0.55,1.20,0.94
1787982192.1 POS 0.22 0.0 h 53.5 d5 0.151 st tick=107779 goal=0 here=0 l 0.39,0.79,1.32,0.53,0.32,0.24,0.26,0.31,0.38,0.83,1.18,0.49,0.36,0.30,0.32,0.29
1787982195.1 POS 0.36 -0.63 h 111.3 d5 0.175 st tick=108081 goal=0 here=0 l 0.71,0.40,0.34,0.35,0.36,0.40,0.83,1.58,0.65,0.28,0.17,0.15,0.16,0.14,0.43,0.96
