1787982532.0 START frontier2
1787982532.0 NOFRONTIER 1
1787982532.0 POS 0.0 0.0 h 191.2 d5 0.216 st tick=141774 goal=0 here=0 pl 0 occ 15 free 98
1787982532.0 NOFRONTIER 2
1787982532.1 NOFRONTIER 3
1787982535.0 POS -0.32 0.46 h 253.6 d5 0.194 st tick=142077 goal=0 here=0 pl 17 occ 184 free 533
1787982538.0 POS -0.46 1.03 h 280.3 d5 0.200 st tick=142377 goal=0 here=0 pl 23 occ 300 free 570
1787982540.4 NOFRONTIER 4
1787982540.5 NOFRONTIER 5
1787982540.5 NOFRONTIER 6
1787982540.5 OCC-RESET
1787982541.0 POS -0.47 1.54 h 214.4 d5 0.169 st tick=142677 goal=0 here=0 pl 12 occ 91 free 620
1787982544.1 POS -0.62 1.25 h 120.5 d5 0.181 st tick=142979 goal=0 here=0 pl 21 occ 179 free 645
1787982547.1 POS -0.64 1.43 h 277.9 d5 0.184 st tick=143282 goal=0 here=0 pl 21 occ 231 free 648
1787982550.1 POS -0.55 2.09 h 261.0 d5 0.150 st tick=143584 goal=0 here=0 pl 21 occ 250 free 667
1787982553.1 POS -0.66 2.26 h 115.9 d5 0.164 st tick=143885 goal=0 here=0 pl 39 occ 304 free 709
1787982556.1 POS -0.52 1.65 h 76.7 d5 0.184 st tick=144187 goal=0 here=0 pl 27 occ 336 free 692
1787982559.1 NOFRONTIER 1
1787982559.1 POS -0.54 1.03 h 130.2 d5 0.181 st tick=144488 goal=0 here=0 pl 0 occ 329 free 703
1787982559.2 NOFRONTIER 2
1787982559.2 NOFRONTIER 3
1787982559.3 NOFRONTIER 4
1787982559.3 NOFRONTIER 5
1787982559.4 NOFRONTIER 6
1787982559.4 OCC-RESET
1787982562.2 POS -0.64 0.47 h 76.1 d5 0.192 st tick=144789 goal=0 here=0 pl 21 occ 162 free 742
1787982565.2 POS -0.64 -0.05 h 91.5 d5 0.195 st tick=145092 goal=0 here=0 pl 17 occ 234 free 810
1787982568.2 POS -0.11 -0.18 h 334.0 d5 0.223 st tick=145393 goal=0 here=0 pl 17 occ 304 free 1084
1787982571.3 POS 0.0 0.27 h 280.4 d5 0.224 st tick=145700 goal=0 here=0 pl 17 occ 448 free 1091
1787982574.3 POS 0.07 0.65 h 356.8 d5 0.231 st tick=146004 goal=0 here=0 pl 15 occ 573 free 1135
1787982577.3 POS 0.19 0.31 h 81.3 d5 0.203 st tick=146305 goal=0 here=0 pl 20 occ 602 free 1159
1787982580.3 POS -0.01 0.42 h 233.8 d5 0.210 st tick=146603 goal=0 here=0 pl 20 occ 599 free 1170
1787982583.3 POS -0.07 0.58 h 31.1 d5 0.204 st tick=146905 goal=0 here=0 pl 20 occ 635 free 1136
1787982586.4 POS 0.09 0.19 h 358.7 d5 0.208 st tick=147209 goal=0 here=0 pl 14 occ 616 free 1173
1787982589.4 POS 0.15 0.59 h 303.9 d5 0.217 st tick=147513 goal=0 here=0 pl 17 occ 667 free 1129
1787982592.4 POS 0.18 0.35 h 94.2 d5 0.205 st tick=147815 goal=0 here=0 pl 17 occ 676 free 1134
1787982595.5 POS 0.22 0.19 h 300.0 d5 0.225 st tick=148124 goal=0 here=0 pl 15 occ 668 free 1161
1787982598.5 POS 0.25 0.82 h 296.5 d5 0.217 st tick=148419 goal=0 here=0 pl 16 occ 728 free 1154
1787982599.5 ESCAPE 0.35 1.0
1787982601.5 POS 0.37 1.12 h 274.3 d5 0.210 st tick=148719 goal=0 here=0 pl 13 occ 864 free 1346
1787982604.5 POS 0.43 1.39 h 23.0 d5 0.203 st tick=149021 goal=0 here=0 pl 14 occ 967 free 1373
1787982607.5 POS 0.58 1.05 h 17.1 d5 0.220 st tick=149322 goal=0 here=0 pl 11 occ 1006 free 1414
1787982610.5 POS 0.56 1.42 h 249.7 d5 0.211 st tick=149625 goal=0 here=0 pl 11 occ 1069 free 1377
1787982613.5 POS 0.64 2.03 h 252.9 d5 0.200 st tick=149926 goal=0 here=0 pl 21 occ 1206 free 1455
1787982616.5 POS 0.62 2.59 h 331.5 d5 0.216 st tick=150227 goal=0 here=0 pl 17 occ 1330 free 1528
1787982619.6 POS 0.65 2.23 h 81.1 d5 0.225 st tick=150533 goal=0 here=0 pl 17 occ 1347 free 1562
1787982622.6 POS 0.71 2.23 h 278.3 d5 0.214 st tick=150830 goal=0 here=0 pl 34 occ 1380 free 1590
1787982625.6 POS 0.66 2.59 h 180.3 d5 0.218 st tick=151136 goal=0 here=0 pl 19 occ 1410 free 1582
1787982628.6 POS 0.71 2.11 h 27.7 d5 0.226 st tick=151435 goal=0 here=0 pl 13 occ 1402 free 1632
1787982629.7 NOFRONTIER 1
1787982629.8 NOFRONTIER 2
1787982629.8 NOFRONTIER 3
1787982631.6 POS 1.04 2.22 h 268.3 d5 0.221 st tick=151736 goal=0 here=0 pl 13 occ 1560 free 2155
1787982634.6 POS 1.07 2.83 h 289.5 d5 0.216 st tick=152037 goal=0 here=0 pl 14 occ 1687 free 2235
1787982637.6 POS 1.14 2.79 h 72.2 d5 0.228 st tick=152337 goal=0 here=0 pl 18 occ 1732 free 2267
1787982640.7 POS 1.23 2.58 h 310.1 d5 0.212 st tick=152639 goal=0 here=0 pl 13 occ 1780 free 2273
1787982643.7 POS 1.24 3.18 h 280.5 d5 0.188 st tick=152943 goal=0 here=0 pl 14 occ 1860 free 2270
1787982645.0 ESCAPE 1.26 3.38
1787982646.7 POS 1.26 3.47 h 261.1 d5 0.185 st tick=153246 goal=0 here=0 pl 16 occ 1950 free 2395
1787982649.7 POS 1.31 3.81 h 17.6 d5 0.171 st tick=153548 goal=0 here=0 pl 19 occ 2072 free 2431
1787982652.8 POS 1.45 3.37 h 29.3 d5 0.178 st tick=153850 goal=0 here=0 pl 14 occ 2095 free 2472
1787982655.8 POS 1.42 3.67 h 254.9 d5 0.190 st tick=154152 goal=0 here=0 pl 14 occ 2156 free 2468
1787982658.8 POS 1.5 4.22 h 301.1 d5 0.184 st tick=154453 goal=0 here=0 pl 15 occ 2262 free 2493
