1 leg->side fwd=0.15 H=-82.1 xy=(-2.25,-0.73) d5=0 d0=0 tick=278284 goal=0 here=0
2 side->leg fwd=0.38 H=-164.3 xy=(-2.26,-0.73) d5=0 d0=0 tick=278990 goal=0 here=0
3 leg->side fwd=0.32 H=-78.4 xy=(-2.26,-0.72) d5=0 d0=0 tick=279648 goal=0 here=0
4 side->leg fwd=0.38 H=6.1 xy=(1.19,1.38) d5=0 d0=0 tick=280243 goal=0 here=0
5 leg->side fwd=0.15 H=-78.2 xy=(1.31,1.41) d5=0 d0=0 tick=280885 goal=0 here=0
6 side->leg fwd=0.38 H=-160.9 xy=(-1.22,2.70) d5=0 d0=0 tick=281480 goal=0 here=0
7 leg->side fwd=0.32 H=-79.3 xy=(-1.06,2.32) d5=0 d0=0 tick=282168 goal=0 here=0
8 side->leg fwd=0.38 H=4.1 xy=(-1.01,2.59) d5=0 d0=0 tick=282738 goal=0 here=0
9 leg->side fwd=0.14 H=-80.2 xy=(-2.92,-0.53) d5=0 d0=0 tick=283365 goal=0 here=0
10 side->leg fwd=0.38 H=-167.5 xy=(-2.92,-0.53) d5=0 d0=0 tick=283991 goal=0 here=0
11 leg->side fwd=0.33 H=-84.1 xy=(-2.92,-0.53) d5=0 d0=0 tick=284628 goal=0 here=0
12 side->leg fwd=0.38 H=2.2 xy=(-2.92,-0.52) d5=0 d0=0 tick=285224 goal=0 here=0
13 leg->side fwd=0.16 H=-82.2 xy=(-4.70,-4.16) d5=0 d0=0 tick=285820 goal=0 here=0
14 side->leg fwd=0.38 H=-169.9 xy=(28.72,1.78) d5=0 d0=0 tick=286452 goal=0 here=0
15 leg->side fwd=0.31 H=-79.8 xy=(0.87,-9.35) d5=0 d0=0 tick=287078 goal=0 here=0
1 leg18 fwd=0.62 H=4.8 xy=(31.58,2.65) d5=0 d0=0 tick=288170 goal=0 here=0
2 leg17 fwd=0.60 H=5.4 xy=(31.65,2.66) d5=0 d0=0 tick=288244 goal=0 here=0
3 leg16 fwd=0.59 H=5.2 xy=(31.70,2.66) d5=0 d0=0 tick=288311 goal=0 here=0
4 leg15 fwd=0.56 H=2.2 xy=(31.76,2.67) d5=0 d0=0 tick=288383 goal=0 here=0
5 leg->side fwd=0.54 H=-88.5 xy=(32.26,2.76) d5=0 d0=0 tick=288451 goal=0 here=0
6 STALL
!!! EVENT c=7 d0=1 fl=tick=289317 goal=0 here=0
7 side9 fwd=0.44 H=-53.0 xy=(32.20,2.85) d5=0 d0=1 tick=289317 goal=0 here=0
8 side8 fwd=0.42 H=-51.2 xy=(32.22,2.82) d5=0 d0=0 tick=289385 goal=0 here=0
9 side8 fwd=0.41 H=-52.8 xy=(32.23,2.80) d5=0 d0=0 tick=289452 goal=0 here=0
10 side->leg fwd=0.40 H=-137.9 xy=(32.25,2.77) d5=0 d0=0 tick=289520 goal=0 here=0
11 STALL
12 leg->side fwd=0.42 H=-22.5 xy=(35.93,2.44) d5=0 d0=0 tick=290360 goal=0 here=0
13 side->leg fwd=0.48 H=61.4 xy=(33.73,9.34) d5=0 d0=0 
14 leg->side fwd=0.33 H=-23.6 xy=(37.56,2.19) d5= d0=0 tick=291617 goal=0 here=0
15 side11 fwd=0.48 H=-20.8 xy=(37.56,2.19) d5=0 d0=0 tick=292212 goal=0 here=0
16 side10 fwd=0.46 H=-17.7 xy=(37.59,2.18) d5=0 d0=0 tick=292279 goal=0 here=0
17 side9 fwd=0.45 H=-21.4 xy=(37.62,2.16) d5=0 d0=0 tick=292346 goal=0 here=0
18 side9 fwd=0.43 H=-24.3 xy=(37.65,2.15) d5=0 d0=0 tick=292414 goal=0 here=0
19 side8 fwd=0.41 H=-22.9 xy=(37.68,2.14) d5=0 d0=0 tick=292481 goal=0 here=0
20 side->leg fwd=0.40 H=-106.8 xy=(37.71,2.12) d5=0 d0=0 tick=292548 goal=0 here=0
21 STALL
22 leg->side fwd=0.42 H=5.9 xy=(37.73,2.23) d5=0 d0=0 tick=293450 goal=0 here=0
23 side->leg fwd=0.38 H=90.9 xy=(36.00,5.88) d5=0 d0=0 tick=294044 goal=0 here=0
24 leg->side fwd=0.30 H=5.2 xy=(36.40,4.32) d5=0 d0=0 tick=294641 goal=0 here=0
25 side->leg fwd=0.38 H=-76.9 xy=(34.62,3.85) d5=0 d0=0 tick=295304 goal=0 here=0
26 leg->side fwd=0.43 H=10.5 xy=(34.32,7.66) d5=0 d0=0 tick=295962 goal=0 here=0
27 side->leg fwd=0.38 H=91.6 xy=(34.31,7.66) d5=0 d0=0 tick=296526 goal=0 here=0
28 leg->side fwd=0.31 H=-1.6 xy=(34.32,7.66) d5= d0=0 tick=297127 goal=0 here=0
29 side->leg fwd=0.39 H=-81.4 xy=(34.32,7.66) d5=0 d0=0 tick=297785 goal=0 here=0
30 leg->side fwd=0.43 H=5.7 xy=(34.32,7.66) d5=0 d0=0 tick=298389 goal=0 here=0
31 side->leg fwd=0.39 H=89.3 xy=(34.31,7.66) d5=0 d0=0 tick=298990 goal=0 here=0
32 leg->side fwd=0.32 H=2.2 xy=(34.32,7.66) d5=0 d0=0 tick=299591 goal=0 here=0
33 side->leg fwd=0.39 H=-83.9 xy=(34.32,7.66) d5=0 d0=0 tick=300218 goal=0 here=0
34 leg->side fwd=0.43 H=2.2 xy=(34.37,9.66) d5=0 d0=0 tick=300882 goal=0 here=0
35 side->leg fwd=0.38 H=86.3 xy=(31.56,9.97) d5=0 d0=0 tick=301508 goal=0 here=0
36 leg->side fwd=0.31 H=2.7 xy=(35.80,6.50) d5=0 d0=0 tick=302135 goal=0 here=0
37 side->leg fwd=0.38 H=-80.9 xy=(35.80,6.49) d5=0 d0=0 tick=302830 goal=0 here=0
38 leg->side fwd=0.43 H=7.6 xy=(35.80,6.50) d5=0 d0= tick=303467 goal=0 here=0
39 side->leg fwd=0.38 H=86.2 xy=(35.79,6.49) d5=0 d0=0 tick=304032 goal=0 here=0
40 leg->side fwd=0.32 H=1.6 xy=(35.80,6.50) d5=0 d0=0 tick=304634 goal=0 here=0
41 side->leg fwd=0.38 H=-79.5 xy=(35.80,6.49) d5=0 d0=0 tick=305263 goal=0 here=0
42 leg->side fwd=0.43 H=4.5 xy=(35.80,6.50) d5=0 d0=0 tick=305952 goal=0 here=0
43 side->leg fwd=0.38 H=86.8 xy=(32.28,7.67) d5=0 d0=0 tick=306522 goal=0 here=0
44 leg->side fwd=0.32 H=1.7 xy=(32.29,7.67) d5=0 d0=0 tick=307149 goal=0 here=0
45 side->leg fwd=0.38 H=-80.1 xy=(29.56,6.29) d5=0 d0=0 tick=307806 goal=0 here=0
46 leg->side fwd=0.43 H=-1.6 xy=(29.55,6.30) d5=0 d0=0 tick=308530 goal=0 here=0
47 side->leg fwd=0.38 H=76.0 xy=(29.83,10.88) d5=0 d0=0 tick=309125 goal=0 here=0
48 leg->side fwd=0.36 H=-11.8 xy=(31.14,6.36) d5=0 d0=0 tick=309694 goal=0 here=0
49 side->leg fwd=0.39 H=-90.6 xy=(31.15,6.36) d5=0 d0=0 tick=310357 goal=0 here=0
50 leg->side fwd=0.43 H=-3.1 xy=(31.14,6.36) d5=0 d0=0 tick=310920 goal=0 here=0
51 side->leg fwd=0.38 H=82.2 xy=(31.14,6.36) d5=0 d0=0 tick=311549 goal=0 here=0
52 leg->side fwd=0.34 H=-6.2 xy=(33.58,3.01) d5=0 d0=0 tick=312284 goal=0 here=0
53 side->leg fwd=0.38 H=-90.4 xy=(28.22,1.42) d5=0 d0=0 tick=312950 goal=0 here=0
54 leg->side fwd=0.43 H=-6.2 xy=(28.22,1.43) d5=0 d0=0 tick=313615 goal=0 here=0
55 side->leg fwd=0.38 H=72.7 xy=(27.96,4.22) d5=0 d0=0 tick=314192 goal=0 here=0
56 leg->side fwd=0.42 H=-13.6 xy=(27.97,4.23) d5=0 d0=0 tick=314747 goal=0 here=0
57 side->leg fwd=0.38 H=-98.8 xy=(27.66,3.90) d5=0 d0=0 tick=315381 goal=0 here=0
58 leg->side fwd=0.42 H=-40.9 xy=(2.28,24.79) d5=0 d0=0 tick=316017 goal=0 here=0
59 side->leg fwd=0.40 H=35.7 xy=(27.08,4.79) d5=0 d0=0 
60 leg->side fwd=0.38 H=-48.0 xy=(27.09,4.79) d5=0 d0=0 tick=317462 goal=0 here=0
61 side->leg fwd=0.38 H=-130.5 xy=(22.32,6.11) d5= d0=0 tick=318119 goal=0 here=0
62 leg->side fwd=0.42 H=-43.5 xy=(25.64,8.84) d5=0 d0=0 tick=318745 goal=0 here=0
63 side->leg fwd=0.38 H=38.2 xy=(-0.23,-10.71) d5=0 d0=0 tick=319315 goal=0 here=0
64 leg->side fwd=0.37 H=-45.4 xy=(25.40,5.03) d5=0 d0=0 tick=320007 goal=0 here=0
65 side->leg fwd=0.38 H=-130.4 xy=(25.40,5.02) d5=0 d0=0 tick=320632 goal=0 here=0
66 leg->side fwd=0.42 H=-43.2 xy=(29.56,2.26) d5= d0=0 tick=321233 goal=0 here=0
67 side->leg fwd=0.38 H=38.1 xy=(27.71,4.85) d5=0 d0=0 tick=321829 goal=0 here=0
68 leg->side fwd=0.37 H=-48.9 xy=(27.55,4.38) d5=0 d0=0 tick=322395 goal=0 here=0
69 side->leg fwd=0.38 H=-202.6 xy=(26.13,5.15) d5=0 d0=0 tick=323029 goal=0 here=0
70 leg->side fwd=0.21 H=-137.3 xy=(31.72,13.10) d5=0 d0=0 tick=323748 goal=0 here=0
71 side8 fwd=0.42 H=-135.1 xy=(31.72,13.10) d5=0 d0=0 tick=324477 goal=0 here=0
72 side8 fwd=0.41 H=-134.1 xy=(31.70,13.08) d5=0 d0=0 tick=324545 goal=0 here=0
73 side8 fwd=0.42 H=-135.0 xy=(31.68,13.06) d5=0 d0=0 tick=324612 goal=0 here=0
74 side8 fwd=0.41 H=-137.6 xy=(31.66,13.04) d5=0 d0=0 tick=324680 goal=0 here=0
75 side8 fwd=0.41 H=-133.9 xy=(31.64,13.02) d5=0 d0=0 tick=324747 goal=0 here=0
76 side8 fwd=0.40 H=-136.3 xy=(31.62,13.00) d5=0 d0=0 tick=324825 goal=0 here=0
77 side->leg fwd=0.39 H=-55.8 xy=(31.60,12.99) d5=0 d0=0 tick=324892 goal=0 here=0
78 STALL
79 leg->side fwd=0.46 H=-111.8 xy=(28.36,8.79) d5=0 d0=0 tick=325727 goal=0 here=0
80 side8 fwd=0.41 H=-114.7 xy=(28.36,8.79) d5=0 d0=0 tick=326420 goal=0 here=0
81 side8 fwd=0.40 H=-116.6 xy=(28.35,8.76) d5=0 d0=0 tick=326488 goal=0 here=0
82 side->leg fwd=0.39 H=-194.1 xy=(28.33,8.73) d5=0 d0=0 tick=326555 goal=0 here=0
83 STALL
84 leg->side fwd=0.31 H=-75.6 xy=(29.66,9.06) d5=0 d0=0 tick=327390 goal=0 here=0
85 side->leg fwd=0.37 H=-9.0 xy=(30.80,11.13) d5=0 d0=0 tick=327992 goal=0 here=0
86 leg->side fwd=0.31 H=-92.0 xy=(29.86,10.75) d5=0 d0=0 tick=328712 goal=0 here=0
87 side->leg fwd=0.30 H=-183.8 xy=(28.62,13.47) d5=0 d0=0 tick=329437 goal=0 here=0
88 leg->side fwd=0.31 H=-99.2 xy=(34.10,47.28) d5=0 d0=0 tick=330124 goal=0 here=0
89 side->leg fwd=0.30 H=-15.7 xy=(28.93,13.72) d5=0 d0=0 tick=330688 goal=0 here=0
90 leg->side fwd=0.31 H=-102.4 xy=(28.93,13.71) d5=0 d0=0 tick=331321 goal=0 here=0
91 side->leg fwd=0.30 H=-187.1 xy=(27.83,19.50) d5=0 d0=0 tick=331979 goal=0 here=0
92 leg->side fwd=0.30 H=-101.9 xy=(27.84,19.50) d5=0 d0=0 tick=332697 goal=0 here=0
93 side->leg fwd=0.30 H=-16.8 xy=(27.89,19.66) d5=0 d0=0 tick=333365 goal=0 here=0
94 leg->side fwd=0.33 H=-100.4 xy=(23.69,17.13) d5=0 d0=0 tick=333960 goal=0 here=0
95 side->leg fwd=0.30 H=-183.8 xy=(23.68,17.12) d5=0 d0=0 tick=334617 goal=0 here=0
96 leg->side fwd=0.29 H=-96.9 xy=(23.69,17.13) d5=0 d0=0 tick=335253 goal=0 here=0
97 side->leg fwd=0.31 H=-18.9 xy=(26.64,17.64) d5=0 d0=0 tick=335848 goal=0 here=0
98 leg->side fwd=0.33 H=-107.6 xy=(24.81,17.93) d5=0 d0=0 tick=336360 goal=0 here=0
99 side->leg fwd=0.30 H=-192.3 xy=(24.80,17.92) d5=0 d0=0 tick=337022 goal=0 here=0
100 leg->side fwd=0.30 H=-105.4 xy=(27.88,15.02) d5=0 d0=0 tick=337710 goal=0 here=0
