{"x": 0.0, "y": 0.0, "h": 5.8, "s": [1.233, 0.39, 0.266, 0.569, 0.654, 0.789, 1.067, 0.297, 0.338, 0.259, 0.408, 0.338, 0.274, 0.35, 0.491, 1.064], "t": 1789622790.2316043}
{"x": 0.067, "y": 0.711, "h": 6.3, "s": [0.821, 0.917, 0.243, 0.098, 0.137, 0.187, 0.2, 1.835, -1.0, 0.749, 0.43, 0.353, 0.321, 0.424, 0.561, 0.82], "t": 1789622794.1538134}
{"x": 0.074, "y": 0.685, "h": 163.7, "s": [1.752, 0.689, 0.697, 0.41, 0.365, 0.328, 0.45, 0.596, 0.827, 0.845, 0.33, 0.146, 0.131, 0.167, 0.188, 0.208], "t": 1789622797.4818027}
{"x": 0.074, "y": 0.685, "h": 164.9, "s": [1.777, 0.686, 0.69, 0.406, 0.365, 0.314, 0.438, 0.616, 0.821, 0.828, 0.334, 0.134, 0.113, 0.144, 0.178, 0.202], "t": 1789622797.6839247}
{"x": 0.042, "y": 0.844, "h": 164.9, "s": [0.845, 0.79, 0.519, 0.389, 0.285, 0.344, 0.383, 0.575, 0.633, 0.687, 0.804, 1.126, 0.213, 0.198, 0.16, 0.331], "t": 1789622799.070711}
{"x": 0.075, "y": 0.869, "h": 49.6, "s": [1.069, 0.169, 0.186, -1.0, 0.149, 1.936, 0.835, 0.607, -1.0, 0.314, 0.379, 0.404, 0.573, 0.621, 0.667, 0.775], "t": 1789622802.0197756}
{"x": 0.303, "y": 1.346, "h": 27.1, "s": [0.247, 0.317, 0.646, 1.426, 0.662, 0.422, 0.355, 0.347, 1.33, 0.737, 0.6, 0.583, 0.41, 0.34, 0.228, 0.209], "t": 1789622806.1544828}
{"x": 1.012, "y": 1.302, "h": 90.9, "s": [0.77, 1.89, 1.122, 0.371, 0.271, 0.327, 0.458, 1.299, 1.205, 0.611, 0.265, 0.289, 0.208, 0.195, 0.378, 0.639], "t": 1789622812.1143525}
{"x": 1.619, "y": 1.03, "h": 111.8, "s": [1.33, 0.84, 0.685, 0.559, 0.616, 0.397, 0.361, 1.827, 1.268, 0.62, 0.483, 0.473, 0.435, 0.263, 0.25, 0.209], "t": 1789622816.9691393}
{"x": 1.639, "y": 1.022, "h": 110.4, "s": [-1.0, 0.832, 0.7, 0.592, 0.628, 0.533, 0.392, 1.003, 1.287, 0.65, 0.466, 0.49, 0.443, 0.258, 0.238, 0.164], "t": 1789622817.2855532}
{"x": 0.97, "y": 1.257, "h": 290.3, "s": [0.933, 0.345, 0.271, 0.29, 0.226, 0.362, 0.484, 0.775, 1.928, 1.305, 0.367, 0.232, 0.305, 0.417, 0.678, 1.228], "t": 1789622824.3267682}
{"x": 1.111, "y": 1.135, "h": 131.2, "s": [1.112, 0.187, 0.222, 0.164, 0.166, 0.378, 1.336, 1.144, 0.555, 0.429, 0.317, 0.433, 0.466, 0.644, 0.679, 1.796], "t": 1789622828.3490946}
{"x": 1.786, "y": 0.927, "h": 104.6, "s": [1.13, 0.751, 0.591, 0.491, 0.463, 0.598, 0.547, 0.491, 1.834, 0.807, 0.578, 0.508, 0.256, 0.086, 0.132, 0.239], "t": 1789622833.275435}
{"x": 2.476, "y": 0.743, "h": 101.7, "s": [0.481, 0.523, 0.357, 0.345, -1.0, 0.377, 0.64, 1.068, 2.611, 0.303, 0.262, 0.705, 0.669, 0.789, 1.205, 0.428], "t": 1789622837.2720315}
{"x": 3.069, "y": 1.132, "h": 52.5, "s": [0.483, 0.437, 0.498, 0.525, 0.736, 1.262, 0.506, 0.847, 1.255, 0.905, 1.102, 0.654, 0.341, 0.265, 0.296, 0.278], "t": 1789622842.476863}
{"x": 3.285, "y": 0.46, "h": 162.9, "s": [0.642, 0.623, 0.673, 0.941, 1.632, 0.26, 0.31, 0.474, 0.953, 0.881, 0.512, 0.338, 0.279, 0.215, 0.283, 0.34], "t": 1789622849.04026}
{"x": 3.209, "y": 0.432, "h": 248.7, "s": [1.515, 0.184, 0.184, 0.393, 1.009, 0.913, 0.764, 0.404, 0.398, 0.268, 0.371, 0.377, 0.653, 0.618, 0.626, 0.86], "t": 1789622851.7212868}
{"x": 3.2, "y": 0.429, "h": 249.1, "s": [1.499, 0.18, 0.181, 0.362, 1.052, 0.925, 0.746, 0.396, 0.389, 0.296, 0.353, 0.402, 0.64, 0.613, 0.604, 0.854], "t": 1789622851.9680333}
{"x": 3.109, "y": 0.663, "h": 335.7, "s": [0.267, 0.695, 0.807, 0.601, 0.454, 0.433, 0.418, 0.599, 0.869, 0.777, 0.894, 0.122, 0.117, 0.125, 0.165, 0.189], "t": 1789622855.679231}
{"x": 3.29, "y": 1.192, "h": 20.1, "s": [0.183, 0.304, 0.345, 0.237, 0.348, 0.325, 0.643, 1.256, 1.324, 0.426, 1.629, 1.219, 0.828, 0.323, 0.272, 0.201], "t": 1789622859.9714954}
{"x": 2.58, "y": 1.16, "h": 265.4, "s": [0.594, 0.614, 0.5, 0.323, 0.324, 0.301, 0.384, 0.649, 0.896, 0.958, 0.489, 0.778, 0.737, 0.726, 0.232, 0.479], "t": 1789622866.2314115}
{"x": 2.844, "y": 1.081, "h": 108.5, "s": [0.7, 0.207, 0.255, 0.634, 0.696, 0.784, 1.224, 0.77, 0.909, 0.589, 0.449, 0.395, 0.34, 0.48, 0.747, 0.696], "t": 1789622870.6687796}
{"x": 2.652, "y": 0.979, "h": 240.4, "s": [1.019, 0.433, 0.665, 0.732, 0.545, 0.488, 0.517, 0.553, 0.929, 0.896, 0.327, 0.358, 0.609, 0.51, 0.578, 0.745], "t": 1789622874.4378312}
{"x": 2.041, "y": 0.617, "h": 242.2, "s": [0.336, 0.631, 0.614, 1.437, 0.966, 0.36, 0.319, 0.434, 1.561, 0.833, 0.658, 0.285, 0.226, 0.273, 0.248, 0.253], "t": 1789622878.3683991}
{"x": 2.654, "y": 0.981, "h": 58.6, "s": [0.926, 0.844, 0.28, 0.292, 0.57, 0.484, 0.535, 0.643, 1.02, 1.224, 0.711, 0.793, 0.584, 0.495, 0.513, 0.541], "t": 1789622885.3716776}
{"x": 2.506, "y": 0.954, "h": 257.7, "s": [1.068, 0.095, 0.686, 0.63, 0.55, 0.509, 0.574, 0.799, 1.021, 0.405, 0.531, 0.603, 0.536, 0.52, 0.666, 0.898], "t": 1789622889.2433217}
{"x": 2.254, "y": 1.315, "h": 324.3, "s": [0.613, 0.52, 0.531, 0.57, 0.796, 0.961, 0.408, 0.446, 0.627, 0.507, 0.522, 0.562, 0.866, 1.151, 0.189, 0.684], "t": 1789622893.3815644}
{"x": 2.94, "y": 1.509, "h": 76.5, "s": [0.309, 0.358, 0.342, 0.611, 0.983, 1.172, 0.484, 0.293, -1.0, 1.235, 0.732, 0.38, 0.327, 0.285, 0.352, 0.461], "t": 1789622900.073287}
{"x": 2.243, "y": 1.616, "h": 277.9, "s": [0.579, 0.427, 0.308, 0.259, 0.271, 0.256, 0.381, 0.711, 1.027, 1.176, 0.778, 0.764, 0.782, 0.255, 0.447, 0.552], "t": 1789622906.6997986}
{"x": 2.521, "y": 1.452, "h": 116.0, "s": [0.866, 0.24, 0.606, 0.586, 0.71, 1.011, 0.347, 0.808, 0.782, 0.554, 0.399, 0.377, 0.398, 0.528, 0.76, 0.671], "t": 1789622911.7950847}
{"x": 1.901, "y": 1.461, "h": 272.6, "s": [0.215, 0.266, 0.358, 0.385, 0.392, 0.399, 0.543, 0.906, 1.328, 0.752, 0.172, 0.141, 0.138, 0.131, 0.162, 0.236], "t": 1789622918.4588263}
{"x": 1.912, "y": 1.46, "h": 98.3, "s": [1.283, 0.182, 0.152, 0.141, 0.153, 0.131, 0.167, 0.239, 0.226, 0.293, 0.388, 0.349, 0.452, 0.476, 0.62, 1.342], "t": 1789622921.8511362}
{"x": 1.751, "y": 1.475, "h": 99.5, "s": [0.889, 0.255, 0.209, 0.122, 0.096, 0.119, 0.137, 0.094, 0.093, 0.124, 0.255, 0.362, 0.303, 0.442, 0.627, 1.475], "t": 1789622923.220399}
{"x": 2.442, "y": 1.656, "h": 75.6, "s": [0.501, 0.768, 0.852, 1.233, 0.83, 0.847, 0.926, 0.457, 0.799, 0.757, 0.389, 0.294, 0.197, 0.222, 0.196, 0.27], "t": 1789622928.2603552}
{"x": 3.016, "y": 1.318, "h": 118.8, "s": [0.219, 0.397, 0.721, 1.097, 1.206, 0.427, 0.354, 1.278, 1.031, 0.591, 0.523, 0.457, 0.545, 0.309, 0.22, 0.183], "t": 1789622933.2760708}
{"x": 2.95, "y": 0.61, "h": 186.6, "s": [0.363, 0.405, 0.534, 1.342, 2.38, 0.361, 0.37, 1.174, 1.097, 0.521, 0.292, 0.289, 0.245, 0.213, 0.385, 0.425], "t": 1789622938.7060177}
{"x": 2.277, "y": 0.397, "h": 248.9, "s": [0.681, 1.645, 0.76, 0.491, 0.374, 0.347, 0.425, 1.108, 0.907, 0.901, 0.353, 0.227, 0.141, 0.136, 0.18, 0.904], "t": 1789622944.0786598}
{"x": 1.742, "y": 0.411, "h": 271.0, "s": [1.105, 1.821, 0.578, 0.376, 0.316, 0.407, 0.488, 1.513, 1.344, 0.46, 0.838, 0.648, 0.671, 0.418, 0.22, 0.206], "t": 1789622948.2019475}
{"x": 1.086, "y": 0.673, "h": 293.4, "s": [1.175, 0.98, 0.704, 0.143, 0.146, 0.205, 0.312, 1.976, 1.124, 0.471, 0.368, 0.35, 0.359, 0.516, 0.522, 0.598], "t": 1789622953.2740672}
{"x": 1.455, "y": 0.665, "h": 87.2, "s": [1.654, 1.088, 1.235, 0.951, 0.334, 0.319, 0.467, 0.87, 0.901, 1.441, 0.239, 0.133, 0.093, 0.104, 0.123, 0.206], "t": 1789622958.462656}
{"x": 0.776, "y": 0.874, "h": 284.9, "s": [1.484, 0.234, 0.162, 0.099, 0.112, 0.099, 0.166, 1.62, 1.395, 1.265, 0.961, 0.34, 0.365, 0.463, 0.812, 0.909], "t": 1789622966.0411634}
{"x": 0.083, "y": 1.022, "h": 282.6, "s": [1.373, 0.251, 0.194, 0.078, 0.082, 0.099, 0.17, 0.296, 1.66, -1.0, 1.008, 0.328, 0.383, 0.455, 0.596, 0.862], "t": 1789622969.9632592}
{"x": -0.626, "y": 1.136, "h": 279.6, "s": [1.391, 0.259, 0.21, 0.11, 0.08, 0.116, 0.166, 0.247, 1.684, 0.765, 1.037, 0.328, 0.375, 0.448, 0.577, 0.866], "t": 1789622973.8923829}
{"x": -1.331, "y": 1.236, "h": 276.2, "s": [0.905, 0.242, 0.182, 0.12, 0.088, 0.103, 0.159, 0.223, 1.64, 0.828, 1.065, 0.345, 0.381, 0.347, 0.55, 0.856], "t": 1789622977.819831}
{"x": -0.875, "y": 0.699, "h": 142.4, "s": [0.538, 0.388, 0.37, 0.46, 0.452, 0.362, 0.348, 0.377, 0.893, 0.595, 0.642, 0.673, 1.595, 0.235, 1.166, 1.323], "t": 1789622984.4955091}
{"x": -0.821, "y": 0.739, "h": 50.8, "s": [1.439, 0.203, 1.177, 0.738, 0.544, 0.395, 0.402, 0.52, 0.419, 0.438, 0.389, 2.037, 0.68, 0.543, 0.569, 0.729], "t": 1789622986.7783866}
{"x": -0.822, "y": 0.738, "h": 52.1, "s": [1.444, 0.211, 1.182, 0.736, 0.527, 0.374, 0.408, 0.513, 0.431, 0.464, 0.368, 2.046, 0.677, -1.0, 0.582, 0.717], "t": 1789622986.9550672}
{"x": -0.952, "y": 0.641, "h": 57.6, "s": [1.542, 0.865, 1.231, 0.589, 0.339, 0.322, 0.38, 0.449, 0.254, 0.295, 0.272, 0.317, 0.824, 0.608, 0.7, 0.772], "t": 1789622988.3507028}
{"x": -0.808, "y": 0.736, "h": 54.9, "s": [1.444, 0.183, 1.15, 0.722, 0.538, 0.386, 0.43, -1.0, 0.428, 0.459, 0.385, 2.02, 0.686, 0.562, 0.566, 0.722], "t": 1789622989.4305818}
{"x": -0.808, "y": 0.736, "h": 54.0, "s": [1.442, 0.209, 1.165, 0.726, 0.533, 0.391, 0.409, 0.522, 0.425, 0.472, 0.384, 2.019, 0.679, 0.554, 0.562, 0.723], "t": 1789622989.6427412}
{"x": -0.937, "y": 0.635, "h": 57.3, "s": [1.484, 0.872, 1.247, 0.568, 0.358, 0.325, 0.395, 0.462, 0.268, 0.299, 0.258, 0.321, 0.755, 0.611, -1.0, 0.86], "t": 1789622991.0382257}
{"x": -0.802, "y": 0.726, "h": 53.2, "s": [1.472, 0.192, 1.176, 0.711, 0.534, 0.378, 0.417, 0.521, 0.418, 0.453, 0.386, 1.988, 0.685, 0.568, 0.574, 0.737], "t": 1789622992.0347986}
{"x": -0.802, "y": 0.726, "h": 59.3, "s": [1.441, 0.18, 1.166, 0.721, 0.522, 0.394, 0.414, 0.533, 0.428, 0.444, 0.386, 2.02, 0.69, 0.58, 0.572, 0.734], "t": 1789622992.2294679}
{"x": -1.377, "y": 1.136, "h": 304.1, "s": [0.395, 0.263, 0.23, 0.181, 0.229, 0.294, 1.678, 1.432, 1.254, 0.924, 0.277, 0.271, 0.355, 0.476, 0.783, 0.879], "t": 1789622998.6233535}
{"x": -0.678, "y": 1.008, "h": 100.0, "s": [1.036, 0.416, 0.273, 0.25, 0.668, 0.84, 0.674, 0.712, 1.53, 0.527, 0.358, 0.307, 0.3, 0.316, 0.513, 1.058], "t": 1789623005.688694}
{"x": -1.015, "y": 0.452, "h": 208.3, "s": [0.229, 0.249, 0.198, 0.151, 0.246, 0.302, 0.817, 0.809, 0.904, 0.478, 1.001, 1.329, 0.284, 0.203, 0.196, 0.216], "t": 1789623011.525899}
{"x": -0.564, "y": 0.415, "h": 90.2, "s": [0.881, 0.197, 0.189, 0.146, 0.091, 0.11, 0.161, 0.506, 0.578, 0.688, 1.16, 0.932, 0.347, 0.342, 0.53, 0.95], "t": 1789623016.1364188}
{"x": -0.565, "y": 0.415, "h": 93.6, "s": [0.86, 0.2, 0.194, 0.157, 0.1, 0.13, 0.16, 0.53, 0.578, 0.679, 1.148, 0.914, 0.355, 0.345, 0.563, 0.942], "t": 1789623016.3183782}
{"x": -0.728, "y": 0.42, "h": 98.6, "s": [1.039, 0.303, 0.139, 0.108, 0.116, 0.126, 0.277, 0.492, 0.434, 0.547, -1.0, 0.834, 0.848, 0.426, 0.585, 1.08], "t": 1789623017.6748345}
{"x": -0.588, "y": 0.403, "h": 95.1, "s": [0.898, 0.209, 0.207, 0.125, 0.099, 0.114, 0.141, 0.541, 0.547, 0.662, 1.073, 0.934, 0.348, 0.373, -1.0, 0.955], "t": 1789623018.5891926}
{"x": -0.567, "y": 0.401, "h": 95.4, "s": [0.881, 0.17, 0.182, 0.142, 0.109, 0.114, 0.141, 0.547, 0.572, 0.683, 1.084, 0.926, 0.361, 0.333, 0.572, 0.919], "t": 1789623018.910843}
{"x": -0.613, "y": 0.543, "h": 341.5, "s": [0.795, 0.187, 0.275, 0.241, 0.591, 0.969, 1.054, 0.292, 0.317, 0.22, 0.255, 0.473, 0.638, 0.631, 2.342, 0.923], "t": 1789623021.966888}
{"x": 0.102, "y": 0.519, "h": 91.5, "s": [0.297, 0.264, 0.374, 0.563, 1.747, 0.776, 0.295, -1.0, 1.248, 0.48, 0.341, 0.21, -1.0, 0.283, 0.3, 0.292], "t": 1789623028.3592389}
{"x": 0.102, "y": 0.519, "h": 182.2, "s": [1.734, 0.78, 0.344, 0.675, 1.306, 0.452, 0.321, 0.202, 0.242, 0.286, 0.318, 0.284, 0.294, 0.267, 0.365, 0.772], "t": 1789623044.3493004}
{"x": 0.076, "y": -0.19, "h": 176.8, "s": [1.083, 0.542, 0.314, 0.215, 0.701, 0.748, 0.628, 0.96, 0.871, 0.783, 0.417, 0.244, 0.272, 0.285, 0.426, 1.172], "t": 1789623048.2517345}
{"x": 0.146, "y": -0.898, "h": 173.5, "s": [0.484, 0.42, 0.488, 0.352, 0.265, 0.254, 0.366, 0.632, 1.557, 0.709, 0.261, 0.198, 0.926, 0.984, 0.662, 0.473], "t": 1789623052.127506}
{"x": 0.826, "y": -1.084, "h": 103.3, "s": [0.282, 0.363, 0.289, 0.246, 0.25, 0.309, 0.477, 0.923, 0.937, 0.545, 0.605, 0.49, 0.521, 0.493, 0.362, 0.302], "t": 1789623057.550836}
{"x": 0.217, "y": -1.216, "h": 258.5, "s": [0.373, 0.383, 0.372, 0.638, 1.9, 0.521, 0.719, 1.048, 0.88, 0.811, 0.254, 0.196, 0.174, 0.174, 0.205, 0.211], "t": 1789623063.817933}
{"x": 0.205, "y": -1.218, "h": 257.7, "s": [0.377, 0.36, 0.354, 0.614, 1.426, 0.84, 0.724, 1.068, 0.891, -1.0, 0.26, 0.176, 0.188, 0.185, 0.179, 0.205], "t": 1789623064.093842}
{"x": 0.031, "y": -0.533, "h": 345.4, "s": [0.774, 1.26, 0.704, 0.398, 0.352, 0.285, 0.325, 0.973, 0.836, 0.754, 0.307, 0.245, 0.161, 0.131, 0.214, 0.286], "t": 1789623069.8607783}
{"x": -0.038, "y": -1.087, "h": 187.8, "s": [0.358, 0.267, 0.216, 0.087, 0.086, 0.125, 0.149, 0.353, 1.65, 0.786, 0.421, 1.147, 1.098, 0.798, 0.511, 0.423], "t": 1789623075.844457}
{"x": 0.175, "y": -1.03, "h": 71.5, "s": [0.905, 0.887, 0.909, 0.559, 0.488, 0.49, 0.478, 0.428, 0.287, 0.315, 0.375, 0.435, 1.138, 1.54, 0.229, 0.182], "t": 1789623079.230749}
{"x": 0.061, "y": -1.264, "h": 201.8, "s": [0.2, 0.315, 0.243, 0.284, 0.252, 0.323, 0.567, 1.784, 0.694, 0.762, 1.055, 0.957, 0.557, 0.333, 0.291, 0.231], "t": 1789623083.0660434}
{"x": 0.77, "y": -1.244, "h": 86.5, "s": [0.332, 0.34, 0.362, 0.256, 0.239, 0.263, 0.328, 0.687, 0.923, 0.907, 0.636, 0.574, 0.507, 0.558, 0.465, 0.326], "t": 1789623089.3271286}
{"x": 0.599, "y": -1.33, "h": 240.4, "s": [0.392, 0.755, 0.719, 0.921, 0.608, 0.596, 0.622, 0.759, 0.527, 0.473, 0.483, 0.265, 0.184, 0.159, 0.163, 0.195], "t": 1789623093.3200061}
{"x": 0.591, "y": -1.335, "h": 239.2, "s": [0.386, 0.753, 0.727, 0.91, 0.607, 0.613, 0.625, 0.751, 0.547, 0.466, 0.475, 0.237, 0.191, 0.134, 0.155, 0.186], "t": 1789623093.5337656}
{"x": 0.216, "y": -1.397, "h": 259.3, "s": [0.427, 0.415, 0.443, 0.702, 1.932, 0.677, 0.806, 0.984, 0.845, 0.416, 0.138, 0.138, 0.11, 0.131, 0.171, 0.182], "t": 1789623096.5185301}
{"x": 0.215, "y": -1.397, "h": 255.4, "s": [0.409, 0.39, 0.425, 0.738, 1.928, 0.68, 0.785, 0.973, 0.839, 0.4, 0.137, 0.142, 0.114, 0.145, 0.181, 0.167], "t": 1789623096.673007}
{"x": 0.781, "y": -0.956, "h": 52.1, "s": [0.371, 0.307, 0.306, 0.352, 0.482, 0.536, 0.512, 0.567, 0.865, 1.001, 0.428, 0.475, 0.309, 0.239, 0.241, 0.267], "t": 1789623103.2869}
{"x": 0.261, "y": -1.374, "h": 228.5, "s": [0.218, 0.272, 0.423, 0.439, 0.593, 1.503, 0.489, 0.712, 0.959, 0.83, 0.798, 0.269, 0.154, 0.148, 0.152, 0.209], "t": 1789623109.9850564}
{"x": 0.027, "y": -1.362, "h": 270.5, "s": [0.191, 0.251, 0.25, 0.595, 1.857, 0.561, 0.901, 1.086, 1.008, 2.997, 0.23, 0.155, 0.112, 0.112, 0.145, 0.251], "t": 1789623112.6562057}
{"x": 0.084, "y": -1.387, "h": 111.0, "s": [3.0, 0.191, 0.157, 0.122, 0.102, 0.089, 0.266, 0.242, 0.314, 0.317, 0.656, 1.921, 0.548, 0.926, 1.021, 0.954], "t": 1789623116.3645656}
{"x": 0.084, "y": -1.386, "h": 111.5, "s": [2.993, 0.189, 0.146, 0.126, 0.109, 0.12, 0.258, 0.244, 0.304, 0.313, 0.677, 1.926, 0.527, 0.918, 1.036, 0.97], "t": 1789623116.550595}
{"x": -0.07, "y": -1.332, "h": 118.4, "s": [0.416, 0.29, 0.138, 0.136, 0.195, 0.165, 0.123, 0.121, 0.179, 0.185, 0.318, 1.83, 0.844, 0.908, 1.139, 1.081], "t": 1789623117.9228685}
{"x": -0.008, "y": -0.626, "h": 3.9, "s": [1.119, 0.732, 0.43, 0.323, 0.357, 0.284, 1.116, 0.9, 0.782, 0.311, 0.258, 0.113, 0.118, 0.231, 0.266, 0.791], "t": 1789623123.9081132}
{"x": -0.045, "y": -1.214, "h": 183.6, "s": [0.241, 0.316, 0.21, 0.179, 0.162, 0.113, 0.166, 0.298, 1.658, 0.889, 0.46, 1.149, 1.076, 0.671, 0.415, 0.318], "t": 1789623130.2003207}
{"x": -0.013, "y": -0.508, "h": 4.1, "s": [1.001, 0.894, 0.39, 0.351, 0.297, 0.371, 0.418, 1.005, 0.901, 0.383, 0.165, 0.189, 0.193, 0.185, 0.795, 0.653], "t": 1789623137.0556998}
{"x": -0.019, "y": -0.501, "h": 321.4, "s": [0.703, 0.617, 1.034, 0.696, 0.381, 0.363, 0.329, 0.376, 0.465, 1.016, 0.929, 0.349, 0.194, 0.204, 0.179, 0.183], "t": 1789623139.0854273}
{"x": 0.084, "y": -0.627, "h": 323.9, "s": [0.852, 1.2, 1.151, 0.395, 0.286, 0.265, 0.266, 0.238, 0.365, 0.874, 0.791, 0.469, 0.321, 0.215, 0.266, 0.324], "t": 1789623140.4659078}
{"x": -0.093, "y": -0.028, "h": 340.4, "s": [0.642, 0.572, 0.647, 0.573, 0.393, 0.43, 0.405, 0.632, 1.444, 0.586, 0.395, 0.591, 0.641, 0.601, 0.343, 0.193], "t": 1789623145.2348487}
{"x": 1.65, "y": 0.96, "h": 93.9, "s": [0.305, 0.28, 0.115, 0.102, 0.13, 0.187, 0.201, 0.347, 2.262, 0.817, 0.503, 0.872, 1.365, 0.71, 0.379, 0.266], "t": 1789624376.1137836}
{"x": 0.938, "y": 0.956, "h": 272.1, "s": [1.506, 0.952, 0.461, 0.37, 0.336, 0.421, 0.54, 1.0, 0.973, 0.329, 0.281, 0.147, 0.187, 0.696, 0.84, 0.635], "t": 1789624383.0931911}
{"x": 0.248, "y": 0.95, "h": 270.4, "s": [0.895, 1.603, 0.519, 0.429, -1.0, 0.324, 0.498, 0.944, 1.542, 1.652, 0.964, 0.723, 0.11, 0.111, 0.194, 0.211], "t": 1789624386.8729959}
{"x": -0.412, "y": 1.199, "h": 287.8, "s": [0.903, 0.927, 0.686, 0.593, 0.311, 0.213, 0.284, 2.184, 2.257, 0.493, 0.391, 0.332, 0.394, 0.455, 0.346, 0.393], "t": 1789624391.641719}
{"x": 0.271, "y": 1.028, "h": 107.6, "s": [0.715, 1.046, 0.764, 0.734, 0.145, 0.256, 0.253, 0.93, 1.033, 0.484, 0.368, 0.257, 0.266, 0.3, 0.561, 1.553], "t": 1789624398.6459231}
{"x": -0.429, "y": 0.933, "h": 258.9, "s": [0.264, 0.287, 0.449, 1.057, 0.938, 0.543, 0.469, 0.669, 2.232, 0.376, 0.125, 0.126, 0.115, 0.129, 0.159, 0.241], "t": 1789624406.1522439}
{"x": -0.608, "y": 1.19, "h": 325.4, "s": [0.78, 0.636, 0.632, 0.61, 0.392, 0.678, 2.147, 0.619, 0.388, 0.386, 0.377, -1.0, 0.201, 0.191, 0.2, 0.207], "t": 1789624409.5831118}
{"x": -0.608, "y": 1.19, "h": 194.8, "s": [0.358, 0.184, 0.188, 0.207, 0.194, 0.226, 0.787, 0.653, -1.0, 0.595, 0.405, 0.699, 1.537, 0.618, 0.4, 0.399], "t": 1789624412.3082874}
{"x": -0.575, "y": 1.349, "h": 194.0, "s": [0.516, 0.317, 0.273, 0.207, 0.756, 0.73, 0.523, -1.0, 0.471, 0.456, 0.304, 0.282, 1.876, 0.693, 0.535, 0.542], "t": 1789624413.6885364}
{"x": -0.596, "y": 1.353, "h": 280.2, "s": [0.667, 0.801, 0.556, 0.483, 0.475, 0.529, 0.306, 0.329, 2.389, 0.88, 0.585, 0.536, 0.532, 0.31, 0.266, 0.188], "t": 1789624415.8256474}
{"x": -0.435, "y": 1.33, "h": 284.8, "s": [0.87, 0.806, 0.583, 0.512, 0.545, 0.228, 0.177, 0.218, 1.978, 0.729, 0.547, 0.444, 0.51, 0.44, 0.375, 0.378], "t": 1789624417.1926188}
{"x": 0.255, "y": 1.166, "h": 102.3, "s": [1.401, 1.891, 0.949, 0.258, 0.357, 0.317, 0.528, 0.87, 1.448, 0.315, 0.254, 0.148, 0.141, 0.165, 0.221, 0.989], "t": 1789624424.4060779}
{"x": 0.783, "y": 0.81, "h": 124.8, "s": [1.291, 0.573, 0.479, 0.483, 0.643, 0.508, 0.428, 1.416, 0.898, 0.514, 0.509, 0.469, 0.612, 1.336, 1.074, 0.183], "t": 1789624429.2835064}
{"x": 0.783, "y": 0.81, "h": 120.9, "s": [1.279, 0.585, 0.479, 0.488, 0.634, 0.498, 0.44, 1.401, 0.907, 0.535, 0.518, 0.472, 0.596, 1.349, 1.068, 0.211], "t": 1789624429.4513156}
{"x": 0.644, "y": 0.891, "h": 122.8, "s": [1.445, 0.722, 0.562, 0.64, 0.45, 0.366, 0.317, 1.378, 0.737, 0.447, 0.395, 0.431, 0.483, 0.791, 1.23, 0.378], "t": 1789624430.8139322}
{"x": 0.772, "y": 0.811, "h": 119.4, "s": [1.305, 0.608, 0.483, 0.494, 0.639, 0.493, 0.431, 1.399, 0.925, 0.546, 0.504, 0.461, 0.517, 1.337, 1.102, 0.22], "t": 1789624431.757921}
{"x": 0.785, "y": 0.803, "h": 118.3, "s": [1.267, -1.0, 0.477, 0.486, 0.632, 0.517, 0.458, 1.384, -1.0, 0.547, 0.501, 0.485, 0.55, 1.341, 1.098, 0.196], "t": 1789624432.0429246}
{"x": 0.644, "y": 0.885, "h": 124.5, "s": [1.427, 0.729, 0.55, 0.642, 0.461, 0.418, 0.32, 1.348, 0.742, 0.448, 0.384, 0.433, 0.482, 0.741, 1.241, 0.363], "t": 1789624433.413623}
{"x": -0.059, "y": 1.001, "h": 283.3, "s": [0.685, 1.322, 0.974, 0.301, 0.31, 0.369, 0.471, 1.273, 1.268, 0.315, 0.16, 0.173, 0.202, 0.225, 0.262, 0.622], "t": 1789624440.313342}
{"x": 0.636, "y": 1.147, "h": 80.4, "s": [1.237, 1.285, 0.643, 0.456, 0.817, 0.886, 0.636, 0.583, 1.298, 1.801, 0.192, 0.142, 0.166, 0.193, 0.191, 0.27], "t": 1789624447.197708}
{"x": 0.494, "y": 0.941, "h": 212.6, "s": [0.404, 0.202, 0.405, 1.225, 0.663, 0.377, 0.316, 0.314, 0.446, 0.588, 1.388, 0.735, 1.597, 0.755, 0.651, 0.671], "t": 1789624452.811323}
{"x": 0.453, "y": 0.662, "h": 192.6, "s": [-1.0, 0.171, 0.191, 0.172, 0.125, 0.121, 0.762, 0.599, 0.572, 0.71, 1.07, 1.391, -1.0, 0.734, 0.426, 0.423], "t": 1789624455.3384714}
{"x": 0.703, "y": 0.709, "h": 78.5, "s": [0.221, 1.189, 0.717, 0.53, 0.4, 0.444, 0.525, 0.388, 0.41, 0.354, 1.976, 0.677, 0.546, 0.58, 0.726, 1.446], "t": 1789624458.9405491}
{"x": 0.53, "y": 0.425, "h": 210.7, "s": [0.218, 0.24, 0.174, 0.152, 0.288, 0.309, 0.843, 0.857, 0.959, 0.604, 1.367, 0.63, 0.237, 0.2, 0.199, 0.185], "t": 1789624463.3734481}
{"x": 1.221, "y": 0.601, "h": 72.7, "s": [0.353, 0.725, 0.756, 1.043, 0.321, 0.274, 0.414, 0.478, 0.899, 0.841, 0.257, 0.211, 0.097, 0.141, 0.184, 0.231], "t": 1789624470.0398052}
{"x": 1.342, "y": 0.465, "h": 136.6, "s": [0.824, 0.197, 0.149, 0.149, 0.352, 0.545, 0.984, 2.687, 0.391, 0.272, 0.256, 0.326, 0.342, 0.562, 0.568, 0.598], "t": 1789624472.788249}
{"x": 1.35, "y": 0.456, "h": 139.6, "s": [0.82, 0.18, 0.153, 0.123, 0.337, 0.521, 0.962, 2.686, 0.419, 0.287, 0.284, 0.329, 0.33, 0.573, 0.562, 0.6], "t": 1789624473.0144966}
{"x": 1.127, "y": 0.372, "h": 250.1, "s": [0.33, 0.705, 0.784, 1.104, 0.339, 0.287, 0.404, 0.511, 0.825, 0.778, 0.274, 0.099, 0.108, 0.147, 0.193, 0.181], "t": 1789624476.592819}
{"x": 0.618, "y": 0.388, "h": 269.7, "s": [0.237, 0.334, 0.38, 0.889, 0.835, 0.886, 0.453, 0.92, 1.219, 0.301, 0.149, 0.155, 0.161, 0.216, 0.276, 0.313], "t": 1789624480.5337448}
{"x": 0.999, "y": 0.401, "h": 86.3, "s": [0.879, 0.203, 0.189, 0.178, 0.126, 0.142, 0.16, 0.268, 0.619, 0.681, 1.265, 0.895, 0.336, 0.336, 0.467, 0.814], "t": 1789624485.672987}
{"x": 1.401, "y": 0.614, "h": 59.7, "s": [0.201, 0.49, 0.541, 0.648, 1.008, 1.813, 0.312, 0.473, 0.662, 1.009, 0.414, 0.197, 0.2, 0.135, 0.155, 0.167], "t": 1789624489.7333078}
{"x": 1.736, "y": 0.101, "h": 146.1, "s": [0.357, 0.723, 1.395, 0.566, 0.551, 0.839, 0.606, 2.002, 0.759, 0.568, 0.606, 0.309, 0.214, 0.182, 0.218, 0.197], "t": 1789624495.4798613}
{"x": 1.626, "y": -0.594, "h": 189.5, "s": [0.707, 0.339, 0.221, 0.26, 0.188, 0.181, 0.361, 0.847, 1.271, 0.494, 0.346, 0.321, 0.239, 0.314, 0.866, 0.784], "t": 1789624500.823475}
{"x": 1.552, "y": -1.108, "h": 187.2, "s": [0.202, 0.274, 0.192, 0.188, 0.186, 0.133, 0.181, 0.511, 1.773, 0.742, 0.852, 1.093, 1.067, 0.475, 0.362, 0.23], "t": 1789624503.7255452}
{"x": 0.99, "y": 0.266, "h": 82.1, "s": [0.511, 0.479, 0.612, 1.039, 1.666, 0.174, 0.157, 0.439, 1.032, 1.098, 0.467, 0.343, 0.282, 0.296, 0.434, 0.535], "t": 1789625244.9471087}
{"x": 1.276, "y": -0.184, "h": 147.8, "s": [0.359, 1.328, 1.33, 0.523, 0.476, 0.806, 0.829, 0.512, 0.825, 0.662, 0.662, 0.313, 0.241, 0.22, 0.186, 0.201], "t": 1789625249.4444888}
{"x": 1.341, "y": -0.594, "h": 170.0, "s": [0.933, 0.908, 0.615, 0.462, 0.369, 0.393, 1.06, 0.749, 1.049, 0.576, 0.23, 0.131, 0.105, 0.132, 0.178, 0.19], "t": 1789625252.755836}
{"x": 1.341, "y": -0.594, "h": 167.5, "s": [0.937, 0.915, 0.617, 0.464, 0.376, 0.379, 1.055, 0.748, 1.042, 0.568, 0.221, 0.131, 0.101, 0.133, 0.18, 0.198], "t": 1789625252.9516587}
{"x": 1.313, "y": -0.434, "h": 170.7, "s": [1.085, 1.091, 0.577, 0.396, 0.356, 0.836, 0.766, 1.016, 0.922, 0.517, 0.168, 0.137, 0.144, 0.156, 0.147, 0.339], "t": 1789625254.3179445}
{"x": 1.18, "y": -1.131, "h": 189.1, "s": [0.386, 0.454, 0.322, 0.195, 0.206, 0.249, 0.376, 1.137, 1.487, 0.521, 0.291, 0.994, 0.989, 0.775, 0.507, 0.492], "t": 1789625259.3595047}
