{"t": 0.2, "x": 1.391, "y": 1.424, "h": 17.8, "r": [0.27, 0.26, 0.54, 0.89, 1.41, 0.44, 0.3, 0.28, 0.32, 0.37, 0.91, 1.13, 0.84, 0.38, 0.25, 0.24], "st": {"tick": 91691, "goal": 0, "here": 0}, "v": 0.649, "rx": []}
{"t": 5.3, "x": 1.164, "y": 2.229, "h": 105.1, "r": [1.26, 0.97, 0.77, 0.61, 0.63, 0.39, 0.34, 0.56, 1.56, 0.62, 0.51, 0.43, 0.38, 0.34, 0.28, 0.25], "st": {"tick": 92203, "goal": 0, "here": 0}, "v": 0.859, "rx": []}
{"t": 6.3, "x": 1.164, "y": 2.229, "h": 106.7, "r": [1.26, 0.97, 0.76, 0.61, 0.64, 0.38, 0.33, 0.56, 1.57, 0.61, 0.51, 0.43, 0.38, 0.33, 0.26, 0.26], "st": {"tick": 92301, "goal": 0, "here": 0}, "v": 0.833, "rx": []}
{"t": 13.6, "x": 1.29, "y": 1.883, "h": 295.9, "r": [0.8, 0.47, 0.34, 0.34, 0.33, 0.47, 0.54, 0.55, 1.62, 1.05, 0.72, 0.21, 0.27, 0.3, 0.64, 1.51], "st": {"tick": 93036, "goal": 0, "here": 0}, "v": 0.617, "rx": []}
{"t": 18.5, "x": 1.318, "y": 0.824, "h": 271.1, "r": [0.63, 0.6, 0.44, 0.33, 0.3, 0.36, 0.4, 0.72, 1.44, 0.57, 0.25, 0.26, 0.25, 1.32, 0.82, 0.66], "st": {"tick": 93524, "goal": 0, "here": 0}, "v": 0.378, "rx": []}
{"t": 20.7, "x": 1.317, "y": 0.822, "h": 208.7, "r": [1.23, 0.68, 0.62, 0.61, 0.62, 0.42, 0.3, 0.31, 0.38, 0.44, 1.06, 1.43, 0.49, 0.26, 0.27, 0.25], "st": {"tick": 93735, "goal": 0, "here": 0}, "v": 0.38, "rx": []}
{"t": 21.7, "x": 1.317, "y": 0.822, "h": 207.8, "r": [1.22, 0.7, 0.63, 0.61, 0.63, 0.42, 0.31, 0.3, 0.37, 0.44, 1.06, 1.43, 0.49, 0.26, 0.27, 0.24], "st": {"tick": 93836, "goal": 0, "here": 0}, "v": 0.381, "rx": []}
{"t": 27.9, "x": 1.624, "y": 1.018, "h": 30.7, "r": [0.1, 0.11, 0.17, 1.26, 1.87, 0.6, 0.47, 0.49, 1.48, 0.95, 0.8, 0.48, 0.14, 0.11, 0.09, 0.1], "st": {"tick": 94466, "goal": 0, "here": 0}, "v": 0.5, "rx": []}
{"t": 30.1, "x": 1.623, "y": 1.016, "h": 94.1, "r": [1.26, 2.22, 0.59, 0.52, 0.45, 0.52, 0.95, 0.82, 0.54, 0.15, 0.12, 0.1, 0.11, 0.1, 0.1, 0.14], "st": {"tick": 94677, "goal": 0, "here": 0}, "v": 0.498, "rx": []}
{"t": 31.1, "x": 1.623, "y": 1.016, "h": 92.0, "r": [1.26, 2.23, 0.6, 0.51, 0.45, 0.53, 0.95, 0.81, 0.54, 0.14, 0.11, 0.09, 0.09, 0.1, 0.1, 0.16], "st": {"tick": 94777, "goal": 0, "here": 0}, "v": 0.496, "rx": []}
{"t": 35.5, "x": 1.663, "y": 0.653, "h": 13.2, "r": [0.1, 0.1, 0.14, 0.5, 1.36, 0.83, 0.56, 0.43, 0.5, 1.14, 0.85, 0.7, 0.39, 0.1, 0.1, 0.09], "st": {"tick": 95224, "goal": 0, "here": 0}, "v": 0.393, "rx": []}
{"t": 42.0, "x": 0.945, "y": 0.153, "h": 213.6, "r": [0.46, 0.34, 0.26, 0.32, 0.35, 0.54, 0.63, 0.71, 0.84, 1.15, 0.24, 0.22, 0.2, 0.35, 0.82, 0.87], "st": {"tick": 95868, "goal": 0, "here": 0}, "v": 0.321, "rx": []}
{"t": 45.5, "x": 0.411, "y": 0.276, "h": 164.5, "r": [0.37, 0.43, 0.39, 0.47, 0.34, 0.36, 0.46, 0.68, 1.13, 1.12, 0.29, 0.17, 0.24, 0.59, 0.76, 1.09], "st": {"tick": 96225, "goal": 0, "here": 0}, "v": 0.383, "rx": []}
{"t": 49.7, "x": -0.209, "y": 0.79, "h": 139.9, "r": [0.37, 0.74, 0.94, 0.63, 1.02, 0.86, 0.79, 0.89, 1.23, 0.6, 0.62, 0.41, 0.31, 0.21, 0.26, 0.24], "st": {"tick": 96642, "goal": 0, "here": 0}, "v": 0.424, "rx": []}
{"t": 53.6, "x": -0.45, "y": 0.521, "h": 228.3, "r": [0.73, 0.6, 0.61, 0.61, 0.4, 0.39, 0.76, 0.89, 0.63, 0.51, 0.44, 0.48, 0.68, 0.72, 0.4, 0.2], "st": {"tick": 97033, "goal": 0, "here": 0}, "v": 0.364, "rx": []}
{"t": 57.3, "x": -0.897, "y": 0.683, "h": 157.7, "r": [0.33, 0.34, 0.36, 0.31, 0.19, 0.18, 0.27, 1.0, 0.81, 1.22, 0.78, 0.45, 0.32, 0.36, 0.35, 0.41], "st": {"tick": 97405, "goal": 0, "here": 0}, "v": 0.289, "rx": []}
{"t": 61.4, "x": -0.895, "y": 0.689, "h": 312.8, "r": [0.31, 0.81, 1.15, 0.93, 0.46, 0.32, 0.35, 0.34, 0.38, 0.34, 0.34, 0.36, 0.32, 0.2, 0.17, 0.27], "st": {"tick": 97809, "goal": 0, "here": 0}, "v": 0.277, "rx": []}
{"t": 66.0, "x": 0.014, "y": 0.617, "h": 355.7, "r": [0.38, 0.5, 0.45, 0.38, 0.38, 0.36, 0.47, 0.91, 1.12, 1.63, 1.0, 0.77, 0.42, 0.68, 0.9, 1.47], "st": {"tick": 98274, "goal": 0, "here": 0}, "v": 0.393, "rx": []}
{"t": 69.3, "x": 0.143, "y": 0.197, "h": 286.1, "r": [0.33, 0.35, 0.62, 1.31, 0.54, 0.39, 0.66, 0.69, 0.73, 0.93, 0.17, 0.21, 0.17, 0.15, 0.33, 0.32], "st": {"tick": 98606, "goal": 0, "here": 0}, "v": 0.384, "rx": []}
{"t": 71.6, "x": 0.33, "y": 0.083, "h": 330.7, "r": [0.43, 1.18, 1.22, 0.44, 0.34, 0.76, 0.87, 0.99, 0.35, 0.32, 0.3, 0.34, 0.28, 0.18, 0.17, 0.26], "st": {"tick": 98830, "goal": 0, "here": 0}, "v": 0.361, "rx": []}
{"t": 74.4, "x": 0.577, "y": 0.14, "h": 13.4, "r": [0.99, 0.43, 0.26, 0.21, 0.35, 0.93, 1.55, 0.55, 0.51, 0.48, 0.27, 0.25, 0.28, 0.32, 0.58, 0.94], "st": {"tick": 99113, "goal": 0, "here": 0}, "v": 0.383, "rx": []}
{"t": 77.0, "x": 1.292, "y": 0.287, "h": 12.8, "r": [0.38, 0.48, 0.64, 1.63, 0.71, 0.31, 0.2, 0.35, 1.1, 0.7, 0.51, 0.42, 0.45, 0.46, 0.39, 0.43], "st": {"tick": 99375, "goal": 0, "here": 0}, "v": 0.353, "rx": []}
{"t": 79.9, "x": 1.477, "y": 0.556, "h": 56.3, "r": [0.36, 1.01, 1.38, 0.56, 0.34, 0.31, 0.34, 1.08, 0.77, 0.66, 0.61, 0.42, 0.25, 0.21, 0.26, 0.28], "st": {"tick": 99659, "goal": 0, "here": 0}, "v": 0.383, "rx": []}
{"t": 85.0, "x": 1.307, "y": 1.598, "h": 97.3, "r": [0.5, 1.34, 0.85, 0.69, 0.17, 0.18, 0.3, 0.67, 1.51, 0.67, 0.39, 0.41, 0.38, 0.46, 0.55, 0.48], "st": {"tick": 100172, "goal": 0, "here": 0}, "v": 0.594, "rx": []}
{"t": 89.8, "x": 0.815, "y": 2.534, "h": 117.4, "r": [0.48, 0.34, 0.24, 0.27, 0.35, 0.45, 0.81, 0.8, 1.59, 0.39, 0.24, 0.27, 0.31, 1.17, 0.71, 0.73], "st": {"tick": 100650, "goal": 0, "here": 0}, "v": 0.909, "rx": []}
{"t": 92.1, "x": 0.86, "y": 2.595, "h": 49.5, "r": [1.11, 0.67, 0.65, 0.51, 0.38, 0.3, 0.27, 0.4, 0.49, 0.9, 0.87, 1.54, 0.27, 0.21, 0.24, 0.26], "st": {"tick": 100887, "goal": 0, "here": 0}, "v": 0.936, "rx": []}
{"t": 93.1, "x": 0.86, "y": 2.595, "h": 50.5, "r": [1.11, 0.67, 0.65, 0.51, 0.38, 0.31, 0.27, 0.4, 0.49, 0.9, 0.87, 1.55, 0.27, 0.22, 0.25, 0.26], "st": {"tick": 100985, "goal": 0, "here": 0}, "v": 0.931, "rx": []}
{"t": 98.1, "x": 0.648, "y": 2.293, "h": 140.6, "r": [0.2, 0.19, 0.15, 0.15, 0.22, 0.31, 0.64, 0.71, 1.16, 0.91, 0.42, 0.47, 1.43, 0.89, 0.65, 0.22], "st": {"tick": 101477, "goal": 0, "here": 0}, "v": 0.853, "rx": []}
{"t": 101.5, "x": 0.857, "y": 2.549, "h": 49.2, "r": [0.49, 0.71, 0.68, 0.54, 0.38, 0.29, 0.29, 0.39, 0.47, 0.82, 0.81, 1.76, 0.34, 0.21, 0.24, 0.27], "st": {"tick": 101822, "goal": 0, "here": 0}, "v": 0.925, "rx": []}
{"t": 104.3, "x": 1.013, "y": 2.958, "h": 69.9, "r": [0.92, 0.3, 0.35, 0.52, 0.38, 0.45, 0.46, 0.71, 1.16, 1.19, 0.28, 0.75, 0.64, 0.19, 0.6, 0.81], "st": {"tick": 102106, "goal": 0, "here": 0}, "v": 0.969, "rx": []}
{"t": 110.0, "x": 0.808, "y": 2.796, "h": 224.6, "r": [0.35, 0.7, 1.05, 2.11, 0.36, 0.33, 0.81, 0.39, 1.02, 0.49, 0.47, 0.53, 0.31, 0.3, 0.25, 0.27], "st": {"tick": 102671, "goal": 0, "here": 0}, "v": 0.945, "rx": []}
{"t": 112.8, "x": 0.804, "y": 2.797, "h": 117.3, "r": [0.47, 0.3, 0.26, 0.24, 0.26, 0.47, 0.74, 1.01, 1.7, 0.34, 0.31, 0.8, 0.44, 1.22, 0.45, 0.51], "st": {"tick": 102957, "goal": 0, "here": 0}, "v": 0.947, "rx": []}
{"t": 116.0, "x": 1.022, "y": 3.05, "h": 49.3, "r": [0.93, 0.27, 0.22, 0.23, 0.44, 0.43, 0.43, 0.48, 0.73, 1.26, 1.28, 0.85, 0.79, 0.21, 0.23, 0.62], "st": {"tick": 103277, "goal": 0, "here": 0}, "v": 0.974, "rx": []}
{"t": 119.0, "x": 1.026, "y": 3.05, "h": 322.1, "r": [0.8, 0.2, 0.6, 0.64, 0.96, 0.26, 0.21, 0.26, 0.47, 0.41, 0.45, 0.51, 0.8, 1.28, 0.47, 0.88], "st": {"tick": 103568, "goal": 0, "here": 0}, "v": 0.975, "rx": []}
{"t": 120.0, "x": 1.026, "y": 3.05, "h": 323.0, "r": [0.81, 0.19, 0.62, 0.64, 0.96, 0.28, 0.22, 0.27, 0.47, 0.41, 0.45, 0.52, 0.79, 1.3, 0.47, 0.89], "st": {"tick": 103669, "goal": 0, "here": 0}, "v": 0.981, "rx": []}
{"t": 126.0, "x": 0.714, "y": 3.247, "h": 155.3, "r": [0.14, 0.16, 0.15, 0.15, 0.38, 1.4, 2.48, 1.21, 0.49, 0.82, 0.16, 0.12, 0.12, 0.14, 0.14, 0.16], "st": {"tick": 104274, "goal": 0, "here": 0}, "v": 0.924, "rx": []}
{"t": 131.7, "x": 1.047, "y": 2.862, "h": 312.3, "r": [0.77, 0.68, 0.61, 0.19, 0.71, 1.1, 0.4, 0.41, 0.58, 0.44, 0.45, 0.46, 0.67, 0.92, 1.1, 0.26], "st": {"tick": 104838, "goal": 0, "here": 0}, "v": 0.988, "rx": []}
{"t": 136.8, "x": 0.849, "y": 3.079, "h": 131.1, "r": [0.34, 0.29, 0.22, 0.3, 0.36, 0.73, 1.32, 2.55, 0.37, 0.81, 0.36, 0.75, 0.34, 0.22, 0.2, 0.29], "st": {"tick": 105351, "goal": 0, "here": 0}, "v": 0.946, "rx": []}
{"t": 141.3, "x": 0.927, "y": 2.835, "h": 286.7, "r": [2.46, 0.28, 0.23, 0.71, 0.31, 0.8, 1.14, 0.39, 0.47, 0.51, 0.35, 0.35, 0.36, 0.42, 0.73, 1.11], "st": {"tick": 105801, "goal": 0, "here": 0}, "v": 0.962, "rx": []}
{"t": 143.4, "x": 0.925, "y": 2.837, "h": 348.8, "r": [0.69, 0.31, 0.77, 1.18, 0.42, 0.44, 0.54, 0.35, 0.37, 0.37, 0.37, 0.64, 1.1, 2.62, 0.31, 0.24], "st": {"tick": 106015, "goal": 0, "here": 0}, "v": 0.962, "rx": []}
{"t": 144.4, "x": 0.925, "y": 2.837, "h": 348.8, "r": [0.68, 0.32, 0.77, 1.19, 0.42, 0.43, 0.55, 0.35, 0.36, 0.36, 0.39, 0.63, 1.09, 2.62, 0.31, 0.25], "st": {"tick": 106116, "goal": 0, "here": 0}, "v": 0.964, "rx": []}
{"t": 150.7, "x": 0.56, "y": 2.887, "h": 179.9, "r": [0.1, 0.09, 0.14, 0.21, 1.11, 2.49, 0.57, 0.49, 0.61, 0.97, 0.54, 0.42, 0.42, 0.15, 0.14, 0.13], "st": {"tick": 106742, "goal": 0, "here": 0}, "v": 0.915, "rx": []}
{"t": 153.4, "x": 0.563, "y": 2.889, "h": 267.0, "r": [0.81, 1.18, 0.69, 0.51, 0.97, 0.93, 0.59, 0.41, 0.43, 0.15, 0.13, 0.13, 0.1, 0.09, 0.13, 0.18], "st": {"tick": 107016, "goal": 0, "here": 0}, "v": 0.914, "rx": []}
{"t": 154.4, "x": 0.563, "y": 2.889, "h": 264.4, "r": [0.81, 1.19, 0.69, 0.5, 0.97, 0.94, 0.58, 0.41, 0.43, 0.15, 0.14, 0.13, 0.1, 0.1, 0.13, 0.19], "st": {"tick": 107113, "goal": 0, "here": 0}, "v": 0.91, "rx": []}
{"t": 158.9, "x": 0.564, "y": 3.253, "h": 187.4, "r": [0.12, 0.13, 0.14, 0.28, 1.2, 1.89, 0.55, 0.95, 0.55, 1.05, 0.37, 0.37, 0.35, 0.1, 0.09, 0.11], "st": {"tick": 107560, "goal": 0, "here": 0}, "v": 0.913, "rx": []}
{"t": 163.3, "x": 0.689, "y": 3.329, "h": 28.3, "r": [0.94, 0.29, 0.26, 0.3, 0.32, 0.24, 0.16, 0.19, 0.25, 0.34, 0.75, 1.22, 0.76, 0.43, 0.89, 0.85], "st": {"tick": 108004, "goal": 0, "here": 0}, "v": 0.944, "rx": []}
{"t": 0.2, "x": 0.85, "y": 4.276, "h": 202.6, "r": [0.25, 0.36, 0.44, 0.39, 0.46, 1.13, 0.87, 0.7, 0.33, 0.37, 1.8, 1.08, 0.66, 0.43, 0.3, 0.28], "st": {"tick": 160553, "goal": 0, "here": 0}, "v": 0.321, "rx": [], "d0": "0", "d5": "0"}
{"t": 4.1, "x": 0.902, "y": 4.414, "h": 66.4, "r": [1.7, 0.93, 0.76, 0.41, 0.38, 0.33, 0.35, 0.35, 0.56, 0.49, 0.56, 1.02, 0.79, 0.25, 0.25, 0.27], "st": {"tick": 160948, "goal": 0, "here": 0}, "v": 0.331, "rx": [], "d0": "0", "d5": "0"}
{"t": 5.1, "x": 0.902, "y": 4.414, "h": 64.6, "r": [1.69, 0.94, 0.77, 0.41, 0.39, 0.32, 0.35, 0.35, 0.58, 0.49, 0.56, 1.02, 0.78, 0.24, 0.26, 0.28], "st": {"tick": 161048, "goal": 0, "here": 0}, "v": 0.328, "rx": [], "d0": "0", "d5": "0"}
{"t": 9.9, "x": 0.774, "y": 4.066, "h": 159.4, "r": [0.16, 0.15, 0.22, 0.26, 0.23, 0.27, 0.23, 0.35, 0.91, 0.88, 0.64, 0.52, 1.91, 1.31, 0.55, 0.29], "st": {"tick": 161527, "goal": 0, "here": 0}, "v": 0.305, "rx": [], "d0": "0", "d5": "0"}
{"t": 15.8, "x": 1.393, "y": 4.076, "h": 359.0, "r": [0.34, 0.31, 0.4, 0.26, 0.28, 0.3, 1.0, 0.79, 0.67, 0.63, 0.35, 0.51, 1.77, 0.82, 0.47, 0.35], "st": {"tick": 162112, "goal": 0, "here": 0}, "v": 0.266, "rx": [], "d0": "0", "d5": "0"}
{"t": 19.0, "x": 1.498, "y": 3.798, "h": 290.6, "r": [0.58, 0.27, 0.26, 0.26, 0.25, 0.32, 0.42, 0.47, 0.56, 1.14, 0.89, 0.44, 0.36, 0.38, 0.71, 1.53], "st": {"tick": 162433, "goal": 0, "here": 0}, "v": 0.228, "rx": [], "d0": "0", "d5": "0"}
{"t": 24.0, "x": 1.433, "y": 2.743, "h": 263.8, "r": [0.64, 0.6, 0.44, 0.33, 0.29, 0.33, 0.36, 0.66, 1.37, 0.82, 0.41, 0.25, 0.28, 0.26, 0.91, 0.73], "st": {"tick": 162931, "goal": 0, "here": 0}, "v": 0.201, "rx": [], "d0": "0", "d5": "0"}
{"t": 26.3, "x": 1.51, "y": 2.426, "h": 282.9, "r": [0.33, 0.35, 0.23, 0.26, 0.25, 0.28, 0.5, 1.5, 1.14, 0.47, 0.37, 2.37, 1.26, 0.57, 0.41, 0.38], "st": {"tick": 163171, "goal": 0, "here": 0}, "v": 0.175, "rx": [], "d0": "0", "d5": "0"}
{"t": 31.4, "x": 1.573, "y": 2.748, "h": 77.8, "r": [0.64, 1.42, 0.62, 0.43, 0.37, 0.37, 1.08, 0.78, 0.66, 0.59, 0.36, 0.2, 0.17, 0.19, 0.24, 0.28], "st": {"tick": 163670, "goal": 0, "here": 0}, "v": 0.181, "rx": [], "d0": "0", "d5": "0"}
{"t": 36.4, "x": 1.418, "y": 3.794, "h": 99.2, "r": [0.53, 1.42, 0.97, 0.74, 0.22, 0.34, 0.35, 1.0, 1.48, 0.55, 0.3, 0.33, 0.33, 0.29, 0.43, 0.49], "st": {"tick": 164169, "goal": 0, "here": 0}, "v": 0.241, "rx": [], "d0": "0", "d5": "0"}
{"t": 38.8, "x": 1.259, "y": 4.08, "h": 120.1, "r": [1.15, 0.81, 0.65, 0.61, 0.53, 0.34, 0.48, 1.76, 0.83, 0.56, 0.42, 0.46, 0.45, 0.31, 0.3, 0.27], "st": {"tick": 164419, "goal": 0, "here": 0}, "v": 0.268, "rx": [], "d0": "0", "d5": "0"}
{"t": 39.8, "x": 1.259, "y": 4.08, "h": 119.2, "r": [1.16, 0.81, 0.65, 0.6, 0.52, 0.34, 0.49, 1.77, 0.84, 0.56, 0.42, 0.46, 0.45, 0.31, 0.29, 0.26], "st": {"tick": 164522, "goal": 0, "here": 0}, "v": 0.265, "rx": [], "d0": "0", "d5": "0"}
{"t": 44.8, "x": 1.463, "y": 3.777, "h": 43.0, "r": [0.42, 0.54, 0.5, 0.56, 1.12, 0.83, 0.27, 0.33, 0.35, 0.68, 1.53, 0.63, 0.31, 0.28, 0.29, 0.29], "st": {"tick": 165009, "goal": 0, "here": 0}, "v": 0.253, "rx": [], "d0": "0", "d5": "0"}
{"t": 46.2, "x": 1.463, "y": 3.777, "h": 60.1, "r": [0.42, 0.5, 0.55, 1.22, 0.92, 0.46, 0.29, 0.35, 0.62, 1.5, 0.9, 0.46, 0.27, 0.29, 0.29, 0.27], "st": {"tick": 165151, "goal": 0, "here": 0}, "v": 0.236, "rx": [], "d0": "0", "d5": "0"}
{"t": 50.7, "x": 1.415, "y": 3.677, "h": 241.9, "r": [0.5, 1.43, 1.17, 0.48, 0.31, 0.29, 0.33, 0.34, 0.52, 0.58, 0.64, 1.19, 0.84, 0.23, 0.29, 0.26], "st": {"tick": 165604, "goal": 0, "here": 0}, "v": 0.244, "rx": [], "d0": "0", "d5": "0"}
{"t": 55.3, "x": 1.449, "y": 4.008, "h": 82.3, "r": [0.31, 0.36, 1.3, 0.96, 0.74, 0.71, 0.32, 0.51, 1.71, 1.09, 0.4, 0.34, 0.23, 0.3, 0.28, 0.38], "st": {"tick": 166069, "goal": 0, "here": 0}, "v": 0.246, "rx": [], "d0": "0", "d5": "0"}
{"t": 57.2, "x": 1.39, "y": 4.097, "h": 124.4, "r": [0.29, 0.9, 0.76, 0.74, 0.45, 0.37, 0.96, 1.52, 0.5, 0.4, 0.31, 0.32, 0.31, 0.27, 0.25, 0.28], "st": {"tick": 166255, "goal": 0, "here": 0}, "v": 0.257, "rx": [], "d0": "0", "d5": "0"}
{"t": 61.9, "x": 1.315, "y": 3.743, "h": 257.6, "r": [0.63, 1.45, 0.66, 0.5, 0.38, 0.4, 0.39, 0.54, 0.53, 0.56, 1.24, 0.83, 0.15, 0.14, 0.23, 0.26], "st": {"tick": 166720, "goal": 0, "here": 0}, "v": 0.25, "rx": [], "d0": "0", "d5": "0"}
{"t": 66.9, "x": 1.464, "y": 2.696, "h": 278.1, "r": [0.57, 0.43, 0.38, 0.26, 0.26, 0.33, 0.4, 1.04, 1.44, 0.55, 0.3, 0.31, 0.28, 1.02, 0.7, 0.61], "st": {"tick": 167223, "goal": 0, "here": 0}, "v": 0.189, "rx": [], "d0": "0", "d5": "0"}
{"t": 68.0, "x": 1.496, "y": 2.407, "h": 276.6, "r": [0.35, 0.33, 0.24, 0.24, 0.27, 0.26, 0.37, 0.88, 1.71, 0.55, 0.42, 0.52, 1.21, 0.61, 0.45, 0.37], "st": {"tick": 167338, "goal": 0, "here": 0}, "v": 0.175, "rx": [], "d0": "0", "d5": "0"}
{"t": 72.8, "x": 1.369, "y": 2.629, "h": 116.8, "r": [0.49, 0.27, 0.23, 0.38, 1.16, 0.62, 0.57, 0.56, 0.55, 0.43, 0.38, 0.33, 0.4, 0.49, 1.12, 1.5], "st": {"tick": 167815, "goal": 0, "here": 0}, "v": 0.18, "rx": [], "d0": "0", "d5": "0"}
{"t": 77.7, "x": 1.474, "y": 2.433, "h": 294.5, "r": [0.34, 0.27, 0.26, 0.28, 0.28, 0.38, 0.68, 1.67, 0.7, 0.42, 0.47, 1.3, 0.8, 0.52, 0.39, 0.37], "st": {"tick": 168303, "goal": 0, "here": 0}, "v": 0.174, "rx": [], "d0": "0", "d5": "0"}
{"t": 82.1, "x": 1.576, "y": 2.692, "h": 68.3, "r": [0.33, 1.42, 2.33, 0.56, 0.39, 0.41, 1.44, 0.77, 0.64, 0.57, 0.37, 0.28, 0.18, 0.15, 0.18, 0.27], "st": {"tick": 168744, "goal": 0, "here": 0}, "v": 0.179, "rx": [], "d0": "0", "d5": "0"}
{"t": 85.3, "x": 1.592, "y": 3.2, "h": 89.2, "r": [1.0, 2.18, 0.56, 0.38, 0.39, 0.41, 0.57, 1.12, 1.0, 0.4, 0.18, 0.13, 0.14, 0.15, 0.25, 0.29], "st": {"tick": 169065, "goal": 0, "here": 0}, "v": 0.202, "rx": [], "d0": "0", "d5": "0"}
{"t": 87.8, "x": 1.496, "y": 3.306, "h": 130.9, "r": [0.45, 0.29, 0.29, 0.34, 0.38, 1.17, 1.13, 0.79, 0.32, 0.24, 0.25, 0.26, 0.26, 0.55, 0.89, 2.06], "st": {"tick": 169312, "goal": 0, "here": 0}, "v": 0.208, "rx": [], "d0": "0", "d5": "0"}
{"t": 92.1, "x": 1.252, "y": 4.11, "h": 105.7, "r": [1.29, 0.96, 0.74, 0.58, 0.63, 0.36, 0.32, 0.54, 1.55, 0.63, 0.5, 0.43, 0.38, 0.34, 0.29, 0.25], "st": {"tick": 169742, "goal": 0, "here": 0}, "v": 0.267, "rx": [], "d0": "0", "d5": "0"}
{"t": 93.1, "x": 1.252, "y": 4.11, "h": 106.1, "r": [1.29, 0.96, 0.74, 0.59, 0.64, 0.37, 0.33, 0.54, 1.56, 0.63, 0.51, 0.44, 0.39, 0.34, 0.27, 0.26], "st": {"tick": 169845, "goal": 0, "here": 0}, "v": 0.277, "rx": [], "d0": "0", "d5": "0"}
{"t": 97.9, "x": 1.377, "y": 3.769, "h": 26.2, "r": [0.34, 0.48, 0.54, 0.56, 1.47, 1.02, 0.71, 0.2, 0.26, 0.3, 0.63, 1.51, 0.8, 0.47, 0.35, 0.35], "st": {"tick": 170323, "goal": 0, "here": 0}, "v": 0.249, "rx": [], "d0": "0", "d5": "0"}
{"t": 101.8, "x": 1.226, "y": 4.098, "h": 115.7, "r": [1.33, 0.78, 0.64, 0.53, 0.6, 0.34, 0.29, 1.77, 1.16, 0.59, 0.5, 0.49, 0.45, 0.3, 0.29, 0.25], "st": {"tick": 170716, "goal": 0, "here": 0}, "v": 0.273, "rx": [], "d0": "0", "d5": "0"}
{"t": 102.8, "x": 1.226, "y": 4.097, "h": 115.1, "r": [1.33, 0.79, 0.64, 0.54, 0.6, 0.34, 0.28, 1.77, 1.16, 0.6, 0.49, 0.5, 0.45, 0.3, 0.29, 0.24], "st": {"tick": 170814, "goal": 0, "here": 0}, "v": 0.273, "rx": [], "d0": "0", "d5": "0"}
{"t": 109.1, "x": 1.405, "y": 3.776, "h": 307.2, "r": [0.52, 0.32, 0.34, 0.34, 0.4, 0.48, 0.51, 0.55, 1.15, 0.87, 0.41, 0.23, 0.33, 0.35, 1.52, 1.23], "st": {"tick": 171451, "goal": 0, "here": 0}, "v": 0.25, "rx": [], "d0": "0", "d5": "0"}
{"t": 113.3, "x": 1.447, "y": 4.025, "h": 80.9, "r": [0.29, 0.34, 0.37, 0.96, 0.76, 0.76, 0.36, 0.5, 1.75, 1.16, 0.42, 0.33, 0.23, 0.31, 0.28, 0.38], "st": {"tick": 171866, "goal": 0, "here": 0}, "v": 0.252, "rx": [], "d0": "0", "d5": "0"}
{"t": 118.9, "x": 1.571, "y": 3.456, "h": 282.3, "r": [0.93, 0.27, 0.23, 0.19, 0.14, 0.14, 0.34, 0.65, 0.81, 1.57, 0.41, 0.41, 0.33, 0.47, 0.73, 1.24], "st": {"tick": 172428, "goal": 0, "here": 0}, "v": 0.219, "rx": [], "d0": "0", "d5": "0"}
{"t": 123.6, "x": 1.368, "y": 2.489, "h": 256.8, "r": [0.43, 0.44, 0.43, 0.37, 0.38, 0.35, 0.41, 0.56, 1.48, 1.06, 0.36, 0.25, 0.39, 1.11, 0.71, 0.52], "st": {"tick": 172890, "goal": 0, "here": 0}, "v": 0.187, "rx": [], "d0": "0", "d5": "0"}
{"t": 128.0, "x": 1.521, "y": 2.693, "h": 51.7, "r": [0.32, 0.7, 1.46, 0.63, 0.36, 0.37, 0.33, 1.06, 0.73, 0.62, 0.56, 0.38, 0.32, 0.21, 0.2, 0.27], "st": {"tick": 173333, "goal": 0, "here": 0}, "v": 0.196, "rx": [], "d0": "0", "d5": "0"}
{"t": 129.6, "x": 1.543, "y": 2.761, "h": 71.2, "r": [0.6, 1.36, 0.84, 0.49, 0.33, 0.38, 1.4, 0.79, 0.66, 0.6, 0.42, 0.26, 0.18, 0.2, 0.25, 0.27], "st": {"tick": 173496, "goal": 0, "here": 0}, "v": 0.186, "rx": [], "d0": "0", "d5": "0"}
{"t": 135.7, "x": 1.386, "y": 2.349, "h": 248.7, "r": [0.32, 0.32, 0.31, 0.34, 0.29, 0.33, 0.36, 0.44, 0.8, 1.73, 0.47, 0.31, 0.46, 1.21, 0.69, 0.44], "st": {"tick": 174100, "goal": 0, "here": 0}, "v": 0.175, "rx": [], "d0": "0", "d5": "0"}
{"t": 140.7, "x": 0.438, "y": 2.352, "h": 181.3, "r": [0.41, 0.39, 0.41, 0.27, 0.25, 0.29, 0.4, 0.76, 1.11, 0.59, 0.35, 0.25, 0.69, 0.82, 0.97, 0.39], "st": {"tick": 174604, "goal": 0, "here": 0}, "v": 0.215, "rx": [], "d0": "0", "d5": "0"}
{"t": 144.8, "x": -0.077, "y": 2.869, "h": 133.8, "r": [0.36, 0.83, 1.0, 0.65, 1.03, 0.81, 0.69, 0.77, 1.0, 0.58, 0.52, 0.55, 0.41, 0.36, 0.3, 0.37], "st": {"tick": 175019, "goal": 0, "here": 0}, "v": 0.27, "rx": [], "d0": "0", "d5": "0"}
{"t": 148.9, "x": -0.802, "y": 2.907, "h": 176.2, "r": [0.39, 0.42, 0.38, 0.21, 0.25, 0.28, 0.97, 0.77, 1.1, 0.9, 0.4, 0.29, 0.27, 0.33, 0.35, 0.41], "st": {"tick": 175424, "goal": 0, "here": 0}, "v": 0.317, "rx": [], "d0": "0", "d5": "0"}
{"t": 152.3, "x": -0.8, "y": 2.913, "h": 306.7, "r": [0.9, 0.75, 1.13, 0.95, 0.41, 0.31, 0.26, 0.31, 0.35, 0.45, 0.37, 0.41, 0.38, 0.24, 0.24, 0.29], "st": {"tick": 175770, "goal": 0, "here": 0}, "v": 0.325, "rx": [], "d0": "0", "d5": "0"}
{"t": 156.6, "x": -0.127, "y": 3.055, "h": 13.5, "r": [0.4, 0.31, 0.19, 0.14, 0.16, 0.23, 0.22, 0.81, 1.0, 0.69, 1.0, 0.91, 0.5, 1.03, 0.69, 0.62], "st": {"tick": 176197, "goal": 0, "here": 0}, "v": 0.285, "rx": [], "d0": "0", "d5": "0"}
{"t": 162.4, "x": -0.52, "y": 2.44, "h": 236.0, "r": [0.38, 0.34, 0.38, 0.41, 0.51, 0.43, 0.46, 1.04, 0.84, 0.64, 0.66, 0.17, 0.21, 1.13, 1.07, 0.53], "st": {"tick": 176767, "goal": 0, "here": 0}, "v": 0.254, "rx": [], "d0": "0", "d5": "0"}
{"t": 166.5, "x": -1.311, "y": 2.307, "h": 188.1, "r": [0.41, 0.41, 0.3, 0.2, 0.19, 0.23, 0.34, 0.92, 1.13, 0.48, 0.32, 0.3, 1.82, 0.89, 0.54, 0.43], "st": {"tick": 177187, "goal": 0, "here": 0}, "v": 0.262, "rx": [], "d0": "0", "d5": "0"}
{"t": 169.5, "x": -1.326, "y": 2.382, "h": 98.9, "r": [1.77, 0.89, 0.53, 0.4, 0.43, 0.48, 0.37, 0.27, 0.25, 0.31, 0.51, 1.16, 1.15, 0.46, 0.26, 0.27], "st": {"tick": 177483, "goal": 0, "here": 0}, "v": 0.277, "rx": [], "d0": "0", "d5": "0"}
{"t": 170.5, "x": -1.326, "y": 2.382, "h": 97.7, "r": [1.75, 0.9, 0.51, 0.41, 0.43, 0.49, 0.38, 0.26, 0.25, 0.3, 0.5, 1.14, 1.14, 0.46, 0.27, 0.26], "st": {"tick": 177584, "goal": 0, "here": 0}, "v": 0.271, "rx": [], "d0": "0", "d5": "0"}
{"t": 175.4, "x": -1.247, "y": 2.028, "h": 20.7, "r": [1.66, 0.51, 0.37, 0.38, 1.32, 0.68, 0.51, 0.44, 0.37, 0.13, 0.09, 0.1, 0.11, 0.14, 0.36, 1.04], "st": {"tick": 178077, "goal": 0, "here": 0}, "v": 0.25, "rx": [], "d0": "0", "d5": "0"}
{"t": 177.3, "x": -1.1, "y": 2.022, "h": 356.0, "r": [0.93, 1.02, 0.54, 0.45, 0.36, 1.73, 0.87, 0.63, 0.56, 0.43, 0.14, 0.12, 0.1, 0.1, 0.11, 0.29], "st": {"tick": 178263, "goal": 0, "here": 0}, "v": 0.247, "rx": [], "d0": "0", "d5": "0"}
{"t": 178.3, "x": -1.101, "y": 2.022, "h": 356.4, "r": [0.93, 1.01, 0.53, 0.46, 0.35, 1.73, 0.87, 0.64, 0.56, 0.43, 0.14, 0.11, 0.1, 0.09, 0.11, 0.28], "st": {"tick": 178363, "goal": 0, "here": 0}, "v": 0.252, "rx": [], "d0": "0", "d5": "0"}
{"t": 183.1, "x": -1.429, "y": 2.019, "h": 277.1, "r": [0.13, 0.13, 0.15, 0.35, 1.21, 0.66, 0.47, 0.83, 1.88, 0.54, 0.34, 0.29, 0.26, 0.23, 0.19, 0.15], "st": {"tick": 178842, "goal": 0, "here": 0}, "v": 0.255, "rx": [], "d0": "0", "d5": "0"}
{"t": 185.7, "x": -1.432, "y": 2.021, "h": 2.4, "r": [1.3, 0.84, 0.48, 0.52, 1.84, 0.61, 0.34, 0.32, 0.25, 0.28, 0.19, 0.16, 0.13, 0.13, 0.15, 0.31], "st": {"tick": 179103, "goal": 0, "here": 0}, "v": 0.262, "rx": [], "d0": "0", "d5": "0"}
{"t": 186.8, "x": -1.393, "y": 2.023, "h": 0.7, "r": [1.27, 1.85, 0.46, 0.47, 1.8, 0.85, 0.42, 0.36, 0.28, 0.27, 0.2, 0.16, 0.12, 0.11, 0.14, 0.29], "st": {"tick": 179214, "goal": 0, "here": 0}, "v": 0.256, "rx": [], "d0": "0", "d5": "0"}
{"t": 193.3, "x": -1.756, "y": 1.986, "h": 193.1, "r": [0.12, 0.15, 0.1, 0.09, 0.1, 0.14, 0.2, 0.46, 1.47, 0.63, 0.63, 1.9, 0.52, 0.23, 0.1, 0.1], "st": {"tick": 179867, "goal": 0, "here": 0}, "v": 0.253, "rx": [], "d0": "0", "d5": "0"}
{"t": 200.0, "x": -1.561, "y": 2.992, "h": 78.9, "r": [1.06, 1.1, 0.52, 0.36, 0.33, 0.32, 0.32, 0.5, 0.91, 0.89, 0.31, 0.24, 0.22, 0.2, 1.53, 0.71], "st": {"tick": 180536, "goal": 0, "here": 0}, "v": 0.371, "rx": [], "d0": "0", "d5": "0"}
{"t": 202.0, "x": -1.56, "y": 2.994, "h": 36.7, "r": [1.51, 0.63, 1.06, 1.13, 0.52, 0.36, 0.33, 0.31, 0.32, 0.55, 0.94, 0.92, 0.28, 0.24, 0.22, 0.2], "st": {"tick": 180735, "goal": 0, "here": 0}, "v": 0.358, "rx": [], "d0": "0", "d5": "0"}
{"t": 203.0, "x": -1.559, "y": 2.995, "h": 36.4, "r": [1.52, 0.64, 1.06, 1.11, 0.51, 0.35, 0.32, 0.31, 0.32, 0.55, 0.92, 0.92, 0.29, 0.24, 0.21, 0.2], "st": {"tick": 180838, "goal": 0, "here": 0}, "v": 0.364, "rx": [], "d0": "0", "d5": "0"}
{"t": 209.3, "x": -1.832, "y": 2.748, "h": 229.8, "r": [0.13, 0.33, 0.77, 0.81, 1.16, 0.35, 0.38, 0.41, 1.0, 1.23, 1.22, 0.32, 0.19, 0.11, 0.09, 0.09], "st": {"tick": 181462, "goal": 0, "here": 0}, "v": 0.35, "rx": [], "d0": "0", "d5": "0"}
{"t": 212.7, "x": -1.837, "y": 2.75, "h": 98.9, "r": [0.9, 0.26, 0.17, 0.11, 0.1, 0.09, 0.15, 0.37, 0.79, 0.86, 1.36, 0.35, 0.4, 0.43, 0.87, 1.26], "st": {"tick": 181806, "goal": 0, "here": 0}, "v": 0.344, "rx": [], "d0": "0", "d5": "0"}
{"t": 217.1, "x": -1.597, "y": 3.632, "h": 74.4, "r": [0.48, 0.42, 0.54, 0.39, 0.36, 0.34, 0.37, 0.47, 1.1, 1.48, 0.61, 0.84, 1.22, 0.22, 0.27, 0.28], "st": {"tick": 182248, "goal": 0, "here": 0}, "v": 0.489, "rx": [], "d0": "0", "d5": "0"}
{"t": 219.9, "x": -1.593, "y": 3.634, "h": 347.0, "r": [0.27, 0.23, 0.26, 0.29, 0.49, 0.44, 0.59, 0.37, 0.36, 0.34, 0.45, 0.61, 1.38, 0.8, 0.6, 0.9], "st": {"tick": 182520, "goal": 0, "here": 0}, "v": 0.484, "rx": [], "d0": "0", "d5": "0"}
{"t": 221.5, "x": -1.592, "y": 3.633, "h": 327.0, "r": [0.9, 0.22, 0.24, 0.26, 0.29, 0.5, 0.48, 0.57, 0.37, 0.36, 0.33, 0.46, 0.64, 1.52, 0.79, 0.6], "st": {"tick": 182684, "goal": 0, "here": 0}, "v": 0.489, "rx": [], "d0": "0", "d5": "0"}
{"t": 222.5, "x": -1.592, "y": 3.633, "h": 328.0, "r": [0.9, 0.22, 0.23, 0.27, 0.29, 0.5, 0.47, 0.57, 0.37, 0.36, 0.33, 0.46, 0.63, 1.52, 0.78, 0.61], "st": {"tick": 182784, "goal": 0, "here": 0}, "v": 0.481, "rx": [], "d0": "0", "d5": "0"}
{"t": 226.8, "x": -1.909, "y": 3.811, "h": 247.5, "r": [0.23, 1.63, 1.01, 0.88, 1.56, 0.46, 0.46, 0.49, 0.37, 0.34, 0.13, 0.1, 0.09, 0.11, 0.12, 0.15], "st": {"tick": 183210, "goal": 0, "here": 0}, "v": 0.533, "rx": [], "d0": "0", "d5": "0"}
{"t": 228.2, "x": -1.909, "y": 3.812, "h": 265.9, "r": [0.87, 1.7, 0.85, 1.38, 0.48, 0.42, 0.48, 0.34, 0.36, 0.14, 0.09, 0.09, 0.1, 0.12, 0.15, 0.2], "st": {"tick": 183351, "goal": 0, "here": 0}, "v": 0.523, "rx": [], "d0": "0", "d5": "0"}
{"t": 229.2, "x": -1.909, "y": 3.812, "h": 264.5, "r": [0.87, 1.7, 0.87, 1.37, 0.49, 0.43, 0.49, 0.35, 0.34, 0.14, 0.11, 0.1, 0.1, 0.11, 0.14, 0.19], "st": {"tick": 183453, "goal": 0, "here": 0}, "v": 0.52, "rx": [], "d0": "0", "d5": "0"}
{"t": 233.8, "x": -1.906, "y": 4.175, "h": 187.7, "r": [0.1, 0.14, 0.17, 0.28, 1.69, 0.92, 0.97, 0.47, 0.42, 0.49, 0.32, 0.36, 0.32, 0.13, 0.09, 0.09], "st": {"tick": 183911, "goal": 0, "here": 0}, "v": 0.538, "rx": [], "d0": "0", "d5": "0"}
{"t": 236.2, "x": -1.903, "y": 4.178, "h": 273.1, "r": [1.67, 0.98, 0.9, 0.47, 0.43, 0.48, 0.43, 0.34, 0.31, 0.13, 0.09, 0.09, 0.11, 0.13, 0.17, 0.27], "st": {"tick": 184160, "goal": 0, "here": 0}, "v": 0.535, "rx": [], "d0": "0", "d5": "0"}
{"t": 237.2, "x": -1.903, "y": 4.178, "h": 272.1, "r": [1.68, 0.97, 0.91, 0.48, 0.44, 0.47, 0.44, 0.35, 0.31, 0.13, 0.09, 0.09, 0.1, 0.13, 0.17, 0.26], "st": {"tick": 184260, "goal": 0, "here": 0}, "v": 0.534, "rx": [], "d0": "0", "d5": "0"}
{"t": 242.0, "x": -1.944, "y": 4.547, "h": 2.6, "r": [0.42, 0.49, 0.42, 0.35, 0.32, 0.12, 0.09, 0.09, 0.11, 0.14, 0.17, 0.26, 1.69, 0.95, 0.93, 0.47], "st": {"tick": 184732, "goal": 0, "here": 0}, "v": 0.536, "rx": [], "d0": "0", "d5": "0"}
{"t": 245.9, "x": -1.469, "y": 4.088, "h": 315.5, "r": [0.34, 0.68, 1.02, 0.44, 0.31, 0.19, 0.46, 0.81, 0.66, 0.54, 0.55, 0.56, 0.68, 1.19, 0.29, 0.32], "st": {"tick": 185123, "goal": 0, "here": 0}, "v": 0.427, "rx": [], "d0": "0", "d5": "0"}
{"t": 250.1, "x": -0.707, "y": 4.068, "h": 357.9, "r": [0.36, 0.45, 0.51, 0.8, 0.75, 1.29, 0.26, 0.52, 1.17, 1.22, 0.34, 0.28, 0.24, 0.32, 0.3, 0.42], "st": {"tick": 185539, "goal": 0, "here": 0}, "v": 0.376, "rx": [], "d0": "0", "d5": "0"}
{"t": 252.9, "x": -0.71, "y": 4.064, "h": 105.1, "r": [1.3, 0.25, 0.48, 1.14, 1.19, 0.36, 0.3, 0.24, 0.29, 0.28, 0.46, 0.36, 0.43, 0.49, 0.82, 0.76], "st": {"tick": 185824, "goal": 0, "here": 0}, "v": 0.38, "rx": [], "d0": "0", "d5": "0"}
{"t": 253.9, "x": -0.71, "y": 4.064, "h": 105.5, "r": [1.3, 0.26, 0.48, 1.12, 1.2, 0.38, 0.3, 0.24, 0.29, 0.29, 0.45, 0.36, 0.43, 0.5, 0.82, 0.75], "st": {"tick": 185925, "goal": 0, "here": 0}, "v": 0.378, "rx": [], "d0": "0", "d5": "0"}
{"t": 258.4, "x": -0.59, "y": 3.716, "h": 198.3, "r": [0.26, 0.1, 0.1, 0.11, 0.09, 0.09, 0.09, 0.31, 0.29, 0.41, 0.61, 0.87, 1.49, 0.49, 1.36, 1.19], "st": {"tick": 186372, "goal": 0, "here": 0}, "v": 0.334, "rx": [], "d0": "0", "d5": "0"}
{"t": 263.3, "x": -0.533, "y": 4.336, "h": 83.6, "r": [0.34, 0.43, 1.77, 1.4, 0.72, 0.43, 0.98, 0.68, 0.61, 0.63, 0.39, 0.31, 0.25, 0.32, 0.31, 0.45], "st": {"tick": 186858, "goal": 0, "here": 0}, "v": 0.415, "rx": [], "d0": "0", "d5": "0"}
{"t": 265.6, "x": -0.66, "y": 4.512, "h": 123.6, "r": [0.27, 1.35, 0.64, 0.61, 0.42, 0.32, 0.74, 0.72, 0.58, 0.43, 0.4, 0.35, 0.41, 0.24, 0.28, 0.22], "st": {"tick": 187096, "goal": 0, "here": 0}, "v": 0.454, "rx": [], "d0": "0", "d5": "0"}
{"t": 266.9, "x": -0.659, "y": 4.511, "h": 140.2, "r": [2.0, 0.67, 0.64, 0.47, 0.38, 0.78, 0.79, 0.7, 0.51, 0.37, 0.37, 0.45, 0.24, 0.27, 0.26, 0.25], "st": {"tick": 187226, "goal": 0, "here": 0}, "v": 0.451, "rx": [], "d0": "0", "d5": "0"}
{"t": 267.9, "x": -0.66, "y": 4.511, "h": 141.0, "r": [1.99, 0.67, 0.65, 0.47, 0.37, 0.77, 0.77, 0.69, 0.49, 0.36, 0.36, 0.45, 0.24, 0.26, 0.26, 0.24], "st": {"tick": 187323, "goal": 0, "here": 0}, "v": 0.444, "rx": [], "d0": "0", "d5": "0"}
{"t": 272.7, "x": -0.362, "y": 4.305, "h": 63.4, "r": [0.25, 0.43, 0.38, 0.51, 1.53, 0.86, 1.44, 0.81, 0.6, 0.53, 0.32, 0.22, 0.14, 0.11, 0.1, 0.23], "st": {"tick": 187804, "goal": 0, "here": 0}, "v": 0.389, "rx": [], "d0": "0", "d5": "0"}
{"t": 276.3, "x": -0.355, "y": 4.304, "h": 270.0, "r": [0.57, 0.28, 0.19, 0.12, 0.11, 0.09, 0.24, 0.26, 0.41, 0.47, 0.58, 0.97, 0.86, 1.55, 0.76, 0.62], "st": {"tick": 188163, "goal": 0, "here": 0}, "v": 0.388, "rx": [], "d0": "0", "d5": "0"}
{"t": 277.3, "x": -0.355, "y": 4.303, "h": 269.6, "r": [0.56, 0.28, 0.18, 0.12, 0.11, 0.1, 0.23, 0.25, 0.41, 0.46, 0.57, 0.97, 0.86, 1.56, 0.76, 0.62], "st": {"tick": 188264, "goal": 0, "here": 0}, "v": 0.391, "rx": [], "d0": "0", "d5": "0"}
{"t": 281.8, "x": -0.383, "y": 4.666, "h": 191.4, "r": [0.87, 1.66, 0.85, 0.76, 0.49, 0.24, 0.14, 0.16, 0.18, 0.14, 0.29, 0.28, 0.22, 0.37, 0.46, 0.89], "st": {"tick": 188711, "goal": 0, "here": 0}, "v": 0.413, "rx": [], "d0": "0", "d5": "0"}
{"t": 285.3, "x": -0.988, "y": 4.804, "h": 166.6, "r": [0.37, 0.41, 0.38, 0.45, 0.34, 0.39, 0.97, 0.8, 0.69, 0.69, 0.23, 0.16, 0.65, 0.66, 1.34, 1.07], "st": {"tick": 189067, "goal": 0, "here": 0}, "v": 0.505, "rx": [], "d0": "0", "d5": "0"}
{"t": 288.5, "x": -1.25, "y": 5.244, "h": 120.4, "r": [0.91, 1.21, 0.67, 0.66, 0.5, 0.31, 0.54, 0.69, 1.33, 1.09, 0.31, 0.33, 0.43, 0.38, 0.27, 0.28], "st": {"tick": 189388, "goal": 0, "here": 0}, "v": 0.623, "rx": [], "d0": "0", "d5": "0"}
{"t": 293.2, "x": -1.985, "y": 5.842, "h": 141.6, "r": [0.38, 0.56, 0.53, 0.57, 0.75, 1.74, 0.71, 0.83, 1.92, 0.53, 0.53, 0.55, 0.42, 0.28, 0.3, 0.35], "st": {"tick": 189853, "goal": 0, "here": 0}, "v": 0.857, "rx": ["botA PING x=-3.131 y=4.141 d11=0.702 here=1 seq=119"], "d0": "0", "d5": "0"}
{"t": 296.5, "x": -2.017, "y": 5.741, "h": 251.7, "r": [1.62, 0.13, 0.73, 2.0, 1.06, 0.5, 0.58, 0.5, 0.37, 0.38, 0.43, 0.56, 0.55, 0.48, 0.53, 0.7], "st": {"tick": 190184, "goal": 0, "here": 0}, "v": 0.824, "rx": ["botA PING x=-3.131 y=4.141 d11=0.863 here=1 seq=120"], "d0": "0", "d5": "0"}
{"t": 297.5, "x": -2.017, "y": 5.741, "h": 252.4, "r": [1.62, 0.14, 0.74, 2.0, 1.06, 0.49, 0.58, 0.5, 0.38, 0.38, 0.42, 0.55, 0.54, 0.47, 0.53, 0.69], "st": {"tick": 190286, "goal": 0, "here": 0}, "v": 0.821, "rx": [], "d0": "0", "d5": "0"}
{"t": 302.2, "x": -1.927, "y": 6.099, "h": 344.8, "r": [0.49, 0.46, 0.27, 0.1, 0.09, 0.12, 0.13, 0.17, 0.31, 0.59, 0.64, 0.89, 1.98, 0.89, 1.64, 0.59], "st": {"tick": 190752, "goal": 0, "here": 0}, "v": 0.896, "rx": ["botA PING x=-3.131 y=4.141 d11=0.877 here=1 seq=121"], "d0": "0", "d5": "0"}
{"t": 307.1, "x": -1.496, "y": 5.295, "h": 296.2, "r": [0.83, 1.42, 0.54, 0.54, 0.56, 0.32, 0.3, 0.73, 0.89, 1.16, 0.44, 0.49, 0.51, 0.35, 0.25, 0.28], "st": {"tick": 191241, "goal": 0, "here": 0}, "v": 0.668, "rx": ["botA PING x=-3.131 y=4.141 d11=0.891 here=1 seq=122"], "d0": "0", "d5": "0"}
{"t": 308.1, "x": -1.496, "y": 5.295, "h": 297.1, "r": [0.82, 1.4, 0.54, 0.54, 0.56, 0.33, 0.3, 0.74, 0.9, 1.16, 0.44, 0.49, 0.51, 0.36, 0.25, 0.26], "st": {"tick": 191341, "goal": 0, "here": 0}, "v": 0.656, "rx": [], "d0": "0", "d5": "0"}
{"t": 308.5, "x": -1.496, "y": 5.295, "h": 298.1, "r": [0.82, 1.4, 0.54, 0.55, 0.56, 0.33, 0.3, 0.74, 0.9, 1.16, 0.44, 0.5, 0.51, 0.35, 0.24, 0.27], "st": {"tick": 191383, "goal": 0, "here": 0}, "v": 0.671, "rx": ["botA PING x=-3.131 y=4.141 d11=0.668 here=1 seq=123"], "d0": "0", "d5": "0"}
{"t": 313.0, "x": -1.687, "y": 5.611, "h": 27.7, "r": [0.28, 0.44, 0.49, 0.53, 0.59, 0.73, 0.85, 0.3, 0.29, 0.47, 0.48, 0.52, 1.13, 1.6, 0.74, 0.25], "st": {"tick": 191832, "goal": 0, "here": 0}, "v": 0.768, "rx": ["botA PING x=-3.131 y=4.141 d11=0.746 here=1 seq=124"], "d0": "0", "d5": "0"}
{"t": 314.6, "x": -1.684, "y": 5.611, "h": 347.4, "r": [0.75, 0.26, 0.28, 0.45, 0.48, 0.51, 0.62, 0.85, 0.81, 0.29, 0.29, 0.5, 0.5, 0.51, 1.23, 0.83], "st": {"tick": 191997, "goal": 0, "here": 0}, "v": 0.757, "rx": [], "d0": "0", "d5": "0"}
{"t": 315.6, "x": -1.684, "y": 5.611, "h": 346.7, "r": [0.75, 0.25, 0.28, 0.44, 0.48, 0.52, 0.61, 0.86, 0.81, 0.29, 0.28, 0.48, 0.49, 0.51, 1.22, 0.83], "st": {"tick": 192098, "goal": 0, "here": 0}, "v": 0.757, "rx": [], "d0": "0", "d5": "0"}
{"t": 320.1, "x": -2.049, "y": 5.665, "h": 79.8, "r": [0.46, 0.48, 0.55, 0.71, 0.61, 0.57, 0.13, 0.18, 0.55, 0.62, 1.3, 1.02, 0.94, 0.42, 0.54, 0.5], "st": {"tick": 192545, "goal": 0, "here": 0}, "v": 0.791, "rx": ["botA PING x=-3.131 y=4.141 d11=0.767 here=1 seq=125"], "d0": "0", "d5": "0"}
{"t": 323.5, "x": -2.376, "y": 5.892, "h": 146.0, "r": [0.42, 0.39, 0.37, 0.42, 0.62, 1.72, 0.52, 0.28, 1.32, 0.69, 0.68, 0.54, 0.34, 0.28, 0.29, 0.27], "st": {"tick": 192888, "goal": 0, "here": 0}, "v": 0.868, "rx": ["botA PING x=-3.131 y=4.141 d11=0.797 here=1 seq=126"], "d0": "0", "d5": "0"}
{"t": 330.0, "x": -2.611, "y": 4.902, "h": 256.9, "r": [0.6, 1.89, 0.63, 0.37, 0.36, 0.32, 0.39, 0.59, 1.14, 1.03, 0.23, 0.16, 0.13, 0.15, 0.24, 0.26], "st": {"tick": 193532, "goal": 0, "here": 0}, "v": 0.602, "rx": ["botA PING x=-3.131 y=4.141 d11=0.799 here=1 seq=128"], "d0": "0", "d5": "0"}
{"t": 334.8, "x": -2.484, "y": 3.889, "h": 276.4, "r": [1.02, 0.46, 0.23, 0.2, 0.18, 0.27, 0.25, 0.86, 1.95, 0.58, 0.31, 0.33, 0.25, 0.31, 0.44, 0.86], "st": {"tick": 194010, "goal": 0, "here": 0}, "v": 0.386, "rx": [], "d0": "0", "d5": "0"}
{"t": 337.5, "x": -2.422, "y": 3.124, "h": 272.5, "r": [0.41, 0.37, 0.18, 0.21, 0.17, 0.18, 0.25, 0.46, 2.59, 0.69, 0.4, 0.3, 0.33, 0.33, 0.5, 0.4], "st": {"tick": 194284, "goal": 0, "here": 0}, "v": 0.281, "rx": [], "d0": "0", "d5": "0"}
{"t": 339.5, "x": -2.495, "y": 3.04, "h": 224.1, "r": [0.4, 0.29, 0.35, 0.33, 0.33, 0.2, 0.24, 0.24, 0.32, 0.55, 2.62, 0.64, 0.3, 0.26, 0.28, 0.24], "st": {"tick": 194482, "goal": 0, "here": 0}, "v": 0.28, "rx": [], "d0": "0", "d5": "0"}
{"t": 345.5, "x": -2.462, "y": 3.878, "h": 87.4, "r": [1.98, 0.88, 0.51, 0.35, 0.28, 0.3, 0.41, 0.59, 1.04, 0.61, 0.27, 0.18, 0.15, 0.18, 0.25, 0.42], "st": {"tick": 195081, "goal": 0, "here": 0}, "v": 0.394, "rx": [], "d0": "0", "d5": "0"}
{"t": 346.7, "x": -2.436, "y": 4.205, "h": 82.8, "r": [1.72, 1.08, 0.57, 0.4, 0.37, 0.32, 0.39, 0.67, 1.27, 0.67, 0.27, 0.12, 0.12, 0.19, 0.21, 0.28], "st": {"tick": 195209, "goal": 0, "here": 0}, "v": 0.453, "rx": [], "d0": "0", "d5": "0"}
{"t": 347.7, "x": -2.436, "y": 4.205, "h": 82.7, "r": [1.71, 1.08, 0.57, 0.4, 0.35, 0.31, 0.39, 0.67, 1.26, 0.67, 0.26, 0.12, 0.12, 0.19, 0.2, 0.28], "st": {"tick": 195308, "goal": 0, "here": 0}, "v": 0.448, "rx": [], "d0": "0", "d5": "0"}
{"t": 352.4, "x": -2.448, "y": 3.842, "h": 6.2, "r": [0.15, 0.18, 0.25, 0.53, 2.0, 0.65, 0.36, 0.36, 0.29, 0.37, 0.44, 1.02, 0.98, 0.41, 0.2, 0.15], "st": {"tick": 195776, "goal": 0, "here": 0}, "v": 0.394, "rx": [], "d0": "0", "d5": "0"}
{"t": 356.3, "x": -2.534, "y": 3.561, "h": 254.0, "r": [0.79, 0.8, 0.53, 0.32, 0.29, 0.27, 0.24, 0.33, 0.74, 2.22, 0.51, 0.29, 0.27, 0.26, 0.23, 0.3], "st": {"tick": 196168, "goal": 0, "here": 0}, "v": 0.337, "rx": [], "d0": "0", "d5": "0"}
{"t": 357.3, "x": -2.534, "y": 3.561, "h": 251.3, "r": [0.78, 0.81, 0.52, 0.32, 0.3, 0.26, 0.25, 0.34, 0.75, 2.23, 0.51, 0.3, 0.25, 0.25, 0.23, 0.3], "st": {"tick": 196270, "goal": 0, "here": 0}, "v": 0.347, "rx": [], "d0": "0", "d5": "0"}
{"t": 365.0, "x": -2.604, "y": 4.548, "h": 93.1, "r": [1.4, 0.35, 0.3, 0.19, 0.17, 0.24, 0.32, 0.55, 1.61, 0.67, 0.39, 0.3, 0.26, 0.35, 0.44, 0.87], "st": {"tick": 197035, "goal": 0, "here": 0}, "v": 0.516, "rx": [], "d0": "0", "d5": "0"}
{"t": 368.7, "x": -2.623, "y": 5.602, "h": 91.9, "r": [0.5, 0.42, 0.21, 0.15, 0.15, 0.15, 0.26, 0.34, 2.49, 0.82, 0.4, 0.38, 0.34, 0.95, 0.67, 0.58], "st": {"tick": 197408, "goal": 0, "here": 0}, "v": 0.788, "rx": ["botA PING x=-3.131 y=4.141 d11=0.685 here=1 seq=138"], "d0": "0", "d5": "0"}
{"t": 376.4, "x": -2.616, "y": 4.545, "h": 270.4, "r": [1.54, 0.74, 0.4, 0.33, 0.27, 0.36, 0.44, 0.85, 1.37, 0.36, 0.29, 0.18, 0.16, 0.22, 0.32, 0.37], "st": {"tick": 198172, "goal": 0, "here": 0}, "v": 0.524, "rx": ["botA PING x=-3.131 y=4.141 d11=0.799 here=1 seq=139"], "d0": "0", "d5": "0"}
{"t": 379.3, "x": -2.638, "y": 3.708, "h": 268.4, "r": [0.84, 0.93, 0.48, 0.39, 0.29, 0.34, 0.44, 0.72, 2.07, 0.38, 0.19, 0.16, 0.15, 0.18, 0.23, 0.27], "st": {"tick": 198468, "goal": 0, "here": 0}, "v": 0.366, "rx": [], "d0": "0", "d5": "0"}
{"t": 387.6, "x": -2.599, "y": 4.728, "h": 86.8, "r": [1.21, 0.38, 0.22, 0.21, 0.23, 0.2, 0.27, 0.47, 1.7, 0.75, 0.42, 0.29, 0.31, 0.34, 0.41, 0.73], "st": {"tick": 199294, "goal": 0, "here": 0}, "v": 0.562, "rx": [], "d0": "0", "d5": "0"}
{"t": 390.9, "x": -2.516, "y": 5.674, "h": 84.4, "r": [0.47, 0.47, 0.4, 0.3, 0.22, 0.25, 0.33, 0.46, 2.52, 0.83, 0.39, 0.26, 0.89, 0.85, 0.72, 0.53], "st": {"tick": 199626, "goal": 0, "here": 0}, "v": 0.812, "rx": [], "d0": "0", "d5": "0"}
{"t": 395.1, "x": -2.466, "y": 5.536, "h": 286.0, "r": [0.74, 0.26, 0.27, 0.19, 0.21, 0.91, 0.64, 0.58, 0.56, 0.52, 0.32, 0.29, 0.29, 0.36, 0.53, 1.84], "st": {"tick": 200044, "goal": 0, "here": 0}, "v": 0.772, "rx": ["botA PING x=-3.131 y=4.141 d11=0.810 here=1 seq=144"], "d0": "0", "d5": "0"}
{"t": 396.1, "x": -2.466, "y": 5.536, "h": 285.5, "r": [0.75, 0.27, 0.28, 0.2, 0.21, 0.91, 0.64, 0.6, 0.58, 0.52, 0.31, 0.28, 0.29, 0.36, 0.52, 1.84], "st": {"tick": 200141, "goal": 0, "here": 0}, "v": 0.772, "rx": [], "d0": "0", "d5": "0"}
{"t": 396.5, "x": -2.466, "y": 5.537, "h": 286.0, "r": [0.73, 0.26, 0.28, 0.2, 0.21, 0.91, 0.64, 0.6, 0.57, 0.51, 0.32, 0.29, 0.28, 0.36, 0.52, 1.84], "st": {"tick": 200183, "goal": 0, "here": 0}, "v": 0.774, "rx": ["botA PING x=-3.131 y=4.141 d11=0.769 here=1 seq=145"], "d0": "0", "d5": "0"}
{"t": 402.7, "x": -2.586, "y": 5.882, "h": 114.7, "r": [0.3, 0.27, 0.23, 0.22, 0.21, 0.25, 0.55, 2.75, 0.6, 0.4, 1.36, 0.84, 0.7, 0.4, 0.31, 0.24], "st": {"tick": 200803, "goal": 0, "here": 0}, "v": 0.859, "rx": ["botA PING x=-3.131 y=4.141 d11=0.857 here=1 seq=146"], "d0": "0", "d5": "0"}
{"t": 409.7, "x": -2.582, "y": 4.828, "h": 269.0, "r": [1.79, 0.6, 0.35, 0.3, 0.31, 0.3, 0.4, 1.26, 1.13, 0.54, 0.25, 0.19, 0.21, 0.25, 0.26, 0.54], "st": {"tick": 201508, "goal": 0, "here": 0}, "v": 0.586, "rx": ["botA PING x=-3.131 y=4.141 d11=0.742 here=1 seq=148"], "d0": "0", "d5": "0"}
{"t": 413.2, "x": -2.587, "y": 4.827, "h": 119.6, "r": [0.3, 0.21, 0.19, 0.24, 0.24, 0.3, 0.57, 1.81, 0.58, 0.33, 0.32, 0.31, 0.32, 0.43, 1.24, 1.16], "st": {"tick": 201851, "goal": 0, "here": 0}, "v": 0.583, "rx": [], "d0": "0", "d5": "0"}
{"t": 414.6, "x": -2.587, "y": 4.828, "h": 100.7, "r": [1.04, 0.29, 0.19, 0.19, 0.24, 0.24, 0.42, 0.92, 1.54, 0.54, 0.32, 0.32, 0.3, 0.36, 0.61, 1.2], "st": {"tick": 201993, "goal": 0, "here": 0}, "v": 0.584, "rx": [], "d0": "0", "d5": "0"}
{"t": 415.6, "x": -2.587, "y": 4.828, "h": 101.6, "r": [1.05, 0.29, 0.18, 0.19, 0.23, 0.25, 0.41, 0.92, 1.54, 0.54, 0.32, 0.31, 0.3, 0.35, 0.62, 1.19], "st": {"tick": 202093, "goal": 0, "here": 0}, "v": 0.587, "rx": [], "d0": "0", "d5": "0"}
{"t": 420.1, "x": -2.49, "y": 4.47, "h": 190.5, "r": [0.31, 0.35, 0.53, 1.3, 1.02, 0.29, 0.26, 0.19, 0.17, 0.21, 0.4, 1.52, 1.37, 0.44, 0.36, 0.29], "st": {"tick": 202545, "goal": 0, "here": 0}, "v": 0.503, "rx": [], "d0": "0", "d5": "0"}
{"t": 423.4, "x": -2.597, "y": 4.051, "h": 257.8, "r": [0.58, 1.19, 0.62, 0.34, 0.29, 0.27, 0.37, 0.45, 1.86, 0.91, 0.4, 0.18, 0.18, 0.23, 0.2, 0.28], "st": {"tick": 202876, "goal": 0, "here": 0}, "v": 0.422, "rx": [], "d0": "0", "d5": "0"}
{"t": 428.1, "x": -2.64, "y": 4.265, "h": 98.0, "r": [0.72, 0.28, 0.23, 0.21, 0.17, 0.13, 0.31, 0.63, 1.38, 0.7, 0.42, 0.29, 0.35, 0.35, 0.6, 1.7], "st": {"tick": 203338, "goal": 0, "here": 0}, "v": 0.454, "rx": [], "d0": "0", "d5": "0"}
{"t": 431.6, "x": -2.635, "y": 4.265, "h": 251.6, "r": [0.41, 1.35, 0.8, 0.42, 0.28, 0.35, 0.34, 0.52, 0.9, 1.62, 0.33, 0.24, 0.2, 0.18, 0.14, 0.29], "st": {"tick": 203698, "goal": 0, "here": 0}, "v": 0.464, "rx": [], "d0": "0", "d5": "0"}
{"t": 435.5, "x": -2.64, "y": 4.265, "h": 98.5, "r": [0.71, 0.28, 0.23, 0.2, 0.16, 0.14, 0.3, 0.65, 1.37, 0.68, 0.42, 0.3, 0.34, 0.35, 0.6, 1.71], "st": {"tick": 204089, "goal": 0, "here": 0}, "v": 0.458, "rx": [], "d0": "0", "d5": "0"}
{"t": 439.2, "x": -2.635, "y": 4.265, "h": 251.7, "r": [0.45, 1.38, 0.77, 0.41, 0.28, 0.35, 0.34, 0.57, 1.11, 1.6, 0.31, 0.23, 0.21, 0.17, 0.14, 0.31], "st": {"tick": 204458, "goal": 0, "here": 0}, "v": 0.463, "rx": [], "d0": "0", "d5": "0"}
{"t": 442.9, "x": -2.64, "y": 4.266, "h": 98.2, "r": [0.72, 0.28, 0.22, 0.2, 0.16, 0.13, 0.31, 0.65, 1.38, 0.69, 0.43, 0.28, 0.34, 0.35, 0.61, 1.7], "st": {"tick": 204827, "goal": 0, "here": 0}, "v": 0.448, "rx": [], "d0": "0", "d5": "0"}
{"t": 446.5, "x": -2.634, "y": 4.265, "h": 250.4, "r": [0.42, 1.35, 0.81, 0.42, 0.29, 0.34, 0.34, 0.52, 0.9, 1.62, 0.32, 0.23, 0.2, 0.19, 0.14, 0.3], "st": {"tick": 205184, "goal": 0, "here": 0}, "v": 0.457, "rx": [], "d0": "0", "d5": "0"}
{"t": 450.4, "x": -2.64, "y": 4.266, "h": 99.1, "r": [0.71, 0.27, 0.23, 0.21, 0.17, 0.13, 0.31, 0.65, 1.36, 0.67, 0.41, 0.29, 0.34, 0.36, 0.61, 1.72], "st": {"tick": 205575, "goal": 0, "here": 0}, "v": 0.455, "rx": [], "d0": "0", "d5": "0"}
{"t": 454.0, "x": -2.634, "y": 4.267, "h": 250.1, "r": [0.4, 1.34, 0.82, 0.41, 0.28, 0.34, 0.33, 0.53, 0.9, 1.63, 0.33, 0.25, 0.21, 0.18, 0.14, 0.29], "st": {"tick": 205933, "goal": 0, "here": 0}, "v": 0.46, "rx": [], "d0": "0", "d5": "0"}
{"t": 457.7, "x": -2.64, "y": 4.268, "h": 96.6, "r": [0.79, 0.28, 0.22, 0.2, 0.17, 0.13, 0.3, 0.62, 1.38, 0.74, 0.41, 0.28, 0.34, 0.34, 0.59, 1.69], "st": {"tick": 206300, "goal": 0, "here": 0}, "v": 0.462, "rx": [], "d0": "0", "d5": "0"}
{"t": 461.7, "x": -2.634, "y": 4.267, "h": 251.1, "r": [0.42, 1.35, 0.8, 0.42, 0.27, 0.35, 0.34, 0.52, 0.89, 1.63, 0.36, 0.24, 0.21, 0.18, 0.12, 0.29], "st": {"tick": 206706, "goal": 0, "here": 0}, "v": 0.462, "rx": [], "d0": "0", "d5": "0"}
{"t": 467.4, "x": -2.541, "y": 4.622, "h": 81.9, "r": [1.36, 0.79, 0.33, 0.3, 0.24, 0.23, 0.34, 0.42, 1.44, 1.07, 0.4, 0.27, 0.22, 0.28, 0.34, 0.53], "st": {"tick": 207274, "goal": 0, "here": 0}, "v": 0.528, "rx": [], "d0": "0", "d5": "0"}
{"t": 469.5, "x": -2.586, "y": 4.838, "h": 102.9, "r": [0.74, 0.28, 0.18, 0.19, 0.23, 0.25, 0.43, 1.14, 1.31, 0.48, 0.33, 0.33, 0.31, 0.37, 0.62, 1.19], "st": {"tick": 207485, "goal": 0, "here": 0}, "v": 0.587, "rx": [], "d0": "0", "d5": "0"}
{"t": 470.5, "x": -2.586, "y": 4.838, "h": 102.7, "r": [0.72, 0.27, 0.19, 0.18, 0.25, 0.24, 0.43, 1.15, 1.3, 0.48, 0.32, 0.31, 0.3, 0.37, 0.62, 1.19], "st": {"tick": 207584, "goal": 0, "here": 0}, "v": 0.586, "rx": [], "d0": "0", "d5": "0"}
{"t": 475.5, "x": -2.477, "y": 4.486, "h": 195.5, "r": [0.34, 0.36, 0.57, 1.49, 0.61, 0.28, 0.23, 0.18, 0.17, 0.26, 0.42, 1.47, 0.9, 0.43, 0.34, 0.29], "st": {"tick": 208088, "goal": 0, "here": 0}, "v": 0.509, "rx": [], "d0": "0", "d5": "0"}
{"t": 480.3, "x": -2.602, "y": 3.698, "h": 259.8, "r": [0.86, 0.88, 0.54, 0.39, 0.29, 0.27, 0.33, 0.44, 2.18, 0.76, 0.38, 0.2, 0.17, 0.19, 0.24, 0.28], "st": {"tick": 208566, "goal": 0, "here": 0}, "v": 0.363, "rx": [], "d0": "0", "d5": "0"}
{"t": 484.5, "x": -2.64, "y": 3.839, "h": 99.6, "r": [0.86, 0.26, 0.24, 0.12, 0.14, 0.16, 0.3, 0.72, 1.03, 0.62, 0.43, 0.31, 0.3, 0.37, 0.56, 2.05], "st": {"tick": 208981, "goal": 0, "here": 0}, "v": 0.387, "rx": [], "d0": "0", "d5": "0"}
{"t": 487.1, "x": -2.552, "y": 3.962, "h": 53.5, "r": [0.42, 1.07, 1.29, 0.49, 0.24, 0.28, 0.23, 0.25, 0.41, 0.86, 1.09, 0.55, 0.29, 0.22, 0.29, 0.24], "st": {"tick": 209242, "goal": 0, "here": 0}, "v": 0.409, "rx": [], "d0": "0", "d5": "0"}
{"t": 493.3, "x": -2.447, "y": 3.126, "h": 277.8, "r": [0.39, 0.37, 0.2, 0.21, 0.18, 0.19, 0.3, 0.5, 2.58, 0.62, 0.34, 0.29, 0.32, 0.32, 0.48, 0.39], "st": {"tick": 209863, "goal": 0, "here": 0}, "v": 0.292, "rx": [], "d0": "0", "d5": "0"}
{"t": 0.2, "x": -2.34, "y": 6.062, "h": 121.6, "r": [0.32, 0.46, 0.49, 0.46, 0.53, 0.74, 2.18, 0.24, 1.5, 1.18, 0.57, 0.59, 0.45, 0.27, 0.28, 0.27], "st": {"tick": 255646, "goal": 0, "here": 0}, "v": 0.867, "rx": [], "d0": "0", "d5": "0"}
{"t": 4.6, "x": -2.627, "y": 5.69, "h": 233.6, "r": [0.32, 1.1, 1.4, 0.48, 0.33, 0.32, 0.28, 0.94, 0.68, 0.6, 0.57, 0.47, 0.24, 0.21, 0.2, 0.29], "st": {"tick": 256085, "goal": 0, "here": 0}, "v": 0.774, "rx": ["botA PING x=-3.131 y=4.141 d11=0.872 here=1 seq=284"], "d0": "0", "d5": "0"}
{"t": 9.1, "x": -2.676, "y": 6.016, "h": 97.4, "r": [0.29, 0.3, 0.24, 0.22, 0.18, 0.18, 0.26, 0.54, 2.41, 0.56, 0.41, 1.38, 0.9, 0.54, 0.39, 0.27], "st": {"tick": 256539, "goal": 0, "here": 0}, "v": 0.84, "rx": ["botA PING x=-3.131 y=4.141 d11=0.770 here=1 seq=285"], "d0": "0", "d5": "0"}
{"t": 16.8, "x": -2.569, "y": 4.966, "h": 276.8, "r": [1.54, 0.35, 0.24, 0.23, 0.22, 0.22, 0.34, 1.21, 1.17, 0.58, 0.33, 0.27, 0.33, 0.32, 0.55, 1.11], "st": {"tick": 257303, "goal": 0, "here": 0}, "v": 0.579, "rx": ["botA PING x=-3.131 y=4.141 d11=0.853 here=1 seq=287"], "d0": "0", "d5": "0"}
{"t": 20.6, "x": -2.575, "y": 4.965, "h": 122.2, "r": [0.39, 0.29, 0.29, 0.32, 0.33, 0.56, 1.58, 0.77, 0.28, 0.23, 0.24, 0.23, 0.24, 0.37, 1.21, 1.19], "st": {"tick": 257684, "goal": 0, "here": 0}, "v": 0.584, "rx": [], "d0": "0", "d5": "0"}
{"t": 25.4, "x": -2.706, "y": 5.906, "h": 97.1, "r": [0.38, 0.3, 0.23, 0.16, 0.14, 0.17, 0.22, 0.46, 2.18, 0.65, 0.47, 1.37, 0.89, 0.78, 0.49, 0.35], "st": {"tick": 258161, "goal": 0, "here": 0}, "v": 0.827, "rx": [], "d0": "0", "d5": "0"}
{"t": 29.8, "x": -2.085, "y": 5.975, "h": 4.9, "r": [0.32, 0.41, 0.36, 0.38, 0.29, 0.4, 0.51, 0.71, 0.65, 0.79, 0.29, 0.63, 0.74, 1.32, 1.01, 0.38], "st": {"tick": 258602, "goal": 0, "here": 0}, "v": 0.825, "rx": ["botA PING x=-3.131 y=4.141 d11=0.793 here=1 seq=290", "botA PING x=-3.131 y=4.141 d11=0.836 here=1 seq=291"], "d0": "0", "d5": "0"}
{"t": 35.3, "x": -2.499, "y": 6.12, "h": 158.2, "r": [0.34, 0.36, 0.35, 0.45, 0.89, 2.5, 0.39, 2.24, 0.76, 0.73, 0.55, 0.31, 0.23, 0.22, 0.18, 0.31], "st": {"tick": 259153, "goal": 0, "here": 0}, "v": 0.878, "rx": ["botA PING x=-3.131 y=4.141 d11=0.816 here=1 seq=292"], "d0": "0", "d5": "0"}
{"t": 38.6, "x": -2.5, "y": 6.125, "h": 27.1, "r": [0.36, 0.3, 0.24, 0.21, 0.18, 0.31, 0.34, 0.36, 0.35, 0.46, 1.14, 1.48, 0.38, 2.2, 0.74, 0.7], "st": {"tick": 259485, "goal": 0, "here": 0}, "v": 0.886, "rx": ["botA PING x=-3.131 y=4.141 d11=0.892 here=1 seq=293"], "d0": "0", "d5": "0"}
{"t": 43.7, "x": -2.665, "y": 5.641, "h": 250.6, "r": [0.69, 2.38, 0.7, 0.34, 0.35, 0.3, 0.96, 0.88, 0.65, 0.6, 0.48, 0.23, 0.18, 0.16, 0.24, 0.25], "st": {"tick": 259999, "goal": 0, "here": 0}, "v": 0.745, "rx": ["botA PING x=-3.131 y=4.141 d11=0.889 here=1 seq=294"], "d0": "0", "d5": "0"}
{"t": 48.5, "x": -2.647, "y": 4.62, "h": 271.0, "r": [1.54, 0.59, 0.31, 0.27, 0.23, 0.25, 0.42, 0.67, 1.45, 0.45, 0.35, 0.23, 0.25, 0.3, 0.29, 0.57], "st": {"tick": 260474, "goal": 0, "here": 0}, "v": 0.499, "rx": ["botA PING x=-3.131 y=4.141 d11=0.755 here=1 seq=295"], "d0": "0", "d5": "0"}
{"t": 56.0, "x": -2.64, "y": 5.642, "h": 89.3, "r": [0.58, 0.54, 0.25, 0.21, 0.18, 0.25, 0.26, 0.47, 2.38, 0.72, 0.41, 0.32, 0.3, 0.88, 0.88, 0.67], "st": {"tick": 261228, "goal": 0, "here": 0}, "v": 0.747, "rx": [], "d0": "0", "d5": "0"}
{"t": 63.7, "x": -2.675, "y": 4.623, "h": 266.8, "r": [1.47, 0.92, 0.33, 0.34, 0.26, 0.28, 0.44, 0.66, 1.43, 0.44, 0.34, 0.2, 0.22, 0.24, 0.29, 0.48], "st": {"tick": 261993, "goal": 0, "here": 0}, "v": 0.505, "rx": [], "d0": "0", "d5": "0"}
{"t": 71.2, "x": -2.594, "y": 5.642, "h": 83.2, "r": [0.63, 0.62, 0.41, 0.26, 0.22, 0.28, 0.3, 0.48, 2.38, 0.74, 0.38, 0.28, 0.27, 0.27, 0.89, 0.7], "st": {"tick": 262747, "goal": 0, "here": 0}, "v": 0.746, "rx": ["botA PING x=-3.131 y=4.141 d11=0.575 here=1 seq=301"], "d0": "0", "d5": "0"}
{"t": 79.2, "x": -2.741, "y": 4.632, "h": 259.1, "r": [0.87, 1.32, 0.54, 0.39, 0.32, 0.3, 0.46, 0.67, 1.5, 0.48, 0.32, 0.16, 0.17, 0.19, 0.25, 0.26], "st": {"tick": 263549, "goal": 0, "here": 0}, "v": 0.471, "rx": [], "d0": "0", "d5": "0"}
{"t": 80.2, "x": -2.741, "y": 4.632, "h": 260.5, "r": [0.87, 1.31, 0.54, 0.39, 0.33, 0.32, 0.46, 0.68, 1.51, 0.48, 0.31, 0.16, 0.16, 0.19, 0.24, 0.26], "st": {"tick": 263648, "goal": 0, "here": 0}, "v": 0.43, "rx": [], "d0": "0", "d5": "0"}
{"t": 84.8, "x": -2.706, "y": 5.004, "h": 351.3, "r": [0.34, 0.34, 0.41, 0.66, 1.19, 0.55, 0.24, 0.16, 0.16, 0.22, 0.22, 0.39, 1.17, 1.28, 0.5, 0.34], "st": {"tick": 264105, "goal": 0, "here": 0}, "v": 0.484, "rx": [], "d0": "0", "d5": "0"}
{"t": 87.6, "x": -2.587, "y": 5.183, "h": 56.6, "r": [0.46, 1.02, 1.0, 0.43, 0.24, 0.24, 0.23, 0.36, 0.55, 1.38, 0.72, 0.38, 0.28, 0.22, 0.24, 0.24], "st": {"tick": 264388, "goal": 0, "here": 0}, "v": 0.522, "rx": [], "d0": "0", "d5": "0"}
{"t": 92.0, "x": -2.706, "y": 5.899, "h": 98.6, "r": [0.39, 0.3, 0.21, 0.14, 0.13, 0.16, 0.23, 0.64, 1.34, 0.62, 0.42, 1.4, 0.93, 0.77, 0.48, 0.37], "st": {"tick": 264828, "goal": 0, "here": 0}, "v": 0.809, "rx": [], "d0": "0", "d5": "0"}
{"t": 96.9, "x": -2.054, "y": 5.985, "h": 6.5, "r": [0.31, 0.37, 0.35, 0.35, 0.3, 0.38, 0.52, 0.74, 0.69, 0.82, 0.35, 0.73, 0.74, 1.42, 0.94, 0.35], "st": {"tick": 265319, "goal": 0, "here": 0}, "v": 0.798, "rx": ["botA PING x=-3.131 y=4.141 d11=0.816 here=1 seq=307"], "d0": "0", "d5": "0"}
{"t": 100.7, "x": -2.165, "y": 6.076, "h": 138.2, "r": [0.4, 0.64, 0.63, 0.66, 0.87, 0.37, 0.76, 1.39, 1.13, 0.44, 0.46, 0.47, 0.33, 0.24, 0.22, 0.29], "st": {"tick": 265699, "goal": 0, "here": 0}, "v": 0.809, "rx": ["botA PING x=-3.131 y=4.141 d11=0.795 here=1 seq=308"], "d0": "0", "d5": "0"}
{"t": 102.5, "x": -2.33, "y": 6.149, "h": 158.8, "r": [0.45, 0.49, 0.5, 0.72, 1.53, 0.41, 0.92, 2.12, 0.6, 0.58, 0.42, 0.21, 0.22, 0.18, 0.23, 0.25], "st": {"tick": 265876, "goal": 0, "here": 0}, "v": 0.827, "rx": ["botA PING x=-2.9 y=4.423 d11=0.804 here=1 seq=309"], "d0": "0", "d5": "0"}
{"t": 105.8, "x": -2.563, "y": 5.921, "h": 224.3, "r": [0.37, 0.67, 2.64, 0.44, 0.29, 1.25, 0.74, 0.82, 0.49, 0.41, 0.36, 0.41, 0.38, 0.32, 0.26, 0.27], "st": {"tick": 266207, "goal": 0, "here": 0}, "v": 0.756, "rx": ["botA PING x=-3.131 y=4.141 d11=0.801 here=1 seq=310"], "d0": "0", "d5": "0"}
{"t": 108.1, "x": -2.671, "y": 5.692, "h": 246.5, "r": [0.36, 2.38, 0.78, 0.41, 0.39, 0.29, 0.93, 0.86, 0.63, 0.53, 0.52, 0.24, 0.19, 0.16, 0.17, 0.27], "st": {"tick": 266431, "goal": 0, "here": 0}, "v": 0.715, "rx": [], "d0": "0", "d5": "0"}
{"t": 112.7, "x": -2.673, "y": 5.948, "h": 87.3, "r": [0.33, 0.36, 0.28, 0.24, 0.18, 0.18, 0.23, 0.47, 2.6, 0.94, 0.48, 0.36, 0.85, 0.89, 0.54, 0.42], "st": {"tick": 266895, "goal": 0, "here": 0}, "v": 0.878, "rx": ["botA PING x=-3.131 y=4.141 d11=0.743 here=1 seq=311"], "d0": "0", "d5": "0"}
{"t": 117.5, "x": -2.572, "y": 5.674, "h": 285.2, "r": [0.73, 0.27, 0.3, 0.23, 0.25, 0.85, 0.67, 0.61, 0.6, 0.47, 0.27, 0.23, 0.28, 0.33, 0.52, 2.39], "st": {"tick": 267373, "goal": 0, "here": 0}, "v": 0.791, "rx": ["botA PING x=-3.131 y=4.141 d11=0.885 here=0 seq=312"], "d0": "0", "d5": "0"}
{"t": 122.8, "x": -2.658, "y": 5.994, "h": 101.5, "r": [0.33, 0.33, 0.24, 0.22, 0.2, 0.21, 0.32, 1.36, 1.07, 0.52, 0.36, 0.86, 0.86, 0.52, 0.4, 0.28], "st": {"tick": 267908, "goal": 0, "here": 0}, "v": 0.752, "rx": ["botA PING x=-3.131 y=4.141 d11=0.807 here=0 seq=313", "botA PING x=-3.131 y=4.141 d11=0.667 here=1 seq=314"], "d0": "0", "d5": "0"}
{"t": 126.6, "x": -2.652, "y": 5.994, "h": 253.4, "r": [0.54, 2.4, 0.52, 0.38, 1.36, 0.87, 0.71, 0.42, 0.34, 0.3, 0.34, 0.27, 0.24, 0.2, 0.19, 0.29], "st": {"tick": 268290, "goal": 0, "here": 0}, "v": 0.766, "rx": ["botA PING x=-3.131 y=4.141 d11=0.756 here=1 seq=315"], "d0": "0", "d5": "0"}
{"t": 131.9, "x": -2.038, "y": 6.042, "h": 5.4, "r": [0.33, 0.34, 0.3, 0.32, 0.27, 0.32, 0.47, 0.76, 0.71, 0.78, 0.35, 0.76, 0.8, 1.45, 0.95, 0.33], "st": {"tick": 268818, "goal": 0, "here": 0}, "v": 0.858, "rx": ["botA PING x=-3.131 y=4.141 d11=0.837 here=1 seq=316"], "d0": "0", "d5": "0"}
{"t": 133.8, "x": -2.037, "y": 6.042, "h": 324.8, "r": [0.36, 0.27, 0.36, 0.37, 0.28, 0.32, 0.26, 0.35, 0.5, 0.74, 0.71, 0.88, 0.39, 0.74, 0.75, 2.0], "st": {"tick": 269008, "goal": 0, "here": 0}, "v": 0.866, "rx": ["botA PING x=-3.131 y=4.141 d11=0.863 here=0 seq=317"], "d0": "0", "d5": "0"}
{"t": 138.7, "x": -2.469, "y": 5.971, "h": 187.1, "r": [0.33, 0.39, 0.58, 1.4, 0.93, 0.26, 2.08, 1.21, 0.7, 0.59, 0.41, 0.35, 0.36, 0.38, 0.43, 0.4], "st": {"tick": 269497, "goal": 0, "here": 0}, "v": 0.871, "rx": ["botA PING x=-3.131 y=4.141 d11=0.863 here=0 seq=318"], "d0": "0", "d5": "0"}
{"t": 142.6, "x": -2.641, "y": 5.417, "h": 253.2, "r": [0.85, 2.17, 0.57, 0.34, 0.3, 0.23, 0.36, 1.01, 0.86, 0.8, 0.41, 0.25, 0.24, 0.18, 0.18, 0.28], "st": {"tick": 269891, "goal": 0, "here": 0}, "v": 0.606, "rx": ["botA PING x=-3.041 y=4.474 d11=0.696 here=1 seq=319"], "d0": "0", "d5": "0"}
{"t": 145.0, "x": -2.561, "y": 5.257, "h": 296.8, "r": [0.42, 0.28, 0.21, 0.22, 0.2, 0.38, 0.97, 0.9, 0.55, 0.38, 0.24, 0.26, 0.28, 0.46, 1.01, 2.04], "st": {"tick": 270126, "goal": 0, "here": 0}, "v": 0.569, "rx": [], "d0": "0", "d5": "0"}
{"t": 149.9, "x": -2.644, "y": 5.419, "h": 113.2, "r": [0.43, 0.25, 0.25, 0.18, 0.17, 0.26, 0.58, 2.23, 0.59, 0.36, 0.31, 0.25, 0.35, 1.03, 0.87, 0.79], "st": {"tick": 270614, "goal": 0, "here": 0}, "v": 0.64, "rx": [], "d0": "0", "d5": "0"}
{"t": 153.5, "x": -2.638, "y": 5.418, "h": 244.4, "r": [0.55, 2.16, 0.62, 0.38, 0.3, 0.24, 0.35, 0.4, 0.88, 0.77, 0.64, 0.27, 0.25, 0.18, 0.18, 0.26], "st": {"tick": 270971, "goal": 0, "here": 0}, "v": 0.717, "rx": [], "d0": "0", "d5": "0"}
{"t": 153.9, "x": -2.638, "y": 5.418, "h": 246.0, "r": [0.56, 2.16, 0.62, 0.38, 0.3, 0.24, 0.36, 0.41, 0.88, 0.76, 0.65, 0.26, 0.26, 0.19, 0.16, 0.26], "st": {"tick": 271012, "goal": 0, "here": 0}, "v": 0.73, "rx": ["botA PING x=-3.131 y=4.141 d11=0.727 here=0 seq=322"], "d0": "0", "d5": "0"}
{"t": 154.9, "x": -2.638, "y": 5.419, "h": 246.6, "r": [0.57, 2.17, 0.62, 0.39, 0.3, 0.24, 0.34, 0.41, 0.89, 0.76, 0.65, 0.26, 0.27, 0.19, 0.17, 0.26], "st": {"tick": 271112, "goal": 0, "here": 0}, "v": 0.718, "rx": [], "d0": "0", "d5": "0"}
{"t": 160.7, "x": -2.517, "y": 5.764, "h": 78.4, "r": [0.54, 0.48, 0.57, 0.4, 0.3, 0.29, 0.41, 0.49, 1.49, 0.82, 0.3, 0.26, 0.18, 0.73, 0.86, 0.59], "st": {"tick": 271698, "goal": 0, "here": 0}, "v": 0.787, "rx": [], "d0": "0", "d5": "0"}
{"t": 164.8, "x": -2.511, "y": 5.763, "h": 284.0, "r": [0.74, 0.31, 0.22, 0.18, 0.72, 0.81, 0.58, 0.54, 0.48, 0.53, 0.38, 0.29, 0.3, 0.42, 0.57, 2.23], "st": {"tick": 272101, "goal": 0, "here": 0}, "v": 0.721, "rx": ["botA PING x=-3.131 y=4.141 d11=0.825 here=0 seq=324"], "d0": "0", "d5": "0"}
{"t": 168.5, "x": -2.508, "y": 5.729, "h": 30.7, "r": [0.82, 0.72, 0.57, 0.5, 0.58, 0.41, 0.3, 0.29, 0.39, 0.48, 1.2, 0.86, 0.27, 0.27, 0.17, 0.19], "st": {"tick": 272479, "goal": 0, "here": 0}, "v": 0.706, "rx": ["botA PING x=-2.928 y=4.372 d11=0.72 here=1 seq=325"], "d0": "0", "d5": "0"}
{"t": 173.2, "x": -2.814, "y": 5.524, "h": 119.5, "r": [0.11, 0.1, 0.1, 0.1, 0.1, 0.1, 0.14, 2.28, 0.72, 0.49, 0.38, 0.45, 1.12, 0.88, 0.69, 0.57], "st": {"tick": 272949, "goal": 0, "here": 0}, "v": 0.77, "rx": ["botA PING x=-2.928 y=4.372 d11=0.72 here=1 seq=326"], "d0": "0", "d5": "0"}
{"t": 179.3, "x": -2.585, "y": 5.108, "h": 298.4, "r": [0.36, 0.29, 0.24, 0.2, 0.26, 0.28, 1.11, 1.05, 0.53, 0.28, 0.27, 0.25, 0.36, 0.43, 0.93, 1.92], "st": {"tick": 273560, "goal": 0, "here": 0}, "v": 0.667, "rx": ["botA PING x=-3.215 y=3.937 d11=0.783 here=0 seq=328"], "d0": "0", "d5": "0"}
{"t": 183.4, "x": -2.59, "y": 5.106, "h": 124.0, "r": [0.47, 0.28, 0.24, 0.27, 0.35, 0.61, 1.35, 0.65, 0.34, 0.29, 0.23, 0.2, 0.28, 0.49, 1.09, 1.07], "st": {"tick": 273965, "goal": 0, "here": 0}, "v": 0.556, "rx": [], "d0": "0", "d5": "0"}
{"t": 188.4, "x": -2.701, "y": 4.61, "h": 258.7, "r": [0.86, 1.52, 0.49, 0.34, 0.29, 0.26, 0.38, 0.52, 1.54, 0.85, 0.38, 0.21, 0.21, 0.23, 0.26, 0.28], "st": {"tick": 274465, "goal": 0, "here": 0}, "v": 0.449, "rx": [], "d0": "0", "d5": "0"}
{"t": 189.4, "x": -2.701, "y": 4.61, "h": 259.3, "r": [0.86, 1.52, 0.49, 0.34, 0.29, 0.27, 0.35, 0.52, 1.53, 0.85, 0.38, 0.22, 0.21, 0.23, 0.27, 0.28], "st": {"tick": 274565, "goal": 0, "here": 0}, "v": 0.44, "rx": [], "d0": "0", "d5": "0"}
{"t": 194.4, "x": -2.65, "y": 4.978, "h": 351.8, "r": [0.29, 0.28, 0.31, 0.44, 1.21, 1.02, 0.32, 0.23, 0.23, 0.27, 0.28, 0.52, 1.22, 0.96, 0.4, 0.28], "st": {"tick": 275067, "goal": 0, "here": 0}, "v": 0.62, "rx": [], "d0": "0", "d5": "0"}
{"t": 198.1, "x": -2.705, "y": 4.613, "h": 258.9, "r": [0.87, 1.26, 0.5, 0.34, 0.29, 0.26, 0.38, 0.56, 1.52, 0.6, 0.38, 0.21, 0.21, 0.23, 0.26, 0.28], "st": {"tick": 275437, "goal": 0, "here": 0}, "v": 0.547, "rx": [], "d0": "0", "d5": "0"}
{"t": 199.1, "x": -2.705, "y": 4.612, "h": 259.2, "r": [0.88, 1.27, 0.49, 0.34, 0.28, 0.27, 0.39, 0.55, 1.51, 0.61, 0.38, 0.2, 0.22, 0.22, 0.27, 0.29], "st": {"tick": 275536, "goal": 0, "here": 0}, "v": 0.528, "rx": [], "d0": "0", "d5": "0"}
{"t": 205.8, "x": -2.666, "y": 4.976, "h": 88.3, "r": [1.13, 0.55, 0.26, 0.21, 0.24, 0.25, 0.27, 0.55, 1.77, 0.58, 0.34, 0.28, 0.31, 0.29, 0.39, 0.69], "st": {"tick": 276208, "goal": 0, "here": 0}, "v": 0.528, "rx": [], "d0": "0", "d5": "0"}
{"t": 207.3, "x": -2.666, "y": 4.975, "h": 106.7, "r": [0.59, 0.29, 0.2, 0.23, 0.26, 0.27, 0.53, 1.78, 0.79, 0.36, 0.3, 0.31, 0.29, 0.38, 0.64, 1.21], "st": {"tick": 276359, "goal": 0, "here": 0}, "v": 0.539, "rx": [], "d0": "0", "d5": "0"}
{"t": 208.5, "x": -2.676, "y": 5.01, "h": 106.4, "r": [0.59, 0.26, 0.2, 0.2, 0.26, 0.27, 0.53, 1.65, 0.83, 0.4, 0.3, 0.31, 0.29, 0.38, 0.63, 1.18], "st": {"tick": 276471, "goal": 0, "here": 0}, "v": 0.547, "rx": [], "d0": "0", "d5": "0"}
{"t": 211.1, "x": -2.588, "y": 5.176, "h": 60.8, "r": [0.47, 1.05, 0.92, 0.43, 0.24, 0.25, 0.24, 0.39, 0.68, 1.94, 0.69, 0.35, 0.26, 0.2, 0.23, 0.24], "st": {"tick": 276735, "goal": 0, "here": 0}, "v": 0.627, "rx": [], "d0": "0", "d5": "0"}
{"t": 215.1, "x": -2.467, "y": 5.966, "h": 81.4, "r": [0.35, 0.35, 0.43, 0.44, 0.4, 0.35, 0.43, 0.61, 2.09, 0.44, 0.22, 1.28, 0.68, 0.7, 0.58, 0.41], "st": {"tick": 277140, "goal": 0, "here": 0}, "v": 0.902, "rx": ["botA PING x=-3.246 y=3.886 d11=0.734 here=0 seq=337"], "d0": "0", "d5": "0"}
{"t": 218.5, "x": -2.039, "y": 6.066, "h": 11.8, "r": [0.34, 0.36, 0.27, 0.3, 0.25, 0.34, 0.51, 0.74, 0.73, 0.9, 0.43, 0.74, 0.75, 2.13, 0.37, 0.27], "st": {"tick": 277473, "goal": 0, "here": 0}, "v": 0.923, "rx": ["botA PING x=-3.246 y=3.886 d11=0.734 here=0 seq=338"], "d0": "0", "d5": "0"}
{"t": 221.4, "x": -2.041, "y": 6.061, "h": 139.4, "r": [0.41, 0.75, 0.74, 0.79, 0.36, 0.79, 0.8, 1.45, 0.94, 0.3, 0.32, 0.34, 0.3, 0.3, 0.26, 0.28], "st": {"tick": 277767, "goal": 0, "here": 0}, "v": 0.958, "rx": [], "d0": "0", "d5": "0"}
{"t": 223.8, "x": -2.312, "y": 6.164, "h": 161.2, "r": [0.47, 0.53, 0.52, 0.77, 1.58, 0.3, 0.92, 2.05, 0.55, 0.55, 0.39, 0.2, 0.21, 0.19, 0.2, 0.28], "st": {"tick": 278005, "goal": 0, "here": 0}, "v": 0.978, "rx": ["botA PING x=-2.814 y=3.69 d11=0.979 here=0 seq=339"], "d0": "0", "d5": "0"}
{"t": 227.2, "x": -2.589, "y": 5.879, "h": 226.3, "r": [0.44, 0.9, 2.55, 0.42, 0.32, 0.25, 0.75, 0.86, 0.52, 0.45, 0.38, 0.45, 0.38, 0.29, 0.24, 0.29], "st": {"tick": 278349, "goal": 0, "here": 0}, "v": 0.899, "rx": ["botA PING x=-2.814 y=3.69 d11=0.979 here=0 seq=340"], "d0": "0", "d5": "0"}
{"t": 229.3, "x": -2.676, "y": 5.679, "h": 248.7, "r": [0.45, 2.37, 0.75, 0.37, 0.34, 0.29, 0.91, 0.86, 0.65, 0.55, 0.53, 0.25, 0.19, 0.17, 0.21, 0.27], "st": {"tick": 278551, "goal": 0, "here": 0}, "v": 0.822, "rx": [], "d0": "0", "d5": "0"}
{"t": 234.1, "x": -2.682, "y": 5.971, "h": 90.3, "r": [0.3, 0.35, 0.28, 0.23, 0.19, 0.19, 0.23, 0.48, 2.62, 0.74, 0.51, 1.34, 0.83, 0.78, 0.51, 0.41], "st": {"tick": 279039, "goal": 0, "here": 0}, "v": 0.831, "rx": ["botA PING x=-2.814 y=3.69 d11=0.979 here=0 seq=341", "botA PING x=-3.204 y=4.042 d11=0.784 here=0 seq=342"], "d0": "0", "d5": "0"}
{"t": 238.8, "x": -2.098, "y": 5.961, "h": 356.7, "r": [0.32, 0.4, 0.48, 0.39, 0.34, 0.4, 0.51, 0.76, 0.68, 0.7, 0.24, 0.35, 0.65, 0.73, 1.89, 0.88], "st": {"tick": 279505, "goal": 0, "here": 0}, "v": 0.723, "rx": ["botA PING x=-3.181 y=4.566 d11=0.736 here=1 seq=343"], "d0": "0", "d5": "0"}
{"t": 243.8, "x": -1.441, "y": 5.18, "h": 310.1, "r": [1.12, 0.83, 0.21, 0.21, 0.27, 0.53, 0.52, 0.52, 1.32, 0.83, 0.74, 0.25, 0.38, 0.44, 0.49, 0.58], "st": {"tick": 280006, "goal": 0, "here": 0}, "v": 0.443, "rx": [], "d0": "0", "d5": "0"}
{"t": 246.0, "x": -1.354, "y": 4.898, "h": 286.4, "r": [0.33, 0.98, 0.81, 0.72, 0.73, 0.31, 0.29, 0.74, 0.76, 1.6, 0.39, 0.36, 0.32, 0.4, 0.29, 0.26], "st": {"tick": 280231, "goal": 0, "here": 0}, "v": 0.394, "rx": [], "d0": "0", "d5": "0"}
{"t": 249.6, "x": -1.111, "y": 4.962, "h": 12.8, "r": [0.54, 0.26, 0.22, 0.14, 0.15, 1.43, 1.2, 0.53, 0.54, 0.59, 0.39, 0.83, 0.86, 0.74, 0.55, 0.53], "st": {"tick": 280586, "goal": 0, "here": 0}, "v": 0.403, "rx": [], "d0": "0", "d5": "0"}
{"t": 253.9, "x": -0.831, "y": 4.577, "h": 304.2, "r": [0.35, 0.3, 0.26, 0.23, 0.37, 0.39, 0.46, 0.52, 1.23, 1.45, 0.74, 1.34, 0.92, 0.59, 0.52, 0.48], "st": {"tick": 281017, "goal": 0, "here": 0}, "v": 0.326, "rx": [], "d0": "0", "d5": "0"}
{"t": 258.2, "x": -1.233, "y": 4.316, "h": 212.1, "r": [0.53, 0.28, 0.26, 0.28, 0.29, 0.42, 0.55, 0.61, 0.68, 0.86, 0.19, 0.18, 0.29, 0.36, 0.99, 1.0], "st": {"tick": 281443, "goal": 0, "here": 0}, "v": 0.31, "rx": [], "d0": "0", "d5": "0"}
{"t": 262.0, "x": -1.954, "y": 4.214, "h": 187.3, "r": [0.32, 0.43, 0.53, 1.2, 1.16, 0.32, 0.32, 0.68, 1.21, 0.59, 0.35, 0.57, 0.78, 0.65, 0.44, 0.42], "st": {"tick": 281824, "goal": 0, "here": 0}, "v": 0.32, "rx": [], "d0": "0", "d5": "0"}
{"t": 266.3, "x": -2.148, "y": 3.591, "h": 251.1, "r": [0.5, 0.67, 0.71, 1.0, 0.31, 0.27, 0.37, 1.05, 1.1, 1.34, 0.47, 0.23, 0.16, 0.16, 0.2, 0.27], "st": {"tick": 282255, "goal": 0, "here": 0}, "v": 0.259, "rx": [], "d0": "0", "d5": "0"}
{"t": 270.4, "x": -1.674, "y": 3.14, "h": 317.3, "r": [0.4, 0.82, 0.92, 0.47, 0.34, 0.2, 0.21, 1.44, 0.78, 0.62, 0.61, 0.58, 0.33, 0.26, 0.23, 0.29], "st": {"tick": 282670, "goal": 0, "here": 0}, "v": 0.221, "rx": [], "d0": "0", "d5": "0"}
{"t": 274.3, "x": -1.019, "y": 3.143, "h": 358.8, "r": [0.34, 0.44, 0.95, 0.78, 0.74, 0.83, 0.26, 0.51, 1.16, 0.65, 0.37, 0.3, 0.32, 0.34, 0.38, 0.44], "st": {"tick": 283050, "goal": 0, "here": 0}, "v": 0.212, "rx": [], "d0": "0", "d5": "0"}
{"t": 277.9, "x": -0.796, "y": 3.598, "h": 65.1, "r": [0.37, 0.39, 0.32, 0.45, 0.77, 0.86, 0.51, 0.92, 0.73, 0.69, 0.6, 0.35, 1.66, 0.64, 0.71, 0.54], "st": {"tick": 283421, "goal": 0, "here": 0}, "v": 0.233, "rx": [], "d0": "0", "d5": "0"}
{"t": 282.8, "x": -1.41, "y": 3.644, "h": 176.1, "r": [0.33, 0.35, 0.3, 0.23, 0.16, 0.26, 0.29, 0.8, 1.16, 0.99, 0.47, 0.33, 0.34, 0.35, 0.37, 0.33], "st": {"tick": 283909, "goal": 0, "here": 0}, "v": 0.255, "rx": [], "d0": "0", "d5": "0"}
{"t": 286.5, "x": -1.409, "y": 3.65, "h": 329.6, "r": [0.8, 1.21, 1.03, 0.47, 0.34, 0.34, 0.35, 0.35, 0.35, 0.33, 0.36, 0.32, 0.27, 0.15, 0.25, 0.28], "st": {"tick": 284278, "goal": 0, "here": 0}, "v": 0.248, "rx": [], "d0": "0", "d5": "0"}
{"t": 287.5, "x": -1.408, "y": 3.649, "h": 329.7, "r": [0.8, 1.21, 1.02, 0.48, 0.33, 0.34, 0.36, 0.35, 0.34, 0.33, 0.35, 0.3, 0.26, 0.15, 0.24, 0.28], "st": {"tick": 284377, "goal": 0, "here": 0}, "v": 0.252, "rx": [], "d0": "0", "d5": "0"}
{"t": 293.8, "x": -1.731, "y": 3.823, "h": 158.3, "r": [0.09, 0.1, 0.13, 0.21, 0.3, 0.34, 0.32, 0.5, 1.01, 1.42, 0.44, 0.31, 0.2, 0.17, 0.19, 0.12], "st": {"tick": 285004, "goal": 0, "here": 0}, "v": 0.27, "rx": [], "d0": "0", "d5": "0"}
{"t": 301.1, "x": -0.71, "y": 3.813, "h": 358.9, "r": [0.59, 0.37, 0.31, 0.21, 0.18, 0.25, 0.25, 0.48, 0.95, 0.73, 1.1, 0.93, 0.81, 0.88, 1.13, 0.54], "st": {"tick": 285734, "goal": 0, "here": 0}, "v": 0.264, "rx": [], "d0": "0", "d5": "0"}
{"t": 302.4, "x": -0.384, "y": 3.796, "h": 358.3, "r": [0.32, 0.27, 0.19, 0.16, 0.19, 0.24, 0.28, 0.5, 1.23, 0.94, 1.16, 0.44, 0.85, 0.86, 0.4, 0.29], "st": {"tick": 285861, "goal": 0, "here": 0}, "v": 0.247, "rx": [], "d0": "0", "d5": "0"}
{"t": 306.4, "x": -0.385, "y": 3.79, "h": 151.1, "r": [0.49, 1.24, 0.96, 1.28, 0.39, 0.83, 0.85, 0.44, 0.27, 0.32, 0.27, 0.21, 0.17, 0.19, 0.26, 0.28], "st": {"tick": 286265, "goal": 0, "here": 0}, "v": 0.299, "rx": [], "d0": "0", "d5": "0"}
{"t": 310.6, "x": -1.054, "y": 3.626, "h": 193.8, "r": [0.4, 0.35, 0.78, 0.68, 0.69, 0.66, 0.42, 0.83, 0.86, 0.62, 0.43, 0.32, 0.38, 0.44, 0.64, 0.69], "st": {"tick": 286683, "goal": 0, "here": 0}, "v": 0.319, "rx": [], "d0": "0", "d5": "0"}
{"t": 313.4, "x": -1.367, "y": 3.822, "h": 147.0, "r": [0.32, 0.41, 0.44, 0.51, 0.41, 0.34, 0.36, 1.0, 0.76, 1.06, 0.85, 0.31, 0.21, 0.18, 0.21, 0.28], "st": {"tick": 286969, "goal": 0, "here": 0}, "v": 0.366, "rx": [], "d0": "0", "d5": "0"}
{"t": 317.8, "x": -1.306, "y": 3.732, "h": 302.2, "r": [0.87, 0.69, 1.07, 1.06, 0.51, 0.32, 0.26, 0.27, 0.36, 0.43, 0.45, 0.49, 0.45, 0.27, 0.29, 0.28], "st": {"tick": 287411, "goal": 0, "here": 0}, "v": 0.283, "rx": [], "d0": "0", "d5": "0"}
{"t": 322.1, "x": -0.623, "y": 3.82, "h": 7.9, "r": [0.47, 0.27, 0.26, 0.2, 0.19, 0.2, 0.3, 0.86, 1.09, 0.72, 1.01, 0.85, 0.88, 0.98, 0.6, 0.5], "st": {"tick": 287839, "goal": 0, "here": 0}, "v": 0.246, "rx": [], "d0": "0", "d5": "0"}
{"t": 325.6, "x": -0.657, "y": 3.675, "h": 255.0, "r": [0.75, 0.33, 0.78, 1.24, 0.48, 0.56, 0.51, 0.37, 0.34, 0.29, 0.39, 0.52, 1.06, 1.03, 1.47, 0.89], "st": {"tick": 288183, "goal": 0, "here": 0}, "v": 0.223, "rx": [], "d0": "0", "d5": "0"}
{"t": 330.8, "x": 0.045, "y": 3.095, "h": 321.2, "r": [0.44, 0.82, 0.98, 1.07, 0.25, 0.27, 0.25, 0.92, 1.26, 0.57, 0.52, 0.52, 0.28, 0.24, 0.26, 0.26], "st": {"tick": 288707, "goal": 0, "here": 0}, "v": 0.174, "rx": [], "d0": "0", "d5": "0"}
{"t": 333.2, "x": 0.075, "y": 3.111, "h": 25.1, "r": [1.04, 0.36, 0.23, 0.24, 0.22, 1.14, 0.62, 0.55, 0.58, 0.3, 0.25, 0.27, 0.27, 0.45, 0.79, 0.94], "st": {"tick": 288945, "goal": 0, "here": 0}, "v": 0.174, "rx": [], "d0": "0", "d5": "0"}
{"t": 337.2, "x": 0.208, "y": 3.166, "h": 152.3, "r": [1.67, 0.72, 0.75, 0.42, 0.34, 0.29, 0.31, 0.45, 0.69, 0.78, 0.82, 0.3, 0.24, 0.13, 0.21, 0.24], "st": {"tick": 289344, "goal": 0, "here": 0}, "v": 0.188, "rx": [], "d0": "0", "d5": "0"}
{"t": 340.4, "x": -0.259, "y": 3.234, "h": 170.9, "r": [0.3, 0.34, 0.37, 0.41, 0.34, 0.34, 0.46, 0.77, 1.16, 0.41, 0.22, 0.26, 0.62, 0.72, 0.88, 1.34], "st": {"tick": 289660, "goal": 0, "here": 0}, "v": 0.219, "rx": [], "d0": "0", "d5": "0"}
{"t": 341.9, "x": -0.292, "y": 3.252, "h": 150.8, "r": [1.34, 0.26, 0.32, 0.31, 0.42, 0.37, 0.35, 0.5, 0.84, 1.23, 0.4, 0.25, 0.3, 0.59, 0.7, 0.85], "st": {"tick": 289814, "goal": 0, "here": 0}, "v": 0.218, "rx": [], "d0": "0", "d5": "0"}
{"t": 342.9, "x": -0.292, "y": 3.252, "h": 152.1, "r": [1.35, 0.26, 0.32, 0.31, 0.42, 0.37, 0.35, 0.49, 0.83, 1.21, 0.4, 0.25, 0.3, 0.59, 0.7, 0.84], "st": {"tick": 289913, "goal": 0, "here": 0}, "v": 0.216, "rx": [], "d0": "0", "d5": "0"}
{"t": 347.8, "x": 0.041, "y": 3.094, "h": 243.9, "r": [0.26, 0.24, 0.27, 0.27, 0.58, 0.89, 0.97, 0.41, 0.25, 0.25, 0.24, 1.0, 1.67, 0.6, 0.6, 0.31], "st": {"tick": 290403, "goal": 0, "here": 0}, "v": 0.19, "rx": [], "d0": "0", "d5": "0"}
{"t": 349.5, "x": 0.039, "y": 3.093, "h": 204.5, "r": [0.55, 0.28, 0.24, 0.25, 0.25, 0.41, 0.79, 0.96, 1.07, 0.27, 0.27, 0.24, 0.88, 1.12, 0.59, 0.51], "st": {"tick": 290582, "goal": 0, "here": 0}, "v": 0.172, "rx": [], "d0": "0", "d5": "0"}
{"t": 353.7, "x": 0.037, "y": 3.098, "h": 27.9, "r": [1.09, 0.26, 0.27, 0.22, 0.93, 1.29, 0.57, 0.51, 0.51, 0.28, 0.23, 0.26, 0.26, 0.48, 0.86, 0.98], "st": {"tick": 290998, "goal": 0, "here": 0}, "v": 0.166, "rx": [], "d0": "0", "d5": "0"}
{"t": 354.7, "x": 0.036, "y": 3.098, "h": 29.1, "r": [1.1, 0.24, 0.28, 0.22, 0.93, 1.29, 0.57, 0.51, 0.51, 0.27, 0.24, 0.26, 0.26, 0.46, 0.85, 0.98], "st": {"tick": 291098, "goal": 0, "here": 0}, "v": 0.166, "rx": [], "d0": "0", "d5": "0"}
{"t": 359.3, "x": -0.266, "y": 2.897, "h": 309.6, "r": [0.15, 0.3, 1.1, 1.17, 0.45, 0.39, 0.84, 0.97, 1.23, 0.47, 0.35, 0.39, 0.2, 0.1, 0.09, 0.11], "st": {"tick": 291559, "goal": 0, "here": 0}, "v": 0.177, "rx": [], "d0": "0", "d5": "0"}
{"t": 364.6, "x": -0.405, "y": 3.064, "h": 126.2, "r": [0.89, 0.27, 0.3, 0.23, 0.35, 0.32, 0.29, 0.23, 0.32, 0.52, 1.21, 1.31, 0.3, 0.38, 0.69, 0.8], "st": {"tick": 292085, "goal": 0, "here": 0}, "v": 0.217, "rx": [], "d0": "0", "d5": "0"}
{"t": 368.6, "x": -0.308, "y": 3.014, "h": 330.0, "r": [0.41, 1.14, 1.17, 0.41, 0.28, 0.76, 0.85, 0.99, 0.37, 0.4, 0.33, 0.37, 0.28, 0.2, 0.22, 0.27], "st": {"tick": 292489, "goal": 0, "here": 0}, "v": 0.203, "rx": [], "d0": "0", "d5": "0"}
{"t": 374.7, "x": -0.73, "y": 3.604, "h": 125.5, "r": [0.38, 0.57, 1.03, 0.74, 1.15, 0.85, 0.7, 0.78, 0.89, 1.48, 0.45, 0.51, 0.4, 0.37, 0.31, 0.28], "st": {"tick": 293097, "goal": 0, "here": 0}, "v": 0.238, "rx": [], "d0": "0", "d5": "0"}
{"t": 379.0, "x": -0.693, "y": 3.428, "h": 282.2, "r": [0.64, 0.7, 1.15, 0.47, 0.43, 0.53, 0.46, 0.47, 0.44, 0.49, 0.85, 1.09, 1.61, 1.0, 0.72, 0.11], "st": {"tick": 293529, "goal": 0, "here": 0}, "v": 0.237, "rx": [], "d0": "0", "d5": "0"}
{"t": 380.0, "x": -0.693, "y": 3.429, "h": 283.0, "r": [0.63, 0.7, 1.15, 0.46, 0.42, 0.54, 0.44, 0.47, 0.44, 0.5, 0.86, 1.08, 1.6, 1.01, 0.73, 0.12], "st": {"tick": 293627, "goal": 0, "here": 0}, "v": 0.225, "rx": [], "d0": "0", "d5": "0"}
{"t": 384.9, "x": -0.792, "y": 3.784, "h": 13.9, "r": [0.34, 0.27, 0.18, 0.12, 0.12, 0.23, 0.23, 0.83, 1.04, 0.71, 1.01, 0.89, 0.95, 1.1, 0.62, 0.59], "st": {"tick": 294119, "goal": 0, "here": 0}, "v": 0.284, "rx": [], "d0": "0", "d5": "0"}
{"t": 388.7, "x": -0.793, "y": 3.778, "h": 168.1, "r": [0.79, 1.03, 0.72, 1.04, 0.91, 0.44, 1.03, 0.67, 0.59, 0.38, 0.29, 0.18, 0.14, 0.13, 0.21, 0.24], "st": {"tick": 294498, "goal": 0, "here": 0}, "v": 0.283, "rx": [], "d0": "0", "d5": "0"}
{"t": 389.7, "x": -0.793, "y": 3.778, "h": 167.9, "r": [0.79, 1.03, 0.73, 1.03, 0.91, 0.43, 1.04, 0.66, 0.58, 0.38, 0.29, 0.19, 0.15, 0.12, 0.2, 0.24], "st": {"tick": 294598, "goal": 0, "here": 0}, "v": 0.289, "rx": [], "d0": "0", "d5": "0"}
{"t": 394.4, "x": -0.434, "y": 3.717, "h": 89.6, "r": [0.15, 0.23, 0.29, 0.52, 1.26, 0.97, 1.14, 0.62, 0.83, 0.92, 0.27, 0.27, 0.27, 0.23, 0.18, 0.13], "st": {"tick": 295070, "goal": 0, "here": 0}, "v": 0.236, "rx": [], "d0": "0", "d5": "0"}
{"t": 399.1, "x": -0.551, "y": 3.452, "h": 244.8, "r": [0.38, 0.63, 0.61, 0.81, 1.4, 0.29, 0.38, 0.44, 0.39, 0.44, 0.45, 0.57, 1.07, 1.21, 1.68, 0.18], "st": {"tick": 295536, "goal": 0, "here": 0}, "v": 0.221, "rx": [], "d0": "0", "d5": "0"}
{"t": 401.2, "x": -0.552, "y": 3.45, "h": 203.5, "r": [1.59, 0.18, 0.39, 0.62, 0.62, 0.82, 0.36, 0.29, 0.4, 0.44, 0.39, 0.45, 0.44, 0.57, 1.09, 1.2], "st": {"tick": 295746, "goal": 0, "here": 0}, "v": 0.222, "rx": [], "d0": "0", "d5": "0"}
{"t": 402.2, "x": -0.553, "y": 3.45, "h": 201.8, "r": [1.59, 0.19, 0.39, 0.63, 0.62, 0.82, 0.36, 0.28, 0.4, 0.44, 0.37, 0.43, 0.44, 0.56, 1.09, 1.2], "st": {"tick": 295847, "goal": 0, "here": 0}, "v": 0.237, "rx": [], "d0": "0", "d5": "0"}
{"t": 406.7, "x": -0.227, "y": 3.611, "h": 122.3, "r": [0.36, 0.5, 1.33, 1.09, 0.44, 0.62, 0.77, 0.76, 0.1, 0.09, 0.12, 0.15, 0.16, 0.17, 0.23, 0.21], "st": {"tick": 296293, "goal": 0, "here": 0}, "v": 0.228, "rx": [], "d0": "0", "d5": "0"}
{"t": 409.8, "x": -0.719, "y": 3.745, "h": 166.5, "r": [0.8, 1.05, 0.72, 1.02, 0.89, 0.87, 1.0, 0.64, 0.54, 0.51, 0.31, 0.25, 0.18, 0.15, 0.24, 0.28], "st": {"tick": 296603, "goal": 0, "here": 0}, "v": 0.256, "rx": [], "d0": "0", "d5": "0"}
{"t": 410.8, "x": -0.719, "y": 3.745, "h": 166.9, "r": [0.8, 1.04, 0.73, 1.03, 0.89, 0.87, 1.0, 0.64, 0.55, 0.5, 0.29, 0.24, 0.18, 0.15, 0.23, 0.27], "st": {"tick": 296703, "goal": 0, "here": 0}, "v": 0.255, "rx": [], "d0": "0", "d5": "0"}
{"t": 417.2, "x": -0.36, "y": 3.678, "h": 356.6, "r": [0.26, 0.22, 0.26, 0.16, 0.16, 0.25, 0.31, 0.55, 1.29, 0.98, 1.17, 0.6, 0.82, 0.83, 0.25, 0.23], "st": {"tick": 297349, "goal": 0, "here": 0}, "v": 0.222, "rx": [], "d0": "0", "d5": "0"}
{"t": 421.4, "x": -0.525, "y": 3.527, "h": 220.5, "r": [1.04, 0.23, 0.67, 0.66, 0.86, 0.4, 0.3, 0.42, 0.44, 0.34, 0.38, 0.38, 0.5, 0.71, 1.17, 0.65], "st": {"tick": 297765, "goal": 0, "here": 0}, "v": 0.246, "rx": [], "d0": "0", "d5": "0"}
{"t": 422.4, "x": -0.525, "y": 3.527, "h": 219.1, "r": [1.04, 0.24, 0.68, 0.66, 0.87, 0.4, 0.31, 0.41, 0.43, 0.34, 0.37, 0.38, 0.5, 0.71, 1.17, 0.64], "st": {"tick": 297866, "goal": 0, "here": 0}, "v": 0.251, "rx": [], "d0": "0", "d5": "0"}
{"t": 0.2, "x": -0.493, "y": 3.564, "h": 229.8, "r": [0.55, 0.91, 0.85, 0.18, 0.17, 0.13, 0.1, 0.08, 0.14, 0.11, 0.09, 0.1, 0.28, 0.47, 1.44, 1.91], "st": {"tick": 298174, "goal": 0, "here": 0}, "v": 0.254, "rx": [], "d0": "1", "d5": "0"}
{"t": 4.8, "x": -1.37, "y": 3.149, "h": 207.1, "r": [1.11, 0.65, 0.51, 0.54, 0.52, 0.52, 0.39, 0.84, 0.93, 0.74, 0.58, 0.55, 0.58, 0.76, 0.73, 0.13], "st": {"tick": 298639, "goal": 0, "here": 0}, "v": 0.25, "rx": [], "d0": "0", "d5": "0"}
{"t": 6.9, "x": -1.442, "y": 3.169, "h": 162.6, "r": [0.68, 0.27, 1.06, 0.64, 0.53, 0.55, 0.55, 0.55, 0.41, 0.83, 0.96, 0.67, 0.53, 0.52, 0.61, 0.76], "st": {"tick": 298840, "goal": 0, "here": 0}, "v": 0.225, "rx": [], "d0": "0", "d5": "0"}
{"t": 11.8, "x": -1.224, "y": 3.188, "h": 3.1, "r": [0.68, 0.78, 0.65, 0.51, 0.5, 0.55, 0.79, 0.86, 0.47, 1.23, 0.68, 0.59, 0.51, 0.48, 0.27, 0.25], "st": {"tick": 299333, "goal": 0, "here": 0}, "v": 0.217, "rx": [], "d0": "0", "d5": "0"}
{"t": 15.0, "x": -0.757, "y": 3.392, "h": 23.9, "r": [0.35, 0.36, 0.28, 0.34, 0.35, 0.52, 1.03, 1.25, 1.67, 0.95, 0.49, 0.73, 0.77, 1.1, 0.27, 0.31], "st": {"tick": 299654, "goal": 0, "here": 0}, "v": 0.231, "rx": [], "d0": "0", "d5": "0"}
{"t": 18.8, "x": -0.754, "y": 3.387, "h": 229.9, "r": [0.27, 0.49, 0.72, 0.79, 1.13, 0.26, 0.32, 0.35, 0.32, 0.29, 0.35, 0.37, 0.52, 1.08, 1.24, 1.41], "st": {"tick": 300035, "goal": 0, "here": 0}, "v": 0.233, "rx": [], "d0": "0", "d5": "0"}
{"t": 22.7, "x": -0.535, "y": 2.926, "h": 294.2, "r": [0.34, 0.46, 1.01, 1.16, 0.36, 0.19, 0.28, 0.64, 0.79, 1.07, 0.36, 0.41, 0.36, 0.43, 0.33, 0.27], "st": {"tick": 300427, "goal": 0, "here": 0}, "v": 0.215, "rx": [], "d0": "0", "d5": "0"}
{"t": 25.8, "x": -0.069, "y": 2.726, "h": 337.1, "r": [0.55, 0.7, 0.8, 1.05, 0.37, 0.28, 0.38, 1.3, 0.8, 0.72, 0.36, 0.22, 0.15, 0.12, 0.2, 0.28], "st": {"tick": 300736, "goal": 0, "here": 0}, "v": 0.185, "rx": [], "d0": "0", "d5": "0"}
{"t": 31.7, "x": -0.564, "y": 2.953, "h": 154.8, "r": [0.36, 0.36, 0.32, 0.46, 0.41, 0.31, 0.36, 0.48, 0.97, 1.19, 0.36, 0.19, 0.27, 0.6, 0.74, 0.89], "st": {"tick": 301320, "goal": 0, "here": 0}, "v": 0.217, "rx": [], "d0": "0", "d5": "0"}
{"t": 35.2, "x": -0.966, "y": 3.425, "h": 129.5, "r": [0.37, 0.61, 1.03, 0.72, 1.07, 0.85, 0.41, 0.78, 0.99, 0.55, 0.47, 0.49, 0.34, 0.34, 0.29, 0.29], "st": {"tick": 301677, "goal": 0, "here": 0}, "v": 0.273, "rx": [], "d0": "0", "d5": "0"}
{"t": 40.0, "x": -1.255, "y": 2.919, "h": 237.8, "r": [0.37, 0.34, 0.3, 0.39, 0.33, 0.22, 0.26, 0.92, 0.84, 0.73, 0.75, 0.93, 0.36, 1.27, 1.18, 0.47], "st": {"tick": 302155, "goal": 0, "here": 0}, "v": 0.223, "rx": [], "d0": "0", "d5": "0"}
{"t": 46.2, "x": -0.937, "y": 3.409, "h": 54.6, "r": [0.34, 0.33, 0.29, 0.42, 0.56, 1.06, 1.04, 1.24, 0.88, 0.72, 0.77, 0.86, 1.38, 0.43, 0.51, 0.41], "st": {"tick": 302775, "goal": 0, "here": 0}, "v": 0.267, "rx": [], "d0": "0", "d5": "0"}
{"t": 49.5, "x": -1.08, "y": 3.516, "h": 142.8, "r": [0.38, 0.8, 0.99, 0.65, 1.02, 0.88, 0.49, 0.91, 1.41, 0.57, 0.57, 0.37, 0.29, 0.2, 0.22, 0.26], "st": {"tick": 303106, "goal": 0, "here": 0}, "v": 0.29, "rx": [], "d0": "0", "d5": "0"}
{"t": 54.5, "x": -1.254, "y": 2.925, "h": 253.0, "r": [0.36, 0.32, 0.33, 0.31, 0.26, 0.23, 0.3, 0.84, 0.72, 0.68, 0.82, 0.99, 0.63, 1.24, 0.63, 0.39], "st": {"tick": 303606, "goal": 0, "here": 0}, "v": 0.249, "rx": [], "d0": "0", "d5": "0"}
{"t": 58.5, "x": -1.259, "y": 2.928, "h": 46.8, "r": [0.87, 0.77, 0.68, 0.76, 0.98, 0.4, 1.3, 0.66, 0.42, 0.36, 0.33, 0.33, 0.33, 0.34, 0.23, 0.3], "st": {"tick": 303999, "goal": 0, "here": 0}, "v": 0.243, "rx": [], "d0": "0", "d5": "0"}
{"t": 59.6, "x": -1.233, "y": 2.954, "h": 43.7, "r": [0.85, 0.75, 0.69, 0.73, 0.95, 0.38, 1.29, 0.7, 0.44, 0.39, 0.35, 0.35, 0.32, 0.27, 0.2, 0.28], "st": {"tick": 304114, "goal": 0, "here": 0}, "v": 0.242, "rx": [], "d0": "0", "d5": "0"}
{"t": 60.6, "x": -1.234, "y": 2.954, "h": 45.6, "r": [0.86, 0.75, 0.69, 0.73, 0.95, 0.36, 1.28, 0.72, 0.45, 0.41, 0.34, 0.34, 0.32, 0.27, 0.2, 0.28], "st": {"tick": 304213, "goal": 0, "here": 0}, "v": 0.241, "rx": [], "d0": "0", "d5": "0"}
{"t": 66.4, "x": -1.479, "y": 2.68, "h": 234.7, "r": [0.11, 0.1, 0.12, 0.16, 0.21, 0.44, 0.49, 0.53, 1.11, 0.96, 0.39, 0.49, 0.73, 1.12, 0.4, 0.17], "st": {"tick": 304791, "goal": 0, "here": 0}, "v": 0.238, "rx": [], "d0": "0", "d5": "0"}
{"t": 68.5, "x": -1.482, "y": 2.679, "h": 171.1, "r": [1.13, 0.37, 0.15, 0.11, 0.1, 0.13, 0.18, 0.21, 0.43, 0.47, 0.58, 1.08, 0.88, 0.4, 0.57, 1.23], "st": {"tick": 305005, "goal": 0, "here": 0}, "v": 0.23, "rx": [], "d0": "0", "d5": "0"}
{"t": 69.5, "x": -1.482, "y": 2.678, "h": 172.3, "r": [1.12, 0.37, 0.14, 0.11, 0.12, 0.13, 0.17, 0.23, 0.42, 0.47, 0.57, 1.09, 0.89, 0.4, 0.57, 1.23], "st": {"tick": 305103, "goal": 0, "here": 0}, "v": 0.233, "rx": [], "d0": "0", "d5": "0"}
{"t": 0.2, "x": -1.262, "y": 2.662, "h": 180.7, "r": [1.27, 0.22, 0.17, 0.13, 0.1, 0.1, 0.1, 0.19, 0.23, 0.32, 0.29, 1.04, 0.91, 1.03, 0.54, 1.37], "st": {"tick": 305385, "goal": 0, "here": 0}, "v": 0.221, "rx": [], "d0": "0", "d5": "0"}
{"t": 3.9, "x": -1.163, "y": 2.866, "h": 63.4, "r": [0.86, 0.79, 0.81, 1.02, 0.5, 1.36, 0.67, 0.38, 0.33, 0.24, 0.25, 0.25, 0.24, 0.18, 0.14, 0.27], "st": {"tick": 305753, "goal": 0, "here": 0}, "v": 0.23, "rx": [], "d0": "0", "d5": "0"}
{"t": 7.2, "x": -1.317, "y": 3.389, "h": 107.2, "r": [0.35, 0.43, 0.67, 0.74, 0.45, 0.34, 0.76, 0.73, 0.71, 0.45, 1.66, 0.75, 0.82, 0.53, 0.38, 0.28], "st": {"tick": 306086, "goal": 0, "here": 0}, "v": 0.28, "rx": [], "d0": "0", "d5": "0"}
{"t": 9.9, "x": -1.201, "y": 3.486, "h": 38.9, "r": [0.43, 0.26, 0.28, 0.21, 0.31, 0.59, 0.8, 0.85, 0.5, 0.86, 0.82, 0.74, 0.97, 1.72, 0.7, 0.58], "st": {"tick": 306359, "goal": 0, "here": 0}, "v": 0.293, "rx": [], "d0": "0", "d5": "0"}
{"t": 14.9, "x": -1.398, "y": 3.323, "h": 217.1, "r": [0.31, 0.75, 0.65, 0.67, 0.66, 0.48, 0.88, 0.89, 0.67, 0.46, 0.35, 0.37, 0.51, 0.69, 0.67, 0.36], "st": {"tick": 306860, "goal": 0, "here": 0}, "v": 0.276, "rx": [], "d0": "0", "d5": "0"}
{"t": 18.2, "x": -1.795, "y": 3.386, "h": 169.1, "r": [0.35, 0.35, 0.3, 0.23, 0.14, 0.2, 0.27, 0.89, 1.23, 1.23, 0.5, 0.37, 0.35, 0.37, 0.37, 0.35], "st": {"tick": 307180, "goal": 0, "here": 0}, "v": 0.301, "rx": [], "d0": "0", "d5": "0"}
{"t": 24.5, "x": -1.154, "y": 3.251, "h": 346.7, "r": [1.71, 0.67, 0.66, 0.56, 0.43, 0.42, 0.53, 0.8, 0.88, 0.51, 1.0, 0.69, 0.64, 0.57, 0.29, 0.24], "st": {"tick": 307811, "goal": 0, "here": 0}, "v": 0.274, "rx": [], "d0": "0", "d5": "0"}
{"t": 27.3, "x": -0.755, "y": 3.303, "h": 7.5, "r": [0.3, 0.39, 0.4, 0.36, 0.42, 0.44, 0.57, 1.22, 0.86, 1.16, 0.24, 0.44, 0.64, 0.74, 1.12, 0.31], "st": {"tick": 308098, "goal": 0, "here": 0}, "v": 0.262, "rx": [], "d0": "0", "d5": "0"}
{"t": 30.9, "x": -0.714, "y": 2.939, "h": 275.9, "r": [0.35, 0.33, 0.56, 1.2, 1.31, 0.33, 0.36, 0.64, 0.71, 0.84, 0.24, 0.18, 0.24, 0.2, 0.33, 0.35], "st": {"tick": 308455, "goal": 0, "here": 0}, "v": 0.223, "rx": [], "d0": "0", "d5": "0"}
{"t": 36.5, "x": -0.755, "y": 3.374, "h": 93.0, "r": [0.35, 0.37, 0.5, 1.06, 1.22, 1.41, 0.93, 0.48, 0.72, 0.77, 1.14, 0.29, 0.34, 0.37, 0.33, 0.3], "st": {"tick": 309015, "goal": 0, "here": 0}, "v": 0.261, "rx": [], "d0": "0", "d5": "0"}
{"t": 42.4, "x": -1.702, "y": 3.356, "h": 181.4, "r": [0.43, 0.36, 0.16, 0.16, 0.21, 0.21, 0.87, 0.72, 1.12, 0.89, 0.44, 0.36, 0.36, 0.4, 0.47, 0.41], "st": {"tick": 309598, "goal": 0, "here": 0}, "v": 0.285, "rx": [], "d0": "0", "d5": "0"}
{"t": 49.4, "x": -0.828, "y": 3.358, "h": 359.4, "r": [0.37, 0.45, 0.37, 0.35, 0.36, 0.35, 0.47, 0.96, 1.16, 1.69, 0.94, 0.23, 0.68, 0.7, 0.95, 0.42], "st": {"tick": 310305, "goal": 0, "here": 0}, "v": 0.26, "rx": [], "d0": "0", "d5": "0"}
{"t": 56.6, "x": -1.738, "y": 3.389, "h": 178.0, "r": [0.41, 0.39, 0.32, 0.17, 0.21, 0.25, 0.98, 0.76, 1.12, 0.92, 0.44, 0.33, 0.34, 0.37, 0.41, 0.37], "st": {"tick": 311024, "goal": 0, "here": 0}, "v": 0.301, "rx": [], "d0": "0", "d5": "0"}
{"t": 63.5, "x": -0.899, "y": 3.344, "h": 356.1, "r": [0.41, 0.5, 0.41, 0.39, 0.36, 0.36, 0.44, 0.9, 1.09, 0.56, 1.02, 0.78, 0.22, 0.71, 0.93, 1.52], "st": {"tick": 311715, "goal": 0, "here": 0}, "v": 0.267, "rx": [], "d0": "0", "d5": "0"}
{"t": 70.4, "x": -1.735, "y": 3.419, "h": 174.6, "r": [0.37, 0.41, 0.35, 0.19, 0.22, 0.28, 0.92, 0.78, 1.11, 0.94, 0.42, 0.31, 0.31, 0.35, 0.36, 0.39], "st": {"tick": 312407, "goal": 0, "here": 0}, "v": 0.302, "rx": [], "d0": "0", "d5": "0"}
{"t": 77.5, "x": -0.904, "y": 3.32, "h": 353.1, "r": [0.4, 0.52, 0.48, 0.4, 0.38, 0.36, 0.45, 0.85, 1.08, 0.58, 1.04, 0.78, 0.17, 0.7, 0.84, 1.44], "st": {"tick": 313114, "goal": 0, "here": 0}, "v": 0.263, "rx": [], "d0": "0", "d5": "0"}
{"t": 82.3, "x": -1.123, "y": 3.447, "h": 148.7, "r": [0.48, 0.87, 0.9, 0.45, 0.85, 0.8, 0.47, 0.91, 1.58, 0.59, 0.64, 0.45, 0.31, 0.26, 0.28, 0.28], "st": {"tick": 313589, "goal": 0, "here": 0}, "v": 0.286, "rx": [], "d0": "0", "d5": "0"}
{"t": 85.2, "x": -1.513, "y": 3.368, "h": 193.1, "r": [0.57, 0.28, 0.28, 0.21, 0.75, 0.85, 0.58, 0.99, 0.97, 0.58, 0.34, 0.35, 0.32, 0.47, 0.57, 0.57], "st": {"tick": 313888, "goal": 0, "here": 0}, "v": 0.296, "rx": [], "d0": "0", "d5": "0"}
{"t": 89.4, "x": -1.428, "y": 3.439, "h": 36.3, "r": [0.43, 0.29, 0.27, 0.27, 0.32, 0.52, 0.62, 0.65, 0.37, 0.33, 0.75, 0.77, 0.75, 0.49, 0.85, 0.92], "st": {"tick": 314306, "goal": 0, "here": 0}, "v": 0.296, "rx": [], "d0": "0", "d5": "0"}
{"t": 93.1, "x": -0.85, "y": 3.338, "h": 348.9, "r": [0.36, 0.47, 0.48, 0.35, 0.39, 0.36, 0.49, 0.64, 1.11, 0.78, 1.1, 0.84, 0.26, 0.7, 0.82, 1.37], "st": {"tick": 314672, "goal": 0, "here": 0}, "v": 0.256, "rx": [], "d0": "0", "d5": "0"}
{"t": 98.4, "x": -1.354, "y": 3.241, "h": 189.2, "r": [0.35, 0.17, 0.72, 0.59, 0.6, 0.64, 0.4, 1.85, 0.88, 0.72, 0.51, 0.42, 0.45, 0.53, 0.72, 0.72], "st": {"tick": 315209, "goal": 0, "here": 0}, "v": 0.281, "rx": [], "d0": "0", "d5": "0"}
{"t": 102.9, "x": -1.204, "y": 3.449, "h": 52.2, "r": [0.31, 0.3, 0.23, 0.31, 0.4, 0.84, 0.85, 0.53, 0.94, 0.81, 0.74, 0.46, 1.23, 0.7, 0.72, 0.51], "st": {"tick": 315648, "goal": 0, "here": 0}, "v": 0.293, "rx": [], "d0": "0", "d5": "0"}
{"t": 104.3, "x": -1.203, "y": 3.45, "h": 35.8, "r": [0.48, 0.28, 0.3, 0.22, 0.33, 0.54, 0.8, 0.84, 0.51, 0.89, 0.82, 0.77, 0.44, 1.5, 0.67, 0.7], "st": {"tick": 315789, "goal": 0, "here": 0}, "v": 0.283, "rx": [], "d0": "0", "d5": "0"}
{"t": 109.3, "x": -1.558, "y": 3.375, "h": 191.5, "r": [0.54, 0.25, 0.26, 0.23, 0.75, 0.85, 0.62, 1.02, 1.0, 0.53, 0.35, 0.33, 0.32, 0.45, 0.56, 0.52], "st": {"tick": 316292, "goal": 0, "here": 0}, "v": 0.299, "rx": [], "d0": "0", "d5": "0"}
{"t": 114.8, "x": -1.173, "y": 3.272, "h": 345.1, "r": [1.73, 0.71, 0.63, 0.54, 0.4, 0.39, 0.48, 0.74, 0.86, 0.53, 1.1, 0.73, 0.67, 0.6, 0.32, 0.27], "st": {"tick": 316844, "goal": 0, "here": 0}, "v": 0.268, "rx": [], "d0": "0", "d5": "0"}
{"t": 119.1, "x": -1.396, "y": 3.143, "h": 209.6, "r": [1.06, 0.64, 0.51, 0.54, 0.55, 0.55, 0.43, 0.83, 0.96, 0.66, 0.53, 0.53, 0.62, 0.77, 0.71, 0.15], "st": {"tick": 317272, "goal": 0, "here": 0}, "v": 0.268, "rx": [], "d0": "0", "d5": "0"}
{"t": 120.1, "x": -1.396, "y": 3.143, "h": 208.6, "r": [1.06, 0.64, 0.51, 0.54, 0.56, 0.54, 0.42, 0.83, 0.96, 0.67, 0.53, 0.52, 0.62, 0.78, 0.71, 0.15], "st": {"tick": 317372, "goal": 0, "here": 0}, "v": 0.267, "rx": [], "d0": "0", "d5": "0"}
{"t": 125.1, "x": -1.088, "y": 3.336, "h": 128.0, "r": [0.47, 0.81, 0.93, 0.59, 0.97, 0.76, 0.66, 0.34, 0.88, 1.57, 0.56, 0.63, 0.48, 0.41, 0.34, 0.37], "st": {"tick": 317876, "goal": 0, "here": 0}, "v": 0.262, "rx": [], "d0": "0", "d5": "0"}
{"t": 129.8, "x": -1.038, "y": 3.283, "h": 307.5, "r": [0.78, 1.35, 0.56, 0.64, 0.51, 0.47, 0.39, 0.45, 0.52, 0.85, 0.98, 0.6, 0.96, 0.72, 0.61, 0.28], "st": {"tick": 318341, "goal": 0, "here": 0}, "v": 0.257, "rx": [], "d0": "0", "d5": "0"}
{"t": 130.8, "x": -1.038, "y": 3.284, "h": 308.9, "r": [0.77, 1.35, 0.55, 0.62, 0.52, 0.47, 0.39, 0.45, 0.52, 0.85, 0.97, 0.6, 0.95, 0.73, 0.61, 0.28], "st": {"tick": 318442, "goal": 0, "here": 0}, "v": 0.248, "rx": [], "d0": "0", "d5": "0"}
{"t": 135.8, "x": -1.284, "y": 3.558, "h": 39.9, "r": [0.24, 0.23, 0.12, 0.14, 0.23, 0.46, 0.72, 0.81, 0.53, 0.96, 0.89, 0.91, 1.15, 0.86, 0.81, 0.51], "st": {"tick": 318943, "goal": 0, "here": 0}, "v": 0.282, "rx": [], "d0": "0", "d5": "0"}
{"t": 137.2, "x": -1.283, "y": 3.559, "h": 21.9, "r": [0.48, 0.23, 0.2, 0.11, 0.17, 0.24, 0.54, 0.73, 0.81, 0.55, 0.89, 0.89, 0.61, 1.27, 0.8, 0.77], "st": {"tick": 319084, "goal": 0, "here": 0}, "v": 0.288, "rx": [], "d0": "0", "d5": "0"}
{"t": 140.6, "x": -1.03, "y": 3.294, "h": 312.4, "r": [0.87, 1.58, 0.51, 0.6, 0.48, 0.44, 0.37, 0.42, 0.54, 0.9, 1.0, 1.55, 0.95, 0.74, 0.61, 0.26], "st": {"tick": 319419, "goal": 0, "here": 0}, "v": 0.255, "rx": [], "d0": "0", "d5": "0"}
{"t": 144.2, "x": -1.24, "y": 3.215, "h": 199.3, "r": [0.25, 0.79, 0.62, 0.61, 0.59, 0.33, 0.3, 0.73, 0.81, 0.65, 0.49, 0.47, 0.5, 0.62, 0.89, 0.81], "st": {"tick": 319787, "goal": 0, "here": 0}, "v": 0.252, "rx": [], "d0": "0", "d5": "0"}
{"t": 150.1, "x": -0.719, "y": 3.386, "h": 16.9, "r": [0.34, 0.37, 0.25, 0.29, 0.33, 0.38, 0.71, 1.22, 0.72, 1.05, 0.37, 0.75, 0.76, 1.03, 0.27, 0.29], "st": {"tick": 320373, "goal": 0, "here": 0}, "v": 0.253, "rx": [], "d0": "0", "d5": "0"}
{"t": 154.3, "x": -0.758, "y": 3.065, "h": 262.4, "r": [0.47, 0.45, 0.58, 0.99, 1.38, 0.33, 0.39, 0.6, 0.56, 0.58, 0.68, 1.16, 0.14, 0.13, 0.26, 0.25], "st": {"tick": 320790, "goal": 0, "here": 0}, "v": 0.232, "rx": [], "d0": "0", "d5": "0"}
{"t": 156.6, "x": -0.63, "y": 2.888, "h": 305.8, "r": [0.38, 0.55, 1.22, 1.28, 0.25, 0.34, 0.65, 0.76, 0.88, 0.29, 0.28, 0.26, 0.32, 0.36, 0.34, 0.27], "st": {"tick": 321026, "goal": 0, "here": 0}, "v": 0.205, "rx": [], "d0": "0", "d5": "0"}
