fit src=(-2.57,7.02) err=0.015 pos=(-1.78,5.66) v=0.670
t=   7 v=0.670 pos=(-1.90,5.94) brg=120
rx botA PING x=-3.131 y=4.141 d11=0.636 here=1 seq=217
t=   9 v=0.786 pos=(-1.97,6.10) brg=122
rx botA PING x=-3.131 y=4.141 d11=0.795 here=1 seq=218
t=  11 v=0.834 pos=(-1.97,6.12) brg=123
t=  12 v=0.831 pos=(-1.97,6.12) brg=123
t=  14 v=0.833 pos=(-1.97,6.12) brg=123
rx botA PING x=-3.131 y=4.141 d11=0.841 here=1 seq=219
t=  14 v=0.833 pos=(-1.97,6.12) brg=123
t=  15 v=0.835 pos=(-1.97,6.12) brg=123
fit src=(-2.55,6.54) err=0.024 pos=(-1.97,6.12) v=0.837
t=  16 v=0.837 pos=(-1.97,6.12) brg=143
t=  17 v=0.831 pos=(-1.97,6.12) brg=143
rx botA PING x=-3.131 y=4.141 d11=0.827 here=1 seq=220
t=  18 v=0.833 pos=(-1.97,6.12) brg=143
t=  18 v=0.832 pos=(-1.97,6.12) brg=143
t=  19 v=0.834 pos=(-1.97,6.12) brg=143
t=  20 v=0.835 pos=(-1.97,6.12) brg=143
t=  21 v=0.835 pos=(-1.97,6.12) brg=143
rx botA PING x=-3.131 y=4.141 d11=0.837 here=1 seq=221
t=  22 v=0.835 pos=(-1.97,6.12) brg=143
t=  22 v=0.834 pos=(-1.97,6.12) brg=143
t=  23 v=0.832 pos=(-1.97,6.12) brg=143
t=  24 v=0.832 pos=(-1.97,6.12) brg=143
t=  25 v=0.832 pos=(-1.97,6.12) brg=143
rx botA PING x=-3.131 y=4.141 d11=0.823 here=1 seq=222
t=  26 v=0.836 pos=(-1.97,6.12) brg=143
t=  26 v=0.831 pos=(-1.97,6.12) brg=143
t=  27 v=0.834 pos=(-1.97,6.12) brg=143
t=  28 v=0.833 pos=(-1.97,6.12) brg=143
t=  29 v=0.833 pos=(-1.97,6.12) brg=143
rx botA PING x=-3.131 y=4.141 d11=0.847 here=1 seq=223
t=  30 v=0.833 pos=(-1.97,6.12) brg=143
t=  30 v=0.833 pos=(-1.97,6.12) brg=143
fit src=(-2.49,6.35) err=0.026 pos=(-1.97,6.12) v=0.833
t=  31 v=0.833 pos=(-1.97,6.12) brg=156
t=  32 v=0.833 pos=(-1.97,6.12) brg=156
t=  35 v=0.833 pos=(-2.27,6.16) brg=156
rx botA PING x=-3.131 y=4.141 d11=0.823 here=1 seq=224
t=  36 v=0.877 pos=(-2.30,6.17) brg=140
rx botA PING x=-3.131 y=4.141 d11=0.842 here=1 seq=225
t=  37 v=0.881 pos=(-2.32,6.17) brg=137
t=  38 v=0.881 pos=(-2.36,6.18) brg=135
t=  39 v=0.885 pos=(-2.38,6.18) brg=129
t=  40 v=0.889 pos=(-2.38,6.18) brg=125
t=  41 v=0.885 pos=(-2.38,6.18) brg=125
rx botA PING x=-3.131 y=4.141 d11=0.889 here=1 seq=226
t=  41 v=0.885 pos=(-2.38,6.18) brg=125
t=  42 v=0.882 pos=(-2.38,6.18) brg=125
t=  43 v=0.887 pos=(-2.38,6.18) brg=125
t=  44 v=0.883 pos=(-2.38,6.18) brg=125
t=  45 v=0.882 pos=(-2.38,6.18) brg=125
rx botA PING x=-3.131 y=4.141 d11=0.887 here=1 seq=227
t=  45 v=0.885 pos=(-2.38,6.18) brg=125
t=  46 v=0.884 pos=(-2.38,6.18) brg=125
fit src=(-2.25,6.14) err=0.082 pos=(-2.38,6.18) v=0.886
t=  51 v=0.886 pos=(-2.20,6.06) brg=340
rx botA PING x=-3.131 y=4.141 d11=0.875 here=1 seq=228
t=  56 v=0.839 pos=(-2.19,6.05) brg=125
rx botA PING x=-3.131 y=4.141 d11=0.899 here=1 seq=229
t=  58 v=0.840 pos=(-2.24,6.10) brg=125
rx botA PING x=-3.131 y=4.141 d11=0.841 here=1 seq=230
t=  59 v=0.863 pos=(-2.25,6.11) brg=102
t=  62 v=0.862 pos=(-2.25,6.11) brg=86
fit src=(-2.25,6.14) err=0.114 pos=(-2.25,6.11) v=0.863
rx botA PING x=-3.131 y=4.141 d11=0.853 here=1 seq=231
t=  63 v=0.863 pos=(-2.25,6.11) brg=84
t=  64 v=0.861 pos=(-2.25,6.11) brg=84
t=  65 v=0.861 pos=(-2.25,6.11) brg=84
rx botA PING x=-3.131 y=4.141 d11=0.868 here=1 seq=232
t=  65 v=0.861 pos=(-2.25,6.11) brg=84
t=  66 v=0.863 pos=(-2.25,6.11) brg=84
t=  67 v=0.860 pos=(-2.25,6.11) brg=84
t=  68 v=0.857 pos=(-2.25,6.11) brg=84
t=  69 v=0.859 pos=(-2.25,6.11) brg=85
rx botA PING x=-3.131 y=4.141 d11=0.862 here=1 seq=233
t=  69 v=0.864 pos=(-2.25,6.11) brg=84
t=  70 v=0.863 pos=(-2.25,6.11) brg=84
t=  71 v=0.862 pos=(-2.25,6.11) brg=84
t=  72 v=0.863 pos=(-2.25,6.11) brg=84
t=  73 v=0.860 pos=(-2.25,6.11) brg=84
rx botA PING x=-3.131 y=4.141 d11=0.864 here=1 seq=234
t=  73 v=0.863 pos=(-2.25,6.11) brg=84
t=  74 v=0.864 pos=(-2.25,6.11) brg=84
t=  75 v=0.866 pos=(-2.25,6.11) brg=84
t=  76 v=0.863 pos=(-2.25,6.11) brg=84
t=  77 v=0.860 pos=(-2.25,6.11) brg=85
rx botA PING x=-3.131 y=4.141 d11=0.864 here=1 seq=235
t=  77 v=0.860 pos=(-2.25,6.11) brg=84
fit src=(-2.75,6.67) err=0.150 pos=(-2.25,6.11) v=0.862
t=  81 v=0.862 pos=(-2.25,6.11) brg=132
rx botA PING x=-3.131 y=4.141 d11=0.884 here=1 seq=236
t=  82 v=0.860 pos=(-2.25,6.11) brg=131
t=  82 v=0.859 pos=(-2.25,6.11) brg=131
t=  83 v=0.860 pos=(-2.25,6.11) brg=131
t=  84 v=0.857 pos=(-2.25,6.11) brg=131
t=  85 v=0.858 pos=(-2.25,6.11) brg=131
rx botA PING x=-3.131 y=4.141 d11=0.855 here=1 seq=237
t=  86 v=0.863 pos=(-2.25,6.11) brg=131
t=  86 v=0.857 pos=(-2.25,6.11) brg=131
t=  87 v=0.863 pos=(-2.25,6.11) brg=131
t=  88 v=0.862 pos=(-2.25,6.11) brg=131
t=  89 v=0.862 pos=(-2.25,6.11) brg=131
rx botA PING x=-3.131 y=4.141 d11=0.856 here=1 seq=238
t=  90 v=0.861 pos=(-2.25,6.11) brg=131
t=  90 v=0.860 pos=(-2.25,6.11) brg=131
t=  91 v=0.859 pos=(-2.25,6.11) brg=131
t=  92 v=0.860 pos=(-2.25,6.11) brg=131
t=  93 v=0.857 pos=(-2.25,6.11) brg=131
fit src=(-2.25,5.94) err=0.153 pos=(-2.25,6.11) v=0.860
rx botA PING x=-3.131 y=4.141 d11=0.868 here=1 seq=239
t=  97 v=0.860 pos=(-2.31,5.96) brg=271
rx botA PING x=-3.131 y=4.141 d11=0.859 here=1 seq=240
t= 101 v=0.827 pos=(-2.12,5.86) brg=336
rx botA PING x=-3.131 y=4.141 d11=0.826 here=1 seq=241
t= 107 v=0.790 pos=(-2.30,5.94) brg=149
t= 113 v=0.824 pos=(-2.12,5.86) brg=359
fit src=(-2.75,6.69) err=0.173 pos=(-2.12,5.86) v=0.784
rx botA PING x=-3.131 y=4.141 d11=0.826 here=1 seq=244
t= 119 v=0.784 pos=(-2.30,6.08) brg=127
rx botA PING x=-3.131 y=4.141 d11=0.778 here=1 seq=245
t= 121 v=0.863 pos=(-2.37,6.13) brg=127
rx botA PING x=-3.131 y=4.141 d11=0.840 here=1 seq=246
t= 122 v=0.879 pos=(-2.38,6.14) brg=125
t= 123 v=0.879 pos=(-2.38,6.14) brg=124
t= 124 v=0.874 pos=(-2.38,6.14) brg=124
t= 124 v=0.872 pos=(-2.38,6.14) brg=124
rx botA PING x=-3.131 y=4.141 d11=0.878 here=1 seq=247
t= 125 v=0.871 pos=(-2.38,6.14) brg=124
t= 126 v=0.874 pos=(-2.38,6.14) brg=124
t= 127 v=0.877 pos=(-2.39,6.14) brg=124
t= 128 v=0.875 pos=(-2.38,6.14) brg=124
t= 128 v=0.877 pos=(-2.38,6.14) brg=124
fit src=(-2.76,6.95) err=0.198 pos=(-2.38,6.14) v=0.877
rx botA PING x=-3.131 y=4.141 d11=0.872 here=1 seq=248
t= 129 v=0.877 pos=(-2.38,6.14) brg=115
t= 130 v=0.875 pos=(-2.38,6.14) brg=115
t= 131 v=0.876 pos=(-2.38,6.14) brg=115
t= 132 v=0.877 pos=(-2.38,6.14) brg=115
t= 133 v=0.875 pos=(-2.38,6.14) brg=115
rx botA PING x=-3.131 y=4.141 d11=0.878 here=1 seq=249
t= 133 v=0.876 pos=(-2.38,6.14) brg=115
t= 134 v=0.877 pos=(-2.38,6.14) brg=115
t= 135 v=0.875 pos=(-2.38,6.14) brg=115
t= 136 v=0.874 pos=(-2.38,6.14) brg=115
t= 137 v=0.874 pos=(-2.38,6.14) brg=115
rx botA PING x=-3.131 y=4.141 d11=0.875 here=1 seq=250
t= 137 v=0.880 pos=(-2.38,6.14) brg=115
t= 138 v=0.876 pos=(-2.38,6.14) brg=115
t= 139 v=0.876 pos=(-2.38,6.14) brg=115
t= 140 v=0.877 pos=(-2.38,6.14) brg=115
t= 141 v=0.878 pos=(-2.38,6.14) brg=115
rx botA PING x=-3.131 y=4.141 d11=0.879 here=1 seq=251
t= 141 v=0.875 pos=(-2.38,6.14) brg=115
t= 142 v=0.875 pos=(-2.38,6.14) brg=115
t= 143 v=0.877 pos=(-2.38,6.14) brg=115
t= 144 v=0.879 pos=(-2.38,6.14) brg=115
fit src=(-2.26,6.02) err=0.133 pos=(-2.38,6.14) v=0.874
t= 149 v=0.874 pos=(-2.38,6.15) brg=315
rx botA PING x=-3.131 y=4.141 d11=0.877 here=1 seq=253
t= 149 v=0.878 pos=(-2.38,6.15) brg=313
t= 150 v=0.877 pos=(-2.38,6.15) brg=313
t= 151 v=0.880 pos=(-2.38,6.15) brg=313
t= 152 v=0.876 pos=(-2.38,6.15) brg=313
t= 153 v=0.879 pos=(-2.38,6.15) brg=313
rx botA PING x=-3.131 y=4.141 d11=0.883 here=1 seq=254
t= 153 v=0.881 pos=(-2.38,6.15) brg=313
t= 154 v=0.878 pos=(-2.38,6.15) brg=313
t= 155 v=0.876 pos=(-2.38,6.15) brg=313
t= 156 v=0.877 pos=(-2.38,6.15) brg=313
t= 157 v=0.879 pos=(-2.38,6.15) brg=313
rx botA PING x=-3.131 y=4.141 d11=0.881 here=1 seq=255
t= 157 v=0.875 pos=(-2.38,6.15) brg=313
t= 158 v=0.875 pos=(-2.38,6.15) brg=313
t= 159 v=0.877 pos=(-2.38,6.15) brg=313
fit src=(-2.51,6.06) err=0.085 pos=(-2.38,6.15) v=0.879
t= 163 v=0.879 pos=(-2.56,6.03) brg=214
rx botA PING x=-3.131 y=4.141 d11=0.873 here=1 seq=256
t= 169 v=0.849 pos=(-2.42,6.12) brg=30
rx botA PING x=-3.131 y=4.141 d11=0.846 here=1 seq=258
fit src=(-3.08,11.03) err=0.011 pos=(-2.40,6.13) v=0.871
t=   3 v=0.871 pos=(-2.44,6.14) brg=98
rx botA PING x=-3.131 y=4.141 d11=0.871 here=1 seq=259
t=   4 v=0.878 pos=(-2.46,6.14) brg=97
t=   4 v=0.877 pos=(-2.46,6.14) brg=97
t=   5 v=0.881 pos=(-2.46,6.14) brg=97
rx botA PING x=-3.131 y=4.141 d11=0.882 here=1 seq=260
t=   6 v=0.877 pos=(-2.46,6.14) brg=97
t=   7 v=0.877 pos=(-2.46,6.14) brg=97
t=   8 v=0.878 pos=(-2.46,6.14) brg=97
unstick
t=  17 v=0.831 pos=(-2.14,6.07) brg=101
fit src=(-2.33,6.05) err=0.052 pos=(-2.14,6.07) v=0.842
rx botA PING x=-3.131 y=4.141 d11=0.826 here=1 seq=263
t=  21 v=0.842 pos=(-2.36,6.06) brg=184
rx botA PING x=-3.131 y=4.141 d11=0.849 here=1 seq=264
t=  26 v=0.854 pos=(-2.21,5.92) brg=353
rx botA PING x=-3.131 y=4.141 d11=0.842 here=1 seq=265
t=  32 v=0.804 pos=(-2.37,6.04) brg=132
t=  36 v=0.853 pos=(-2.19,6.15) brg=18
fit src=(-2.33,6.06) err=0.065 pos=(-2.19,6.15) v=0.864
rx botA PING x=-3.131 y=4.141 d11=0.828 here=1 seq=267
t=  42 v=0.864 pos=(-2.37,6.06) brg=213
rx botA PING x=-3.131 y=4.141 d11=0.872 here=1 seq=269
t=  47 v=0.855 pos=(-2.18,5.98) brg=6
rx botA PING x=-3.131 y=4.141 d11=0.859 here=1 seq=270
t=  53 v=0.820 pos=(-2.37,6.05) brg=150
fit src=(-2.33,6.07) err=0.076 pos=(-2.37,6.05) v=0.852
rx botA PING x=-3.131 y=4.141 d11=0.818 here=1 seq=272
t=  59 v=0.852 pos=(-2.18,6.14) brg=26
rx botA PING x=-3.131 y=4.141 d11=0.848 here=1 seq=273
t=  64 v=0.861 pos=(-2.33,6.00) brg=206
rx botA PING x=-3.131 y=4.141 d11=0.861 here=1 seq=274
t=  68 v=0.835 pos=(-2.34,6.06) brg=94
rx botA PING x=-3.131 y=4.141 d11=0.849 here=1 seq=275
t=  71 v=0.859 pos=(-2.14,6.15) brg=33
fit src=(-2.33,6.08) err=0.085 pos=(-2.14,6.15) v=0.860
rx botA PING x=-3.131 y=4.141 d11=0.830 here=1 seq=276
t=  77 v=0.860 pos=(-2.32,6.08) brg=200
rx botA PING x=-3.131 y=4.141 d11=0.856 here=1 seq=278
t=  80 v=0.855 pos=(-2.55,6.10) brg=178
t=  86 v=0.868 pos=(-2.36,6.07) brg=355
rx botA PING x=-3.131 y=4.141 d11=0.860 here=1 seq=280
t=  89 v=0.855 pos=(-2.12,6.11) brg=14
fit src=(-2.33,6.09) err=0.096 pos=(-2.12,6.11) v=0.844
rx botA PING x=-3.131 y=4.141 d11=0.848 here=1 seq=281
t=  95 v=0.844 pos=(-2.32,6.06) brg=185
rx botA PING x=-3.131 y=4.141 d11=0.851 here=1 seq=282
t=  98 v=0.854 pos=(-2.36,6.09) brg=104
