grid loaded occ=482 free=468 pos=(-0.63,2.89)
plan len=7 from (-0.63,2.89) end=(-1.4000000000000001, 3.6) v=0.211
plan len=4 from (-0.79,3.38) end=(-1.4000000000000001, 3.6) v=0.258
plan len=4 from (-0.88,3.50) end=(-1.4000000000000001, 3.6) v=0.264
plan len=4 from (-0.88,3.50) end=(-1.4000000000000001, 3.6) v=0.259
path done at (-1.17,3.52) v=0.283 st={'tick': 322763, 'goal': 0, 'here': 0}
plan len=1 from (-1.19,3.53) end=(-1.2000000000000002, 3.6) v=0.271
path done at (-1.19,3.53) v=0.271 st={'tick': 322864, 'goal': 0, 'here': 0}
plan len=1 from (-1.19,3.53) end=(-1.2000000000000002, 3.6) v=0.281
path done at (-1.19,3.53) v=0.281 st={'tick': 322963, 'goal': 0, 'here': 0}
plan len=1 from (-1.19,3.53) end=(-1.2000000000000002, 3.6) v=0.269
path done at (-1.19,3.53) v=0.269 st={'tick': 323062, 'goal': 0, 'here': 0}
plan len=1 from (-1.19,3.53) end=(-1.2000000000000002, 3.6) v=0.286
path done at (-1.19,3.53) v=0.286 st={'tick': 323162, 'goal': 0, 'here': 0}
plan len=1 from (-1.19,3.53) end=(-1.2000000000000002, 3.6) v=0.280
path done at (-1.19,3.53) v=0.280 st={'tick': 323264, 'goal': 0, 'here': 0}
plan len=1 from (-1.19,3.53) end=(-1.2000000000000002, 3.6) v=0.282
path done at (-1.19,3.53) v=0.282 st={'tick': 323363, 'goal': 0, 'here': 0}
plan len=1 from (-1.19,3.53) end=(-1.2000000000000002, 3.6) v=0.281
path done at (-1.19,3.53) v=0.281 st={'tick': 323463, 'goal': 0, 'here': 0}
plan len=1 from (-1.19,3.53) end=(-1.2000000000000002, 3.6) v=0.272
path done at (-1.19,3.53) v=0.272 st={'tick': 323563, 'goal': 0, 'here': 0}
unstick+replan
plan len=5 from (-0.88,3.44) end=(-1.6, 3.4000000000000004) v=0.278
path done at (-1.36,3.42) v=0.294 st={'tick': 324019, 'goal': 0, 'here': 0}
plan len=2 from (-1.38,3.42) end=(-1.6, 3.4000000000000004) v=0.294
path done at (-1.38,3.42) v=0.294 st={'tick': 324120, 'goal': 0, 'here': 0}
plan len=2 from (-1.38,3.42) end=(-1.6, 3.4000000000000004) v=0.288
path done at (-1.38,3.42) v=0.288 st={'tick': 324219, 'goal': 0, 'here': 0}
plan len=2 from (-1.38,3.42) end=(-1.6, 3.4000000000000004) v=0.293
path done at (-1.38,3.42) v=0.293 st={'tick': 324320, 'goal': 0, 'here': 0}
plan len=2 from (-1.38,3.42) end=(-1.6, 3.4000000000000004) v=0.286
path done at (-1.38,3.42) v=0.286 st={'tick': 324419, 'goal': 0, 'here': 0}
plan len=2 from (-1.38,3.42) end=(-1.6, 3.4000000000000004) v=0.286
path done at (-1.38,3.42) v=0.286 st={'tick': 324519, 'goal': 0, 'here': 0}
plan len=2 from (-1.38,3.42) end=(-1.6, 3.4000000000000004) v=0.305
path done at (-1.38,3.42) v=0.305 st={'tick': 324619, 'goal': 0, 'here': 0}
plan len=2 from (-1.38,3.42) end=(-1.6, 3.4000000000000004) v=0.281
path done at (-1.38,3.42) v=0.281 st={'tick': 324718, 'goal': 0, 'here': 0}
unstick+replan
plan len=4 from (-1.06,3.44) end=(-1.6, 3.4000000000000004) v=0.274
path done at (-1.37,3.41) v=0.256 st={'tick': 325100, 'goal': 0, 'here': 0}
plan len=2 from (-1.38,3.41) end=(-1.6, 3.4000000000000004) v=0.262
path done at (-1.38,3.41) v=0.262 st={'tick': 325200, 'goal': 0, 'here': 0}
plan len=2 from (-1.38,3.41) end=(-1.6, 3.4000000000000004) v=0.251
path done at (-1.38,3.41) v=0.251 st={'tick': 325300, 'goal': 0, 'here': 0}
plan len=2 from (-1.38,3.41) end=(-1.6, 3.4000000000000004) v=0.245
path done at (-1.38,3.41) v=0.245 st={'tick': 325403, 'goal': 0, 'here': 0}
plan len=2 from (-1.38,3.41) end=(-1.6, 3.4000000000000004) v=0.242
path done at (-1.38,3.41) v=0.242 st={'tick': 325499, 'goal': 0, 'here': 0}
plan len=2 from (-1.38,3.41) end=(-1.6, 3.4000000000000004) v=0.248
path done at (-1.38,3.41) v=0.248 st={'tick': 325600, 'goal': 0, 'here': 0}
plan len=2 from (-1.38,3.41) end=(-1.6, 3.4000000000000004) v=0.242
path done at (-1.38,3.41) v=0.242 st={'tick': 325700, 'goal': 0, 'here': 0}
plan len=2 from (-1.38,3.41) end=(-1.6, 3.4000000000000004) v=0.247
path done at (-1.38,3.41) v=0.247 st={'tick': 325801, 'goal': 0, 'here': 0}
plan len=2 from (-1.38,3.41) end=(-1.6, 3.4000000000000004) v=0.251
path done at (-1.38,3.41) v=0.251 st={'tick': 325897, 'goal': 0, 'here': 0}
unstick+replan
plan len=4 from (-1.06,3.43) end=(-1.6, 3.4000000000000004) v=0.248
path done at (-1.36,3.42) v=0.258 st={'tick': 326280, 'goal': 0, 'here': 0}
plan len=1 from (-1.38,3.42) end=(-1.4000000000000001, 3.4000000000000004) v=0.278
path done at (-1.38,3.42) v=0.278 st={'tick': 326381, 'goal': 0, 'here': 0}
plan len=1 from (-1.38,3.42) end=(-1.4000000000000001, 3.4000000000000004) v=0.285
path done at (-1.38,3.42) v=0.285 st={'tick': 326482, 'goal': 0, 'here': 0}
plan len=1 from (-1.38,3.42) end=(-1.4000000000000001, 3.4000000000000004) v=0.284
path done at (-1.38,3.42) v=0.284 st={'tick': 326579, 'goal': 0, 'here': 0}
plan len=1 from (-1.38,3.42) end=(-1.4000000000000001, 3.4000000000000004) v=0.299
path done at (-1.38,3.42) v=0.299 st={'tick': 326681, 'goal': 0, 'here': 0}
plan len=1 from (-1.38,3.42) end=(-1.4000000000000001, 3.4000000000000004) v=0.296
path done at (-1.38,3.42) v=0.296 st={'tick': 326784, 'goal': 0, 'here': 0}
plan len=1 from (-1.38,3.42) end=(-1.4000000000000001, 3.4000000000000004) v=0.324
path done at (-1.38,3.42) v=0.324 st={'tick': 326880, 'goal': 0, 'here': 0}
plan len=1 from (-1.38,3.42) end=(-1.4000000000000001, 3.4000000000000004) v=0.310
path done at (-1.38,3.42) v=0.310 st={'tick': 326982, 'goal': 0, 'here': 0}
plan len=1 from (-1.38,3.42) end=(-1.4000000000000001, 3.4000000000000004) v=0.313
path done at (-1.38,3.42) v=0.313 st={'tick': 327083, 'goal': 0, 'here': 0}
unstick+replan
plan len=2 from (-1.07,3.44) end=(-1.2000000000000002, 3.4000000000000004) v=0.321
path done at (-1.07,3.44) v=0.321 st={'tick': 327183, 'goal': 0, 'here': 0}
plan len=2 from (-1.04,3.44) end=(-1.2000000000000002, 3.4000000000000004) v=0.292
path done at (-1.04,3.44) v=0.292 st={'tick': 327414, 'goal': 0, 'here': 0}
plan len=2 from (-1.05,3.44) end=(-1.2000000000000002, 3.4000000000000004) v=0.304
path done at (-1.05,3.44) v=0.304 st={'tick': 327515, 'goal': 0, 'here': 0}
plan len=2 from (-1.05,3.44) end=(-1.2000000000000002, 3.4000000000000004) v=0.296
path done at (-1.05,3.44) v=0.296 st={'tick': 327612, 'goal': 0, 'here': 0}
plan len=2 from (-1.05,3.44) end=(-1.2000000000000002, 3.4000000000000004) v=0.295
path done at (-1.05,3.44) v=0.295 st={'tick': 327713, 'goal': 0, 'here': 0}
plan len=2 from (-1.04,3.44) end=(-1.2000000000000002, 3.4000000000000004) v=0.279
path done at (-1.04,3.44) v=0.279 st={'tick': 327813, 'goal': 0, 'here': 0}
plan len=2 from (-1.05,3.44) end=(-1.2000000000000002, 3.4000000000000004) v=0.276
path done at (-1.05,3.44) v=0.276 st={'tick': 327913, 'goal': 0, 'here': 0}
plan len=2 from (-1.04,3.44) end=(-1.2000000000000002, 3.4000000000000004) v=0.256
path done at (-1.04,3.44) v=0.256 st={'tick': 328014, 'goal': 0, 'here': 0}
plan len=2 from (-1.05,3.44) end=(-1.2000000000000002, 3.4000000000000004) v=0.258
path done at (-1.05,3.44) v=0.258 st={'tick': 328114, 'goal': 0, 'here': 0}
plan len=2 from (-1.05,3.44) end=(-1.2000000000000002, 3.4000000000000004) v=0.254
path done at (-1.05,3.44) v=0.254 st={'tick': 328213, 'goal': 0, 'here': 0}
grid loaded occ=482 free=468 pos=(-1.05,3.44)
plan len=19 from (-1.04,3.44) end=(-2.6, 6.6000000000000005) v=0.236
plan len=19 from (-0.93,3.37) end=(-2.6, 6.6000000000000005) v=0.230
plan len=19 from (-0.92,3.37) end=(-2.6, 6.6000000000000005) v=0.239
plan len=19 from (-0.92,3.38) end=(-2.6, 6.6000000000000005) v=0.212
plan len=19 from (-0.92,3.38) end=(-2.6, 6.6000000000000005) v=0.222
plan len=19 from (-0.92,3.39) end=(-2.6, 6.6000000000000005) v=0.219
plan len=19 from (-0.91,3.39) end=(-2.6, 6.6000000000000005) v=0.218
plan len=19 from (-0.91,3.40) end=(-2.6, 6.6000000000000005) v=0.217
plan len=19 from (-0.91,3.40) end=(-2.6, 6.6000000000000005) v=0.225
plan len=19 from (-0.91,3.40) end=(-2.6, 6.6000000000000005) v=0.210
plan len=19 from (-0.91,3.41) end=(-2.6, 6.6000000000000005) v=0.226
plan len=19 from (-0.90,3.41) end=(-2.6, 6.6000000000000005) v=0.223
plan len=19 from (-0.90,3.42) end=(-2.6, 6.6000000000000005) v=0.250
plan len=19 from (-0.85,3.37) end=(-2.6, 6.6000000000000005) v=0.246
plan len=20 from (-0.79,3.29) end=(-2.6, 6.6000000000000005) v=0.246
plan len=19 from (-0.86,3.36) end=(-2.6, 6.6000000000000005) v=0.256
plan len=19 from (-0.82,3.31) end=(-2.6, 6.6000000000000005) v=0.252
plan len=20 from (-0.76,3.22) end=(-2.6, 6.6000000000000005) v=0.265
plan len=20 from (-0.83,3.29) end=(-2.6, 6.6000000000000005) v=0.303
plan len=19 from (-0.83,3.30) end=(-2.6, 6.6000000000000005) v=0.313
plan len=20 from (-0.82,3.26) end=(-2.6, 6.6000000000000005) v=0.298
plan len=19 from (-0.83,3.31) end=(-2.6, 6.6000000000000005) v=0.337
plan len=20 from (-0.79,3.25) end=(-2.6, 6.6000000000000005) v=0.355
plan len=19 from (-0.84,3.30) end=(-2.6, 6.6000000000000005) v=0.367
plan len=20 from (-0.83,3.26) end=(-2.6, 6.6000000000000005) v=0.355
plan len=20 from (-0.84,3.30) end=(-2.6, 6.6000000000000005) v=0.393
plan len=19 from (-0.83,3.31) end=(-2.6, 6.6000000000000005) v=0.393
plan len=20 from (-0.83,3.27) end=(-2.6, 6.6000000000000005) v=0.392
plan len=19 from (-0.86,3.33) end=(-2.6, 6.6000000000000005) v=0.402
plan len=20 from (-0.85,3.30) end=(-2.6, 6.6000000000000005) v=0.401
plan len=19 from (-0.84,3.31) end=(-2.6, 6.6000000000000005) v=0.389
plan len=20 from (-0.83,3.28) end=(-2.6, 6.6000000000000005) v=0.380
plan len=19 from (-0.84,3.31) end=(-2.6, 6.6000000000000005) v=0.393
plan len=19 from (-0.85,3.31) end=(-2.6, 6.6000000000000005) v=0.382
plan len=20 from (-0.92,3.16) end=(-2.6, 6.6000000000000005) v=0.375
plan len=19 from (-1.12,3.36) end=(-2.6, 6.6000000000000005) v=0.442
plan len=19 from (-1.09,3.35) end=(-2.6, 6.6000000000000005) v=0.441
plan len=20 from (-1.03,3.27) end=(-2.6, 6.6000000000000005) v=0.426
plan len=19 from (-1.12,3.37) end=(-2.6, 6.6000000000000005) v=0.440
plan len=19 from (-1.11,3.37) end=(-2.6, 6.6000000000000005) v=0.424
plan len=19 from (-1.12,3.37) end=(-2.6, 6.6000000000000005) v=0.395
plan len=19 from (-1.11,3.37) end=(-2.6, 6.6000000000000005) v=0.388
plan len=19 from (-1.11,3.38) end=(-2.6, 6.6000000000000005) v=0.381
plan len=19 from (-1.10,3.38) end=(-2.6, 6.6000000000000005) v=0.366
plan len=19 from (-1.06,3.33) end=(-2.6, 6.6000000000000005) v=0.358
plan len=20 from (-1.03,3.27) end=(-2.6, 6.6000000000000005) v=0.354
plan len=19 from (-1.11,3.38) end=(-2.6, 6.6000000000000005) v=0.345
plan len=19 from (-1.10,3.38) end=(-2.6, 6.6000000000000005) v=0.362
plan len=19 from (-1.10,3.39) end=(-2.6, 6.6000000000000005) v=0.361
plan len=19 from (-1.06,3.34) end=(-2.6, 6.6000000000000005) v=0.335
plan len=20 from (-1.02,3.28) end=(-2.6, 6.6000000000000005) v=0.320
plan len=19 from (-1.11,3.38) end=(-2.6, 6.6000000000000005) v=0.340
plan len=19 from (-1.11,3.38) end=(-2.6, 6.6000000000000005) v=0.329
plan len=19 from (-1.11,3.39) end=(-2.6, 6.6000000000000005) v=0.323
plan len=19 from (-1.10,3.40) end=(-2.6, 6.6000000000000005) v=0.324
plan len=19 from (-1.09,3.36) end=(-2.6, 6.6000000000000005) v=0.325
plan len=19 from (-1.05,3.32) end=(-2.6, 6.6000000000000005) v=0.320
plan len=20 from (-1.03,3.28) end=(-2.6, 6.6000000000000005) v=0.302
plan len=19 from (-1.12,3.38) end=(-2.6, 6.6000000000000005) v=0.317
plan len=19 from (-1.12,3.39) end=(-2.6, 6.6000000000000005) v=0.302
plan len=19 from (-1.09,3.38) end=(-2.6, 6.6000000000000005) v=0.310
plan len=19 from (-1.11,3.39) end=(-2.6, 6.6000000000000005) v=0.303
plan len=19 from (-1.10,3.41) end=(-2.6, 6.6000000000000005) v=0.303
plan len=19 from (-1.09,3.38) end=(-2.6, 6.6000000000000005) v=0.297
plan len=19 from (-1.05,3.32) end=(-2.6, 6.6000000000000005) v=0.272
plan len=20 from (-1.03,3.28) end=(-2.6, 6.6000000000000005) v=0.256
plan len=19 from (-1.10,3.37) end=(-2.6, 6.6000000000000005) v=0.267
plan len=19 from (-1.10,3.37) end=(-2.6, 6.6000000000000005) v=0.232
plan len=19 from (-1.09,3.38) end=(-2.6, 6.6000000000000005) v=0.246
plan len=19 from (-1.10,3.37) end=(-2.6, 6.6000000000000005) v=0.241
plan len=19 from (-1.09,3.38) end=(-2.6, 6.6000000000000005) v=0.244
plan len=19 from (-1.08,3.38) end=(-2.6, 6.6000000000000005) v=0.233
plan len=19 from (-1.08,3.39) end=(-2.6, 6.6000000000000005) v=0.221
plan len=19 from (-1.07,3.40) end=(-2.6, 6.6000000000000005) v=0.236
plan len=19 from (-1.09,3.42) end=(-2.6, 6.6000000000000005) v=0.239
plan len=19 from (-1.06,3.40) end=(-2.6, 6.6000000000000005) v=0.228
plan len=19 from (-1.06,3.41) end=(-2.6, 6.6000000000000005) v=0.234
plan len=19 from (-1.05,3.40) end=(-2.6, 6.6000000000000005) v=0.233
plan len=19 from (-1.05,3.41) end=(-2.6, 6.6000000000000005) v=0.231
grid loaded occ=482 free=468 pos=(-1.05,3.41)
plan len=19 from (-1.06,3.42) end=(-2.6, 6.6000000000000005) v=0.270
blocked front=0.19 pos=(-1.06,3.42) wp=(-1.4,3.8) brg=132 h=129
plan len=19 from (-0.97,3.32) end=(-2.6, 6.6000000000000005) v=0.255
blocked front=0.24 pos=(-1.01,3.37) wp=(-1.2,3.6) brg=130 h=128
plan len=20 from (-0.92,3.27) end=(-2.6, 6.6000000000000005) v=0.266
blocked front=0.25 pos=(-1.03,3.35) wp=(-1.4,3.6) brg=145 h=149
plan len=20 from (-0.91,3.27) end=(-2.6, 6.6000000000000005) v=0.255
blocked front=0.23 pos=(-1.07,3.36) wp=(-1.4,3.6) brg=144 h=146
plan len=20 from (-0.95,3.29) end=(-2.6, 6.6000000000000005) v=0.256
blocked front=0.22 pos=(-1.07,3.36) wp=(-1.4,3.6) brg=144 h=147
plan len=20 from (-0.95,3.29) end=(-2.6, 6.6000000000000005) v=0.259
blocked front=0.22 pos=(-1.07,3.36) wp=(-1.4,3.6) brg=144 h=144
plan len=20 from (-0.95,3.28) end=(-2.6, 6.6000000000000005) v=0.264
blocked front=0.25 pos=(-1.04,3.34) wp=(-1.4,3.6) brg=144 h=147
plan len=20 from (-0.92,3.27) end=(-2.6, 6.6000000000000005) v=0.242
blocked front=0.24 pos=(-1.07,3.35) wp=(-1.4,3.6) brg=143 h=144
plan len=20 from (-0.95,3.28) end=(-2.6, 6.6000000000000005) v=0.236
blocked front=0.23 pos=(-1.07,3.36) wp=(-1.4,3.6) brg=143 h=143
plan len=20 from (-0.96,3.28) end=(-2.6, 6.6000000000000005) v=0.233
blocked front=0.24 pos=(-1.07,3.35) wp=(-1.4,3.6) brg=143 h=144
plan len=20 from (-0.96,3.27) end=(-2.6, 6.6000000000000005) v=0.223
blocked front=0.24 pos=(-1.07,3.35) wp=(-1.4,3.6) brg=143 h=144
plan len=20 from (-0.95,3.28) end=(-2.6, 6.6000000000000005) v=0.225
blocked front=0.24 pos=(-1.07,3.35) wp=(-1.4,3.6) brg=143 h=142
plan len=20 from (-0.96,3.27) end=(-2.6, 6.6000000000000005) v=0.229
blocked front=0.23 pos=(-1.13,3.39) wp=(-1.4,3.6) brg=142 h=143
plan len=19 from (-1.02,3.31) end=(-2.6, 6.6000000000000005) v=0.229
blocked front=0.23 pos=(-1.09,3.39) wp=(-1.4,3.8) brg=128 h=124
plan len=20 from (-1.01,3.28) end=(-2.6, 6.6000000000000005) v=0.233
blocked front=0.25 pos=(-1.08,3.35) wp=(-1.4,3.6) brg=142 h=137
plan len=20 from (-0.97,3.26) end=(-2.6, 6.6000000000000005) v=0.239
blocked front=0.24 pos=(-1.21,3.45) wp=(-1.6,3.8) brg=138 h=141
plan len=19 from (-1.10,3.38) end=(-2.6, 6.6000000000000005) v=0.263
blocked front=0.22 pos=(-1.12,3.40) wp=(-1.4,3.8) brg=125 h=136
plan len=20 from (-1.03,3.30) end=(-2.6, 6.6000000000000005) v=0.251
blocked front=0.25 pos=(-1.18,3.43) wp=(-1.4,3.6) brg=143 h=139
plan len=19 from (-1.07,3.35) end=(-2.6, 6.6000000000000005) v=0.248
blocked front=0.21 pos=(-1.10,3.38) wp=(-1.4,3.8) brg=126 h=134
plan len=20 from (-1.00,3.28) end=(-2.6, 6.6000000000000005) v=0.249
blocked front=0.23 pos=(-1.21,3.46) wp=(-1.6,3.8) brg=139 h=140
plan len=19 from (-1.10,3.38) end=(-2.6, 6.6000000000000005) v=0.263
blocked front=0.24 pos=(-1.21,3.46) wp=(-1.6,3.8) brg=139 h=142
plan len=19 from (-1.10,3.38) end=(-2.6, 6.6000000000000005) v=0.244
blocked front=0.24 pos=(-1.09,3.37) wp=(-1.2,3.8) brg=105 h=111
plan len=20 from (-1.02,3.23) end=(-2.6, 6.6000000000000005) v=0.217
blocked front=0.23 pos=(-1.23,3.46) wp=(-1.6,3.8) brg=137 h=137
plan len=19 from (-1.13,3.37) end=(-2.6, 6.6000000000000005) v=0.237
blocked front=0.22 pos=(-1.23,3.46) wp=(-1.6,3.8) brg=137 h=140
plan len=19 from (-1.13,3.37) end=(-2.6, 6.6000000000000005) v=0.238
blocked front=0.24 pos=(-1.20,3.44) wp=(-1.4,3.6) brg=141 h=137
plan len=19 from (-1.10,3.35) end=(-2.6, 6.6000000000000005) v=0.240
blocked front=0.24 pos=(-0.99,3.42) wp=(-0.8,3.6) brg=42 h=40
plan len=19 from (-1.09,3.33) end=(-2.6, 6.6000000000000005) v=0.300
blocked front=0.24 pos=(-1.03,3.39) wp=(-0.8,3.6) brg=42 h=42
plan len=19 from (-1.12,3.31) end=(-2.6, 6.6000000000000005) v=0.307
blocked front=0.24 pos=(-1.25,3.44) wp=(-1.6,3.8) brg=134 h=129
plan len=19 from (-1.15,3.34) end=(-2.6, 6.6000000000000005) v=0.304
blocked front=0.24 pos=(-1.25,3.44) wp=(-1.6,3.8) brg=135 h=131
plan len=19 from (-1.15,3.34) end=(-2.6, 6.6000000000000005) v=0.294
blocked front=0.24 pos=(-1.25,3.44) wp=(-1.6,3.8) brg=135 h=134
plan len=19 from (-1.15,3.34) end=(-2.6, 6.6000000000000005) v=0.277
blocked front=0.23 pos=(-1.25,3.45) wp=(-1.6,3.8) brg=135 h=133
plan len=19 from (-1.14,3.35) end=(-2.6, 6.6000000000000005) v=0.266
blocked front=0.25 pos=(-1.24,3.45) wp=(-1.6,3.8) brg=136 h=135
plan len=19 from (-1.14,3.35) end=(-2.6, 6.6000000000000005) v=0.265
blocked front=0.24 pos=(-1.24,3.45) wp=(-1.6,3.8) brg=136 h=134
plan len=19 from (-1.14,3.36) end=(-2.6, 6.6000000000000005) v=0.239
blocked front=0.24 pos=(-1.24,3.46) wp=(-1.6,3.8) brg=136 h=136
plan len=19 from (-1.14,3.36) end=(-2.6, 6.6000000000000005) v=0.223
blocked front=0.23 pos=(-1.24,3.46) wp=(-1.6,3.8) brg=137 h=137
plan len=19 from (-1.13,3.36) end=(-2.6, 6.6000000000000005) v=0.233
blocked front=0.25 pos=(-1.23,3.46) wp=(-1.6,3.8) brg=137 h=137
plan len=19 from (-1.13,3.37) end=(-2.6, 6.6000000000000005) v=0.235
blocked front=0.22 pos=(-1.26,3.49) wp=(-1.6,3.8) brg=137 h=136
plan len=19 from (-1.15,3.40) end=(-2.6, 6.6000000000000005) v=0.238
blocked front=0.24 pos=(-1.23,3.47) wp=(-1.6,3.8) brg=138 h=141
plan len=19 from (-1.11,3.38) end=(-2.6, 6.6000000000000005) v=0.233
blocked front=0.22 pos=(-1.25,3.49) wp=(-1.6,3.8) brg=138 h=139
plan len=19 from (-1.15,3.40) end=(-2.6, 6.6000000000000005) v=0.259
blocked front=0.24 pos=(-1.23,3.47) wp=(-1.6,3.8) brg=138 h=141
plan len=19 from (-1.12,3.39) end=(-2.6, 6.6000000000000005) v=0.253
blocked front=0.24 pos=(-1.22,3.47) wp=(-1.6,3.8) brg=139 h=143
grid loaded occ=482 free=468 pos=(-1.17,3.43)
plan len=19 from (-1.17,3.42) end=(-2.6, 6.6000000000000005) v=0.217
blocked front=0.22 pos=(-1.45,3.66) wp=(-1.6,4.0) brg=113 h=132
plan len=24 from (-1.36,3.56) end=(-2.6, 6.6000000000000005) v=0.225
blocked front=0.22 pos=(-0.82,3.25) wp=(-0.4,3.4) brg=19 h=11
plan len=26 from (-0.97,3.22) end=(-2.6, 6.6000000000000005) v=0.241
plan len=1 from (-2.39,3.44) end=(-2.4000000000000004, 3.4000000000000004) v=0.241
path done at (-2.39,3.44) v=0.241 st={'tick': 351029, 'goal': 0, 'here': 0}
plan len=1 from (-2.40,3.45) end=(-2.4000000000000004, 3.4000000000000004) v=0.232
path done at (-2.40,3.45) v=0.232 st={'tick': 351130, 'goal': 0, 'here': 0}
plan len=1 from (-2.40,3.45) end=(-2.4000000000000004, 3.4000000000000004) v=0.237
path done at (-2.40,3.45) v=0.237 st={'tick': 351230, 'goal': 0, 'here': 0}
plan len=1 from (-2.40,3.45) end=(-2.4000000000000004, 3.4000000000000004) v=0.239
path done at (-2.40,3.45) v=0.239 st={'tick': 351329, 'goal': 0, 'here': 0}
plan len=1 from (-2.40,3.45) end=(-2.4000000000000004, 3.4000000000000004) v=0.245
path done at (-2.40,3.45) v=0.245 st={'tick': 351427, 'goal': 0, 'here': 0}
plan len=1 from (-2.40,3.45) end=(-2.4000000000000004, 3.4000000000000004) v=0.229
path done at (-2.40,3.45) v=0.229 st={'tick': 351528, 'goal': 0, 'here': 0}
plan len=1 from (-2.40,3.45) end=(-2.4000000000000004, 3.4000000000000004) v=0.242
path done at (-2.40,3.45) v=0.242 st={'tick': 351628, 'goal': 0, 'here': 0}
plan len=1 from (-2.40,3.45) end=(-2.4000000000000004, 3.4000000000000004) v=0.251
path done at (-2.40,3.45) v=0.251 st={'tick': 351731, 'goal': 0, 'here': 0}
plan len=1 from (-2.40,3.45) end=(-2.4000000000000004, 3.4000000000000004) v=0.234
path done at (-2.40,3.45) v=0.234 st={'tick': 351829, 'goal': 0, 'here': 0}
unstick+replan
plan len=25 from (-2.14,3.26) end=(-2.6, 6.6000000000000005) v=0.253
blocked front=0.24 pos=(-2.46,3.05) wp=(-2.8,3.0) brg=189 h=193
plan len=2 from (-2.32,3.09) end=(-2.6, 3.0) v=0.258
path done at (-2.39,3.07) v=0.263 st={'tick': 352569, 'goal': 0, 'here': 0}
plan len=2 from (-2.41,3.06) end=(-2.6, 3.0) v=0.264
path done at (-2.41,3.06) v=0.264 st={'tick': 352670, 'goal': 0, 'here': 0}
plan len=2 from (-2.41,3.06) end=(-2.6, 3.0) v=0.267
path done at (-2.41,3.06) v=0.267 st={'tick': 352770, 'goal': 0, 'here': 0}
plan len=2 from (-2.41,3.06) end=(-2.6, 3.0) v=0.269
path done at (-2.41,3.06) v=0.269 st={'tick': 352870, 'goal': 0, 'here': 0}
plan len=1 from (-2.41,3.06) end=(-2.4000000000000004, 3.0) v=0.260
path done at (-2.41,3.06) v=0.260 st={'tick': 352970, 'goal': 0, 'here': 0}
plan len=1 from (-2.41,3.06) end=(-2.4000000000000004, 3.0) v=0.253
path done at (-2.41,3.06) v=0.253 st={'tick': 353072, 'goal': 0, 'here': 0}
plan len=1 from (-2.41,3.06) end=(-2.4000000000000004, 3.0) v=0.236
path done at (-2.41,3.06) v=0.236 st={'tick': 353171, 'goal': 0, 'here': 0}
plan len=1 from (-2.41,3.06) end=(-2.4000000000000004, 3.0) v=0.227
path done at (-2.41,3.06) v=0.227 st={'tick': 353272, 'goal': 0, 'here': 0}
plan len=1 from (-2.41,3.06) end=(-2.4000000000000004, 3.0) v=0.225
path done at (-2.41,3.06) v=0.225 st={'tick': 353371, 'goal': 0, 'here': 0}
unstick+replan
plan len=2 from (-2.11,3.16) end=(-2.4000000000000004, 3.4000000000000004) v=0.223
path done at (-2.21,3.26) v=0.241 st={'tick': 353881, 'goal': 0, 'here': 0}
plan len=2 from (-2.23,3.27) end=(-2.4000000000000004, 3.4000000000000004) v=0.226
path done at (-2.23,3.27) v=0.226 st={'tick': 353980, 'goal': 0, 'here': 0}
plan len=2 from (-2.23,3.27) end=(-2.4000000000000004, 3.4000000000000004) v=0.232
path done at (-2.23,3.27) v=0.232 st={'tick': 354079, 'goal': 0, 'here': 0}
plan len=2 from (-2.23,3.27) end=(-2.4000000000000004, 3.4000000000000004) v=0.230
path done at (-2.23,3.27) v=0.230 st={'tick': 354179, 'goal': 0, 'here': 0}
plan len=2 from (-2.23,3.27) end=(-2.4000000000000004, 3.4000000000000004) v=0.239
path done at (-2.23,3.27) v=0.239 st={'tick': 354282, 'goal': 0, 'here': 0}
plan len=2 from (-2.23,3.27) end=(-2.4000000000000004, 3.4000000000000004) v=0.248
path done at (-2.23,3.27) v=0.248 st={'tick': 354383, 'goal': 0, 'here': 0}
plan len=2 from (-2.23,3.27) end=(-2.4000000000000004, 3.4000000000000004) v=0.235
path done at (-2.23,3.27) v=0.235 st={'tick': 354480, 'goal': 0, 'here': 0}
plan len=2 from (-2.23,3.27) end=(-2.4000000000000004, 3.4000000000000004) v=0.229
path done at (-2.23,3.27) v=0.229 st={'tick': 354581, 'goal': 0, 'here': 0}
plan len=2 from (-2.23,3.28) end=(-2.4000000000000004, 3.4000000000000004) v=0.236
path done at (-2.23,3.28) v=0.236 st={'tick': 354682, 'goal': 0, 'here': 0}
unstick+replan
plan len=1 from (-1.97,3.09) end=(-2.0, 3.0) v=0.234
path done at (-1.97,3.09) v=0.234 st={'tick': 354780, 'goal': 0, 'here': 0}
plan len=1 from (-1.95,3.08) end=(-2.0, 3.0) v=0.223
path done at (-1.95,3.08) v=0.223 st={'tick': 355011, 'goal': 0, 'here': 0}
plan len=1 from (-1.95,3.08) end=(-2.0, 3.0) v=0.220
path done at (-1.95,3.08) v=0.220 st={'tick': 355111, 'goal': 0, 'here': 0}
plan len=1 from (-1.95,3.08) end=(-2.0, 3.0) v=0.209
path done at (-1.95,3.08) v=0.209 st={'tick': 355212, 'goal': 0, 'here': 0}
plan len=1 from (-1.95,3.08) end=(-2.0, 3.0) v=0.208
path done at (-1.95,3.08) v=0.208 st={'tick': 355313, 'goal': 0, 'here': 0}
plan len=1 from (-1.95,3.08) end=(-2.0, 3.0) v=0.214
path done at (-1.95,3.08) v=0.214 st={'tick': 355413, 'goal': 0, 'here': 0}
plan len=1 from (-1.95,3.08) end=(-2.0, 3.0) v=0.198
path done at (-1.95,3.08) v=0.198 st={'tick': 355510, 'goal': 0, 'here': 0}
grid loaded occ=482 free=468 pos=(-1.86,3.44)
plan len=18 from (-1.86,3.44) end=(-2.4000000000000004, 6.0) v=0.273
blocked front=0.25 pos=(-2.32,3.39) wp=(-2.4,3.8) brg=100 h=112
plan len=21 from (-2.27,3.26) end=(-2.4000000000000004, 6.0) v=0.308
blocked front=0.24 pos=(-1.29,3.10) wp=(-1.2,3.4) brg=74 h=63
plan len=6 from (-1.34,2.97) end=(-2.4000000000000004, 3.2) v=0.335
path done at (-2.17,3.20) v=0.388 st={'tick': 374437, 'goal': 0, 'here': 0}
plan len=2 from (-2.19,3.21) end=(-2.4000000000000004, 3.2) v=0.385
path done at (-2.19,3.21) v=0.385 st={'tick': 374537, 'goal': 0, 'here': 0}
plan len=2 from (-2.19,3.21) end=(-2.4000000000000004, 3.2) v=0.384
path done at (-2.19,3.21) v=0.384 st={'tick': 374640, 'goal': 0, 'here': 0}
plan len=2 from (-2.19,3.21) end=(-2.4000000000000004, 3.2) v=0.395
path done at (-2.19,3.21) v=0.395 st={'tick': 374737, 'goal': 0, 'here': 0}
plan len=2 from (-2.19,3.21) end=(-2.4000000000000004, 3.2) v=0.385
path done at (-2.19,3.21) v=0.385 st={'tick': 374837, 'goal': 0, 'here': 0}
plan len=2 from (-2.19,3.21) end=(-2.4000000000000004, 3.2) v=0.395
path done at (-2.19,3.21) v=0.395 st={'tick': 374937, 'goal': 0, 'here': 0}
plan len=2 from (-2.19,3.21) end=(-2.4000000000000004, 3.2) v=0.380
path done at (-2.19,3.21) v=0.380 st={'tick': 375038, 'goal': 0, 'here': 0}
plan len=2 from (-2.19,3.21) end=(-2.4000000000000004, 3.2) v=0.383
path done at (-2.19,3.21) v=0.383 st={'tick': 375138, 'goal': 0, 'here': 0}
plan len=2 from (-2.19,3.21) end=(-2.4000000000000004, 3.2) v=0.382
path done at (-2.19,3.21) v=0.382 st={'tick': 375239, 'goal': 0, 'here': 0}
unstick+replan
plan len=4 from (-1.87,3.21) end=(-2.4000000000000004, 3.2) v=0.377
path done at (-2.18,3.21) v=0.375 st={'tick': 375619, 'goal': 0, 'here': 0}
plan len=2 from (-2.19,3.21) end=(-2.4000000000000004, 3.2) v=0.379
path done at (-2.19,3.21) v=0.379 st={'tick': 375720, 'goal': 0, 'here': 0}
plan len=2 from (-2.19,3.21) end=(-2.4000000000000004, 3.2) v=0.379
path done at (-2.19,3.21) v=0.379 st={'tick': 375817, 'goal': 0, 'here': 0}
plan len=2 from (-2.19,3.21) end=(-2.4000000000000004, 3.2) v=0.392
path done at (-2.19,3.21) v=0.392 st={'tick': 375918, 'goal': 0, 'here': 0}
plan len=2 from (-2.19,3.21) end=(-2.4000000000000004, 3.2) v=0.383
path done at (-2.19,3.21) v=0.383 st={'tick': 376019, 'goal': 0, 'here': 0}
plan len=2 from (-2.19,3.21) end=(-2.4000000000000004, 3.2) v=0.385
path done at (-2.19,3.21) v=0.385 st={'tick': 376119, 'goal': 0, 'here': 0}
plan len=2 from (-2.19,3.21) end=(-2.4000000000000004, 3.2) v=0.383
path done at (-2.19,3.21) v=0.383 st={'tick': 376220, 'goal': 0, 'here': 0}
plan len=2 from (-2.19,3.21) end=(-2.4000000000000004, 3.2) v=0.366
path done at (-2.19,3.21) v=0.366 st={'tick': 376320, 'goal': 0, 'here': 0}
plan len=2 from (-2.19,3.21) end=(-2.4000000000000004, 3.2) v=0.372
path done at (-2.19,3.21) v=0.372 st={'tick': 376420, 'goal': 0, 'here': 0}
unstick+replan
plan len=4 from (-1.88,3.22) end=(-2.4000000000000004, 3.2) v=0.371
path done at (-2.18,3.21) v=0.362 st={'tick': 376800, 'goal': 0, 'here': 0}
plan len=2 from (-2.20,3.21) end=(-2.4000000000000004, 3.2) v=0.360
path done at (-2.20,3.21) v=0.360 st={'tick': 376899, 'goal': 0, 'here': 0}
plan len=2 from (-2.20,3.21) end=(-2.4000000000000004, 3.2) v=0.370
path done at (-2.20,3.21) v=0.370 st={'tick': 376996, 'goal': 0, 'here': 0}
plan len=2 from (-2.20,3.21) end=(-2.4000000000000004, 3.2) v=0.375
path done at (-2.20,3.21) v=0.375 st={'tick': 377100, 'goal': 0, 'here': 0}
plan len=2 from (-2.20,3.21) end=(-2.4000000000000004, 3.2) v=0.381
path done at (-2.20,3.21) v=0.381 st={'tick': 377198, 'goal': 0, 'here': 0}
plan len=2 from (-2.20,3.21) end=(-2.4000000000000004, 3.2) v=0.385
path done at (-2.20,3.21) v=0.385 st={'tick': 377302, 'goal': 0, 'here': 0}
plan len=2 from (-2.20,3.21) end=(-2.4000000000000004, 3.2) v=0.383
path done at (-2.20,3.21) v=0.383 st={'tick': 377401, 'goal': 0, 'here': 0}
plan len=2 from (-2.20,3.21) end=(-2.4000000000000004, 3.2) v=0.386
path done at (-2.20,3.21) v=0.386 st={'tick': 377502, 'goal': 0, 'here': 0}
plan len=2 from (-2.20,3.21) end=(-2.4000000000000004, 3.2) v=0.381
path done at (-2.20,3.21) v=0.381 st={'tick': 377599, 'goal': 0, 'here': 0}
unstick+replan
plan len=4 from (-1.88,3.23) end=(-2.4000000000000004, 3.2) v=0.389
path done at (-2.15,3.22) v=0.396 st={'tick': 377966, 'goal': 0, 'here': 0}
plan len=2 from (-2.17,3.22) end=(-2.4000000000000004, 3.2) v=0.391
path done at (-2.17,3.22) v=0.391 st={'tick': 378067, 'goal': 0, 'here': 0}
plan len=2 from (-2.17,3.22) end=(-2.4000000000000004, 3.2) v=0.395
path done at (-2.17,3.22) v=0.395 st={'tick': 378165, 'goal': 0, 'here': 0}
plan len=2 from (-2.17,3.22) end=(-2.4000000000000004, 3.2) v=0.390
path done at (-2.17,3.22) v=0.390 st={'tick': 378267, 'goal': 0, 'here': 0}
plan len=2 from (-2.17,3.22) end=(-2.4000000000000004, 3.2) v=0.368
path done at (-2.17,3.22) v=0.368 st={'tick': 378367, 'goal': 0, 'here': 0}
plan len=2 from (-2.17,3.22) end=(-2.4000000000000004, 3.2) v=0.381
path done at (-2.17,3.22) v=0.381 st={'tick': 378467, 'goal': 0, 'here': 0}
plan len=2 from (-2.17,3.22) end=(-2.4000000000000004, 3.2) v=0.368
path done at (-2.17,3.22) v=0.368 st={'tick': 378567, 'goal': 0, 'here': 0}
plan len=2 from (-2.17,3.22) end=(-2.4000000000000004, 3.2) v=0.357
path done at (-2.17,3.22) v=0.357 st={'tick': 378668, 'goal': 0, 'here': 0}
plan len=2 from (-2.17,3.22) end=(-2.4000000000000004, 3.2) v=0.358
path done at (-2.17,3.22) v=0.358 st={'tick': 378768, 'goal': 0, 'here': 0}
unstick+replan
plan len=4 from (-1.85,3.24) end=(-2.4000000000000004, 3.2) v=0.357
path done at (-2.16,3.22) v=0.365 st={'tick': 379149, 'goal': 0, 'here': 0}
plan len=2 from (-2.17,3.21) end=(-2.4000000000000004, 3.2) v=0.355
path done at (-2.17,3.21) v=0.355 st={'tick': 379247, 'goal': 0, 'here': 0}
plan len=2 from (-2.17,3.21) end=(-2.4000000000000004, 3.2) v=0.369
path done at (-2.17,3.21) v=0.369 st={'tick': 379347, 'goal': 0, 'here': 0}
plan len=2 from (-2.17,3.21) end=(-2.4000000000000004, 3.2) v=0.386
path done at (-2.17,3.21) v=0.386 st={'tick': 379447, 'goal': 0, 'here': 0}
plan len=2 from (-2.17,3.21) end=(-2.4000000000000004, 3.2) v=0.398
path done at (-2.17,3.21) v=0.398 st={'tick': 379549, 'goal': 0, 'here': 0}
plan len=2 from (-2.17,3.21) end=(-2.4000000000000004, 3.2) v=0.425
path done at (-2.17,3.21) v=0.425 st={'tick': 379647, 'goal': 0, 'here': 0}
plan len=2 from (-2.17,3.21) end=(-2.4000000000000004, 3.2) v=0.438
path done at (-2.17,3.21) v=0.438 st={'tick': 379749, 'goal': 0, 'here': 0}
plan len=2 from (-2.17,3.21) end=(-2.4000000000000004, 3.2) v=0.424
path done at (-2.17,3.21) v=0.424 st={'tick': 379850, 'goal': 0, 'here': 0}
unstick+replan
plan len=4 from (-1.86,3.24) end=(-2.4000000000000004, 3.2) v=0.431
path done at (-2.16,3.22) v=0.432 st={'tick': 380230, 'goal': 0, 'here': 0}
plan len=2 from (-2.18,3.22) end=(-2.4000000000000004, 3.2) v=0.414
path done at (-2.18,3.22) v=0.414 st={'tick': 380328, 'goal': 0, 'here': 0}
plan len=2 from (-2.17,3.22) end=(-2.4000000000000004, 3.2) v=0.409
path done at (-2.17,3.22) v=0.409 st={'tick': 380427, 'goal': 0, 'here': 0}
plan len=2 from (-2.18,3.22) end=(-2.4000000000000004, 3.2) v=0.411
path done at (-2.18,3.22) v=0.411 st={'tick': 380528, 'goal': 0, 'here': 0}
plan len=2 from (-2.18,3.22) end=(-2.4000000000000004, 3.2) v=0.405
path done at (-2.18,3.22) v=0.405 st={'tick': 380630, 'goal': 0, 'here': 0}
