chase start
RX: B2 PING x=-0.07 y=0.23 t=1788377559
RX: B2 PING x=-0.07 y=0.23 t=1788377560
RX: B2 PING x=-0.07 y=0.23 t=1788377561
RX: B2 PING x=-0.07 y=0.23 t=1788377562
RX: B2 PING x=-0.07 y=0.23 t=1788377564
RX: B2 PING x=-0.07 y=0.23 t=1788377565
RX: B2 PING x=-0.07 y=0.23 t=1788377566
RX: B2 PING x=-0.07 y=0.23 t=1788377567
RX: B2 PING x=-0.07 y=0.23 t=1788377568
RX: B2 PING x=-0.07 y=0.23 t=1788377570
RX: B2 GOALIS x=0.40 y=-0.80
RX: B2 GOALIS x=0.40 y=-0.80
B2 GOAL INFO: B2 GOALIS x=0.40 y=-0.80
B2 GOAL INFO: B2 GOALIS x=0.40 y=-0.80
RX: B2 GOALIS x=0.40 y=-0.80
B2 GOAL INFO: B2 GOALIS x=0.40 y=-0.80
RX: B2 GOALIS x=0.40 y=-0.80
B2 GOAL INFO: B2 GOALIS x=0.40 y=-0.80
RX: B2 GOALIS x=0.40 y=-0.80
B2 GOAL INFO: B2 GOALIS x=0.40 y=-0.80
RX: B2 GOALIS x=0.40 y=-0.80
B2 GOAL INFO: B2 GOALIS x=0.40 y=-0.80
RX: B2 GOALIS x=0.40 y=-0.80
B2 GOAL INFO: B2 GOALIS x=0.40 y=-0.80
RX: B2 GOALIS x=0.40 y=-0.80
B2 GOAL INFO: B2 GOALIS x=0.40 y=-0.80
RX: B2 GOALIS x=0.40 y=-0.80
RX: B2 GOALIS x=0.40 y=-0.80
B2 GOAL INFO: B2 GOALIS x=0.40 y=-0.80
B2 GOAL INFO: B2 GOALIS x=0.40 y=-0.80
RX: B2 GOALIS x=0.40 y=-0.80
B2 GOAL INFO: B2 GOALIS x=0.40 y=-0.80
RX: B2 GOALIS x=0.40 y=-0.80
B2 GOAL INFO: B2 GOALIS x=0.40 y=-0.80
RX: B2 GOALIS x=0.40 y=-0.80
RX: B2 GOALIS x=0.40 y=-0.80
PHASE -> FREEZE
B2 GOAL INFO: B2 GOALIS x=0.40 y=-0.80
B2 GOAL INFO: B2 GOALIS x=0.40 y=-0.80
RX: B2 GOALIS x=0.40 y=-0.80
B2 GOAL INFO: B2 GOALIS x=0.40 y=-0.80
RX: B2 GOALIS x=0.40 y=-0.80
B2 GOAL INFO: B2 GOALIS x=0.40 y=-0.80
RX: B2 GOALIS x=0.40 y=-0.80
B2 GOAL INFO: B2 GOALIS x=0.40 y=-0.80
RX: B2 GOALIS x=0.40 y=-0.80
B2 GOAL INFO: B2 GOALIS x=0.40 y=-0.80
RX: B2 GOALIS x=0.40 y=-0.80
B2 GOAL INFO: B2 GOALIS x=0.40 y=-0.80
RX: B2 GOALIS x=0.40 y=-0.80
B2 GOAL INFO: B2 GOALIS x=0.40 y=-0.80
RX: B2 GOALIS x=0.40 y=-0.80
B2 GOAL INFO: B2 GOALIS x=0.40 y=-0.80
RX: B2 GOALIS x=0.40 y=-0.80
B2 GOAL INFO: B2 GOALIS x=0.40 y=-0.80
RX: B2 GOALIS x=0.40 y=-0.80
B2 GOAL INFO: B2 GOALIS x=0.40 y=-0.80
RX: B2 PING x=-0.07 y=0.23 t=1788377595
RX: B2 PING x=-0.05 y=0.22 t=1788377596
RX: B2 GOALIS x=0.40 y=-0.80
B2 GOAL INFO: B2 GOALIS x=0.40 y=-0.80
RX: B2 GOALIS x=0.40 y=-0.80
B2 GOAL INFO: B2 GOALIS x=0.40 y=-0.80
RX: B2 GOALIS x=0.40 y=-0.80
B2 GOAL INFO: B2 GOALIS x=0.40 y=-0.80
RX: B2 GOALIS x=0.40 y=-0.80
B2 GOAL INFO: B2 GOALIS x=0.40 y=-0.80
RX: B2 GOALIS x=0.40 y=-0.80
B2 GOAL INFO: B2 GOALIS x=0.40 y=-0.80
RX: B2 GOALIS x=0.40 y=-0.80
B2 GOAL INFO: B2 GOALIS x=0.40 y=-0.80
RX: B2 GOALIS x=0.40 y=-0.80
B2 GOAL INFO: B2 GOALIS x=0.40 y=-0.80
RX: B2 GOALIS x=0.40 y=-0.80
B2 GOAL INFO: B2 GOALIS x=0.40 y=-0.80
RX: B2 PING x=0.01 y=0.15 t=1788377606
RX: B2 GOALIS x=0.40 y=-0.80
B2 GOAL INFO: B2 GOALIS x=0.40 y=-0.80
RX: B2 GOALIS x=0.40 y=-0.80
B2 GOAL INFO: B2 GOALIS x=0.40 y=-0.80
RX: B2 GOALIS x=0.40 y=-0.80
B2 GOAL INFO: B2 GOALIS x=0.40 y=-0.80
RX: B2 GOALIS x=0.40 y=-0.80
PHASE -> MOVE
B2 GOAL INFO: B2 GOALIS x=0.40 y=-0.80
RX: B2 GOALIS x=0.40 y=-0.80
B2 GOAL INFO: B2 GOALIS x=0.40 y=-0.80
RX: B2 GOALIS x=0.40 y=-0.80
B2 GOAL INFO: B2 GOALIS x=0.40 y=-0.80
RX: B2 GOALIS x=0.40 y=-0.80
B2 GOAL INFO: B2 GOALIS x=0.40 y=-0.80
RX: B2 PING x=0.02 y=0.13 t=1788377614
RX: B2 GOALIS x=0.40 y=-0.80
RX: B2 GOALIS x=0.40 y=-0.80
B2 GOAL INFO: B2 GOALIS x=0.40 y=-0.80
B2 GOAL INFO: B2 GOALIS x=0.40 y=-0.80
RX: B2 GOALIS x=0.40 y=-0.80
RX: B2 GOALIS x=0.40 y=-0.80
B2 GOAL INFO: B2 GOALIS x=0.40 y=-0.80
B2 GOAL INFO: B2 GOALIS x=0.40 y=-0.80
RX: B2 GOALIS x=0.40 y=-0.80
RX: B2 GOALIS x=0.40 y=-0.80
B2 GOAL INFO: B2 GOALIS x=0.40 y=-0.80
B2 GOAL INFO: B2 GOALIS x=0.40 y=-0.80
RX: B2 GOALIS x=0.40 y=-0.80
B2 GOAL INFO: B2 GOALIS x=0.40 y=-0.80
RX: B2 GOALIS x=0.40 y=-0.80
B2 GOAL INFO: B2 GOALIS x=0.40 y=-0.80
RX: B2 GOALIS x=0.40 y=-0.80
B2 GOAL INFO: B2 GOALIS x=0.40 y=-0.80
RX: B2 GOALIS x=0.40 y=-0.80
B2 GOAL INFO: B2 GOALIS x=0.40 y=-0.80
RX: B2 GOALIS x=0.40 y=-0.80
B2 GOAL INFO: B2 GOALIS x=0.40 y=-0.80
RX: B2 GOALIS x=0.40 y=-0.80
B2 GOAL INFO: B2 GOALIS x=0.40 y=-0.80
RX: B2 GOALIS x=0.40 y=-0.80
B2 GOAL INFO: B2 GOALIS x=0.40 y=-0.80
RX: B2 GOALIS x=0.40 y=-0.80
B2 GOAL INFO: B2 GOALIS x=0.40 y=-0.80
RX: B2 GOALIS x=0.40 y=-0.80
B2 GOAL INFO: B2 GOALIS x=0.40 y=-0.80
RX: B2 GOALIS x=0.40 y=-0.80
B2 GOAL INFO: B2 GOALIS x=0.40 y=-0.80
RX: B2 GOALIS x=0.40 y=-0.80
B2 GOAL INFO: B2 GOALIS x=0.40 y=-0.80
RX: B2 GOALIS x=0.40 y=-0.80
B2 GOAL INFO: B2 GOALIS x=0.40 y=-0.80
RX: B2 GOALIS x=0.40 y=-0.80
B2 GOAL INFO: B2 GOALIS x=0.40 y=-0.80
RX: B2 GOALIS x=0.40 y=-0.80
PHASE -> FREEZE
B2 GOAL INFO: B2 GOALIS x=0.40 y=-0.80
RX: B2 GOALIS x=0.40 y=-0.80
B2 GOAL INFO: B2 GOALIS x=0.40 y=-0.80
RX: B2 GOALIS x=0.40 y=-0.80
B2 GOAL INFO: B2 GOALIS x=0.40 y=-0.80
RX: B2 GOALIS x=0.40 y=-0.80
B2 GOAL INFO: B2 GOALIS x=0.40 y=-0.80
RX: B2 GOALIS x=0.40 y=-0.80
B2 GOAL INFO: B2 GOALIS x=0.40 y=-0.80
RX: B2 GOALIS x=0.40 y=-0.80
B2 GOAL INFO: B2 GOALIS x=0.40 y=-0.80
RX: B2 PING x=0.02 y=0.13 t=1788377642
RX: B2 PING x=0.02 y=0.13 t=1788377643
RX: B2 PING x=0.02 y=0.13 t=1788377644
RX: B2 PING x=0.02 y=0.13 t=1788377645
RX: B2 PING x=0.02 y=0.13 t=1788377646
RX: B2 PING x=0.01 y=0.16 t=1788377648
RX: B2 PING x=0.01 y=0.16 t=1788377649
RX: B2 PING x=-0.05 y=0.22 t=1788377650
RX: B2 PING x=-0.05 y=0.22 t=1788377651
PHASE -> MOVE
RX: B2 PING x=-0.38 y=0.47 t=1788377663
RX: B2 PING x=-0.38 y=0.47 t=1788377664
RX: B2 PING x=-0.38 y=0.47 t=1788377666
RX: B2 PING x=-0.48 y=0.05 t=1788377667
RX: B2 PING x=-0.48 y=0.05 t=1788377668
RX: B2 PING x=-0.38 y=-0.10 t=1788377669
RX: B2 PING x=-0.39 y=-0.08 t=1788377670
RX: B2 PING x=-0.39 y=-0.08 t=1788377672
RX: B2 GOALIS x=0.40 y=-0.80
B2 GOAL INFO: B2 GOALIS x=0.40 y=-0.80
RX: B2 GOALIS x=0.40 y=-0.80
B2 GOAL INFO: B2 GOALIS x=0.40 y=-0.80
RX: B2 GOALIS x=0.40 y=-0.80
B2 GOAL INFO: B2 GOALIS x=0.40 y=-0.80
RX: B2 PING x=-0.24 y=-0.38 t=1788377676
RX: B2 PING x=-0.24 y=-0.38 t=1788377678
RX: B2 PING x=-0.24 y=-0.38 t=1788377679
RX: B2 PING x=0.08 y=-0.62 t=1788377680
RX: B2 PING x=0.08 y=-0.62 t=1788377681
RX: B2 PING x=0.08 y=-0.62 t=1788377682
RX: B2 PING x=0.08 y=-0.62 t=1788377684
RX: B2 PING x=0.08 y=-0.62 t=1788377685
RX: B2 PING x=0.08 y=-0.62 t=1788377686
PHASE -> FREEZE
RX: B2 PING x=0.08 y=-0.62 t=1788377687
RX: B2 PING x=0.08 y=-0.62 t=1788377688
RX: B2 PING x=0.08 y=-0.62 t=1788377690
RX: B2 PING x=0.08 y=-0.62 t=1788377691
RX: B2 PING x=0.08 y=-0.62 t=1788377692
RX: B2 PING x=0.08 y=-0.62 t=1788377693
RX: B2 PING x=0.08 y=-0.62 t=1788377695
RX: B2 PING x=0.08 y=-0.62 t=1788377696
RX: B2 PING x=0.08 y=-0.62 t=1788377697
RX: B2 PING x=0.08 y=-0.62 t=1788377698
RX: B2 PING x=0.08 y=-0.62 t=1788377699
RX: B2 PING x=0.08 y=-0.62 t=1788377701
RX: B2 PING x=0.08 y=-0.62 t=1788377702
RX: B2 PING x=0.08 y=-0.62 t=1788377703
RX: B2 PING x=0.08 y=-0.62 t=1788377704
RX: B2 PING x=0.08 y=-0.62 t=1788377705
RX: B2 PING x=0.08 y=-0.62 t=1788377707
RX: B2 PING x=0.08 y=-0.62 t=1788377708
RX: B2 PING x=0.08 y=-0.62 t=1788377709
RX: B2 PING x=0.08 y=-0.62 t=1788377710
RX: B2 PING x=0.08 y=-0.62 t=1788377711
PHASE -> MOVE
RX: B2 PING x=0.08 y=-0.62 t=1788377713
RX: B2 PING x=0.08 y=-0.62 t=1788377714
RX: B2 PING x=0.08 y=-0.62 t=1788377715
RX: B2 PING x=0.08 y=-0.62 t=1788377716
RX: B2 PING x=0.08 y=-0.62 t=1788377717
RX: B2 PING x=0.08 y=-0.62 t=1788377719
RX: B2 PING x=0.08 y=-0.62 t=1788377720
RX: B2 PING x=0.08 y=-0.62 t=1788377721
RX: B2 PING x=0.08 y=-0.62 t=1788377722
RX: B2 PING x=0.08 y=-0.62 t=1788377723
RX: B2 PING x=0.08 y=-0.62 t=1788377725
RX: B2 PING x=0.08 y=-0.62 t=1788377726
RX: B2 PING x=0.08 y=-0.62 t=1788377727
RX: B2 PING x=0.08 y=-0.62 t=1788377728
RX: B2 PING x=0.08 y=-0.62 t=1788377729
RX: B2 PING x=0.08 y=-0.62 t=1788377731
RX: B2 PING x=0.08 y=-0.62 t=1788377732
RX: B2 PING x=0.08 y=-0.62 t=1788377733
RX: B2 PING x=0.08 y=-0.62 t=1788377734
RX: B2 PING x=0.08 y=-0.62 t=1788377735
RX: B2 PING x=0.08 y=-0.62 t=1788377737
RX: B2 PING x=0.08 y=-0.62 t=1788377738
PHASE -> FREEZE
RX: B2 PING x=0.08 y=-0.62 t=1788377739
RX: B2 PING x=0.08 y=-0.62 t=1788377740
RX: B2 PING x=0.08 y=-0.62 t=1788377741
RX: B2 PING x=0.08 y=-0.62 t=1788377743
RX: B2 PING x=0.08 y=-0.62 t=1788377744
RX: B2 PING x=0.08 y=-0.62 t=1788377745
RX: B2 PING x=0.08 y=-0.62 t=1788377746
RX: B2 PING x=0.08 y=-0.62 t=1788377747
RX: B2 PING x=0.08 y=-0.62 t=1788377749
RX: B2 PING x=0.08 y=-0.62 t=1788377750
RX: B2 PING x=0.08 y=-0.62 t=1788377751
RX: B2 PING x=0.08 y=-0.62 t=1788377752
RX: B2 PING x=0.08 y=-0.62 t=1788377753
RX: B2 PING x=0.08 y=-0.62 t=1788377755
RX: B2 PING x=0.08 y=-0.62 t=1788377756
RX: B2 PING x=0.08 y=-0.62 t=1788377757
RX: B2 PING x=0.08 y=-0.62 t=1788377758
RX: B2 PING x=0.08 y=-0.62 t=1788377759
RX: B2 PING x=0.08 y=-0.62 t=1788377761
RX: B2 PING x=0.08 y=-0.62 t=1788377762
RX: B2 PING x=0.08 y=-0.62 t=1788377763
PHASE -> MOVE
RX: B2 PING x=0.08 y=-0.62 t=1788377764
RX: B2 PING x=0.08 y=-0.62 t=1788377765
RX: B2 PING x=0.08 y=-0.62 t=1788377767
RX: B2 PING x=0.08 y=-0.62 t=1788377768
RX: B2 PING x=0.08 y=-0.62 t=1788377769
RX: B2 PING x=0.08 y=-0.62 t=1788377770
RX: B2 PING x=0.08 y=-0.62 t=1788377771
RX: B2 PING x=0.08 y=-0.62 t=1788377773
RX: B2 PING x=0.08 y=-0.62 t=1788377774
RX: B2 PING x=0.08 y=-0.62 t=1788377775
RX: B2 PING x=0.08 y=-0.62 t=1788377776
RX: B2 PING x=0.08 y=-0.62 t=1788377777
RX: B2 PING x=0.08 y=-0.62 t=1788377779
RX: B2 PING x=0.08 y=-0.62 t=1788377780
RX: B2 PING x=0.08 y=-0.62 t=1788377781
RX: B2 PING x=0.08 y=-0.62 t=1788377782
RX: B2 PING x=0.08 y=-0.62 t=1788377783
RX: B2 PING x=0.08 y=-0.62 t=1788377785
RX: B2 PING x=0.08 y=-0.62 t=1788377786
RX: B2 PING x=0.08 y=-0.62 t=1788377787
PHASE -> FREEZE
PHASE -> MOVE
RX: B2 PING x=0.08 y=-0.62 t=1788377831
RX: B2 PING x=0.08 y=-0.62 t=1788377833
RX: B2 PING x=0.08 y=-0.62 t=1788377834
RX: B2 PING x=0.08 y=-0.62 t=1788377835
RX: B2 PING x=0.08 y=-0.62 t=1788377836
RX: B2 PING x=0.08 y=-0.62 t=1788377837
RX: B2 PING x=0.08 y=-0.62 t=1788377839
PHASE -> FREEZE
RX: B2 PING x=0.08 y=-0.62 t=1788377840
RX: B2 PING x=0.08 y=-0.62 t=1788377841
RX: B2 PING x=0.08 y=-0.62 t=1788377842
RX: B2 PING x=0.08 y=-0.62 t=1788377843
RX: B2 PING x=0.08 y=-0.62 t=1788377845
RX: B2 PING x=0.08 y=-0.62 t=1788377846
RX: B2 PING x=0.08 y=-0.62 t=1788377847
RX: B2 PING x=0.08 y=-0.62 t=1788377848
RX: B2 PING x=0.08 y=-0.62 t=1788377849
RX: B2 PING x=0.08 y=-0.62 t=1788377851
RX: B2 PING x=0.08 y=-0.62 t=1788377852
RX: B2 PING x=0.08 y=-0.62 t=1788377853
