comm1 start
RX: B2 GOALSEEN x=0.51 y=-0.82
*** GOAL INFO *** B2 GOALSEEN x=0.51 y=-0.82
RX: B2 GOALSEEN x=0.40 y=-0.70
*** GOAL INFO *** B2 GOALSEEN x=0.40 y=-0.70
RX: B2 GOALSEEN x=0.27 y=-0.72
*** GOAL INFO *** B2 GOALSEEN x=0.27 y=-0.72
RX: B2 GOALSEEN x=0.27 y=-0.72
*** GOAL INFO *** B2 GOALSEEN x=0.27 y=-0.72
RX: B2 GOALSEEN x=0.36 y=-0.87
*** GOAL INFO *** B2 GOALSEEN x=0.36 y=-0.87
RX: B2 GOALSEEN x=0.40 y=-0.87
*** GOAL INFO *** B2 GOALSEEN x=0.40 y=-0.87
RX: B2 GOALSEEN x=0.50 y=-0.75
*** GOAL INFO *** B2 GOALSEEN x=0.50 y=-0.75
RX: B2 GOALSEEN x=0.36 y=-0.70
*** GOAL INFO *** B2 GOALSEEN x=0.36 y=-0.70
DESCEND base=0.577 best=(0.608,c=0,mv=0.41,blk=False)
RX: B2 GOALSEEN x=0.36 y=-0.85
*** GOAL INFO *** B2 GOALSEEN x=0.36 y=-0.85
GOALINFO: ['B2 GOALSEEN x=0.51 y=-0.82', 'B2 GOALSEEN x=0.40 y=-0.70', 'B2 GOALSEEN x=0.27 y=-0.72', 'B2 GOALSEEN x=0.27 y=-0.72', 'B2 GOALSEEN x=0.36 y=-0.87', 'B2 GOALSEEN x=0.40 y=-0.87', 'B2 GOALSEEN x=0.50 y=-0.75', 'B2 GOALSEEN x=0.36 y=-0.70', 'B2 GOALSEEN x=0.36 y=-0.85']
RX: B2 PING x=0.44 y=-0.92 t=1788376826
RX: B2 PING x=0.16 y=-0.54 t=1788376832
RX: B2 PING x=-0.28 y=-0.33 t=1788376838
DESCEND base=0.610 best=(0.673,c=120,mv=0.40,blk=False)
holding still for B2
GOALINFO: ['B2 GOALSEEN x=0.51 y=-0.82', 'B2 GOALSEEN x=0.40 y=-0.70', 'B2 GOALSEEN x=0.27 y=-0.72', 'B2 GOALSEEN x=0.27 y=-0.72', 'B2 GOALSEEN x=0.36 y=-0.87', 'B2 GOALSEEN x=0.40 y=-0.87', 'B2 GOALSEEN x=0.50 y=-0.75', 'B2 GOALSEEN x=0.36 y=-0.70', 'B2 GOALSEEN x=0.36 y=-0.85']
DESCEND base=0.627 best=(0.540,c=-60,mv=0.41,blk=False)
GOALINFO: ['B2 GOALSEEN x=0.51 y=-0.82', 'B2 GOALSEEN x=0.40 y=-0.70', 'B2 GOALSEEN x=0.27 y=-0.72', 'B2 GOALSEEN x=0.27 y=-0.72', 'B2 GOALSEEN x=0.36 y=-0.87', 'B2 GOALSEEN x=0.40 y=-0.87', 'B2 GOALSEEN x=0.50 y=-0.75', 'B2 GOALSEEN x=0.36 y=-0.70', 'B2 GOALSEEN x=0.36 y=-0.85']
RUN d11=0.618 mv=0.03 blk=True
GOALINFO: ['B2 GOALSEEN x=0.51 y=-0.82', 'B2 GOALSEEN x=0.40 y=-0.70', 'B2 GOALSEEN x=0.27 y=-0.72', 'B2 GOALSEEN x=0.27 y=-0.72', 'B2 GOALSEEN x=0.36 y=-0.87', 'B2 GOALSEEN x=0.40 y=-0.87', 'B2 GOALSEEN x=0.50 y=-0.75', 'B2 GOALSEEN x=0.36 y=-0.70', 'B2 GOALSEEN x=0.36 y=-0.85']
RX: B2 PING x=-0.20 y=-0.51 t=1788376894
RX: B2 PING x=-0.17 y=-0.76 t=1788376899
DESCEND base=0.606 best=(0.668,c=120,mv=0.41,blk=False)
RX: B2 PING x=0.22 y=-1.05 t=1788376903
GOALINFO: ['B2 GOALSEEN x=0.51 y=-0.82', 'B2 GOALSEEN x=0.40 y=-0.70', 'B2 GOALSEEN x=0.27 y=-0.72', 'B2 GOALSEEN x=0.27 y=-0.72', 'B2 GOALSEEN x=0.36 y=-0.87', 'B2 GOALSEEN x=0.40 y=-0.87', 'B2 GOALSEEN x=0.50 y=-0.75', 'B2 GOALSEEN x=0.36 y=-0.70', 'B2 GOALSEEN x=0.36 y=-0.85']
DESCEND base=0.625 best=(0.447,c=60,mv=0.40,blk=False)
GOALINFO: ['B2 GOALSEEN x=0.51 y=-0.82', 'B2 GOALSEEN x=0.40 y=-0.70', 'B2 GOALSEEN x=0.27 y=-0.72', 'B2 GOALSEEN x=0.27 y=-0.72', 'B2 GOALSEEN x=0.36 y=-0.87', 'B2 GOALSEEN x=0.40 y=-0.87', 'B2 GOALSEEN x=0.50 y=-0.75', 'B2 GOALSEEN x=0.36 y=-0.70', 'B2 GOALSEEN x=0.36 y=-0.85']
RUN d11=0.323 mv=0.40 blk=False
GOALINFO: ['B2 GOALSEEN x=0.51 y=-0.82', 'B2 GOALSEEN x=0.40 y=-0.70', 'B2 GOALSEEN x=0.27 y=-0.72', 'B2 GOALSEEN x=0.27 y=-0.72', 'B2 GOALSEEN x=0.36 y=-0.87', 'B2 GOALSEEN x=0.40 y=-0.87', 'B2 GOALSEEN x=0.50 y=-0.75', 'B2 GOALSEEN x=0.36 y=-0.70', 'B2 GOALSEEN x=0.36 y=-0.85']
RUN d11=0.355 mv=0.40 blk=False
GOALINFO: ['B2 GOALSEEN x=0.51 y=-0.82', 'B2 GOALSEEN x=0.40 y=-0.70', 'B2 GOALSEEN x=0.27 y=-0.72', 'B2 GOALSEEN x=0.27 y=-0.72', 'B2 GOALSEEN x=0.36 y=-0.87', 'B2 GOALSEEN x=0.40 y=-0.87', 'B2 GOALSEEN x=0.50 y=-0.75', 'B2 GOALSEEN x=0.36 y=-0.70', 'B2 GOALSEEN x=0.36 y=-0.85']
RUN d11=0.377 mv=0.35 blk=True
GOALINFO: ['B2 GOALSEEN x=0.51 y=-0.82', 'B2 GOALSEEN x=0.40 y=-0.70', 'B2 GOALSEEN x=0.27 y=-0.72', 'B2 GOALSEEN x=0.27 y=-0.72', 'B2 GOALSEEN x=0.36 y=-0.87', 'B2 GOALSEEN x=0.40 y=-0.87', 'B2 GOALSEEN x=0.50 y=-0.75', 'B2 GOALSEEN x=0.36 y=-0.70', 'B2 GOALSEEN x=0.36 y=-0.85']
DESCEND base=0.370 best=(0.475,c=180,mv=0.41,blk=False)
GOALINFO: ['B2 GOALSEEN x=0.51 y=-0.82', 'B2 GOALSEEN x=0.40 y=-0.70', 'B2 GOALSEEN x=0.27 y=-0.72', 'B2 GOALSEEN x=0.27 y=-0.72', 'B2 GOALSEEN x=0.36 y=-0.87', 'B2 GOALSEEN x=0.40 y=-0.87', 'B2 GOALSEEN x=0.50 y=-0.75', 'B2 GOALSEEN x=0.36 y=-0.70', 'B2 GOALSEEN x=0.36 y=-0.85']
DESCEND base=0.419 best=(0.528,c=120,mv=0.40,blk=False)
GOALINFO: ['B2 GOALSEEN x=0.51 y=-0.82', 'B2 GOALSEEN x=0.40 y=-0.70', 'B2 GOALSEEN x=0.27 y=-0.72', 'B2 GOALSEEN x=0.27 y=-0.72', 'B2 GOALSEEN x=0.36 y=-0.87', 'B2 GOALSEEN x=0.40 y=-0.87', 'B2 GOALSEEN x=0.50 y=-0.75', 'B2 GOALSEEN x=0.36 y=-0.70', 'B2 GOALSEEN x=0.36 y=-0.85']
DESCEND base=0.433 best=(0.438,c=-120,mv=0.40,blk=False)
GOALINFO: ['B2 GOALSEEN x=0.51 y=-0.82', 'B2 GOALSEEN x=0.40 y=-0.70', 'B2 GOALSEEN x=0.27 y=-0.72', 'B2 GOALSEEN x=0.27 y=-0.72', 'B2 GOALSEEN x=0.36 y=-0.87', 'B2 GOALSEEN x=0.40 y=-0.87', 'B2 GOALSEEN x=0.50 y=-0.75', 'B2 GOALSEEN x=0.36 y=-0.70', 'B2 GOALSEEN x=0.36 y=-0.85']
