homing2 start
P c=0 d11=0.4825 mov=4858.49 blk=False pose=(0.0,0.0)
P c=60 d11=0.472 mov=4775.94 blk=False pose=(-0.2,-0.2)
P c=-60 d11=0.4995 mov=4858.49 blk=False pose=(-0.5,-0.4)
P c=120 d11=0.476 mov=4823.11 blk=False pose=(-0.8,-0.4)
P c=-120 d11=0.5075000000000001 mov=4775.94 blk=False pose=(-1.0,-0.6)
P c=180 d11=0.4815 mov=4799.53 blk=False pose=(-1.1,-0.3)
P c=0 d11=0.458 mov=4799.53 blk=False pose=(-1.3,-0.5)
Traceback (most recent call last):
  File "/bot/src/homing2.py", line 141, in <module>
    mov,blk=advance(0.30)
            ^^^^^^^^^^^^^
  File "/bot/src/homing2.py", line 70, in advance
    B=lid()
      ^^^^^
  File "/bot/src/homing2.py", line 18, in lid
    return [float(x) for x in s.split(',')] if s else None
           ^^^^^^^^^^^^^^^^^^^^^^^^^^^^^^^^
  File "/bot/src/homing2.py", line 18, in <listcomp>
    return [float(x) for x in s.split(',')] if s else None
            ^^^^^^^^
ValueError: could not convert string to float: '0.232\n0.251'
