rush2 start
RX: B2 PING x=-1.06 y=-0.53 t=1788377362
RX: B2 PING x=-1.06 y=-0.53 t=1788377363
RX: B2 PING x=-1.06 y=-0.53 t=1788377364
RX: B2 PING x=-1.06 y=-0.53 t=1788377365
RX: B2 PING x=-1.06 y=-0.53 t=1788377367
RX: B2 PING x=-1.06 y=-0.53 t=1788377368
RX: B2 PING x=-1.06 y=-0.53 t=1788377369
RX: B2 PING x=-1.06 y=-0.53 t=1788377370
RX: B2 PING x=-1.06 y=-0.53 t=1788377371
RX: B2 PING x=-1.06 y=-0.53 t=1788377373
RX: B2 PING x=-1.06 y=-0.53 t=1788377374
RX: B2 PING x=-1.06 y=-0.53 t=1788377375
RX: B2 PING x=-1.06 y=-0.53 t=1788377376
RX: B2 PING x=-1.06 y=-0.53 t=1788377377
RX: B2 PING x=-1.06 y=-0.53 t=1788377379
RX: B2 PING x=-1.06 y=-0.53 t=1788377380
RX: B2 PING x=-1.06 y=-0.53 t=1788377381
RX: B2 PING x=-1.06 y=-0.53 t=1788377382
RX: B2 PING x=-1.06 y=-0.53 t=1788377383
RX: B2 PING x=-1.06 y=-0.53 t=1788377385
RX: B2 PING x=-1.06 y=-0.53 t=1788377386
RX: B2 PING x=-1.06 y=-0.53 t=1788377387
RX: B2 PING x=-1.06 y=-0.53 t=1788377388
RX: B2 PING x=-1.06 y=-0.53 t=1788377389
RX: B2 PING x=-1.06 y=-0.53 t=1788377391
FALLBACK c=0 d11=0.832 mv=0.36 blk=False
RX: B2 PING x=-1.06 y=-0.53 t=1788377392
RX: B2 PING x=-1.06 y=-0.53 t=1788377393
RX: B2 PING x=-1.06 y=-0.53 t=1788377394
RX: B2 PING x=-1.06 y=-0.53 t=1788377395
FALLBACK c=0 d11=0.788 mv=0.36 blk=False
RX: B2 PING x=-1.06 y=-0.53 t=1788377397
RX: B2 PING x=-1.06 y=-0.53 t=1788377398
FALLBACK c=0 d11=0.754 mv=0.23 blk=True
RX: B2 PING x=-1.06 y=-0.53 t=1788377399
FALLBACK c=0 d11=0.76 mv=0.01 blk=True
RX: B2 PING x=-1.06 y=-0.53 t=1788377400
FALLBACK c=60 d11=0.755 mv=-0.00 blk=True
RX: B2 PING x=-1.06 y=-0.53 t=1788377401
FALLBACK c=-60 d11=0.744 mv=0.02 blk=True
RX: B2 PING x=-1.06 y=-0.53 t=1788377403
RX: B2 PING x=-1.06 y=-0.53 t=1788377404
RX: B2 PING x=-1.06 y=-0.53 t=1788377405
FALLBACK c=120 d11=0.746 mv=0.04 blk=True
RX: B2 PING x=-1.06 y=-0.53 t=1788377406
RX: B2 PING x=-1.06 y=-0.53 t=1788377407
RX: B2 PING x=-1.06 y=-0.53 t=1788377409
FALLBACK c=-120 d11=0.752 mv=0.00 blk=True
RX: B2 PING x=-1.06 y=-0.53 t=1788377410
FALLBACK c=0 d11=0.753 mv=0.00 blk=True
RX: B2 PING x=-1.06 y=-0.53 t=1788377411
FALLBACK c=60 d11=0.76 mv=0.00 blk=True
RX: B2 PING x=-1.06 y=-0.53 t=1788377412
FALLBACK c=-60 d11=0.761 mv=0.00 blk=True
RX: B2 PING x=-1.06 y=-0.53 t=1788377413
RX: B2 PING x=-1.06 y=-0.53 t=1788377415
RX: B2 PING x=-1.06 y=-0.53 t=1788377416
FALLBACK c=120 d11=0.747 mv=0.00 blk=True
RX: B2 PING x=-1.06 y=-0.53 t=1788377417
RX: B2 PING x=-1.06 y=-0.53 t=1788377418
FALLBACK c=-120 d11=0.747 mv=0.02 blk=True
RX: B2 PING x=-1.06 y=-0.53 t=1788377419
FALLBACK c=0 d11=0.753 mv=0.00 blk=True
RX: B2 PING x=-1.06 y=-0.53 t=1788377421
RX: B2 PING x=-1.06 y=-0.53 t=1788377422
FALLBACK c=60 d11=0.748 mv=-0.00 blk=True
RX: B2 PING x=-1.06 y=-0.53 t=1788377423
FALLBACK c=-60 d11=0.753 mv=0.00 blk=True
RX: B2 PING x=-1.06 y=-0.53 t=1788377424
RX: B2 PING x=-1.06 y=-0.53 t=1788377425
RX: B2 PING x=-1.06 y=-0.53 t=1788377427
FALLBACK c=120 d11=0.758 mv=-0.00 blk=True
RX: B2 PING x=-1.06 y=-0.53 t=1788377428
RX: B2 PING x=-1.06 y=-0.53 t=1788377429
FALLBACK c=-120 d11=0.756 mv=0.00 blk=True
RX: B2 PING x=-1.06 y=-0.53 t=1788377430
FIT rms=0.791 s=0.0120 th=0 T=(-1.06,-0.53) mir=True n>=
RX: B2 PING x=-1.06 y=-0.53 t=1788377431
FALLBACK c=0 d11=0.749 mv=0.00 blk=True
RX: B2 PING x=-1.06 y=-0.53 t=1788377433
FALLBACK c=60 d11=0.761 mv=0.00 blk=True
RX: B2 PING x=-1.06 y=-0.53 t=1788377434
FALLBACK c=-60 d11=0.759 mv=0.00 blk=True
RX: B2 PING x=-1.06 y=-0.53 t=1788377435
RX: B2 PING x=-1.06 y=-0.53 t=1788377436
RX: B2 ACK going to GOAL (0.4,-0.8) now!
FALLBACK c=120 d11=0.671 mv=-0.00 blk=True
RX: B2 PING x=-1.10 y=-0.18 t=1788377439
FALLBACK c=0 d11=0.648 mv=0.00 blk=True
RX: B2 PING x=-1.10 y=-0.18 t=1788377441
FALLBACK c=60 d11=0.617 mv=0.36 blk=False
FALLBACK c=0 d11=0.541 mv=0.36 blk=False
FALLBACK c=0 d11=0.543 mv=0.35 blk=True
FALLBACK c=60 d11=0.532 mv=0.36 blk=False
FALLBACK c=-60 d11=0.542 mv=-0.00 blk=True
FALLBACK c=120 d11=0.598 mv=0.35 blk=False
FALLBACK c=-120 d11=0.565 mv=0.35 blk=False
FALLBACK c=0 d11=0.59 mv=0.01 blk=True
RX: B2 PING x=-1.19 y=0.62 t=1788377465
FALLBACK c=60 d11=0.695 mv=0.36 blk=False
RX: B2 PING x=-1.12 y=0.49 t=1788377466
RX: B2 PING x=-1.12 y=0.49 t=1788377467
RX: B2 PING x=-1.12 y=0.49 t=1788377469
FALLBACK c=-60 d11=0.839 mv=0.36 blk=False
RX: B2 PING x=-1.12 y=0.49 t=1788377470
RX: B2 PING x=-1.12 y=0.49 t=1788377471
RX: B2 PING x=-1.27 y=0.03 t=1788377472
FALLBACK c=120 d11=0.892 mv=0.09 blk=True
RX: B2 PING x=-1.27 y=0.03 t=1788377473
RX: B2 PING x=-1.27 y=0.03 t=1788377475
RX: B2 PING x=-1.41 y=0.21 t=1788377476
RX: B2 PING x=-1.41 y=0.21 t=1788377477
FALLBACK c=-120 d11=0.838 mv=0.36 blk=False
RX: B2 PING x=-1.41 y=0.21 t=1788377478
FIT rms=0.584 s=0.0120 th=196 T=(-1.09,-0.39) mir=True n>=
RX: B2 PING x=-1.41 y=0.21 t=1788377479
RX: B2 PING x=-1.30 y=0.63 t=1788377481
FALLBACK c=0 d11=0.8 mv=0.36 blk=False
RX: B2 PING x=-1.30 y=0.63 t=1788377482
RX: B2 PING x=-1.30 y=0.63 t=1788377483
FALLBACK c=60 d11=0.74 mv=0.00 blk=True
RX: B2 PING x=-0.90 y=0.92 t=1788377484
FALLBACK c=0 d11=0.73 mv=-0.00 blk=True
RX: B2 PING x=-0.90 y=0.92 t=1788377486
FALLBACK c=60 d11=0.7 mv=0.00 blk=True
RX: B2 PING x=-0.90 y=0.92 t=1788377487
FALLBACK c=0 d11=0.678 mv=0.00 blk=True
RX: B2 PING x=-0.90 y=0.92 t=1788377488
FALLBACK c=60 d11=0.595 mv=0.36 blk=False
FALLBACK c=0 d11=0.555 mv=0.36 blk=False
FALLBACK c=0 d11=0.534 mv=0.03 blk=True
FALLBACK c=60 d11=0.524 mv=0.36 blk=False
FALLBACK c=0 d11=0.512 mv=0.36 blk=False
FALLBACK c=0 d11=0.492 mv=0.36 blk=False
FALLBACK c=60 d11=0.502 mv=0.37 blk=False
FALLBACK c=-60 d11=0.542 mv=0.35 blk=False
FALLBACK c=120 d11=0.609 mv=0.00 blk=True
RX: B2 PING x=-0.23 y=0.62 t=1788377514
FALLBACK c=-120 d11=0.635 mv=0.08 blk=True
RX: B2 PING x=-0.23 y=0.62 t=1788377516
FALLBACK c=0 d11=0.661 mv=0.03 blk=True
RX: B2 GOALIS x=0.40 y=-0.80
RX: B2 PING x=-0.12 y=0.35 t=1788377518
FALLBACK c=60 d11=0.675 mv=0.00 blk=True
RX: B2 PING x=-0.12 y=0.35 t=1788377519
FALLBACK c=-60 d11=0.699 mv=0.00 blk=True
RX: B2 PING x=-0.12 y=0.35 t=1788377520
RX: B2 PING x=-0.06 y=0.21 t=1788377522
FALLBACK c=120 d11=0.714 mv=0.01 blk=True
RX: B2 PING x=-0.06 y=0.21 t=1788377523
RX: B2 PING x=-0.07 y=0.24 t=1788377524
RX: B2 PING x=-0.07 y=0.24 t=1788377525
FALLBACK c=-120 d11=0.709 mv=0.01 blk=True
RX: B2 PING x=-0.07 y=0.24 t=1788377526
FIT rms=0.429 s=0.0120 th=264 T=(-1.00,-0.22) mir=False n>=
FALLBACK c=0 d11=0.713 mv=-0.00 blk=True
RX: B2 PING x=-0.07 y=0.24 t=1788377528
RX: B2 GOALIS x=0.40 y=-0.80
FALLBACK c=60 d11=0.707 mv=-0.00 blk=True
RX: B2 PING x=-0.07 y=0.24 t=1788377530
FALLBACK c=-60 d11=0.717 mv=0.00 blk=True
RX: B2 PING x=-0.07 y=0.24 t=1788377531
RX: B2 PING x=-0.07 y=0.24 t=1788377532
FALLBACK c=120 d11=0.714 mv=0.00 blk=True
RX: B2 PING x=-0.07 y=0.24 t=1788377534
RX: B2 PING x=-0.07 y=0.24 t=1788377535
RX: B2 PING x=-0.07 y=0.24 t=1788377536
FALLBACK c=-120 d11=0.711 mv=-0.00 blk=True
RX: B2 PING x=-0.07 y=0.24 t=1788377537
FALLBACK c=0 d11=0.717 mv=-0.00 blk=True
RX: B2 PING x=-0.07 y=0.24 t=1788377538
FALLBACK c=60 d11=0.705 mv=-0.00 blk=True
RX: B2 PING x=-0.07 y=0.24 t=1788377540
RX: B2 GOALIS x=0.40 y=-0.80
FALLBACK c=-60 d11=0.717 mv=0.01 blk=True
RX: B2 PING x=-0.07 y=0.24 t=1788377542
RX: B2 PING x=-0.07 y=0.24 t=1788377543
FALLBACK c=120 d11=0.704 mv=0.00 blk=True
RX: B2 PING x=-0.07 y=0.24 t=1788377544
RX: B2 GOALIS x=0.40 y=-0.80
RX: B2 PING x=-0.07 y=0.24 t=1788377547
FALLBACK c=-120 d11=0.712 mv=-0.00 blk=True
RX: B2 GOALIS x=0.40 y=-0.80
FALLBACK c=0 d11=0.71 mv=0.00 blk=True
RX: B2 PING x=-0.07 y=0.24 t=1788377549
FALLBACK c=60 d11=0.708 mv=-0.00 blk=True
RX: B2 GOALIS x=0.40 y=-0.80
FALLBACK c=-60 d11=0.718 mv=0.00 blk=True
RX: B2 PING x=-0.07 y=0.24 t=1788377552
RX: B2 GOALIS x=0.40 y=-0.80
RX: B2 PING x=-0.07 y=0.23 t=1788377554
FALLBACK c=120 d11=0.706 mv=-0.00 blk=True
RX: B2 PING x=-0.07 y=0.23 t=1788377555
RX: B2 PING x=-0.07 y=0.23 t=1788377556
FALLBACK c=-120 d11=0.713 mv=-0.00 blk=True
RX: B2 PING x=-0.07 y=0.23 t=1788377558
