RUSH start: B2 is at goal; home on d11!
RUN d11=0.425 mv=0.45 blk=False
RUN d11=0.447 mv=0.16 blk=True
TURN c=60 d11=0.512 mv=0.10 blk=True
TURN c=-60 d11=0.494 mv=0.00 blk=True
TURN c=120 d11=0.428 mv=0.36 blk=False
RUN d11=0.41 mv=0.11 blk=True
TURN c=60 d11=0.453 mv=0.22 blk=True
TURN c=-60 d11=0.515 mv=-0.00 blk=True
TURN c=120 d11=0.564 mv=0.36 blk=False
TURN c=-120 d11=0.56 mv=0.11 blk=True
TURN c=30 d11=0.555 mv=0.05 blk=True
TURN c=-30 d11=0.568 mv=-0.00 blk=True
RUN d11=0.567 mv=0.00 blk=True
RX: B2 PING x=-1.07 y=-1.07 t=1788377260
TURN c=60 d11=0.684 mv=0.36 blk=False
RX: B2 PING x=-1.07 y=-1.07 t=1788377261
TURN c=-60 d11=0.733 mv=0.00 blk=True
RX: B2 PING x=-1.05 y=-0.61 t=1788377262
RX: B2 PING x=-1.05 y=-0.64 t=1788377263
RX: B2 PING x=-1.05 y=-0.70 t=1788377265
RX: B2 PING x=-1.05 y=-0.70 t=1788377266
TURN c=120 d11=0.726 mv=0.31 blk=True
RX: B2 PING x=-1.05 y=-0.70 t=1788377267
RX: B2 PING x=-1.20 y=-0.86 t=1788377268
RX: B2 PING x=-1.20 y=-0.86 t=1788377269
TURN c=-120 d11=0.703 mv=0.05 blk=True
RX: B2 PING x=-1.20 y=-0.86 t=1788377271
TURN c=30 d11=0.748 mv=0.01 blk=True
TURN c=-30 d11=0.783 mv=0.02 blk=True
RX: B2 PING x=-1.12 y=-0.66 t=1788377272
RUN d11=0.774 mv=-0.00 blk=True
RX: B2 PING x=-1.12 y=-0.66 t=1788377273
RX: B2 PING x=-1.12 y=-0.66 t=1788377274
RX: B2 PING x=-1.12 y=-0.66 t=1788377275
TURN c=60 d11=0.736 mv=0.36 blk=False
RX: B2 PING x=-1.12 y=-0.99 t=1788377277
RX: B2 PING x=-1.12 y=-1.01 t=1788377278
RUN d11=0.759 mv=0.46 blk=False
RX: B2 PING x=-1.12 y=-1.01 t=1788377279
RX: B2 PING x=-1.12 y=-1.01 t=1788377280
RX: B2 PING x=-1.12 y=-1.01 t=1788377281
RX: B2 PING x=-1.12 y=-1.01 t=1788377283
TURN c=60 d11=0.934 mv=0.36 blk=False
RX: B2 PING x=-1.06 y=-0.53 t=1788377284
RX: B2 PING x=-1.06 y=-0.53 t=1788377285
TURN c=-60 d11=0.96 mv=0.29 blk=True
RX: B2 PING x=-1.06 y=-0.53 t=1788377286
RX: B2 PING x=-1.06 y=-0.53 t=1788377287
RX: B2 PING x=-1.06 y=-0.53 t=1788377289
TURN c=120 d11=0.966 mv=0.09 blk=True
RX: B2 PING x=-1.06 y=-0.53 t=1788377290
RX: B2 PING x=-1.06 y=-0.53 t=1788377291
RX: B2 PING x=-1.06 y=-0.53 t=1788377292
TURN c=-120 d11=0.959 mv=0.06 blk=True
RX: B2 PING x=-1.06 y=-0.53 t=1788377293
TURN c=30 d11=0.984 mv=0.10 blk=True
RX: B2 PING x=-1.06 y=-0.53 t=1788377295
TURN c=-30 d11=0.978 mv=-0.00 blk=True
RUN d11=0.973 mv=-0.00 blk=True
RX: B2 PING x=-1.06 y=-0.53 t=1788377296
RX: B2 PING x=-1.06 y=-0.53 t=1788377297
TURN c=60 d11=0.976 mv=0.04 blk=True
RX: B2 PING x=-1.06 y=-0.53 t=1788377298
RX: B2 PING x=-1.06 y=-0.53 t=1788377299
TURN c=-60 d11=0.966 mv=0.00 blk=True
RX: B2 PING x=-1.06 y=-0.53 t=1788377301
RX: B2 PING x=-1.06 y=-0.53 t=1788377302
TURN c=120 d11=0.967 mv=0.00 blk=True
RX: B2 PING x=-1.06 y=-0.53 t=1788377303
RX: B2 PING x=-1.06 y=-0.53 t=1788377304
RX: B2 PING x=-1.06 y=-0.53 t=1788377305
TURN c=-120 d11=0.971 mv=-0.00 blk=True
RX: B2 PING x=-1.06 y=-0.53 t=1788377307
TURN c=30 d11=0.977 mv=0.00 blk=True
TURN c=-30 d11=0.972 mv=0.01 blk=True
RX: B2 PING x=-1.06 y=-0.53 t=1788377308
RUN d11=0.984 mv=-0.00 blk=True
RX: B2 PING x=-1.06 y=-0.53 t=1788377309
RX: B2 PING x=-1.06 y=-0.53 t=1788377310
TURN c=60 d11=0.974 mv=0.02 blk=True
RX: B2 PING x=-1.06 y=-0.53 t=1788377311
RX: B2 PING x=-1.06 y=-0.53 t=1788377313
TURN c=-60 d11=0.987 mv=0.26 blk=True
RX: B2 PING x=-1.06 y=-0.53 t=1788377314
RX: B2 PING x=-1.06 y=-0.53 t=1788377315
RX: B2 PING x=-1.06 y=-0.53 t=1788377316
TURN c=120 d11=0.988 mv=0.00 blk=True
RX: B2 PING x=-1.06 y=-0.53 t=1788377317
RX: B2 PING x=-1.06 y=-0.53 t=1788377319
TURN c=-120 d11=0.984 mv=0.01 blk=True
RX: B2 PING x=-1.06 y=-0.53 t=1788377320
RX: B2 PING x=-1.06 y=-0.53 t=1788377321
TURN c=30 d11=0.991 mv=0.36 blk=False
RX: B2 PING x=-1.06 y=-0.53 t=1788377322
TURN c=-30 d11=0.99 mv=-0.00 blk=True
RX: B2 PING x=-1.06 y=-0.53 t=1788377323
RUN d11=0.991 mv=-0.00 blk=True
RX: B2 PING x=-1.06 y=-0.53 t=1788377325
RX: B2 PING x=-1.06 y=-0.53 t=1788377326
RX: B2 PING x=-1.06 y=-0.53 t=1788377327
TURN c=60 d11=0.986 mv=0.35 blk=False
RX: B2 PING x=-1.06 y=-0.53 t=1788377328
RX: B2 PING x=-1.06 y=-0.53 t=1788377329
TURN c=-60 d11=0.977 mv=0.15 blk=True
RX: B2 PING x=-1.06 y=-0.53 t=1788377331
RX: B2 PING x=-1.06 y=-0.53 t=1788377332
RX: B2 PING x=-1.06 y=-0.53 t=1788377333
TURN c=120 d11=0.98 mv=0.05 blk=True
RX: B2 PING x=-1.06 y=-0.53 t=1788377334
RX: B2 PING x=-1.06 y=-0.53 t=1788377335
TURN c=-120 d11=0.977 mv=0.08 blk=True
RX: B2 PING x=-1.06 y=-0.53 t=1788377337
RX: B2 PING x=-1.06 y=-0.53 t=1788377338
RX: B2 PING x=-1.06 y=-0.53 t=1788377339
TURN c=30 d11=0.951 mv=0.36 blk=False
RX: B2 PING x=-1.06 y=-0.53 t=1788377340
RX: B2 PING x=-1.06 y=-0.53 t=1788377341
RUN d11=0.926 mv=0.33 blk=True
RX: B2 PING x=-1.06 y=-0.53 t=1788377343
RX: B2 PING x=-1.06 y=-0.53 t=1788377344
RX: B2 PING x=-1.06 y=-0.53 t=1788377345
TURN c=60 d11=0.905 mv=0.36 blk=False
RX: B2 PING x=-1.06 y=-0.53 t=1788377346
TURN c=-60 d11=0.904 mv=-0.00 blk=True
RX: B2 PING x=-1.06 y=-0.53 t=1788377347
RX: B2 PING x=-1.06 y=-0.53 t=1788377349
RX: B2 PING x=-1.06 y=-0.53 t=1788377350
RX: B2 PING x=-1.06 y=-0.53 t=1788377351
TURN c=120 d11=0.915 mv=0.36 blk=False
RX: B2 PING x=-1.06 y=-0.53 t=1788377352
RX: B2 PING x=-1.06 y=-0.53 t=1788377353
RX: B2 PING x=-1.06 y=-0.53 t=1788377355
TURN c=-120 d11=0.904 mv=-0.00 blk=True
RX: B2 PING x=-1.06 y=-0.53 t=1788377356
TURN c=30 d11=0.903 mv=0.01 blk=True
RX: B2 PING x=-1.06 y=-0.53 t=1788377357
TURN c=-30 d11=0.916 mv=-0.00 blk=True
RUN d11=0.911 mv=0.01 blk=True
RX: B2 PING x=-1.06 y=-0.53 t=1788377358
RX: B2 PING x=-1.06 y=-0.53 t=1788377359
