start {"d4": 96.4, "d11": 0.505, "eL": 2585, "eR": 8021, "d0": "0"}
leg1-a {"d4": 93.6, "d11": 0.518, "eL": 2583, "eR": 8019, "d0": "0"}
leg1-b {"d4": 91.8, "d11": 0.368, "eL": 2979, "eR": 8440, "d0": "0"}
LEG1 dd=-0.150 ema=-0.150
turn90 {"d4": 102.1, "d11": 0.366, "eL": 3007, "eR": 8409, "d0": "0"}
leg2-a {"d4": 100.1, "d11": 0.364, "eL": 3005, "eR": 8409, "d0": "0"}
leg2-b {"d4": 95.2, "d11": 0.348, "eL": 3399, "eR": 8828, "d0": "0"}
LEG2 dd=-0.016 ema=-0.016
turn90 {"d4": 107.2, "d11": 0.332, "eL": 3427, "eR": 8799, "d0": "0"}
leg3-a {"d4": 105.1, "d11": 0.344, "eL": 3429, "eR": 8799, "d0": "0"}
leg3-av {"d4": 103.8, "d11": 0.347, "eL": 3685, "eR": 9052, "d0": "0"}
LEG3 dd=+0.003 ema=+0.003
turn45 {"d4": 111.5, "d11": 0.36, "eL": 3700, "eR": 9035, "d0": "0"}
leg4-a {"d4": 112.8, "d11": 0.357, "eL": 3698, "eR": 9036, "d0": "0"}
leg4-av {"d4": 113.3, "d11": 0.331, "eL": 3957, "eR": 9288, "d0": "0"}
LEG4 dd=-0.026 ema=-0.026
turn90 {"d4": 123.4, "d11": 0.328, "eL": 3983, "eR": 9258, "d0": "0"}
leg5-a {"d4": 124.5, "d11": 0.326, "eL": 3982, "eR": 9259, "d0": "0"}
leg5-av {"d4": 126.3, "d11": 0.409, "eL": 4240, "eR": 9507, "d0": "0"}
LEG5 dd=+0.083 ema=+0.083
leg6-a {"d4": 124.7, "d11": 0.407, "eL": 4242, "eR": 9509, "d0": "0"}
leg6-av {"d4": 124.6, "d11": 0.365, "eL": 4498, "eR": 9760, "d0": "0"}
LEG6 dd=-0.042 ema=+0.020
leg7-a {"d4": 128.0, "d11": 0.367, "eL": 4499, "eR": 9758, "d0": "0"}
leg7-av {"d4": 127.7, "d11": 0.337, "eL": 4755, "eR": 10011, "d0": "0"}
LEG7 dd=-0.030 ema=-0.005
turn45 {"d4": 134.6, "d11": 0.363, "eL": 4768, "eR": 9995, "d0": "0"}
leg8-a {"d4": 138.6, "d11": 0.361, "eL": 4770, "eR": 9995, "d0": "0"}
leg8-av {"d4": 133.8, "d11": 0.44, "eL": 5026, "eR": 10244, "d0": "0"}
LEG8 dd=+0.079 ema=+0.079
leg9-a {"d4": 136.2, "d11": 0.432, "eL": 5025, "eR": 10244, "d0": "0"}
leg9-av {"d4": 143.7, "d11": 0.366, "eL": 5283, "eR": 10461, "d0": "0"}
LEG9 dd=-0.066 ema=+0.007
turn45 {"d4": 145.4, "d11": 0.388, "eL": 5299, "eR": 10444, "d0": "0"}
leg10-a {"d4": 146.7, "d11": 0.399, "eL": 5299, "eR": 10445, "d0": "0"}
leg10-av {"d4": 192.1, "d11": 0.4, "eL": 5553, "eR": 10476, "d0": "0"}
LEG10 dd=+0.001 ema=+0.001
turn45 {"d4": 194.4, "d11": 0.402, "eL": 5567, "eR": 10462, "d0": "0"}
leg11-a {"d4": 189.1, "d11": 0.396, "eL": 5569, "eR": 10462, "d0": "0"}
