start {"d4": "174.4", "d11": 0.64, "d0": "0", "d5": "0", "eL": "21207", "eR": "20242"}
leg1-a {"d4": "175.1", "d11": 0.638, "d0": "0", "d5": "0", "eL": "21207", "eR": "20241"}
leg1-b {"d4": "180.0", "d11": 0.553, "d0": "0", "d5": "0", "eL": "21296", "eR": "20275"}
LEG1 dd=-0.085 ema=-0.085 bad=0 best=0.638
turn90 {"d4": "173.6", "d11": 0.551, "d0": "0", "d5": "0", "eL": "21266", "eR": "20305"}
leg2-a {"d4": "176.3", "d11": 0.548, "d0": "0", "d5": "0", "eL": "21266", "eR": "20305"}
leg2-b {"d4": "162.6", "d11": 0.531, "d0": "0", "d5": "0", "eL": "21299", "eR": "20398"}
LEG2 dd=-0.017 ema=-0.017 bad=1 best=0.638
turn90 {"d4": "174.3", "d11": 0.513, "d0": "0", "d5": "0", "eL": "21327", "eR": "20367"}
leg3-a {"d4": "172.3", "d11": 0.504, "d0": "0", "d5": "0", "eL": "21325", "eR": "20367"}
leg3-b {"d4": "160.3", "d11": 0.533, "d0": "0", "d5": "0", "eL": "21359", "eR": "20461"}
LEG3 dd=+0.029 ema=+0.029 bad=2 best=0.638
leg4-a {"d4": "162.4", "d11": 0.535, "d0": "0", "d5": "0", "eL": "21359", "eR": "20461"}
leg4-b {"d4": "171.3", "d11": 0.537, "d0": "0", "d5": "0", "eL": "21445", "eR": "20494"}
LEG4 dd=+0.002 ema=+0.018 bad=0 best=0.638
leg5-a {"d4": "171.1", "d11": 0.538, "d0": "0", "d5": "0", "eL": "21444", "eR": "20492"}
leg5-b {"d4": "161.2", "d11": 0.581, "d0": "0", "d5": "0", "eL": "21475", "eR": "20587"}
LEG5 dd=+0.043 ema=+0.028 bad=0 best=0.638
leg6-a {"d4": "163.6", "d11": 0.583, "d0": "0", "d5": "0", "eL": "21476", "eR": "20586"}
leg6-b {"d4": "172.3", "d11": 0.561, "d0": "0", "d5": "0", "eL": "21562", "eR": "20619"}
LEG6 dd=-0.022 ema=+0.008 bad=0 best=0.638
leg7-a {"d4": "166.1", "d11": 0.562, "d0": "0", "d5": "0", "eL": "21564", "eR": "20619"}
leg7-b {"d4": "177.9", "d11": 0.562, "d0": "0", "d5": "0", "eL": "21649", "eR": "20652"}
LEG7 dd=+0.000 ema=+0.005 bad=0 best=0.638
turn45 {"d4": "186.5", "d11": 0.564, "d0": "0", "d5": "0", "eL": "21665", "eR": "20638"}
leg8-a {"d4": "183.5", "d11": 0.561, "d0": "0", "d5": "0", "eL": "21663", "eR": "20638"}
leg8-b {"d4": "174.2", "d11": 0.508, "d0": "0", "d5": "0", "eL": "21695", "eR": "20731"}
LEG8 dd=-0.053 ema=-0.053 bad=0 best=0.638
turn90 {"d4": "158.4", "d11": 0.437, "d0": "0", "d5": "0", "eL": "21668", "eR": "20759"}
leg9-a {"d4": "159.4", "d11": 0.44, "d0": "0", "d5": "0", "eL": "21666", "eR": "20758"}
leg9-b {"d4": "174.2", "d11": 0.472, "d0": "0", "d5": "0", "eL": "21753", "eR": "20794"}
LEG9 dd=+0.032 ema=+0.032 bad=1 best=0.638
leg10-a {"d4": "170.1", "d11": 0.478, "d0": "0", "d5": "0", "eL": "21755", "eR": "20792"}
leg10-b {"d4": "183.1", "d11": 0.533, "d0": "0", "d5": "0", "eL": "21841", "eR": "20828"}
LEG10 dd=+0.055 ema=+0.041 bad=0 best=0.638
leg11-a {"d4": "183.7", "d11": 0.534, "d0": "0", "d5": "0", "eL": "21842", "eR": "20826"}
leg11-b {"d4": "170.2", "d11": 0.53, "d0": "0", "d5": "0", "eL": "21871", "eR": "20920"}
LEG11 dd=-0.004 ema=+0.023 bad=0 best=0.638
leg12-a {"d4": "171.2", "d11": 0.535, "d0": "0", "d5": "0", "eL": "21873", "eR": "20919"}
leg12-b {"d4": "178.9", "d11": 0.537, "d0": "0", "d5": "0", "eL": "21960", "eR": "20952"}
LEG12 dd=+0.002 ema=+0.015 bad=0 best=0.638
leg13-a {"d4": "180.4", "d11": 0.535, "d0": "0", "d5": "0", "eL": "21958", "eR": "20951"}
leg13-b {"d4": "172.4", "d11": 0.527, "d0": "0", "d5": "0", "eL": "21991", "eR": "21046"}
LEG13 dd=-0.008 ema=+0.006 bad=0 best=0.638
turn45 {"d4": "163.6", "d11": 0.536, "d0": "0", "d5": "0", "eL": "21976", "eR": "21058"}
leg14-a {"d4": "165.4", "d11": 0.535, "d0": "0", "d5": "0", "eL": "21978", "eR": "21059"}
leg14-b {"d4": "174.9", "d11": 0.629, "d0": "0", "d5": "0", "eL": "22064", "eR": "21093"}
LEG14 dd=+0.094 ema=+0.094 bad=0 best=0.638
leg15-a {"d4": "171.1", "d11": 0.627, "d0": "0", "d5": "0", "eL": "22064", "eR": "21092"}
leg15-b {"d4": "183.2", "d11": 0.502, "d0": "0", "d5": "0", "eL": "22151", "eR": "21127"}
LEG15 dd=-0.125 ema=+0.006 bad=0 best=0.638
turn45 {"d4": "175.9", "d11": 0.538, "d0": "0", "d5": "0", "eL": "22135", "eR": "21141"}
leg16-a {"d4": "178.9", "d11": 0.539, "d0": "0", "d5": "0", "eL": "22136", "eR": "21142"}
RX B SEEK A+GOAL. A: KEEP TX; B HOMES ON d11 WHEN YOU SPEAK. #24
RX B SEEK A+GOAL. A: KEEP TX; B HOMES ON d11 WHEN YOU SPEAK. #25
leg16-b {"d4": "165.9", "d11": 0.653, "d0": "0", "d5": "0", "eL": "22169", "eR": "21235"}
LEG16 dd=+0.114 ema=+0.114 bad=0 best=0.638
leg17-a {"d4": "169.3", "d11": 0.654, "d0": "0", "d5": "0", "eL": "22167", "eR": "21234"}
RX B SEEK A+GOAL. A: KEEP TX; B HOMES ON d11 WHEN YOU SPEAK. #26
RX B SEEK A+GOAL. A: KEEP TX; B HOMES ON d11 WHEN YOU SPEAK. #27
leg17-b {"d4": "179.3", "d11": 0.563, "d0": "0", "d5": "0", "eL": "22254", "eR": "21268"}
LEG17 dd=-0.091 ema=+0.032 bad=0 best=0.654
leg18-a {"d4": "175.8", "d11": 0.555, "d0": "0", "d5": "0", "eL": "22256", "eR": "21266"}
leg18-b {"d4": "167.5", "d11": 0.571, "d0": "0", "d5": "0", "eL": "22287", "eR": "21359"}
LEG18 dd=+0.016 ema=+0.026 bad=0 best=0.654
leg19-a {"d4": "164.2", "d11": 0.586, "d0": "0", "d5": "0", "eL": "22286", "eR": "21358"}
RX B SEEK A+GOAL. A: KEEP TX; B HOMES ON d11 WHEN YOU SPEAK. #39
RX B SEEK A+GOAL. A: KEEP TX; B HOMES ON d11 WHEN YOU SPEAK. #40
leg19-b {"d4": "174.3", "d11": 0.691, "d0": "0", "d5": "0", "eL": "22373", "eR": "21392"}
LEG19 dd=+0.105 ema=+0.057 bad=0 best=0.654
leg20-a {"d4": "174.7", "d11": 0.693, "d0": "0", "d5": "0", "eL": "22373", "eR": "21394"}
RX B SEEK A+GOAL. A: KEEP TX; B HOMES ON d11 WHEN YOU SPEAK. #41
RX B SEEK A+GOAL. A: KEEP TX; B HOMES ON d11 WHEN YOU SPEAK. #42
RX B SEEK A+GOAL. A: KEEP TX; B HOMES ON d11 WHEN YOU SPEAK. #43
leg20-b {"d4": "166.0", "d11": 0.633, "d0": "0", "d5": "0", "eL": "22405", "eR": "21484"}
LEG20 dd=-0.060 ema=+0.010 bad=0 best=0.693
leg21-a {"d4": "166.6", "d11": 0.632, "d0": "0", "d5": "0", "eL": "22406", "eR": "21485"}
leg21-b {"d4": "174.7", "d11": 0.633, "d0": "0", "d5": "0", "eL": "22491", "eR": "21518"}
LEG21 dd=+0.001 ema=+0.007 bad=0 best=0.693
turn45 {"d4": "176.9", "d11": 0.631, "d0": "0", "d5": "0", "eL": "22476", "eR": "21534"}
leg22-a {"d4": "172.3", "d11": 0.64, "d0": "0", "d5": "0", "eL": "22476", "eR": "21535"}
leg22-b {"d4": "180.6", "d11": 0.629, "d0": "0", "d5": "0", "eL": "22564", "eR": "21568"}
LEG22 dd=-0.011 ema=-0.011 bad=0 best=0.693
turn90 {"d4": "188.8", "d11": 0.632, "d0": "0", "d5": "0", "eL": "22591", "eR": "21538"}
leg23-a {"d4": "186.9", "d11": 0.622, "d0": "0", "d5": "0", "eL": "22591", "eR": "21537"}
leg23-b {"d4": "177.0", "d11": 0.632, "d0": "0", "d5": "0", "eL": "22624", "eR": "21630"}
LEG23 dd=+0.010 ema=+0.010 bad=1 best=0.693
leg24-a {"d4": "176.5", "d11": 0.628, "d0": "0", "d5": "0", "eL": "22623", "eR": "21630"}
BLOB ray5 d=0.79 score=1.19
leg25-a {"d4": "185.7", "d11": 0.631, "d0": "0", "d5": "0", "eL": "22660", "eR": "21611"}
leg25-b {"d4": "179.4", "d11": 0.632, "d0": "0", "d5": "0", "eL": "22691", "eR": "21704"}
LEG25 dd=+0.001 ema=+0.006 bad=0 best=0.693
turn45 {"d4": "184.8", "d11": 0.635, "d0": "0", "d5": "0", "eL": "22706", "eR": "21689"}
leg26-a {"d4": "188.0", "d11": 0.633, "d0": "0", "d5": "0", "eL": "22705", "eR": "21690"}
leg26-b {"d4": "169.5", "d11": 0.636, "d0": "0", "d5": "0", "eL": "22737", "eR": "21782"}
LEG26 dd=+0.003 ema=+0.003 bad=0 best=0.693
turn45 {"d4": "178.8", "d11": 0.637, "d0": "0", "d5": "0", "eL": "22751", "eR": "21766"}
leg27-a {"d4": "178.2", "d11": 0.63, "d0": "0", "d5": "0", "eL": "22752", "eR": "21766"}
leg27-b {"d4": "165.6", "d11": 0.629, "d0": "0", "d5": "0", "eL": "22783", "eR": "21858"}
LEG27 dd=-0.001 ema=-0.001 bad=0 best=0.693
turn45 {"d4": "172.5", "d11": 0.634, "d0": "0", "d5": "0", "eL": "22798", "eR": "21843"}
leg28-a {"d4": "175.0", "d11": 0.626, "d0": "0", "d5": "0", "eL": "22796", "eR": "21845"}
leg28-b {"d4": "182.2", "d11": 0.633, "d0": "0", "d5": "0", "eL": "22884", "eR": "21879"}
LEG28 dd=+0.007 ema=+0.007 bad=0 best=0.693
turn45 {"d4": "186.7", "d11": 0.631, "d0": "0", "d5": "0", "eL": "22897", "eR": "21864"}
leg29-a {"d4": "186.1", "d11": 0.632, "d0": "0", "d5": "0", "eL": "22898", "eR": "21862"}
leg29-b {"d4": "194.3", "d11": 0.627, "d0": "0", "d5": "0", "eL": "22984", "eR": "21897"}
LEG29 dd=-0.005 ema=-0.005 bad=0 best=0.693
turn45 {"d4": "200.4", "d11": 0.634, "d0": "0", "d5": "0", "eL": "22999", "eR": "21882"}
