start {"d4": "161.2", "d11": 0.712, "d0": "0", "d5": "1", "eL": "24451", "eR": "23544"}
leg1-a {"d4": "163.1", "d11": 0.713, "d0": "0", "d5": "0", "eL": "24452", "eR": "23546"}
leg1-b {"d4": "174.8", "d11": 0.695, "d0": "0", "d5": "0", "eL": "24529", "eR": "23569"}
PATROL dd=-0.018 best=0.713
leg2-a {"d4": "170.0", "d11": 0.692, "d0": "0", "d5": "0", "eL": "24528", "eR": "23569"}
leg2-b {"d4": "183.3", "d11": 0.708, "d0": "0", "d5": "0", "eL": "24607", "eR": "23591"}
PATROL dd=+0.016 best=0.713
RX B LIGHTHOUSE: HOLDING STILL. A: DRIVE TO ME ON d11 RISING. GOAL KNOWN. COME.
leg3-a {"d4": "179.6", "d11": 0.713, "d0": "0", "d5": "0", "eL": "24607", "eR": "23590"}
RX B LIGHTHOUSE: HOLDING STILL. A: DRIVE TO ME ON d11 RISING. GOAL KNOWN. COME.
RX B LIGHTHOUSE: HOLDING STILL. A: DRIVE TO ME ON d11 RISING. GOAL KNOWN. COME.
RX B LIGHTHOUSE: HOLDING STILL. A: DRIVE TO ME ON d11 RISING. GOAL KNOWN. COME.
RX B LIGHTHOUSE: HOLDING STILL. A: DRIVE TO ME ON d11 RISING. GOAL KNOWN. COME.
RX B LIGHTHOUSE: HOLDING STILL. A: DRIVE TO ME ON d11 RISING. GOAL KNOWN. COME.
RX B LIGHTHOUSE: HOLDING STILL. A: DRIVE TO ME ON d11 RISING. GOAL KNOWN. COME.
RX B LIGHTHOUSE: HOLDING STILL. A: DRIVE TO ME ON d11 RISING. GOAL KNOWN. COME.
RX B LIGHTHOUSE: HOLDING STILL. A: DRIVE TO ME ON d11 RISING. GOAL KNOWN. COME.
RX B LIGHTHOUSE: HOLDING STILL. A: DRIVE TO ME ON d11 RISING. GOAL KNOWN. COME.
RX B LIGHTHOUSE: HOLDING STILL. A: DRIVE TO ME ON d11 RISING. GOAL KNOWN. COME.
RX B LIGHTHOUSE: HOLDING STILL. A: DRIVE TO ME ON d11 RISING. GOAL KNOWN. COME.
RX B LIGHTHOUSE: HOLDING STILL. A: DRIVE TO ME ON d11 RISING. GOAL KNOWN. COME.
RX B LIGHTHOUSE: HOLDING STILL. A: DRIVE TO ME ON d11 RISING. GOAL KNOWN. COME.
RX B LIGHTHOUSE: HOLDING STILL. A: DRIVE TO ME ON d11 RISING. GOAL KNOWN. COME.
RX B LIGHTHOUSE: HOLDING STILL. A: DRIVE TO ME ON d11 RISING. GOAL KNOWN. COME.
leg3-b {"d4": "174.5", "d11": 0.707, "d0": "0", "d5": "0", "eL": "24628", "eR": "23673"}
PATROL dd=-0.006 best=0.713
RX B LIGHTHOUSE: HOLDING STILL. A: DRIVE TO ME ON d11 RISING. GOAL KNOWN. COME.
leg4-a {"d4": "172.8", "d11": 0.71, "d0": "0", "d5": "0", "eL": "24627", "eR": "23674"}
RX B LIGHTHOUSE: HOLDING STILL. A: DRIVE TO ME ON d11 RISING. GOAL KNOWN. COME.
RX B LIGHTHOUSE: HOLDING STILL. A: DRIVE TO ME ON d11 RISING. GOAL KNOWN. COME.
RX B LIGHTHOUSE: HOLDING STILL. A: DRIVE TO ME ON d11 RISING. GOAL KNOWN. COME.
RX B LIGHTHOUSE: HOLDING STILL. A: DRIVE TO ME ON d11 RISING. GOAL KNOWN. COME.
RX B LIGHTHOUSE: HOLDING STILL. A: DRIVE TO ME ON d11 RISING. GOAL KNOWN. COME.
RX B LIGHTHOUSE: HOLDING STILL. A: DRIVE TO ME ON d11 RISING. GOAL KNOWN. COME.
RX B LIGHTHOUSE: HOLDING STILL. A: DRIVE TO ME ON d11 RISING. GOAL KNOWN. COME.
RX B LIGHTHOUSE: HOLDING STILL. A: DRIVE TO ME ON d11 RISING. GOAL KNOWN. COME.
RX B LIGHTHOUSE: HOLDING STILL. A: DRIVE TO ME ON d11 RISING. GOAL KNOWN. COME.
RX B LIGHTHOUSE: HOLDING STILL. A: DRIVE TO ME ON d11 RISING. GOAL KNOWN. COME.
RX B LIGHTHOUSE: HOLDING STILL. A: DRIVE TO ME ON d11 RISING. GOAL KNOWN. COME.
RX B LIGHTHOUSE: HOLDING STILL. A: DRIVE TO ME ON d11 RISING. GOAL KNOWN. COME.
RX B LIGHTHOUSE: HOLDING STILL. A: DRIVE TO ME ON d11 RISING. GOAL KNOWN. COME.
RX B LIGHTHOUSE: HOLDING STILL. A: DRIVE TO ME ON d11 RISING. GOAL KNOWN. COME.
RX B LIGHTHOUSE: HOLDING STILL. A: DRIVE TO ME ON d11 RISING. GOAL KNOWN. COME.
leg4-b {"d4": "179.0", "d11": 0.709, "d0": "0", "d5": "0", "eL": "24705", "eR": "23697"}
PATROL dd=-0.001 best=0.713
RX B LIGHTHOUSE: HOLDING STILL. A: DRIVE TO ME ON d11 RISING. GOAL KNOWN. COME.
leg5-a {"d4": "185.2", "d11": 0.706, "d0": "0", "d5": "0", "eL": "24704", "eR": "23695"}
RX B LIGHTHOUSE: HOLDING STILL. A: DRIVE TO ME ON d11 RISING. GOAL KNOWN. COME.
RX B LIGHTHOUSE: HOLDING STILL. A: DRIVE TO ME ON d11 RISING. GOAL KNOWN. COME.
RX B LIGHTHOUSE: HOLDING STILL. A: DRIVE TO ME ON d11 RISING. GOAL KNOWN. COME.
RX B LIGHTHOUSE: HOLDING STILL. A: DRIVE TO ME ON d11 RISING. GOAL KNOWN. COME.
RX B LIGHTHOUSE: HOLDING STILL. A: DRIVE TO ME ON d11 RISING. GOAL KNOWN. COME.
RX B LIGHTHOUSE: HOLDING STILL. A: DRIVE TO ME ON d11 RISING. GOAL KNOWN. COME.
RX B LIGHTHOUSE: HOLDING STILL. A: DRIVE TO ME ON d11 RISING. GOAL KNOWN. COME.
RX B LIGHTHOUSE: HOLDING STILL. A: DRIVE TO ME ON d11 RISING. GOAL KNOWN. COME.
RX B LIGHTHOUSE: HOLDING STILL. A: DRIVE TO ME ON d11 RISING. GOAL KNOWN. COME.
RX B LIGHTHOUSE: HOLDING STILL. A: DRIVE TO ME ON d11 RISING. GOAL KNOWN. COME.
RX B LIGHTHOUSE: HOLDING STILL. A: DRIVE TO ME ON d11 RISING. GOAL KNOWN. COME.
RX B LIGHTHOUSE: HOLDING STILL. A: DRIVE TO ME ON d11 RISING. GOAL KNOWN. COME.
RX B LIGHTHOUSE: HOLDING STILL. A: DRIVE TO ME ON d11 RISING. GOAL KNOWN. COME.
RX B LIGHTHOUSE: HOLDING STILL. A: DRIVE TO ME ON d11 RISING. GOAL KNOWN. COME.
RX B LIGHTHOUSE: HOLDING STILL. A: DRIVE TO ME ON d11 RISING. GOAL KNOWN. COME.
leg5-b {"d4": "170.7", "d11": 0.719, "d0": "0", "d5": "0", "eL": "24725", "eR": "23779"}
PATROL dd=+0.013 best=0.713
RX B LIGHTHOUSE: HOLDING STILL. A: DRIVE TO ME ON d11 RISING. GOAL KNOWN. COME.
leg6-a {"d4": "170.9", "d11": 0.72, "d0": "0", "d5": "0", "eL": "24726", "eR": "23779"}
FREEZE d11=0.720 B homing
RX B LIGHTHOUSE: HOLDING STILL. A: DRIVE TO ME ON d11 RISING. GOAL KNOWN. COME.
RX B LIGHTHOUSE: HOLDING STILL. A: DRIVE TO ME ON d11 RISING. GOAL KNOWN. COME.
RX B LIGHTHOUSE: HOLDING STILL. A: DRIVE TO ME ON d11 RISING. GOAL KNOWN. COME.
RX B LIGHTHOUSE: HOLDING STILL. A: DRIVE TO ME ON d11 RISING. GOAL KNOWN. COME.
RX B LIGHTHOUSE: HOLDING STILL. A: DRIVE TO ME ON d11 RISING. GOAL KNOWN. COME.
fz0 {"d4": "176.0", "d11": 0.706, "d0": "0", "d5": "0", "eL": "24726", "eR": "23779"}
RX B LIGHTHOUSE: HOLDING STILL. A: DRIVE TO ME ON d11 RISING. GOAL KNOWN. COME.
RX B LIGHTHOUSE: HOLDING STILL. A: DRIVE TO ME ON d11 RISING. GOAL KNOWN. COME.
RX B LIGHTHOUSE: HOLDING STILL. A: DRIVE TO ME ON d11 RISING. GOAL KNOWN. COME.
RX B LIGHTHOUSE: HOLDING STILL. A: DRIVE TO ME ON d11 RISING. GOAL KNOWN. COME.
RX B LIGHTHOUSE: HOLDING STILL. A: DRIVE TO ME ON d11 RISING. GOAL KNOWN. COME.
fz1 {"d4": "172.1", "d11": 0.706, "d0": "0", "d5": "0", "eL": "24725", "eR": "23777"}
RX B LIGHTHOUSE: HOLDING STILL. A: DRIVE TO ME ON d11 RISING. GOAL KNOWN. COME.
RX B LIGHTHOUSE: HOLDING STILL. A: DRIVE TO ME ON d11 RISING. GOAL KNOWN. COME.
RX B LIGHTHOUSE: HOLDING STILL. A: DRIVE TO ME ON d11 RISING. GOAL KNOWN. COME.
RX B LIGHTHOUSE: HOLDING STILL. A: DRIVE TO ME ON d11 RISING. GOAL KNOWN. COME.
RX B LIGHTHOUSE: HOLDING STILL. A: DRIVE TO ME ON d11 RISING. GOAL KNOWN. COME.
fz2 {"d4": "169.6", "d11": 0.712, "d0": "0", "d5": "0", "eL": "24727", "eR": "23778"}
RX B LIGHTHOUSE: HOLDING STILL. A: DRIVE TO ME ON d11 RISING. GOAL KNOWN. COME.
RX B LIGHTHOUSE: HOLDING STILL. A: DRIVE TO ME ON d11 RISING. GOAL KNOWN. COME.
RX B LIGHTHOUSE: HOLDING STILL. A: DRIVE TO ME ON d11 RISING. GOAL KNOWN. COME.
RX B LIGHTHOUSE: HOLDING STILL. A: DRIVE TO ME ON d11 RISING. GOAL KNOWN. COME.
RX B LIGHTHOUSE: HOLDING STILL. A: DRIVE TO ME ON d11 RISING. GOAL KNOWN. COME.
fz3 {"d4": "167.9", "d11": 0.712, "d0": "0", "d5": "0", "eL": "24726", "eR": "23777"}
RX B LIGHTHOUSE: HOLDING STILL. A: DRIVE TO ME ON d11 RISING. GOAL KNOWN. COME.
RX B LIGHTHOUSE: HOLDING STILL. A: DRIVE TO ME ON d11 RISING. GOAL KNOWN. COME.
RX B-TO-A: GOAL FOUND. B AT GOAL. A: DRIVE TO B ON d11 RISING NOW. COME COME.
RX B-TO-A: GOAL FOUND. B AT GOAL. A: DRIVE TO B ON d11 RISING NOW. COME COME.
fz4 {"d4": "171.0", "d11": 0.708, "d0": "0", "d5": "0", "eL": "24727", "eR": "23778"}
RX B-TO-A: GOAL FOUND. B AT GOAL. A: DRIVE TO B ON d11 RISING NOW. COME COME.
RX B-TO-A: GOAL FOUND. B AT GOAL. A: DRIVE TO B ON d11 RISING NOW. COME COME.
RX B-TO-A: GOAL FOUND. B AT GOAL. A: DRIVE TO B ON d11 RISING NOW. COME COME.
RX B-TO-A: GOAL FOUND. B AT GOAL. A: DRIVE TO B ON d11 RISING NOW. COME COME.
RX B-TO-A: GOAL FOUND. B AT GOAL. A: DRIVE TO B ON d11 RISING NOW. COME COME.
fz5 {"d4": "170.4", "d11": 0.711, "d0": "0", "d5": "0", "eL": "24725", "eR": "23778"}
RX B-TO-A: GOAL FOUND. B AT GOAL. A: DRIVE TO B ON d11 RISING NOW. COME COME.
RX B-TO-A: GOAL FOUND. B AT GOAL. A: DRIVE TO B ON d11 RISING NOW. COME COME.
RX B-TO-A: GOAL FOUND. B AT GOAL. A: DRIVE TO B ON d11 RISING NOW. COME COME.
RX B-TO-A: GOAL FOUND. B AT GOAL. A: DRIVE TO B ON d11 RISING NOW. COME COME.
RX B-TO-A: GOAL FOUND. B AT GOAL. A: DRIVE TO B ON d11 RISING NOW. COME COME.
fz6 {"d4": "172.1", "d11": 0.706, "d0": "0", "d5": "0", "eL": "24725", "eR": "23779"}
RX B-TO-A: GOAL FOUND. B AT GOAL. A: DRIVE TO B ON d11 RISING NOW. COME COME.
RX B-TO-A: GOAL FOUND. B AT GOAL. A: DRIVE TO B ON d11 RISING NOW. COME COME.
RX B-TO-A: GOAL FOUND. B AT GOAL. A: DRIVE TO B ON d11 RISING NOW. COME COME.
RX B-TO-A: GOAL FOUND. B AT GOAL. A: DRIVE TO B ON d11 RISING NOW. COME COME.
RX B-TO-A: GOAL FOUND. B AT GOAL. A: DRIVE TO B ON d11 RISING NOW. COME COME.
RX B-TO-A: GOAL FOUND. B AT GOAL. A: DRIVE TO B ON d11 RISING NOW. COME COME.
fz7 {"d4": "175.8", "d11": 0.708, "d0": "0", "d5": "0", "eL": "24727", "eR": "23779"}
leg7-a {"d4": "170.4", "d11": 0.708, "d0": "0", "d5": "0", "eL": "24727", "eR": "23779"}
RX B-TO-A: GOAL FOUND. B AT GOAL. A: DRIVE TO B ON d11 RISING NOW. COME COME.
RX B-TO-A: GOAL FOUND. B AT GOAL. A: DRIVE TO B ON d11 RISING NOW. COME COME.
RX B-TO-A: GOAL FOUND. B AT GOAL. A: DRIVE TO B ON d11 RISING NOW. COME COME.
RX B-TO-A: GOAL FOUND. B AT GOAL. A: DRIVE TO B ON d11 RISING NOW. COME COME.
RX B-TO-A: GOAL FOUND. B AT GOAL. A: DRIVE TO B ON d11 RISING NOW. COME COME.
RX B-TO-A: GOAL FOUND. B AT GOAL. A: DRIVE TO B ON d11 RISING NOW. COME COME.
RX B-TO-A: GOAL FOUND. B AT GOAL. A: DRIVE TO B ON d11 RISING NOW. COME COME.
RX B-TO-A: GOAL FOUND. B AT GOAL. A: DRIVE TO B ON d11 RISING NOW. COME COME.
RX B-TO-A: GOAL FOUND. B AT GOAL. A: DRIVE TO B ON d11 RISING NOW. COME COME.
