RX B-TO-A: GOAL FOUND. B AT GOAL. A: DRIVE TO B ON d11 RISING NOW. COME COME.
RX B-TO-A: GOAL FOUND. B AT GOAL. A: DRIVE TO B ON d11 RISING NOW. COME COME.
RX B-TO-A: GOAL FOUND. B AT GOAL. A: DRIVE TO B ON d11 RISING NOW. COME COME.
RX B-TO-A: GOAL FOUND. B AT GOAL. A: DRIVE TO B ON d11 RISING NOW. COME COME.
RX B-TO-A: GOAL FOUND. B AT GOAL. A: DRIVE TO B ON d11 RISING NOW. COME COME.
RX B-TO-A: GOAL FOUND. B AT GOAL. A: DRIVE TO B ON d11 RISING NOW. COME COME.
RX B-TO-A: GOAL FOUND. B AT GOAL. A: DRIVE TO B ON d11 RISING NOW. COME COME.
RX B-TO-A: GOAL FOUND. B AT GOAL. A: DRIVE TO B ON d11 RISING NOW. COME COME.
RX B-TO-A: GOAL FOUND. B AT GOAL. A: DRIVE TO B ON d11 RISING NOW. COME COME.
RX B-TO-A: GOAL FOUND. B AT GOAL. A: DRIVE TO B ON d11 RISING NOW. COME COME.
RX B-TO-A: GOAL FOUND. B AT GOAL. A: DRIVE TO B ON d11 RISING NOW. COME COME.
RX B-TO-A: GOAL FOUND. B AT GOAL. A: DRIVE TO B ON d11 RISING NOW. COME COME.
RX B-TO-A: GOAL FOUND. B AT GOAL. A: DRIVE TO B ON d11 RISING NOW. COME COME.
RX B-TO-A: GOAL FOUND. B AT GOAL. A: DRIVE TO B ON d11 RISING NOW. COME COME.
RX B-TO-A: GOAL FOUND. B AT GOAL. A: DRIVE TO B ON d11 RISING NOW. COME COME.
RX B-TO-A: GOAL FOUND. B AT GOAL. A: DRIVE TO B ON d11 RISING NOW. COME COME.
RX B-TO-A: GOAL FOUND. B AT GOAL. A: DRIVE TO B ON d11 RISING NOW. COME COME.
RX B-TO-A: GOAL FOUND. B AT GOAL. A: DRIVE TO B ON d11 RISING NOW. COME COME.
start-race {"d4": "180.4", "d11": 0.713, "d0": "0", "d5": "1", "eL": "24875", "eR": "23876"}
RX B-TO-A: GOAL FOUND. B AT GOAL. A: DRIVE TO B ON d11 RISING NOW. COME COME.
RX B-TO-A: GOAL FOUND. B AT GOAL. A: DRIVE TO B ON d11 RISING NOW. COME COME.
leg1-a {"d4": "180.0", "d11": 0.712, "d0": "0", "d5": "0", "eL": "24874", "eR": "23876"}
RX B-TO-A: GOAL FOUND. B AT GOAL. A: DRIVE TO B ON d11 RISING NOW. COME COME.
RX B-TO-A: GOAL FOUND. B AT GOAL. A: DRIVE TO B ON d11 RISING NOW. COME COME.
RX B-TO-A: GOAL FOUND. B AT GOAL. A: DRIVE TO B ON d11 RISING NOW. COME COME.
RX B-TO-A: GOAL FOUND. B AT GOAL. A: DRIVE TO B ON d11 RISING NOW. COME COME.
RX B-TO-A: GOAL FOUND. B AT GOAL. A: DRIVE TO B ON d11 RISING NOW. COME COME.
RX B-TO-A: GOAL FOUND. B AT GOAL. A: DRIVE TO B ON d11 RISING NOW. COME COME.
RX B-TO-A: GOAL FOUND. B AT GOAL. A: DRIVE TO B ON d11 RISING NOW. COME COME.
RX B-TO-A: GOAL FOUND. B AT GOAL. A: DRIVE TO B ON d11 RISING NOW. COME COME.
RX B-TO-A: GOAL FOUND. B AT GOAL. A: DRIVE TO B ON d11 RISING NOW. COME COME.
RX B-TO-A: GOAL FOUND. B AT GOAL. A: DRIVE TO B ON d11 RISING NOW. COME COME.
RX B-TO-A: GOAL FOUND. B AT GOAL. A: DRIVE TO B ON d11 RISING NOW. COME COME.
RX B-TO-A: GOAL FOUND. B AT GOAL. A: DRIVE TO B ON d11 RISING NOW. COME COME.
RX B-TO-A: GOAL FOUND. B AT GOAL. A: DRIVE TO B ON d11 RISING NOW. COME COME.
RX B-TO-A: GOAL FOUND. B AT GOAL. A: DRIVE TO B ON d11 RISING NOW. COME COME.
RX B-TO-A: GOAL FOUND. B AT GOAL. A: DRIVE TO B ON d11 RISING NOW. COME COME.
RX B-TO-A: GOAL FOUND. B AT GOAL. A: DRIVE TO B ON d11 RISING NOW. COME COME.
leg1-b {"d4": "172.8", "d11": 0.712, "d0": "0", "d5": "0", "eL": "24896", "eR": "23959"}
RACE dd=+0.000 bad=0
RX B-TO-A: GOAL FOUND. B AT GOAL. A: DRIVE TO B ON d11 RISING NOW. COME COME.
RX B-TO-A: GOAL FOUND. B AT GOAL. A: DRIVE TO B ON d11 RISING NOW. COME COME.
RX B-TO-A: GOAL FOUND. B AT GOAL. A: DRIVE TO B ON d11 RISING NOW. COME COME.
turn35 {"d4": "171.8", "d11": 0.713, "d0": "0", "d5": "0", "eL": "24908", "eR": "23947"}
leg2-a {"d4": "170.9", "d11": 0.712, "d0": "0", "d5": "0", "eL": "24908", "eR": "23946"}
RX B-TO-A: GOAL FOUND. B AT GOAL. A: DRIVE TO B ON d11 RISING NOW. COME COME.
RX B-TO-A: GOAL FOUND. B AT GOAL. A: DRIVE TO B ON d11 RISING NOW. COME COME.
RX B-TO-A: GOAL FOUND. B AT GOAL. A: DRIVE TO B ON d11 RISING NOW. COME COME.
RX B-TO-A: GOAL FOUND. B AT GOAL. A: DRIVE TO B ON d11 RISING NOW. COME COME.
RX B-TO-A: GOAL FOUND. B AT GOAL. A: DRIVE TO B ON d11 RISING NOW. COME COME.
RX B-TO-A: GOAL FOUND. B AT GOAL. A: DRIVE TO B ON d11 RISING NOW. COME COME.
RX B-TO-A: GOAL FOUND. B AT GOAL. A: DRIVE TO B ON d11 RISING NOW. COME COME.
RX B-TO-A: GOAL FOUND. B AT GOAL. A: DRIVE TO B ON d11 RISING NOW. COME COME.
RX B-TO-A: GOAL FOUND. B AT GOAL. A: DRIVE TO B ON d11 RISING NOW. COME COME.
RX B-TO-A: GOAL FOUND. B AT GOAL. A: DRIVE TO B ON d11 RISING NOW. COME COME.
RX B-TO-A: GOAL FOUND. B AT GOAL. A: DRIVE TO B ON d11 RISING NOW. COME COME.
RX B-TO-A: GOAL FOUND. B AT GOAL. A: DRIVE TO B ON d11 RISING NOW. COME COME.
RX B-TO-A: GOAL FOUND. B AT GOAL. A: DRIVE TO B ON d11 RISING NOW. COME COME.
RX B-TO-A: GOAL FOUND. B AT GOAL. A: DRIVE TO B ON d11 RISING NOW. COME COME.
RX B-TO-A: GOAL FOUND. B AT GOAL. A: DRIVE TO B ON d11 RISING NOW. COME COME.
RX B-TO-A: GOAL FOUND. B AT GOAL. A: DRIVE TO B ON d11 RISING NOW. COME COME.
leg2-b {"d4": "181.3", "d11": 0.708, "d0": "0", "d5": "0", "eL": "24985", "eR": "23970"}
RACE dd=-0.004 bad=0
RX B-TO-A: GOAL FOUND. B AT GOAL. A: DRIVE TO B ON d11 RISING NOW. COME COME.
RX B-TO-A: GOAL FOUND. B AT GOAL. A: DRIVE TO B ON d11 RISING NOW. COME COME.
turn35 {"d4": "184.3", "d11": 0.711, "d0": "0", "d5": "0", "eL": "24994", "eR": "23958"}
RX B-TO-A: GOAL FOUND. B AT GOAL. A: DRIVE TO B ON d11 RISING NOW. COME COME.
leg3-a {"d4": "184.1", "d11": 0.712, "d0": "0", "d5": "0", "eL": "24993", "eR": "23958"}
RX B-TO-A: GOAL FOUND. B AT GOAL. A: DRIVE TO B ON d11 RISING NOW. COME COME.
RX B-TO-A: GOAL FOUND. B AT GOAL. A: DRIVE TO B ON d11 RISING NOW. COME COME.
RX B-TO-A: GOAL FOUND. B AT GOAL. A: DRIVE TO B ON d11 RISING NOW. COME COME.
RX B-TO-A: GOAL FOUND. B AT GOAL. A: DRIVE TO B ON d11 RISING NOW. COME COME.
RX B-TO-A: A COMING GOOD! B DRIVING TO GOAL. FOLLOW MY CARRIER. WE FINISH TOGETHER.
RX B-TO-A: A COMING GOOD! B DRIVING TO GOAL. FOLLOW MY CARRIER. WE FINISH TOGETHER.
RX B-TO-A: A COMING GOOD! B DRIVING TO GOAL. FOLLOW MY CARRIER. WE FINISH TOGETHER.
RX B-TO-A: A COMING GOOD! B DRIVING TO GOAL. FOLLOW MY CARRIER. WE FINISH TOGETHER.
RX B-TO-A: A COMING GOOD! B DRIVING TO GOAL. FOLLOW MY CARRIER. WE FINISH TOGETHER.
RX B-TO-A: A COMING GOOD! B DRIVING TO GOAL. FOLLOW MY CARRIER. WE FINISH TOGETHER.
leg3-b {"d4": "197.6", "d11": 0.719, "d0": "0", "d5": "0", "eL": "25072", "eR": "23983"}
RACE dd=+0.007 bad=0
leg4-a {"d4": "196.5", "d11": 0.713, "d0": "0", "d5": "0", "eL": "25072", "eR": "23983"}
RX B-TO-A: A COMING GOOD! B DRIVING TO GOAL. FOLLOW MY CARRIER. WE FINISH TOGETHER.
RX B-TO-A: A COMING GOOD! B DRIVING TO GOAL. FOLLOW MY CARRIER. WE FINISH TOGETHER.
RX B-TO-A: A COMING GOOD! B DRIVING TO GOAL. FOLLOW MY CARRIER. WE FINISH TOGETHER.
RX B-TO-A: A COMING GOOD! B DRIVING TO GOAL. FOLLOW MY CARRIER. WE FINISH TOGETHER.
RX B-TO-A: A COMING GOOD! B DRIVING TO GOAL. FOLLOW MY CARRIER. WE FINISH TOGETHER.
RX B-TO-A: A COMING GOOD! B DRIVING TO GOAL. FOLLOW MY CARRIER. WE FINISH TOGETHER.
RX B-TO-A: A COMING GOOD! B DRIVING TO GOAL. FOLLOW MY CARRIER. WE FINISH TOGETHER.
RX B-TO-A: A COMING GOOD! B DRIVING TO GOAL. FOLLOW MY CARRIER. WE FINISH TOGETHER.
RX B-TO-A: A COMING GOOD! B DRIVING TO GOAL. FOLLOW MY CARRIER. WE FINISH TOGETHER.
leg4-b {"d4": "188.6", "d11": 0.708, "d0": "0", "d5": "0", "eL": "25094", "eR": "24065"}
RACE dd=-0.005 bad=0
RX B-TO-A: A COMING GOOD! B DRIVING TO GOAL. FOLLOW MY CARRIER. WE FINISH TOGETHER.
RX B-TO-A: A COMING GOOD! B DRIVING TO GOAL. FOLLOW MY CARRIER. WE FINISH TOGETHER.
turn35 {"d4": "191.2", "d11": 0.712, "d0": "0", "d5": "0", "eL": "25103", "eR": "24052"}
leg5-a {"d4": "190.2", "d11": 0.712, "d0": "0", "d5": "0", "eL": "25103", "eR": "24053"}
RX B-TO-A: A COMING GOOD! B DRIVING TO GOAL. FOLLOW MY CARRIER. WE FINISH TOGETHER.
RX B-TO-A: A COMING GOOD! B DRIVING TO GOAL. FOLLOW MY CARRIER. WE FINISH TOGETHER.
RX B-TO-A: A COMING GOOD! B DRIVING TO GOAL. FOLLOW MY CARRIER. WE FINISH TOGETHER.
RX B-TO-A: A COMING GOOD! B DRIVING TO GOAL. FOLLOW MY CARRIER. WE FINISH TOGETHER.
RX B-TO-A: A COMING GOOD! B DRIVING TO GOAL. FOLLOW MY CARRIER. WE FINISH TOGETHER.
RX B-TO-A: A COMING GOOD! B DRIVING TO GOAL. FOLLOW MY CARRIER. WE FINISH TOGETHER.
RX B-TO-A: A COMING GOOD! B DRIVING TO GOAL. FOLLOW MY CARRIER. WE FINISH TOGETHER.
RX B-TO-A: A COMING GOOD! B DRIVING TO GOAL. FOLLOW MY CARRIER. WE FINISH TOGETHER.
RX B-TO-A: A COMING GOOD! B DRIVING TO GOAL. FOLLOW MY CARRIER. WE FINISH TOGETHER.
leg5-b {"d4": "177.3", "d11": 0.705, "d0": "0", "d5": "0", "eL": "25126", "eR": "24134"}
RACE dd=-0.007 bad=0
RX B-TO-A: A COMING GOOD! B DRIVING TO GOAL. FOLLOW MY CARRIER. WE FINISH TOGETHER.
RX B-TO-A: A COMING GOOD! B DRIVING TO GOAL. FOLLOW MY CARRIER. WE FINISH TOGETHER.
turn35 {"d4": "181.5", "d11": 0.707, "d0": "0", "d5": "0", "eL": "25137", "eR": "24124"}
leg6-a {"d4": "179.4", "d11": 0.708, "d0": "0", "d5": "0", "eL": "25136", "eR": "24123"}
RX B-TO-A: A COMING GOOD! B DRIVING TO GOAL. FOLLOW MY CARRIER. WE FINISH TOGETHER.
RX B-TO-A: A COMING GOOD! B DRIVING TO GOAL. FOLLOW MY CARRIER. WE FINISH TOGETHER.
RX B-TO-A: A COMING GOOD! B DRIVING TO GOAL. FOLLOW MY CARRIER. WE FINISH TOGETHER.
RX B-TO-A: A COMING GOOD! B DRIVING TO GOAL. FOLLOW MY CARRIER. WE FINISH TOGETHER.
RX B-TO-A: A COMING GOOD! B DRIVING TO GOAL. FOLLOW MY CARRIER. WE FINISH TOGETHER.
RX B-TO-A: A COMING GOOD! B DRIVING TO GOAL. FOLLOW MY CARRIER. WE FINISH TOGETHER.
RX B-TO-A: A COMING GOOD! B DRIVING TO GOAL. FOLLOW MY CARRIER. WE FINISH TOGETHER.
RX B-TO-A: A COMING GOOD! B DRIVING TO GOAL. FOLLOW MY CARRIER. WE FINISH TOGETHER.
RX B-TO-A: A COMING GOOD! B DRIVING TO GOAL. FOLLOW MY CARRIER. WE FINISH TOGETHER.
leg6-b {"d4": "170.8", "d11": 0.703, "d0": "0", "d5": "0", "eL": "25158", "eR": "24206"}
RACE dd=-0.005 bad=0
RX B-TO-A: A COMING GOOD! B DRIVING TO GOAL. FOLLOW MY CARRIER. WE FINISH TOGETHER.
RX B-TO-A: A COMING GOOD! B DRIVING TO GOAL. FOLLOW MY CARRIER. WE FINISH TOGETHER.
turn35 {"d4": "173.8", "d11": 0.719, "d0": "0", "d5": "0", "eL": "25168", "eR": "24193"}
leg7-a {"d4": "175.6", "d11": 0.706, "d0": "0", "d5": "0", "eL": "25168", "eR": "24192"}
RX B-TO-A: A COMING GOOD! B DRIVING TO GOAL. FOLLOW MY CARRIER. WE FINISH TOGETHER.
RX B-TO-A: A COMING GOOD! B DRIVING TO GOAL. FOLLOW MY CARRIER. WE FINISH TOGETHER.
RX B-TO-A: A COMING GOOD! B DRIVING TO GOAL. FOLLOW MY CARRIER. WE FINISH TOGETHER.
RX B-TO-A: A COMING GOOD! B DRIVING TO GOAL. FOLLOW MY CARRIER. WE FINISH TOGETHER.
RX B-TO-A: A COMING GOOD! B DRIVING TO GOAL. FOLLOW MY CARRIER. WE FINISH TOGETHER.
RX B-TO-A: A COMING GOOD! B DRIVING TO GOAL. FOLLOW MY CARRIER. WE FINISH TOGETHER.
RX B-TO-A: A COMING GOOD! B DRIVING TO GOAL. FOLLOW MY CARRIER. WE FINISH TOGETHER.
RX B-TO-A: A COMING GOOD! B DRIVING TO GOAL. FOLLOW MY CARRIER. WE FINISH TOGETHER.
RX B-TO-A: A COMING GOOD! B DRIVING TO GOAL. FOLLOW MY CARRIER. WE FINISH TOGETHER.
leg7-b {"d4": "184.6", "d11": 0.7, "d0": "0", "d5": "0", "eL": "25246", "eR": "24216"}
RACE dd=-0.006 bad=0
RX B-TO-A: A COMING GOOD! B DRIVING TO GOAL. FOLLOW MY CARRIER. WE FINISH TOGETHER.
RX B-TO-A: A COMING GOOD! B DRIVING TO GOAL. FOLLOW MY CARRIER. WE FINISH TOGETHER.
turn35 {"d4": "188.5", "d11": 0.712, "d0": "0", "d5": "0", "eL": "25257", "eR": "24206"}
leg8-a {"d4": "186.8", "d11": 0.713, "d0": "0", "d5": "0", "eL": "25257", "eR": "24204"}
RX B-TO-A: A COMING GOOD! B DRIVING TO GOAL. FOLLOW MY CARRIER. WE FINISH TOGETHER.
RX B-TO-A: A COMING GOOD! B DRIVING TO GOAL. FOLLOW MY CARRIER. WE FINISH TOGETHER.
RX B-TO-A: A COMING GOOD! B DRIVING TO GOAL. FOLLOW MY CARRIER. WE FINISH TOGETHER.
RX B-TO-A: A COMING GOOD! B DRIVING TO GOAL. FOLLOW MY CARRIER. WE FINISH TOGETHER.
RX B-TO-A: A COMING GOOD! B DRIVING TO GOAL. FOLLOW MY CARRIER. WE FINISH TOGETHER.
RX B-TO-A: A COMING GOOD! B DRIVING TO GOAL. FOLLOW MY CARRIER. WE FINISH TOGETHER.
RX B-TO-A: A COMING GOOD! B DRIVING TO GOAL. FOLLOW MY CARRIER. WE FINISH TOGETHER.
RX B-TO-A: A COMING GOOD! B DRIVING TO GOAL. FOLLOW MY CARRIER. WE FINISH TOGETHER.
RX B-TO-A: A COMING GOOD! B DRIVING TO GOAL. FOLLOW MY CARRIER. WE FINISH TOGETHER.
leg8-b {"d4": "179.0", "d11": 0.711, "d0": "0", "d5": "0", "eL": "25277", "eR": "24287"}
RACE dd=-0.002 bad=0
RX B-TO-A: A COMING GOOD! B DRIVING TO GOAL. FOLLOW MY CARRIER. WE FINISH TOGETHER.
turn35 {"d4": "180.8", "d11": 0.708, "d0": "0", "d5": "0", "eL": "25289", "eR": "24275"}
RX B-TO-A: A COMING GOOD! B DRIVING TO GOAL. FOLLOW MY CARRIER. WE FINISH TOGETHER.
leg9-a {"d4": "180.9", "d11": 0.714, "d0": "0", "d5": "0", "eL": "25290", "eR": "24275"}
RX B-TO-A: A COMING GOOD! B DRIVING TO GOAL. FOLLOW MY CARRIER. WE FINISH TOGETHER.
RX B-TO-A: A COMING GOOD! B DRIVING TO GOAL. FOLLOW MY CARRIER. WE FINISH TOGETHER.
RX B-TO-A: A COMING GOOD! B DRIVING TO GOAL. FOLLOW MY CARRIER. WE FINISH TOGETHER.
RX B-TO-A: A COMING GOOD! B DRIVING TO GOAL. FOLLOW MY CARRIER. WE FINISH TOGETHER.
RX B-TO-A: A COMING GOOD! B DRIVING TO GOAL. FOLLOW MY CARRIER. WE FINISH TOGETHER.
RX B-TO-A: A COMING GOOD! B DRIVING TO GOAL. FOLLOW MY CARRIER. WE FINISH TOGETHER.
RX B-TO-A: A COMING GOOD! B DRIVING TO GOAL. FOLLOW MY CARRIER. WE FINISH TOGETHER.
RX B-TO-A: A COMING GOOD! B DRIVING TO GOAL. FOLLOW MY CARRIER. WE FINISH TOGETHER.
leg9-b {"d4": "173.7", "d11": 0.718, "d0": "0", "d5": "0", "eL": "25309", "eR": "24357"}
RACE dd=+0.004 bad=0
RX B-TO-A: A COMING GOOD! B DRIVING TO GOAL. FOLLOW MY CARRIER. WE FINISH TOGETHER.
RX B-TO-A: A COMING GOOD! B DRIVING TO GOAL. FOLLOW MY CARRIER. WE FINISH TOGETHER.
turn35 {"d4": "172.8", "d11": 0.707, "d0": "0", "d5": "0", "eL": "25320", "eR": "24345"}
leg10-a {"d4": "178.1", "d11": 0.715, "d0": "0", "d5": "0", "eL": "25321", "eR": "24347"}
RX B-TO-A: A COMING GOOD! B DRIVING TO GOAL. FOLLOW MY CARRIER. WE FINISH TOGETHER.
RX B-TO-A: A COMING GOOD! B DRIVING TO GOAL. FOLLOW MY CARRIER. WE FINISH TOGETHER.
RX B-TO-A: A COMING GOOD! B DRIVING TO GOAL. FOLLOW MY CARRIER. WE FINISH TOGETHER.
RX B-TO-A: A COMING GOOD! B DRIVING TO GOAL. FOLLOW MY CARRIER. WE FINISH TOGETHER.
RX B-TO-A: A COMING GOOD! B DRIVING TO GOAL. FOLLOW MY CARRIER. WE FINISH TOGETHER.
RX B-TO-A: A COMING GOOD! B DRIVING TO GOAL. FOLLOW MY CARRIER. WE FINISH TOGETHER.
RX B-TO-A: A COMING GOOD! B DRIVING TO GOAL. FOLLOW MY CARRIER. WE FINISH TOGETHER.
RX B-TO-A: A COMING GOOD! B DRIVING TO GOAL. FOLLOW MY CARRIER. WE FINISH TOGETHER.
RX B-TO-A: A COMING GOOD! B DRIVING TO GOAL. FOLLOW MY CARRIER. WE FINISH TOGETHER.
RX B-TO-A: A COMING GOOD! B DRIVING TO GOAL. FOLLOW MY CARRIER. WE FINISH TOGETHER.
leg10-b {"d4": "184.5", "d11": 0.715, "d0": "0", "d5": "0", "eL": "25398", "eR": "24369"}
RACE dd=+0.000 bad=0
RX B-TO-A: A COMING GOOD! B DRIVING TO GOAL. FOLLOW MY CARRIER. WE FINISH TOGETHER.
turn35 {"d4": "188.8", "d11": 0.71, "d0": "0", "d5": "0", "eL": "25408", "eR": "24358"}
leg11-a {"d4": "188.5", "d11": 0.707, "d0": "0", "d5": "0", "eL": "25410", "eR": "24357"}
RX B-TO-A: A COMING GOOD! B DRIVING TO GOAL. FOLLOW MY CARRIER. WE FINISH TOGETHER.
RX B-TO-A: A COMING GOOD! B DRIVING TO GOAL. FOLLOW MY CARRIER. WE FINISH TOGETHER.
RX B-TO-A: A COMING GOOD! B DRIVING TO GOAL. FOLLOW MY CARRIER. WE FINISH TOGETHER.
RX B-TO-A: A COMING GOOD! B DRIVING TO GOAL. FOLLOW MY CARRIER. WE FINISH TOGETHER.
RX B-TO-A: A COMING GOOD! B DRIVING TO GOAL. FOLLOW MY CARRIER. WE FINISH TOGETHER.
RX B-TO-A: A COMING GOOD! B DRIVING TO GOAL. FOLLOW MY CARRIER. WE FINISH TOGETHER.
RX B-TO-A: A COMING GOOD! B DRIVING TO GOAL. FOLLOW MY CARRIER. WE FINISH TOGETHER.
RX B-TO-A: A COMING GOOD! B DRIVING TO GOAL. FOLLOW MY CARRIER. WE FINISH TOGETHER.
RX B-TO-A: A COMING GOOD! B DRIVING TO GOAL. FOLLOW MY CARRIER. WE FINISH TOGETHER.
leg11-b {"d4": "176.3", "d11": 0.711, "d0": "0", "d5": "0", "eL": "25430", "eR": "24438"}
RACE dd=+0.004 bad=0
RX B-TO-A: A COMING GOOD! B DRIVING TO GOAL. FOLLOW MY CARRIER. WE FINISH TOGETHER.
RX B-TO-A: A COMING GOOD! B DRIVING TO GOAL. FOLLOW MY CARRIER. WE FINISH TOGETHER.
turn35 {"d4": "185.9", "d11": 0.701, "d0": "0", "d5": "0", "eL": "25442", "eR": "24428"}
leg12-a {"d4": "182.6", "d11": 0.711, "d0": "0", "d5": "0", "eL": "25441", "eR": "24429"}
RX B-TO-A: A COMING GOOD! B DRIVING TO GOAL. FOLLOW MY CARRIER. WE FINISH TOGETHER.
RX B-TO-A: A COMING GOOD! B DRIVING TO GOAL. FOLLOW MY CARRIER. WE FINISH TOGETHER.
RX B-TO-A: A COMING GOOD! B DRIVING TO GOAL. FOLLOW MY CARRIER. WE FINISH TOGETHER.
RX B-TO-A: A COMING GOOD! B DRIVING TO GOAL. FOLLOW MY CARRIER. WE FINISH TOGETHER.
RX B-TO-A: A COMING GOOD! B DRIVING TO GOAL. FOLLOW MY CARRIER. WE FINISH TOGETHER.
RX B-TO-A: A COMING GOOD! B DRIVING TO GOAL. FOLLOW MY CARRIER. WE FINISH TOGETHER.
RX B-TO-A: A COMING GOOD! B DRIVING TO GOAL. FOLLOW MY CARRIER. WE FINISH TOGETHER.
RX B-TO-A: A COMING GOOD! B DRIVING TO GOAL. FOLLOW MY CARRIER. WE FINISH TOGETHER.
RX B-TO-A: A COMING GOOD! B DRIVING TO GOAL. FOLLOW MY CARRIER. WE FINISH TOGETHER.
leg12-b {"d4": "172.0", "d11": 0.713, "d0": "0", "d5": "0", "eL": "25463", "eR": "24509"}
RACE dd=+0.002 bad=0
RX B-TO-A: A COMING GOOD! B DRIVING TO GOAL. FOLLOW MY CARRIER. WE FINISH TOGETHER.
RX B-TO-A: A COMING GOOD! B DRIVING TO GOAL. FOLLOW MY CARRIER. WE FINISH TOGETHER.
turn35 {"d4": "173.1", "d11": 0.703, "d0": "0", "d5": "0", "eL": "25475", "eR": "24499"}
leg13-a {"d4": "175.6", "d11": 0.704, "d0": "0", "d5": "0", "eL": "25473", "eR": "24497"}
RX B-TO-A: A COMING GOOD! B DRIVING TO GOAL. FOLLOW MY CARRIER. WE FINISH TOGETHER.
RX B-TO-A: A COMING GOOD! B DRIVING TO GOAL. FOLLOW MY CARRIER. WE FINISH TOGETHER.
RX B-TO-A: A COMING GOOD! B DRIVING TO GOAL. FOLLOW MY CARRIER. WE FINISH TOGETHER.
RX B-TO-A: FOLLOW ME TO GOAL.
leg13-b {"d4": "179.5", "d11": 0.67, "d0": "0", "d5": "0", "eL": "25550", "eR": "24521"}
RACE dd=-0.034 bad=0
RX B-TO-A: FOLLOW ME TO GOAL.
RX B-TO-A: FOLLOW ME TO GOAL.
turn70 {"d4": "175.0", "d11": 0.694, "d0": "0", "d5": "0", "eL": "25529", "eR": "24544"}
leg14-a {"d4": "177.4", "d11": 0.694, "d0": "0", "d5": "0", "eL": "25530", "eR": "24544"}
RX B-TO-A: FOLLOW ME TO GOAL.
RX B-TO-A: FOLLOW ME TO GOAL.
RX B-TO-A: A COMING GOOD! B DRIVING TO GOAL. FOLLOW MY CARRIER. WE FINISH TOGETHER.
leg14-b {"d4": "166.2", "d11": 0.697, "d0": "0", "d5": "0", "eL": "25551", "eR": "24625"}
RACE dd=+0.003 bad=1
turn35 {"d4": "162.0", "d11": 0.69, "d0": "0", "d5": "0", "eL": "25541", "eR": "24639"}
leg15-a {"d4": "159.5", "d11": 0.689, "d0": "0", "d5": "0", "eL": "25539", "eR": "24639"}
RX B-TO-A: FOLLOW ME TO GOAL.
RX B-TO-A: FOLLOW ME TO GOAL.
RX B-TO-A: FOLLOW ME TO GOAL.
RX B-TO-A: B AT GOAL (here=1). A: COME TO MY CARRIER. WE FINISH. COME.
RX B-TO-A: B AT GOAL (here=1). A: COME TO MY CARRIER. WE FINISH. COME.
leg15-b {"d4": "174.0", "d11": 0.641, "d0": "0", "d5": "0", "eL": "25617", "eR": "24662"}
RACE dd=-0.048 bad=1
RX B-TO-A: B AT GOAL (here=1). A: COME TO MY CARRIER. WE FINISH. COME.
RX B-TO-A: B AT GOAL (here=1). A: COME TO MY CARRIER. WE FINISH. COME.
RX B-TO-A: B AT GOAL (here=1). A: COME TO MY CARRIER. WE FINISH. COME.
RX B-TO-A: B AT GOAL (here=1). A: COME TO MY CARRIER. WE FINISH. COME.
RX B-TO-A: B AT GOAL (here=1). A: COME TO MY CARRIER. WE FINISH. COME.
turn70 {"d4": "181.2", "d11": 0.638, "d0": "0", "d5": "0", "eL": "25637", "eR": "24639"}
RX B-TO-A: B AT GOAL (here=1). A: COME TO MY CARRIER. WE FINISH. COME.
leg16-a {"d4": "179.6", "d11": 0.64, "d0": "0", "d5": "0", "eL": "25637", "eR": "24639"}
RX B-TO-A: B AT GOAL (here=1). A: COME TO MY CARRIER. WE FINISH. COME.
RX B-TO-A: B AT GOAL (here=1). A: COME TO MY CARRIER. WE FINISH. COME.
RX B-TO-A: B AT GOAL (here=1). A: COME TO MY CARRIER. WE FINISH. COME.
RX B-TO-A: B AT GOAL (here=1). A: COME TO MY CARRIER. WE FINISH. COME.
RX B-TO-A: B AT GOAL (here=1). A: COME TO MY CARRIER. WE FINISH. COME.
RX B-TO-A: B AT GOAL (here=1). A: COME TO MY CARRIER. WE FINISH. COME.
RX B-TO-A: B AT GOAL (here=1). A: COME TO MY CARRIER. WE FINISH. COME.
RX B-TO-A: B AT GOAL (here=1). A: COME TO MY CARRIER. WE FINISH. COME.
RX B-TO-A: B AT GOAL (here=1). A: COME TO MY CARRIER. WE FINISH. COME.
RX B-TO-A: B AT GOAL (here=1). A: COME TO MY CARRIER. WE FINISH. COME.
RX B-TO-A: B AT GOAL (here=1). A: COME TO MY CARRIER. WE FINISH. COME.
RX B-TO-A: B AT GOAL (here=1). A: COME TO MY CARRIER. WE FINISH. COME.
RX B-TO-A: B AT GOAL (here=1). A: COME TO MY CARRIER. WE FINISH. COME.
RX B-TO-A: B AT GOAL (here=1). A: COME TO MY CARRIER. WE FINISH. COME.
RX B-TO-A: B AT GOAL (here=1). A: COME TO MY CARRIER. WE FINISH. COME.
RX B-TO-A: B AT GOAL (here=1). A: COME TO MY CARRIER. WE FINISH. COME.
leg16-b {"d4": "191.5", "d11": 0.639, "d0": "0", "d5": "0", "eL": "25716", "eR": "24661"}
RACE dd=-0.001 bad=2
RX B-TO-A: B AT GOAL (here=1). A: COME TO MY CARRIER. WE FINISH. COME.
RX B-TO-A: B AT GOAL (here=1). A: COME TO MY CARRIER. WE FINISH. COME.
RX B-TO-A: B AT GOAL (here=1). A: COME TO MY CARRIER. WE FINISH. COME.
turn35 {"d4": "191.4", "d11": 0.636, "d0": "0", "d5": "0", "eL": "25726", "eR": "24649"}
leg17-a {"d4": "193.5", "d11": 0.64, "d0": "0", "d5": "0", "eL": "25726", "eR": "24650"}
RX B-TO-A: B AT GOAL (here=1). A: COME TO MY CARRIER. WE FINISH. COME.
RX B-TO-A: B AT GOAL (here=1). A: COME TO MY CARRIER. WE FINISH. COME.
RX B-TO-A: B AT GOAL (here=1). A: COME TO MY CARRIER. WE FINISH. COME.
RX B-TO-A: B AT GOAL (here=1). A: COME TO MY CARRIER. WE FINISH. COME.
RX B-TO-A: B AT GOAL (here=1). A: COME TO MY CARRIER. WE FINISH. COME.
RX B-TO-A: B AT GOAL (here=1). A: COME TO MY CARRIER. WE FINISH. COME.
RX B-TO-A: B AT GOAL (here=1). A: COME TO MY CARRIER. WE FINISH. COME.
RX B-TO-A: B AT GOAL (here=1). A: COME TO MY CARRIER. WE FINISH. COME.
leg17-b {"d4": "184.9", "d11": 0.638, "d0": "0", "d5": "0", "eL": "25748", "eR": "24732"}
RACE dd=-0.002 bad=2
turn35 {"d4": "183.5", "d11": 0.641, "d0": "0", "d5": "0", "eL": "25760", "eR": "24720"}
leg18-a {"d4": "190.5", "d11": 0.643, "d0": "0", "d5": "0", "eL": "25758", "eR": "24719"}
leg18-b {"d4": "173.1", "d11": 0.64, "d0": "0", "d5": "0", "eL": "25780", "eR": "24802"}
RACE dd=-0.003 bad=2
turn35 {"d4": "178.4", "d11": 0.643, "d0": "0", "d5": "0", "eL": "25792", "eR": "24790"}
leg19-a {"d4": "182.3", "d11": 0.639, "d0": "0", "d5": "0", "eL": "25791", "eR": "24792"}
RX B-TO-A: B AT GOAL (here=1). A: COME TO CARRIER. WE FINISH TOGETHER. COME!
leg19-b {"d4": "168.7", "d11": 0.639, "d0": "0", "d5": "0", "eL": "25813", "eR": "24872"}
RACE dd=+0.000 bad=2
RX B-TO-A: B AT GOAL (here=1). A: COME TO CARRIER. WE FINISH TOGETHER. COME!
RX B-TO-A: B AT GOAL (here=1). A: COME TO CARRIER. WE FINISH TOGETHER. COME!
RX B-TO-A: B AT GOAL (here=1). A: COME TO CARRIER. WE FINISH TOGETHER. COME!
turn35 {"d4": "171.4", "d11": 0.638, "d0": "0", "d5": "0", "eL": "25824", "eR": "24862"}
leg20-a {"d4": "173.3", "d11": 0.638, "d0": "0", "d5": "0", "eL": "25824", "eR": "24861"}
RX B-TO-A: B AT GOAL (here=1). A: COME TO CARRIER. WE FINISH TOGETHER. COME!
RX B-TO-A: B AT GOAL (here=1). A: COME TO CARRIER. WE FINISH TOGETHER. COME!
RX B-TO-A: B AT GOAL (here=1). A: COME TO CARRIER. WE FINISH TOGETHER. COME!
RX B-TO-A: B AT GOAL (here=1). A: COME TO CARRIER. WE FINISH TOGETHER. COME!
RX B-TO-A: B AT GOAL (here=1). A: COME TO CARRIER. WE FINISH TOGETHER. COME!
RX B-TO-A: B AT GOAL (here=1). A: COME TO CARRIER. WE FINISH TOGETHER. COME!
RX B-TO-A: B AT GOAL (here=1). A: COME TO CARRIER. WE FINISH TOGETHER. COME!
RX B-TO-A: B AT GOAL (here=1). A: COME TO CARRIER. WE FINISH TOGETHER. COME!
RX B-TO-A: B AT GOAL (here=1). A: COME TO CARRIER. WE FINISH TOGETHER. COME!
RX B-TO-A: B AT GOAL (here=1). A: COME TO CARRIER. WE FINISH TOGETHER. COME!
RX B-TO-A: B AT GOAL (here=1). A: COME TO CARRIER. WE FINISH TOGETHER. COME!
RX B-TO-A: B AT GOAL (here=1). A: COME TO CARRIER. WE FINISH TOGETHER. COME!
RX B-TO-A: B AT GOAL (here=1). A: COME TO CARRIER. WE FINISH TOGETHER. COME!
RX B-TO-A: B AT GOAL (here=1). A: COME TO CARRIER. WE FINISH TOGETHER. COME!
RX B-TO-A: B AT GOAL (here=1). A: COME TO CARRIER. WE FINISH TOGETHER. COME!
leg20-b {"d4": "183.1", "d11": 0.645, "d0": "0", "d5": "0", "eL": "25901", "eR": "24885"}
RACE dd=+0.007 bad=2
RX B-TO-A: B AT GOAL (here=1). A: COME TO CARRIER. WE FINISH TOGETHER. COME!
leg21-a {"d4": "183.8", "d11": 0.638, "d0": "0", "d5": "0", "eL": "25900", "eR": "24886"}
RX B-TO-A: B AT GOAL (here=1). A: COME TO CARRIER. WE FINISH TOGETHER. COME!
RX B-TO-A: B AT GOAL (here=1). A: COME TO CARRIER. WE FINISH TOGETHER. COME!
RX B-TO-A: B AT GOAL (here=1). A: COME TO CARRIER. WE FINISH TOGETHER. COME!
RX B-TO-A: B AT GOAL (here=1). A: COME TO CARRIER. WE FINISH TOGETHER. COME!
RX B-TO-A: B AT GOAL (here=1). A: COME TO CARRIER. WE FINISH TOGETHER. COME!
RX B-TO-A: B AT GOAL (here=1). A: COME TO CARRIER. WE FINISH TOGETHER. COME!
RX B-TO-A: B AT GOAL (here=1). A: COME TO CARRIER. WE FINISH TOGETHER. COME!
RX B-TO-A: B AT GOAL (here=1). A: COME TO CARRIER. WE FINISH TOGETHER. COME!
RX B-TO-A: B AT GOAL (here=1). A: COME TO CARRIER. WE FINISH TOGETHER. COME!
RX B-TO-A: B AT GOAL (here=1). A: COME TO CARRIER. WE FINISH TOGETHER. COME!
RX B-TO-A: B AT GOAL (here=1). A: COME TO CARRIER. WE FINISH TOGETHER. COME!
RX B-TO-A: B AT GOAL (here=1). A: COME TO CARRIER. WE FINISH TOGETHER. COME!
RX B-TO-A: B AT GOAL (here=1). A: COME TO CARRIER. WE FINISH TOGETHER. COME!
RX B-TO-A: B AT GOAL (here=1). A: COME TO CARRIER. WE FINISH TOGETHER. COME!
RX B-TO-A: B AT GOAL (here=1). A: COME TO CARRIER. WE FINISH TOGETHER. COME!
leg21-b {"d4": "170.0", "d11": 0.638, "d0": "0", "d5": "0", "eL": "25922", "eR": "24968"}
RACE dd=+0.000 bad=0
RX B-TO-A: B AT GOAL (here=1). A: COME TO CARRIER. WE FINISH TOGETHER. COME!
RX B-TO-A: B AT GOAL (here=1). A: COME TO CARRIER. WE FINISH TOGETHER. COME!
turn35 {"d4": "174.3", "d11": 0.641, "d0": "0", "d5": "0", "eL": "25931", "eR": "24956"}
RX B-TO-A: B AT GOAL (here=1). A: COME TO CARRIER. WE FINISH TOGETHER. COME!
leg22-a {"d4": "175.1", "d11": 0.641, "d0": "0", "d5": "0", "eL": "25932", "eR": "24955"}
RX B-TO-A: B AT GOAL (here=1). A: COME TO CARRIER. WE FINISH TOGETHER. COME!
RX B-TO-A: B AT GOAL (here=1). A: COME TO CARRIER. WE FINISH TOGETHER. COME!
RX B-TO-A: B AT GOAL (here=1). A: COME TO CARRIER. WE FINISH TOGETHER. COME!
RX B-TO-A: B AT GOAL (here=1). A: COME TO CARRIER. WE FINISH TOGETHER. COME!
RX B-TO-A: B AT GOAL (here=1). A: COME TO CARRIER. WE FINISH TOGETHER. COME!
RX B-TO-A: B AT GOAL (here=1). A: COME TO CARRIER. WE FINISH TOGETHER. COME!
RX B-TO-A: B AT GOAL (here=1). A: COME TO CARRIER. WE FINISH TOGETHER. COME!
RX B-TO-A: B AT GOAL (here=1). A: COME TO CARRIER. WE FINISH TOGETHER. COME!
RX B-TO-A: B AT GOAL (here=1). A: COME TO CARRIER. WE FINISH TOGETHER. COME!
RX B-TO-A: B AT GOAL (here=1). A: COME TO CARRIER. WE FINISH TOGETHER. COME!
RX B-TO-A: B AT GOAL (here=1). A: COME TO CARRIER. WE FINISH TOGETHER. COME!
RX B-TO-A: B AT GOAL (here=1). A: COME TO CARRIER. WE FINISH TOGETHER. COME!
RX B-TO-A: B AT GOAL (here=1). A: COME TO CARRIER. WE FINISH TOGETHER. COME!
RX B-TO-A: B AT GOAL (here=1). A: COME TO CARRIER. WE FINISH TOGETHER. COME!
RX B-TO-A: B AT GOAL (here=1). A: COME TO CARRIER. WE FINISH TOGETHER. COME!
leg22-b {"d4": "187.5", "d11": 0.644, "d0": "0", "d5": "0", "eL": "26010", "eR": "24978"}
RACE dd=+0.003 bad=0
RX B-TO-A: B AT GOAL (here=1). A: COME TO CARRIER. WE FINISH TOGETHER. COME!
RX B-TO-A: B AT GOAL (here=1). A: COME TO CARRIER. WE FINISH TOGETHER. COME!
turn35 {"d4": "184.2", "d11": 0.642, "d0": "0", "d5": "0", "eL": "26020", "eR": "24968"}
RX B-TO-A: B AT GOAL (here=1). A: COME TO CARRIER. WE FINISH TOGETHER. COME!
leg23-a {"d4": "188.7", "d11": 0.643, "d0": "0", "d5": "0", "eL": "26019", "eR": "24966"}
RX B-TO-A: B AT GOAL (here=1). A: COME TO CARRIER. WE FINISH TOGETHER. COME!
RX B-TO-A: B AT GOAL (here=1). A: COME TO CARRIER. WE FINISH TOGETHER. COME!
RX B-TO-A: B AT GOAL (here=1). A: COME TO CARRIER. WE FINISH TOGETHER. COME!
RX B-TO-A: B AT GOAL (here=1). A: COME TO CARRIER. WE FINISH TOGETHER. COME!
RX B-TO-A: B AT GOAL (here=1). A: COME TO CARRIER. WE FINISH TOGETHER. COME!
RX B-TO-A: B AT GOAL (here=1). A: COME TO CARRIER. WE FINISH TOGETHER. COME!
RX B-TO-A: B AT GOAL (here=1). A: COME TO CARRIER. WE FINISH TOGETHER. COME!
RX B-TO-A: B AT GOAL (here=1). A: COME TO CARRIER. WE FINISH TOGETHER. COME!
RX B-TO-A: B AT GOAL (here=1). A: COME TO CARRIER. WE FINISH TOGETHER. COME!
RX B-TO-A: B AT GOAL (here=1). A: COME TO CARRIER. WE FINISH TOGETHER. COME!
RX B-TO-A: B AT GOAL (here=1). A: COME TO CARRIER. WE FINISH TOGETHER. COME!
RX B-TO-A: B AT GOAL (here=1). A: COME TO CARRIER. WE FINISH TOGETHER. COME!
RX B-TO-A: B AT GOAL (here=1). A: COME TO CARRIER. WE FINISH TOGETHER. COME!
RX B-TO-A: B AT GOAL (here=1). A: COME TO CARRIER. WE FINISH TOGETHER. COME!
RX B-TO-A: B AT GOAL (here=1). A: COME TO CARRIER. WE FINISH TOGETHER. COME!
leg23-b {"d4": "179.0", "d11": 0.646, "d0": "0", "d5": "0", "eL": "26042", "eR": "25049"}
RACE dd=+0.003 bad=0
RX B-TO-A: B AT GOAL (here=1). A: COME TO CARRIER. WE FINISH TOGETHER. COME!
RX B-TO-A: B AT GOAL (here=1). A: COME TO CARRIER. WE FINISH TOGETHER. COME!
RX B-TO-A: B AT GOAL (here=1). A: COME TO CARRIER. WE FINISH TOGETHER. COME!
turn35 {"d4": "183.6", "d11": 0.641, "d0": "0", "d5": "0", "eL": "26054", "eR": "25038"}
leg24-a {"d4": "182.1", "d11": 0.638, "d0": "0", "d5": "0", "eL": "26052", "eR": "25036"}
RX B-TO-A: B AT GOAL (here=1). A: COME TO CARRIER. WE FINISH TOGETHER. COME!
RX B-TO-A: B AT GOAL (here=1). A: COME TO CARRIER. WE FINISH TOGETHER. COME!
RX B-TO-A: B AT GOAL (here=1). A: COME TO CARRIER. WE FINISH TOGETHER. COME!
RX B-TO-A: B AT GOAL (here=1). A: COME TO CARRIER. WE FINISH TOGETHER. COME!
RX B-TO-A: B AT GOAL (here=1). A: COME TO CARRIER. WE FINISH TOGETHER. COME!
RX B-TO-A: B AT GOAL (here=1). A: COME TO CARRIER. WE FINISH TOGETHER. COME!
RX B-TO-A: B AT GOAL (here=1). A: COME TO CARRIER. WE FINISH TOGETHER. COME!
RX B-TO-A: B AT GOAL (here=1). A: COME TO CARRIER. WE FINISH TOGETHER. COME!
RX B-TO-A: B AT GOAL (here=1). A: COME TO CARRIER. WE FINISH TOGETHER. COME!
RX B-TO-A: B AT GOAL (here=1). A: COME TO CARRIER. WE FINISH TOGETHER. COME!
RX B-TO-A: B AT GOAL (here=1). A: COME TO CARRIER. WE FINISH TOGETHER. COME!
RX B-TO-A: B AT GOAL (here=1). A: COME TO CARRIER. WE FINISH TOGETHER. COME!
RX B-TO-A: B AT GOAL (here=1). A: COME TO CARRIER. WE FINISH TOGETHER. COME!
RX B-TO-A: B AT GOAL (here=1). A: COME TO CARRIER. WE FINISH TOGETHER. COME!
RX B-TO-A: B AT GOAL (here=1). A: COME TO CARRIER. WE FINISH TOGETHER. COME!
leg24-b {"d4": "172.0", "d11": 0.64, "d0": "0", "d5": "0", "eL": "26074", "eR": "25119"}
RACE dd=+0.002 bad=0
RX B-TO-A: B AT GOAL (here=1). A: COME TO CARRIER. WE FINISH TOGETHER. COME!
RX B-TO-A: B AT GOAL (here=1). A: COME TO CARRIER. WE FINISH TOGETHER. COME!
RX B-TO-A: B AT GOAL (here=1). A: COME TO CARRIER. WE FINISH TOGETHER. COME!
turn35 {"d4": "171.6", "d11": 0.642, "d0": "0", "d5": "0", "eL": "26084", "eR": "25108"}
leg25-a {"d4": "174.1", "d11": 0.645, "d0": "0", "d5": "0", "eL": "26086", "eR": "25109"}
RX B-TO-A: B AT GOAL (here=1). A: COME TO CARRIER. WE FINISH TOGETHER. COME!
RX B-TO-A: B AT GOAL (here=1). A: COME TO CARRIER. WE FINISH TOGETHER. COME!
RX B-TO-A: B AT GOAL (here=1). A: COME TO CARRIER. WE FINISH TOGETHER. COME!
RX B-TO-A: B AT GOAL (here=1). A: COME TO CARRIER. WE FINISH TOGETHER. COME!
RX B-TO-A: B AT GOAL (here=1). A: COME TO CARRIER. WE FINISH TOGETHER. COME!
RX B-TO-A: B AT GOAL (here=1). A: COME TO CARRIER. WE FINISH TOGETHER. COME!
RX B-TO-A: B AT GOAL (here=1). A: COME TO CARRIER. WE FINISH TOGETHER. COME!
RX B-TO-A: B AT GOAL (here=1). A: COME TO CARRIER. WE FINISH TOGETHER. COME!
RX B-TO-A: B AT GOAL (here=1). A: COME TO CARRIER. WE FINISH TOGETHER. COME!
RX B-TO-A: B AT GOAL (here=1). A: COME TO CARRIER. WE FINISH TOGETHER. COME!
RX B-TO-A: B AT GOAL (here=1). A: COME TO CARRIER. WE FINISH TOGETHER. COME!
RX B-TO-A: B AT GOAL (here=1). A: COME TO CARRIER. WE FINISH TOGETHER. COME!
RX B-TO-A: B AT GOAL (here=1). A: COME TO CARRIER. WE FINISH TOGETHER. COME!
RX B-TO-A: B AT GOAL (here=1). A: COME TO CARRIER. WE FINISH TOGETHER. COME!
RX B-TO-A: B AT GOAL (here=1). A: COME TO CARRIER. WE FINISH TOGETHER. COME!
leg25-b {"d4": "187.1", "d11": 0.636, "d0": "0", "d5": "0", "eL": "26161", "eR": "25131"}
RACE dd=-0.009 bad=0
RX B-TO-A: B AT GOAL (here=1). A: COME TO CARRIER. WE FINISH TOGETHER. COME!
RX B-TO-A: B AT GOAL (here=1). A: COME TO CARRIER. WE FINISH TOGETHER. COME!
RX B-TO-A: B AT GOAL (here=1). A: COME TO CARRIER. WE FINISH TOGETHER. COME!
turn35 {"d4": "189.1", "d11": 0.637, "d0": "0", "d5": "0", "eL": "26173", "eR": "25119"}
leg26-a {"d4": "184.0", "d11": 0.642, "d0": "0", "d5": "0", "eL": "26174", "eR": "25119"}
RX B-TO-A: B AT GOAL (here=1). A: COME TO CARRIER. WE FINISH TOGETHER. COME!
RX B-TO-A: B AT GOAL (here=1). A: COME TO CARRIER. WE FINISH TOGETHER. COME!
RX B-TO-A: B AT GOAL (here=1). A: COME TO CARRIER. WE FINISH TOGETHER. COME!
RX B-TO-A: B AT GOAL (here=1). A: COME TO CARRIER. WE FINISH TOGETHER. COME!
RX B-TO-A: B AT GOAL (here=1). A: COME TO CARRIER. WE FINISH TOGETHER. COME!
RX B-TO-A: B AT GOAL (here=1). A: COME TO CARRIER. WE FINISH TOGETHER. COME!
RX B-TO-A: B AT GOAL (here=1). A: COME TO CARRIER. WE FINISH TOGETHER. COME!
RX B-TO-A: B AT GOAL (here=1). A: COME TO CARRIER. WE FINISH TOGETHER. COME!
RX B-TO-A: B AT GOAL (here=1). A: COME TO CARRIER. WE FINISH TOGETHER. COME!
RX B-TO-A: B AT GOAL (here=1). A: COME TO CARRIER. WE FINISH TOGETHER. COME!
RX B-TO-A: B AT GOAL (here=1). A: COME TO CARRIER. WE FINISH TOGETHER. COME!
RX B-TO-A: B AT GOAL (here=1). A: COME TO CARRIER. WE FINISH TOGETHER. COME!
RX B-TO-A: B AT GOAL (here=1). A: COME TO CARRIER. WE FINISH TOGETHER. COME!
RX B-TO-A: B AT GOAL (here=1). A: COME TO CARRIER. WE FINISH TOGETHER. COME!
RX B-TO-A: B AT GOAL (here=1). A: COME TO CARRIER. WE FINISH TOGETHER. COME!
leg26-b {"d4": "176.6", "d11": 0.644, "d0": "0", "d5": "0", "eL": "26194", "eR": "25202"}
RACE dd=+0.002 bad=0
RX B-TO-A: B AT GOAL (here=1). A: COME TO CARRIER. WE FINISH TOGETHER. COME!
RX B-TO-A: B AT GOAL (here=1). A: COME TO CARRIER. WE FINISH TOGETHER. COME!
RX B-TO-A: B AT GOAL (here=1). A: COME TO CARRIER. WE FINISH TOGETHER. COME!
turn35 {"d4": "184.4", "d11": 0.64, "d0": "0", "d5": "0", "eL": "26207", "eR": "25190"}
leg27-a {"d4": "180.7", "d11": 0.635, "d0": "0", "d5": "0", "eL": "26205", "eR": "25191"}
RX B-TO-A: B AT GOAL (here=1). A: COME TO CARRIER. WE FINISH TOGETHER. COME!
RX B-TO-A: B AT GOAL (here=1). A: COME TO CARRIER. WE FINISH TOGETHER. COME!
RX B-TO-A: B AT GOAL (here=1). A: COME TO CARRIER. WE FINISH TOGETHER. COME!
RX B-TO-A: B AT GOAL (here=1). A: COME TO CARRIER. WE FINISH TOGETHER. COME!
RX B-TO-A: B AT GOAL (here=1). A: COME TO CARRIER. WE FINISH TOGETHER. COME!
RX B-TO-A: B AT GOAL (here=1). A: COME TO CARRIER. WE FINISH TOGETHER. COME!
RX B-TO-A: B AT GOAL (here=1). A: COME TO CARRIER. WE FINISH TOGETHER. COME!
RX B-TO-A: B AT GOAL (here=1). A: COME TO CARRIER. WE FINISH TOGETHER. COME!
RX B-TO-A: B AT GOAL (here=1). A: COME TO CARRIER. WE FINISH TOGETHER. COME!
RX B-TO-A: B AT GOAL (here=1). A: COME TO CARRIER. WE FINISH TOGETHER. COME!
RX B-TO-A: B AT GOAL (here=1). A: COME TO CARRIER. WE FINISH TOGETHER. COME!
RX B-TO-A: B AT GOAL (here=1). A: COME TO CARRIER. WE FINISH TOGETHER. COME!
RX B-TO-A: B AT GOAL (here=1). A: COME TO CARRIER. WE FINISH TOGETHER. COME!
RX B-TO-A: B AT GOAL (here=1). A: COME TO CARRIER. WE FINISH TOGETHER. COME!
RX B-TO-A: B AT GOAL (here=1). A: COME TO CARRIER. WE FINISH TOGETHER. COME!
leg27-b {"d4": "171.7", "d11": 0.644, "d0": "0", "d5": "0", "eL": "26227", "eR": "25271"}
RACE dd=+0.009 bad=0
RX B-TO-A: B AT GOAL (here=1). A: COME TO CARRIER. WE FINISH TOGETHER. COME!
leg28-a {"d4": "169.7", "d11": 0.644, "d0": "0", "d5": "0", "eL": "26227", "eR": "25270"}
RX B-TO-A: B AT GOAL (here=1). A: COME TO CARRIER. WE FINISH TOGETHER. COME!
RX B-TO-A: B AT GOAL (here=1). A: COME TO CARRIER. WE FINISH TOGETHER. COME!
RX B-TO-A: B AT GOAL (here=1). A: COME TO CARRIER. WE FINISH TOGETHER. COME!
RX B-TO-A: B AT GOAL (here=1). A: COME TO CARRIER. WE FINISH TOGETHER. COME!
RX B-TO-A: B AT GOAL (here=1). A: COME TO CARRIER. WE FINISH TOGETHER. COME!
RX B-TO-A: B AT GOAL (here=1). A: COME TO CARRIER. WE FINISH TOGETHER. COME!
RX B-TO-A: B AT GOAL (here=1). A: COME TO CARRIER. WE FINISH TOGETHER. COME!
RX B-TO-A: B AT GOAL (here=1). A: COME TO CARRIER. WE FINISH TOGETHER. COME!
RX B-TO-A: B AT GOAL (here=1). A: COME TO CARRIER. WE FINISH TOGETHER. COME!
RX B-TO-A: B AT GOAL (here=1). A: COME TO CARRIER. WE FINISH TOGETHER. COME!
RX B-TO-A: B AT GOAL (here=1). A: COME TO CARRIER. WE FINISH TOGETHER. COME!
RX B-TO-A: B AT GOAL (here=1). A: COME TO CARRIER. WE FINISH TOGETHER. COME!
RX B-TO-A: B AT GOAL (here=1). A: COME TO CARRIER. WE FINISH TOGETHER. COME!
RX B-TO-A: B AT GOAL (here=1). A: COME TO CARRIER. WE FINISH TOGETHER. COME!
RX B-TO-A: B AT GOAL (here=1). A: COME TO CARRIER. WE FINISH TOGETHER. COME!
leg28-b {"d4": "177.7", "d11": 0.642, "d0": "0", "d5": "0", "eL": "26303", "eR": "25295"}
RACE dd=-0.002 bad=0
RX B-TO-A: B AT GOAL (here=1). A: COME TO CARRIER. WE FINISH TOGETHER. COME!
RX B-TO-A: B AT GOAL (here=1). A: COME TO CARRIER. WE FINISH TOGETHER. COME!
RX B-TO-A: B AT GOAL (here=1). A: COME TO CARRIER. WE FINISH TOGETHER. COME!
turn35 {"d4": "184.3", "d11": 0.638, "d0": "0", "d5": "0", "eL": "26314", "eR": "25284"}
leg29-a {"d4": "186.0", "d11": 0.64, "d0": "0", "d5": "0", "eL": "26314", "eR": "25283"}
RX B-TO-A: B AT GOAL (here=1). A: COME TO CARRIER. WE FINISH TOGETHER. COME!
RX B-TO-A: B AT GOAL (here=1). A: COME TO CARRIER. WE FINISH TOGETHER. COME!
RX B-TO-A: B AT GOAL (here=1). A: COME TO CARRIER. WE FINISH TOGETHER. COME!
RX B-TO-A: B AT GOAL (here=1). A: COME TO CARRIER. WE FINISH TOGETHER. COME!
RX B-TO-A: B AT GOAL (here=1). A: COME TO CARRIER. WE FINISH TOGETHER. COME!
RX B-TO-A: B AT GOAL (here=1). A: COME TO CARRIER. WE FINISH TOGETHER. COME!
RX B-TO-A: B AT GOAL (here=1). A: COME TO CARRIER. WE FINISH TOGETHER. COME!
RX B-TO-A: B AT GOAL (here=1). A: COME TO CARRIER. WE FINISH TOGETHER. COME!
RX B-TO-A: B AT GOAL (here=1). A: COME TO CARRIER. WE FINISH TOGETHER. COME!
RX B-TO-A: B AT GOAL (here=1). A: COME TO CARRIER. WE FINISH TOGETHER. COME!
RX B-TO-A: B AT GOAL (here=1). A: COME TO CARRIER. WE FINISH TOGETHER. COME!
RX B-TO-A: B AT GOAL (here=1). A: COME TO CARRIER. WE FINISH TOGETHER. COME!
RX B-TO-A: B AT GOAL (here=1). A: COME TO CARRIER. WE FINISH TOGETHER. COME!
RX B-TO-A: B AT GOAL (here=1). A: COME TO CARRIER. WE FINISH TOGETHER. COME!
RX B-TO-A: B AT GOAL (here=1). A: COME TO CARRIER. WE FINISH TOGETHER. COME!
leg29-b {"d4": "197.0", "d11": 0.638, "d0": "0", "d5": "0", "eL": "26391", "eR": "25307"}
RACE dd=-0.002 bad=0
RX B-TO-A: B AT GOAL (here=1). A: COME TO CARRIER. WE FINISH TOGETHER. COME!
RX B-TO-A: B AT GOAL (here=1). A: COME TO CARRIER. WE FINISH TOGETHER. COME!
RX B-TO-A: B AT GOAL (here=1). A: COME TO CARRIER. WE FINISH TOGETHER. COME!
turn35 {"d4": "199.9", "d11": 0.649, "d0": "0", "d5": "0", "eL": "26403", "eR": "25295"}
leg30-a {"d4": "196.8", "d11": 0.639, "d0": "0", "d5": "0", "eL": "26402", "eR": "25293"}
RX B-TO-A: B AT GOAL (here=1). A: COME TO CARRIER. WE FINISH TOGETHER. COME!
RX B-TO-A: B AT GOAL (here=1). A: COME TO CARRIER. WE FINISH TOGETHER. COME!
RX B-TO-A: B AT GOAL (here=1). A: COME TO CARRIER. WE FINISH TOGETHER. COME!
RX B-TO-A: B AT GOAL (here=1). A: COME TO CARRIER. WE FINISH TOGETHER. COME!
RX B-TO-A: B AT GOAL (here=1). A: COME TO CARRIER. WE FINISH TOGETHER. COME!
RX B-TO-A: B AT GOAL (here=1). A: COME TO CARRIER. WE FINISH TOGETHER. COME!
RX B-TO-A: B AT GOAL (here=1). A: COME TO CARRIER. WE FINISH TOGETHER. COME!
RX B-TO-A: B AT GOAL (here=1). A: COME TO CARRIER. WE FINISH TOGETHER. COME!
RX B-TO-A: B AT GOAL (here=1). A: COME TO CARRIER. WE FINISH TOGETHER. COME!
RX B-TO-A: B AT GOAL (here=1). A: COME TO CARRIER. WE FINISH TOGETHER. COME!
RX B-TO-A: B AT GOAL (here=1). A: COME TO CARRIER. WE FINISH TOGETHER. COME!
RX B-TO-A: B AT GOAL (here=1). A: COME TO CARRIER. WE FINISH TOGETHER. COME!
RX B-TO-A: B AT GOAL (here=1). A: COME TO CARRIER. WE FINISH TOGETHER. COME!
RX B-TO-A: B AT GOAL (here=1). A: COME TO CARRIER. WE FINISH TOGETHER. COME!
RX B-TO-A: B AT GOAL (here=1). A: COME TO CARRIER. WE FINISH TOGETHER. COME!
leg30-b {"d4": "186.3", "d11": 0.634, "d0": "0", "d5": "0", "eL": "26425", "eR": "25377"}
RACE dd=-0.005 bad=0
RX B-TO-A: B AT GOAL (here=1). A: COME TO CARRIER. WE FINISH TOGETHER. COME!
RX B-TO-A: B AT GOAL (here=1). A: COME TO CARRIER. WE FINISH TOGETHER. COME!
RX B-TO-A: B AT GOAL (here=1). A: COME TO CARRIER. WE FINISH TOGETHER. COME!
turn35 {"d4": "189.5", "d11": 0.638, "d0": "0", "d5": "0", "eL": "26435", "eR": "25365"}
leg31-a {"d4": "193.8", "d11": 0.635, "d0": "0", "d5": "0", "eL": "26435", "eR": "25364"}
RX B-TO-A: B AT GOAL (here=1). A: COME TO CARRIER. WE FINISH TOGETHER. COME!
RX B-TO-A: B AT GOAL (here=1). A: COME TO CARRIER. WE FINISH TOGETHER. COME!
RX B-TO-A: B AT GOAL (here=1). A: COME TO CARRIER. WE FINISH TOGETHER. COME!
RX B-TO-A: B AT GOAL (here=1). A: COME TO CARRIER. WE FINISH TOGETHER. COME!
RX B-TO-A: B AT GOAL (here=1). A: COME TO CARRIER. WE FINISH TOGETHER. COME!
RX B-TO-A: B AT GOAL (here=1). A: COME TO CARRIER. WE FINISH TOGETHER. COME!
RX B-TO-A: B AT GOAL (here=1). A: COME TO CARRIER. WE FINISH TOGETHER. COME!
RX B-TO-A: B AT GOAL (here=1). A: COME TO CARRIER. WE FINISH TOGETHER. COME!
RX B-TO-A: B AT GOAL (here=1). A: COME TO CARRIER. WE FINISH TOGETHER. COME!
RX B-TO-A: B AT GOAL (here=1). A: COME TO CARRIER. WE FINISH TOGETHER. COME!
RX B-TO-A: B AT GOAL (here=1). A: COME TO CARRIER. WE FINISH TOGETHER. COME!
RX B-TO-A: B AT GOAL (here=1). A: COME TO CARRIER. WE FINISH TOGETHER. COME!
RX B-TO-A: B AT GOAL (here=1). A: COME TO CARRIER. WE FINISH TOGETHER. COME!
RX B-TO-A: B AT GOAL (here=1). A: COME TO CARRIER. WE FINISH TOGETHER. COME!
RX B-TO-A: B AT GOAL (here=1). A: COME TO CARRIER. WE FINISH TOGETHER. COME!
leg31-b {"d4": "181.3", "d11": 0.646, "d0": "0", "d5": "0", "eL": "26457", "eR": "25446"}
RACE dd=+0.011 bad=0
RX B-TO-A: B AT GOAL (here=1). A: COME TO CARRIER. WE FINISH TOGETHER. COME!
leg32-a {"d4": "181.1", "d11": 0.638, "d0": "0", "d5": "0", "eL": "26457", "eR": "25447"}
RX B-TO-A: B AT GOAL (here=1). A: COME TO CARRIER. WE FINISH TOGETHER. COME!
RX B-TO-A: B AT GOAL (here=1). A: COME TO CARRIER. WE FINISH TOGETHER. COME!
RX B-TO-A: B AT GOAL (here=1). A: COME TO CARRIER. WE FINISH TOGETHER. COME!
RX B-TO-A: B AT GOAL (here=1). A: COME TO CARRIER. WE FINISH TOGETHER. COME!
RX B-TO-A: B AT GOAL (here=1). A: COME TO CARRIER. WE FINISH TOGETHER. COME!
RX B-TO-A: B AT GOAL (here=1). A: COME TO CARRIER. WE FINISH TOGETHER. COME!
RX B-TO-A: B AT GOAL (here=1). A: COME TO CARRIER. WE FINISH TOGETHER. COME!
RX B-TO-A: B AT GOAL (here=1). A: COME TO CARRIER. WE FINISH TOGETHER. COME!
RX B-TO-A: B AT GOAL (here=1). A: COME TO CARRIER. WE FINISH TOGETHER. COME!
RX B-TO-A: B AT GOAL (here=1). A: COME TO CARRIER. WE FINISH TOGETHER. COME!
RX B-TO-A: B AT GOAL (here=1). A: COME TO CARRIER. WE FINISH TOGETHER. COME!
RX B-TO-A: B AT GOAL (here=1). A: COME TO CARRIER. WE FINISH TOGETHER. COME!
RX B-TO-A: B AT GOAL (here=1). A: COME TO CARRIER. WE FINISH TOGETHER. COME!
RX B-TO-A: B AT GOAL (here=1). A: COME TO CARRIER. WE FINISH TOGETHER. COME!
RX B-TO-A: B AT GOAL (here=1). A: COME TO CARRIER. WE FINISH TOGETHER. COME!
leg32-b {"d4": "170.2", "d11": 0.639, "d0": "0", "d5": "0", "eL": "26479", "eR": "25530"}
RACE dd=+0.001 bad=0
RX B-TO-A: B AT GOAL (here=1). A: COME TO CARRIER. WE FINISH TOGETHER. COME!
RX B-TO-A: B AT GOAL (here=1). A: COME TO CARRIER. WE FINISH TOGETHER. COME!
turn35 {"d4": "174.8", "d11": 0.639, "d0": "0", "d5": "0", "eL": "26490", "eR": "25517"}
RX B-TO-A: B AT GOAL (here=1). A: COME TO CARRIER. WE FINISH TOGETHER. COME!
leg33-a {"d4": "172.2", "d11": 0.64, "d0": "0", "d5": "0", "eL": "26490", "eR": "25517"}
RX B-TO-A: B AT GOAL (here=1). A: COME TO CARRIER. WE FINISH TOGETHER. COME!
RX B-TO-A: B AT GOAL (here=1). A: COME TO CARRIER. WE FINISH TOGETHER. COME!
RX B-TO-A: B AT GOAL (here=1). A: COME TO CARRIER. WE FINISH TOGETHER. COME!
RX B-TO-A: B AT GOAL (here=1). A: COME TO CARRIER. WE FINISH TOGETHER. COME!
RX B-TO-A: B AT GOAL (here=1). A: COME TO CARRIER. WE FINISH TOGETHER. COME!
RX B-TO-A: B AT GOAL (here=1). A: COME TO CARRIER. WE FINISH TOGETHER. COME!
RX B-TO-A: B AT GOAL (here=1). A: COME TO CARRIER. WE FINISH TOGETHER. COME!
RX B-TO-A: B AT GOAL (here=1). A: COME TO CARRIER. WE FINISH TOGETHER. COME!
RX B-TO-A: B AT GOAL (here=1). A: COME TO CARRIER. WE FINISH TOGETHER. COME!
RX B-TO-A: B AT GOAL (here=1). A: COME TO CARRIER. WE FINISH TOGETHER. COME!
RX B-TO-A: B AT GOAL (here=1). A: COME TO CARRIER. WE FINISH TOGETHER. COME!
RX B-TO-A: B AT GOAL (here=1). A: COME TO CARRIER. WE FINISH TOGETHER. COME!
RX B-TO-A: B AT GOAL (here=1). A: COME TO CARRIER. WE FINISH TOGETHER. COME!
RX B-TO-A: B AT GOAL (here=1). A: COME TO CARRIER. WE FINISH TOGETHER. COME!
RX B-TO-A: B AT GOAL (here=1). A: COME TO CARRIER. WE FINISH TOGETHER. COME!
leg33-b {"d4": "180.7", "d11": 0.638, "d0": "0", "d5": "0", "eL": "26566", "eR": "25541"}
RACE dd=-0.002 bad=0
RX B-TO-A: B AT GOAL (here=1). A: COME TO CARRIER. WE FINISH TOGETHER. COME!
RX B-TO-A: B AT GOAL (here=1). A: COME TO CARRIER. WE FINISH TOGETHER. COME!
RX B-TO-A: B AT GOAL (here=1). A: COME TO CARRIER. WE FINISH TOGETHER. COME!
turn35 {"d4": "186.9", "d11": 0.641, "d0": "0", "d5": "0", "eL": "26578", "eR": "25530"}
leg34-a {"d4": "188.2", "d11": 0.64, "d0": "0", "d5": "0", "eL": "26578", "eR": "25529"}
RX B-TO-A: B AT GOAL (here=1). A: COME TO CARRIER. WE FINISH TOGETHER. COME!
RX B-TO-A: B AT GOAL (here=1). A: COME TO CARRIER. WE FINISH TOGETHER. COME!
RX B-TO-A: B AT GOAL (here=1). A: COME TO CARRIER. WE FINISH TOGETHER. COME!
RX B-TO-A: B AT GOAL (here=1). A: COME TO CARRIER. WE FINISH TOGETHER. COME!
RX B-TO-A: B AT GOAL (here=1). A: COME TO CARRIER. WE FINISH TOGETHER. COME!
RX B-TO-A: B AT GOAL (here=1). A: COME TO CARRIER. WE FINISH TOGETHER. COME!
RX B-TO-A: B AT GOAL (here=1). A: COME TO CARRIER. WE FINISH TOGETHER. COME!
RX B-TO-A: B AT GOAL (here=1). A: COME TO CARRIER. WE FINISH TOGETHER. COME!
RX B-TO-A: B AT GOAL (here=1). A: COME TO CARRIER. WE FINISH TOGETHER. COME!
RX B-TO-A: B AT GOAL (here=1). A: COME TO CARRIER. WE FINISH TOGETHER. COME!
RX B-TO-A: B AT GOAL (here=1). A: COME TO CARRIER. WE FINISH TOGETHER. COME!
RX B-TO-A: B AT GOAL (here=1). A: COME TO CARRIER. WE FINISH TOGETHER. COME!
RX B-TO-A: B AT GOAL (here=1). A: COME TO CARRIER. WE FINISH TOGETHER. COME!
RX B-TO-A: B AT GOAL (here=1). A: COME TO CARRIER. WE FINISH TOGETHER. COME!
RX B-TO-A: B AT GOAL (here=1). A: COME TO CARRIER. WE FINISH TOGETHER. COME!
leg34-b {"d4": "176.7", "d11": 0.642, "d0": "0", "d5": "0", "eL": "26598", "eR": "25611"}
RACE dd=+0.002 bad=0
RX B-TO-A: B AT GOAL (here=1). A: COME TO CARRIER. WE FINISH TOGETHER. COME!
RX B-TO-A: B AT GOAL (here=1). A: COME TO CARRIER. WE FINISH TOGETHER. COME!
RX B-TO-A: B AT GOAL (here=1). A: COME TO CARRIER. WE FINISH TOGETHER. COME!
turn35 {"d4": "181.5", "d11": 0.646, "d0": "0", "d5": "0", "eL": "26610", "eR": "25599"}
leg35-a {"d4": "183.1", "d11": 0.642, "d0": "0", "d5": "0", "eL": "26609", "eR": "25599"}
RX B-TO-A: B AT GOAL (here=1). A: COME TO CARRIER. WE FINISH TOGETHER. COME!
RX B-TO-A: B AT GOAL (here=1). A: COME TO CARRIER. WE FINISH TOGETHER. COME!
RX B-TO-A: B AT GOAL (here=1). A: COME TO CARRIER. WE FINISH TOGETHER. COME!
RX B-TO-A: B AT GOAL (here=1). A: COME TO CARRIER. WE FINISH TOGETHER. COME!
RX B-TO-A: B AT GOAL (here=1). A: COME TO CARRIER. WE FINISH TOGETHER. COME!
RX B-TO-A: B AT GOAL (here=1). A: COME TO CARRIER. WE FINISH TOGETHER. COME!
RX B-TO-A: B AT GOAL (here=1). A: COME TO CARRIER. WE FINISH TOGETHER. COME!
leg35-b {"d4": "170.4", "d11": 0.646, "d0": "0", "d5": "0", "eL": "26631", "eR": "25681"}
RACE dd=+0.004 bad=0
turn35 {"d4": "175.6", "d11": 0.645, "d0": "0", "d5": "0", "eL": "26643", "eR": "25669"}
leg36-a {"d4": "170.9", "d11": 0.643, "d0": "0", "d5": "0", "eL": "26643", "eR": "25671"}
leg36-b {"d4": "185.7", "d11": 0.636, "d0": "0", "d5": "0", "eL": "26719", "eR": "25692"}
RACE dd=-0.007 bad=0
turn35 {"d4": "187.3", "d11": 0.639, "d0": "0", "d5": "0", "eL": "26729", "eR": "25680"}
leg37-a {"d4": "185.7", "d11": 0.637, "d0": "0", "d5": "0", "eL": "26729", "eR": "25682"}
leg37-b {"d4": "177.1", "d11": 0.639, "d0": "0", "d5": "0", "eL": "26751", "eR": "25763"}
RACE dd=+0.002 bad=0
turn35 {"d4": "179.3", "d11": 0.64, "d0": "0", "d5": "0", "eL": "26763", "eR": "25751"}
leg38-a {"d4": "182.3", "d11": 0.645, "d0": "0", "d5": "0", "eL": "26761", "eR": "25752"}
leg38-b {"d4": "170.3", "d11": 0.639, "d0": "0", "d5": "0", "eL": "26783", "eR": "25834"}
RACE dd=-0.006 bad=0
turn35 {"d4": "173.3", "d11": 0.644, "d0": "0", "d5": "0", "eL": "26794", "eR": "25821"}
leg39-a {"d4": "175.0", "d11": 0.644, "d0": "0", "d5": "0", "eL": "26795", "eR": "25822"}
leg39-b {"d4": "184.4", "d11": 0.641, "d0": "0", "d5": "0", "eL": "26870", "eR": "25846"}
RACE dd=-0.003 bad=0
turn35 {"d4": "188.4", "d11": 0.641, "d0": "0", "d5": "0", "eL": "26881", "eR": "25834"}
RX B-TO-A: A COME! B AT GOAL. d11 RISING GOOD.
leg40-a {"d4": "186.2", "d11": 0.638, "d0": "0", "d5": "0", "eL": "26883", "eR": "25834"}
RX B-TO-A: A COME! B AT GOAL. d11 RISING GOOD.
RX B-TO-A: A COME! B AT GOAL. d11 RISING GOOD.
RX B-TO-A: A COME! B AT GOAL. d11 RISING GOOD.
RX B-TO-A: A COME! B AT GOAL. d11 RISING GOOD.
RX B-TO-A: A COME! B AT GOAL. d11 RISING GOOD.
RX B-TO-A: A COME! B AT GOAL. d11 RISING GOOD.
RX B-TO-A: A COME! B AT GOAL. d11 RISING GOOD.
RX B-TO-A: A COME! B AT GOAL. d11 RISING GOOD.
RX B-TO-A: A COME! B AT GOAL. d11 RISING GOOD.
RX B-TO-A: A COME! B AT GOAL. d11 RISING GOOD.
RX B-TO-A: A COME! B AT GOAL. d11 RISING GOOD.
RX B-TO-A: A COME! B AT GOAL. d11 RISING GOOD.
RX B-TO-A: A COME! B AT GOAL. d11 RISING GOOD.
