start-pursuit {"d4": "192.9", "d11": 0.484, "d0": "0", "d5": "1", "eL": "31926", "eR": "28862"}
leg1-a {"d4": "195.2", "d11": 0.482, "d0": "0", "d5": "0", "eL": "31927", "eR": "28861"}
leg1-b {"d4": "202.1", "d11": 0.476, "d0": "0", "d5": "0", "eL": "31983", "eR": "28863"}
PURSUIT act=blocked dd=-0.006 brg=185 mag=0.0
leg2-a {"d4": "203.1", "d11": 0.485, "d0": "0", "d5": "0", "eL": "31985", "eR": "28862"}
leg2-b {"d4": "215.2", "d11": 0.472, "d0": "0", "d5": "0", "eL": "32040", "eR": "28863"}
PURSUIT act=blocked dd=-0.013 brg=185 mag=0.0
leg3-a {"d4": "212.4", "d11": 0.479, "d0": "0", "d5": "0", "eL": "32041", "eR": "28864"}
leg3-b {"d4": "219.7", "d11": 0.474, "d0": "0", "d5": "0", "eL": "32086", "eR": "28853"}
PURSUIT act=blocked dd=-0.005 brg=185 mag=0.0
leg4-a {"d4": "223.2", "d11": 0.472, "d0": "0", "d5": "0", "eL": "32086", "eR": "28852"}
leg4-b {"d4": "232.6", "d11": 0.467, "d0": "0", "d5": "0", "eL": "32145", "eR": "28854"}
PURSUIT act=blocked dd=-0.005 brg=185 mag=0.0
leg5-a {"d4": "233.0", "d11": 0.475, "d0": "0", "d5": "0", "eL": "32145", "eR": "28854"}
leg5-b {"d4": "228.6", "d11": 0.467, "d0": "0", "d5": "0", "eL": "32159", "eR": "28903"}
PURSUIT act=blocked dd=-0.008 brg=185 mag=0.0
leg6-a {"d4": "227.3", "d11": 0.473, "d0": "0", "d5": "0", "eL": "32158", "eR": "28904"}
leg6-b {"d4": "237.6", "d11": 0.474, "d0": "0", "d5": "0", "eL": "32204", "eR": "28891"}
PURSUIT act=blocked dd=+0.001 brg=185 mag=0.0
leg7-a {"d4": "238.9", "d11": 0.463, "d0": "0", "d5": "0", "eL": "32205", "eR": "28890"}
leg7-b {"d4": "234.1", "d11": 0.469, "d0": "0", "d5": "0", "eL": "32216", "eR": "28940"}
PURSUIT act=blocked dd=+0.006 brg=185 mag=0.0
leg8-a {"d4": "234.7", "d11": 0.473, "d0": "0", "d5": "0", "eL": "32218", "eR": "28941"}
leg8-b {"d4": "225.0", "d11": 0.473, "d0": "0", "d5": "0", "eL": "32232", "eR": "28986"}
PURSUIT act=blocked dd=+0.000 brg=185 mag=0.0
leg9-a {"d4": "225.7", "d11": 0.472, "d0": "0", "d5": "0", "eL": "32231", "eR": "28988"}
leg9-b {"d4": "236.6", "d11": 0.467, "d0": "0", "d5": "0", "eL": "32276", "eR": "28977"}
PURSUIT act=blocked dd=-0.005 brg=24 mag=0.066
leg10-a {"d4": "236.7", "d11": 0.466, "d0": "0", "d5": "0", "eL": "32275", "eR": "28978"}
leg10-b {"d4": "243.9", "d11": 0.468, "d0": "0", "d5": "0", "eL": "32330", "eR": "28980"}
PURSUIT act=blocked dd=+0.002 brg=25 mag=0.069
leg11-a {"d4": "244.3", "d11": 0.465, "d0": "0", "d5": "0", "eL": "32330", "eR": "28981"}
leg11-b {"d4": "248.7", "d11": 0.472, "d0": "0", "d5": "0", "eL": "32387", "eR": "28984"}
PURSUIT act=blocked dd=+0.007 brg=25 mag=0.07
leg12-a {"d4": "249.3", "d11": 0.475, "d0": "0", "d5": "0", "eL": "32387", "eR": "28986"}
leg12-b {"d4": "264.7", "d11": 0.471, "d0": "0", "d5": "0", "eL": "32431", "eR": "28974"}
PURSUIT act=blocked dd=-0.004 brg=25 mag=0.07
leg13-a {"d4": "261.9", "d11": 0.478, "d0": "0", "d5": "0", "eL": "32429", "eR": "28975"}
leg13-b {"d4": "252.3", "d11": 0.473, "d0": "0", "d5": "0", "eL": "32435", "eR": "29032"}
PURSUIT act=blocked dd=-0.005 brg=185 mag=0.015
leg14-a {"d4": "253.6", "d11": 0.467, "d0": "0", "d5": "0", "eL": "32437", "eR": "29031"}
