start-greedy2 {"d4": "261.3", "d11": 0.472, "d0": "0", "d5": "1", "eL": "32595", "eR": "29140"}
leg1-a {"d4": "263.9", "d11": 0.47, "d0": "0", "d5": "0", "eL": "32594", "eR": "29139"}
leg1-b {"d4": "269.6", "d11": 0.473, "d0": "0", "d5": "0", "eL": "32658", "eR": "29156"}
GREEDY2 dd=+0.003 bad=0 best=0.470
turn30 {"d4": "275.7", "d11": 0.473, "d0": "0", "d5": "0", "eL": "32668", "eR": "29145"}
leg2-a {"d4": "274.8", "d11": 0.463, "d0": "0", "d5": "0", "eL": "32668", "eR": "29145"}
leg2-b {"d4": "286.6", "d11": 0.468, "d0": "0", "d5": "0", "eL": "32731", "eR": "29160"}
GREEDY2 dd=+0.005 bad=0 best=0.470
leg3-a {"d4": "281.7", "d11": 0.469, "d0": "0", "d5": "0", "eL": "32730", "eR": "29162"}
leg3-b {"d4": "282.4", "d11": 0.465, "d0": "0", "d5": "0", "eL": "32878", "eR": "29319"}
GREEDY2 dd=-0.004 bad=0 best=0.470
turn30 {"d4": "287.6", "d11": 0.465, "d0": "0", "d5": "0", "eL": "32888", "eR": "29307"}
leg4-a {"d4": "289.1", "d11": 0.467, "d0": "0", "d5": "0", "eL": "32889", "eR": "29307"}
leg4-b {"d4": "282.1", "d11": 0.462, "d0": "0", "d5": "0", "eL": "33036", "eR": "29466"}
GREEDY2 dd=-0.005 bad=0 best=0.470
turn30 {"d4": "285.7", "d11": 0.464, "d0": "0", "d5": "0", "eL": "33044", "eR": "29457"}
leg5-a {"d4": "285.7", "d11": 0.455, "d0": "0", "d5": "0", "eL": "33046", "eR": "29455"}
leg5-b {"d4": "281.6", "d11": 0.451, "d0": "0", "d5": "0", "eL": "33193", "eR": "29614"}
GREEDY2 dd=-0.004 bad=0 best=0.470
turn30 {"d4": "290.6", "d11": 0.453, "d0": "0", "d5": "0", "eL": "33202", "eR": "29602"}
leg6-a {"d4": "292.0", "d11": 0.46, "d0": "0", "d5": "0", "eL": "33203", "eR": "29602"}
leg6-b {"d4": "286.9", "d11": 0.443, "d0": "0", "d5": "0", "eL": "33352", "eR": "29761"}
GREEDY2 dd=-0.017 bad=0 best=0.470
turn75 {"d4": "278.7", "d11": 0.438, "d0": "0", "d5": "0", "eL": "33326", "eR": "29784"}
leg7-a {"d4": "279.8", "d11": 0.449, "d0": "0", "d5": "0", "eL": "33326", "eR": "29784"}
leg7-b {"d4": "274.8", "d11": 0.429, "d0": "0", "d5": "0", "eL": "33476", "eR": "29943"}
GREEDY2 dd=-0.020 bad=1 best=0.470
turn75 {"d4": "284.9", "d11": 0.428, "d0": "0", "d5": "0", "eL": "33498", "eR": "29918"}
leg8-a {"d4": "283.1", "d11": 0.425, "d0": "0", "d5": "0", "eL": "33499", "eR": "29918"}
leg8-b {"d4": "292.4", "d11": 0.418, "d0": "0", "d5": "0", "eL": "33563", "eR": "29934"}
GREEDY2 dd=-0.007 bad=2 best=0.470
turn30 {"d4": "301.4", "d11": 0.422, "d0": "0", "d5": "0", "eL": "33571", "eR": "29923"}
leg9-a {"d4": "297.9", "d11": 0.423, "d0": "0", "d5": "0", "eL": "33573", "eR": "29924"}
leg9-b {"d4": "308.4", "d11": 0.415, "d0": "0", "d5": "0", "eL": "33636", "eR": "29940"}
GREEDY2 dd=-0.008 bad=2 best=0.470
turn30 {"d4": "309.3", "d11": 0.418, "d0": "0", "d5": "0", "eL": "33644", "eR": "29930"}
leg10-a {"d4": "311.7", "d11": 0.422, "d0": "0", "d5": "0", "eL": "33645", "eR": "29928"}
