start {"d4": "189.8", "d11": 0.63, "d0": "0", "d5": "1", "eL": "20576", "eR": "19555"}
leg1-a {"d4": "183.9", "d11": 0.628, "d0": "0", "d5": "0", "eL": "20575", "eR": "19556"}
RX B APPROACHING YOU VIA d11 HILLCLIMB. KEEP BEACON. IF SEE ME: SAY SEE.
leg1-b {"d4": "170.8", "d11": 0.646, "d0": "0", "d5": "0", "eL": "20646", "eR": "19689"}
LEG1 dd=+0.018 ema=+0.018 bad=0 best=0.628
leg2-a {"d4": "173.0", "d11": 0.647, "d0": "0", "d5": "0", "eL": "20646", "eR": "19689"}
leg2-b {"d4": "181.1", "d11": 0.6, "d0": "0", "d5": "0", "eL": "20772", "eR": "19765"}
LEG2 dd=-0.047 ema=-0.008 bad=0 best=0.647
turn45 {"d4": "184.8", "d11": 0.603, "d0": "0", "d5": "0", "eL": "20785", "eR": "19752"}
leg3-a {"d4": "188.9", "d11": 0.598, "d0": "0", "d5": "0", "eL": "20787", "eR": "19751"}
leg3-b {"d4": "174.2", "d11": 0.61, "d0": "0", "d5": "0", "eL": "20856", "eR": "19886"}
LEG3 dd=+0.012 ema=+0.012 bad=0 best=0.647
leg4-a {"d4": "177.8", "d11": 0.604, "d0": "0", "d5": "0", "eL": "20858", "eR": "19884"}
BLOB ray6 d=0.49 score=0.59
leg5-a {"d4": "191.3", "d11": 0.602, "d0": "0", "d5": "0", "eL": "20901", "eR": "19860"}
leg5-b {"d4": "174.8", "d11": 0.487, "d0": "0", "d5": "0", "eL": "20972", "eR": "19996"}
LEG5 dd=-0.115 ema=-0.039 bad=0 best=0.647
turn90 {"d4": "162.9", "d11": 0.486, "d0": "0", "d5": "0", "eL": "20943", "eR": "20023"}
leg6-a {"d4": "162.7", "d11": 0.478, "d0": "0", "d5": "0", "eL": "20944", "eR": "20024"}
leg6-b {"d4": "171.9", "d11": 0.451, "d0": "0", "d5": "0", "eL": "21070", "eR": "20098"}
LEG6 dd=-0.027 ema=-0.027 bad=1 best=0.647
turn90 {"d4": "186.8", "d11": 0.45, "d0": "0", "d5": "0", "eL": "21097", "eR": "20069"}
leg7-a {"d4": "184.6", "d11": 0.45, "d0": "0", "d5": "0", "eL": "21096", "eR": "20070"}
BLOB ray3 d=0.39 score=1.67
leg8-a {"d4": "189.9", "d11": 0.454, "d0": "0", "d5": "0", "eL": "21124", "eR": "20062"}
leg8-b {"d4": "180.1", "d11": 0.457, "d0": "0", "d5": "0", "eL": "21194", "eR": "20196"}
LEG8 dd=+0.003 ema=+0.003 bad=2 best=0.647
turn45 {"d4": "186.3", "d11": 0.455, "d0": "0", "d5": "0", "eL": "21207", "eR": "20183"}
leg9-a {"d4": "182.9", "d11": 0.447, "d0": "0", "d5": "0", "eL": "21208", "eR": "20182"}
