start d4= 142.2   0.14  0.10  0.10  0.11  0.19  0.36  0.57  0.61  0.44  0.36  0.36  0.40  0.50  1.32  1.27  0.31
pos1 d4= 141.6   0.15  0.11  0.07  0.11  0.18  0.38  0.56  0.61  0.45  0.35  0.36  0.40  0.51  1.33  1.27  0.31
rot1 d4= 137.7   0.17  0.09  0.09  0.11  0.17  0.35  0.54  0.61  0.43  0.37  0.35  0.40  0.47  1.02  1.35  0.32
pos2 d4= 140.4   0.19  0.10  0.12  0.11  0.17  0.34  0.54  0.62  0.45  0.38  0.35  0.42  0.49  1.01  1.33  0.31
rot2 d4= 138.9   0.19  0.10  0.09  0.13  0.16  0.34  0.52  0.60  0.45  0.36  0.35  0.39  0.48  0.95  2.40  0.33
pos3 d4= 136.8   0.19  0.09  0.10  0.10  0.15  0.36  0.52  0.60  0.45 -1.00  0.34  0.39  0.47  0.96  2.38  0.32
rot3 d4= 136.8   0.19  0.11  0.07  0.11  0.15  0.34  0.52  0.57  0.45  0.39  0.34  0.40  0.46  0.74  2.39  0.33
pos4 d4= 136.5   0.20  0.11  0.09  0.11  0.16  0.35  0.51  0.61  0.45  0.40  0.35  0.40  0.46  0.75  2.42  0.34
rot4 d4= 136.0   0.22  0.11  0.09  0.11  0.17  0.34  0.53  0.61  0.43 -1.00  0.34  0.38  0.45  0.73  2.40  0.34
pos5 d4= 136.4   0.21  0.11  0.10  0.12  0.15  0.34  0.51  0.62  0.45  0.38  0.34  0.39  0.46  0.72  2.39  0.35
rot5 d4= 135.3   0.23  0.12  0.10  0.10  0.14  0.33  0.51  0.61  0.57  0.40  0.35  0.41  0.44  0.73  2.36  0.35
pos6 d4= 129.1   0.23  0.11  0.09  0.13  0.15  0.33  0.52  0.63  0.58  0.40  0.34  0.40  0.43  0.72  2.36  0.37
rot6 d4= 129.6   0.25  0.12  0.08  0.09  0.14  0.31  0.53  0.61  0.59  0.42  0.36  0.40  0.43  0.71  2.45  0.40
pos7 d4= 132.1   0.24  0.10  0.09  0.09  0.14  0.31  0.54  0.63  0.58  0.41  0.33  0.37  0.42  0.72  2.46  0.42
rot7 d4= 129.7  -1.00  0.14  0.09  0.11  0.14  0.31  0.55  0.61  0.58  0.41  0.34  0.40  0.42  0.71  2.43  0.43
pos8 d4= 130.3   0.24  0.10  0.07  0.10  0.16  0.32  0.54  0.63  0.60  0.42  0.35  0.39  0.43  0.72  2.44  0.44
rot8 d4= 126.8   0.26  0.12  0.10  0.10  0.12  0.30  0.54  0.64  0.59  0.42  0.35  0.39  0.42  0.71  2.46  0.47
pos9 d4= 127.9   0.26  0.13  0.08  0.10  0.12  0.31  0.54  0.62  0.59  0.41  0.34  0.38  0.40  0.69  2.45  0.45
rot9 d4= 122.7   0.27  0.12  0.12  0.09  0.14  0.30  0.57  0.62  0.60  0.44  0.35  0.39  0.41  0.68  2.46  0.63
pos10 d4= 125.5   0.25  0.12  0.09  0.10  0.13  0.29  0.54  0.62  0.59  0.44  0.33  0.38  0.42  0.69  2.47  0.64
rot10 d4= 126.2   0.28  0.11  0.09  0.09  0.12  0.28  0.58  0.62  0.62  0.45  0.35  0.37  0.41  0.57  1.65  0.66
pos11 d4= 122.2   0.28  0.12  0.09  0.09  0.12  0.29  0.57  0.62  0.63  0.44  0.37  0.38  0.40  0.56  1.66  0.67
rot11 d4= 122.7   0.29  0.13  0.10  0.09  0.13  0.26  0.58  0.60  0.67  0.47  0.35  0.39  0.41  0.55  1.55  0.66
pos12 d4= 118.8   0.29  0.13  0.10  0.09  0.14  0.26  0.57  0.63  0.65  0.43 -1.00  0.35  0.43  0.56  1.57  0.66
rot12 d4= 120.3   0.30  0.14  0.09  0.09  0.12  0.21  0.39  0.57  0.65  0.44  0.36  0.37  0.42  0.56  1.42  0.70
pos13 d4= 121.4   0.29  0.15  0.10  0.09  0.13  0.21  0.40  0.59  0.64  0.43  0.34  0.39  0.40 -1.00  1.40  0.70
rot13 d4= 116.6   0.33  0.14  0.10  0.09  0.12  0.17  0.38  0.57  0.61  0.43  0.38  0.37  0.43  0.51  1.33  1.06
pos14 d4= 117.5   0.29  0.15  0.09  0.09  0.11  0.17  0.36  0.57  0.64  0.43  0.37  0.37  0.41  0.52  1.35  1.07
rot14 d4= 118.7   0.30  0.17  0.11  0.07  0.10  0.17  0.35  0.56  0.62  0.45  0.36  0.37  0.40  0.51  1.06  1.32
pos15 d4= 116.3   0.31  0.15  0.10  0.09  0.12  0.18  0.35  0.54  0.62  0.44  0.35  0.36  0.41  0.48  1.06  1.32
rot15 d4= 116.2   0.31  0.16  0.11  0.08  0.10  0.17  0.36  0.53  0.61  0.43  0.37  0.35  0.39  0.48  1.02  1.46
pos16 d4= 119.3   0.32  0.18  0.10  0.09  0.11  0.16  0.34  0.52  0.62  0.43  0.36  0.36  0.39  0.48  1.01  1.46
rot16 d4= 115.9   0.31  0.17  0.09  0.09  0.11  0.15  0.34  0.52  0.62  0.44  0.37  0.35  0.40  0.48  0.98  1.57
pos17 d4= 115.6   0.30  0.19  0.11  0.11  0.10  0.16  0.34  0.53  0.60  0.44  0.37  0.34  0.41  0.47  0.98  1.58
rot17 d4= 114.5   0.33  0.18  0.09  0.10  0.11  0.15  0.34  0.52  0.61  0.45  0.40  0.36  0.40  0.45  0.94  2.40
pos18 d4= 112.7   0.34  0.19  0.12  0.09  0.10  0.16  0.35  0.52  0.59  0.44  0.38  0.34  0.42  0.46  0.92  2.42
rot18 d4= 111.8   0.34  0.23  0.12  0.10  0.11  0.17  0.34  0.52  0.62  0.45 -1.00  0.35  0.40  0.44  0.74  2.42
pos19 d4= 117.0   0.32  0.20  0.08  0.10  0.10  0.17  0.34  0.50  0.61  0.46  0.37  0.34  0.41  0.44  0.73  2.41
rot19 d4= 110.8   0.35  0.20  0.10  0.09  0.10  0.17  0.33  0.51  0.62  0.46  0.38  0.34  0.39  0.45  0.74  2.39
pos20 d4= 108.9   0.36  0.21  0.11  0.08  0.11  0.15  0.34  0.51  0.62  0.47  0.39  0.33  0.43  0.46  0.72  2.40
rot20 d4= 107.8   0.35  0.23  0.10  0.07  0.11  0.15  0.32  0.52  0.61  0.46  0.39  0.33  0.40  0.42  0.72  2.37
pos21 d4= 113.8   0.36  0.23  0.11  0.08  0.09  0.15  0.33  0.52  0.62  0.46  0.39  0.35  0.40  0.43  0.70  2.39
rot21 d4= 110.9   0.36  0.23  0.10  0.10  0.10  0.15  0.34  0.54  0.62  0.54  0.41  0.35  0.38  0.44  0.71  2.37
pos22 d4= 107.8   0.36  0.22  0.11  0.09  0.11  0.15  0.32  0.52  0.62  0.55  0.38  0.35  0.40  0.43  0.72  2.39
rot22 d4= 107.9   0.37  0.24  0.12  0.09  0.10  0.14  0.32  0.52  0.64  0.58  0.41  0.34  0.39  0.44  0.71  2.39
pos23 d4= 109.9   0.37  0.24  0.09  0.10  0.12  0.13  0.33  0.53  0.62  0.59  0.42  0.35  0.38  0.44  0.70  2.40
rot23 d4= 109.1   0.41  0.25  0.10  0.11  0.10  0.12  0.31  0.54  0.60  0.59  0.40  0.36  0.38  0.43  0.70  2.43
pos24 d4= 109.7   0.40  0.25  0.10  0.10  0.10  0.16  0.34  0.52  0.61  0.59  0.41  0.34  0.40  0.45  0.72  2.44
rot24 d4= 106.1   0.40  0.25  0.11  0.09  0.08  0.13  0.34  0.54  0.62  0.59  0.42  0.35  0.39  0.43  0.70  2.46
pos25 d4= 108.0  -1.00  0.22  0.10  0.09  0.10  0.14  0.32  0.52  0.62  0.58  0.41  0.36  0.38  0.41  0.71  2.48
rot25 d4= 109.2   0.42  0.25  0.10  0.07  0.11  0.14  0.31  0.54  0.64  0.60  0.44  0.36  0.39  0.42  0.69  2.45
pos26 d4= 105.6   0.42  0.24  0.09  0.09  0.09  0.15  0.30  0.54  0.63  0.59  0.41  0.36  0.38  0.44  0.71  2.43
rot26 d4= 109.1   0.42  0.27  0.11  0.10  0.11  0.13  0.31  0.54  0.61  0.61  0.40  0.34  0.41  0.43  0.70  2.43
pos27 d4= 105.5   0.43  0.27  0.11  0.09  0.11  0.14  0.31  0.56  0.63  0.60  0.42  0.34  0.38  0.42  0.72  2.46
rot27 d4= 102.5   0.45  0.26  0.11  0.10  0.10  0.14  0.30  0.55  0.62  0.59  0.43  0.34  0.39  0.42  0.70  2.44
pos28 d4= 105.0   0.44  0.25  0.10  0.09  0.09  0.13  0.31  0.54  0.63  0.62  0.43  0.35  0.40  0.41  0.70  2.45
rot28 d4= 107.4   0.46  0.26  0.13  0.12  0.09  0.12  0.29  0.55  0.62  0.59  0.43  0.36  0.38  0.42  0.69  2.45
pos29 d4= 101.5   0.44  0.25  0.11  0.09  0.10  0.13  0.30  0.54  0.63  0.60  0.44  0.35  0.39  0.44  0.71  2.46
rot29 d4=  99.6   0.65  0.26  0.12  0.10  0.09  0.13  0.29  0.54  0.63  0.59  0.44  0.34  0.39  0.41  0.69  2.48
pos30 d4= 101.8   0.63  0.27  0.13  0.11  0.10  0.12  0.29  0.55  0.62  0.61  0.43  0.34  0.39  0.41  0.70  2.47
rot30 d4= 104.3   0.67  0.26  0.12 -1.00  0.08  0.10  0.29  0.56  0.62  0.60  0.44  0.37  0.38  0.42  0.68  2.47
pos31 d4= 105.8   0.66  0.28  0.12  0.09  0.10  0.14  0.32  0.58  0.62  0.61  0.43  0.37  0.36  0.42  0.68  2.50
rot31 d4= 101.7   0.65  0.28  0.14  0.11  0.09  0.14  0.30  0.56  0.62  0.61  0.45  0.34  0.40  0.43  0.55  2.46
pos32 d4= 102.6   0.66  0.29  0.14  0.08  0.10  0.13  0.28  0.57  0.63  0.61  0.45  0.35  0.37  0.42  0.56  2.48
rot32 d4=  99.0   0.66  0.28  0.15  0.09  0.10  0.12  0.28  0.56  0.61  0.62  0.44  0.36  0.38  0.42  0.55  1.61
pos33 d4= 103.2   0.64  0.28  0.13  0.07  0.10  0.14  0.28  0.55  0.60  0.61  0.45  0.33  0.39  0.41  0.55  1.60
rot33 d4=  99.8   0.66  0.28  0.13  0.09  0.09  0.10  0.25  0.56  0.62  0.65  0.44  0.37  0.38  0.42  0.55  1.59
pos34 d4= 100.0   0.67  0.28  0.14  0.09  0.09  0.13  0.26  0.57  0.59  0.65  0.45  0.37  0.37  0.41  0.56  1.60
rot34 d4=  96.8   0.68  0.28  0.15  0.09  0.09  0.12  0.24  0.56  0.58  0.66  0.43  0.37  0.36  0.42  0.54  1.58
pos35 d4=  99.2   0.68  0.28  0.13  0.10  0.10  0.12  0.23  0.58  0.60  0.65  0.42  0.36  0.38  0.42  0.54  1.57
rot35 d4=  99.3   0.71  0.30  0.13  0.09  0.09  0.12  0.21  0.56  0.58  0.63  0.43  0.35  0.37  0.42  0.55  1.41
pos36 d4= 101.1   0.70  0.32  0.14  0.09  0.10  0.13  0.20  0.56  0.59  0.64  0.43  0.33  0.37  0.42  0.55  1.41
rot36 d4=  97.8   1.01  0.30  0.14  0.09  0.11  0.12  0.19  0.39  0.57  0.65  0.44  0.37  0.38  0.41  0.55  1.40
pos37 d4=  99.0   1.02  0.30  0.15  0.10  0.09  0.11  0.19  0.37  0.56  0.64  0.45  0.38  0.36  0.41  0.52  1.36
rot37 d4=  93.9   1.03  0.29  0.15  0.11  0.09  0.13  0.18  0.38  0.57  0.62  0.44  0.37  0.36  0.42  0.52  1.36
pos38 d4=  99.7   1.04  0.28  0.15  0.08  0.09  0.12  0.18  0.37  0.56  0.61  0.43  0.35  0.37  0.40  0.51  1.34
rot38 d4=  98.7   1.06  0.30  0.15  0.08  0.10  0.13  0.18  0.38  0.57  0.61  0.45  0.37  0.35  0.42  0.53  1.36
pos39 d4=  96.8   1.07  0.30  0.14  0.11  0.07  0.12  0.19  0.37  0.57  0.64  0.45  0.37  0.36  0.43  0.51  1.34
rot39 d4=  98.4   1.28  0.31  0.14  0.10  0.09  0.12  0.20  0.36  0.56  0.62  0.46  0.36  0.35  0.43  0.52  1.30
pos40 d4=  96.6   1.28  0.30  0.14  0.10  0.09  0.11  0.17  0.38  0.53  0.63  0.43  0.36  0.36  0.41  0.52  1.31
drive40 d4=  96.9   1.28  0.31  0.13  0.11  0.08  0.13  0.16  0.36  0.56  0.64  0.45  0.36  0.37  0.42  0.50  1.32
DONE tries=40
