heading-bin: mean d11 (n)
    0: 0.530 (n=8)
   10: 0.548 (n=12)
   20: 0.570 (n=9)
   30: 0.577 (n=11)
   40: 0.569 (n=13)
   50: 0.571 (n=9)
   60: 0.566 (n=11)
   70: 0.563 (n=11)
   80: 0.553 (n=12)
   90: 0.566 (n=9)
  100: 0.557 (n=10)
  110: 0.552 (n=11)
  120: 0.563 (n=12)
  130: 0.497 (n=21)
  140: 0.466 (n=9)
  150: 0.472 (n=11)
  160: 0.485 (n=12)
  170: 0.528 (n=10)
  180: 0.534 (n=11)
  190: 0.545 (n=10)
  200: 0.548 (n=10)
  210: 0.545 (n=11)
  220: 0.549 (n=12)
  230: 0.546 (n=11)
  240: 0.549 (n=10)
  250: 0.547 (n=11)
  260: 0.543 (n=12)
  270: 0.547 (n=9)
  280: 0.547 (n=11)
  290: 0.540 (n=11)
  300: 0.549 (n=10)
  310: 0.565 (n=11)
  320: 0.556 (n=11)
  330: 0.561 (n=12)
  340: 0.548 (n=10)
  350: 0.537 (n=9)
    0: 0.541 (n=3)
DONE
