start    d4= 123.6 d11=0.438 eL=  1079 eR=  6354 d0=0  0.4  0.3  0.3  0.3  0.4  0.4  1.4  1.1  0.4  0.2  0.2  0.2  0.3  0.5  1.4  1.2
probe1   d4= 123.3 d11=0.445 eL=  1080 eR=  6354 d0=0  0.4  0.3  0.3  0.2  0.3  0.4  1.4  1.1  0.4  0.2  0.2  0.2  0.3  0.5  1.4  1.2
tryCCW   d4= 114.9 d11=0.438 eL=  1049 eR=  6390 d0=0  0.5  0.3  0.3  0.2  0.3  0.4  0.7  1.7  0.4  0.3  0.2  0.2  0.3  0.4  0.5  1.3
tryCW    d4= 124.1 d11=0.445 eL=  1081 eR=  6353 d0=0  0.4  0.3  0.3  0.3  0.4  0.4  1.4  1.1  0.4  0.2  0.2  0.2  0.3  0.5  1.4  1.0
blocked1 d4= 122.6 d11=0.445 eL=  1079 eR=  6355 d0=0  0.3  0.3  0.3  0.3  0.4  0.4  1.4  1.1  0.4  0.3  0.2  0.2  0.3  0.5  1.4  1.0
probe2   d4= 124.3 d11=0.443 eL=  1079 eR=  6355 d0=0  0.4  0.3  0.2  0.3  0.4  0.4  1.4  1.1  0.4  0.2  0.2  0.2  0.3  0.5  1.4  1.0
tryCCW   d4= 112.9 d11=0.443 eL=  1047 eR=  6389 d0=0  0.5  0.3  0.3  0.2  0.3  0.4  0.7  1.7  0.4  0.3  0.2  0.2  0.3  0.3  0.6  1.3
tryCW    d4= 124.4 d11=0.435 eL=  1079 eR=  6355 d0=0  0.4  0.3  0.3  0.3  0.4  0.4  1.4  1.1  0.4  0.2  0.2  0.2  0.3  0.5  1.4  1.0
drive2   d4= 121.1 d11=0.422 eL=  1202 eR=  6486 d0=0  0.3  0.2  0.2  0.2  0.3  0.4  1.0  1.4  0.5  0.3  0.2  0.3  0.3  0.5  1.3  0.9
probe3   d4= 124.5 d11=0.420 eL=  1202 eR=  6485 d0=0  0.3  0.3  0.3  0.2  0.3  0.4  1.1  1.4  0.5  0.3  0.3  0.3  0.3  0.5  1.3  0.9
tryCCW   d4= 107.8 d11=0.429 eL=  1172 eR=  6521 d0=0  0.4  0.3  0.2  0.2  0.2  0.4  0.5  1.7  0.7  0.4  0.3  0.3  0.3  0.4  0.7  1.3
probe4   d4= 112.5 d11=0.425 eL=  1171 eR=  6520 d0=0  0.5  0.3  0.3  0.2  0.2  0.4  0.5  1.7  0.7  0.4  0.2  0.3  0.3  0.4  0.8  1.2
tryCCW   d4=  98.5 d11=0.437 eL=  1139 eR=  6555 d0=0  1.2  0.3  0.3  0.2  0.2  0.3  0.4  1.0  1.4  0.5  0.3  0.2  0.3  0.3  0.5  1.3
probe5   d4=  99.1 d11=0.439 eL=  1139 eR=  6553 d0=0  1.2  0.3  0.3  0.3  0.2  0.3  0.4  1.0  1.5  0.5  0.3  0.2  0.3  0.3  0.5  1.4
tryCCW   d4=  84.0 d11=0.447 eL=  1108 eR=  6588 d0=0  1.2  0.5  0.3  0.3  0.2  0.2  0.3  0.4  1.7  0.7  0.4  0.3  0.3  0.3  0.4  0.7
probe6   d4=  84.9 d11=0.447 eL=  1107 eR=  6589 d0=0  1.2  0.5  0.3  0.3  0.2  0.2  0.3  0.4  1.7  0.7  0.4  0.3  0.3  0.3  0.3  0.7
tryCCW   d4=  72.5 d11=0.455 eL=  1074 eR=  6621 d0=0  1.3  1.3  0.4  0.3  0.3  0.2  0.2  0.4  1.0  1.7  0.5  0.3  0.2  0.3  0.3  0.5
probe7   d4=  72.5 d11=0.453 eL=  1076 eR=  6623 d0=0  1.4  1.3  0.3  0.3  0.3  0.2  0.3  0.4  1.0  1.7  0.5  0.3  0.3  0.3  0.3  0.5
tryCCW   d4=  64.8 d11=0.455 eL=  1044 eR=  6657 d0=0  0.6  1.3  0.5  0.3  0.3  0.2  0.2  0.3  0.4  1.7  0.8  0.4  0.3  0.3  0.3  0.3
probe8   d4=  66.6 d11=0.464 eL=  1043 eR=  6656 d0=0  0.5  1.3  0.5  0.3  0.3  0.2  0.2  0.3  0.4 -1.0  0.8  0.4  0.3  0.3  0.3  0.4
tryCCW   d4=  49.9 d11=0.481 eL=  1009 eR=  6691 d0=0  0.5  1.3  1.3  0.4  0.3  0.3  0.2  0.2  0.4  0.8  1.7  0.5  0.3  0.2  0.3  0.3
tryCW    d4=  62.4 d11=0.465 eL=  1043 eR=  6656 d0=0  0.6  1.3  0.5  0.3  0.3  0.2  0.2  0.3  0.4  1.7  0.7  0.4  0.3  0.3  0.3  0.3
