start      d4=  72.8 eL=   894 eR=  2480 d11=0.91 d0=0   1.2  1.2  0.3  0.2  0.1  0.1  0.1  0.2  0.5  0.7  0.7  0.5  0.3  0.4  0.4  0.5
creep      d4=  72.7 eL=   895 eR=  2481 d11=0.90 d0=0   1.2  1.2  0.3  0.2  0.2  0.1  0.1  0.2  0.4  0.7  0.7  0.5  0.3  0.4  0.4  0.4
creep      d4=  71.3 eL=   895 eR=  2480 d11=0.89 d0=0   1.2  1.3  0.3  0.2  0.2  0.1  0.1  0.2  0.4  0.7  0.7  0.5  0.4  0.4  0.4  0.5
creep      d4=  70.4 eL=   895 eR=  2479 d11=0.90 d0=0   1.2  1.3  0.3  0.2  0.2  0.1  0.1  0.2  0.5  0.7  0.7  0.5  0.3  0.4  0.3  0.5
creep      d4=  74.8 eL=   895 eR=  2479 d11=0.90 d0=0   1.2  1.3  0.3  0.2  0.2  0.1  0.1  0.2  0.5  0.7  0.7  0.5  0.3  0.3  0.4  0.5
creep      d4=  72.2 eL=   896 eR=  2480 d11=0.91 d0=0   1.2  1.3  0.3  0.2  0.2  0.1  0.1  0.2  0.5  0.7  0.7  0.5  0.3  0.3  0.3  0.5
creep      d4=  73.9 eL=   895 eR=  2480 d11=0.91 d0=0   1.2  1.3  0.3  0.2  0.2  0.1  0.1  0.2  0.4  0.7  0.7  0.5  0.3  0.4  0.3  0.5
cruise     d4=  75.1 eL=   895 eR=  2480 d11=0.91 d0=0   1.2  1.2  0.3  0.2  0.2  0.1  0.1  0.2  0.4  0.7  0.7  0.5  0.3  0.4  0.4  0.5
creep      d4=  67.8 eL=   896 eR=  2499 d11=0.92 d0=0   0.9  2.3  0.3  0.2  0.2  0.1  0.1  0.2  0.4  0.6  0.7  0.5  0.3  0.3  0.4  0.4
creep      d4=  71.4 eL=   895 eR=  2498 d11=0.91 d0=0   0.9  2.3  0.4  0.2  0.2  0.1  0.1  0.2  0.4  0.6  0.7  0.5  0.4  0.3  0.4  0.4
creep      d4=  70.1 eL=   896 eR=  2498 d11=0.92 d0=0   0.9  2.3  0.3  0.2  0.2  0.1  0.1  0.2  0.4  0.6  0.7  0.5  0.3  0.4  0.4  0.4
creep      d4=  68.8 eL=   896 eR=  2499 d11=0.91 d0=0   0.9  2.3  0.3  0.2  0.2  0.1  0.1  0.2  0.4  0.6  0.7  0.5  0.3  0.3  0.4  0.4
creep      d4=  70.9 eL=   896 eR=  2499 d11=0.91 d0=0   0.9  2.3  0.3  0.2  0.2  0.1  0.1  0.2  0.4  0.6  0.7  0.5  0.4  0.4  0.4  0.4
creep      d4=  71.3 eL=   895 eR=  2499 d11=0.91 d0=0   0.9  2.3  0.3  0.2  0.2  0.1  0.1  0.2  0.4  0.6  0.7  0.5  0.3  0.3  0.4  0.4
creep      d4=  70.6 eL=   895 eR=  2498 d11=0.92 d0=0   0.9  2.3  0.3  0.2  0.2  0.1  0.1  0.2  0.5  0.6  0.7  0.5  0.4  0.3  0.3  0.4
creep      d4=  71.3 eL=   896 eR=  2498 d11=0.91 d0=0   0.9  2.3  0.3  0.2  0.2  0.1  0.1  0.2  0.4  0.6  0.7  0.5  0.3  0.4  0.4  0.4
creep      d4=  68.4 eL=   896 eR=  2499 d11=0.93 d0=0   0.9  2.3  0.4  0.2  0.2  0.1  0.1  0.2  0.4  0.6  0.7  0.5  0.3  0.4  0.4  0.4
creep      d4=  68.7 eL=   895 eR=  2498 d11=0.90 d0=0   0.9  2.3  0.4  0.2  0.2  0.1  0.1  0.2  0.4  0.6  0.7  0.5  0.3  0.3  0.3  0.5
creep      d4=  69.6 eL=   894 eR=  2498 d11=0.92 d0=0   0.9  2.3  0.3  0.2  0.2  0.1  0.1  0.2  0.4  0.6  0.7  0.5  0.4  0.3  0.3  0.5
creep      d4=  71.1 eL=   894 eR=  2500 d11=0.91 d0=0   0.9  2.3  0.4  0.2  0.2  0.1  0.1  0.2  0.4  0.6  0.7  0.5  0.3  0.3  0.4  0.4
creep      d4=  69.6 eL=   896 eR=  2499 d11=0.92 d0=0   0.9  2.3  0.3  0.2  0.2  0.2  0.1  0.2  0.4  0.7  0.7  0.5  0.3  0.3  0.3  0.4
creep      d4=  72.5 eL=   896 eR=  2498 d11=0.89 d0=0   0.9  2.3  0.4  0.2  0.2  0.1  0.1  0.2  0.4  0.6  0.7  0.5  0.3  0.3  0.4  0.5
creep      d4=  69.0 eL=   895 eR=  2498 d11=0.91 d0=0   0.9  2.3  0.3  0.2  0.2  0.1  0.1  0.2  0.4  0.6  0.7  0.5  0.4  0.4  0.3  0.5
creep      d4=  72.9 eL=   894 eR=  2500 d11=0.91 d0=0   0.9  2.3  0.4  0.2  0.2  0.1  0.1  0.2  0.4  0.6  0.7  0.5  0.4  0.4  0.3  0.5
creep      d4=  66.4 eL=   895 eR=  2500 d11=0.90 d0=0   0.9  2.3  0.3  0.2  0.2  0.1  0.2  0.2  0.4  0.6  0.7  0.5  0.3  0.3  0.3  0.4
creep      d4=  71.8 eL=   895 eR=  2500 d11=0.91 d0=0   0.9  2.3  0.4  0.2  0.2  0.1  0.1  0.2  0.4  0.6  0.7  0.5  0.3  0.3  0.4  0.5
creep      d4=  65.7 eL=   894 eR=  2499 d11=0.91 d0=0   0.9  2.3  0.4  0.2  0.2  0.1  0.1  0.2  0.4  0.6  0.7  0.5  0.4  0.3  0.4  0.4
creep      d4=  72.5 eL=   894 eR=  2500 d11=0.90 d0=0   0.9  2.3  0.3  0.2  0.2  0.1  0.1  0.2  0.4  0.6  0.7  0.5  0.3  0.4  0.3  0.4
creep      d4=  72.7 eL=   896 eR=  2498 d11=0.91 d0=0   0.9  2.3  0.3  0.2  0.2  0.1  0.1  0.2  0.4  0.6  0.7  0.5  0.3  0.4  0.3  0.4
creep      d4=  68.7 eL=   894 eR=  2498 d11=0.91 d0=0   0.9  2.3  0.3  0.2  0.2  0.1 -1.0  0.2  0.4  0.6  0.7  0.5  0.4  0.4  0.3  0.4
creep      d4=  69.9 eL=   895 eR=  2499 d11=0.92 d0=0   0.9  2.3  0.4  0.2  0.2  0.1  0.1  0.2  0.4  0.6  0.7  0.5  0.3  0.4  0.4  0.4
creep      d4=  70.1 eL=   894 eR=  2498 d11=0.91 d0=0   0.9  2.3  0.3  0.2  0.2  0.1  0.1  0.2  0.4  0.6  0.7  0.5  0.4  0.4  0.3  0.4
creep      d4=  69.9 eL=   894 eR=  2498 d11=0.90 d0=0   0.9  2.3  0.3  0.2  0.2  0.1  0.1  0.2  0.4  0.6  0.7  0.5  0.3  0.4  0.4  0.4
creep      d4=  68.4 eL=   894 eR=  2500 d11=0.90 d0=0   0.9  2.3  0.3  0.2  0.2  0.1  0.1  0.2  0.4  0.6  0.7  0.5  0.4  0.3  0.4  0.4
creep      d4=  71.2 eL=   896 eR=  2499 d11=0.91 d0=0   0.9  2.3  0.4  0.3  0.2  0.1  0.1  0.2  0.4  0.6  0.7  0.5  0.4  0.4  0.3  0.5
creep      d4=  66.5 eL=   894 eR=  2499 d11=0.90 d0=0   0.9  2.3  0.3  0.2  0.2  0.1  0.1  0.2  0.4  0.6  0.7  0.5  0.3  0.4  0.3  0.4
