t=    4 v 0.289->0.310 pos=(-2.42,3.26) hd=83 st={'tick': 210439, 'goal': 0, 'here': 0}
t=    8 v 0.310->0.343 pos=(-2.45,3.55) hd=79 st={'tick': 210764, 'goal': 0, 'here': 0}
t=   11 v 0.343->0.386 pos=(-2.47,3.82) hd=98 st={'tick': 211125, 'goal': 0, 'here': 0}
t=   13 v 0.386->0.428 pos=(-2.49,4.07) hd=96 st={'tick': 211378, 'goal': 0, 'here': 0}
t=   15 v 0.428->0.475 pos=(-2.50,4.33) hd=95 st={'tick': 211616, 'goal': 0, 'here': 0}
t=   18 v 0.475->0.531 pos=(-2.51,4.58) hd=94 st={'tick': 211858, 'goal': 0, 'here': 0}
t=   20 v 0.531->0.588 pos=(-2.51,4.84) hd=93 st={'tick': 212098, 'goal': 0, 'here': 0}
t=   23 v 0.588->0.653 pos=(-2.49,5.10) hd=91 st={'tick': 212337, 'goal': 0, 'here': 0}
t=   25 v 0.653->0.721 pos=(-2.48,5.35) hd=88 st={'tick': 212579, 'goal': 0, 'here': 0}
rx botA PING x=-3.131 y=4.141 d11=0.649 here=1 seq=176
t=   27 v 0.721->0.796 pos=(-2.46,5.60) hd=88 st={'tick': 212818, 'goal': 0, 'here': 0}
rx botA PING x=-3.131 y=4.141 d11=0.776 here=1 seq=177
t=   30 v 0.796->0.851 pos=(-2.44,5.83) hd=88 st={'tick': 213058, 'goal': 0, 'here': 0}
t=   33 v 0.851->0.879 pos=(-2.34,5.94) hd=87 st={'tick': 213289, 'goal': 0, 'here': 0}
rx botA PING x=-3.131 y=4.141 d11=0.863 here=1 seq=178
t=   36 v 0.879->0.881 pos=(-2.33,5.95) hd=42 st={'tick': 213648, 'goal': 0, 'here': 0}
rx botA PING x=-3.131 y=4.141 d11=0.884 here=1 seq=179
t=   37 v 0.881->0.877 pos=(-2.33,5.95) hd=42 st={'tick': 213899, 'goal': 0, 'here': 0}
t=   38 v 0.877->0.880 pos=(-2.33,5.95) hd=42 st={'tick': 214021, 'goal': 0, 'here': 0}
t=   39 v 0.880->0.880 pos=(-2.33,5.95) hd=42 st={'tick': 214139, 'goal': 0, 'here': 0}
rx botA PING x=-3.131 y=4.141 d11=0.886 here=1 seq=180
t=   41 v 0.880->0.878 pos=(-2.33,5.95) hd=42 st={'tick': 214260, 'goal': 0, 'here': 0}
t=   42 v 0.878->0.879 pos=(-2.33,5.95) hd=42 st={'tick': 214381, 'goal': 0, 'here': 0}
t=   43 v 0.879->0.878 pos=(-2.33,5.95) hd=42 st={'tick': 214500, 'goal': 0, 'here': 0}
rx botA PING x=-3.131 y=4.141 d11=0.879 here=1 seq=181
t=   44 v 0.878->0.879 pos=(-2.33,5.95) hd=42 st={'tick': 214620, 'goal': 0, 'here': 0}
t=   45 v 0.879->0.876 pos=(-2.33,5.95) hd=42 st={'tick': 214740, 'goal': 0, 'here': 0}
t=   47 v 0.876->0.878 pos=(-2.33,5.95) hd=42 st={'tick': 214859, 'goal': 0, 'here': 0}
t=   48 v 0.878->0.877 pos=(-2.33,5.95) hd=42 st={'tick': 214982, 'goal': 0, 'here': 0}
rx botA PING x=-3.131 y=4.141 d11=0.872 here=1 seq=182
t=   49 v 0.877->0.880 pos=(-2.33,5.95) hd=42 st={'tick': 215099, 'goal': 0, 'here': 0}
t=   50 v 0.880->0.877 pos=(-2.33,5.95) hd=42 st={'tick': 215221, 'goal': 0, 'here': 0}
t=   51 v 0.877->0.880 pos=(-2.33,5.95) hd=42 st={'tick': 215340, 'goal': 0, 'here': 0}
rx botA PING x=-3.131 y=4.141 d11=0.875 here=1 seq=183
t=   53 v 0.880->0.876 pos=(-2.33,5.95) hd=42 st={'tick': 215460, 'goal': 0, 'here': 0}
t=   54 v 0.876->0.875 pos=(-2.33,5.95) hd=42 st={'tick': 215581, 'goal': 0, 'here': 0}
t=   55 v 0.875->0.877 pos=(-2.33,5.95) hd=42 st={'tick': 215701, 'goal': 0, 'here': 0}
rx botA PING x=-3.131 y=4.141 d11=0.876 here=1 seq=184
t=   56 v 0.877->0.878 pos=(-2.33,5.95) hd=42 st={'tick': 215820, 'goal': 0, 'here': 0}
t=   57 v 0.878->0.879 pos=(-2.33,5.95) hd=42 st={'tick': 215940, 'goal': 0, 'here': 0}
t=   59 v 0.879->0.878 pos=(-2.33,5.95) hd=42 st={'tick': 216059, 'goal': 0, 'here': 0}
t=   60 v 0.878->0.876 pos=(-2.32,5.95) hd=42 st={'tick': 216179, 'goal': 0, 'here': 0}
rx botA PING x=-3.131 y=4.141 d11=0.885 here=1 seq=185
t=   61 v 0.876->0.877 pos=(-2.32,5.95) hd=42 st={'tick': 216301, 'goal': 0, 'here': 0}
t=   62 v 0.877->0.878 pos=(-2.33,5.95) hd=42 st={'tick': 216419, 'goal': 0, 'here': 0}
t=   63 v 0.878->0.875 pos=(-2.33,5.95) hd=42 st={'tick': 216541, 'goal': 0, 'here': 0}
rx botA PING x=-3.131 y=4.141 d11=0.883 here=1 seq=186
t=   65 v 0.875->0.879 pos=(-2.33,5.95) hd=42 st={'tick': 216659, 'goal': 0, 'here': 0}
t=   66 v 0.879->0.880 pos=(-2.33,5.95) hd=42 st={'tick': 216781, 'goal': 0, 'here': 0}
t=   67 v 0.880->0.879 pos=(-2.32,5.95) hd=42 st={'tick': 216901, 'goal': 0, 'here': 0}
rx botA PING x=-3.131 y=4.141 d11=0.891 here=1 seq=187
t=   68 v 0.879->0.880 pos=(-2.30,5.96) hd=42 st={'tick': 217032, 'goal': 0, 'here': 0}
t=   70 v 0.880->0.880 pos=(-2.30,5.96) hd=42 st={'tick': 217152, 'goal': 0, 'here': 0}
t=   71 v 0.880->0.879 pos=(-2.30,5.96) hd=42 st={'tick': 217273, 'goal': 0, 'here': 0}
rx botA PING x=-3.131 y=4.141 d11=0.875 here=1 seq=188
t=   72 v 0.879->0.880 pos=(-2.30,5.96) hd=42 st={'tick': 217393, 'goal': 0, 'here': 0}
t=    2 v 0.880->0.879 pos=(-2.30,5.96) hd=21 st={'tick': 217774, 'goal': 0, 'here': 0}
rx botA PING x=-3.131 y=4.141 d11=0.878 here=1 seq=189
t=    4 v 0.879->0.877 pos=(-2.30,5.96) hd=21 st={'tick': 217895, 'goal': 0, 'here': 0}
t=    5 v 0.877->0.880 pos=(-2.30,5.96) hd=21 st={'tick': 218013, 'goal': 0, 'here': 0}
t=    6 v 0.880->0.880 pos=(-2.30,5.96) hd=21 st={'tick': 218135, 'goal': 0, 'here': 0}
rx botA PING x=-3.131 y=4.141 d11=0.876 here=1 seq=190
t=    7 v 0.880->0.881 pos=(-2.30,5.96) hd=21 st={'tick': 218255, 'goal': 0, 'here': 0}
t=    8 v 0.881->0.881 pos=(-2.30,5.96) hd=21 st={'tick': 218374, 'goal': 0, 'here': 0}
t=   10 v 0.881->0.881 pos=(-2.30,5.96) hd=21 st={'tick': 218495, 'goal': 0, 'here': 0}
rx botA PING x=-3.131 y=4.141 d11=0.874 here=1 seq=191
unstick
t=   16 v 0.881->0.770 pos=(-2.58,5.57) hd=279 st={'tick': 218615, 'goal': 0, 'here': 0}
rx botA PING x=-3.131 y=4.141 d11=0.837 here=1 seq=192
t=   23 v 0.770->0.847 pos=(-2.59,5.81) hd=85 st={'tick': 219273, 'goal': 0, 'here': 0}
rx botA PING x=-3.131 y=4.141 d11=0.793 here=1 seq=194
t=   26 v 0.847->0.876 pos=(-2.49,5.93) hd=92 st={'tick': 219933, 'goal': 0, 'here': 0}
rx botA PING x=-3.131 y=4.141 d11=0.860 here=1 seq=195
t=   29 v 0.876->0.891 pos=(-2.37,5.98) hd=45 st={'tick': 220270, 'goal': 0, 'here': 0}
t=   30 v 0.891->0.889 pos=(-2.36,5.99) hd=22 st={'tick': 220571, 'goal': 0, 'here': 0}
rx botA PING x=-3.131 y=4.141 d11=0.887 here=1 seq=196
t=   32 v 0.889->0.887 pos=(-2.36,5.99) hd=22 st={'tick': 220692, 'goal': 0, 'here': 0}
t=   33 v 0.887->0.887 pos=(-2.36,5.99) hd=22 st={'tick': 220811, 'goal': 0, 'here': 0}
t=   34 v 0.887->0.887 pos=(-2.36,5.99) hd=22 st={'tick': 220931, 'goal': 0, 'here': 0}
rx botA PING x=-3.131 y=4.141 d11=0.896 here=1 seq=197
t=   35 v 0.887->0.887 pos=(-2.36,5.99) hd=22 st={'tick': 221051, 'goal': 0, 'here': 0}
t=   36 v 0.887->0.889 pos=(-2.36,5.99) hd=22 st={'tick': 221173, 'goal': 0, 'here': 0}
t=   38 v 0.889->0.889 pos=(-2.36,5.99) hd=22 st={'tick': 221290, 'goal': 0, 'here': 0}
rx botA PING x=-3.131 y=4.141 d11=0.879 here=1 seq=198
unstick
t=   44 v 0.889->0.776 pos=(-2.64,5.60) hd=246 st={'tick': 221411, 'goal': 0, 'here': 0}
rx botA PING x=-3.131 y=4.141 d11=0.844 here=1 seq=199
t=   51 v 0.776->0.854 pos=(-2.65,5.85) hd=93 st={'tick': 222070, 'goal': 0, 'here': 0}
rx botA PING x=-3.131 y=4.141 d11=0.824 here=1 seq=201
t=   53 v 0.854->0.854 pos=(-2.65,5.87) hd=91 st={'tick': 222732, 'goal': 0, 'here': 0}
t=   54 v 0.854->0.852 pos=(-2.65,5.87) hd=91 st={'tick': 222984, 'goal': 0, 'here': 0}
rx botA PING x=-3.131 y=4.141 d11=0.857 here=1 seq=202
t=   56 v 0.852->0.854 pos=(-2.65,5.87) hd=91 st={'tick': 223104, 'goal': 0, 'here': 0}
t=   60 v 0.854->0.867 pos=(-2.38,5.90) hd=91 st={'tick': 223224, 'goal': 0, 'here': 0}
rx botA PING x=-3.131 y=4.141 d11=0.846 here=1 seq=203
t=   62 v 0.867->0.861 pos=(-2.13,5.91) hd=6 st={'tick': 223643, 'goal': 0, 'here': 0}
rx botA PING x=-3.131 y=4.141 d11=0.849 here=1 seq=204
t=   64 v 0.861->0.844 pos=(-1.93,5.93) hd=6 st={'tick': 223884, 'goal': 0, 'here': 0}
t=   70 v 0.844->0.885 pos=(-2.16,6.01) hd=104 st={'tick': 224100, 'goal': 0, 'here': 0}
rx botA PING x=-3.131 y=4.141 d11=0.877 here=1 seq=206
t=   72 v 0.885->0.889 pos=(-2.18,6.02) hd=162 st={'tick': 224700, 'goal': 0, 'here': 0}
t=   73 v 0.889->0.890 pos=(-2.18,6.02) hd=162 st={'tick': 224822, 'goal': 0, 'here': 0}
t=   74 v 0.890->0.886 pos=(-2.18,6.02) hd=162 st={'tick': 224942, 'goal': 0, 'here': 0}
rx botA PING x=-3.131 y=4.141 d11=0.893 here=1 seq=207
t=   75 v 0.886->0.889 pos=(-2.18,6.02) hd=162 st={'tick': 225060, 'goal': 0, 'here': 0}
t=   76 v 0.889->0.889 pos=(-2.18,6.02) hd=162 st={'tick': 225180, 'goal': 0, 'here': 0}
t=   78 v 0.889->0.888 pos=(-2.18,6.02) hd=162 st={'tick': 225302, 'goal': 0, 'here': 0}
rx botA PING x=-3.131 y=4.141 d11=0.880 here=1 seq=208
t=   79 v 0.888->0.890 pos=(-2.18,6.02) hd=162 st={'tick': 225420, 'goal': 0, 'here': 0}
unstick
t=   85 v 0.890->0.817 pos=(-1.84,5.87) hd=34 st={'tick': 225543, 'goal': 0, 'here': 0}
t=   91 v 0.817->0.866 pos=(-2.09,5.94) hd=130 st={'tick': 226141, 'goal': 0, 'here': 0}
rx botA PING x=-3.131 y=4.141 d11=0.853 here=1 seq=211
t=   93 v 0.866->0.885 pos=(-2.21,5.98) hd=163 st={'tick': 226728, 'goal': 0, 'here': 0}
t=   94 v 0.885->0.880 pos=(-2.23,5.98) hd=161 st={'tick': 226909, 'goal': 0, 'here': 0}
rx botA PING x=-3.131 y=4.141 d11=0.877 here=1 seq=212
t=   95 v 0.880->0.884 pos=(-2.23,5.98) hd=161 st={'tick': 227029, 'goal': 0, 'here': 0}
t=   96 v 0.884->0.881 pos=(-2.23,5.98) hd=161 st={'tick': 227148, 'goal': 0, 'here': 0}
t=   97 v 0.881->0.883 pos=(-2.23,5.98) hd=161 st={'tick': 227270, 'goal': 0, 'here': 0}
rx botA PING x=-3.131 y=4.141 d11=0.873 here=1 seq=213
t=   99 v 0.883->0.883 pos=(-2.23,5.98) hd=161 st={'tick': 227390, 'goal': 0, 'here': 0}
t=  100 v 0.883->0.884 pos=(-2.23,5.98) hd=161 st={'tick': 227508, 'goal': 0, 'here': 0}
t=  101 v 0.884->0.881 pos=(-2.23,5.98) hd=161 st={'tick': 227631, 'goal': 0, 'here': 0}
unstick
t=  108 v 0.881->0.761 pos=(-1.79,5.67) hd=17 st={'tick': 227749, 'goal': 0, 'here': 0}
rx botA PING x=-3.131 y=4.141 d11=0.837 here=1 seq=215
t=    4 v 0.211->0.226 pos=(-2.18,3.23) hd=148 st={'tick': 355810, 'goal': 0, 'here': 0}
t=    6 v 0.226->0.276 pos=(-2.38,3.37) hd=148 st={'tick': 356062, 'goal': 0, 'here': 0}
t=    7 v 0.276->0.290 pos=(-2.39,3.38) hd=147 st={'tick': 356303, 'goal': 0, 'here': 0}
t=    9 v 0.290->0.303 pos=(-2.39,3.38) hd=144 st={'tick': 356421, 'goal': 0, 'here': 0}
t=   10 v 0.303->0.302 pos=(-2.39,3.38) hd=145 st={'tick': 356544, 'goal': 0, 'here': 0}
t=   11 v 0.302->0.300 pos=(-2.39,3.38) hd=145 st={'tick': 356663, 'goal': 0, 'here': 0}
t=   12 v 0.300->0.298 pos=(-2.39,3.38) hd=145 st={'tick': 356783, 'goal': 0, 'here': 0}
t=   13 v 0.298->0.300 pos=(-2.39,3.38) hd=145 st={'tick': 356903, 'goal': 0, 'here': 0}
t=   15 v 0.300->0.298 pos=(-2.39,3.38) hd=145 st={'tick': 357024, 'goal': 0, 'here': 0}
unstick
t=   21 v 0.298->0.234 pos=(-2.04,3.18) hd=313 st={'tick': 357143, 'goal': 0, 'here': 0}
t=   28 v 0.234->0.224 pos=(-2.29,3.19) hd=179 st={'tick': 357839, 'goal': 0, 'here': 0}
t=   29 v 0.224->0.235 pos=(-2.42,3.21) hd=179 st={'tick': 358453, 'goal': 0, 'here': 0}
t=   31 v 0.235->0.230 pos=(-2.44,3.21) hd=175 st={'tick': 358631, 'goal': 0, 'here': 0}
t=   32 v 0.230->0.240 pos=(-2.44,3.21) hd=175 st={'tick': 358751, 'goal': 0, 'here': 0}
t=   33 v 0.240->0.244 pos=(-2.44,3.21) hd=172 st={'tick': 358874, 'goal': 0, 'here': 0}
t=   34 v 0.244->0.246 pos=(-2.44,3.21) hd=172 st={'tick': 358990, 'goal': 0, 'here': 0}
t=   35 v 0.246->0.246 pos=(-2.44,3.21) hd=172 st={'tick': 359113, 'goal': 0, 'here': 0}
t=   37 v 0.246->0.244 pos=(-2.44,3.21) hd=172 st={'tick': 359232, 'goal': 0, 'here': 0}
t=   38 v 0.244->0.243 pos=(-2.44,3.21) hd=172 st={'tick': 359351, 'goal': 0, 'here': 0}
unstick
t=   44 v 0.243->0.223 pos=(-2.12,3.18) hd=332 st={'tick': 359474, 'goal': 0, 'here': 0}
t=   50 v 0.223->0.238 pos=(-2.38,3.22) hd=163 st={'tick': 360057, 'goal': 0, 'here': 0}
t=   52 v 0.238->0.258 pos=(-2.63,3.27) hd=171 st={'tick': 360660, 'goal': 0, 'here': 0}
t=   54 v 0.258->0.260 pos=(-2.64,3.27) hd=171 st={'tick': 360899, 'goal': 0, 'here': 0}
t=   56 v 0.260->0.260 pos=(-2.75,3.25) hd=171 st={'tick': 361139, 'goal': 0, 'here': 0}
t=   61 v 0.260->0.256 pos=(-2.69,3.36) hd=171 st={'tick': 361320, 'goal': 0, 'here': 0}
t=   67 v 0.256->0.251 pos=(-2.78,3.33) hd=171 st={'tick': 361838, 'goal': 0, 'here': 0}
t=   73 v 0.251->0.263 pos=(-2.53,3.34) hd=171 st={'tick': 362353, 'goal': 0, 'here': 0}
t=   75 v 0.263->0.256 pos=(-2.27,3.35) hd=5 st={'tick': 362943, 'goal': 0, 'here': 0}
t=   77 v 0.256->0.233 pos=(-2.02,3.36) hd=5 st={'tick': 363181, 'goal': 0, 'here': 0}
t=   82 v 0.233->0.234 pos=(-2.00,3.36) hd=124 st={'tick': 363423, 'goal': 0, 'here': 0}
t=   84 v 0.234->0.248 pos=(-2.15,3.43) hd=124 st={'tick': 363916, 'goal': 0, 'here': 0}
t=   85 v 0.248->0.258 pos=(-2.17,3.44) hd=156 st={'tick': 364121, 'goal': 0, 'here': 0}
t=   87 v 0.258->0.257 pos=(-2.16,3.44) hd=156 st={'tick': 364240, 'goal': 0, 'here': 0}
t=   88 v 0.257->0.257 pos=(-2.17,3.44) hd=156 st={'tick': 364359, 'goal': 0, 'here': 0}
t=   89 v 0.257->0.258 pos=(-2.16,3.44) hd=156 st={'tick': 364482, 'goal': 0, 'here': 0}
t=   90 v 0.258->0.257 pos=(-2.16,3.44) hd=156 st={'tick': 364599, 'goal': 0, 'here': 0}
t=   91 v 0.257->0.255 pos=(-2.17,3.44) hd=156 st={'tick': 364721, 'goal': 0, 'here': 0}
t=   93 v 0.255->0.261 pos=(-2.17,3.44) hd=156 st={'tick': 364840, 'goal': 0, 'here': 0}
unstick
t=   99 v 0.261->0.237 pos=(-1.77,3.37) hd=40 st={'tick': 364961, 'goal': 0, 'here': 0}
t=  105 v 0.237->0.249 pos=(-2.02,3.37) hd=198 st={'tick': 365582, 'goal': 0, 'here': 0}
t=  107 v 0.249->0.261 pos=(-2.28,3.38) hd=181 st={'tick': 366170, 'goal': 0, 'here': 0}
t=  110 v 0.261->0.268 pos=(-2.53,3.40) hd=180 st={'tick': 366412, 'goal': 0, 'here': 0}
t=  112 v 0.268->0.282 pos=(-2.73,3.41) hd=180 st={'tick': 366651, 'goal': 0, 'here': 0}
t=  117 v 0.282->0.264 pos=(-2.66,3.31) hd=177 st={'tick': 366870, 'goal': 0, 'here': 0}
t=  122 v 0.264->0.276 pos=(-2.75,3.35) hd=103 st={'tick': 367386, 'goal': 0, 'here': 0}
t=  128 v 0.276->0.270 pos=(-2.54,3.42) hd=152 st={'tick': 367902, 'goal': 0, 'here': 0}
t=  133 v 0.270->0.320 pos=(-2.68,3.44) hd=152 st={'tick': 368469, 'goal': 0, 'here': 0}
t=  137 v 0.320->0.314 pos=(-2.77,3.40) hd=172 st={'tick': 369019, 'goal': 0, 'here': 0}
t=  143 v 0.314->0.293 pos=(-2.54,3.44) hd=172 st={'tick': 369355, 'goal': 0, 'here': 0}
t=  146 v 0.293->0.303 pos=(-2.27,3.39) hd=4 st={'tick': 369957, 'goal': 0, 'here': 0}
t=  150 v 0.303->0.294 pos=(-2.00,3.43) hd=4 st={'tick': 370331, 'goal': 0, 'here': 0}
t=  152 v 0.294->0.290 pos=(-1.87,3.45) hd=4 st={'tick': 370702, 'goal': 0, 'here': 0}
t=  153 v 0.290->0.290 pos=(-1.85,3.45) hd=4 st={'tick': 370883, 'goal': 0, 'here': 0}
t=  154 v 0.290->0.279 pos=(-1.85,3.45) hd=4 st={'tick': 371003, 'goal': 0, 'here': 0}
