{"t": 0.0, "x": 0.0, "y": 0.0, "h": 25.5, "r": [0.09, 0.1, 0.16, 2.23, 0.92, 0.59, 0.41, 0.41, 0.4, 0.62, 0.76, 0.75, 0.2, 0.15, 0.12, 0.09], "st": {"tick": 30326, "goal": 0, "here": 0}, "d11": ["0.303", "0.316", "0.322"], "rx": []}
{"t": 1.9, "x": -0.001, "y": -0.002, "h": 87.0, "r": [0.46, 1.17, 0.6, 0.43, 0.41, 0.39, 0.5, 0.84, 0.77, 0.25, 0.16, 0.12, 0.09, 0.09, 0.09, 0.11], "st": {"tick": 30520, "goal": 0, "here": 0}, "d11": ["0.297", "0.319", "0.311"], "rx": []}
{"t": 5.9, "x": -0.248, "y": 0.777, "h": 108.9, "r": [0.52, 0.28, 0.24, 0.23, 0.23, 0.21, 0.39, 1.36, 0.94, 0.42, 0.27, 0.3, 0.29, 0.34, 0.63, 1.62], "st": {"tick": 30917, "goal": 0, "here": 0}, "d11": ["0.265", "0.264", "0.276"], "rx": []}
{"t": 11.1, "x": -0.142, "y": 2.015, "h": 84.9, "r": [0.58, 0.57, 0.47, 0.28, 0.26, 0.27, 0.37, 0.53, 2.44, 0.74, 0.29, 0.3, 0.21, 0.74, 0.8, 0.63], "st": {"tick": 31434, "goal": 0, "here": 0}, "d11": ["0.218", "0.206", "0.212"], "rx": []}
{"t": 14.4, "x": 0.244, "y": 2.342, "h": 37.5, "r": [0.39, 0.35, 0.25, 0.3, 0.37, 0.45, 0.62, 0.59, 0.78, 1.21, 0.41, 0.8, 2.16, 0.99, 0.4, 0.47], "st": {"tick": 31769, "goal": 0, "here": 0}, "d11": ["0.239", "0.225", "0.224"], "rx": []}
{"t": 20.6, "x": 0.982, "y": 1.367, "h": 306.0, "r": [1.07, 0.94, 0.8, 0.26, 0.27, 0.55, 0.63, 0.6, 1.34, 0.84, 0.27, 0.23, 0.31, 0.35, 0.43, 0.45], "st": {"tick": 32383, "goal": 0, "here": 0}, "d11": ["0.345", "0.365", "0.353"], "rx": []}
{"t": 21.4, "x": 1.124, "y": 1.159, "h": 305.7, "r": [0.83, 0.78, 0.65, 0.69, 0.45, 0.27, 0.75, 0.75, 1.54, 0.99, 0.37, 0.33, 0.4, 0.28, 0.24, 0.3], "st": {"tick": 32467, "goal": 0, "here": 0}, "d11": ["0.375", "0.390", "0.380"], "rx": []}
{"t": 22.0, "x": 1.138, "y": 1.139, "h": 304.0, "r": [0.8, 0.77, 0.63, 0.63, 0.45, 0.29, 0.44, 0.77, 1.57, 1.0, 0.4, 0.34, 0.41, 0.23, 0.23, 0.26], "st": {"tick": 32521, "goal": 0, "here": 0}, "d11": ["0.386", "0.398", "0.393"], "rx": []}
{"t": 23.0, "x": 1.138, "y": 1.138, "h": 304.0, "r": [0.81, 0.77, 0.64, 0.63, 0.45, 0.3, 0.45, 0.78, 1.57, 1.01, 0.4, 0.34, 0.42, 0.23, 0.24, 0.26], "st": {"tick": 32621, "goal": 0, "here": 0}, "d11": ["0.390", "0.398", "0.393"], "rx": []}
{"t": 24.0, "x": 1.138, "y": 1.139, "h": 303.5, "r": [0.81, 0.76, 0.63, 0.64, 0.45, 0.29, 0.46, 0.78, 1.57, 1.01, 0.4, 0.33, 0.42, 0.25, 0.24, 0.27], "st": {"tick": 32724, "goal": 0, "here": 0}, "d11": ["0.400", "0.390", "0.383"], "rx": []}
{"t": 25.0, "x": 1.138, "y": 1.139, "h": 304.9, "r": [0.81, 0.75, 0.63, 0.63, 0.45, 0.29, 0.44, 0.76, 1.58, 1.0, 0.4, 0.33, 0.42, 0.23, 0.23, 0.27], "st": {"tick": 32822, "goal": 0, "here": 0}, "d11": ["0.382", "0.397", "0.408"], "rx": []}
{"t": 26.0, "x": 1.138, "y": 1.139, "h": 304.2, "r": [0.81, 0.75, 0.63, 0.64, 0.45, 0.29, 0.44, 0.76, 1.56, 1.0, 0.41, 0.33, 0.41, 0.24, 0.24, 0.27], "st": {"tick": 32921, "goal": 0, "here": 0}, "d11": ["0.390", "0.380", "0.390"], "rx": []}
{"t": 27.0, "x": 1.138, "y": 1.139, "h": 304.6, "r": [0.81, 0.76, 0.64, 0.64, 0.45, 0.29, 0.44, 0.77, 1.58, 1.0, 0.4, 0.34, 0.42, 0.24, 0.22, 0.26], "st": {"tick": 33023, "goal": 0, "here": 0}, "d11": ["0.386", "0.383", "0.379"], "rx": []}
{"t": 28.0, "x": 1.138, "y": 1.139, "h": 305.3, "r": [0.81, 0.76, 0.62, 0.63, 0.45, 0.29, 0.46, 0.78, 1.57, 1.0, 0.4, 0.34, 0.42, 0.23, 0.23, 0.27], "st": {"tick": 33121, "goal": 0, "here": 0}, "d11": ["0.380", "0.395", "0.408"], "rx": []}
{"t": 29.0, "x": 1.138, "y": 1.139, "h": 303.2, "r": [0.81, 0.76, 0.63, 0.63, 0.46, 0.29, 0.44, 0.77, 1.56, 1.0, 0.41, 0.33, 0.41, 0.23, 0.24, 0.27], "st": {"tick": 33223, "goal": 0, "here": 0}, "d11": ["0.402", "0.392", "0.392"], "rx": []}
{"t": 30.0, "x": 1.138, "y": 1.139, "h": 304.1, "r": [0.8, 0.76, 0.63, 0.63, 0.45, 0.3, 0.44, 0.77, 1.57, 1.01, 0.4, 0.32, 0.42, 0.24, 0.23, 0.26], "st": {"tick": 33322, "goal": 0, "here": 0}, "d11": ["0.389", "0.393", "0.387"], "rx": []}
{"t": 31.0, "x": 1.138, "y": 1.139, "h": 304.7, "r": [0.81, 0.75, 0.63, 0.63, 0.45, 0.29, 0.45, 0.77, 1.57, 1.01, 0.4, 0.34, 0.42, 0.24, 0.23, 0.27], "st": {"tick": 33422, "goal": 0, "here": 0}, "d11": ["0.387", "0.386", "0.385"], "rx": []}
{"t": 32.0, "x": 1.138, "y": 1.139, "h": 304.9, "r": [0.8, 0.75, 0.63, 0.63, 0.45, 0.29, 0.45, 0.77, 1.56, 1.01, 0.41, 0.34, 0.41, 0.23, 0.23, 0.27], "st": {"tick": 33522, "goal": 0, "here": 0}, "d11": ["0.403", "0.386", "0.401"], "rx": []}
{"t": 33.0, "x": 1.138, "y": 1.139, "h": 303.4, "r": [0.81, 0.76, 0.63, 0.64, 0.45, 0.29, 0.45, 0.78, 1.56, 1.01, 0.4, 0.34, 0.41, 0.24, 0.23, 0.28], "st": {"tick": 33621, "goal": 0, "here": 0}, "d11": ["0.395", "0.386", "0.395"], "rx": []}
{"t": 34.0, "x": 1.138, "y": 1.139, "h": 305.5, "r": [0.81, 0.76, 0.63, 0.64, 0.45, 0.3, 0.44, 0.78, 1.56, 1.0, 0.4, 0.34, 0.42, 0.23, 0.22, 0.27], "st": {"tick": 33720, "goal": 0, "here": 0}, "d11": ["0.374", "0.398", "0.396"], "rx": []}
{"t": 35.0, "x": 1.138, "y": 1.139, "h": 304.8, "r": [0.8, 0.75, 0.62, 0.63, 0.45, 0.29, 0.45, 0.77, 1.58, 1.0, 0.41, 0.35, 0.41, 0.25, 0.23, 0.26], "st": {"tick": 33821, "goal": 0, "here": 0}, "d11": ["0.403", "0.397", "0.377"], "rx": []}
{"t": 36.0, "x": 1.138, "y": 1.138, "h": 304.0, "r": [0.8, 0.75, 0.64, 0.63, 0.45, 0.28, 0.45, 0.77, 1.57, 1.01, 0.41, 0.34, 0.42, 0.24, 0.23, 0.26], "st": {"tick": 33922, "goal": 0, "here": 0}, "d11": ["0.379", "0.404", "0.391"], "rx": []}
{"t": 37.0, "x": 1.138, "y": 1.139, "h": 304.9, "r": [0.81, 0.76, 0.63, 0.63, 0.46, 0.29, 0.44, 0.78, 1.57, 1.01, 0.4, 0.33, 0.41, 0.24, 0.23, 0.27], "st": {"tick": 34021, "goal": 0, "here": 0}, "d11": ["0.388", "0.390", "0.392"], "rx": []}
{"t": 38.0, "x": 1.138, "y": 1.139, "h": 304.7, "r": [0.81, 0.76, 0.64, 0.63, 0.45, 0.29, 0.45, 0.77, 1.55, 1.0, 0.41, 0.35, 0.42, 0.24, 0.23, 0.27], "st": {"tick": 34122, "goal": 0, "here": 0}, "d11": ["0.408", "0.393", "0.413"], "rx": []}
{"t": 39.0, "x": 1.138, "y": 1.139, "h": 304.3, "r": [0.81, 0.76, 0.63, 0.64, 0.46, 0.3, 0.45, 0.77, 1.57, 1.01, 0.41, 0.35, 0.42, 0.24, 0.23, 0.26], "st": {"tick": 34224, "goal": 0, "here": 0}, "d11": ["0.389", "0.384", "0.385"], "rx": []}
{"t": 40.0, "x": 1.138, "y": 1.139, "h": 304.9, "r": [0.81, 0.77, 0.63, 0.63, 0.45, 0.3, 0.43, 0.77, 1.57, 1.0, 0.4, 0.35, 0.41, 0.23, 0.24, 0.27], "st": {"tick": 34321, "goal": 0, "here": 0}, "d11": ["0.387", "0.387", "0.392"], "rx": []}
{"t": 41.0, "x": 1.138, "y": 1.139, "h": 303.3, "r": [0.8, 0.75, 0.64, 0.63, 0.45, 0.3, 0.45, 0.77, 1.57, 1.01, 0.4, 0.34, 0.42, 0.23, 0.25, 0.27], "st": {"tick": 34422, "goal": 0, "here": 0}, "d11": ["0.391", "0.399", "0.389"], "rx": []}
{"t": 42.0, "x": 1.138, "y": 1.139, "h": 303.8, "r": [0.81, 0.75, 0.64, 0.63, 0.45, 0.29, 0.45, 0.77, 1.57, 1.01, 0.39, 0.34, 0.41, 0.23, 0.24, 0.28], "st": {"tick": 34522, "goal": 0, "here": 0}, "d11": ["0.379", "0.387", "0.400"], "rx": []}
{"t": 43.0, "x": 1.138, "y": 1.139, "h": 305.0, "r": [0.81, 0.75, 0.65, 0.63, 0.46, 0.3, 0.44, 0.77, 1.57, 1.01, 0.4, 0.34, 0.41, 0.23, 0.25, 0.27], "st": {"tick": 34623, "goal": 0, "here": 0}, "d11": ["0.393", "0.394", "0.389"], "rx": []}
{"t": 44.0, "x": 1.138, "y": 1.139, "h": 304.0, "r": [0.8, 0.75, 0.64, 0.64, 0.45, 0.31, 0.45, 0.77, 1.56, 1.0, 0.39, 0.33, 0.42, 0.23, 0.24, 0.27], "st": {"tick": 34724, "goal": 0, "here": 0}, "d11": ["0.396", "0.400", "0.397"], "rx": []}
{"t": 45.0, "x": 1.138, "y": 1.139, "h": 304.0, "r": [0.81, 0.74, 0.63, 0.65, 0.46, 0.29, 0.44, 0.77, 1.56, 1.0, 0.4, 0.34, 0.42, 0.23, 0.23, 0.28], "st": {"tick": 34822, "goal": 0, "here": 0}, "d11": ["0.391", "0.392", "0.406"], "rx": []}
{"t": 46.0, "x": 1.138, "y": 1.139, "h": 304.2, "r": [0.81, 0.77, 0.63, 0.64, 0.46, 0.3, 0.45, 0.77, 1.56, 1.0, 0.4, 0.35, 0.42, 0.22, 0.24, 0.28], "st": {"tick": 34922, "goal": 0, "here": 0}, "d11": ["0.392", "0.390", "0.391"], "rx": []}
{"t": 47.0, "x": 1.138, "y": 1.139, "h": 305.2, "r": [0.81, 0.76, 0.63, 0.64, 0.45, 0.29, 0.45, 0.77, 1.57, 1.01, 0.4, 0.34, 0.42, 0.24, 0.23, 0.27], "st": {"tick": 35023, "goal": 0, "here": 0}, "d11": ["0.387", "0.395", "0.391"], "rx": []}
{"t": 48.0, "x": 1.138, "y": 1.139, "h": 306.4, "r": [0.81, 0.76, 0.63, 0.63, 0.45, 0.29, 0.45, 0.78, 1.56, 1.01, 0.41, 0.34, 0.41, 0.24, 0.23, 0.26], "st": {"tick": 35123, "goal": 0, "here": 0}, "d11": ["0.397", "0.396", "0.381"], "rx": []}
{"t": 49.0, "x": 1.138, "y": 1.139, "h": 303.5, "r": [0.8, 0.75, 0.63, 0.62, 0.45, 0.29, 0.44, 0.77, 1.56, 1.0, 0.4, 0.34, 0.41, 0.23, 0.22, 0.27], "st": {"tick": 35223, "goal": 0, "here": 0}, "d11": ["0.397", "0.404", "0.400"], "rx": []}
{"t": 50.0, "x": 1.138, "y": 1.139, "h": 304.4, "r": [0.8, 0.76, 0.63, 0.63, 0.45, 0.29, 0.45, 0.77, 1.57, 1.0, 0.4, 0.34, 0.41, 0.23, 0.24, 0.27], "st": {"tick": 35322, "goal": 0, "here": 0}, "d11": ["0.395", "0.392", "0.395"], "rx": []}
{"t": 51.0, "x": 1.138, "y": 1.139, "h": 304.7, "r": [0.8, 0.76, 0.64, 0.64, 0.47, 0.29, 0.44, 0.78, 1.58, 1.0, 0.41, 0.34, 0.41, 0.24, 0.24, 0.27], "st": {"tick": 35422, "goal": 0, "here": 0}, "d11": ["0.401", "0.389", "0.408"], "rx": []}
{"t": 52.0, "x": 1.138, "y": 1.139, "h": 304.1, "r": [0.8, 0.75, 0.63, 0.62, 0.45, 0.3, 0.44, 0.77, 1.56, 1.0, 0.4, 0.33, 0.42, 0.23, 0.23, 0.27], "st": {"tick": 35523, "goal": 0, "here": 0}, "d11": ["0.390", "0.391", "0.398"], "rx": []}
{"t": 53.0, "x": 1.138, "y": 1.139, "h": 304.3, "r": [0.81, 0.75, 0.63, 0.64, 0.46, 0.3, 0.45, 0.77, 1.57, 1.0, 0.4, 0.34, 0.42, 0.22, 0.24, 0.27], "st": {"tick": 35621, "goal": 0, "here": 0}, "d11": ["0.389", "0.378", "0.392"], "rx": []}
{"t": 0.0, "x": 0.0, "y": 0.0, "h": 304.4, "r": [0.81, 0.76, 0.63, 0.63, 0.45, 0.28, 0.44, 0.77, 1.57, 1.01, 0.41, 0.34, 0.41, 0.23, 0.23, 0.27], "st": {"tick": 42915, "goal": 0, "here": 0}, "d11": ["0.400", "0.389", "0.398"], "rx": []}
{"t": 8.2, "x": -0.659, "y": 1.021, "h": 121.4, "r": [0.53, 0.69, 0.86, 0.8, 0.37, 0.56, 0.59, 0.59, 1.83, 0.78, 0.22, 0.21, 0.22, 0.36, 0.39, 0.46], "st": {"tick": 43734, "goal": 0, "here": 0}, "d11": ["0.266", "0.252", "0.240"], "rx": []}
{"t": 11.7, "x": -1.179, "y": 1.185, "h": 164.6, "r": [0.41, 0.39, 0.41, 0.63, 1.45, 1.0, 0.26, 2.09, 0.68, 0.69, 0.55, 0.35, 0.31, 0.3, 0.28, 0.43], "st": {"tick": 44083, "goal": 0, "here": 0}, "d11": ["0.214", "0.220", "0.205"], "rx": []}
{"t": 16.0, "x": -1.371, "y": 0.624, "h": 252.5, "r": [0.91, 2.23, 0.6, 0.35, 0.24, 0.32, 0.31, 0.98, 0.78, 0.73, 0.5, 0.24, 0.24, 0.22, 0.19, 0.29], "st": {"tick": 44515, "goal": 0, "here": 0}, "d11": ["0.232", "0.218", "0.214"], "rx": []}
{"t": 21.2, "x": -1.317, "y": -0.614, "h": 272.5, "r": [1.23, 0.61, 0.27, 0.25, 0.18, 0.2, 0.32, 0.72, 1.78, 0.67, 0.39, 0.23, 0.27, 0.3, 0.35, 0.63], "st": {"tick": 45032, "goal": 0, "here": 0}, "d11": ["0.278", "0.271", "0.276"], "rx": []}
{"t": 24.2, "x": -1.308, "y": -1.53, "h": 268.7, "r": [0.46, 0.43, 0.36, 0.28, 0.23, 0.24, 0.35, 0.5, 2.57, 0.71, 0.36, 0.23, 0.22, 0.3, 0.3, 0.44], "st": {"tick": 45335, "goal": 0, "here": 0}, "d11": ["0.291", "0.295", "0.299"], "rx": []}
{"t": 31.4, "x": -1.249, "y": -0.917, "h": 84.3, "r": [1.67, 1.0, 0.44, 0.4, 0.29, 0.32, 0.39, 0.6, 0.92, 0.65, 0.33, 0.19, 0.15, 0.15, 0.18, 0.3], "st": {"tick": 46054, "goal": 0, "here": 0}, "d11": ["0.279", "0.280", "0.293"], "rx": []}
{"t": 35.9, "x": -1.263, "y": -1.383, "h": 176.2, "r": [0.23, 0.28, 0.4, 0.59, 0.58, 0.56, 0.31, 0.22, 0.19, 0.21, 0.28, 0.36, 2.46, 1.02, 0.43, 0.33], "st": {"tick": 46508, "goal": 0, "here": 0}, "d11": ["0.293", "0.302", "0.295"], "rx": []}
{"t": 39.1, "x": -1.245, "y": -1.114, "h": 84.1, "r": [1.39, 1.11, 0.52, 0.33, 0.33, 0.31, 0.35, 0.6, 0.78, 0.53, 0.28, 0.23, 0.19, 0.17, 0.19, 0.29], "st": {"tick": 46831, "goal": 0, "here": 0}, "d11": ["0.305", "0.314", "0.308"], "rx": []}
{"t": 45.2, "x": -1.242, "y": -1.579, "h": 279.4, "r": [0.38, 0.37, 0.2, 0.21, 0.19, 0.2, 0.35, 0.63, 1.71, 0.57, 0.32, 0.29, 0.32, 0.33, 0.45, 0.39], "st": {"tick": 47438, "goal": 0, "here": 0}, "d11": ["0.373", "0.379", "0.391"], "rx": []}
{"t": 53.3, "x": -1.408, "y": -0.372, "h": 96.7, "r": [1.57, 0.44, 0.24, 0.22, 0.23, 0.19, 0.34, 0.66, 1.43, 0.6, 0.43, 0.3, 0.3, 0.31, 0.54, 1.64], "st": {"tick": 48247, "goal": 0, "here": 0}, "d11": ["0.276", "0.267", "0.270"], "rx": []}
{"t": 56.3, "x": -1.256, "y": 0.15, "h": 72.3, "r": [0.59, 1.11, 0.61, 0.34, 0.28, 0.33, 0.36, 0.51, 0.88, 1.82, 0.32, 0.23, 0.22, 0.2, 0.2, 0.29], "st": {"tick": 48548, "goal": 0, "here": 0}, "d11": ["0.259", "0.255", "0.251"], "rx": []}
{"t": 60.1, "x": -1.285, "y": 0.949, "h": 93.8, "r": [0.45, 0.51, 0.41, 0.27, 0.26, 0.27, 0.4, 0.85, 2.51, 0.51, 0.35, 0.23, 0.77, 0.83, 0.7, 0.52], "st": {"tick": 48931, "goal": 0, "here": 0}, "d11": ["0.220", "0.217", "0.222"], "rx": []}
{"t": 63.8, "x": -0.838, "y": 1.18, "h": 23.9, "r": [0.4, 0.34, 0.34, 0.24, 0.32, 0.45, 0.7, 0.67, 0.69, 0.89, 0.37, 0.7, 1.31, 1.89, 0.4, 0.37], "st": {"tick": 49293, "goal": 0, "here": 0}, "d11": ["0.266", "0.266", "0.271"], "rx": []}
{"t": 66.3, "x": -0.701, "y": 1.079, "h": 314.7, "r": [1.79, 0.29, 0.26, 0.3, 0.37, 0.34, 0.4, 0.36, 0.52, 0.84, 0.75, 0.81, 0.37, 0.7, 0.71, 1.21], "st": {"tick": 49542, "goal": 0, "here": 0}, "d11": ["0.288", "0.284", "0.282"], "rx": []}
{"t": 70.3, "x": -1.053, "y": 1.375, "h": 240.4, "r": [0.92, 2.86, 1.0, 2.39, 0.65, 0.58, 0.38, 0.16, 0.14, 0.14, 0.12, 0.18, 0.23, 0.47, 0.53, 0.58], "st": {"tick": 49948, "goal": 0, "here": 0}, "d11": ["0.227", "0.229", "0.242"], "rx": []}
{"t": 71.9, "x": -1.076, "y": 1.256, "h": 259.7, "r": [2.32, 0.3, 1.62, 1.17, 0.56, 0.59, 0.42, 0.24, 0.24, 0.24, 0.26, 0.35, 0.46, 0.47, 0.53, 0.74], "st": {"tick": 50107, "goal": 0, "here": 0}, "d11": ["0.226", "0.236", "0.232"], "rx": []}
{"t": 76.1, "x": -1.032, "y": 1.722, "h": 352.3, "r": [0.56, 0.25, 0.11, 0.11, 0.1, 0.09, 0.11, 0.19, 0.24, 0.54, 0.57, 0.87, 2.9, 1.03, 2.41, 0.64], "st": {"tick": 50524, "goal": 0, "here": 0}, "d11": ["0.199", "0.208", "0.233"], "rx": []}
{"t": 81.6, "x": -0.329, "y": 0.742, "h": 305.3, "r": [1.28, 1.08, 0.4, 0.38, 0.54, 0.5, 0.38, 0.88, 1.11, 0.69, 0.64, 0.41, 0.2, 0.18, 0.42, 0.61], "st": {"tick": 51074, "goal": 0, "here": 0}, "d11": ["0.349", "0.348", "0.349"], "rx": []}
{"t": 83.3, "x": -0.04, "y": 0.309, "h": 303.6, "r": [0.85, 0.8, 0.69, 0.69, 0.48, 0.29, 0.75, 0.75, 1.52, 0.96, 0.38, 0.32, 0.35, 0.3, 0.24, 0.27], "st": {"tick": 51243, "goal": 0, "here": 0}, "d11": ["0.451", "0.477", "0.470"], "rx": []}
{"t": 87.7, "x": -0.328, "y": 0.678, "h": 34.7, "r": [0.52, 0.56, 0.42, 0.94, 1.17, 0.71, 0.63, 0.4, 0.16, 0.16, 0.38, 0.55, 1.23, 1.12, 0.42, 0.37], "st": {"tick": 51684, "goal": 0, "here": 0}, "d11": ["0.374", "0.378", "0.372"], "rx": []}
{"t": 91.5, "x": -0.116, "y": 0.364, "h": 301.9, "r": [0.37, 0.88, 0.74, 0.79, 0.35, 0.33, 0.72, 0.7, 1.46, 0.88, 0.27, 0.3, 0.27, 0.39, 0.27, 0.29], "st": {"tick": 52071, "goal": 0, "here": 0}, "d11": ["0.401", "0.408", "0.420"], "rx": []}
{"t": 93.1, "x": -0.036, "y": 0.288, "h": 322.8, "r": [0.81, 0.71, 0.66, 0.49, 0.32, 0.43, 0.77, 1.44, 1.02, 0.36, 0.32, 0.35, 0.31, 0.2, 0.26, 0.28], "st": {"tick": 52225, "goal": 0, "here": 0}, "d11": ["0.397", "0.418", "0.409"], "rx": []}
{"t": 97.5, "x": -0.428, "y": 0.529, "h": 246.2, "r": [0.22, 0.43, 0.38, 0.89, 1.03, 0.9, 0.39, 0.49, 0.7, 0.6, 1.17, 1.16, 0.1, 0.1, 0.11, 0.18], "st": {"tick": 52666, "goal": 0, "here": 0}, "d11": ["0.334", "0.337", "0.328"], "rx": []}
{"t": 102.3, "x": 0.199, "y": 0.232, "h": 336.0, "r": [0.46, 0.38, 0.43, 0.53, 0.36, 0.38, 0.36, 1.83, 0.7, 0.59, 0.36, 0.28, 0.67, 0.6, 0.6, 0.54], "st": {"tick": 53143, "goal": 0, "here": 0}, "d11": ["0.518", "0.522", "0.525"], "rx": []}
{"t": 104.9, "x": 0.319, "y": -0.037, "h": 288.2, "r": [0.37, 0.42, 0.29, 0.32, 0.32, 0.37, 0.64, 0.54, 0.59, 2.13, 0.84, 0.93, 1.33, 0.56, 0.44, 0.43], "st": {"tick": 53412, "goal": 0, "here": 0}, "d11": ["0.615", "0.599", "0.615"], "rx": []}
{"t": 110.5, "x": -0.635, "y": -0.348, "h": 196.7, "r": [0.48, 0.55, 0.84, 1.15, 0.24, 0.2, 0.27, 0.86, 1.15, 0.54, 0.36, 0.57, 0.9, 0.71, 0.48, 0.44], "st": {"tick": 53965, "goal": 0, "here": 0}, "d11": ["0.403", "0.396", "0.384"], "rx": []}
{"t": 113.1, "x": -0.688, "y": -0.546, "h": 261.5, "r": [1.02, 0.29, 0.19, 0.12, 0.1, 1.18, 1.39, 0.55, 0.73, 1.05, 0.7, 0.52, 0.42, 0.43, 0.46, 0.73], "st": {"tick": 54230, "goal": 0, "here": 0}, "d11": ["0.391", "0.392", "0.384"], "rx": []}
{"t": 119.1, "x": -0.673, "y": -0.079, "h": 98.4, "r": [0.57, 0.69, 0.51, 0.43, 0.41, 0.43, 0.67, 1.41, 0.63, 0.45, 0.61, 1.15, 0.51, 0.15, 0.27, 0.36], "st": {"tick": 54826, "goal": 0, "here": 0}, "d11": ["0.371", "0.359", "0.370"], "rx": []}
{"t": 125.7, "x": -0.922, "y": -0.959, "h": 253.9, "r": [0.64, 0.67, 0.7, 1.03, 0.3, 0.27, 0.36, 1.07, 1.12, 1.35, 0.44, 0.22, 0.16, 0.17, 0.21, 0.28], "st": {"tick": 55487, "goal": 0, "here": 0}, "d11": ["0.447", "0.443", "0.442"], "rx": []}
{"t": 129.7, "x": -0.475, "y": -1.38, "h": 320.4, "r": [0.43, 0.86, 0.97, 0.36, 0.33, 0.19, 0.22, 1.28, 0.72, 0.59, 0.57, 0.61, 0.39, 0.28, 0.26, 0.29], "st": {"tick": 55883, "goal": 0, "here": 0}, "d11": ["0.468", "0.456", "0.458"], "rx": []}
{"t": 133.4, "x": 0.174, "y": -1.357, "h": 2.2, "r": [0.41, 1.05, 0.94, 0.77, 0.71, 0.19, 0.22, 0.47, 1.13, 0.65, 0.44, 0.32, 0.33, 0.38, 0.44, 0.49], "st": {"tick": 56257, "goal": 0, "here": 0}, "d11": ["0.578", "0.582", "0.554"], "rx": []}
{"t": 135.1, "x": 0.306, "y": -1.31, "h": 23.3, "r": [0.34, 0.86, 0.72, 0.63, 0.71, 0.89, 0.3, 1.17, 0.8, 0.48, 0.38, 0.39, 0.36, 0.45, 0.4, 0.29], "st": {"tick": 56425, "goal": 0, "here": 0}, "d11": ["0.582", "0.583", "0.606"], "rx": []}
{"t": 136.6, "x": 0.363, "y": -1.267, "h": 43.0, "r": [0.83, 0.71, 0.64, 0.68, 0.86, 0.56, 1.25, 1.13, 0.54, 0.43, 0.42, 0.38, 0.39, 0.27, 0.26, 0.28], "st": {"tick": 56580, "goal": 0, "here": 0}, "d11": ["0.606", "0.622", "0.610"], "rx": []}
{"t": 140.4, "x": 0.257, "y": -1.249, "h": 177.8, "r": [1.18, 1.17, 0.6, 0.44, 0.44, 0.43, 0.54, 0.44, 0.37, 0.83, 0.84, 0.67, 0.57, 0.64, 0.8, 0.18], "st": {"tick": 56953, "goal": 0, "here": 0}, "d11": ["0.640", "0.632", "0.640"], "rx": ["HELLO from botA seq=130"]}
{"t": 0.3, "x": 0.257, "y": -1.249, "h": 22.6, "r": [0.11, 0.77, 0.68, 0.6, 0.6, 0.89, 1.02, 1.43, 1.02, 0.59, 0.48, 0.4, 0.12, 0.09, 0.1, 0.12], "st": {"tick": 59927, "goal": 0, "here": 0}, "d11": ["0.722", "0.725", "0.725"], "rx": ["HELLO from botA seq=132", "HELLO from botA seq=133", "HELLO from botA seq=134", "HELLO from botA seq=135", "HELLO from botA seq=136", "HELLO from botA seq=137", "HELLO from botA seq=138", "HELLO from botA seq=139"]}
{"t": 5.2, "x": -0.108, "y": -1.24, "h": 176.4, "r": [1.13, 1.18, 0.59, 0.45, 0.44, 0.47, 0.58, 0.46, 0.42, 0.96, 0.85, 0.64, 0.58, 0.62, 0.76, 0.14], "st": {"tick": 60418, "goal": 0, "here": 0}, "d11": ["0.571", "0.577", "0.570"], "rx": ["HELLO from botA seq=140", "HELLO from botA seq=141"]}
{"t": 6.9, "x": -0.108, "y": -1.24, "h": 194.3, "r": [1.15, 0.62, 0.48, 0.44, 0.47, 0.51, 0.5, 0.4, 0.85, 0.87, 0.67, 0.55, 0.59, 0.76, 0.12, 0.23], "st": {"tick": 60591, "goal": 0, "here": 0}, "d11": ["0.561", "0.581", "0.563"], "rx": []}
{"t": 7.9, "x": -0.108, "y": -1.24, "h": 195.5, "r": [1.14, 0.62, 0.47, 0.43, 0.48, 0.52, 0.52, 0.4, 0.85, 0.86, 0.67, 0.56, 0.59, 0.76, 0.12, 0.22], "st": {"tick": 60689, "goal": 0, "here": 0}, "d11": ["0.572", "0.565", "0.579"], "rx": []}
{"t": 12.7, "x": 0.349, "y": -1.075, "h": 117.1, "r": [0.47, 0.68, 1.01, 0.65, 1.12, 0.73, 0.61, 0.24, 0.16, 0.91, 1.6, 0.48, 0.61, 0.51, 0.5, 0.44], "st": {"tick": 61169, "goal": 0, "here": 0}, "d11": ["0.756", "0.761", "0.757"], "rx": ["HELLO from botA seq=143", "HELLO from botA seq=144"]}
{"t": 16.9, "x": -0.302, "y": -0.838, "h": 160.0, "r": [0.47, 0.45, 0.49, 0.41, 0.27, 0.3, 0.87, 0.87, 1.43, 1.11, 0.55, 0.33, 0.25, 0.23, 0.33, 0.36], "st": {"tick": 61590, "goal": 0, "here": 0}, "d11": ["0.632", "0.631", "0.623"], "rx": ["HELLO from botA seq=145"]}
{"t": 20.5, "x": -0.284, "y": -0.868, "h": 292.2, "r": [0.83, 0.86, 0.63, 1.09, 0.8, 0.35, 0.3, 0.27, 0.34, 0.39, 0.49, 0.47, 0.5, 0.41, 0.26, 0.28], "st": {"tick": 61951, "goal": 0, "here": 0}, "d11": ["0.560", "0.569", "0.557"], "rx": []}
{"t": 25.2, "x": 0.477, "y": -0.898, "h": 356.7, "r": [0.42, 0.45, 0.34, 0.34, 0.31, 0.3, 0.42, 0.66, 1.09, 0.76, 1.08, 0.82, 0.5, 0.73, 0.97, 0.48], "st": {"tick": 62423, "goal": 0, "here": 0}, "d11": ["0.697", "0.714", "0.693"], "rx": ["HELLO from botA seq=148"]}
{"t": 29.1, "x": 0.903, "y": -1.401, "h": 307.2, "r": [0.4, 0.69, 0.8, 1.16, 0.31, 0.19, 0.3, 0.76, 0.98, 1.48, 0.43, 0.36, 0.48, 0.34, 0.26, 0.31], "st": {"tick": 62806, "goal": 0, "here": 0}, "d11": ["0.836", "0.830", "0.826"], "rx": ["HELLO from botA seq=149"]}
{"t": 31.4, "x": 0.972, "y": -1.386, "h": 10.3, "r": [1.05, 0.27, 0.22, 0.15, 0.65, 0.86, 1.27, 0.46, 0.46, 0.55, 0.35, 0.31, 0.31, 0.38, 0.63, 0.67], "st": {"tick": 63036, "goal": 0, "here": 0}, "d11": ["0.883", "0.889", "0.875"], "rx": ["HELLO from botA seq=150"]}
{"t": 32.4, "x": 0.972, "y": -1.386, "h": 9.5, "r": [1.04, 0.27, 0.22, 0.15, 0.66, 0.85, 1.27, 0.45, 0.45, 0.56, 0.35, 0.3, 0.31, 0.38, 0.64, 0.61], "st": {"tick": 63135, "goal": 0, "here": 0}, "d11": ["0.902", "0.923", "0.896"], "rx": []}
{"t": 37.7, "x": 0.506, "y": -1.526, "h": 295.0, "r": [0.23, 0.26, 0.58, 0.62, 0.58, 0.46, 0.81, 0.83, 0.91, 0.22, 0.21, 0.11, 0.12, 0.24, 0.24, 0.24], "st": {"tick": 63667, "goal": 0, "here": 0}, "d11": ["0.895", "0.894", "0.895"], "rx": ["HELLO from botA seq=151", "HELLO from botA seq=152"]}
{"t": 39.5, "x": 0.504, "y": -1.524, "h": 337.8, "r": [0.57, 1.32, 0.59, 0.45, 0.76, 0.82, 0.9, 0.23, 0.22, 0.11, 0.11, 0.23, 0.24, 0.25, 0.24, 0.24], "st": {"tick": 63847, "goal": 0, "here": 0}, "d11": ["0.865", "0.869", "0.869"], "rx": ["HELLO from botA seq=153"]}
{"t": 44.2, "x": 1.488, "y": -1.561, "h": 357.0, "r": [0.49, 0.32, 0.33, 1.17, 0.54, 0.34, 0.34, 2.04, 0.93, 0.49, 0.25, 0.26, 0.22, 0.22, 0.32, 0.43], "st": {"tick": 64316, "goal": 0, "here": 0}, "d11": ["0.963", "0.958", "0.956"], "rx": ["HELLO from botA seq=154"]}
{"t": 48.7, "x": 1.825, "y": -0.916, "h": 63.3, "r": [0.52, 1.25, 2.38, 0.45, 0.34, 0.26, 0.33, 1.1, 0.86, 0.79, 0.61, 0.36, 0.26, 0.27, 0.25, 0.28], "st": {"tick": 64771, "goal": 0, "here": 0}, "d11": ["0.953", "0.941", "0.956"], "rx": ["HELLO from botA seq=155", "HELLO from botA seq=156"]}
{"t": 51.6, "x": 1.754, "y": -0.674, "h": 106.0, "r": [2.15, 0.3, 0.28, 0.25, 0.26, 0.24, 0.5, 0.97, 0.96, 0.47, 0.36, 0.28, 0.29, 0.39, 0.64, 1.03], "st": {"tick": 65063, "goal": 0, "here": 0}, "d11": ["0.868", "0.848", "0.841"], "rx": ["HELLO from botA seq=157"]}
{"t": 53.6, "x": 1.682, "y": -0.391, "h": 104.7, "r": [1.85, 0.28, 0.26, 0.13, 0.13, 0.22, 0.36, 0.95, 1.18, 0.65, 0.4, 0.4, 0.33, 0.47, 0.71, 0.8], "st": {"tick": 65262, "goal": 0, "here": 0}, "d11": ["0.788", "0.787", "0.798"], "rx": []}
{"t": 54.6, "x": 1.682, "y": -0.391, "h": 103.8, "r": [1.85, 0.29, 0.27, 0.13, 0.13, 0.21, 0.36, 0.9, 1.19, 0.64, 0.41, 0.4, 0.31, 0.48, 0.72, 0.79], "st": {"tick": 65361, "goal": 0, "here": 0}, "d11": ["0.803", "0.813", "0.803"], "rx": ["HELLO from botA seq=158"]}
{"t": 61.6, "x": 1.843, "y": -0.852, "h": 296.5, "r": [0.55, 0.29, 0.27, 0.23, 0.23, 0.39, 0.8, 1.22, 0.68, 0.4, 0.35, 0.27, 0.39, 1.05, 0.33, 0.79], "st": {"tick": 66058, "goal": 0, "here": 0}, "d11": ["0.950", "0.951", "0.975"], "rx": ["HELLO from botA seq=160"]}
{"t": 63.9, "x": 1.842, "y": -0.855, "h": 233.5, "r": [0.95, 0.33, 0.3, 0.5, 0.29, 0.26, 0.22, 0.24, 0.43, 0.83, 1.23, 0.65, 0.38, 0.33, 0.27, 0.4], "st": {"tick": 66287, "goal": 0, "here": 0}, "d11": ["0.966", "0.969", "0.960"], "rx": ["HELLO from botA seq=161"]}
{"t": 71.5, "x": 1.647, "y": 0.019, "h": 92.8, "r": [0.47, 1.36, 0.94, 0.64, 0.32, 0.15, 0.29, 0.33, 1.33, 0.94, 0.52, 0.42, 0.4, 0.45, 0.49, 0.47], "st": {"tick": 67047, "goal": 0, "here": 0}, "d11": ["0.670", "0.669", "0.663"], "rx": ["HELLO from botA seq=163"]}
{"t": 73.6, "x": 1.55, "y": 0.253, "h": 112.7, "r": [1.34, 0.79, 0.63, 0.54, 0.59, 0.32, 0.27, 1.51, 1.2, 0.59, 0.53, 0.49, 0.44, 0.33, 0.31, 0.26], "st": {"tick": 67263, "goal": 0, "here": 0}, "d11": ["0.622", "0.622", "0.621"], "rx": ["HELLO from botA seq=164"]}
{"t": 74.6, "x": 1.55, "y": 0.253, "h": 113.2, "r": [1.32, 0.78, 0.63, 0.53, 0.59, 0.32, 0.27, 1.75, 1.19, 0.6, 0.53, 0.49, 0.44, 0.34, 0.3, 0.26], "st": {"tick": 67362, "goal": 0, "here": 0}, "d11": ["0.647", "0.625", "0.623"], "rx": []}
{"t": 81.8, "x": 1.786, "y": -0.177, "h": 304.1, "r": [0.47, 0.34, 0.24, 0.31, 0.34, 0.53, 0.62, 0.65, 1.37, 0.95, 0.26, 0.3, 0.27, 0.51, 1.43, 1.18], "st": {"tick": 68086, "goal": 0, "here": 0}, "d11": ["0.796", "0.792", "0.799"], "rx": ["HELLO from botA seq=166", "HELLO from botA seq=167"]}
{"t": 89.5, "x": 1.216, "y": 0.711, "h": 123.4, "r": [0.55, 0.33, 0.34, 0.33, 0.36, 0.43, 0.67, 0.66, 1.37, 0.91, 0.27, 0.22, 0.25, 0.41, 0.9, 0.92], "st": {"tick": 68855, "goal": 0, "here": 0}, "d11": ["0.511", "0.511", "0.492"], "rx": ["HELLO from botA seq=169"]}
{"t": 92.9, "x": 1.113, "y": 1.326, "h": 100.0, "r": [0.4, 0.35, 0.19, 0.22, 0.21, 0.23, 0.31, 0.84, 1.18, 0.68, 0.43, 0.85, 0.86, 0.95, 0.42, 0.35], "st": {"tick": 69190, "goal": 0, "here": 0}, "d11": ["0.400", "0.382", "0.373"], "rx": []}
{"t": 97.3, "x": 1.681, "y": 1.665, "h": 30.6, "r": [0.4, 0.43, 0.59, 0.59, 0.66, 1.01, 0.23, 0.65, 0.79, 1.16, 0.56, 0.95, 0.64, 0.41, 0.35, 0.31], "st": {"tick": 69626, "goal": 0, "here": 0}, "d11": ["0.350", "0.367", "0.378"], "rx": []}
{"t": 100.2, "x": 1.68, "y": 1.66, "h": 137.9, "r": [0.87, 0.2, 0.66, 0.75, 1.09, 1.54, 0.91, 0.81, 0.5, 0.39, 0.3, 0.32, 0.44, 0.68, 0.64, 0.62], "st": {"tick": 69915, "goal": 0, "here": 0}, "d11": ["0.380", "0.377", "0.366"], "rx": []}
{"t": 104.6, "x": 1.509, "y": 1.222, "h": 246.6, "r": [1.16, 0.11, 0.63, 0.65, 0.51, 0.52, 0.57, 0.64, 1.08, 0.41, 0.42, 0.64, 0.51, 0.54, 0.55, 0.77], "st": {"tick": 70360, "goal": 0, "here": 0}, "d11": ["0.455", "0.459", "0.460"], "rx": []}
{"t": 105.6, "x": 1.509, "y": 1.222, "h": 247.0, "r": [1.16, 0.12, 0.63, 0.63, 0.52, 0.53, 0.57, 0.65, 1.08, 0.42, 0.42, 0.65, 0.52, 0.52, 0.56, 0.77], "st": {"tick": 70463, "goal": 0, "here": 0}, "d11": ["0.463", "0.460", "0.461"], "rx": []}
{"t": 112.7, "x": 1.656, "y": 1.687, "h": 79.2, "r": [0.56, 0.54, 0.74, 0.99, 0.14, 0.64, 0.78, 1.21, 0.56, 0.99, 0.64, 0.43, 0.33, 0.33, 0.42, 0.63], "st": {"tick": 71172, "goal": 0, "here": 0}, "d11": ["0.377", "0.380", "0.382"], "rx": []}
{"t": 117.2, "x": 1.093, "y": 2.089, "h": 144.3, "r": [0.95, 1.16, 0.63, 0.76, 1.13, 1.49, 1.03, 0.71, 0.47, 0.34, 0.37, 0.44, 0.64, 0.54, 0.53, 0.69], "st": {"tick": 71617, "goal": 0, "here": 0}, "d11": ["0.380", "0.372", "0.389"], "rx": []}
{"t": 122.1, "x": 0.944, "y": 1.526, "h": 254.3, "r": [1.15, 0.2, 0.69, 0.62, 0.54, 0.51, 0.58, 0.81, 0.97, 0.41, 0.48, 0.61, 0.53, 0.51, 0.58, 0.87], "st": {"tick": 72111, "goal": 0, "here": 0}, "d11": ["0.443", "0.469", "0.454"], "rx": []}
{"t": 123.1, "x": 0.944, "y": 1.526, "h": 255.1, "r": [1.16, 0.21, 0.69, 0.62, 0.53, 0.51, 0.58, 0.81, 0.97, 0.42, 0.46, 0.61, 0.53, 0.51, 0.59, 0.85], "st": {"tick": 72211, "goal": 0, "here": 0}, "d11": ["0.460", "0.457", "0.447"], "rx": []}
{"t": 128.6, "x": 1.027, "y": 2.003, "h": 178.9, "r": [0.55, 0.64, 0.77, 1.42, 0.86, 0.97, 0.64, 0.48, 0.4, 0.42, 0.52, 0.67, 0.6, 0.64, 0.12, 0.17], "st": {"tick": 72763, "goal": 0, "here": 0}, "d11": ["0.391", "0.392", "0.390"], "rx": []}
{"t": 134.4, "x": 0.573, "y": 1.05, "h": 245.6, "r": [0.35, 0.63, 0.68, 1.33, 0.93, 0.37, 0.32, 0.48, 1.63, 0.89, 0.61, 0.25, 0.26, 0.25, 0.21, 0.28], "st": {"tick": 73340, "goal": 0, "here": 0}, "d11": ["0.564", "0.562", "0.550"], "rx": []}
{"t": 140.2, "x": 1.243, "y": 0.282, "h": 311.3, "r": [0.47, 0.28, 0.32, 0.31, 0.32, 0.49, 0.54, 0.57, 1.12, 0.82, 0.24, 0.3, 0.33, 0.61, 1.49, 0.88], "st": {"tick": 73918, "goal": 0, "here": 0}, "d11": ["0.786", "0.791", "0.795"], "rx": ["HELLO from botA seq=186"]}
