    0.0 PERIM start mode=approach tgt=331.0
    0.1 P (0.00,0.00) h=86 f=3.00 l=3.00 b=3.00 r=2.99 sig=0.013
    4.2 P (1.71,0.20) h=328 f=3.00 l=3.00 b=3.00 r=3.00 sig=0.009
    8.2 P (3.59,-0.96) h=325 f=3.00 l=2.99 b=3.00 r=3.00 sig=0.008
   12.2 P (5.47,-2.16) h=330 f=2.99 l=3.00 b=3.00 r=3.00 sig=0.015
   16.3 P (7.35,-3.32) h=328 f=2.98 l=3.00 b=2.98 r=2.99 sig=0.024
   20.3 P (9.25,-4.50) h=327 f=3.00 l=2.99 b=3.00 r=3.00 sig=0.018
   22.8 ARRIVED at structure pose=(10.42,-5.24)
   24.4 P (10.81,-5.59) h=294 f=3.00 l=3.00 b=2.99 r=3.00 sig=0.008
   28.5 P (9.84,-6.37) h=138 f=2.99 l=3.00 b=3.00 r=3.00 sig=0.016
   32.6 P (10.27,-5.22) h=349 f=3.00 l=2.99 b=3.00 r=3.00 sig=0.013
   36.6 P (10.52,-6.45) h=216 f=3.00 l=3.00 b=2.99 r=3.00 sig=0.014
   40.7 P (9.53,-5.70) h=76 f=3.00 l=3.00 b=2.99 r=3.00 sig=0.016
   44.9 P (10.72,-5.54) h=309 f=2.99 l=3.00 b=3.00 r=3.00 sig=0.015
   49.0 P (10.14,-6.56) h=173 f=3.00 l=3.00 b=3.00 r=3.00 sig=0.017
   53.0 P (9.34,-5.70) h=74 f=3.00 l=3.00 b=2.99 r=3.00 sig=0.014
   57.1 P (10.57,-5.74) h=276 f=3.00 l=2.99 b=3.00 r=3.00 sig=0.007
   61.1 P (9.47,-6.21) h=137 f=3.00 l=3.00 b=3.00 r=3.00 sig=0.011
   65.2 P (10.12,-5.20) h=334 f=3.00 l=3.00 b=2.99 r=3.00 sig=0.014
   69.3 P (10.31,-6.42) h=214 f=3.00 l=2.99 b=3.00 r=3.00 sig=0.016
   73.4 P (9.43,-5.61) h=54 f=0.05 l=3.00 b=3.00 r=2.99 sig=0.003
   77.4 P (10.59,-5.79) h=279 f=2.99 l=3.00 b=2.98 r=3.00 sig=0.015
   81.5 P (9.40,-6.14) h=120 f=3.00 l=2.99 b=2.99 r=3.00 sig=0.010
   85.6 P (10.31,-5.34) h=319 f=3.00 l=3.00 b=3.00 r=3.00 sig=0.025
   89.7 P (9.89,-6.46) h=184 f=3.00 l=2.99 b=2.99 r=3.00 sig=0.004
    0.0 PERIM start mode=approach tgt=331.0
    0.1 P (0.00,0.00) h=100 f=3.00 l=3.00 b=3.00 r=3.00 sig=0.016
    4.2 P (1.54,0.46) h=330 f=3.00 l=3.00 b=3.00 r=3.00 sig=0.014
    8.3 P (3.46,-0.77) h=331 f=3.00 l=3.00 b=3.00 r=3.00 sig=0.010
   12.4 P (5.41,-1.97) h=326 f=3.00 l=3.00 b=3.00 r=2.99 sig=0.017
   16.6 P (7.31,-3.17) h=328 f=3.00 l=2.98 b=3.00 r=3.00 sig=0.017
   20.6 P (9.20,-4.35) h=328 f=3.00 l=3.00 b=3.00 r=3.00 sig=0.020
   24.7 P (11.12,-5.55) h=325 f=3.00 l=2.99 b=3.00 r=2.99 sig=0.033
   28.7 P (12.97,-6.71) h=329 f=3.00 l=3.00 b=3.00 r=3.00 sig=0.016
   32.9 P (14.92,-7.94) h=326 f=3.00 l=3.00 b=3.00 r=2.99 sig=0.029
   36.9 P (16.79,-9.12) h=328 f=3.00 l=3.00 b=2.98 r=3.00 sig=0.027
   40.9 P (18.65,-10.27) h=329 f=3.00 l=3.00 b=3.00 r=3.00 sig=0.019
   45.1 P (20.58,-11.49) h=326 f=3.00 l=3.00 b=3.00 r=2.99 sig=0.036
   49.2 P (22.52,-12.70) h=327 f=3.00 l=3.00 b=3.00 r=3.00 sig=0.042
   53.2 P (24.40,-13.87) h=328 f=2.99 l=2.99 b=3.00 r=3.00 sig=0.044
   57.3 P (26.30,-15.05) h=327 f=3.00 l=3.00 b=3.00 r=2.99 sig=0.054
   61.5 P (28.24,-16.27) h=329 f=3.00 l=3.00 b=3.00 r=3.00 sig=0.072
   65.5 P (30.13,-17.44) h=327 f=2.99 l=3.00 b=3.00 r=3.00 sig=0.081
   69.6 P (32.05,-18.65) h=330 f=3.00 l=2.99 b=3.00 r=3.00 sig=0.098
   73.7 P (33.94,-19.82) h=330 f=3.00 l=3.00 b=3.00 r=2.03 sig=0.130
