turn north: True h= 14.8 d6= 0
b0=1.40 d6=0 h=15 b4=1.96 b12=0.20
b0=1.41 d6=0 h=14 b4=1.96 b12=0.20
b0=1.40 d6=0 h=20 b4=1.95 b12=0.21
b0=1.40 d6=0 h=18 b4=1.97 b12=0.23
b0=1.41 d6=0 h=18 b4=1.95 b12=0.19
b0=1.39 d6=0 h=13 b4=1.98 b12=0.18
b0=1.38 d6=0 h=16 b4=2.00 b12=0.21
b0=1.40 d6=0 h=17 b4=2.29 b12=0.20
b0=1.41 d6=0 h=16 b4=2.33 b12=0.23
b0=1.41 d6=0 h=13 b4=2.33 b12=0.18
b0=1.66 d6=0 h=16 b4=2.30 b12=0.20
b0=1.67 d6=0 h=16 b4=2.30 b12=0.19
b0=1.67 d6=0 h=14 b4=2.26 b12=0.20
b0=1.68 d6=0 h=10 b4=2.25 b12=0.18
b0=1.95 d6=0 h=12 b4=2.22 b12=0.16
b0=1.94 d6=0 h=9 b4=0.38 b12=0.17
b0=1.91 d6=0 h=13 b4=0.37 b12=0.19
b0=1.91 d6=0 h=10 b4=0.35 b12=0.19
b0=1.91 d6=0 h=8 b4=0.35 b12=0.19
b0=1.88 d6=0 h=8 b4=0.33 b12=0.20
b0=1.90 d6=0 h=7 b4=0.32 b12=0.22
b0=1.88 d6=0 h=12 b4=0.32 b12=0.24
b0=1.88 d6=0 h=10 b4=0.31 b12=0.26
b0=2.35 d6=0 h=7 b4=0.32 b12=0.29
b0=2.34 d6=0 h=12 b4=0.33 b12=0.31
b0=2.35 d6=0 h=9 b4=0.36 b12=0.32
b0=2.34 d6=0 h=6 b4=0.34 b12=0.32
b0=2.33 d6=0 h=9 b4=0.36 b12=0.30
b0=2.36 d6=0 h=9 b4=0.38 b12=0.30
b0=-1.00 d6=0 h=9 b4=0.41 b12=0.31
b0=2.57 d6=0 h=9 b4=0.41 b12=0.30
b0=2.58 d6=0 h=9 b4=0.40 b12=0.28
b0=2.65 d6=0 h=9 b4=0.41 b12=0.27
b0=2.65 d6=0 h=10 b4=0.38 b12=0.27
b0=2.63 d6=0 h=8 b4=0.36 b12=0.26
b0=2.59 d6=0 h=4 b4=0.33 b12=0.24
b0=2.55 d6=0 h=6 b4=0.32 b12=0.26
b0=2.56 d6=0 h=6 b4=0.30 b12=0.24
b0=2.51 d6=0 h=6 b4=0.29 b12=0.24
b0=2.50 d6=0 h=5 b4=0.31 b12=0.26
b0=2.50 d6=0 h=10 b4=0.28 b12=0.24
b0=2.46 d6=0 h=6 b4=0.28 b12=0.26
b0=2.43 d6=0 h=5 b4=0.29 b12=0.27
b0=2.42 d6=0 h=4 b4=0.32 b12=0.28
b0=2.40 d6=0 h=4 b4=0.31 b12=0.29
b0=2.38 d6=0 h=6 b4=0.30 b12=0.29
b0=2.37 d6=0 h=10 b4=0.31 b12=0.28
b0=2.34 d6=0 h=10 b4=0.30 b12=0.27
b0=2.31 d6=0 h=2 b4=0.31 b12=0.28
b0=2.32 d6=0 h=4 b4=0.29 b12=0.26
b0=2.30 d6=0 h=4 b4=0.30 b12=0.26
b0=2.27 d6=0 h=3 b4=0.30 b12=0.28
b0=2.28 d6=0 h=7 b4=0.32 b12=0.27
b0=2.24 d6=0 h=6 b4=-1.00 b12=0.23
b0=2.21 d6=0 h=5 b4=0.33 b12=0.25
b0=2.22 d6=0 h=2 b4=0.35 b12=0.23
b0=2.20 d6=0 h=7 b4=0.35 b12=0.24
b0=2.15 d6=0 h=0 b4=0.32 b12=0.25
b0=2.16 d6=0 h=1 b4=0.32 b12=0.23
b0=2.14 d6=0 h=1 b4=0.30 b12=0.27
b0=2.12 d6=0 h=3 b4=0.30 b12=0.27
b0=2.09 d6=0 h=4 b4=0.27 b12=0.27
b0=2.10 d6=0 h=4 b4=0.25 b12=0.28
b0=2.07 d6=0 h=3 b4=0.23 b12=0.29
b0=2.05 d6=0 h=5 b4=0.22 b12=0.29
b0=2.02 d6=0 h=3 b4=0.24 b12=0.30
b0=2.01 d6=0 h=7 b4=0.23 b12=0.32
b0=1.99 d6=0 h=3 b4=0.26 b12=0.33
b0=1.98 d6=0 h=6 b4=0.27 b12=0.33
b0=1.97 d6=0 h=359 b4=0.26 b12=-1.00
b0=1.96 d6=0 h=3 b4=0.31 b12=0.34
b0=1.92 d6=0 h=6 b4=0.33 b12=0.34
b0=1.93 d6=0 h=1 b4=0.31 b12=0.32
b0=1.91 d6=0 h=6 b4=0.31 b12=0.33
b0=1.89 d6=0 h=2 b4=0.34 b12=0.34
b0=1.85 d6=0 h=4 b4=0.32 b12=0.33
b0=1.83 d6=0 h=1 b4=-1.00 b12=0.31
b0=1.82 d6=0 h=7 b4=0.28 b12=0.33
b0=1.82 d6=0 h=7 b4=0.28 b12=0.32
b0=1.78 d6=0 h=2 b4=0.26 b12=0.32
b0=1.78 d6=0 h=3 b4=0.28 b12=0.31
b0=1.75 d6=0 h=5 b4=0.28 b12=0.36
b0=1.73 d6=0 h=5 b4=0.24 b12=0.36
b0=1.75 d6=0 h=4 b4=0.26 b12=0.36
b0=1.69 d6=0 h=2 b4=0.26 b12=0.36
b0=1.68 d6=0 h=3 b4=0.25 b12=0.37
b0=1.66 d6=0 h=1 b4=0.25 b12=0.36
b0=1.68 d6=0 h=4 b4=0.23 b12=0.38
b0=1.64 d6=0 h=2 b4=0.23 b12=0.37
b0=1.62 d6=0 h=5 b4=0.22 b12=0.36
b0=1.60 d6=0 h=1 b4=0.21 b12=0.37
b0=1.59 d6=0 h=3 b4=0.21 b12=0.36
b0=1.57 d6=0 h=3 b4=0.21 b12=0.36
b0=1.56 d6=0 h=3 b4=0.23 b12=0.37
b0=1.54 d6=0 h=0 b4=0.26 b12=0.35
b0=1.52 d6=0 h=3 b4=0.26 b12=0.32
b0=1.52 d6=0 h=6 b4=0.27 b12=0.34
b0=1.48 d6=0 h=3 b4=0.30 b12=0.33
b0=1.49 d6=0 h=2 b4=0.29 b12=0.32
b0=1.44 d6=0 h=6 b4=0.32 b12=0.32
b0=1.43 d6=0 h=6 b4=0.31 b12=0.32
b0=1.43 d6=0 h=3 b4=0.31 b12=0.32
b0=1.41 d6=0 h=3 b4=0.31 b12=0.32
b0=1.37 d6=0 h=3 b4=0.29 b12=0.32
b0=1.36 d6=0 h=1 b4=0.29 b12=0.34
b0=1.36 d6=0 h=1 b4=0.27 b12=0.34
b0=1.33 d6=0 h=2 b4=0.27 b12=0.33
b0=1.31 d6=0 h=3 b4=0.25 b12=0.36
b0=1.31 d6=0 h=5 b4=0.24 b12=0.33
b0=1.28 d6=0 h=4 b4=0.23 b12=0.36
b0=1.26 d6=0 h=2 b4=0.23 b12=0.35
b0=1.24 d6=0 h=3 b4=0.22 b12=0.37
b0=1.24 d6=0 h=5 b4=0.21 b12=0.35
b0=1.22 d6=0 h=1 b4=0.24 b12=0.37
b0=1.19 d6=0 h=2 b4=0.24 b12=0.37
b0=1.16 d6=0 h=3 b4=0.24 b12=0.39
b0=1.14 d6=0 h=2 b4=0.24 b12=0.35
b0=1.13 d6=0 h=3 b4=0.24 b12=0.34
b0=1.11 d6=0 h=1 b4=0.26 b12=0.34
b0=1.09 d6=0 h=359 b4=0.26 b12=0.34
b0=1.08 d6=0 h=8 b4=0.26 b12=0.31
b0=1.06 d6=0 h=4 b4=0.27 b12=0.33
b0=1.07 d6=0 h=4 b4=0.28 b12=0.32
b0=1.03 d6=0 h=3 b4=0.28 b12=0.33
b0=1.00 d6=0 h=4 b4=0.26 b12=0.30
b0=1.02 d6=0 h=1 b4=0.26 b12=0.32
b0=0.97 d6=0 h=359 b4=0.23 b12=0.30
b0=0.95 d6=0 h=360 b4=0.24 b12=0.32
b0=0.96 d6=0 h=8 b4=0.21 b12=0.33
b0=0.93 d6=0 h=5 b4=0.22 b12=0.34
b0=0.92 d6=0 h=6 b4=0.20 b12=0.35
b0=0.90 d6=0 h=2 b4=0.18 b12=0.36
b0=0.87 d6=0 h=4 b4=0.18 b12=0.38
b0=0.86 d6=0 h=5 b4=0.18 b12=0.37
b0=0.84 d6=0 h=3 b4=0.21 b12=0.37
b0=0.83 d6=0 h=3 b4=0.20 b12=0.38
b0=0.81 d6=0 h=2 b4=0.23 b12=0.41
b0=0.78 d6=0 h=3 b4=0.24 b12=0.40
b0=0.79 d6=0 h=2 b4=0.26 b12=0.41
b0=0.76 d6=0 h=360 b4=0.28 b12=0.39
final [0.753, 0.64, 0.36, 0.297, 0.27, 0.242, 0.322, 0.588, 2.813, 0.974, 0.441, 0.396, 0.411, 1.609, 0.891, 0.772] 5.5 d6= 0
