0 h 184.7 bump 0 s0..3 [1.614, 1.081, 0.614, 0.49]
1 h 183.4 bump 0 s0..3 [1.619, 1.07, 0.597, 0.506]
2 h 183.4 bump 0 s0..3 [1.615, 1.065, 0.599, 0.491]
3 h 183.9 bump 0 s0..3 [1.614, -1.0, 0.6, 0.492]
4 h 183.3 bump 0 s0..3 [1.622, 1.07, 0.6, 0.475]
5 h 183.2 bump 0 s0..3 [1.605, 1.09, 0.614, 0.485]
6 h 184.0 bump 0 s0..3 [1.609, 1.086, 0.591, 0.483]
7 h 182.8 bump 0 s0..3 [1.614, 1.085, 0.598, 0.482]
8 h 184.0 bump 0 s0..3 [1.624, 1.07, 0.587, 0.488]
9 h 184.1 bump 0 s0..3 [1.594, 1.071, 0.608, 0.479]
10 h 183.0 bump 0 s0..3 [1.61, 1.079, 0.607, 0.482]
11 h 183.5 bump 0 s0..3 [1.608, 1.078, 0.602, -1.0]
12 h 184.6 bump 0 s0..3 [1.624, 1.078, 0.61, 0.477]
13 h 180.7 bump 0 s0..3 [1.622, 1.084, 0.615, 0.495]
14 h 180.0 bump 0 s0..3 [1.626, 1.081, 0.603, 0.477]
15 h 183.0 bump 0 s0..3 [1.612, 1.069, 0.616, 0.481]
16 h 182.2 bump 0 s0..3 [1.613, 1.05, 0.595, -1.0]
17 h 185.6 bump 0 s0..3 [1.613, 1.086, 0.613, 0.491]
18 h 184.1 bump 0 s0..3 [1.628, 1.082, 0.601, 0.482]
19 h 184.3 bump 0 s0..3 [1.617, 1.066, 0.603, 0.486]
20 h 180.8 bump 0 s0..3 [1.624, 1.074, 0.606, 0.481]
21 h 185.3 bump 0 s0..3 [1.618, 1.076, 0.609, 0.499]
22 h 182.9 bump 0 s0..3 [1.621, 1.08, 0.588, 0.468]
23 h 184.9 bump 0 s0..3 [1.62, 1.077, 0.598, 0.489]
24 h 182.3 bump 0 s0..3 [1.624, 1.083, 0.611, 0.475]
25 h 186.1 bump 0 s0..3 [1.602, 1.067, 0.608, 0.479]
26 h 182.0 bump 0 s0..3 [1.614, 1.074, 0.616, 0.484]
27 h 182.2 bump 0 s0..3 [1.622, 1.077, 0.605, 0.476]
28 h 183.0 bump 0 s0..3 [1.609, 1.052, 0.618, 0.505]
29 h 184.1 bump 0 s0..3 [1.613, 1.065, 0.59, 0.501]
