{"pose": [0.0, 0.0], "H": 90, "sig": 0.378, "scan": [1.39, 0.47, 0.27, 0.23, 0.24, 0.35, 0.51, 0.43, 0.48, 0.45, 0.3, 0.23, 0.23, 0.28, 0.4, 0.8], "st": "tick=48612 goal=0 here=0", "t": 1788316465.6}
{"move": 0.45, "reason": "dist", "H": 90, "t": 1788316471.3}
{"pose": [0.0, 0.45], "H": 90, "sig": 0.397, "scan": [2.49, 0.55, 0.38, 0.23, 0.24, 0.3, 0.36, 0.48, 0.55, 0.51, 0.3, 0.24, 0.21, 0.25, 0.36, 0.55], "st": "tick=49185 goal=0 here=0", "t": 1788316471.3}
{"move": 0.45, "reason": "dist", "H": 90, "t": 1788316476.1}
{"pose": [0.0, 0.9], "H": 90, "sig": 0.384, "scan": [2.47, 0.55, 0.38, 0.24, 0.23, 0.27, 0.37, 0.52, 0.57, 0.52, 0.32, 0.25, 0.22, 0.27, 0.34, 0.69], "st": "tick=49663 goal=0 here=0", "t": 1788316476.1}
{"move": 0.48, "reason": "dist", "H": 90, "t": 1788316481.4}
{"pose": [0.0, 1.38], "H": 90, "sig": 0.349, "scan": [2.45, 0.68, 0.38, 0.24, 0.22, 0.24, 0.39, 0.56, 0.6, 0.54, 0.33, 0.24, 0.24, 0.27, 0.33, 0.68], "st": "tick=50192 goal=0 here=0", "t": 1788316481.4}
{"move": 0.45, "reason": "dist", "H": 90, "t": 1788316486.0}
{"pose": [0.0, 1.83], "H": 90, "sig": 0.359, "scan": [2.42, 0.67, 0.37, 0.25, 0.21, 0.25, 0.4, 0.57, 0.61, 0.53, 0.34, 0.26, 0.23, 0.28, 0.33, 0.65], "st": "tick=50657 goal=0 here=0", "t": 1788316486.1}
{"move": 0.44, "reason": "dist", "H": 90, "t": 1788316490.8}
{"pose": [0.0, 2.27], "H": 90, "sig": 0.432, "scan": [2.39, 0.65, 0.35, 0.26, 0.22, 0.25, 0.41, 0.61, 0.64, 0.57, 0.34, 0.24, 0.23, 0.28, 0.32, 0.64], "st": "tick=51131 goal=0 here=0", "t": 1788316490.8}
{"move": 0.45, "reason": "dist", "H": 90, "t": 1788316495.3}
{"pose": [0.0, 2.72], "H": 90, "sig": 0.448, "scan": [2.36, 0.62, 0.35, 0.26, 0.21, 0.24, 0.41, 0.64, 0.66, 0.57, 0.31, 0.25, 0.25, 0.28, 0.32, 0.62], "st": "tick=51585 goal=0 here=0", "t": 1788316495.3}
{"move": 0.46, "reason": "dist", "H": 90, "t": 1788316500.3}
{"pose": [0.0, 3.18], "H": 90, "sig": 0.365, "scan": [2.35, 0.62, 0.33, 0.29, 0.23, 0.24, 0.41, 0.67, 0.67, 0.59, 0.3, 0.25, 0.27, 0.26, 0.31, 0.58], "st": "tick=52083 goal=0 here=0", "t": 1788316500.3}
{"move": 0.44, "reason": "dist", "H": 90, "t": 1788316504.8}
{"pose": [0.0, 3.62], "H": 90, "sig": 0.31, "scan": [2.33, 0.6, 0.33, 0.29, 0.22, 0.23, 0.4, 0.7, 0.7, 0.46, 0.32, 0.25, 0.27, 0.27, 0.3, 0.58], "st": "tick=52542 goal=0 here=0", "t": 1788316504.9}
{"move": 0.44, "reason": "dist", "H": 90, "t": 1788316509.4}
{"pose": [0.0, 4.06], "H": 90, "sig": 0.37, "scan": [2.29, 0.57, 0.31, 0.28, 0.24, 0.24, 0.34, 0.71, 0.74, 0.49, 0.32, 0.25, 0.26, 0.26, 0.31, 0.56], "st": "tick=52996 goal=0 here=0", "t": 1788316509.5}
{"move": 0.44, "reason": "dist", "H": 90, "t": 1788316514.2}
{"pose": [0.0, 4.5], "H": 90, "sig": 0.374, "scan": [2.29, 0.56, 0.3, 0.28, 0.25, 0.23, 0.34, 0.73, 0.74, 0.49, 0.32, 0.26, 0.27, 0.26, 0.3, 0.54], "st": "tick=53475 goal=0 here=0", "t": 1788316514.2}
{"move": 0.46, "reason": "dist", "H": 90, "t": 1788316519.0}
{"pose": [0.0, 4.96], "H": 90, "sig": 0.364, "scan": [2.25, 0.54, 0.31, 0.28, 0.26, 0.24, 0.32, 0.77, 0.77, 0.5, 0.32, 0.27, 0.26, 0.25, 0.3, 0.54], "st": "tick=53949 goal=0 here=0", "t": 1788316519.0}
{"move": 0.45, "reason": "dist", "H": 90, "t": 1788316523.8}
{"pose": [0.0, 5.41], "H": 90, "sig": 0.361, "scan": [2.23, 0.52, 0.3, 0.27, 0.26, 0.26, 0.31, 0.77, 0.8, 0.52, 0.31, 0.27, 0.25, 0.24, 0.32, 0.52], "st": "tick=54433 goal=0 here=0", "t": 1788316523.8}
{"move": 0.46, "reason": "dist", "H": 90, "t": 1788316528.6}
{"pose": [0.0, 5.87], "H": 90, "sig": 0.382, "scan": [2.21, 0.49, 0.31, 0.26, 0.26, 0.25, 0.3, 0.79, 0.81, 0.53, 0.32, 0.28, 0.25, 0.24, 0.32, 0.71], "st": "tick=54912 goal=0 here=0", "t": 1788316528.6}
{"move": 0.45, "reason": "dist", "H": 90, "t": 1788316533.2}
{"pose": [0.0, 6.32], "H": 90, "sig": 0.385, "scan": [2.18, 0.48, 0.29, 0.26, 0.25, 0.26, 0.32, 0.82, 0.84, 0.56, 0.33, 0.28, 0.23, 0.25, 0.31, 0.7], "st": "tick=55371 goal=0 here=0", "t": 1788316533.2}
{"move": 0.46, "reason": "dist", "H": 90, "t": 1788316538.1}
{"pose": [0.0, 6.78], "H": 90, "sig": 0.39, "scan": [2.16, 0.49, 0.3, 0.25, 0.25, 0.26, 0.29, 0.65, 0.86, 0.57, 0.33, 0.28, 0.23, 0.22, 0.34, 0.71], "st": "tick=55860 goal=0 here=0", "t": 1788316538.1}
{"move": 0.46, "reason": "dist", "H": 90, "t": 1788316542.8}
{"pose": [0.0, 7.24], "H": 90, "sig": 0.391, "scan": [2.16, 0.47, 0.29, 0.24, 0.25, 0.29, 0.31, 0.66, 0.88, 0.6, 0.34, 0.27, 0.23, 0.22, 0.4, 0.69], "st": "tick=56333 goal=0 here=0", "t": 1788316542.8}
{"move": 0.46, "reason": "dist", "H": 90, "t": 1788316547.8}
{"pose": [0.0, 7.7], "H": 90, "sig": 0.401, "scan": [2.11, 0.64, 0.39, 0.24, 0.23, 0.28, 0.31, 0.65, 0.91, 0.62, 0.35, 0.28, 0.22, 0.24, 0.38, 0.66], "st": "tick=56838 goal=0 here=0", "t": 1788316547.9}
{"move": 0.46, "reason": "dist", "H": 90, "t": 1788316552.4}
{"pose": [0.0, 8.16], "H": 90, "sig": 0.394, "scan": [2.1, 0.64, 0.38, 0.24, 0.23, 0.3, 0.33, 0.69, 0.92, 0.63, 0.36, 0.24, 0.21, 0.24, 0.38, 0.65], "st": "tick=57292 goal=0 here=0", "t": 1788316552.4}
{"move": 0.46, "reason": "dist", "H": 90, "t": 1788316557.1}
{"pose": [0.0, 8.62], "H": 90, "sig": 0.402, "scan": [2.07, 0.61, 0.37, 0.23, 0.23, 0.3, 0.33, 0.7, 0.95, 0.62, 0.37, 0.25, 0.22, 0.25, 0.37, 0.66], "st": "tick=57761 goal=0 here=0", "t": 1788316557.1}
{"move": 0.44, "reason": "dist", "H": 90, "t": 1788316561.7}
{"pose": [0.0, 9.06], "H": 90, "sig": 0.397, "scan": [2.06, 0.61, 0.35, 0.21, 0.21, 0.28, 0.34, 0.7, 0.97, 0.62, 0.37, 0.25, 0.22, 0.23, 0.34, 0.65], "st": "tick=58219 goal=0 here=0", "t": 1788316561.7}
{"move": 0.43, "reason": "dist", "H": 90, "t": 1788316566.3}
{"pose": [0.0, 9.49], "H": 90, "sig": 0.355, "scan": [2.03, 0.6, 0.35, 0.23, 0.23, 0.27, 0.35, 0.72, 1.0, 0.58, 0.37, 0.23, 0.22, 0.23, 0.32, 0.64], "st": "tick=58689 goal=0 here=0", "t": 1788316566.4}
{"move": 0.45, "reason": "dist", "H": 90, "t": 1788316571.1}
{"pose": [0.0, 9.94], "H": 90, "sig": 0.42, "scan": [2.0, 0.59, 0.33, 0.23, 0.22, 0.26, 0.37, 0.75, 1.02, 0.6, 0.37, 0.24, 0.23, 0.28, 0.32, 0.65], "st": "tick=59164 goal=0 here=0", "t": 1788316571.1}
{"move": 0.46, "reason": "dist", "H": 90, "t": 1788316575.7}
