start heading 45.5 snap 90
step 0 h 90 F 0.252 L 0.369 R 0.641 -> right
step 1 h 0 F 0.197 L 0.753 R 0.23 -> left
step 2 h 90 F 0.262 L 0.295 R 1.199 -> right
step 3 h 0 F 0.702 L 0.27 R 0.201 -> straight
step 4 h 0 F 0.216 L 1.3 R 0.224 -> left
step 5 h 90 F 0.79 L 0.267 R 0.21 -> straight
step 6 h 90 F 0.325 L 0.794 R 0.214 -> left
step 7 h 180 F 0.291 L 0.197 R 0.797 -> right
step 8 h 90 F 0.293 L 0.298 R 0.702 -> right
start heading 145.5 snap 180
step 0 h 180 F 0.201 L 0.647 R 1.364 -> left
step 1 h 270 F 0.172 L 0.802 R 0.19 -> left
step 2 h 0 F 0.315 L 0.311 R 0.684 -> right
step 3 h 270 F 0.212 L 0.31 R 0.693 -> right
step 4 h 180 F 0.199 L 0.723 R 0.281 -> left
step 5 h 270 F 0.235 L 0.821 R 0.2 -> left
step 6 h 0 F 0.327 L 0.271 R 1.23 -> right
step 7 h 270 F 0.719 L 0.297 R 0.176 -> straight
step 8 h 270 F 0.232 L 0.325 R 1.192 -> right
step 9 h 180 F 0.692 L 0.228 R 0.254 -> straight
step 10 h 180 F 0.209 L 0.756 R 0.241 -> left
step 11 h 270 F 0.256 L 0.286 R 0.704 -> right
step 12 h 180 F 0.203 L 0.28 R 0.204 -> back
step 13 h 0 F 0.292 L 0.738 R 0.267 -> left
step 14 h 90 F 9.9 L 0.221 R 1.299 -> straight
step 15 h 90 F 0.202 L 0.221 R 1.282 -> right
step 16 h 0 F 0.786 L 0.202 R 0.26 -> straight
step 17 h 0 F 0.297 L 1.238 R 0.266 -> left
step 18 h 90 F 0.74 L 0.219 R 0.27 -> straight
step 19 h 90 F 0.256 L 0.724 R 0.265 -> left
step 20 h 180 F 0.239 L 0.253 R 0.754 -> right
step 21 h 90 F 0.252 L 0.252 R 0.754 -> right
step 22 h 0 F 0.263 L 0.771 R 0.24 -> left
step 23 h 90 F 0.266 L 0.743 R 0.246 -> left
step 24 h 180 F 0.262 L 0.233 R 1.745 -> right
step 25 h 90 F 1.253 L 0.267 R 0.229 -> straight
step 26 h 90 F 0.781 L 0.279 R 0.226 -> straight
step 27 h 90 F 0.298 L 1.266 R 0.715 -> left
step 28 h 180 F 0.792 L 0.232 R 0.26 -> straight
step 29 h 180 F 0.293 L 1.744 R 0.26 -> left
step 30 h 270 F 1.24 L 0.208 R 0.297 -> straight
step 31 h 270 F 0.748 L 0.226 R 0.287 -> straight
step 32 h 270 F 0.265 L 0.726 R 0.268 -> left
step 33 h 0 F 0.232 L 1.24 R 1.249 -> left
step 34 h 90 F 0.758 L 0.254 R 0.237 -> straight
step 35 h 90 F 0.262 L 0.249 R 0.238 -> back
step 36 h 270 F 1.735 L 0.259 R 0.25 -> straight
step 37 h 270 F 1.276 L 0.258 R 0.736 -> straight
step 38 h 270 F 0.783 L 0.268 R 0.223 -> straight
step 39 h 270 F 0.292 L 0.276 R 0.732 -> right
step 40 h 180 F 0.242 L 1.296 R 0.696 -> left
step 41 h 270 F 0.795 L 1.259 R 0.227 -> left
step 42 h 0 F 0.792 L 0.199 R 0.312 -> straight
step 43 h 0 F 0.311 L 0.228 R 0.277 -> back
step 44 h 180 F 0.723 L 0.271 R 0.228 -> straight
step 45 h 180 F 0.203 L 0.792 R 1.22 -> left
step 46 h 270 F 0.283 L 0.282 R 0.218 -> back
step 47 h 90 F 1.233 L 0.227 R 1.273 -> straight
step 48 h 90 F 0.735 L 0.239 R 0.75 -> straight
step 49 h 90 F 0.232 L 0.254 R 0.249 -> back
step 50 h 270 F 1.257 L 0.753 R 0.236 -> left
step 51 h 0 F 0.27 L 2.24 R 0.24 -> left
step 52 h 90 F 1.758 L 0.251 R 0.265 -> straight
step 53 h 90 F 1.262 L 0.747 R 0.25 -> left
step 54 h 180 F 0.258 L 0.229 R 1.765 -> right
step 55 h 90 F 1.286 L 9.9 R 0.253 -> left
step 56 h 180 F 0.193 L 0.728 R 1.301 -> left
step 57 h 270 F 0.252 L 0.804 R 0.199 -> left
step 58 h 0 F 0.315 L 1.238 R 1.228 -> left
step 59 h 90 F 0.776 L 0.195 R 0.298 -> straight
step 60 h 90 F 0.282 L 0.205 R 0.293 -> back
step 61 h 270 F 1.731 L 0.277 R 0.228 -> straight
step 62 h 270 F 1.245 L 0.282 R 0.72 -> straight
step 63 h 270 F 0.751 L 0.291 R 0.226 -> straight
step 64 h 270 F 0.255 L 0.284 R 0.724 -> right
step 65 h 180 F 0.226 L 1.268 R 0.72 -> left
step 66 h 270 F 0.771 L 1.303 R 0.208 -> left
step 67 h 0 F 0.779 L 0.233 R 0.268 -> straight
step 68 h 0 F 0.292 L 0.25 R 0.246 -> back
step 69 h 180 F 0.713 L 0.237 R 0.261 -> straight
step 70 h 180 F 0.213 L 0.754 R 1.241 -> left
step 71 h 270 F 0.266 L 0.292 R 0.194 -> back
step 72 h 90 F 1.21 L 0.222 R 1.27 -> straight
step 73 h 90 F 0.746 L 0.225 R 0.752 -> straight
step 74 h 90 F 0.248 L 0.238 R 0.239 -> back
step 75 h 270 F 1.259 L 0.754 R 0.241 -> left
step 76 h 0 F 0.272 L 2.252 R 0.255 -> left
step 77 h 90 F 1.771 L 0.244 R 0.263 -> straight
step 78 h 90 F 1.302 L 0.772 R 0.273 -> left
step 79 h 180 F 0.255 L 0.241 R 1.767 -> right
step 80 h 90 F 1.273 L 0.27 R 0.238 -> straight
step 81 h 90 F 0.76 L 0.268 R 0.217 -> straight
step 82 h 90 F 0.292 L 0.295 R 1.718 -> right
step 83 h 0 F 1.219 L 0.276 R 0.23 -> straight
step 84 h 0 F 0.741 L 0.29 R 1.712 -> straight
step 85 h 0 F 0.252 L 0.3 R 1.205 -> right
step 86 h 270 F 0.731 L 0.258 R 0.241 -> straight
step 87 h 270 F 0.212 L 1.761 R 0.247 -> left
step 88 h 0 F 1.284 L 0.29 R 0.209 -> straight
step 89 h 0 F 0.796 L 0.281 R 0.215 -> straight
step 90 h 0 F 0.305 L 1.306 R 0.2 -> left
step 91 h 90 F 0.82 L 0.215 R 0.285 -> straight
step 92 h 90 F 0.312 L 0.741 R 1.255 -> left
step 93 h 180 F 0.236 L 0.685 R 0.306 -> left
step 94 h 270 F 0.198 L 9.9 R 0.728 -> left
step 95 h 0 F 0.166 L 0.801 R 0.188 -> left
step 96 h 90 F 0.32 L 0.313 R 1.694 -> right
step 97 h 0 F 1.186 L 0.308 R 1.186 -> straight
step 98 h 0 F 0.711 L 0.303 R 0.196 -> straight
step 99 h 0 F 0.211 L 0.314 R 2.198 -> right
step 100 h 270 F 1.694 L 0.211 R 0.29 -> straight
step 101 h 270 F 1.213 L 0.233 R 0.255 -> straight
step 102 h 270 F 0.715 L 0.247 R 0.264 -> straight
step 103 h 270 F 0.222 L 0.263 R 1.72 -> right
step 104 h 180 F 1.229 L 0.25 R 0.249 -> straight
step 105 h 180 F 0.75 L 0.257 R 0.223 -> straight
step 106 h 180 F 0.238 L 0.754 R 0.22 -> left
step 107 h 270 F 0.29 L 1.751 R 0.249 -> left
step 108 h 0 F 1.253 L 0.235 R 0.271 -> straight
step 109 h 0 F 0.769 L 0.255 R 0.251 -> straight
step 110 h 0 F 0.28 L 0.253 R 0.734 -> right
step 111 h 270 F 0.232 L 0.277 R 0.737 -> right
step 112 h 180 F 0.249 L 1.264 R 0.239 -> left
step 113 h 270 F 0.76 L 0.262 R 0.23 -> straight
step 114 h 270 F 0.279 L 0.783 R 2.726 -> left
step 115 h 0 F 0.292 L 0.749 R 0.255 -> left
step 116 h 90 F 0.223 L 0.222 R 0.258 -> back
step 117 h 270 F 0.261 L 0.27 R 3.0 -> right
step 118 h 180 F 2.707 L 0.267 R 1.223 -> straight
step 119 h 180 F 2.228 L 0.291 R 0.22 -> straight
step 120 h 180 F 1.738 L 0.281 R 0.222 -> straight
step 121 h 180 F 1.257 L 0.276 R 2.704 -> straight
step 122 h 180 F 0.756 L 0.273 R 0.2 -> straight
step 123 h 180 F 0.257 L 0.279 R 0.202 -> back
step 124 h 0 F 2.75 L 0.223 R 0.285 -> straight
step 125 h 0 F 2.265 L 2.733 R 0.254 -> left
step 126 h 90 F 2.263 L 0.253 R 0.225 -> straight
step 127 h 90 F 1.763 L 0.266 R 0.72 -> straight
step 128 h 90 F 1.259 L 0.274 R 0.225 -> straight
step 129 h 90 F 0.763 L 0.288 R 0.224 -> straight
step 130 h 90 F 0.292 L 0.275 R 1.713 -> right
step 131 h 0 F 1.223 L 0.313 R 0.186 -> straight
step 132 h 0 F 0.735 L 0.296 R 0.203 -> straight
step 133 h 0 F 0.253 L 1.286 R 0.216 -> left
step 134 h 90 F 0.808 L 0.264 R 0.226 -> straight
GOAL after 135 steps
