[1788376026] NAV v3 START
[1788376027] adj 0.00,0.00->-0.20,-0.20
[1788376027] NO FRONTIER (idle=1) - spin 90
[1788376028] adj -0.20,-0.20->-0.25,-0.30
[1788376028] NO FRONTIER (idle=2) - spin 90
[1788376029] scan read fail
[1788376030] adj -0.24,-0.30->-0.24,-0.20
[1788376030] NO FRONTIER (idle=3) - spin 90
[1788376031] adj -0.25,-0.20->-0.25,-0.30
[1788376031] NO FRONTIER (idle=4) - spin 90
[1788376032] adj -0.25,-0.30->-0.20,-0.25
[1788376032] NO FRONTIER (idle=5) - spin 90
[1788376033] adj -0.20,-0.25->-0.35,-0.35
[1788376033] NO FRONTIER (idle=6) - spin 90
[1788376035] adj -0.34,-0.35->-0.19,-0.30
[1788376035] NO FRONTIER (idle=7) - spin 90
[1788376036] NO FRONTIER repeated; broadcasting
[1788376036] adj -0.20,-0.30->-0.20,-0.20
[1788376036] NO FRONTIER (idle=1) - spin 90
[1788376037] scan read fail
[1788376038] NO FRONTIER (idle=2) - spin 90
[1788376039] adj -0.20,-0.20->-0.20,-0.25
[1788376039] NO FRONTIER (idle=3) - spin 90
[1788376040] adj -0.19,-0.25->-0.19,-0.15
[1788376040] NO FRONTIER (idle=4) - spin 90
[1788376041] adj -0.20,-0.15->-0.20,-0.25
[1788376041] NO FRONTIER (idle=5) - spin 90
[1788376043] adj -0.20,-0.25->-0.25,-0.25
[1788376043] NO FRONTIER (idle=6) - spin 90
[1788376044] adj -0.25,-0.25->-0.25,-0.20
[1788376044] NO FRONTIER (idle=7) - spin 90
[1788376045] NO FRONTIER repeated; broadcasting
[1788376045] NO FRONTIER (idle=1) - spin 90
[1788376046] adj -0.25,-0.19->-0.10,-0.19
[1788376046] NO FRONTIER (idle=2) - spin 90
[1788376047] adj -0.10,-0.20->-0.25,-0.25
[1788376047] NO FRONTIER (idle=3) - spin 90
[1788376049] adj -0.25,-0.25->-0.20,-0.25
[1788376049] NO FRONTIER (idle=4) - spin 90
[1788376050] adj -0.20,-0.25->-0.25,-0.25
[1788376050] NO FRONTIER (idle=5) - spin 90
[1788376051] adj -0.25,-0.25->-0.20,-0.20
[1788376051] NO FRONTIER (idle=6) - spin 90
[1788376052] adj -0.20,-0.20->-0.15,-0.30
[1788376052] NO FRONTIER (idle=7) - spin 90
[1788376053] NO FRONTIER repeated; broadcasting
[1788376053] adj -0.15,-0.30->-0.25,-0.25
[1788376053] NO FRONTIER (idle=1) - spin 90
[1788376054] NO FRONTIER (idle=2) - spin 90
[1788376056] adj -0.25,-0.25->-0.25,-0.20
[1788376056] NO FRONTIER (idle=3) - spin 90
[1788376057] adj -0.25,-0.20->-0.20,-0.25
[1788376057] NO FRONTIER (idle=4) - spin 90
[1788376058] adj -0.20,-0.25->-0.25,-0.25
[1788376058] NO FRONTIER (idle=5) - spin 90
[1788376059] adj -0.25,-0.25->-0.20,-0.25
[1788376059] NO FRONTIER (idle=6) - spin 90
[1788376061] adj -0.20,-0.25->-0.20,-0.30
[1788376061] NO FRONTIER (idle=7) - spin 90
[1788376061] NO FRONTIER repeated; broadcasting
[1788376062] adj -0.20,-0.30->-0.20,-0.25
[1788376062] NO FRONTIER (idle=1) - spin 90
[1788376063] NO FRONTIER (idle=2) - spin 90
[1788376064] adj -0.20,-0.25->-0.35,-0.25
[1788376064] NO FRONTIER (idle=3) - spin 90
[1788376065] NO FRONTIER (idle=4) - spin 90
[1788376067] adj -0.35,-0.25->-0.25,-0.20
[1788376067] NO FRONTIER (idle=5) - spin 90
[1788376068] NO FRONTIER (idle=6) - spin 90
[1788376069] adj -0.25,-0.20->-0.20,-0.25
[1788376069] NO FRONTIER (idle=7) - spin 90
[1788376070] NO FRONTIER repeated; broadcasting
[1788376070] adj -0.19,-0.25->-0.14,-0.20
[1788376070] NO FRONTIER (idle=1) - spin 90
[1788376072] adj -0.15,-0.20->-0.25,-0.25
[1788376072] NO FRONTIER (idle=2) - spin 90
[1788376073] NO FRONTIER (idle=3) - spin 90
[1788376074] NO FRONTIER (idle=4) - spin 90
[1788376076] NO FRONTIER (idle=5) - spin 90
[1788376077] adj -0.25,-0.24->-0.20,-0.24
[1788376077] NO FRONTIER (idle=6) - spin 90
[1788376078] NO FRONTIER (idle=7) - spin 90
[1788376079] NO FRONTIER repeated; broadcasting
[1788376079] NO FRONTIER (idle=1) - spin 90
[1788376081] adj -0.19,-0.25->-0.24,-0.30
[1788376081] NO FRONTIER (idle=2) - spin 90
[1788376082] adj -0.25,-0.29->-0.20,-0.24
[1788376082] NO FRONTIER (idle=3) - spin 90
[1788376083] adj -0.20,-0.25->-0.20,-0.20
[1788376083] NO FRONTIER (idle=4) - spin 90
[1788376084] adj -0.20,-0.20->-0.20,-0.25
[1788376084] NO FRONTIER (idle=5) - spin 90
[1788376086] NO FRONTIER (idle=6) - spin 90
[1788376087] adj -0.20,-0.24->-0.25,-0.19
[1788376087] NO FRONTIER (idle=7) - spin 90
[1788376088] NO FRONTIER repeated; broadcasting
[1788376088] adj -0.25,-0.20->-0.20,-0.25
[1788376088] NO FRONTIER (idle=1) - spin 90
[1788376089] adj -0.20,-0.25->-0.25,-0.20
[1788376089] NO FRONTIER (idle=2) - spin 90
[1788376090] NO FRONTIER (idle=3) - spin 90
[1788376091] adj -0.25,-0.19->-0.30,-0.29
[1788376091] NO FRONTIER (idle=4) - spin 90
[1788376093] adj -0.30,-0.30->-0.25,-0.20
[1788376093] NO FRONTIER (idle=5) - spin 90
[1788376094] adj -0.25,-0.20->-0.20,-0.25
[1788376094] NO FRONTIER (idle=6) - spin 90
[1788376095] NO FRONTIER (idle=7) - spin 90
[1788376096] NO FRONTIER repeated; broadcasting
[1788376097] NO FRONTIER (idle=1) - spin 90
[1788376098] NO FRONTIER (idle=2) - spin 90
[1788376099] NO FRONTIER (idle=3) - spin 90
[1788376100] NO FRONTIER (idle=4) - spin 90
[1788376101] adj -0.20,-0.24->-0.25,-0.24
[1788376101] NO FRONTIER (idle=5) - spin 90
[1788376103] adj -0.25,-0.25->-0.25,-0.20
[1788376103] NO FRONTIER (idle=6) - spin 90
[1788376104] adj -0.24,-0.20->-0.24,-0.25
[1788376104] NO FRONTIER (idle=7) - spin 90
[1788376105] NO FRONTIER repeated; broadcasting
[1788376105] adj -0.24,-0.25->-0.19,-0.20
[1788376105] NO FRONTIER (idle=1) - spin 90
[1788376106] adj -0.20,-0.20->-0.25,-0.20
[1788376106] NO FRONTIER (idle=2) - spin 90
[1788376108] NO FRONTIER (idle=3) - spin 90
[1788376109] adj -0.24,-0.20->-0.14,-0.30
[1788376109] NO FRONTIER (idle=4) - spin 90
[1788376110] adj -0.14,-0.30->-0.24,-0.25
[1788376110] NO FRONTIER (idle=5) - spin 90
[1788376111] adj -0.25,-0.25->-0.20,-0.25
[1788376111] NO FRONTIER (idle=6) - spin 90
[1788376112] adj -0.20,-0.25->-0.25,-0.25
[1788376112] NO FRONTIER (idle=7) - spin 90
[1788376113] NO FRONTIER repeated; broadcasting
[1788376114] adj -0.25,-0.25->-0.20,-0.20
[1788376114] NO FRONTIER (idle=1) - spin 90
[1788376115] NO FRONTIER (idle=2) - spin 90
[1788376117] NO FRONTIER (idle=3) - spin 90
[1788376118] adj -0.20,-0.20->-0.20,-0.25
[1788376118] NO FRONTIER (idle=4) - spin 90
[1788376119] adj -0.20,-0.25->-0.15,-0.20
[1788376119] NO FRONTIER (idle=5) - spin 90
[1788376120] adj -0.14,-0.20->-0.24,-0.25
[1788376120] NO FRONTIER (idle=6) - spin 90
[1788376122] NO FRONTIER (idle=7) - spin 90
[1788376123] NO FRONTIER repeated; broadcasting
[1788376123] NO FRONTIER (idle=1) - spin 90
[1788376124] adj -0.24,-0.25->-0.29,-0.25
[1788376124] NO FRONTIER (idle=2) - spin 90
[1788376125] adj -0.29,-0.25->-0.19,-0.25
[1788376125] NO FRONTIER (idle=3) - spin 90
[1788376126] adj -0.20,-0.24->-0.25,-0.24
[1788376126] NO FRONTIER (idle=4) - spin 90
[1788376128] adj -0.25,-0.25->-0.25,-0.20
[1788376128] NO FRONTIER (idle=5) - spin 90
[1788376129] adj -0.25,-0.20->-0.20,-0.25
[1788376129] NO FRONTIER (idle=6) - spin 90
[1788376130] adj -0.19,-0.25->-0.24,-0.25
[1788376130] NO FRONTIER (idle=7) - spin 90
[1788376131] NO FRONTIER repeated; broadcasting
[1788376132] adj -0.24,-0.24->-0.19,-0.24
[1788376132] NO FRONTIER (idle=1) - spin 90
[1788376133] adj -0.20,-0.25->-0.25,-0.20
[1788376133] NO FRONTIER (idle=2) - spin 90
[1788376134] adj -0.25,-0.20->-0.20,-0.25
[1788376134] NO FRONTIER (idle=3) - spin 90
[1788376135] adj -0.19,-0.25->-0.24,-0.25
[1788376135] NO FRONTIER (idle=4) - spin 90
[1788376137] adj -0.24,-0.24->-0.34,-0.24
[1788376137] NO FRONTIER (idle=5) - spin 90
[1788376138] adj -0.35,-0.25->-0.20,-0.20
[1788376138] NO FRONTIER (idle=6) - spin 90
[1788376139] adj -0.20,-0.20->-0.20,-0.25
[1788376139] NO FRONTIER (idle=7) - spin 90
[1788376140] NO FRONTIER repeated; broadcasting
[1788376140] adj -0.19,-0.25->-0.24,-0.20
[1788376140] NO FRONTIER (idle=1) - spin 90
[1788376141] adj -0.24,-0.20->-0.09,-0.35
[1788376141] NO FRONTIER (idle=2) - spin 90
[1788376143] scan read fail
[1788376143] adj -0.10,-0.35->-0.25,-0.20
[1788376143] NO FRONTIER (idle=3) - spin 90
[1788376144] adj -0.24,-0.20->-0.24,-0.25
[1788376144] NO FRONTIER (idle=4) - spin 90
[1788376145] NO FRONTIER (idle=5) - spin 90
[1788376147] adj -0.24,-0.25->-0.19,-0.25
[1788376147] NO FRONTIER (idle=6) - spin 90
[1788376148] NO FRONTIER (idle=7) - spin 90
[1788376149] NO FRONTIER repeated; broadcasting
[1788376149] adj -0.20,-0.25->-0.25,-0.25
[1788376149] NO FRONTIER (idle=1) - spin 90
[1788376150] adj -0.24,-0.25->-0.24,-0.20
[1788376150] NO FRONTIER (idle=2) - spin 90
[1788376151] adj -0.24,-0.20->-0.19,-0.25
[1788376151] NO FRONTIER (idle=3) - spin 90
[1788376153] adj -0.19,-0.25->-0.24,-0.20
[1788376153] NO FRONTIER (idle=4) - spin 90
[1788376154] adj -0.24,-0.20->-0.24,-0.30
[1788376154] NO FRONTIER (idle=5) - spin 90
[1788376155] adj -0.24,-0.30->-0.24,-0.25
[1788376155] NO FRONTIER (idle=6) - spin 90
[1788376156] adj -0.24,-0.25->-0.19,-0.25
[1788376156] NO FRONTIER (idle=7) - spin 90
[1788376157] NO FRONTIER repeated; broadcasting
[1788376158] NO FRONTIER (idle=1) - spin 90
[1788376159] adj -0.19,-0.25->-0.24,-0.20
[1788376159] NO FRONTIER (idle=2) - spin 90
[1788376160] adj -0.24,-0.20->-0.24,-0.25
[1788376160] NO FRONTIER (idle=3) - spin 90
[1788376161] adj -0.24,-0.25->-0.24,-0.20
[1788376161] NO FRONTIER (idle=4) - spin 90
[1788376162] adj -0.24,-0.20->-0.24,-0.25
[1788376162] NO FRONTIER (idle=5) - spin 90
[1788376164] NO FRONTIER (idle=6) - spin 90
[1788376165] adj -0.24,-0.25->-0.19,-0.25
[1788376165] NO FRONTIER (idle=7) - spin 90
[1788376166] NO FRONTIER repeated; broadcasting
[1788376166] scan read fail
[1788376166] adj -0.19,-0.25->-0.24,-0.25
[1788376166] NO FRONTIER (idle=1) - spin 90
[1788376167] NO FRONTIER (idle=2) - spin 90
[1788376169] adj -0.24,-0.25->-0.19,-0.25
[1788376169] NO FRONTIER (idle=3) - spin 90
[1788376170] adj -0.19,-0.25->-0.24,-0.20
[1788376170] NO FRONTIER (idle=4) - spin 90
[1788376171] NO FRONTIER (idle=5) - spin 90
[1788376172] scan read fail
[1788376173] adj -0.24,-0.20->-0.19,-0.20
[1788376173] NO FRONTIER (idle=6) - spin 90
[1788376174] adj -0.19,-0.20->-0.19,-0.25
[1788376174] NO FRONTIER (idle=7) - spin 90
[1788376175] NO FRONTIER repeated; broadcasting
[1788376175] adj -0.19,-0.25->-0.14,-0.25
[1788376175] NO FRONTIER (idle=1) - spin 90
[1788376177] adj -0.14,-0.25->-0.14,-0.20
[1788376177] NO FRONTIER (idle=2) - spin 90
[1788376178] adj -0.14,-0.20->-0.24,-0.25
[1788376178] NO FRONTIER (idle=3) - spin 90
[1788376179] NO FRONTIER (idle=4) - spin 90
[1788376180] adj -0.24,-0.25->-0.09,-0.20
[1788376180] NO FRONTIER (idle=5) - spin 90
[1788376182] adj -0.09,-0.20->-0.24,-0.25
[1788376182] NO FRONTIER (idle=6) - spin 90
[1788376183] scan read fail
