[1788379353] tick=506666 goal=0 here=0 d0=0 d5=0 d11=0.322 h=306.3 pose=(-13.47,3.96)
[1788379354] tick=506767 goal=0 here=0 d0=0 d5=0 d11=0.330 h=303.4 pose=(-13.47,3.96)
[1788379355] tick=506868 goal=0 here=0 d0=0 d5=0 d11=0.324 h=154.0 pose=(-13.41,3.89)
[1788379356] tick=506970 goal=0 here=0 d0=0 d5=0 d11=0.317 h=None pose=(-13.44,3.91)
[1788379357] tick=507071 goal=0 here=0 d0=0 d5=0 d11=0.347 h=51.1 pose=(-13.46,3.94)
[1788379358] tick=507175 goal=0 here=0 d0=0 d5=0 d11=0.345 h=159.4 pose=(-13.42,3.99)
[1788379359] tick=507275 goal=0 here=0 d0=0 d5=0 d11=0.350 h=219.0 pose=(-13.42,3.98)
[1788379361] tick=507377 goal=0 here=0 d0=0 d5=0 d11=0.346 h=312.3 pose=(0.00,0.00)
[1788379362] tick=507479 goal=0 here=0 d0=0 d5=0 d11=0.370 h=None pose=(-13.41,3.85)
[1788379363] tick=507579 goal=0 here=0 d0=0 d5=0 d11=0.365 h=None pose=(-13.36,3.78)
[1788379364] tick=507680 goal=0 here=0 d0=0 d5=0 d11=0.377 h=44.2 pose=(-13.36,3.78)
[1788379365] tick=507781 goal=0 here=0 d0=0 d5=0 d11=0.380 h=None pose=(-13.34,3.80)
[1788379366] tick=507883 goal=0 here=0 d0=0 d5=0 d11=0.396 h=131.7 pose=(-13.34,3.80)
[1788379367] tick=507986 goal=0 here=0 d0=0 d5=0 d11=0.413 h=267.0 pose=(-13.39,3.86)
[1788379368] tick=508086 goal=0 here=0 d0=0 d5=0 d11=0.401 h=311.5 pose=(-13.39,3.86)
[1788379369] tick=508189 goal=0 here=0 d0=0 d5=0 d11=0.412 h=229.2 pose=(-13.35,3.82)
[1788379370] tick=508291 goal=0 here=0 d0=0 d5=0 d11=0.422 h=188.5 pose=(-13.41,3.76)
[1788379371] tick=508393 goal=0 here=0 d0=0 d5=0 d11=0.433 h=55.4 pose=(-13.42,3.75)
[1788379372] tick=508494 goal=0 here=0 d0=0 d5=0 d11=0.426 h=5.3 pose=(-13.40,3.77)
[1788379373] tick=508594 goal=0 here=0 d0=0 d5=0 d11=0.413 h=233.5 pose=(0.00,0.00)
[1788379374] tick=508696 goal=0 here=0 d0=0 d5=0 d11=0.433 h=None pose=(-13.42,3.75)
[1788379375] tick=508796 goal=0 here=0 d0=0 d5=0 d11=0.465 h=218.5 pose=(-13.49,3.69)
[1788379376] tick=508896 goal=0 here=0 d0=0 d5=0 d11=0.500 h=None pose=(-13.55,3.63)
[1788379377] tick=508996 goal=0 here=0 d0=0 d5=0 d11=0.473 h=45.2 pose=(-13.55,3.64)
[1788379378] tick=509097 goal=0 here=0 d0=0 d5=0 d11=0.482 h=329.9 pose=(-13.49,3.70)
[1788379379] tick=509197 goal=0 here=0 d0=0 d5=0 d11=0.469 h=318.0 pose=(-13.49,3.70)
[1788379380] tick=509299 goal=0 here=0 d0=0 d5=0 d11=0.466 h=188.6 pose=(-13.42,3.63)
[1788379381] tick=509399 goal=0 here=0 d0=0 d5=0 d11=0.494 h=137.9 pose=(-13.43,3.64)
[1788379382] tick=509500 goal=0 here=0 d0=0 d5=0 d11=0.513 h=48.1 pose=(-13.47,3.69)
[1788379383] tick=509602 goal=0 here=0 d0= d5=0 d11=0.509 h=62.6 pose=(-13.44,3.71)
[1788379384] tick=509704 goal=0 here=0 d0=0 d5=0 d11=0.541 h=206.5 pose=(-13.40,3.76)
[1788379385] tick=509804 goal=0 here=0 d0=0 d5=0 d11=0.554 h=205.3 pose=(-13.44,3.71)
[1788379386] tick=509904 goal=0 here=0 d0=0 d5=0 d11=0.576 h=140.1 pose=(-13.44,3.71)
[1788379387] tick=510005 goal=0 here=0 d0=0 d5=0 d11=0.576 h=221.5 pose=(-13.50,3.77)
[1788379388] tick=510106 goal=0 here=0 d0=0 d5=0 d11=0.595 h=312.4 pose=(-13.50,3.77)
[1788379389] tick=510206 goal=0 here=0 d0=0 d5=0 d11=0.580 h=252.7 pose=(-13.48,3.74)
[1788379390] tick=510306 goal=0 here=0 d0=0 d5=0 d11=0.591 h=137.5 pose=(-13.46,3.72)
[1788379391] tick=510406 goal=0 here=0 d0=0 d5=0 d11=0.593 h=159.2 pose=(-13.52,3.78)
[1788379392] tick=510506 goal=0 here=0 d0=0 d5=0 d11=0.598 h=157.6 pose=(-13.52,3.78)
[1788379393] tick=510606 goal=0 here=0 d0=0 d5=0 d11=0.597 h=183.9 pose=(-13.52,3.78)
[1788379394] tick=510706 goal=0 here=0 d0=0 d5=0 d11=0.629 h=215.6 pose=(-13.52,3.78)
[1788379395] tick=510806 goal=0 here=0 d0=0 d5=0 d11=0.610 h=103.7 pose=(-13.58,3.73)
[1788379396] tick=510908 goal=0 here=0 d0=0 d5=0 d11=0.607 h=46.6 pose=(-13.59,3.73)
[1788379397] tick=511009 goal=0 here=0 d0=0 d5=0 d11=0.591 h=326.7 pose=(-13.56,3.76)
[1788379398] tick=511109 goal=0 here=0 d0=0 d5=0 d11=0.591 h=321.5 pose=(-13.51,3.80)
[1788379399] tick=511209 goal=0 here=0 d0=0 d5=0 d11=0.565 h=106.6 pose=(-13.46,3.74)
[1788379400] tick=511309 goal=0 here=0 d0=0 d5=0 d11=0.575 h=129.8 pose=(-13.50,3.79)
[1788379401] tick=511411 goal=0 here=0 d0=0 d5=0 d11=0.574 h=46.4 pose=(-13.51,3.81)
[1788379402] tick=511511 goal=0 here=0 d0=0 d5=0 d11=0.548 h=111.0 pose=(-13.46,3.86)
[1788379403] tick=511611 goal=0 here=0 d0=0 d5=0 d11=0.565 h=220.7 pose=(-13.46,3.85)
[1788379404] tick=511712 goal=0 here=0 d0=0 d5=0 d11=0.605 h=220.3 pose=(-13.50,3.82)
[1788379405] tick=511812 goal=0 here=0 d0= d5=1 d11=0.627 h=219.9 pose=(-13.56,3.76)
[1788379406] tick=511914 goal=0 here=0 d0=0 d5=1 d11=0.635 h=220.2 pose=(-13.73,3.62)
[1788379407] tick=512015 goal=0 here=0 d0=0 d5=0 d11=0.629 h=92.6 pose=(-13.73,3.62)
[1788379408] tick=512118 goal=0 here=0 d0=0 d5=0 d11=0.606 h=44.7 pose=(-13.73,3.62)
[1788379409] tick=512219 goal=0 here=0 d0=0 d5=0 d11=0.608 h=315.0 pose=(-13.67,3.68)
[1788379410] tick=512321 goal=0 here=0 d0=0 d5=0 d11=0.616 h=342.9 pose=(-13.62,3.64)
[1788379411] tick=512421 goal=0 here=0 d0=0 d5=0 d11=0.623 h=122.4 pose=(-13.59,3.61)
[1788379412] tick=512521 goal=0 here=0 d0=0 d5=0 d11=0.622 h=125.7 pose=(-13.66,3.67)
[1788379413] tick=512622 goal=0 here=0 d0=None d5=None d11=0.592 h=49.3 pose=(-13.65,3.67)
[1788379414] tick=512731 goal=0 here=0 d0=0 d5=0 d11=0.596 h=130.5 pose=(-13.59,3.74)
[1788379415] tick=None goal=None here=None d0=0 d5=0 d11=0.604 h=218.9 pose=(-13.59,3.74)
[1788379416] tick=512931 goal=0 here=0 d0=0 d5=0 d11=0.637 h=None pose=(0.00,0.00)
[1788379417] tick=513032 goal=0 here=0 d0=0 d5=0 d11=0.626 h=205.1 pose=(-13.64,3.70)
[1788379418] tick=513134 goal=0 here=0 d0=0 d5=0 d11=0.652 h=221.3 pose=(-13.65,3.69)
[1788379419] tick=513234 goal=0 here=0 d0=0 d5=0 d11=0.663 h=218.8 pose=(-13.74,3.60)
[1788379420] tick=513335 goal=0 here=0 d0=0 d5=0 d11=0.634 h=215.0 pose=(-13.79,3.55)
[1788379421] tick=513437 goal=0 here=0 d0=0 d5=0 d11=0.659 h=66.5 pose=(0.00,0.00)
[1788379422] tick=None goal=None here=None d0=0 d5=0 d11=0.651 h=43.4 pose=(-13.80,3.56)
[1788379423] tick=513640 goal=0 here=0 d0=0 d5=0 d11=0.640 h=310.7 pose=(-13.79,3.57)
[1788379424] tick=513741 goal=0 here=0 d0=0 d5=0 d11=0.655 h=257.8 pose=(-13.73,3.50)
[1788379425] tick=513841 goal=0 here=0 d0=0 d5=0 d11=0.655 h=142.3 pose=(-13.73,3.50)
[1788379426] tick=513943 goal=0 here=0 d0=0 d5= d11=0.648 h=49.1 pose=(-13.74,3.50)
[1788379427] tick=514043 goal=0 here=0 d0=0 d5=0 d11=0.630 h=91.4 pose=(-13.72,3.52)
[1788379428] tick=514143 goal=0 here=0 d0=0 d5=0 d11=0.620 h=218.3 pose=(-13.67,3.56)
[1788379429] tick=514244 goal=0 here=0 d0=0 d5=0 d11=0.663 h=180.5 pose=(-13.73,3.51)
[1788379430] tick=514344 goal=0 here=0 d0=0 d5=0 d11=0.653 h=134.6 pose=(-13.74,3.52)
[1788379431] tick=514446 goal=0 here=0 d0=0 d5=0 d11=0.640 h=225.1 pose=(-13.78,3.56)
[1788379432] tick=514546 goal=0 here=0 d0=0 d5=1 d11=0.662 h=214.5 pose=(-13.82,3.53)
[1788379433] tick=514647 goal=0 here=0 d0=0 d5=1 d11=0.671 h=220.6 pose=(-13.91,3.46)
[1788379434] tick=514747 goal=0 here=0 d0=0 d5=0 d11=0.679 h=143.2 pose=(-13.98,3.40)
[1788379435] tick=514848 goal=0 here=0 d0=0 d5=0 d11=0.656 h=46.5 pose=(-13.98,3.41)
[1788379436] tick=514948 goal=0 here=0 d0=0 d5=0 d11=0.640 h=336.5 pose=(-13.92,3.46)
[1788379437] tick=515048 goal=0 here=0 d0=0 d5= d11=0.668 h=315.1 pose=(-13.91,3.46)
[1788379438] tick=515151 goal=0 here=0 d0=0 d5=0 d11=0.649 h=87.9 pose=(-13.85,3.41)
[1788379439] tick=515252 goal=0 here=0 d0=0 d5=0 d11=0.652 h=128.6 pose=(-13.90,3.45)
[1788379440] tick=515354 goal=0 here=0 d0=0 d5=0 d11=0.634 h=45.7 pose=(-13.91,3.47)
[1788379441] tick=515455 goal=0 here=0 d0=0 d5=0 d11=0.625 h=8.2 pose=(-13.85,3.53)
[1788379442] tick=515557 goal=0 here=0 d0=0 d5=0 d11=0.616 h=232.5 pose=(-13.85,3.53)
[1788379443] tick=515657 goal=0 here=0 d0=0 d5=0 d11=0.640 h=195.0 pose=(-13.87,3.50)
[1788379444] tick=515757 goal=0 here=0 d0=0 d5=0 d11=0.648 h=173.3 pose=(-13.90,3.46)
[1788379445] tick=515861 goal=0 here=0 d0=0 d5=0 d11=0.658 h=221.4 pose=(-13.93,3.44)
[1788379446] tick=515961 goal=0 here=0 d0=0 d5=0 d11=0.656 h=220.1 pose=(-14.03,3.35)
[1788379447] tick=516062 goal=0 here=0 d0=0 d5=0 d11= h=214.2 pose=(-14.08,3.32)
[1788379448] tick=516163 goal=0 here=0 d0=0 d5=0 d11=0.672 h=82.0 pose=(-14.12,3.29)
[1788379449] tick=516265 goal=0 here=0 d0=0 d5=0 d11=0.638 h=44.0 pose=(-14.12,3.29)
[1788379450] tick=516368 goal=0 here=0 d0=0 d5=0 d11=0.649 h=314.8 pose=(-14.05,3.35)
[1788379451] tick=516469 goal=0 here=0 d0=0 d5=0 d11=0.671 h=14.1 pose=(-13.99,3.29)
[1788379452] tick=516570 goal=0 here=0 d0=0 d5=0 d11=0.661 h=132.6 pose=(-14.00,3.29)
[1788379453] tick=516669 goal=0 here=0 d0=0 d5=0 d11=0.658 h=None pose=(-14.05,3.35)
[1788379454] tick=516773 goal=0 here=0 d0=0 d5=0 d11=0.635 h=48.4 pose=(-14.05,3.36)
[1788379455] tick=516868 goal=0 here=0 d0=0 d5=0 d11= h=134.1 pose=(-14.02,3.39)
[1788379457] tick=516976 goal=0 here=0 d0=0 d5=0 d11=0.625 h=218.9 pose=(-14.02,3.38)
[1788379458] tick=517079 goal=0 here=0 d0=0 d5=0 d11=0.651 h=144.6 pose=(-14.06,3.34)
[1788379459] tick=517179 goal=0 here=0 d0=0 d5=0 d11=0.653 h=61.2 pose=(-14.07,3.34)
[1788379460] tick=517282 goal=0 here=0 d0=0 d5=0 d11=0.642 h=314.0 pose=(-14.06,3.34)
[1788379461] tick=517383 goal=0 here=0 d0=0 d5=0 d11=0.657 h=314.8 pose=(-14.03,3.32)
[1788379462] tick=517485 goal=0 here=0 d0=0 d5=0 d11= h=307.7 pose=(-13.94,3.22)
[1788379463] tick=517586 goal=0 here=0 d0=0 d5=0 d11=0.641 h=43.0 pose=(-13.89,3.16)
[1788379464] tick=None goal=None here=None d0=0 d5=0 d11=0.655 h=126.1 pose=(-13.89,3.16)
[1788379465] tick=517788 goal=0 here=0 d0=0 d5=0 d11=0.633 h=131.5 pose=(-13.94,3.21)
[1788379466] tick=517891 goal=0 here=0 d0=0 d5=0 d11=0.631 h=358.4 pose=(-13.95,3.23)
[1788379467] tick=517993 goal=0 here=0 d0=0 d5=0 d11=0.643 h=312.2 pose=(-13.95,3.23)
[1788379468] tick=518095 goal=0 here=0 d0=0 d5=0 d11=0.625 h=233.1 pose=(-13.90,3.18)
[1788379469] tick=518197 goal=0 here=0 d0=0 d5=0 d11=0.624 h=212.4 pose=(-13.95,3.12)
[1788379470] tick=518299 goal=0 here=0 d0=0 d5=0 d11=0.649 h=65.7 pose=(-13.96,3.13)
[1788379471] tick=518400 goal=0 here=0 d0=0 d5=0 d11=0.615 h=64.7 pose=(-13.91,3.18)
[1788379472] tick=518500 goal=0 here=0 d0=0 d5=0 d11=0.622 h=177.3 pose=(-13.90,3.19)
[1788379473] tick=518600 goal=0 here=0 d0=0 d5=0 d11=0.650 h=174.4 pose=(-13.96,3.19)
[1788379474] tick=518700 goal=0 here=0 d0=0 d5=0 d11=0.648 h=174.5 pose=(-14.09,3.20)
[1788379475] tick=518800 goal=0 here=0 d0=0 d5=0 d11=0.642 h=112.5 pose=(-14.15,3.21)
[1788379476] tick=518900 goal=0 here=0 d0=0 d5=0 d11=0.631 h=3.1 pose=(-14.18,3.21)
[1788379477] tick=519000 goal=0 here=0 d0=0 d5=0 d11=0.606 h=309.3 pose=(-14.09,3.22)
[1788379478] tick=519100 goal=0 here=0 d0=0 d5=0 d11=0.625 h=271.0 pose=(-14.09,3.18)
[1788379479] tick=519202 goal=0 here=0 d0=0 d5=0 d11=0.638 h=23.7 pose=(-14.09,3.13)
[1788379480] tick=519304 goal=0 here=0 d0=0 d5=0 d11=0.626 h=85.4 pose=(-14.09,3.13)
[1788379481] tick=None goal=None here=None d0=0 d5=0 d11=0.604 h=None pose=(-14.09,3.21)
[1788379482] tick=519510 goal=0 here=0 d0=0 d5=0 d11=0.587 h=346.4 pose=(-14.08,3.22)
[1788379483] tick=519612 goal=0 here=0 d0=0 d5=0 d11=0.566 h=200.4 pose=(-13.99,3.21)
[1788379484] tick=519713 goal=0 here=0 d0=0 d5=0 d11=0.603 h=178.7 pose=(-14.03,3.21)
[1788379485] tick=519814 goal=0 here=0 d0=0 d5=0 d11=0.582 h=94.7 pose=(-14.08,3.21)
[1788379486] tick=519914 goal=0 here=0 d0=0 d5=0 d11=0.583 h=141.5 pose=(-14.08,3.31)
[1788379487] tick=520014 goal=0 here=0 d0=0 d5=0 d11=0.587 h=264.3 pose=(-14.08,3.31)
[1788379488] tick=520115 goal=0 here=0 d0=0 d5=0 d11=0.603 h=227.6 pose=(-14.08,3.32)
[1788379489] tick=520216 goal=0 here=0 d0=0 d5=0 d11=0.620 h=182.8 pose=(-14.13,3.23)
[1788379490] tick=520320 goal=0 here=0 d0=0 d5= d11=0.631 h=180.3 pose=(-14.26,3.23)
[1788379491] tick=520421 goal=0 here=0 d0= d5=1 d11=0.641 h=None pose=(-14.36,3.23)
[1788379492] tick=520523 goal=0 here=0 d0=0 d5=0 d11=0.623 h=11.5 pose=(-14.37,3.23)
[1788379493] tick=520624 goal=0 here=0 d0=0 d5=0 d11=0.597 h=1.0 pose=(-14.37,3.23)
[1788379494] tick=520724 goal=0 here=0 d0=0 d5=0 d11=0.607 h=273.5 pose=(-14.28,3.24)
[1788379495] tick=520824 goal=0 here=0 d0=0 d5=0 d11=0.621 h=321.9 pose=(-14.27,3.15)
[1788379496] tick=520924 goal=0 here=0 d0=0 d5=0 d11=0.621 h=83.1 pose=(-14.28,3.15)
[1788379497] tick=521027 goal=0 here=0 d0=0 d5=0 d11=0.600 h=61.7 pose=(-14.28,3.17)
[1788379498] tick=521130 goal=0 here=0 d0=0 d5=0 d11=0.590 h=5.2 pose=(-14.27,3.21)
[1788379499] tick=None goal=None here=None d0=0 d5=0 d11=0.589 h=83.2 pose=(-14.20,3.21)
[1788379500] tick=521330 goal=0 here=0 d0=0 d5=0 d11=0.570 h=61.7 pose=(-14.19,3.30)
[1788379501] tick=521431 goal=0 here=0 d0=0 d5=0 d11=0.578 h=283.5 pose=(-14.19,3.30)
[1788379502] tick=521531 goal=0 here=0 d0=0 d5=0 d11=0.592 h=285.1 pose=(-14.19,3.27)
[1788379503] tick=521633 goal=0 here=0 d0=0 d5=0 d11=0.591 h=310.8 pose=(-14.19,3.21)
[1788379504] tick=521734 goal=0 here=0 d0= d5=0 d11=0.583 h=1.8 pose=(-14.13,3.15)
[1788379505] tick=521835 goal=0 here=0 d0=0 d5=0 d11=0.585 h=333.9 pose=(-14.13,3.15)
[1788379506] tick=521938 goal=0 here=0 d0=0 d5=0 d11=0.590 h=43.6 pose=(-14.14,3.15)
[1788379507] tick=522040 goal=0 here=0 d0=0 d5=0 d11=0.583 h=132.9 pose=(-14.14,3.15)
[1788379508] tick=522140 goal=0 here=0 d0=0 d5=0 d11=0.600 h=90.5 pose=(-14.17,3.18)
[1788379509] tick=522240 goal=0 here=0 d0=0 d5=0 d11=0.587 h=None pose=(-14.18,3.20)
[1788379510] tick=522343 goal=0 here=0 d0=0 d5=0 d11=0.577 h=258.4 pose=(-14.18,3.20)
[1788379511] tick=522443 goal=0 here=0 d0=0 d5=0 d11=0.570 h=226.6 pose=(-14.17,3.10)
[1788379512] tick=522543 goal=0 here=0 d0=0 d5=0 d11=0.547 h=346.3 pose=(-14.19,3.08)
[1788379513] tick=522646 goal=0 here=0 d0=0 d5=0 d11=0.529 h=44.7 pose=(-14.18,3.09)
[1788379514] tick=522746 goal=0 here=0 d0=0 d5=0 d11=0.529 h=133.8 pose=(-14.13,3.13)
[1788379515] tick=522847 goal=0 here=0 d0=0 d5=0 d11=0.521 h=130.7 pose=(-14.15,3.16)
[1788379516] tick=522948 goal=0 here=0 d0=0 d5=0 d11=None h=128.5 pose=(-14.24,3.25)
[1788379517] tick=523051 goal=0 here=0 d0=0 d5=0 d11=0.515 h=224.9 pose=(-14.30,3.33)
[1788379518] tick=523153 goal=0 here=0 d0=0 d5=0 d11=0.532 h=184.5 pose=(-14.36,3.27)
[1788379519] tick=523253 goal=0 here=0 d0=0 d5=0 d11=0.526 h=56.1 pose=(-14.37,3.27)
[1788379520] tick=523353 goal=0 here=0 d0=0 d5=0 d11=0.486 h=5.6 pose=(-14.33,3.31)
[1788379521] tick=523453 goal=0 here=0 d0=0 d5=0 d11=0.469 h=315.7 pose=(-14.31,3.33)
[1788379522] tick=523553 goal=0 here=0 d0=0 d5=0 d11=0.465 h=None pose=(-14.24,3.27)
[1788379523] tick=523654 goal=0 here=0 d0=0 d5=0 d11=0.463 h=134.9 pose=(-14.25,3.27)
[1788379524] tick=523755 goal=0 here=0 d0=0 d5=0 d11=0.468 h=51.9 pose=(-14.29,3.33)
[1788379525] tick=523858 goal=0 here=0 d0=0 d5=0 d11=0.433 h=83.5 pose=(-14.24,3.39)
[1788379526] tick=523959 goal=0 here=0 d0=0 d5= d11=0.427 h=216.5 pose=(-14.23,3.39)
[1788379527] tick=524059 goal=0 here=0 d0=0 d5=0 d11=0.451 h=224.1 pose=(-14.23,3.39)
[1788379528] tick=524159 goal=0 here=0 d0=0 d5=1 d11= h=220.2 pose=(-14.29,3.33)
[1788379529] tick=524260 goal=0 here=0 d0=0 d5=1 d11=0.454 h=220.6 pose=(-14.43,3.22)
[1788379530] tick=524360 goal=0 here=0 d0=0 d5= d11=0.460 h=156.9 pose=(-14.50,3.16)
[1788379531] tick=524461 goal=0 here=0 d0=0 d5=0 d11=0.465 h=43.4 pose=(-14.50,3.17)
[1788379532] tick=524562 goal=0 here=0 d0=0 d5=0 d11=0.427 h=352.0 pose=(-14.45,3.22)
[1788379533] tick=524662 goal=0 here=0 d0=0 d5=0 d11=0.430 h=293.7 pose=(-14.44,3.22)
[1788379534] tick=None goal=None here=None d0=0 d5=0 d11=0.427 h=287.3 pose=(-14.44,3.22)
[1788379535] tick=524862 goal=0 here=0 d0=0 d5=0 d11=0.435 h=284.7 pose=(-14.44,3.22)
[1788379536] tick=524965 goal=0 here=0 d0=0 d5=0 d11=0.421 h=287.5 pose=(-14.44,3.22)
[1788379537] tick=525065 goal=0 here=0 d0=0 d5=0 d11=0.405 h=284.5 pose=(-14.44,3.22)
[1788379538] tick=525165 goal=0 here=0 d0=0 d5=0 d11=0.385 h=286.7 pose=(-14.44,3.22)
[1788379539] tick=525268 goal=0 here=0 d0=0 d5=0 d11=0.378 h=289.4 pose=(-14.44,3.22)
[1788379540] tick=525369 goal=0 here=0 d0=0 d5=0 d11=0.375 h=285.1 pose=(-14.44,3.22)
[1788379541] tick=525469 goal=0 here=0 d0=0 d5=0 d11=0.393 h=288.3 pose=(-14.44,3.22)
[1788379542] tick=525573 goal=0 here=0 d0=0 d5=0 d11=0.388 h=286.2 pose=(-14.44,3.22)
[1788379543] tick=525673 goal=0 here=0 d0=0 d5=0 d11=0.376 h=287.0 pose=(-14.44,3.22)
[1788379544] tick=525773 goal=0 here=0 d0=0 d5=0 d11=0.385 h=286.5 pose=(-14.44,3.22)
[1788379545] tick=525875 goal=0 here=0 d0=0 d5=0 d11=0.354 h=283.6 pose=(-14.44,3.22)
[1788379547] tick=525975 goal=0 here=0 d0=0 d5=0 d11= h=286.6 pose=(-14.44,3.22)
[1788379548] tick=526078 goal=0 here=0 d0=0 d5=0 d11=0.346 h=282.0 pose=(-14.44,3.22)
[1788379549] tick=526180 goal=0 here=0 d0=0 d5=0 d11=0.343 h=283.6 pose=(-14.44,3.22)
[1788379550] tick=526281 goal=0 here=0 d0=0 d5=0 d11=0.335 h=287.1 pose=(-14.44,3.22)
[1788379551] tick=526383 goal=0 here=0 d0=0 d5=0 d11=0.335 h=289.0 pose=(-14.44,3.22)
[1788379552] tick=526484 goal=0 here=0 d0=0 d5=0 d11=0.333 h=285.3 pose=(-14.44,3.22)
[1788379553] tick=None goal=None here=None d0=0 d5=0 d11=0.348 h=286.7 pose=(-14.44,3.22)
[1788379554] tick=526686 goal=0 here=0 d0=0 d5=0 d11=0.350 h=286.2 pose=(-14.44,3.22)
[1788379555] tick=526786 goal=0 here=0 d0=0 d5=0 d11=0.351 h=288.5 pose=(-14.44,3.22)
[1788379556] tick=526889 goal=0 here=0 d0=0 d5=0 d11=0.342 h=283.9 pose=(-14.44,3.22)
[1788379557] tick=526991 goal=0 here=0 d0=0 d5=0 d11=0.342 h=None pose=(-14.44,3.22)
[1788379558] tick=527091 goal=0 here=0 d0=0 d5=0 d11=0.346 h=284.6 pose=(-14.44,3.22)
[1788379559] tick=527191 goal=0 here=0 d0=0 d5=0 d11=0.359 h=285.9 pose=(-14.44,3.22)
[1788379560] tick=527293 goal=0 here=0 d0=0 d5=0 d11=0.352 h=286.9 pose=(-14.44,3.22)
[1788379561] tick=527393 goal=0 here=0 d0=0 d5=0 d11=0.351 h=286.6 pose=(-14.44,3.22)
[1788379562] tick=527493 goal=0 here=0 d0=0 d5=0 d11=0.348 h=286.8 pose=(-14.44,3.22)
[1788379563] tick=527594 goal=0 here=0 d0=0 d5=0 d11=0.353 h=284.4 pose=(-14.44,3.22)
[1788379564] tick=527694 goal=0 here=0 d0=0 d5=0 d11=0.361 h=281.8 pose=(-14.44,3.22)
[1788379565] tick=527796 goal=0 here=0 d0=0 d5=0 d11=0.347 h=287.6 pose=(-14.44,3.22)
[1788379566] tick=527896 goal=0 here=0 d0=0 d5=0 d11=0.359 h=None pose=(-14.44,3.22)
[1788379567] tick=527996 goal=0 here=0 d0=0 d5=0 d11=0.346 h=None pose=(-14.44,3.22)
[1788379568] tick=528099 goal=0 here=0 d0=0 d5=0 d11=0.349 h=288.8 pose=(-14.44,3.22)
[1788379569] tick=528202 goal=0 here=0 d0=0 d5=0 d11=0.353 h=286.8 pose=(-14.44,3.22)
[1788379570] tick=528302 goal=0 here=0 d0=0 d5=0 d11=0.341 h=284.3 pose=(-14.44,3.22)
[1788379571] tick=528404 goal=0 here=0 d0=0 d5=0 d11=0.335 h=286.4 pose=(-14.44,3.22)
[1788379572] tick=528504 goal=0 here=0 d0=0 d5=0 d11=None h=None pose=(-14.44,3.22)
[1788379573] tick=528607 goal=0 here=0 d0=0 d5=0 d11= h=286.8 pose=(-14.44,3.22)
[1788379574] tick=528707 goal=0 here=0 d0=0 d5=0 d11=0.349 h=283.9 pose=(-14.44,3.22)
[1788379575] tick=528809 goal=0 here=0 d0=0 d5=0 d11=0.366 h=287.0 pose=(-14.44,3.22)
[1788379576] tick=528909 goal=0 here=0 d0=0 d5=0 d11=0.344 h=285.5 pose=(-14.44,3.22)
[1788379577] tick=529009 goal=0 here=0 d0=0 d5=0 d11=0.363 h=285.4 pose=(-14.44,3.22)
[1788379578] tick=529111 goal=0 here=0 d0=0 d5=0 d11=0.377 h=288.1 pose=(-14.44,3.22)
[1788379579] tick=529212 goal=0 here=0 d0=0 d5=0 d11=0.367 h=287.3 pose=(-14.44,3.22)
[1788379580] tick=529312 goal=0 here=0 d0=0 d5=0 d11=0.372 h=285.8 pose=(-14.44,3.22)
[1788379581] tick=529414 goal=0 here=0 d0=0 d5=0 d11=0.405 h=287.6 pose=(-14.44,3.22)
[1788379582] tick=529514 goal=0 here=0 d0=0 d5=0 d11= h=282.9 pose=(-14.44,3.22)
[1788379583] tick=529614 goal=0 here=0 d0=0 d5=0 d11=0.386 h=285.2 pose=(-14.44,3.22)
[1788379584] tick=529716 goal=0 here=0 d0=0 d5=0 d11=0.379 h=283.5 pose=(-14.44,3.22)
[1788379585] tick=529816 goal=0 here=0 d0=0 d5=0 d11=0.366 h=286.2 pose=(-14.44,3.23)
[1788379586] tick=529916 goal=0 here=0 d0=0 d5=0 d11=0.380 h=285.7 pose=(-14.44,3.23)
[1788379587] tick=530019 goal=0 here=0 d0=0 d5=0 d11=0.359 h=287.1 pose=(-14.44,3.23)
[1788379588] tick=530119 goal=0 here=0 d0=0 d5=0 d11=0.362 h=288.6 pose=(-14.44,3.23)
[1788379589] tick=530220 goal=0 here=0 d0=0 d5=0 d11=0.366 h=285.0 pose=(-14.44,3.23)
[1788379590] tick=530322 goal=0 here=0 d0=0 d5=0 d11=0.344 h=284.6 pose=(-14.44,3.23)
[1788379591] tick=530422 goal=0 here=0 d0=0 d5=0 d11=0.347 h=288.0 pose=(-14.44,3.23)
[1788379592] tick=530522 goal=0 here=0 d0=0 d5=0 d11=0.346 h=287.3 pose=(-14.44,3.23)
[1788379593] tick=530622 goal=0 here=0 d0=0 d5=0 d11=0.339 h=287.5 pose=(-14.44,3.23)
[1788379594] tick=530724 goal=0 here=0 d0=0 d5=0 d11=0.360 h=287.8 pose=(-14.44,3.23)
[1788379595] tick=530824 goal=0 here=0 d0=0 d5=0 d11=0.340 h=None pose=(-14.44,3.23)
[1788379596] tick=530924 goal=0 here=0 d0=0 d5=0 d11=0.358 h=285.7 pose=(-14.44,3.23)
[1788379597] tick=531025 goal=0 here=0 d0=0 d5=0 d11=0.350 h=285.1 pose=(-14.44,3.23)
[1788379598] tick=531127 goal=0 here=0 d0=0 d5=0 d11=0.351 h=285.4 pose=(-14.44,3.23)
[1788379599] tick=531228 goal=0 here=0 d0=0 d5=0 d11=0.344 h=282.9 pose=(-14.44,3.23)
[1788379600] tick=531328 goal=0 here=0 d0=0 d5=0 d11=0.361 h=288.1 pose=(-14.44,3.23)
[1788379601] tick=531428 goal=0 here=0 d0=0 d5=0 d11=0.341 h=286.2 pose=(-14.44,3.23)
[1788379602] tick=531530 goal=0 here=0 d0=0 d5=0 d11=0.367 h=287.2 pose=(-14.44,3.23)
[1788379603] tick=531631 goal=0 here=0 d0=0 d5=0 d11=0.352 h=288.3 pose=(-14.44,3.23)
[1788379604] tick=531731 goal=0 here=0 d0=0 d5=0 d11=0.374 h=288.2 pose=(-14.44,3.23)
[1788379605] tick=531831 goal=0 here=0 d0=0 d5=0 d11=0.351 h=286.6 pose=(-14.44,3.23)
[1788379606] tick=531933 goal=0 here=0 d0= d5=0 d11=0.359 h=286.7 pose=(-14.44,3.23)
[1788379607] tick=532033 goal=0 here=0 d0=0 d5=0 d11=0.365 h=287.4 pose=(-14.44,3.23)
[1788379608] tick=532133 goal=0 here=0 d0=0 d5=0 d11=0.364 h=286.4 pose=(-14.44,3.23)
[1788379609] tick=532235 goal=0 here=0 d0=0 d5=0 d11=0.361 h=283.8 pose=(-14.44,3.23)
[1788379610] tick=532335 goal=0 here=0 d0=0 d5=0 d11=0.362 h=288.1 pose=(-14.44,3.23)
[1788379611] tick=532436 goal=0 here=0 d0=0 d5=0 d11=0.346 h=281.8 pose=(-14.44,3.23)
[1788379612] tick=532536 goal=0 here=0 d0=0 d5=0 d11=0.350 h=287.4 pose=(-14.44,3.23)
[1788379613] tick=532637 goal=0 here=0 d0=0 d5=0 d11=0.348 h=284.2 pose=(-14.44,3.23)
[1788379614] tick=532738 goal=0 here=0 d0= d5=0 d11=0.354 h=285.2 pose=(-14.44,3.23)
[1788379615] tick=532838 goal=0 here=0 d0=0 d5=0 d11=0.378 h=285.7 pose=(-14.44,3.23)
[1788379616] tick=532938 goal=0 here=0 d0=0 d5=0 d11=0.394 h=285.2 pose=(-14.44,3.23)
[1788379617] tick=533038 goal=0 here=0 d0=0 d5=0 d11=0.410 h=285.6 pose=(-14.44,3.23)
[1788379618] tick=533138 goal=0 here=0 d0=0 d5=0 d11=0.423 h=282.5 pose=(-14.44,3.23)
[1788379619] tick=533238 goal=0 here=0 d0=0 d5=0 d11=0.430 h=286.4 pose=(-14.44,3.23)
[1788379620] tick=533338 goal=0 here=0 d0=0 d5=0 d11=0.438 h=286.2 pose=(-14.44,3.23)
[1788379621] tick=533440 goal=0 here=0 d0=0 d5=0 d11=0.442 h=289.3 pose=(-14.44,3.23)
[1788379622] tick=533540 goal=0 here=0 d0=0 d5=0 d11=0.450 h=284.4 pose=(-14.44,3.23)
[1788379623] tick=533640 goal=0 here=0 d0=0 d5=0 d11=0.439 h=283.9 pose=(-14.44,3.23)
[1788379624] tick=533742 goal=0 here=0 d0=0 d5=0 d11=0.447 h=284.3 pose=(-14.44,3.23)
[1788379625] tick=533842 goal=0 here=0 d0=0 d5=0 d11=0.448 h=287.2 pose=(-14.44,3.23)
[1788379626] tick=533942 goal=0 here=0 d0=0 d5=0 d11= h=288.3 pose=(-14.44,3.23)
[1788379627] tick=534042 goal=0 here=0 d0=0 d5=0 d11=0.479 h=284.9 pose=(-14.44,3.23)
[1788379628] tick=534145 goal=0 here=0 d0=0 d5=0 d11=0.520 h=287.7 pose=(-14.44,3.23)
[1788379629] tick=534245 goal=0 here=0 d0=0 d5=0 d11=0.530 h=285.4 pose=(-14.44,3.23)
[1788379630] tick=534345 goal=0 here=0 d0=0 d5=0 d11=0.535 h=284.7 pose=(-14.44,3.23)
[1788379631] tick=534445 goal=0 here=0 d0=0 d5=0 d11=0.574 h=285.4 pose=(-14.44,3.23)
[1788379632] tick=534545 goal=0 here=0 d0=0 d5=0 d11=0.574 h=283.9 pose=(-14.44,3.23)
[1788379633] tick=534647 goal=0 here=0 d0=0 d5=0 d11=0.595 h=285.3 pose=(-14.44,3.23)
[1788379634] tick=534747 goal=0 here=0 d0=0 d5=0 d11=0.569 h=288.1 pose=(-14.44,3.23)
[1788379635] tick=534848 goal=0 here=0 d0=0 d5=0 d11=0.587 h=286.1 pose=(-14.44,3.23)
[1788379636] tick=534948 goal=0 here=0 d0=0 d5=0 d11=0.599 h=286.0 pose=(-14.44,3.23)
[1788379637] tick=535050 goal=0 here=0 d0=0 d5=0 d11=0.595 h=284.9 pose=(-14.44,3.23)
[1788379638] tick=535150 goal=0 here=0 d0=0 d5=0 d11=0.585 h=285.1 pose=(-14.44,3.23)
[1788379639] tick=535250 goal=0 here=0 d0=0 d5=0 d11=0.602 h=286.6 pose=(-14.44,3.23)
[1788379640] tick=535353 goal=0 here=0 d0=0 d5=0 d11=0.612 h=285.4 pose=(-14.44,3.23)
[1788379641] tick=535452 goal=0 here=0 d0=0 d5=0 d11=0.596 h=286.9 pose=(-14.44,3.23)
[1788379642] tick=535553 goal=0 here=0 d0=0 d5=0 d11=0.598 h=287.6 pose=(-14.44,3.23)
[1788379643] tick=535653 goal=0 here=0 d0=0 d5=0 d11=0.605 h=285.9 pose=(-14.44,3.23)
[1788379644] tick=None goal=None here=None d0=0 d5=0 d11=0.619 h=289.0 pose=(-14.44,3.23)
[1788379645] tick=535855 goal=0 here=0 d0=0 d5=0 d11=0.610 h=286.6 pose=(-14.44,3.23)
[1788379646] tick=535955 goal=0 here=0 d0=0 d5=0 d11=0.602 h=287.8 pose=(-14.44,3.23)
[1788379647] tick=536057 goal=0 here=0 d0=0 d5=0 d11=0.594 h=283.4 pose=(-14.44,3.23)
[1788379648] tick=536157 goal=0 here=0 d0=0 d5=0 d11=0.600 h=285.8 pose=(-14.44,3.23)
[1788379649] tick=536257 goal=0 here=0 d0=0 d5=0 d11=0.590 h=288.1 pose=(-14.44,3.23)
[1788379650] tick=536359 goal=0 here=0 d0=0 d5=0 d11=0.607 h=287.3 pose=(-14.44,3.23)
[1788379651] tick=536459 goal=0 here=0 d0=0 d5=0 d11=0.604 h=288.7 pose=(-14.44,3.23)
[1788379652] tick=536560 goal=0 here=0 d0=0 d5=0 d11=0.592 h=287.0 pose=(-14.44,3.23)
[1788379653] tick=536660 goal=0 here=0 d0=0 d5=0 d11=0.600 h=289.3 pose=(-14.44,3.23)
[1788379654] tick=536761 goal=0 here=0 d0=0 d5=0 d11=0.600 h=286.7 pose=(-14.44,3.23)
[1788379655] tick=536861 goal=0 here=0 d0=0 d5=0 d11=0.606 h=None pose=(-14.44,3.23)
[1788379656] tick=536962 goal=0 here=0 d0=0 d5=0 d11=0.602 h=286.0 pose=(-14.44,3.23)
[1788379657] tick=537063 goal=0 here=0 d0=0 d5=0 d11=0.608 h=285.0 pose=(-14.44,3.23)
[1788379658] tick=537163 goal=0 here=0 d0=0 d5=0 d11=0.614 h=283.5 pose=(-14.44,3.23)
[1788379659] tick=537264 goal=0 here=0 d0=0 d5=0 d11=0.618 h=282.6 pose=(-14.44,3.23)
[1788379660] tick=537364 goal=0 here=0 d0=0 d5=0 d11=0.618 h=288.7 pose=(-14.44,3.23)
[1788379661] tick=537465 goal=0 here=0 d0=0 d5=0 d11=0.632 h=287.7 pose=(-14.44,3.23)
[1788379662] tick=537566 goal=0 here=0 d0=0 d5=0 d11=0.611 h=285.7 pose=(-14.44,3.23)
[1788379663] tick=537666 goal=0 here=0 d0=0 d5=0 d11=0.601 h=283.0 pose=(-14.44,3.23)
[1788379664] tick=537766 goal=0 here=0 d0=0 d5=0 d11=0.588 h=288.4 pose=(-14.44,3.23)
[1788379665] tick=537869 goal=0 here=0 d0=0 d5=0 d11=0.561 h=287.4 pose=(-14.44,3.23)
[1788379666] tick=537969 goal=0 here=0 d0=0 d5=0 d11=0.559 h=284.2 pose=(-14.44,3.23)
[1788379667] tick=538069 goal=0 here=0 d0=0 d5=0 d11=0.561 h=284.8 pose=(-14.44,3.23)
[1788379668] tick=538169 goal=0 here=0 d0=0 d5=0 d11=0.538 h=281.4 pose=(-14.44,3.23)
[1788379669] tick=538271 goal=0 here=0 d0=0 d5=0 d11=0.530 h=285.1 pose=(-14.44,3.23)
[1788379670] tick=538374 goal=0 here=0 d0=0 d5=0 d11=0.512 h=354.4 pose=(-14.44,3.23)
[1788379671] tick=538474 goal=0 here=0 d0=0 d5= d11=0.509 h=307.0 pose=(-14.36,3.22)
[1788379672] tick=538574 goal=0 here=0 d0=0 d5=0 d11=0.510 h=180.4 pose=(-14.36,3.22)
[1788379673] tick=538674 goal=0 here=0 d0=0 d5=0 d11=0.505 h=91.9 pose=(-14.36,3.22)
[1788379675] tick=538776 goal=0 here=0 d0= d5=0 d11=0.494 h=122.8 pose=(-14.36,3.30)
[1788379676] tick=538878 goal=0 here=0 d0=0 d5=0 d11=0.482 h=256.0 pose=(-14.36,3.31)
[1788379677] tick=538978 goal=0 here=0 d0=0 d5=0 d11=0.502 h=245.3 pose=(-14.36,3.23)
[1788379678] tick=539081 goal=0 here=0 d0=0 d5=0 d11=0.500 h=176.2 pose=(-14.36,3.22)
[1788379679] tick=539183 goal=0 here=0 d0=0 d5=0 d11=0.504 h=264.1 pose=(-14.36,3.22)
[1788379680] tick=539284 goal=0 here=0 d0=0 d5=0 d11=0.514 h=219.7 pose=(-14.37,3.16)
[1788379681] tick=539384 goal=0 here=0 d0=0 d5=0 d11=0.489 h=95.2 pose=(-14.37,3.13)
[1788379682] tick=539486 goal=0 here=0 d0=0 d5=0 d11=0.475 h=58.8 pose=(-14.38,3.14)
[1788379683] tick=539590 goal=0 here=0 d0=0 d5=0 d11=0.470 h=42.9 pose=(-14.36,3.23)
[1788379684] tick=539692 goal=0 here=0 d0=0 d5=0 d11=0.445 h=56.4 pose=(-14.34,3.25)
[1788379685] tick=539793 goal=0 here=0 d0=0 d5=0 d11=0.453 h=3.6 pose=(-14.30,3.32)
[1788379686] tick=539895 goal=0 here=0 d0=0 d5=0 d11=0.445 h=89.3 pose=(-14.30,3.32)
[1788379687] tick=539997 goal=0 here=0 d0=0 d5=0 d11=0.429 h=26.6 pose=(-14.29,3.42)
[1788379688] tick=540097 goal=0 here=0 d0=0 d5=0 d11=0.427 h=272.8 pose=(-14.29,3.41)
[1788379689] tick=540200 goal=0 here=0 d0=0 d5=0 d11=0.423 h=226.5 pose=(-14.28,3.34)
[1788379690] tick=540300 goal=0 here=0 d0=0 d5=0 d11=0.412 h=182.6 pose=(-14.29,3.34)
[1788379691] tick=540401 goal=0 here=0 d0=0 d5=0 d11=0.426 h=266.7 pose=(-14.32,3.34)
[1788379692] tick=540503 goal=0 here=0 d0=0 d5=0 d11=0.441 h=198.6 pose=(-14.32,3.30)
[1788379693] tick=540600 goal=0 here=0 d0=None d5=None d11=0.430 h=None pose=(-14.33,3.26)
[1788379694] tick=540712 goal=0 here=0 d0=0 d5=0 d11=0.428 h=46.6 pose=(-14.33,3.32)
[1788379695] tick=540813 goal=0 here=0 d0=0 d5=0 d11=0.417 h=42.4 pose=(-14.31,3.32)
[1788379696] tick=540917 goal=0 here=0 d0=0 d5=0 d11=None h=54.3 pose=(-14.28,3.34)
[1788379697] tick=541019 goal=0 here=0 d0=0 d5=0 d11=0.366 h=2.8 pose=(-14.23,3.41)
[1788379698] tick=541123 goal=0 here=0 d0=0 d5= d11=0.394 h=87.2 pose=(-14.23,3.40)
[1788379699] tick=541225 goal=0 here=0 d0=0 d5=0 d11=0.360 h=27.3 pose=(-14.23,3.49)
[1788379700] tick=541325 goal=0 here=0 d0=0 d5=0 d11=0.376 h=274.1 pose=(-14.22,3.49)
[1788379701] tick=541426 goal=0 here=0 d0=0 d5=0 d11=0.381 h=230.3 pose=(-14.22,3.46)
[1788379702] tick=541526 goal=0 here=0 d0=0 d5=0 d11=0.376 h=181.1 pose=(-14.23,3.40)
[1788379703] tick=541628 goal=0 here=0 d0=0 d5=0 d11=0.356 h=72.4 pose=(-14.31,3.40)
[1788379704] tick=541728 goal=0 here=0 d0=0 d5=0 d11=0.378 h=318.8 pose=(-14.31,3.41)
[1788379705] tick=541832 goal=0 here=0 d0=0 d5=0 d11=0.384 h=266.7 pose=(-14.31,3.40)
[1788379706] tick=541933 goal=0 here=0 d0=0 d5=0 d11=0.376 h=183.7 pose=(-14.31,3.30)
[1788379707] tick=542035 goal=0 here=0 d0=0 d5=0 d11=0.370 h=89.1 pose=(-14.31,3.30)
[1788379708] tick=542125 goal=0 here=0 d0=0 d5=0 d11=0.375 h=20.1 pose=(0.00,0.00)
[1788379709] tick=None goal=None here=None d0=0 d5=0 d11=0.341 h=None pose=(-14.29,3.38)
[1788379710] tick=542348 goal=0 here=0 d0=0 d5= d11=0.349 h=315.9 pose=(-14.29,3.38)
[1788379711] tick=542448 goal=0 here=0 d0= d5=0 d11=0.372 h=34.5 pose=(-14.27,3.36)
[1788379712] tick=542550 goal=0 here=0 d0=0 d5=0 d11=0.350 h=43.0 pose=(-14.27,3.36)
[1788379713] tick=542652 goal=0 here=0 d0=0 d5=0 d11=0.339 h=271.7 pose=(-14.20,3.41)
[1788379714] tick=542753 goal=0 here=0 d0=0 d5=0 d11=0.358 h=229.1 pose=(-14.20,3.40)
[1788379715] tick=542853 goal=0 here=0 d0=0 d5=0 d11=0.330 h=136.3 pose=(-14.24,3.37)
[1788379716] tick=542953 goal=0 here=0 d0= d5=0 d11=0.333 h=146.3 pose=(-14.31,3.43)
[1788379717] tick=543053 goal=0 here=0 d0=0 d5=0 d11=0.328 h=294.6 pose=(-14.31,3.43)
[1788379718] tick=543155 goal=0 here=0 d0=0 d5=0 d11=0.336 h=308.0 pose=(-14.30,3.43)
[1788379719] tick=543255 goal=0 here=0 d0=0 d5=0 d11=0.346 h=230.6 pose=(-14.25,3.37)
[1788379720] tick=543357 goal=0 here=0 d0=0 d5=0 d11=0.359 h=313.5 pose=(-14.29,3.32)
[1788379721] tick=543457 goal=0 here=0 d0=0 d5=0 d11=0.339 h=40.1 pose=(-14.29,3.31)
[1788379722] tick=543557 goal=0 here=0 d0=0 d5=0 d11=0.316 h=323.5 pose=(-14.24,3.35)
[1788379723] tick=543659 goal=0 here=0 d0=0 d5=0 d11=0.309 h=13.4 pose=(-14.24,3.35)
[1788379724] tick=543760 goal=0 here=0 d0=0 d5=0 d11=0.329 h=317.9 pose=(-14.24,3.35)
[1788379725] tick=543862 goal=0 here=0 d0=0 d5=0 d11=0.331 h=37.9 pose=(-14.24,3.35)
[1788379726] tick=543962 goal=0 here=0 d0=0 d5=0 d11=0.300 h=118.0 pose=(-14.21,3.38)
[1788379727] tick=544065 goal=0 here=0 d0=0 d5=0 d11=0.311 h=126.8 pose=(-14.20,3.38)
[1788379728] tick=544165 goal=0 here=0 d0=0 d5=0 d11=0.301 h=None pose=(-14.27,3.46)
[1788379729] tick=544267 goal=0 here=0 d0=0 d5=0 d11=0.289 h=270.0 pose=(-14.26,3.46)
[1788379730] tick=544367 goal=0 here=0 d0=0 d5=0 d11=0.319 h=225.1 pose=(-14.26,3.46)
[1788379731] tick=544469 goal=0 here=0 d0=0 d5=0 d11=0.314 h=339.3 pose=(-14.31,3.41)
[1788379732] tick=544571 goal=0 here=0 d0=0 d5=0 d11=0.301 h=43.5 pose=(-14.29,3.43)
[1788379734] tick=544677 goal=0 here=0 d0=0 d5=0 d11=0.285 h=90.3 pose=(-14.25,3.47)
[1788379735] tick=544779 goal=0 here=0 d0=0 d5=0 d11=0.292 h=88.1 pose=(-14.25,3.55)
[1788379736] tick=544882 goal=0 here=0 d0=0 d5=0 d11=0.279 h=92.1 pose=(-14.24,3.65)
[1788379737] tick=544982 goal=0 here=0 d0=0 d5=0 d11=0.277 h=349.4 pose=(-14.24,3.74)
[1788379738] tick=545082 goal=0 here=0 d0=0 d5=0 d11=0.278 h=269.2 pose=(-14.23,3.72)
[1788379739] tick=545183 goal=0 here=0 d0=0 d5=0 d11=0.272 h=189.9 pose=(-14.24,3.65)
[1788379740] tick=545283 goal=0 here=0 d0=0 d5=0 d11=0.277 h=221.8 pose=(-14.25,3.65)
[1788379741] tick=545383 goal=0 here=0 d0=0 d5=0 d11=0.283 h=265.1 pose=(-14.25,3.65)
[1788379742] tick=545485 goal=0 here=0 d0=0 d5=0 d11=0.303 h=159.1 pose=(-14.26,3.56)
[1788379743] tick=545587 goal=0 here=0 d0=0 d5=0 d11=0.304 h=93.1 pose=(-14.26,3.56)
[1788379744] tick=545689 goal=0 here=0 d0=0 d5=0 d11=0.285 h=9.3 pose=(-14.26,3.61)
[1788379745] tick=545789 goal=0 here=0 d0=0 d5=0 d11=0.288 h=44.5 pose=(-14.20,3.62)
[1788379746] tick=545890 goal=0 here=0 d0=0 d5=0 d11=0.318 h=175.4 pose=(-14.20,3.61)
[1788379747] tick=545990 goal=0 here=0 d0=0 d5=0 d11=0.314 h=221.6 pose=(-14.22,3.62)
[1788379748] tick=546091 goal=0 here=0 d0=0 d5=0 d11=0.313 h=263.3 pose=(-14.26,3.62)
[1788379749] tick=546193 goal=0 here=0 d0=0 d5=0 d11=0.332 h=263.8 pose=(-14.27,3.53)
[1788379750] tick=546295 goal=0 here=0 d0=0 d5=0 d11=0.357 h=262.6 pose=(-14.29,3.35)
[1788379751] tick=546396 goal=0 here=0 d0=0 d5=0 d11=0.350 h=None pose=(-14.29,3.35)
[1788379752] tick=546497 goal=0 here=0 d0=0 d5=0 d11=0.356 h=90.1 pose=(-14.29,3.36)
[1788379753] tick=546598 goal=0 here=0 d0=0 d5=0 d11= h=7.5 pose=(-14.29,3.44)
[1788379754] tick=546699 goal=0 here=0 d0=0 d5=0 d11=0.327 h=84.1 pose=(-14.27,3.44)
[1788379755] tick=546799 goal=0 here=0 d0=None d5=None d11=0.340 h=73.5 pose=(-14.27,3.54)
[1788379756] tick=546910 goal=0 here=0 d0=0 d5=0 d11=0.349 h=279.1 pose=(-14.27,3.54)
[1788379757] tick=547010 goal=0 here=0 d0=0 d5=0 d11=0.342 h=226.0 pose=(-14.27,3.53)
[1788379758] tick=547110 goal=0 here=0 d0=0 d5=0 d11=0.336 h=343.2 pose=(-14.27,3.54)
[1788379759] tick=547210 goal=0 here=0 d0=0 d5=0 d11=0.357 h=44.1 pose=(-14.27,3.54)
[1788379760] tick=547310 goal=0 here=0 d0=0 d5=0 d11=0.363 h=24.8 pose=(-14.28,3.53)
[1788379761] tick=547412 goal=0 here=0 d0=0 d5= d11=0.355 h=289.5 pose=(-14.31,3.48)
[1788379762] tick=547514 goal=0 here=0 d0=0 d5=0 d11=0.397 h=345.7 pose=(-14.28,3.39)
[1788379763] tick=547615 goal=0 here=0 d0=0 d5=0 d11=0.393 h=45.3 pose=(-14.25,3.38)
[1788379764] tick=547718 goal=0 here=0 d0=0 d5=0 d11=0.391 h=22.0 pose=(-14.28,3.34)
[1788379765] tick=547819 goal=0 here=0 d0=0 d5=0 d11=0.389 h=288.0 pose=(-14.30,3.32)
[1788379766] tick=547919 goal=0 here=0 d0=0 d5=0 d11=0.415 h=343.8 pose=(-14.26,3.23)
[1788379767] tick=548022 goal=0 here=0 d0=0 d5=0 d11=0.413 h=48.7 pose=(-14.26,3.22)
[1788379768] tick=548122 goal=0 here=0 d0=0 d5=0 d11=0.436 h=12.0 pose=(-14.30,3.19)
[1788379769] tick=548226 goal=0 here=0 d0=0 d5=0 d11= h=290.7 pose=(-14.30,3.19)
[1788379770] tick=548327 goal=0 here=0 d0=0 d5=0 d11=0.461 h=10.1 pose=(-14.26,3.09)
[1788379771] tick=548429 goal=0 here=0 d0=0 d5=0 d11=0.454 h=44.1 pose=(-14.26,3.09)
[1788379772] tick=548530 goal=0 here=0 d0=0 d5=0 d11=0.491 h=310.4 pose=(-14.31,3.05)
[1788379773] tick=548631 goal=0 here=0 d0=0 d5=0 d11=0.500 h=320.3 pose=(-14.28,2.94)
[1788379774] tick=548736 goal=0 here=0 d0=0 d5=0 d11=0.507 h=49.8 pose=(-14.28,2.94)
[1788379775] tick=548840 goal=0 here=0 d0=0 d5=0 d11=0.550 h=16.5 pose=(-14.30,2.92)
[1788379776] tick=548943 goal=0 here=0 d0=0 d5=0 d11=0.547 h=288.4 pose=(-14.29,2.93)
[1788379777] tick=549043 goal=0 here=0 d0=0 d5=0 d11=0.578 h=346.5 pose=(-14.26,2.83)
[1788379778] tick=549144 goal=0 here=0 d0=0 d5=0 d11=0.605 h=45.7 pose=(-14.26,2.83)
[1788379779] tick=None goal=None here=None d0=0 d5=0 d11=0.629 h=19.3 pose=(-14.32,2.77)
[1788379780] tick=549345 goal=0 here=0 d0=0 d5=0 d11=0.632 h=288.3 pose=(-14.31,2.77)
[1788379781] tick=549445 goal=0 here=0 d0=0 d5=0 d11=0.634 h=349.3 pose=(-14.28,2.66)
[1788379782] tick=549546 goal=0 here=0 d0=0 d5=0 d11=0.648 h=43.9 pose=(-14.28,2.66)
[1788379783] tick=549647 goal=0 here=0 d0=0 d5=0 d11=0.662 h=331.1 pose=(-14.31,2.63)
[1788379784] tick=549747 goal=0 here=0 d0=0 d5=0 d11=0.707 h=282.6 pose=(-14.31,2.62)
[1788379785] tick=549847 goal=0 here=0 d0=0 d5=0 d11=0.710 h=29.9 pose=(-14.29,2.55)
[1788379786] tick=549949 goal=0 here=0 d0=0 d5=0 d11=0.694 h=319.3 pose=(-14.29,2.55)
[1788379787] tick=550049 goal=0 here=0 d0=0 d5=0 d11=0.716 h=None pose=(-14.28,2.53)
[1788379788] tick=550149 goal=0 here=0 d0=0 d5=0 d11=0.714 h=None pose=(-14.25,2.46)
[1788379789] tick=550250 goal=0 here=0 d0=0 d5=0 d11=0.731 h=None pose=(-14.24,2.45)
[1788379790] tick=550352 goal=0 here=0 d0=0 d5=0 d11=0.715 h=336.5 pose=(-14.24,2.45)
[1788379791] tick=550452 goal=0 here=0 d0=0 d5=0 d11=0.761 h=44.1 pose=(-14.20,2.35)
[1788379792] tick=550552 goal=0 here=0 d0=0 d5=0 d11=0.773 h=291.4 pose=(-14.20,2.35)
[1788379793] tick=550652 goal=0 here=0 d0=0 d5=0 d11=0.771 h=341.1 pose=(-14.16,2.25)
[1788379794] tick=550752 goal=0 here=0 d0=0 d5=0 d11=0.766 h=None pose=(-14.16,2.25)
[1788379795] tick=550853 goal=0 here=0 d0=0 d5=0 d11=0.780 h=287.6 pose=(-14.16,2.25)
[1788379796] tick=550953 goal=0 here=0 d0=0 d5=0 d11=0.787 h=339.4 pose=(-14.15,2.22)
[1788379797] tick=551055 goal=0 here=0 d0=0 d5=0 d11=0.788 h=None pose=(0.00,0.00)
[1788379798] tick=551157 goal=0 here=0 d0=0 d5=0 d11=0.795 h=287.7 pose=(-14.13,2.15)
[1788379799] tick=551260 goal=0 here=0 d0=0 d5=0 d11=0.830 h=342.5 pose=(-14.09,2.07)
[1788379800] tick=551361 goal=0 here=0 d0=0 d5=1 d11=0.813 h=None pose=(-14.00,2.04)
[1788379801] tick=551464 goal=0 here=0 d0=0 d5=0 d11=0.812 h=347.0 pose=(-13.85,1.99)
[1788379802] tick=551565 goal=0 here=0 d0=0 d5=0 d11=0.759 h=346.7 pose=(-13.78,1.97)
[1788379803] tick=551665 goal=0 here=0 d0=0 d5=0 d11=0.734 h=352.1 pose=(-13.65,1.93)
[1788379804] tick=551765 goal=0 here=0 d0=0 d5=0 d11=0.755 h=4.2 pose=(-13.56,1.90)
[1788379805] tick=551867 goal=0 here=0 d0=0 d5=0 d11=0.752 h=288.5 pose=(-13.56,1.89)
[1788379806] tick=551967 goal=0 here=0 d0=0 d5=0 d11=0.759 h=9.9 pose=(-13.52,1.79)
[1788379807] tick=552068 goal=0 here=0 d0=0 d5=0 d11=0.767 h=337.9 pose=(-13.52,1.79)
[1788379808] tick=552170 goal=0 here=0 d0=0 d5=0 d11=0.774 h=284.2 pose=(-13.52,1.79)
[1788379809] tick=552271 goal=0 here=0 d0= d5=0 d11=0.757 h=12.4 pose=(-13.49,1.69)
[1788379810] tick=552373 goal=0 here=0 d0=0 d5=0 d11=0.765 h=306.8 pose=(-13.49,1.69)
[1788379811] tick=552474 goal=0 here=0 d0=0 d5=0 d11=0.764 h=241.6 pose=(-13.49,1.68)
[1788379812] tick=552576 goal=0 here=0 d0=0 d5=0 d11=0.770 h=343.4 pose=(-13.49,1.68)
[1788379814] tick=552676 goal=0 here=0 d0=0 d5=0 d11=0.752 h=231.9 pose=(-13.49,1.69)
[1788379815] tick=552779 goal=0 here=0 d0=0 d5=0 d11=0.782 h=167.7 pose=(-13.49,1.68)
[1788379816] tick=552879 goal=0 here=0 d0=0 d5=0 d11=0.825 h=121.4 pose=(-13.61,1.70)
[1788379817] tick=552979 goal=0 here=0 d0=0 d5=0 d11=0.808 h=78.7 pose=(-13.60,1.73)
[1788379818] tick=553079 goal=0 here=0 d0=0 d5=0 d11=0.825 h=3.1 pose=(-13.58,1.82)
[1788379819] tick=553179 goal=0 here=0 d0=0 d5=0 d11=0.819 h=260.8 pose=(-13.58,1.82)
[1788379820] tick=553282 goal=0 here=0 d0=0 d5=0 d11=0.816 h=226.7 pose=(-13.59,1.76)
[1788379821] tick=553382 goal=0 here=0 d0=0 d5=0 d11=0.847 h=170.6 pose=(-13.61,1.70)
[1788379822] tick=553483 goal=0 here=0 d0=0 d5=0 d11=0.853 h=223.1 pose=(-13.72,1.73)
[1788379823] tick=553584 goal=0 here=0 d0=0 d5=0 d11=0.852 h=342.2 pose=(-13.72,1.74)
[1788379824] tick=553684 goal=0 here=0 d0=0 d5=0 d11=0.836 h=None pose=(-13.63,1.72)
[1788379825] tick=553785 goal=0 here=0 d0=0 d5=0 d11=0.815 h=258.8 pose=(-13.61,1.71)
[1788379826] tick=553886 goal=0 here=0 d0=0 d5=0 d11=0.798 h=212.9 pose=(-13.63,1.61)
[1788379827] tick=553988 goal=0 here=0 d0=0 d5=0 d11=0.807 h=85.9 pose=(0.00,0.00)
[1788379828] tick=554089 goal=0 here=0 d0=0 d5=0 d11=0.794 h=71.9 pose=(-13.62,1.67)
[1788379829] tick=554190 goal=0 here=0 d0=0 d5=0 d11=0.788 h=77.6 pose=(-13.61,1.69)
[1788379830] tick=554291 goal=0 here=0 d0=0 d5=0 d11=0.805 h=73.6 pose=(-13.61,1.69)
[1788379831] tick=554392 goal=0 here=0 d0=0 d5=0 d11=0.775 h=73.7 pose=(-13.61,1.69)
[1788379832] tick=554492 goal=0 here=0 d0=0 d5=0 d11=0.763 h=77.2 pose=(-13.61,1.69)
[1788379833] tick=554592 goal=0 here=0 d0=0 d5=0 d11=0.761 h=74.1 pose=(-13.61,1.69)
[1788379834] tick=554693 goal=0 here=0 d0=0 d5=0 d11=0.730 h=None pose=(-13.61,1.69)
[1788379835] tick=554793 goal=0 here=0 d0=0 d5=0 d11=0.731 h=75.2 pose=(-13.61,1.69)
[1788379836] tick=554893 goal=0 here=0 d0=0 d5=0 d11=0.720 h=76.3 pose=(-13.61,1.69)
[1788379837] tick=554995 goal=0 here=0 d0=0 d5=0 d11=0.742 h=78.1 pose=(-13.61,1.69)
[1788379838] tick=None goal=None here=None d0=0 d5=0 d11=0.731 h=75.3 pose=(-13.61,1.69)
[1788379839] tick=555203 goal=0 here=0 d0=0 d5= d11=0.701 h=74.3 pose=(-13.61,1.69)
[1788379840] tick=555307 goal=0 here=0 d0=0 d5=0 d11=0.687 h=77.1 pose=(-13.61,1.69)
[1788379841] tick=555407 goal=0 here=0 d0=0 d5=0 d11=0.687 h=75.4 pose=(-13.61,1.69)
[1788379842] tick=555509 goal=0 here=0 d0=0 d5=0 d11=0.672 h=75.7 pose=(-13.61,1.69)
[1788379843] tick=555609 goal=0 here=0 d0=0 d5=0 d11=0.642 h=73.8 pose=(-13.61,1.69)
[1788379844] tick=555709 goal=0 here=0 d0=0 d5=0 d11=0.641 h=77.0 pose=(-13.61,1.69)
[1788379845] tick=555809 goal=0 here=0 d0=0 d5=0 d11=0.650 h=None pose=(-13.61,1.69)
[1788379846] tick=555911 goal=0 here=0 d0=0 d5=0 d11=0.648 h=165.9 pose=(-13.61,1.69)
[1788379847] tick=556011 goal=0 here=0 d0=0 d5=0 d11= h=164.1 pose=(-13.63,1.69)
[1788379848] tick=556113 goal=0 here=0 d0=0 d5=0 d11=0.677 h=164.4 pose=(-13.68,1.70)
[1788379849] tick=556213 goal=0 here=0 d0=0 d5=0 d11=0.649 h=167.2 pose=(-13.72,1.72)
[1788379850] tick=556314 goal=0 here=0 d0=0 d5=0 d11=0.673 h=163.1 pose=(-13.79,1.73)
[1788379851] tick=556416 goal=0 here=0 d0=0 d5=0 d11=0.688 h=164.1 pose=(-13.82,1.74)
[1788379852] tick=556516 goal=0 here=0 d0=0 d5=0 d11=0.689 h=161.5 pose=(-13.87,1.76)
[1788379853] tick=556616 goal=0 here=0 d0=0 d5=0 d11=0.697 h=166.6 pose=(-13.90,1.76)
[1788379854] tick=556719 goal=0 here=0 d0=0 d5=0 d11=0.685 h=165.7 pose=(-13.93,1.77)
[1788379855] tick=556819 goal=0 here=0 d0=0 d5=0 d11=0.713 h=None pose=(-13.96,1.78)
[1788379856] tick=556920 goal=0 here=0 d0=0 d5=0 d11=0.678 h=163.4 pose=(-14.03,1.80)
[1788379857] tick=557020 goal=0 here=0 d0=0 d5=0 d11=0.681 h=166.7 pose=(-14.06,1.81)
[1788379858] tick=557121 goal=0 here=0 d0=0 d5= d11=0.660 h=223.2 pose=(-14.06,1.81)
[1788379859] tick=557221 goal=0 here=0 d0=0 d5=0 d11=0.665 h=None pose=(-14.13,1.74)
[1788379860] tick=557321 goal=0 here=0 d0=0 d5=1 d11=0.680 h=223.1 pose=(-14.13,1.74)
[1788379861] tick=557421 goal=0 here=0 d0=0 d5=0 d11=0.671 h=193.4 pose=(-14.20,1.68)
[1788379862] tick=557523 goal=0 here=0 d0=0 d5=1 d11=0.676 h=224.2 pose=(-14.20,1.68)
[1788379863] tick=557623 goal=0 here=0 d0=0 d5=0 d11=0.668 h=209.4 pose=(-14.27,1.62)
[1788379864] tick=557724 goal=0 here=0 d0=0 d5=1 d11=0.670 h=212.4 pose=(-14.31,1.59)
[1788379865] tick=557826 goal=0 here=0 d0=0 d5=0 d11=0.674 h=225.4 pose=(-14.32,1.57)
[1788379866] tick=557928 goal=0 here=0 d0=0 d5=0 d11=0.694 h=187.3 pose=(-14.36,1.54)
[1788379867] tick=558028 goal=0 here=0 d0=0 d5=0 d11=0.693 h=None pose=(-14.39,1.51)
[1788379868] tick=558129 goal=0 here=0 d0=0 d5=1 d11=0.704 h=175.4 pose=(-14.41,1.49)
[1788379869] tick=558230 goal=0 here=0 d0=0 d5=1 d11=0.692 h=224.0 pose=(-14.46,1.45)
[1788379870] tick=558331 goal=0 here=0 d0=0 d5=1 d11=0.694 h=173.6 pose=(-14.53,1.39)
[1788379871] tick=558433 goal=0 here=0 d0=0 d5=1 d11=0.695 h=225.8 pose=(-14.53,1.39)
[1788379872] tick=558533 goal=0 here=0 d0=0 d5=1 d11=0.690 h=174.6 pose=(-14.60,1.33)
[1788379873] tick=558634 goal=0 here=0 d0=0 d5=0 d11=0.690 h=220.4 pose=(-14.60,1.33)
[1788379874] tick=558734 goal=0 here=0 d0=0 d5=0 d11=0.689 h=171.8 pose=(-14.65,1.28)
[1788379875] tick=558836 goal=0 here=0 d0=0 d5=1 d11=0.686 h=219.8 pose=(-14.70,1.24)
[1788379876] tick=558936 goal=0 here=0 d0=0 d5=0 d11=0.686 h=167.8 pose=(-14.74,1.21)
[1788379877] tick=559036 goal=0 here=0 d0=0 d5=1 d11=0.679 h=224.3 pose=(-14.74,1.21)
[1788379878] tick=559136 goal=0 here=0 d0=0 d5=0 d11=0.667 h=174.8 pose=(-14.81,1.14)
[1788379879] tick=559236 goal=0 here=0 d0=0 d5=1 d11=0.666 h=224.9 pose=(-14.81,1.14)
[1788379880] tick=559339 goal=0 here=0 d0=0 d5=1 d11=0.671 h=167.6 pose=(-14.86,1.08)
[1788379881] tick=559439 goal=0 here=0 d0=0 d5=1 d11=0.667 h=219.9 pose=(-14.88,1.07)
[1788379882] tick=559539 goal=0 here=0 d0=0 d5=1 d11=0.673 h=None pose=(-14.94,1.02)
[1788379883] tick=559640 goal=0 here=0 d0=0 d5=1 d11=0.676 h=225.1 pose=(-14.94,1.02)
[1788379884] tick=559740 goal=0 here=0 d0=0 d5=1 d11=0.700 h=None pose=(-15.01,0.95)
[1788379885] tick=559842 goal=0 here=0 d0=0 d5=1 d11=0.697 h=226.0 pose=(-15.01,0.96)
[1788379886] tick=559942 goal=0 here=0 d0=0 d5=0 d11=0.695 h=171.4 pose=(-15.05,0.91)
[1788379887] tick=560042 goal=0 here=0 d0=0 d5=0 d11=0.717 h=225.4 pose=(-15.07,0.89)
[1788379888] tick=560142 goal=0 here=0 d0=0 d5=0 d11=0.694 h=172.3 pose=(-15.11,0.85)
[1788379889] tick=560242 goal=0 here=0 d0=0 d5=1 d11=0.685 h=225.4 pose=(-15.17,0.80)
[1788379890] tick=560343 goal=0 here=0 d0=0 d5=0 d11=0.685 h=193.9 pose=(-15.21,0.77)
[1788379891] tick=560443 goal=0 here=0 d0=0 d5=0 d11=0.660 h=206.6 pose=(-15.25,0.74)
[1788379892] tick=560545 goal=0 here=0 d0=0 d5=0 d11=0.665 h=222.7 pose=(-15.28,0.71)
[1788379893] tick=560645 goal=0 here=0 d0=0 d5=1 d11=0.648 h=185.6 pose=(-15.31,0.69)
[1788379894] tick=560747 goal=0 here=0 d0=0 d5=0 d11=0.662 h=221.8 pose=(-15.34,0.66)
[1788379895] tick=560847 goal=0 here=0 d0=0 d5=1 d11=0.650 h=192.6 pose=(-15.34,0.66)
[1788379896] tick=560948 goal=0 here=0 d0=0 d5=0 d11=0.631 h=222.8 pose=(-15.41,0.60)
[1788379897] tick=None goal=None here=None d0=0 d5=1 d11=0.625 h=186.6 pose=(-15.47,0.54)
[1788379898] tick=561149 goal=0 here=0 d0=0 d5=0 d11=0.661 h=168.5 pose=(-15.49,0.54)
[1788379899] tick=561250 goal=0 here=0 d0=0 d5=1 d11=0.646 h=221.3 pose=(-15.50,0.55)
[1788379900] tick=561353 goal=0 here=0 d0=0 d5=0 d11=0.666 h=None pose=(-15.55,0.50)
[1788379901] tick=561454 goal=0 here=0 d0=0 d5=1 d11=0.657 h=224.3 pose=(-15.57,0.49)
[1788379902] tick=561554 goal=0 here=0 d0=0 d5=0 d11=0.660 h=170.5 pose=(-15.63,0.44)
[1788379903] tick=561656 goal=0 here=0 d0=0 d5=1 d11=0.659 h=222.2 pose=(-15.62,0.44)
[1788379904] tick=561756 goal=0 here=0 d0=0 d5=0 d11=0.659 h=172.5 pose=(-15.69,0.37)
[1788379905] tick=561857 goal=0 here=0 d0=0 d5=0 d11=0.651 h=None pose=(-15.69,0.37)
[1788379906] tick=561957 goal=0 here=0 d0=0 d5=0 d11=0.654 h=295.8 pose=(-15.69,0.38)
[1788379907] tick=562059 goal=0 here=0 d0=0 d5=0 d11=0.651 h=345.2 pose=(-15.69,0.38)
[1788379908] tick=562159 goal=0 here=0 d0=1 d5=0 d11= h=32.9 pose=(-15.69,0.38)
[1788379909] tick=562259 goal=0 here=0 d0=0 d5=0 d11=0.642 h=81.9 pose=(-15.70,0.38)
[1788379910] tick=562359 goal=0 here=0 d0=0 d5=0 d11=0.651 h=136.7 pose=(-15.70,0.38)
[1788379911] tick=562461 goal=0 here=0 d0=0 d5=0 d11=0.645 h=182.5 pose=(-15.69,0.37)
[1788379912] tick=562561 goal=0 here=0 d0=0 d5=0 d11=0.674 h=233.7 pose=(-15.69,0.37)
[1788379913] tick=562662 goal=0 here=0 d0=0 d5=0 d11=0.693 h=284.2 pose=(-15.69,0.38)
[1788379914] tick=562762 goal=0 here=0 d0=0 d5=0 d11=0.691 h=332.4 pose=(-15.69,0.38)
[1788379915] tick=562862 goal=0 here=0 d0=0 d5=0 d11=0.695 h=25.9 pose=(-15.70,0.38)
[1788379916] tick=562962 goal=0 here=0 d0=0 d5=0 d11=0.679 h=75.7 pose=(-15.70,0.38)
[1788379917] tick=563062 goal=0 here=0 d0=0 d5=0 d11=0.669 h=124.3 pose=(-15.70,0.38)
[1788379918] tick=563162 goal=0 here=0 d0= d5=0 d11=0.652 h=174.6 pose=(-15.70,0.38)
[1788379919] tick=563263 goal=0 here=0 d0=0 d5=0 d11=0.667 h=224.9 pose=(-15.69,0.38)
[1788379920] tick=563365 goal=0 here=0 d0=0 d5=0 d11=0.658 h=274.2 pose=(-15.69,0.38)
[1788379921] tick=563465 goal=0 here=0 d0= d5=0 d11=0.657 h=323.8 pose=(-15.69,0.38)
[1788379922] tick=563565 goal=0 here=0 d0=0 d5=0 d11=0.677 h=11.7 pose=(-15.69,0.38)
[1788379923] tick=563665 goal=0 here=0 d0=0 d5=0 d11=0.669 h=61.1 pose=(-15.69,0.38)
[1788379924] tick=563767 goal=0 here=0 d0=0 d5=0 d11=0.658 h=117.0 pose=(-15.70,0.38)
[1788379925] tick=563867 goal=0 here=0 d0=0 d5= d11=0.676 h=163.1 pose=(-15.69,0.38)
[1788379926] tick=563968 goal=0 here=0 d0=0 d5=0 d11=0.660 h=214.3 pose=(-15.69,0.38)
[1788379927] tick=564070 goal=0 here=0 d0=0 d5=0 d11=0.663 h=259.9 pose=(-15.69,0.38)
[1788379928] tick=564171 goal=0 here=0 d0= d5=0 d11=0.672 h=315.4 pose=(-15.69,0.38)
[1788379929] tick=564272 goal=0 here=0 d0=0 d5=0 d11=0.672 h=2.4 pose=(-15.69,0.38)
