[16:54:29] === explore4 start ===
[16:54:29] step 0: escape at 0.00,0.00 h=81 (probe=0.41)
[16:54:37] step 2: -> az 85 oct4 probe=0.56 sc=-1 at -0.69,-0.05
[16:54:43] step 3: escape at -0.30,0.03 h=78 (probe=0.44)
[16:54:49] step 4: escape at -0.49,-0.03 h=251 (probe=0.37)
[16:54:55] step 5: escape at -0.31,0.06 h=64 (probe=0.46)
[16:55:01] step 6: escape at -0.55,-0.03 h=254 (probe=0.35)
[16:55:06] step 7: escape at -0.29,0.02 h=82 (probe=0.47)
[16:55:16] step 10: -> az 88 oct4 probe=0.56 sc=-1 at -1.40,-0.02
[16:55:23] step 10 pose -1.01,0.04 h=81 batt=0.526 visited=5
[16:55:23] step 11: escape at -1.01,0.04 h=81 (probe=0.43)
[16:55:28] step 12: escape at -1.27,0.02 h=265 (probe=0.46)
[16:55:34] step 13: escape at -1.08,0.07 h=80 (probe=0.42)
[16:55:42] step 15: escape at -1.76,0.02 h=262 (probe=0.46)
[16:55:47] step 16: escape at -1.49,0.03 h=84 (probe=0.49)
[16:55:52] step 17: escape at -1.69,-0.01 h=257 (probe=0.44)
[16:55:58] step 18: escape at -1.50,0.05 h=69 (probe=0.40)
[16:56:04] step 19: escape at -1.75,-0.00 h=254 (probe=0.43)
[16:56:10] step 20: escape at -1.57,0.08 h=66 (probe=0.44)
[16:56:16] step 21: escape at -1.81,0.00 h=252 (probe=0.38)
[16:56:22] step 22: escape at -1.63,0.08 h=70 (probe=0.42)
[16:56:27] step 23: escape at -1.88,0.02 h=254 (probe=0.38)
[16:56:32] step 24: escape at -1.62,0.06 h=82 (probe=0.46)
[16:56:42] step 25: escape at -1.73,-0.08 h=156 (probe=0.40)
[16:56:51] step 26: escape at -1.87,-0.10 h=238 (probe=0.45)
[16:57:10] step 27: escape at -1.96,-0.25 h=195 (probe=0.40)
[16:57:19] step 28: -> az 87 oct4 probe=0.51 sc=0 at -2.13,-0.26
[16:57:27] step 29: escape at -2.18,-0.21 h=30 (probe=0.34)
[16:57:37] step 30: escape at -2.20,-0.15 h=29 (probe=0.37)
[16:58:01] step 31: -> az 88 oct7 probe=0.50 sc=-1 at -2.13,-0.07
[16:58:07] step 33: -> az 267 oct4 probe=0.60 sc=-1 at -1.26,-0.09
