{"t": 1789615060.5, "x": 0.0, "y": 0.0, "h": 94, "ev": "start", "d11": "0.312", "d3": "tick=69573 goal=0 here=0"}
{"t": 1789615060.6, "x": 0.0, "y": -0.0, "h": 92, "ev": "run", "d11": "0.302", "d3": "tick=69577 goal=0 here=0", "sc": [1.4, 0.18, 0.1, 0.09, 0.09, 0.1, 0.21, 0.26, 0.42, 0.53, 0.54, 0.4, 0.36, 0.44, 0.52, 1.07]}
{"t": 1789615060.7, "x": 0.0, "y": 0.0, "h": 94, "ev": "blocked", "d11": "0.303", "d3": "tick=69589 goal=0 here=0", "sc": [1.41, 0.17, 0.1, 0.1, 0.09, 0.11, 0.21, 0.25, 0.41, 0.53, 0.52, 0.42, 0.37, 0.44, 0.52, 1.08]}
{"t": 1789615067.2, "x": 0.0, "y": 0.0, "h": 275, "ev": "turnBack", "d11": "0.280", "d3": "tick=70240 goal=0 here=0"}
{"t": 1789615067.3, "x": 0.0, "y": -0.01, "h": 273, "ev": "run", "d11": "0.282", "d3": "tick=70246 goal=0 here=0", "sc": [0.42, 0.51, 0.53, 0.4, 0.37, 0.43, 0.52, 1.1, 1.39, 0.2, 0.12, 0.11, 0.09, 0.12, 0.21, 0.27]}
{"t": 1789615067.3, "x": 0.0, "y": -0.01, "h": 277, "ev": "blocked", "d11": "0.295", "d3": "tick=70255 goal=0 here=0", "sc": [0.41, 0.52, 0.51, 0.41, 0.36, 0.44, 0.52, 1.1, 1.4, 0.2, 0.11, 0.1, 0.09, 0.13, 0.2, 0.27]}
{"t": 1789615073.6, "x": 0.0, "y": -0.01, "h": 93, "ev": "turnBack", "d11": "0.277", "d3": "tick=70880 goal=0 here=0"}
{"t": 1789615073.7, "x": 0.0, "y": -0.01, "h": 91, "ev": "run", "d11": "0.267", "d3": "tick=70886 goal=0 here=0", "sc": [2.5, 0.34, 0.11, 0.09, 0.09, 0.1, 0.2, 0.27, 0.41, 0.53, 0.53, 0.4, 0.37, 0.43, 0.5, 0.84]}
{"t": 1789615073.9, "x": 0.0, "y": 0.01, "h": 89, "ev": "run", "d11": "0.273", "d3": "tick=70905 goal=0 here=0", "sc": [2.51, 0.38, 0.11, 0.09, 0.09, 0.09, 0.2, 0.25, 0.42, 0.54, 0.54, 0.39, 0.38, 0.4, 0.5, 0.82]}
{"t": 1789615074.0, "x": 0.01, "y": 0.03, "h": 83, "ev": "run", "d11": "0.264", "d3": "tick=70923 goal=0 here=0", "sc": [2.55, 0.41, 0.11, 0.09, 0.08, 0.1, 0.18, 0.24, 0.44, 0.53, 0.59, 0.4, 0.38, 0.39, 0.49, 0.8]}
{"t": 1789615074.3, "x": 0.01, "y": 0.06, "h": 77, "ev": "run", "d11": "0.267", "d3": "tick=70945 goal=0 here=0", "sc": [2.13, 0.5, 0.15, 0.1, 0.09, 0.1, 0.11, 0.23, 0.48, 0.5, 0.57, 0.4, 0.38, 0.37, 0.46, 0.62]}
{"t": 1789615074.4, "x": 0.02, "y": 0.09, "h": 72, "ev": "run", "d11": "0.272", "d3": "tick=70967 goal=0 here=0", "sc": [1.41, 0.74, 0.31, 0.12, 0.08, 0.1, 0.12, 0.25, 0.42, 0.51, 0.58, 0.42, 0.38, 0.35, 0.44, 0.53]}
{"t": 1789615074.7, "x": 0.03, "y": 0.12, "h": 70, "ev": "run", "d11": "0.276", "d3": "tick=70985 goal=0 here=0", "sc": [0.95, 2.41, 0.34, 0.18, 0.09, 0.09, 0.12, 0.18, 0.33, 0.52, 0.58, 0.43, 0.37, 0.36, 0.41, 0.46]}
{"t": 1789615074.9, "x": 0.04, "y": 0.14, "h": 62, "ev": "run", "d11": "0.272", "d3": "tick=71006 goal=0 here=0", "sc": [0.71, 2.37, 0.41, 0.26, 0.14, 0.1, 0.12, 0.18, 0.35, 0.53, 0.62, 0.43, 0.38, 0.33, 0.38, 0.44]}
{"t": 1789615075.0, "x": 0.05, "y": 0.17, "h": 63, "ev": "run", "d11": "0.272", "d3": "tick=71024 goal=0 here=0", "sc": [0.67, 2.4, 0.61, 0.28, 0.17, 0.11, 0.14, 0.15, 0.35, 0.55, 0.65, 0.46, 0.37, 0.31, 0.36, 0.38]}
{"t": 1789615075.2, "x": 0.07, "y": 0.19, "h": 58, "ev": "run", "d11": "0.267", "d3": "tick=71043 goal=0 here=0", "sc": [0.49, 1.57, 0.8, 0.3, 0.24, 0.17, 0.15, 0.17, 0.37, 0.6, 0.67, 0.48, 0.36, 0.3, 0.35, 0.35]}
{"t": 1789615075.4, "x": 0.08, "y": 0.21, "h": 53, "ev": "run", "d11": "0.281", "d3": "tick=71061 goal=0 here=0", "sc": [0.43, 1.26, 1.23, 0.35, 0.26, 0.2, 0.17, 0.18, 0.3, 0.65, 0.7, 0.61, 0.36, 0.28, 0.31, 0.32]}
{"t": 1789615075.6, "x": 0.1, "y": 0.23, "h": 48, "ev": "run", "d11": "0.283", "d3": "tick=71080 goal=0 here=0", "sc": [0.38, 0.83, 2.27, 0.55, 0.28, 0.25, 0.2, 0.2, 0.3, 0.69, 0.71, 0.63, 0.36, 0.29, 0.29, 0.29]}
{"t": 1789615075.7, "x": 0.1, "y": 0.23, "h": 51, "ev": "blocked", "d11": "0.291", "d3": "tick=71088 goal=0 here=0", "sc": [0.36, 0.61, 2.27, 0.56, 0.29, 0.25, 0.21, 0.21, 0.29, 0.7, 0.71, 0.63, 0.36, 0.29, 0.29, 0.28]}
{"t": 1789615082.0, "x": 0.1, "y": 0.23, "h": 226, "ev": "turnBack", "d11": "0.314", "d3": "tick=71725 goal=0 here=0"}
{"t": 1789615082.1, "x": 0.11, "y": 0.23, "h": 231, "ev": "run", "d11": "0.315", "d3": "tick=71731 goal=0 here=0", "sc": [0.29, 0.7, 0.7, 0.65, 0.37, 0.28, 0.3, 0.29, 0.34, 0.59, 2.3, 0.56, 0.29, 0.26, 0.21, 0.2]}
{"t": 1789615082.2, "x": 0.11, "y": 0.23, "h": 230, "ev": "blocked", "d11": "0.302", "d3": "tick=71742 goal=0 here=0", "sc": [0.29, 0.7, 0.69, 0.64, 0.37, 0.28, 0.28, 0.3, 0.35, 0.6, 2.31, 0.56, 0.31, 0.27, 0.23, 0.2]}
{"t": 1789615088.6, "x": 0.11, "y": 0.23, "h": 47, "ev": "turnBack", "d11": "0.300", "d3": "tick=72384 goal=0 here=0"}
{"t": 1789615088.7, "x": 0.1, "y": 0.23, "h": 46, "ev": "run", "d11": "0.310", "d3": "tick=72391 goal=0 here=0", "sc": [0.34, 0.59, 2.3, 0.56, 0.3, 0.25, 0.21, 0.2, 0.28, 0.51, 0.7, 0.67, 0.37, 0.29, 0.29, 0.28]}
{"t": 1789615088.8, "x": 0.1, "y": 0.23, "h": 51, "ev": "blocked", "d11": "0.312", "d3": "tick=72400 goal=0 here=0", "sc": [0.34, 0.59, 2.31, 0.55, 0.3, 0.26, 0.21, 0.19, 0.29, 0.51, 0.7, 0.67, 0.37, 0.28, 0.29, 0.28]}
{"t": 1789615095.1, "x": 0.1, "y": 0.23, "h": 221, "ev": "turnBack", "d11": "0.308", "d3": "tick=73035 goal=0 here=0"}
{"t": 1789615095.2, "x": 0.1, "y": 0.23, "h": 228, "ev": "run", "d11": "0.309", "d3": "tick=73041 goal=0 here=0", "sc": [0.28, 0.5, 0.69, 0.67, 0.38, 0.28, 0.29, 0.28, 0.31, 0.59, 2.29, 0.58, 0.32, 0.27, 0.22, 0.19]}
{"t": 1789615095.3, "x": 0.11, "y": 0.23, "h": 225, "ev": "blocked", "d11": "0.327", "d3": "tick=73053 goal=0 here=0", "sc": [0.27, 0.51, 0.69, 0.68, 0.38, 0.27, 0.28, 0.29, 0.32, 0.59, 2.26, 0.58, 0.31, 0.27, 0.22, 0.19]}
{"t": 1789615101.5, "x": 0.11, "y": 0.23, "h": 47, "ev": "turnBack", "d11": "0.353", "d3": "tick=73675 goal=0 here=0"}
{"t": 1789615101.6, "x": 0.11, "y": 0.24, "h": 49, "ev": "run", "d11": "0.352", "d3": "tick=73680 goal=0 here=0", "sc": [0.37, 0.61, 2.29, 0.56, 0.28, 0.25, 0.21, 0.2, 0.3, 0.7, 0.72, 0.66, 0.35, 0.28, 0.3, 0.28]}
{"t": 1789615101.7, "x": 0.11, "y": 0.24, "h": 46, "ev": "blocked", "d11": "0.351", "d3": "tick=73691 goal=0 here=0", "sc": [0.35, 0.62, 2.29, 0.55, 0.28, 0.26, 0.2, 0.19, 0.29, 0.71, 0.71, 0.64, 0.36, 0.28, 0.28, 0.3]}
{"t": 1789615107.9, "x": 0.11, "y": 0.24, "h": 231, "ev": "turnBack", "d11": "0.438", "d3": "tick=74314 goal=0 here=0"}
{"t": 1789615108.0, "x": 0.11, "y": 0.23, "h": 234, "ev": "run", "d11": "0.431", "d3": "tick=74320 goal=0 here=0", "sc": [0.37, 0.68, 0.73, 0.47, 0.32, 0.28, 0.28, 0.28, 0.4, 0.92, 1.36, 0.4, 0.29, 0.25, 0.2, 0.2]}
{"t": 1789615108.1, "x": 0.11, "y": 0.23, "h": 232, "ev": "blocked", "d11": "0.432", "d3": "tick=74329 goal=0 here=0", "sc": [0.37, 0.67, 0.71, 0.48, 0.32, 0.28, 0.29, 0.29, 0.41, 0.89, 1.34, 0.39, 0.28, 0.26, 0.2, 0.2]}
