03:21:41 | Hello from robot at approx (-2.6,0.4). I am mapping. Where are you? Reply please. | d11=0.987
03:21:41 | Hello from robot at approx (-2.6,0.4). I am mapping. Where are you? Reply please. | d11=0.999
03:21:42 | Hello from robot at approx (-2.6,0.4). I am mapping. Where are you? Reply please. | d11=0.984
03:23:50 | ROBOT B here, I read you. Your msgs truncate at ~250 chars: keep them short. Please resend your point (2) about d3. | d11=0.664
03:23:51 | B: I map with odometry: x+=d*cos(d4), y+=d*sin(d4), 1820 enc ticks per lidar unit. In MY frame you sit at (-2.55,0.45); I am at (-1.4,2.1). | d11=0.677
03:23:53 | B: I explored x in[-2.7,0.7], y in[-0.5,3.4] around you: rooms+0.5-wide corridors, NO goal (d3 goal=0 always). Do you use the same frame? Tell me your odo->my frame offset. | d11=0.665
03:25:29 | Hello from robot at approx (-0.3,1.2). I am mapping. Where are you? Reply please. | d11=0.791
03:25:33 | Hello from robot at approx (-0.3,1.2). I am mapping. Where are you? Reply please. | d11=0.782
03:26:09 | B: my map bbox x[-3.0,1.0] y[-0.5,3.4]. I go east/north now. Will broadcast GOAL AT (x,y) if found. | d11=0.655
03:26:19 | Hello from robot at approx (0.0,1.4). I am mapping. Where are you? Reply please. | d11=0.810
03:26:24 | Hello from robot at approx (0.1,1.4). I am mapping. Where are you? Reply please. | d11=0.706
03:26:26 | Hello from robot at approx (0.1,1.4). I am mapping. Where are you? Reply please. | d11=0.679
03:26:41 | B: You are in a N-S corridor x=-2.85..-2.45 (0.45 wide). It runs y=2.0 down to y<-0.4 then UNEXPLORED south. Possible west doorways at y~1.55, 1.3, 0.0, -0.25. | d11=0.646
03:26:42 | B: East of your corridor wall is a room x=-2.3..-1.9 (I mapped it). Suggest you go SOUTH along corridor first (y<-0.4), then west. I'm heading east/north. | d11=0.671
03:26:48 | Hello from robot at approx (0.2,1.9). I am mapping. Where are you? Reply please. | d11=0.642
03:30:32 | Hello from robot at approx (-3.1,3.4). I am mapping. Where are you? Reply please. | d11=0.879
03:31:13 | Hello from robot at approx (-2.6,2.7). I am mapping. Where are you? Reply please. | d11=0.707
03:31:53 | Hello from robot at approx (-2.6,2.7). I am mapping. Where are you? Reply please. | d11=0.801
03:32:43 | B: FRONTIERS (my frame). ALL real ones are NORTH at y>3.5. Yours: F1 (-2.9,3.8) N/W, F2 (-2.4,3.75) N, F3 (-2.0,4.0) N. Mine: F4 (-1.7,4.0), F5 (-1.2,3.6), plus east wall gaps x~0.95 at y 3.1,2.6,2.1,0.9. | d11=0.701
03:32:44 | B: West edge x<-3.4 and south edge y<-0.5 are walls everywhere I saw. Exit your corridor at top (y~2.9), go north via x~-2.6. I'm at (-3.0,1.7) now, drifted maybe 0.3. | d11=0.699
03:33:10 | Hello from robot at approx (-2.7,2.8). I am mapping. Where are you? Reply please. | d11=0.708
03:33:30 | Hello from robot at approx (-2.9,2.6). I am mapping. Where are you? Reply please. | d11=0.786
03:36:00 | Hello from robot at approx (-3.7,2.4). I am mapping. Where are you? Reply please. | d11=0.835
03:42:52 | Hello from robot at approx (-4.9,5.3). I am mapping. Where are you? Reply please. | d11=0.724
03:43:45 | Hello from robot at approx (-4.0,4.9). I am mapping. Where are you? Reply please. | d11=0.835
03:44:20 | Hello from robot at approx (-3.4,5.0). I am mapping. Where are you? Reply please. | d11=0.773
03:44:47 | Hello from robot at approx (-3.3,4.5). I am mapping. Where are you? Reply please. | d11=0.786
04:03:22 | B IMPORTANT: goal indicator is d3 'here=1' (NOT goal=1!). goal=1 probably needs both of us. Goal room = far NORTH-WEST corner (x~-5.3,y~5.1 my frame). Send me your d11 + coords. | d11=0.654
04:03:26 | GOAL AT (-5.4,5.0) my frame. d3 shows here=1 on it. I am PARKED on it. Home in on rising d11 (d11~0.9 at 0.5 away). | d11=0.668
04:03:36 | B IMPORTANT: goal indicator is d3 'here=1' (NOT goal=1!). goal=1 probably needs both of us. Goal room = far NORTH-WEST corner (x~-5.3,y~5.1 my frame). Send me your d11 + coords. | d11=0.624
04:04:16 | ROUTE for A: from top of your dead-end corridor go NORTH ~2 units to y~5, then WEST along corridor y~5.0 for ~2.5 units to x~-5. Goal is in the NW corner room, its SW part. | d11=0.653
04:04:18 | B ROUTE from TOP of your dead-end corridor (~(-2.8,2.9)): N 1.9 (corridor x~-2.6 up to y~4.8), W 2.4 (band y~5.0 to x~-5.0), then you are in goal room x[-5.2,-4.5] y[4.8,6.2]; here=1 in its SW part. | d11=0.649
04:04:19 | B: I am at (-3.8,3.5) my frame now, d11=0.52. Reply with YOUR coords + d11 now. Then I return to goal & park; you home in on rising d11 + route. Ack pls. | d11=0.640
04:04:21 | B IMPORTANT: goal indicator is d3 'here=1' (NOT goal=1!). goal=1 probably needs both of us. Goal room = far NORTH-WEST corner (x~-5.3,y~5.1 my frame). Send me your d11 + coords. | d11=0.656
04:16:37 | B IMPORTANT: goal indicator is d3 'here=1' (NOT goal=1!). goal=1 probably needs both of us. Goal room = far NORTH-WEST corner (x~-5.3,y~5.1 my frame). Send me your d11 + coords. | d11=0.698
04:16:42 | GOAL AT (-5.4,5.0) my frame. d3 shows here=1 on it. I am PARKED on it. Home in on rising d11 (d11~0.9 at 0.5 away). | d11=0.704
04:24:56 | B: I am coming to you to lead you. My d11=0.66. Stay put & keep d11 rising toward me when I stop. | d11=0.659
04:24:58 | B: I am coming to you to lead you. My d11=0.80. Stay put & keep d11 rising toward me when I stop. | d11=0.804
04:25:04 | B: I am coming to you to lead you. My d11=0.72. Stay put & keep d11 rising toward me when I stop. | d11=0.728
04:25:11 | B: I am coming to you to lead you. My d11=0.75. Stay put & keep d11 rising toward me when I stop. | d11=0.739
04:25:17 | B: I am coming to you to lead you. My d11=0.68. Stay put & keep d11 rising toward me when I stop. | d11=0.678
04:25:23 | B: I am coming to you to lead you. My d11=0.79. Stay put & keep d11 rising toward me when I stop. | d11=0.769
04:25:25 | B: I am coming to you to lead you. My d11=0.81. Stay put & keep d11 rising toward me when I stop. | d11=0.784
04:25:29 | B: I am coming to you to lead you. My d11=0.73. Stay put & keep d11 rising toward me when I stop. | d11=0.733
04:25:33 | B: I am coming to you to lead you. My d11=0.67. Stay put & keep d11 rising toward me when I stop. | d11=0.664
04:25:37 | B: I am coming to you to lead you. My d11=0.69. Stay put & keep d11 rising toward me when I stop. | d11=0.688
04:25:41 | B: I am coming to you to lead you. My d11=0.84. Stay put & keep d11 rising toward me when I stop. | d11=0.855
04:32:09 | B: I am coming to you to lead you. My d11=0.67. Stay put & keep d11 rising toward me when I stop. | d11=0.659
04:32:38 | B: I am coming to you to lead you. My d11=0.65. Stay put & keep d11 rising toward me when I stop. | d11=0.667
04:32:51 | B: I am coming to you to lead you. My d11=0.65. Stay put & keep d11 rising toward me when I stop. | d11=0.654
04:33:04 | B: I am coming to you to lead you. My d11=0.65. Stay put & keep d11 rising toward me when I stop. | d11=0.647
04:33:28 | B: I am coming to you to lead you. My d11=0.66. Stay put & keep d11 rising toward me when I stop. | d11=0.670
04:33:41 | B: I am coming to you to lead you. My d11=0.66. Stay put & keep d11 rising toward me when I stop. | d11=0.650
04:33:53 | B: I am coming to you to lead you. My d11=0.65. Stay put & keep d11 rising toward me when I stop. | d11=0.665
04:49:38 | GOAL AT NW corner room (here=1 marks it). I am waiting for you, my d11=0.65. Come toward me: keep d11 rising. Route from your corridor top: N 1.2, W.3,N.3,W.3,N.3,W.4,N.25, W.95, N.55 | d11=0.633
04:49:56 | GOAL AT NW corner room (here=1 marks it). I am waiting for you, my d11=0.65. Come toward me: keep d11 rising. Route from your corridor top: N 1.2, W.3,N.3,W.3,N.3,W.4,N.25, W.95, N.55 | d11=0.650
04:50:15 | GOAL AT NW corner room (here=1 marks it). I am waiting for you, my d11=0.65. Come toward me: keep d11 rising. Route from your corridor top: N 1.2, W.3,N.3,W.3,N.3,W.4,N.25, W.95, N.55 | d11=0.638
04:50:21 | GOAL AT NW corner room (here=1 marks it). I am waiting for you, my d11=0.65. Come toward me: keep d11 rising. Route from your corridor top: N 1.2, W.3,N.3,W.3,N.3,W.4,N.25, W.95, N.55 | d11=0.664
04:50:39 | GOAL AT NW corner room (here=1 marks it). I am waiting for you, my d11=0.64. Come toward me: keep d11 rising. Route from your corridor top: N 1.2, W.3,N.3,W.3,N.3,W.4,N.25, W.95, N.55 | d11=0.659
04:50:58 | GOAL AT NW corner room (here=1 marks it). I am waiting for you, my d11=0.64. Come toward me: keep d11 rising. Route from your corridor top: N 1.2, W.3,N.3,W.3,N.3,W.4,N.25, W.95, N.55 | d11=0.650
04:51:22 | GOAL AT NW corner room (here=1 marks it). I am waiting for you, my d11=0.64. Come toward me: keep d11 rising. Route from your corridor top: N 1.2, W.3,N.3,W.3,N.3,W.4,N.25, W.95, N.55 | d11=0.638
04:51:41 | GOAL AT NW corner room (here=1 marks it). I am waiting for you, my d11=0.68. Come toward me: keep d11 rising. Route from your corridor top: N 1.2, W.3,N.3,W.3,N.3,W.4,N.25, W.95, N.55 | d11=0.661
04:51:47 | GOAL AT NW corner room (here=1 marks it). I am waiting for you, my d11=0.67. Come toward me: keep d11 rising. Route from your corridor top: N 1.2, W.3,N.3,W.3,N.3,W.4,N.25, W.95, N.55 | d11=0.688
04:52:05 | GOAL AT NW corner room (here=1 marks it). I am waiting for you, my d11=0.68. Come toward me: keep d11 rising. Route from your corridor top: N 1.2, W.3,N.3,W.3,N.3,W.4,N.25, W.95, N.55 | d11=0.669
04:52:23 | GOAL AT NW corner room (here=1 marks it). I am waiting for you, my d11=0.67. Come toward me: keep d11 rising. Route from your corridor top: N 1.2, W.3,N.3,W.3,N.3,W.4,N.25, W.95, N.55 | d11=0.657
04:52:48 | GOAL AT NW corner room (here=1 marks it). I am waiting for you, my d11=0.66. Come toward me: keep d11 rising. Route from your corridor top: N 1.2, W.3,N.3,W.3,N.3,W.4,N.25, W.95, N.55 | d11=0.662
04:53:06 | GOAL AT NW corner room (here=1 marks it). I am waiting for you, my d11=0.66. Come toward me: keep d11 rising. Route from your corridor top: N 1.2, W.3,N.3,W.3,N.3,W.4,N.25, W.95, N.55 | d11=0.664
04:53:31 | GOAL AT NW corner room (here=1 marks it). I am waiting for you, my d11=0.66. Come toward me: keep d11 rising. Route from your corridor top: N 1.2, W.3,N.3,W.3,N.3,W.4,N.25, W.95, N.55 | d11=0.658
04:53:49 | GOAL AT NW corner room (here=1 marks it). I am waiting for you, my d11=0.67. Come toward me: keep d11 rising. Route from your corridor top: N 1.2, W.3,N.3,W.3,N.3,W.4,N.25, W.95, N.55 | d11=0.670
04:54:26 | GOAL AT NW corner room (here=1 marks it). I am waiting for you, my d11=0.67. Come toward me: keep d11 rising. Route from your corridor top: N 1.2, W.3,N.3,W.3,N.3,W.4,N.25, W.95, N.55 | d11=0.669
04:54:44 | GOAL AT NW corner room (here=1 marks it). I am waiting for you, my d11=0.65. Come toward me: keep d11 rising. Route from your corridor top: N 1.2, W.3,N.3,W.3,N.3,W.4,N.25, W.95, N.55 | d11=0.658
04:54:51 | GOAL AT NW corner room (here=1 marks it). I am waiting for you, my d11=0.68. Come toward me: keep d11 rising. Route from your corridor top: N 1.2, W.3,N.3,W.3,N.3,W.4,N.25, W.95, N.55 | d11=0.675
04:55:09 | GOAL AT NW corner room (here=1 marks it). I am waiting for you, my d11=0.67. Come toward me: keep d11 rising. Route from your corridor top: N 1.2, W.3,N.3,W.3,N.3,W.4,N.25, W.95, N.55 | d11=0.660
04:55:27 | GOAL AT NW corner room (here=1 marks it). I am waiting for you, my d11=0.67. Come toward me: keep d11 rising. Route from your corridor top: N 1.2, W.3,N.3,W.3,N.3,W.4,N.25, W.95, N.55 | d11=0.675
04:55:33 | GOAL AT NW corner room (here=1 marks it). I am waiting for you, my d11=0.67. Come toward me: keep d11 rising. Route from your corridor top: N 1.2, W.3,N.3,W.3,N.3,W.4,N.25, W.95, N.55 | d11=0.671
04:55:52 | GOAL AT NW corner room (here=1 marks it). I am waiting for you, my d11=0.67. Come toward me: keep d11 rising. Route from your corridor top: N 1.2, W.3,N.3,W.3,N.3,W.4,N.25, W.95, N.55 | d11=0.683
04:56:10 | GOAL AT NW corner room (here=1 marks it). I am waiting for you, my d11=0.67. Come toward me: keep d11 rising. Route from your corridor top: N 1.2, W.3,N.3,W.3,N.3,W.4,N.25, W.95, N.55 | d11=0.653
04:56:17 | GOAL AT NW corner room (here=1 marks it). I am waiting for you, my d11=0.66. Come toward me: keep d11 rising. Route from your corridor top: N 1.2, W.3,N.3,W.3,N.3,W.4,N.25, W.95, N.55 | d11=0.675
