=== start2 1787949304.6304145 ===
=== seek start 1787949634.9875143 ===
=== ctrl3 start 1787949865.74483 side=1 ===
SWITCH t=120.3 side=-1 mb=0.175 best=0.191 trend=-0.01200000000000001
SWITCH t=207.8 side=1 mb=0.178 best=0.194 trend=-0.01100000000000001
=== ctrl4 start 1787950111.9471576 from (-17.98,-12.32) target (-60.0,-64.0) ===
=== home start 1787950309.9417496 at (-5.2,-3.7) ===
FIT t=29 res=0.0004 T=(-29,-18) p=1 n=8
FIT t=55 res=0.0005 T=(-42,11) p=1 n=16
FIT t=84 res=0.0006 T=(-44,12) p=1 n=24
FIT t=107 res=0.0009 T=(-44,14) p=1 n=32
=== ctrl3 start 1787950418.8031557 side=1 ===
SWITCH t=44.7 side=-1 mb=0.168 best=0.184 trend=-0.011999999999999983
SWITCH t=86.4 side=1 mb=0.178 best=0.195 trend=-0.016000000000000014
SWITCH t=178.1 side=-1 mb=0.206 best=0.221 trend=-0.0040000000000000036
=== chase start 1787950867.1777766 ===
RX! t=279.6 'PING alpha'
RX! t=283.7 'PING alpha'
RX! t=283.7 'PING alpha'
RX! t=290.6 'PING alpha'
RX! t=290.6 'PING alpha'
RX! t=290.6 'PING alpha'
RX2 11.1 'PING alpha'
RX2 13.2 'PING alpha'
RX2 15.1 'PING alpha'
RX2 17.1 'PING alpha'
RX2 19.2 'PING alpha'
RX2 21.2 'PING alpha'
RX2 22.9 'ALPHA: hear you! homing on beacon d6=None. Do you know where the goal is? My goal flag=0.'
RX2 24.8 'ALPHA: hear you! homing on beacon d6=0.892. Do you know where the goal is? My goal flag=0.'
RX2 26.8 'ALPHA: hear you! homing on beacon d6=0.863. Do you know where the goal is? My goal flag=0.'
RX2 28.8 'ALPHA: hear you! homing on beacon d6=0.871. Do you know where the goal is? My goal flag=0.'
=== escort start 1787951279.212613 ===
RXe t=0 'GOAL?'
RXe t=0 'WHERE'
RXe t=6 'GOAL?'
RXe t=9 'WHERE'
RXe t=10 'STATUS'
RXe t=12 'FOLLOW ME'
RXe t=15 'HELLO'
RXe t=17 'GOAL?'
RXe t=19 'WHERE'
RXe t=21 'STATUS'
RXe t=23 'FOLLOW ME'
RXe t=25 'HELLO'
RXe t=27 'GOAL?'
RXe t=29 'WHERE'
RXe t=31 'STATUS'
RXe t=33 'FOLLOW ME'
RXe t=35 'HELLO'
RXe t=37 'GOAL?'
RXe t=39 'WHERE'
RXe t=41 'STATUS'
RXe t=43 'FOLLOW ME'
RXe t=45 'HELLO'
RXe t=47 'GOAL?'
RXe t=49 'WHERE'
RXe t=51 'STATUS'
RXe t=53 'FOLLOW ME'
RXe t=55 'HELLO'
RXe t=56 'ALPHA: following your beacon. goalflag=0'
RXe t=58 'ALPHA: following your beacon. goalflag=0'
RXe t=60 'ALPHA: following your beacon. goalflag=0'
RXe t=62 'ALPHA: following your beacon. goalflag=0'
RXe t=108 'ALPHA: following your beacon. goalflag=0'
RXe t=110 'ALPHA: following your beacon. goalflag=0'
RXe t=112 'ALPHA: following your beacon. goalflag=0'
RXe t=118 'ALPHA: following your beacon. goalflag=0'
RXe t=120 'ALPHA: following your beacon. goalflag=0'
RXe t=122 'ALPHA: following your beacon. goalflag=0'
RXe t=124 'ALPHA: following your beacon. goalflag=0'
RXe t=126 'ALPHA: following your beacon. goalflag=0'
RXe t=128 'ALPHA: following your beacon. goalflag=0'
RXe t=130 'ALPHA: following your beacon. goalflag=0'
RXe t=132 'ALPHA: following your beacon. goalflag=0'
RXe t=134 'ALPHA: following your beacon. goalflag=0'
RXe t=136 'ALPHA: following your beacon. goalflag=0'
RXe t=138 'ALPHA: following your beacon. goalflag=0'
RXe t=140 'ALPHA: following your beacon. goalflag=0'
RXe t=142 'ALPHA: following your beacon. goalflag=0'
RXe t=144 'ALPHA: following your beacon. goalflag=0'
RXe t=146 'ALPHA: following your beacon. goalflag=0'
RXe t=148 'ALPHA: following your beacon. goalflag=0'
RXe t=150 'ALPHA: following your beacon. goalflag=0'
RXe t=152 'ALPHA: following your beacon. goalflag=0'
RXe t=154 'ALPHA: following your beacon. goalflag=0'
RXe t=156 'ALPHA: following your beacon. goalflag=0'
RXe t=158 'ALPHA: following your beacon. goalflag=0'
RXe t=160 'ALPHA: following your beacon. goalflag=0'
RXe t=162 'ALPHA: following your beacon. goalflag=0'
RXe t=164 'ALPHA: following your beacon. goalflag=0'
RXe t=166 'ALPHA: following your beacon. goalflag=0'
RXe t=168 'ALPHA: following your beacon. goalflag=0'
RXe t=170 'ALPHA: following your beacon. goalflag=0'
RXe t=172 'ALPHA: following your beacon. goalflag=0'
RXe t=174 'ALPHA: following your beacon. goalflag=0'
RXe t=176 'ALPHA: following your beacon. goalflag=0'
RXe t=178 'ALPHA: following your beacon. goalflag=0'
RXe t=180 'ALPHA: following your beacon. goalflag=0'
RXe t=182 'ALPHA: following your beacon. goalflag=0'
RXe t=184 'ALPHA: following your beacon. goalflag=0'
RXe t=186 'ALPHA: following your beacon. goalflag=0'
RXe t=188 'ALPHA: following your beacon. goalflag=0'
RXe t=190 'ALPHA: following your beacon. goalflag=0'
RXe t=192 'ALPHA: following your beacon. goalflag=0'
RXe t=194 'ALPHA: following your beacon. goalflag=0'
RXe t=196 'ALPHA: following your beacon. goalflag=0'
RXe t=198 'ALPHA: following your beacon. goalflag=0'
RXe t=200 'ALPHA: following your beacon. goalflag=0'
RXe t=202 'ALPHA: following your beacon. goalflag=0'
RXe t=204 'ALPHA: following your beacon. goalflag=0'
RXe t=207 'ALPHA: following your beacon. goalflag=0'
RXe t=209 'ALPHA: following your beacon. goalflag=0'
RXe t=211 'ALPHA: following your beacon. goalflag=0'
RXe t=213 'ALPHA: following your beacon. goalflag=0'
RXe t=215 'ALPHA: following your beacon. goalflag=0'
RXe t=229 'ALPHA: following your beacon. goalflag=0'
RXe t=231 'ALPHA: following your beacon. goalflag=0'
RXe t=233 'ALPHA: following your beacon. goalflag=0'
RXe t=239 'ALPHA: following your beacon. goalflag=0'
RXe t=241 'ALPHA: following your beacon. goalflag=0'
RXe t=243 'ALPHA: following your beacon. goalflag=0'
RXe t=245 'ALPHA: following your beacon. goalflag=0'
RXe t=247 'ALPHA: following your beacon. goalflag=0'
RXe t=249 'ALPHA: following your beacon. goalflag=0'
RXe t=251 'ALPHA: following your beacon. goalflag=0'
RXe t=253 'ALPHA: following your beacon. goalflag=0'
RXe t=255 'ALPHA: following your beacon. goalflag=0'
RXe t=257 'ALPHA: following your beacon. goalflag=0'
RXe t=259 'ALPHA: following your beacon. goalflag=0'
RXe t=261 'ALPHA: following your beacon. goalflag=0'
RXe t=263 'ALPHA: following your beacon. goalflag=0'
RXe t=265 'ALPHA: following your beacon. goalflag=0'
RXe t=267 'ALPHA: following your beacon. goalflag=0'
RXe t=269 'ALPHA: following your beacon. goalflag=0'
RXe t=271 'ALPHA: following your beacon. goalflag=0'
RXe t=273 'ALPHA: following your beacon. goalflag=0'
RXe t=275 'ALPHA: following your beacon. goalflag=0'
RXe t=277 'ALPHA: following your beacon. goalflag=0'
RXe t=279 'ALPHA: following your beacon. goalflag=0'
RXe t=285 'ALPHA: following your beacon. goalflag=0'
RXe t=287 'ALPHA: following your beacon. goalflag=0'
RXe t=289 'ALPHA: following your beacon. goalflag=0'
RXe t=291 'ALPHA: following your beacon. goalflag=0'
RXe t=293 'ALPHA: following your beacon. goalflag=0'
RXe t=295 'ALPHA: following your beacon. goalflag=0'
RXe t=297 'ALPHA: following your beacon. goalflag=0'
RXe t=299 'ALPHA: following your beacon. goalflag=0'
RXe t=301 'ALPHA: following your beacon. goalflag=0'
RXe t=303 'ALPHA: following your beacon. goalflag=0'
RXe t=305 'ALPHA: following your beacon. goalflag=0'
RXe t=307 'ALPHA: following your beacon. goalflag=0'
RXe t=309 'ALPHA: following your beacon. goalflag=0'
RXe t=311 'ALPHA: following your beacon. goalflag=0'
RXe t=313 'ALPHA: following your beacon. goalflag=0'
RXe t=315 'ALPHA: following your beacon. goalflag=0'
RXe t=317 'ALPHA: following your beacon. goalflag=0'
RXe t=319 'ALPHA: following your beacon. goalflag=0'
RXe t=321 'ALPHA: following your beacon. goalflag=0'
!!! t=484 d9=tick=302275 goal=0 d7=1
=== escort start 1787951794.474931 ===
=== escort start 1787952108.480471 ===
=== escort start 1787952929.4882429 ===
!!! t=82 d9=tick=427145 goal=0 d7=1 ATGOAL-PARKING
=== creep start 1787953089.8282442 d7now=False
=== micro search ===
=== sweep start ===
=== cover start 1787953261.6541574 ===
=== monitor start 1787953621.8863802 ===
=== raster start 1787953781.1187942 ===
=== escort start 1787953939.1332664 ===
=== escort start 1787954019.2153633 ===
!!! t=240 d9=tick=551926 goal=0 d7=1 ATGOAL-PARKING
RXg 'ALPHA: following your beacon. goalflag=0'
RXg 'ALPHA: following your beacon. goalflag=0'
RXg 'ALPHA: following your beacon. goalflag=0'
RXg 'ALPHA: following your beacon. goalflag=0'
RXg 'ALPHA: following your beacon. goalflag=0'
RXg 'ALPHA: following your beacon. goalflag=0'
RXg 'ALPHA: following your beacon. goalflag=0'
RXg 'ALPHA: following your beacon. goalflag=0'
RXg 'ALPHA: following your beacon. goalflag=0'
RXg 'ALPHA: following your beacon. goalflag=0'
RXg 'ALPHA: following your beacon. goalflag=0'
RXg 'ALPHA: following your beacon. goalflag=0'
RXg 'ALPHA: following your beacon. goalflag=0'
RXg 'ALPHA: following your beacon. goalflag=0'
RXg 'ALPHA: following your beacon. goalflag=0'
RXg 'ALPHA: following your beacon. goalflag=0'
RXg 'ALPHA: following your beacon. goalflag=0'
RXg 'ALPHA: following your beacon. goalflag=0'
RXg 'ALPHA: following your beacon. goalflag=0'
RXg 'ALPHA: following your beacon. goalflag=0'
RXg 'ALPHA: following your beacon. goalflag=0'
RXg 'ALPHA: following your beacon. goalflag=0'
RXg 'ALPHA: following your beacon. goalflag=0'
RXg 'ALPHA: following your beacon. goalflag=0'
RXg 'ALPHA: following your beacon. goalflag=0'
RXg 'ALPHA: following your beacon. goalflag=0'
RXg 'ALPHA: following your beacon. goalflag=0'
RXg 'ALPHA: following your beacon. goalflag=0'
RXg 'ALPHA: following your beacon. goalflag=0'
RXg 'ALPHA: following your beacon. goalflag=0'
RXg 'ALPHA: following your beacon. goalflag=0'
RXg 'ALPHA: following your beacon. goalflag=0'
RXg 'ALPHA: following your beacon. goalflag=0'
RXg 'ALPHA: following your beacon. goalflag=0'
RXg 'ALPHA: following your beacon. goalflag=0'
RXg 'ALPHA: following your beacon. goalflag=0'
RXg 'ALPHA: following your beacon. goalflag=0'
RXg 'ALPHA: following your beacon. goalflag=0'
=== escort start 1787954369.5089712 ===
RXe t=23 'ALPHA: following your beacon. goalflag=0'
RXe t=29 'ALPHA: following your beacon. goalflag=0'
RXe t=31 'ALPHA: following your beacon. goalflag=0'
RXe t=33 'ALPHA: following your beacon. goalflag=0'
RXe t=35 'ALPHA: following your beacon. goalflag=0'
RXe t=37 'ALPHA: following your beacon. goalflag=0'
RXe t=59 'ALPHA: following your beacon. goalflag=0'
RXe t=61 'ALPHA: following your beacon. goalflag=0'
RXe t=63 'ALPHA: following your beacon. goalflag=0'
RXe t=82 'ALPHA: following your beacon. goalflag=0'
RXe t=84 'ALPHA: following your beacon. goalflag=0'
RXe t=86 'ALPHA: following your beacon. goalflag=0'
RXe t=88 'ALPHA: following your beacon. goalflag=0'
RXe t=90 'ALPHA: following your beacon. goalflag=0'
RXe t=92 'ALPHA: following your beacon. goalflag=0'
RXe t=94 'ALPHA: following your beacon. goalflag=0'
RXe t=96 'ALPHA: following your beacon. goalflag=0'
RXe t=98 'ALPHA: following your beacon. goalflag=0'
RXe t=100 'ALPHA: following your beacon. goalflag=0'
RXe t=102 'ALPHA: following your beacon. goalflag=0'
RXe t=104 'ALPHA: following your beacon. goalflag=0'
RXe t=106 'ALPHA: following your beacon. goalflag=0'
