02:04:38 TX d11=0.670 status=tick=101111 goal=0 here=0 tx=81:ok
02:04:41 TX d11=0.652 status=tick=101432 goal=0 here=0 tx=82:ok
02:04:44 TX d11=0.678 status=tick=101755 goal=0 here=0 tx=83:ok
02:04:48 TX d11=0.663 status=tick=102075 goal=0 here=0 tx=84:ok
02:04:51 TX d11=0.652 status=tick=102396 goal=0 here=0 tx=85:ok
02:04:54 TX d11=0.653 status=tick=102716 goal=0 here=0 tx=85:ok
02:04:57 TX d11=0.670 status=tick=103037 goal=0 here=0 tx=86:ok
02:05:00 TX d11=0.653 status=tick=103357 goal=0 here=0 tx=88:ok
02:05:04 TX d11=0.663 status=tick=103677 goal=0 here=0 tx=89:ok
02:05:07 TX d11=0.666 status=tick=103998 goal=0 here=0 tx=89:ok
02:05:10 TX d11=0.669 status=tick=104318 goal=0 here=0 tx=91:ok
02:05:13 TX d11=0.655 status=tick=104646 goal=0 here=0 tx=92:ok
02:05:16 TX d11=0.666 status=tick=104970 goal=0 here=0 tx=92:ok
02:05:20 TX d11=0.654 status=tick=105290 goal=0 here=0 tx=94:ok
02:05:23 TX d11=0.664 status=tick=105611 goal=0 here=0 tx=95:ok
02:05:26 TX d11=0.658 status=tick=105931 goal=0 here=0 tx=96:ok
02:05:29 TX d11=0.660 status=tick=106255 goal=0 here=0 tx=97:ok
02:05:33 TX d11=0.661 status=tick=106576 goal=0 here=0 tx=98:ok
02:05:36 TX d11=0.671 status=tick=106896 goal=0 here=0 tx=99:ok
02:05:39 TX d11=0.654 status=tick=107217 goal=0 here=0 tx=100:ok
02:05:42 TX d11=0.657 status=tick=107537 goal=0 here=0 tx=101:ok
02:05:45 TX d11=0.660 status=tick=107858 goal=0 here=0 tx=102:ok
02:05:49 TX d11=0.644 status=tick=108178 goal=0 here=0 tx=103:ok
02:05:52 TX d11=0.678 status=tick=108499 goal=0 here=0 tx=104:ok
02:05:55 TX d11=0.675 status=tick=108819 goal=0 here=0 tx=105:ok
02:05:58 TX d11=0.669 status=tick=109139 goal=0 here=0 tx=106:ok
02:06:01 TX d11=0.664 status=tick=109460 goal=0 here=0 tx=107:ok
02:06:05 TX d11=0.656 status=tick=109783 goal=0 here=0 tx=108:ok
02:06:08 TX d11=0.650 status=tick=110104 goal=0 here=0 tx=109:ok
02:06:11 TX d11=0.669 status=tick=110424 goal=0 here=0 tx=110:ok
02:06:14 TX d11=0.673 status=tick=110745 goal=0 here=0 tx=110:ok
02:06:17 TX d11=0.661 status=tick=111065 goal=0 here=0 tx=112:ok
02:06:21 TX d11=0.659 status=tick=111386 goal=0 here=0 tx=113:ok
02:06:24 TX d11=0.663 status=tick=111706 goal=0 here=0 tx=114:ok
02:06:27 TX d11=0.681 status=tick=112027 goal=0 here=0 tx=114:ok
02:06:30 TX d11=0.662 status=tick=112347 goal=0 here=0 tx=116:ok
02:06:33 TX d11=0.664 status=tick=112667 goal=0 here=0 tx=117:ok
02:06:37 TX d11=0.660 status=tick=112988 goal=0 here=0 tx=118:ok
02:06:40 TX d11=0.673 status=tick=113308 goal=0 here=0 tx=119:ok
02:06:43 TX d11=0.674 status=tick=113628 goal=0 here=0 tx=119:ok
02:06:46 TX d11=0.664 status=tick=113949 goal=0 here=0 tx=121:ok
02:06:49 TX d11=0.644 status=tick=114273 goal=0 here=0 tx=121:ok
02:06:53 TX d11=0.661 status=tick=114593 goal=0 here=0 tx=123:ok
02:06:56 TX d11=0.671 status=tick=114916 goal=0 here=0 tx=124:ok
02:06:59 TX d11=0.673 status=tick=115237 goal=0 here=0 tx=125:ok
02:07:02 TX d11=0.672 status=tick=115557 goal=0 here=0 tx=125:ok
02:07:06 TX d11=0.675 status=tick=115878 goal=0 here=0 tx=127:ok
02:07:09 TX d11=0.664 status=tick=116198 goal=0 here=0 tx=127:ok
02:07:12 TX d11=0.654 status=tick=116519 goal=0 here=0 tx=129:ok
02:07:15 TX d11=0.663 status=tick=116842 goal=0 here=0 tx=130:ok
02:07:18 TX d11=0.682 status=tick=117163 goal=0 here=0 tx=131:ok
02:07:22 TX d11=0.683 status=tick=117483 goal=0 here=0 tx=132:ok
02:07:25 TX d11=0.660 status=tick=117806 goal=0 here=0 tx=133:ok
02:07:28 TX d11=0.674 status=tick=118127 goal=0 here=0 tx=133:ok
02:07:31 TX d11=0.659 status=tick=118447 goal=0 here=0 tx=134:ok
02:07:34 TX d11=0.654 status=tick=118772 goal=0 here=0 tx=136:ok
02:07:38 TX d11=0.674 status=tick=119093 goal=0 here=0 tx=137:ok
02:07:41 TX d11=0.660 status=tick=119413 goal=0 here=0 tx=138:ok
02:07:44 TX d11=0.661 status=tick=119734 goal=0 here=0 tx=139:ok
02:07:47 TX d11=0.680 status=tick=120054 goal=0 here=0 tx=139:ok
02:07:50 TX d11=0.671 status=tick=120374 goal=0 here=0 tx=141:ok
02:07:54 TX d11=0.657 status=tick=120695 goal=0 here=0 tx=141:ok
02:07:57 TX d11=0.674 status=tick=121015 goal=0 here=0 tx=143:ok
02:08:00 TX d11=0.704 status=tick=121335 goal=0 here=0 tx=144:ok
02:08:01 RX <<< HELLO robot A from robot B. I hear you. STOP and stay put, I will come to you. My d11 signal=0.705. Reply with anything you know about the goal.
02:08:03 TX d11=0.741 status=tick=121659 goal=0 here=0 tx=145:ok
02:08:06 RX <<< HELLO robot A from robot B. I hear you. STOP and stay put, I will come to you. My d11 signal=0.762. Reply with anything you know about the goal.
02:08:07 TX d11=0.768 status=tick=121983 goal=0 here=0 tx=146:ok
02:08:10 TX d11=0.788 status=tick=122303 goal=0 here=0 tx=146:ok
02:08:11 RX <<< HELLO robot A from robot B. I hear you. STOP and stay put, I will come to you. My d11 signal=0.791. Reply with anything you know about the goal.
02:08:13 TX d11=0.798 status=tick=122623 goal=0 here=0 tx=147:ok
02:08:16 TX d11=0.795 status=tick=122944 goal=0 here=0 tx=149:ok
02:08:19 TX d11=0.792 status=tick=123264 goal=0 here=0 tx=150:ok
02:08:23 TX d11=0.782 status=tick=123587 goal=0 here=0 tx=151:ok
02:08:26 TX d11=0.773 status=tick=123911 goal=0 here=0 tx=152:ok
02:08:29 TX d11=0.801 status=tick=124234 goal=0 here=0 tx=153:ok
02:08:32 TX d11=0.791 status=tick=124555 goal=0 here=0 tx=153:ok
02:08:36 TX d11=0.805 status=tick=124875 goal=0 here=0 tx=155:ok
02:08:39 TX d11=0.793 status=tick=125199 goal=0 here=0 tx=156:ok
02:08:42 TX d11=0.790 status=tick=125519 goal=0 here=0 tx=157:ok
02:08:45 TX d11=0.787 status=tick=125846 goal=0 here=0 tx=157:ok
02:08:48 TX d11=0.785 status=tick=126166 goal=0 here=0 tx=159:ok
02:08:52 TX d11=0.776 status=tick=126487 goal=0 here=0 tx=160:ok
02:08:55 TX d11=0.780 status=tick=126810 goal=0 here=0 tx=161:ok
02:08:58 TX d11=0.776 status=tick=127130 goal=0 here=0 tx=162:ok
02:09:01 TX d11=0.776 status=tick=127451 goal=0 here=0 tx=163:ok
02:09:04 TX d11=0.788 status=tick=127774 goal=0 here=0 tx=164:ok
02:09:08 TX d11=0.773 status=tick=128095 goal=0 here=0 tx=165:ok
02:09:11 TX d11=0.774 status=tick=128416 goal=0 here=0 tx=166:ok
02:09:14 TX d11=0.769 status=tick=128736 goal=0 here=0 tx=167:ok
02:09:17 TX d11=0.786 status=tick=129056 goal=0 here=0 tx=168:ok
02:09:21 TX d11=0.786 status=tick=129377 goal=0 here=0 tx=168:ok
02:09:24 TX d11=0.790 status=tick=129697 goal=0 here=0 tx=170:ok
02:09:27 TX d11=0.786 status=tick=130021 goal=0 here=0 tx=171:ok
02:09:30 TX d11=0.787 status=tick=130341 goal=0 here=0 tx=171:ok
02:09:33 TX d11=0.791 status=tick=130661 goal=0 here=0 tx=173:ok
02:09:37 TX d11=0.786 status=tick=130982 goal=0 here=0 tx=173:ok
02:09:40 TX d11=0.795 status=tick=131302 goal=0 here=0 tx=174:ok
02:09:43 TX d11=0.786 status=tick=131623 goal=0 here=0 tx=176:ok
02:09:46 TX d11=0.775 status=tick=131943 goal=0 here=0 tx=176:ok
02:09:49 TX d11=0.787 status=tick=132264 goal=0 here=0 tx=178:ok
02:09:53 TX d11=0.783 status=tick=132584 goal=0 here=0 tx=179:ok
02:09:56 TX d11=0.789 status=tick=132904 goal=0 here=0 tx=180:ok
02:09:59 TX d11=0.782 status=tick=133225 goal=0 here=0 tx=181:ok
02:10:02 TX d11=0.793 status=tick=133545 goal=0 here=0 tx=182:ok
02:10:05 TX d11=0.792 status=tick=133866 goal=0 here=0 tx=183:ok
02:10:09 TX d11=0.784 status=tick=134186 goal=0 here=0 tx=183:ok
02:10:12 TX d11=0.785 status=tick=134506 goal=0 here=0 tx=185:ok
02:10:15 TX d11=0.791 status=tick=134827 goal=0 here=0 tx=186:ok
02:10:18 TX d11=0.785 status=tick=135147 goal=0 here=0 tx=187:ok
02:10:21 TX d11=0.789 status=tick=135468 goal=0 here=0 tx=188:ok
02:10:25 TX d11=0.789 status=tick=135788 goal=0 here=0 tx=189:ok
02:10:28 TX d11=0.767 status=tick=136108 goal=0 here=0 tx=190:ok
02:10:31 TX d11=0.791 status=tick=136431 goal=0 here=0 tx=191:ok
02:10:34 TX d11=0.789 status=tick=136752 goal=0 here=0 tx=192:ok
02:10:37 TX d11=0.778 status=tick=137073 goal=0 here=0 tx=193:ok
02:10:41 TX d11=0.778 status=tick=137393 goal=0 here=0 tx=194:ok
02:10:44 TX d11=0.786 status=tick=137713 goal=0 here=0 tx=195:ok
02:10:47 TX d11=0.788 status=tick=138034 goal=0 here=0 tx=195:ok
02:10:50 TX d11=0.780 status=tick=138354 goal=0 here=0 tx=196:ok
02:10:53 TX d11=0.769 status=tick=138675 goal=0 here=0 tx=198:ok
02:10:57 TX d11=0.778 status=tick=139001 goal=0 here=0 tx=199:ok
02:11:00 TX d11=0.778 status=tick=139321 goal=0 here=0 tx=199:ok
02:11:03 TX d11=0.800 status=tick=139642 goal=0 here=0 tx=200:ok
02:11:06 TX d11=0.786 status=tick=139962 goal=0 here=0 tx=201:ok
02:11:10 TX d11=0.789 status=tick=140283 goal=0 here=0 tx=202:ok
02:11:12 RX <<< Robot B: Thanks. I think I am just EAST of you (my signal 0.79), but a solid wall separates us and my area is a dead end. Please: (1) keep pinging every ~30s with your d11 and position, (2) if you are willing, explore SOUTH along your open corridor (270) a
02:11:13 TX d11=0.785 status=tick=140608 goal=0 here=0 tx=204:ok
02:11:16 TX d11=0.787 status=tick=140929 goal=0 here=0 tx=205:ok
02:11:19 TX d11=0.794 status=tick=141249 goal=0 here=0 tx=205:ok
02:11:22 TX d11=0.787 status=tick=141569 goal=0 here=0 tx=207:ok
02:11:26 TX d11=0.793 status=tick=141890 goal=0 here=0 tx=208:ok
02:11:29 TX d11=0.786 status=tick=142210 goal=0 here=0 tx=209:ok
02:11:32 TX d11=0.787 status=tick=142531 goal=0 here=0 tx=210:ok
02:11:35 RX <<< Robot B ping: pos -3.05,1.96 (my frame, x=east y=north) d11=0.781. Exploring for a passage to you. Reply with your d11.
02:11:35 TX d11=0.779 status=tick=142851 goal=0 here=0 tx=211:ok
02:11:36 RX <<< Robot B ping: pos -3.05,1.96 (my frame, x=east y=north) d11=0.792. Exploring for a passage to you. Reply with your d11.
02:11:38 RX <<< Robot B ping: pos -3.05,1.96 (my frame, x=east y=north) d11=0.773. Exploring for a passage to you. Reply with your d11.
02:11:38 TX d11=0.772 status=tick=143171 goal=0 here=0 tx=212:ok
02:11:39 RX <<< Robot B ping: pos -3.05,1.97 (my frame, x=east y=north) d11=0.790. Exploring for a passage to you. Reply with your d11.
02:11:41 RX <<< Robot B ping: pos -3.05,1.97 (my frame, x=east y=north) d11=0.776. Exploring for a passage to you. Reply with your d11.
02:11:42 TX d11=0.785 status=tick=143492 goal=0 here=0 tx=213:ok
02:11:45 TX d11=0.788 status=tick=143812 goal=0 here=0 tx=213:ok
02:15:54 TX d11=0.932 status=tick=168697 goal=0 here=0 tx=274:ok
02:15:54 RX <<< Robot B ping: pos -0.49,1.19 (my frame, x=east y=north) d11=0.992. Exploring for a passage to you. Reply with your d11.
02:15:54 RX <<< Robot B ping: pos -0.49,1.20 (my frame, x=east y=north) d11=0.983. Exploring for a passage to you. Reply with your d11.
02:15:55 RX <<< Robot B ping: pos -0.49,1.20 (my frame, x=east y=north) d11=0.985. Exploring for a passage to you. Reply with your d11.
02:15:55 RX <<< HELLO robot A from robot B. I hear you. STOP and stay put, I will come to you. My d11 signal=0.955. Reply with anything you know about the goal.
02:15:55 RX <<< HELLO robot A from robot B. I hear you. STOP and stay put, I will come to you. My d11 signal=0.861. Reply with anything you know about the goal.
02:15:56 RX <<< HELLO robot A from robot B. I hear you. STOP and stay put, I will come to you. My d11 signal=0.888. Reply with anything you know about the goal.
02:15:56 RX <<< HELLO robot A from robot B. I hear you. STOP and stay put, I will come to you. My d11 signal=0.864. Reply with anything you know about the goal.
02:15:57 RX <<< HELLO robot A from robot B. I hear you. STOP and stay put, I will come to you. My d11 signal=0.846. Reply with anything you know about the goal.
02:15:57 TX d11=0.925 status=tick=169017 goal=0 here=0 tx=275:ok
02:15:57 RX <<< Robot B: CHANGE OF PLAN. You are homing on me, so I will now STAY PUT as a fixed beacon at one spot (my frame -1.2,0.65) and ping every 20s with my d11. Note d11 seems affected by walls (line of sight), not only distance. Keep coming; tell me each move you
02:15:57 RX <<< HELLO robot A from robot B. I hear you. STOP and stay put, I will come to you. My d11 signal=0.920. Reply with anything you know about the goal.
02:15:58 RX <<< HELLO robot A from robot B. I hear you. STOP and stay put, I will come to you. My d11 signal=0.926. Reply with anything you know about the goal.
02:15:59 RX <<< HELLO robot A from robot B. I hear you. STOP and stay put, I will come to you. My d11 signal=0.900. Reply with anything you know about the goal.
02:16:00 TX d11=0.896 status=tick=169338 goal=0 here=0 tx=276:ok
02:16:03 TX d11=0.894 status=tick=169662 goal=0 here=0 tx=277:ok
02:16:07 TX d11=0.909 status=tick=169982 goal=0 here=0 tx=277:ok
02:16:10 TX d11=0.895 status=tick=170303 goal=0 here=0 tx=279:ok
02:16:13 TX d11=0.902 status=tick=170626 goal=0 here=0 tx=280:ok
02:16:16 TX d11=0.899 status=tick=170946 goal=0 here=0 tx=281:ok
02:16:19 TX d11=0.880 status=tick=171267 goal=0 here=0 tx=282:ok
02:16:23 TX d11=0.897 status=tick=171587 goal=0 here=0 tx=283:ok
02:16:26 TX d11=0.923 status=tick=171907 goal=0 here=0 tx=284:ok
02:27:16 TX d11=0.252 status=tick=236912 goal=0 here=1 tx=429:lost
02:27:19 TX d11=0.306 status=tick=237232 goal=0 here=1 tx=429:lost
02:27:22 TX d11=0.322 status=tick=237556 goal=0 here=1 tx=431:lost
02:27:26 TX d11=0.351 status=tick=237877 goal=0 here=1 tx=431:lost
02:27:29 TX d11=0.349 status=tick=238197 goal=0 here=1 tx=433:lost
02:27:32 TX d11=0.395 status=tick=238517 goal=0 here=1 tx=434:lost
02:27:35 TX d11=0.423 status=tick=238838 goal=0 here=1 tx=435:lost
02:27:38 TX d11=0.439 status=tick=239158 goal=0 here=1 tx=436:lost
02:27:42 TX d11=0.447 status=tick=239478 goal=0 here=1 tx=436:lost
02:27:45 TX d11=0.415 status=tick=239799 goal=0 here=1 tx=438:lost
02:27:48 TX d11=0.343 status=tick=240119 goal=0 here=1 tx=438:lost
02:27:51 TX d11=0.337 status=tick=240440 goal=0 here=1 tx=440:lost
02:27:54 TX d11=0.302 status=tick=240760 goal=0 here=1 tx=441:lost
02:27:58 TX d11=0.323 status=tick=241080 goal=0 here=1 tx=441:lost
02:28:01 TX d11=0.353 status=tick=241401 goal=0 here=1 tx=443:lost
02:28:04 TX d11=0.362 status=tick=241721 goal=0 here=1 tx=443:lost
02:28:07 TX d11=0.342 status=tick=242041 goal=0 here=1 tx=445:lost
02:28:10 TX d11=0.333 status=tick=242362 goal=0 here=1 tx=446:lost
02:28:14 TX d11=0.309 status=tick=242682 goal=0 here=1 tx=447:lost
02:28:17 TX d11=0.294 status=tick=243005 goal=0 here=1 tx=448:lost
02:28:20 TX d11=0.271 status=tick=243327 goal=0 here=1 tx=449:lost
02:28:23 TX d11=0.238 status=tick=243647 goal=0 here=1 tx=450:lost
02:28:26 TX d11=0.222 status=tick=243967 goal=0 here=1 tx=450:lost
02:28:30 TX d11=0.217 status=tick=244288 goal=0 here=1 tx=451:lost
02:28:33 TX d11=0.220 status=tick=244608 goal=0 here=1 tx=453:lost
02:28:36 TX d11=0.194 status=tick=244931 goal=0 here=1 tx=454:lost
02:28:39 TX d11=0.171 status=tick=245252 goal=0 here=1 tx=455:lost
02:28:42 TX d11=0.180 status=tick=245572 goal=0 here=1 tx=456:lost
02:28:46 TX d11=0.189 status=tick=245893 goal=0 here=1 tx=457:lost
02:28:49 TX d11=0.228 status=tick=246216 goal=0 here=1 tx=457:lost
02:28:52 TX d11=0.242 status=tick=246536 goal=0 here=1 tx=459:lost
02:28:55 TX d11=0.262 status=tick=246857 goal=0 here=1 tx=460:lost
02:28:59 TX d11=0.269 status=tick=247177 goal=0 here=1 tx=461:lost
02:29:02 TX d11=0.292 status=tick=247497 goal=0 here=1 tx=462:lost
02:29:05 TX d11=0.305 status=tick=247821 goal=0 here=1 tx=463:lost
02:29:08 TX d11=0.316 status=tick=248141 goal=0 here=1 tx=464:lost
02:29:11 TX d11=0.312 status=tick=248461 goal=0 here=1 tx=465:lost
02:29:15 TX d11=0.329 status=tick=248782 goal=0 here=1 tx=466:lost
02:29:18 TX d11=0.294 status=tick=249105 goal=0 here=1 tx=467:lost
02:29:21 TX d11=0.271 status=tick=249426 goal=0 here=1 tx=468:lost
02:29:24 TX d11=0.261 status=tick=249746 goal=0 here=1 tx=469:lost
02:29:27 TX d11=0.248 status=tick=250070 goal=0 here=1 tx=470:lost
02:29:31 TX d11=0.248 status=tick=250390 goal=0 here=1 tx=471:lost
02:29:34 TX d11=0.261 status=tick=250713 goal=0 here=1 tx=472:lost
02:29:37 TX d11=0.298 status=tick=251034 goal=0 here=1 tx=473:lost
02:29:40 TX d11=0.324 status=tick=251354 goal=0 here=1 tx=474:lost
02:29:43 TX d11=0.359 status=tick=251675 goal=0 here=1 tx=475:lost
02:29:47 TX d11=0.384 status=tick=251995 goal=0 here=1 tx=476:lost
02:29:50 TX d11=0.397 status=tick=252315 goal=0 here=1 tx=477:lost
02:29:53 TX d11=0.359 status=tick=252636 goal=0 here=1 tx=478:lost
02:29:56 TX d11=0.335 status=tick=252959 goal=0 here=1 tx=478:lost
02:30:00 TX d11=0.332 status=tick=253280 goal=0 here=1 tx=480:lost
02:30:03 TX d11=0.375 status=tick=253601 goal=0 here=1 tx=481:lost
02:30:06 TX d11=0.397 status=tick=253924 goal=0 here=1 tx=482:lost
02:30:09 TX d11=0.424 status=tick=254245 goal=0 here=1 tx=483:lost
02:30:12 TX d11=0.465 status=tick=254565 goal=0 here=1 tx=483:lost
02:30:16 TX d11=0.508 status=tick=254889 goal=0 here=1 tx=485:lost
02:30:19 TX d11=0.567 status=tick=255209 goal=0 here=1 tx=486:lost
02:30:22 TX d11=0.619 status=tick=255529 goal=0 here=1 tx=487:lost
02:30:25 TX d11=0.665 status=tick=255850 goal=0 here=1 tx=488:ok
02:30:28 TX d11=0.775 status=tick=256172 goal=0 here=1 tx=489:ok
02:30:32 TX d11=0.817 status=tick=256495 goal=0 here=1 tx=490:ok
02:30:35 TX d11=0.855 status=tick=256819 goal=0 here=1 tx=491:ok
02:30:38 TX d11=0.880 status=tick=257139 goal=0 here=1 tx=492:ok
02:30:39 RX <<< B: wall-following, at my (-3.0,1.9) = your (4.9,1.9). status goal=0 here=0. d11=0.903
02:30:41 TX d11=0.908 status=tick=257463 goal=0 here=1 tx=493:ok
02:30:45 TX d11=0.888 status=tick=257786 goal=0 here=1 tx=494:ok
02:30:48 TX d11=0.816 status=tick=258107 goal=0 here=1 tx=495:ok
02:30:51 TX d11=0.708 status=tick=258427 goal=0 here=1 tx=496:ok
02:30:54 TX d11=0.601 status=tick=258748 goal=0 here=1 tx=497:lost
02:30:57 TX d11=0.530 status=tick=259071 goal=0 here=1 tx=498:lost
02:31:01 TX d11=0.466 status=tick=259391 goal=0 here=1 tx=499:lost
02:31:04 TX d11=0.401 status=tick=259714 goal=0 here=1 tx=500:lost
02:31:07 TX d11=0.350 status=tick=260035 goal=0 here=1 tx=501:lost
02:31:10 TX d11=0.289 status=tick=260359 goal=0 here=1 tx=502:lost
02:31:14 TX d11=0.262 status=tick=260679 goal=0 here=1 tx=503:lost
02:31:17 TX d11=0.271 status=tick=260999 goal=0 here=1 tx=504:lost
02:31:20 TX d11=0.267 status=tick=261320 goal=0 here=1 tx=505:lost
02:31:23 TX d11=0.306 status=tick=261640 goal=0 here=1 tx=506:lost
02:31:26 TX d11=0.335 status=tick=261964 goal=0 here=1 tx=507:lost
02:31:30 TX d11=0.370 status=tick=262284 goal=0 here=1 tx=508:lost
02:31:33 TX d11=0.425 status=tick=262605 goal=0 here=1 tx=509:lost
02:31:36 TX d11=0.499 status=tick=262928 goal=0 here=1 tx=510:lost
02:31:39 TX d11=0.573 status=tick=263245 goal=0 here=1 tx=510:lost
02:31:42 TX d11=0.580 status=tick=263569 goal=0 here=1 tx=512:lost
02:31:46 TX d11=0.567 status=tick=263892 goal=0 here=1 tx=513:lost
02:31:49 TX d11=0.576 status=tick=264213 goal=0 here=1 tx=514:lost
02:31:52 TX d11=0.570 status=tick=264539 goal=0 here=1 tx=515:lost
02:31:55 TX d11=0.562 status=tick=264860 goal=0 here=1 tx=516:lost
02:31:59 TX d11=0.574 status=tick=265183 goal=0 here=1 tx=517:lost
02:32:02 TX d11=0.568 status=tick=265506 goal=0 here=1 tx=518:lost
02:32:05 TX d11=0.573 status=tick=265833 goal=0 here=1 tx=519:lost
02:32:08 TX d11=0.584 status=tick=266156 goal=0 here=1 tx=520:lost
02:32:12 TX d11=0.570 status=tick=266477 goal=0 here=1 tx=520:lost
02:32:15 TX d11=0.558 status=tick=266797 goal=0 here=1 tx=522:lost
02:32:18 TX d11=0.561 status=tick=267118 goal=0 here=1 tx=523:lost
02:32:21 TX d11=0.564 status=tick=267438 goal=0 here=1 tx=523:lost
02:32:24 TX d11=0.559 status=tick=267759 goal=0 here=1 tx=525:lost
02:32:28 TX d11=0.560 status=tick=268079 goal=0 here=1 tx=526:lost
02:32:31 TX d11=0.536 status=tick=268403 goal=0 here=1 tx=527:lost
02:32:34 TX d11=0.537 status=tick=268730 goal=0 here=1 tx=528:lost
02:32:37 TX d11=0.549 status=tick=269050 goal=0 here=1 tx=529:lost
02:32:40 TX d11=0.546 status=tick=269371 goal=0 here=1 tx=530:lost
02:32:44 TX d11=0.527 status=tick=269691 goal=0 here=1 tx=531:lost
02:32:47 TX d11=0.530 status=tick=270011 goal=0 here=1 tx=532:lost
02:32:50 TX d11=0.542 status=tick=270332 goal=0 here=1 tx=533:lost
02:32:53 TX d11=0.532 status=tick=270655 goal=0 here=1 tx=534:lost
02:32:57 TX d11=0.543 status=tick=270976 goal=0 here=1 tx=535:lost
02:33:00 TX d11=0.548 status=tick=271296 goal=0 here=1 tx=536:lost
02:33:03 TX d11=0.535 status=tick=271628 goal=0 here=1 tx=537:lost
02:33:06 TX d11=0.536 status=tick=271949 goal=0 here=1 tx=537:lost
02:33:09 TX d11=0.532 status=tick=272269 goal=0 here=1 tx=538:lost
02:33:13 TX d11=0.550 status=tick=272590 goal=0 here=1 tx=539:lost
02:33:16 TX d11=0.553 status=tick=272910 goal=0 here=1 tx=541:lost
02:33:19 TX d11=0.552 status=tick=273231 goal=0 here=1 tx=542:lost
02:33:22 TX d11=0.549 status=tick=273551 goal=0 here=1 tx=543:lost
02:33:25 TX d11=0.570 status=tick=273872 goal=0 here=1 tx=544:lost
02:33:29 TX d11=0.556 status=tick=274192 goal=0 here=1 tx=545:lost
02:33:32 TX d11=0.495 status=tick=274516 goal=0 here=1 tx=546:lost
02:33:35 TX d11=0.448 status=tick=274836 goal=0 here=1 tx=547:lost
02:33:38 TX d11=0.422 status=tick=275156 goal=0 here=1 tx=548:lost
02:33:42 TX d11=0.384 status=tick=275477 goal=0 here=1 tx=549:lost
02:33:45 TX d11=0.338 status=tick=275800 goal=0 here=1 tx=550:lost
02:33:48 TX d11=0.335 status=tick=276123 goal=0 here=1 tx=551:lost
02:33:51 TX d11=0.279 status=tick=276444 goal=0 here=1 tx=552:lost
02:33:54 TX d11=0.250 status=tick=276764 goal=0 here=1 tx=553:lost
02:33:58 TX d11=0.274 status=tick=277087 goal=0 here=1 tx=554:lost
02:34:01 TX d11=0.261 status=tick=277410 goal=0 here=1 tx=555:lost
02:34:04 TX d11=0.276 status=tick=277730 goal=0 here=1 tx=556:lost
02:34:07 TX d11=0.278 status=tick=278051 goal=0 here=1 tx=557:lost
02:34:10 TX d11=0.266 status=tick=278374 goal=0 here=1 tx=557:lost
02:34:14 TX d11=0.284 status=tick=278695 goal=0 here=1 tx=559:lost
02:34:17 TX d11=0.270 status=tick=279015 goal=0 here=1 tx=559:lost
02:34:20 TX d11=0.276 status=tick=279335 goal=0 here=1 tx=561:lost
02:34:23 TX d11=0.270 status=tick=279656 goal=0 here=1 tx=562:lost
02:34:27 TX d11=0.268 status=tick=279976 goal=0 here=1 tx=563:lost
02:34:30 TX d11=0.264 status=tick=280299 goal=0 here=1 tx=564:lost
02:34:33 TX d11=0.271 status=tick=280623 goal=0 here=1 tx=565:lost
02:34:36 TX d11=0.276 status=tick=280943 goal=0 here=1 tx=565:lost
02:34:39 TX d11=0.271 status=tick=281264 goal=0 here=1 tx=567:lost
02:34:43 TX d11=0.268 status=tick=281587 goal=0 here=1 tx=567:lost
02:34:46 TX d11=0.273 status=tick=281908 goal=0 here=1 tx=569:lost
02:34:49 TX d11=0.280 status=tick=282228 goal=0 here=1 tx=570:lost
02:34:52 TX d11=0.277 status=tick=282548 goal=0 here=1 tx=570:lost
02:34:55 TX d11=0.275 status=tick=282869 goal=0 here=1 tx=572:lost
02:34:59 TX d11=0.278 status=tick=283189 goal=0 here=1 tx=573:lost
02:35:02 TX d11=0.267 status=tick=283510 goal=0 here=1 tx=574:lost
02:35:05 TX d11=0.267 status=tick=283830 goal=0 here=1 tx=574:lost
02:35:08 TX d11=0.278 status=tick=284153 goal=0 here=1 tx=576:lost
02:35:12 TX d11=0.280 status=tick=284477 goal=0 here=1 tx=577:lost
02:35:15 TX d11=0.271 status=tick=284797 goal=0 here=1 tx=578:lost
02:35:18 TX d11=0.285 status=tick=285117 goal=0 here=1 tx=579:lost
02:35:21 TX d11=0.278 status=tick=285441 goal=0 here=1 tx=580:lost
02:35:24 TX d11=0.263 status=tick=285761 goal=0 here=1 tx=581:lost
02:35:28 TX d11=0.259 status=tick=286082 goal=0 here=1 tx=582:lost
02:35:31 TX d11=0.261 status=tick=286402 goal=0 here=1 tx=583:lost
02:35:34 TX d11=0.269 status=tick=286722 goal=0 here=1 tx=583:lost
02:35:37 TX d11=0.276 status=tick=287043 goal=0 here=1 tx=585:lost
02:35:40 TX d11=0.295 status=tick=287363 goal=0 here=1 tx=586:lost
02:35:44 TX d11=0.315 status=tick=287687 goal=0 here=1 tx=587:lost
02:35:47 TX d11=0.303 status=tick=288007 goal=0 here=1 tx=588:lost
02:35:50 TX d11=0.320 status=tick=288328 goal=0 here=1 tx=589:lost
02:35:53 TX d11=0.310 status=tick=288648 goal=0 here=1 tx=590:lost
02:35:56 TX d11=0.297 status=tick=288968 goal=0 here=1 tx=591:lost
02:36:00 TX d11=0.334 status=tick=289292 goal=0 here=1 tx=592:lost
02:36:03 TX d11=0.342 status=tick=289612 goal=0 here=1 tx=593:lost
02:36:06 TX d11=0.367 status=tick=289933 goal=0 here=1 tx=594:lost
02:36:09 TX d11=0.418 status=tick=290253 goal=0 here=1 tx=595:lost
02:36:12 TX d11=0.453 status=tick=290574 goal=0 here=1 tx=596:lost
02:36:16 TX d11=0.511 status=tick=290894 goal=0 here=1 tx=597:lost
02:36:19 TX d11=0.496 status=tick=291214 goal=0 here=1 tx=598:lost
02:36:22 TX d11=0.470 status=tick=291535 goal=0 here=1 tx=599:lost
02:36:25 TX d11=0.482 status=tick=291855 goal=0 here=1 tx=600:lost
02:36:29 TX d11=0.455 status=tick=292175 goal=0 here=1 tx=601:lost
02:36:32 TX d11=0.461 status=tick=292496 goal=0 here=1 tx=602:lost
02:36:35 TX d11=0.466 status=tick=292816 goal=0 here=1 tx=603:lost
02:36:38 TX d11=0.472 status=tick=293136 goal=0 here=1 tx=603:lost
02:36:41 TX d11=0.462 status=tick=293457 goal=0 here=1 tx=605:lost
02:36:45 TX d11=0.464 status=tick=293777 goal=0 here=1 tx=606:lost
02:36:48 TX d11=0.457 status=tick=294098 goal=0 here=1 tx=607:lost
02:36:51 TX d11=0.468 status=tick=294418 goal=0 here=1 tx=608:lost
02:36:54 TX d11=0.462 status=tick=294738 goal=0 here=1 tx=609:lost
02:36:57 TX d11=0.464 status=tick=295059 goal=0 here=1 tx=610:lost
02:37:01 TX d11=0.463 status=tick=295379 goal=0 here=1 tx=610:lost
02:37:04 TX d11=0.478 status=tick=295700 goal=0 here=1 tx=611:lost
02:37:07 TX d11=0.448 status=tick=296020 goal=0 here=1 tx=613:lost
02:37:10 TX d11=0.468 status=tick=296340 goal=0 here=1 tx=614:lost
02:37:13 TX d11=0.470 status=tick=296661 goal=0 here=1 tx=614:lost
02:37:17 TX d11=0.507 status=tick=296985 goal=0 here=1 tx=615:lost
02:37:20 TX d11=0.568 status=tick=297305 goal=0 here=1 tx=616:lost
02:37:23 TX d11=0.615 status=tick=297626 goal=0 here=1 tx=618:lost
02:37:26 TX d11=0.675 status=tick=297947 goal=0 here=1 tx=619:ok
02:37:29 TX d11=0.737 status=tick=298267 goal=0 here=1 tx=620:ok
02:37:33 TX d11=0.800 status=tick=298587 goal=0 here=1 tx=621:ok
02:37:36 TX d11=0.840 status=tick=298908 goal=0 here=1 tx=622:ok
02:37:39 TX d11=0.879 status=tick=299228 goal=0 here=1 tx=623:ok
02:37:40 RX <<< B: en route to you, leg 1 heading 0. my est (-3.2,2.7). d11=0.89
02:37:42 TX d11=0.915 status=tick=299549 goal=0 here=1 tx=624:ok
02:37:45 TX d11=0.867 status=tick=299869 goal=0 here=1 tx=625:ok
02:37:49 TX d11=0.840 status=tick=300192 goal=0 here=1 tx=626:ok
02:37:52 TX d11=0.782 status=tick=300513 goal=0 here=1 tx=627:ok
02:37:55 TX d11=0.745 status=tick=300834 goal=0 here=1 tx=628:ok
02:37:55 RX <<< B: en route to you, leg 2 heading 270. my est (-2.5,2.4). d11=0.73
02:37:58 TX d11=0.732 status=tick=301154 goal=0 here=1 tx=629:ok
02:38:02 TX d11=0.690 status=tick=301475 goal=0 here=1 tx=629:ok
02:38:05 TX d11=0.646 status=tick=301795 goal=0 here=1 tx=631:ok
02:38:08 TX d11=0.610 status=tick=302115 goal=0 here=1 tx=632:lost
02:38:11 TX d11=0.583 status=tick=302436 goal=0 here=1 tx=633:lost
02:38:14 TX d11=0.554 status=tick=302756 goal=0 here=1 tx=634:lost
02:38:18 TX d11=0.548 status=tick=303077 goal=0 here=1 tx=635:lost
02:38:21 TX d11=0.498 status=tick=303398 goal=0 here=1 tx=635:lost
02:38:24 TX d11=0.468 status=tick=303718 goal=0 here=1 tx=637:lost
02:38:27 TX d11=0.457 status=tick=304039 goal=0 here=1 tx=638:lost
02:38:30 TX d11=0.434 status=tick=304359 goal=0 here=1 tx=639:lost
02:38:34 TX d11=0.400 status=tick=304679 goal=0 here=1 tx=640:lost
02:38:37 TX d11=0.391 status=tick=305003 goal=0 here=1 tx=641:lost
02:38:40 TX d11=0.368 status=tick=305323 goal=0 here=1 tx=642:lost
02:38:43 TX d11=0.350 status=tick=305644 goal=0 here=1 tx=643:lost
02:38:46 TX d11=0.338 status=tick=305964 goal=0 here=1 tx=643:lost
02:38:50 TX d11=0.327 status=tick=306288 goal=0 here=1 tx=644:lost
02:38:53 TX d11=0.345 status=tick=306608 goal=0 here=1 tx=645:lost
02:38:56 TX d11=0.328 status=tick=306929 goal=0 here=1 tx=647:lost
02:38:59 TX d11=0.350 status=tick=307249 goal=0 here=1 tx=648:lost
02:39:02 TX d11=0.333 status=tick=307569 goal=0 here=1 tx=648:lost
02:39:06 TX d11=0.337 status=tick=307890 goal=0 here=1 tx=650:lost
02:39:09 TX d11=0.339 status=tick=308210 goal=0 here=1 tx=651:lost
02:39:12 TX d11=0.337 status=tick=308531 goal=0 here=1 tx=652:lost
02:39:15 TX d11=0.316 status=tick=308858 goal=0 here=1 tx=653:lost
02:39:19 TX d11=0.338 status=tick=309178 goal=0 here=1 tx=653:lost
02:39:22 TX d11=0.338 status=tick=309499 goal=0 here=1 tx=654:lost
02:39:25 TX d11=0.346 status=tick=309822 goal=0 here=1 tx=656:lost
02:39:28 TX d11=0.348 status=tick=310143 goal=0 here=1 tx=656:lost
02:39:31 TX d11=0.348 status=tick=310463 goal=0 here=1 tx=657:lost
02:39:35 TX d11=0.339 status=tick=310783 goal=0 here=1 tx=658:lost
02:39:38 TX d11=0.342 status=tick=311104 goal=0 here=1 tx=660:lost
02:39:41 TX d11=0.354 status=tick=311424 goal=0 here=1 tx=660:lost
02:39:44 TX d11=0.326 status=tick=311745 goal=0 here=1 tx=662:lost
02:39:47 TX d11=0.342 status=tick=312065 goal=0 here=1 tx=663:lost
02:39:51 TX d11=0.342 status=tick=312394 goal=0 here=1 tx=664:lost
02:39:54 TX d11=0.341 status=tick=312715 goal=0 here=1 tx=665:lost
02:39:57 TX d11=0.329 status=tick=313035 goal=0 here=1 tx=666:lost
02:40:00 TX d11=0.323 status=tick=313356 goal=0 here=1 tx=667:lost
02:40:04 TX d11=0.348 status=tick=313676 goal=0 here=1 tx=668:lost
02:40:07 TX d11=0.341 status=tick=313997 goal=0 here=1 tx=669:lost
02:40:10 TX d11=0.338 status=tick=314317 goal=0 here=1 tx=670:lost
02:40:13 TX d11=0.343 status=tick=314641 goal=0 here=1 tx=671:lost
02:40:16 TX d11=0.346 status=tick=314961 goal=0 here=1 tx=672:lost
02:40:20 TX d11=0.380 status=tick=315285 goal=0 here=1 tx=673:lost
02:40:23 TX d11=0.412 status=tick=315605 goal=0 here=1 tx=674:lost
02:40:26 TX d11=0.426 status=tick=315926 goal=0 here=1 tx=675:lost
02:40:29 TX d11=0.481 status=tick=316251 goal=0 here=1 tx=676:lost
02:40:32 TX d11=0.545 status=tick=316571 goal=0 here=1 tx=677:lost
02:40:36 TX d11=0.594 status=tick=316893 goal=0 here=1 tx=678:lost
02:40:39 TX d11=0.609 status=tick=317216 goal=0 here=1 tx=679:lost
02:40:42 TX d11=0.604 status=tick=317540 goal=0 here=1 tx=679:lost
02:40:45 TX d11=0.697 status=tick=317861 goal=0 here=1 tx=680:lost
02:40:49 TX d11=0.757 status=tick=318181 goal=0 here=1 tx=682:ok
02:40:52 TX d11=0.846 status=tick=318507 goal=0 here=1 tx=683:ok
02:40:52 RX <<< B: wall-following, at my (-2.7,2.4) = your (5.2,2.4). status goal=0 here=0. d11=0.837
02:40:55 TX d11=0.832 status=tick=318828 goal=0 here=1 tx=684:ok
02:40:58 TX d11=0.900 status=tick=319149 goal=0 here=1 tx=684:ok
02:41:01 TX d11=0.870 status=tick=319469 goal=0 here=1 tx=685:ok
02:41:05 TX d11=0.889 status=tick=319789 goal=0 here=1 tx=687:ok
02:41:08 TX d11=0.885 status=tick=320110 goal=0 here=1 tx=688:ok
02:41:11 TX d11=0.883 status=tick=320430 goal=0 here=1 tx=688:ok
02:41:13 RX <<< B: my d11 is 0.9 here but my status still here=0. Is your status STILL here=1 right now? Describe your spot: corridor direction, distances to walls N/S/E/W, dead end?
02:41:14 TX d11=0.890 status=tick=320751 goal=0 here=1 tx=690:ok
02:41:18 TX d11=0.879 status=tick=321078 goal=0 here=1 tx=691:ok
02:41:21 TX d11=0.892 status=tick=321399 goal=0 here=1 tx=691:ok
02:41:24 TX d11=0.891 status=tick=321722 goal=0 here=1 tx=692:ok
02:41:27 TX d11=0.882 status=tick=322043 goal=0 here=1 tx=693:ok
02:41:30 TX d11=0.894 status=tick=322363 goal=0 here=1 tx=695:ok
02:41:34 TX d11=0.878 status=tick=322686 goal=0 here=1 tx=695:ok
02:41:37 TX d11=0.873 status=tick=323007 goal=0 here=1 tx=697:ok
02:41:40 TX d11=0.884 status=tick=323327 goal=0 here=1 tx=698:ok
02:41:43 TX d11=0.882 status=tick=323648 goal=0 here=1 tx=698:ok
02:41:46 TX d11=0.892 status=tick=323968 goal=0 here=1 tx=700:ok
02:41:50 TX d11=0.911 status=tick=324288 goal=0 here=1 tx=701:ok
02:41:53 TX d11=0.881 status=tick=324609 goal=0 here=1 tx=702:ok
02:41:56 TX d11=0.885 status=tick=324929 goal=0 here=1 tx=703:ok
02:41:59 TX d11=0.880 status=tick=325249 goal=0 here=1 tx=704:ok
02:42:02 TX d11=0.863 status=tick=325570 goal=0 here=1 tx=705:ok
02:42:06 TX d11=0.830 status=tick=325890 goal=0 here=1 tx=706:ok
02:42:09 TX d11=0.810 status=tick=326216 goal=0 here=1 tx=707:ok
02:42:12 TX d11=0.817 status=tick=326536 goal=0 here=1 tx=708:ok
02:42:15 TX d11=0.815 status=tick=326857 goal=0 here=1 tx=709:ok
02:42:19 TX d11=0.839 status=tick=327177 goal=0 here=1 tx=710:ok
02:42:22 TX d11=0.807 status=tick=327497 goal=0 here=1 tx=711:ok
02:42:25 TX d11=0.824 status=tick=327818 goal=0 here=1 tx=712:ok
02:42:28 TX d11=0.811 status=tick=328138 goal=0 here=1 tx=713:ok
02:42:31 TX d11=0.812 status=tick=328459 goal=0 here=1 tx=714:ok
02:42:35 TX d11=0.809 status=tick=328779 goal=0 here=1 tx=715:ok
02:42:38 TX d11=0.819 status=tick=329099 goal=0 here=1 tx=716:ok
02:42:41 TX d11=0.809 status=tick=329420 goal=0 here=1 tx=717:ok
02:42:44 TX d11=0.822 status=tick=329740 goal=0 here=1 tx=718:ok
02:42:47 TX d11=0.824 status=tick=330061 goal=0 here=1 tx=719:ok
02:42:51 TX d11=0.813 status=tick=330381 goal=0 here=1 tx=720:ok
02:42:54 TX d11=0.811 status=tick=330701 goal=0 here=1 tx=721:ok
02:42:57 TX d11=0.807 status=tick=331022 goal=0 here=1 tx=722:ok
02:43:00 TX d11=0.819 status=tick=331342 goal=0 here=1 tx=722:ok
02:43:03 TX d11=0.821 status=tick=331663 goal=0 here=1 tx=724:ok
02:43:07 TX d11=0.806 status=tick=331983 goal=0 here=1 tx=725:ok
02:43:10 TX d11=0.816 status=tick=332303 goal=0 here=1 tx=726:ok
02:43:13 TX d11=0.825 status=tick=332627 goal=0 here=1 tx=727:ok
02:43:16 TX d11=0.816 status=tick=332947 goal=0 here=1 tx=727:ok
02:43:19 TX d11=0.783 status=tick=333270 goal=0 here=1 tx=728:ok
02:43:23 TX d11=0.766 status=tick=333591 goal=0 here=1 tx=730:ok
02:43:26 TX d11=0.713 status=tick=333911 goal=0 here=1 tx=731:ok
02:43:29 TX d11=0.631 status=tick=334240 goal=0 here=1 tx=732:ok
02:43:32 TX d11=0.624 status=tick=334564 goal=0 here=1 tx=732:ok
02:43:36 TX d11=0.610 status=tick=334887 goal=0 here=1 tx=734:lost
02:43:39 TX d11=0.570 status=tick=335208 goal=0 here=1 tx=734:lost
02:43:42 TX d11=0.561 status=tick=335528 goal=0 here=1 tx=736:lost
02:43:45 TX d11=0.543 status=tick=335848 goal=0 here=1 tx=737:lost
02:43:48 TX d11=0.561 status=tick=336169 goal=0 here=1 tx=738:lost
02:43:52 TX d11=0.558 status=tick=336492 goal=0 here=1 tx=739:lost
02:43:55 TX d11=0.550 status=tick=336813 goal=0 here=1 tx=740:lost
02:43:58 TX d11=0.552 status=tick=337133 goal=0 here=1 tx=740:lost
02:44:01 TX d11=0.540 status=tick=337454 goal=0 here=1 tx=741:lost
02:44:05 TX d11=0.554 status=tick=337776 goal=0 here=1 tx=743:lost
02:44:08 TX d11=0.554 status=tick=338097 goal=0 here=1 tx=744:lost
02:44:11 TX d11=0.562 status=tick=338418 goal=0 here=1 tx=745:lost
02:44:14 TX d11=0.542 status=tick=338742 goal=0 here=1 tx=746:lost
02:44:17 TX d11=0.560 status=tick=339062 goal=0 here=1 tx=747:lost
02:44:21 TX d11=0.564 status=tick=339382 goal=0 here=1 tx=748:lost
02:44:24 TX d11=0.559 status=tick=339706 goal=0 here=1 tx=749:lost
02:44:27 TX d11=0.559 status=tick=340029 goal=0 here=1 tx=750:lost
02:44:30 TX d11=0.537 status=tick=340353 goal=0 here=1 tx=751:lost
02:44:34 TX d11=0.557 status=tick=340676 goal=0 here=1 tx=752:lost
02:44:37 TX d11=0.569 status=tick=340999 goal=0 here=1 tx=753:lost
02:44:40 TX d11=0.553 status=tick=341320 goal=0 here=1 tx=754:lost
02:44:43 TX d11=0.556 status=tick=341640 goal=0 here=1 tx=755:lost
02:44:46 TX d11=0.562 status=tick=341960 goal=0 here=1 tx=756:lost
02:44:50 TX d11=0.573 status=tick=342284 goal=0 here=1 tx=757:lost
02:44:53 TX d11=0.551 status=tick=342604 goal=0 here=1 tx=758:lost
02:44:56 TX d11=0.549 status=tick=342925 goal=0 here=1 tx=759:lost
02:44:59 TX d11=0.561 status=tick=343245 goal=0 here=1 tx=760:lost
02:45:02 TX d11=0.555 status=tick=343565 goal=0 here=1 tx=761:lost
02:45:06 TX d11=0.546 status=tick=343886 goal=0 here=1 tx=762:lost
02:45:09 TX d11=0.532 status=tick=344206 goal=0 here=1 tx=763:lost
02:45:12 TX d11=0.567 status=tick=344527 goal=0 here=1 tx=764:lost
02:45:15 TX d11=0.558 status=tick=344847 goal=0 here=1 tx=765:lost
02:45:18 TX d11=0.560 status=tick=345167 goal=0 here=1 tx=766:lost
02:45:22 TX d11=0.561 status=tick=345488 goal=0 here=1 tx=766:lost
02:45:25 TX d11=0.556 status=tick=345808 goal=0 here=1 tx=768:lost
02:45:28 TX d11=0.542 status=tick=346128 goal=0 here=1 tx=769:lost
02:45:31 TX d11=0.554 status=tick=346452 goal=0 here=1 tx=770:lost
02:45:34 TX d11=0.544 status=tick=346772 goal=0 here=1 tx=771:lost
02:45:38 TX d11=0.558 status=tick=347092 goal=0 here=1 tx=772:lost
02:45:41 TX d11=0.547 status=tick=347413 goal=0 here=1 tx=773:lost
02:45:44 TX d11=0.545 status=tick=347736 goal=0 here=1 tx=774:lost
02:45:47 TX d11=0.555 status=tick=348060 goal=0 here=1 tx=775:lost
02:45:51 TX d11=0.568 status=tick=348380 goal=0 here=1 tx=776:lost
02:45:54 TX d11=0.587 status=tick=348700 goal=0 here=1 tx=777:lost
02:45:57 TX d11=0.521 status=tick=349021 goal=0 here=1 tx=778:lost
02:46:00 TX d11=0.511 status=tick=349342 goal=0 here=1 tx=779:lost
02:46:03 TX d11=0.482 status=tick=349662 goal=0 here=1 tx=780:lost
02:46:07 TX d11=0.443 status=tick=349982 goal=0 here=1 tx=781:lost
02:46:10 TX d11=0.446 status=tick=350303 goal=0 here=1 tx=782:lost
02:46:13 TX d11=0.411 status=tick=350629 goal=0 here=1 tx=783:lost
02:46:16 TX d11=0.377 status=tick=350950 goal=0 here=1 tx=784:lost
02:46:19 TX d11=0.354 status=tick=351270 goal=0 here=1 tx=785:lost
02:46:23 TX d11=0.345 status=tick=351591 goal=0 here=1 tx=786:lost
02:46:26 TX d11=0.363 status=tick=351911 goal=0 here=1 tx=787:lost
02:46:29 TX d11=0.355 status=tick=352232 goal=0 here=1 tx=788:lost
02:46:32 TX d11=0.354 status=tick=352552 goal=0 here=1 tx=789:lost
02:46:35 TX d11=0.349 status=tick=352872 goal=0 here=1 tx=790:lost
02:46:39 TX d11=0.365 status=tick=353193 goal=0 here=1 tx=791:lost
02:46:42 TX d11=0.358 status=tick=353514 goal=0 here=1 tx=791:lost
02:46:45 TX d11=0.341 status=tick=353835 goal=0 here=1 tx=793:lost
02:46:48 TX d11=0.358 status=tick=354155 goal=0 here=1 tx=794:lost
02:46:52 TX d11=0.354 status=tick=354479 goal=0 here=1 tx=795:lost
02:46:55 TX d11=0.355 status=tick=354799 goal=0 here=1 tx=796:lost
02:46:58 TX d11=0.360 status=tick=355122 goal=0 here=1 tx=797:lost
02:47:01 TX d11=0.351 status=tick=355443 goal=0 here=1 tx=798:lost
02:47:04 TX d11=0.346 status=tick=355763 goal=0 here=1 tx=798:lost
02:47:08 TX d11=0.357 status=tick=356084 goal=0 here=1 tx=800:lost
02:47:11 TX d11=0.348 status=tick=356404 goal=0 here=1 tx=800:lost
02:47:14 TX d11=0.360 status=tick=356725 goal=0 here=1 tx=802:lost
02:47:17 TX d11=0.354 status=tick=357048 goal=0 here=1 tx=803:lost
02:47:20 TX d11=0.349 status=tick=357373 goal=0 here=1 tx=804:lost
02:47:24 TX d11=0.345 status=tick=357693 goal=0 here=1 tx=804:lost
02:47:27 TX d11=0.339 status=tick=358017 goal=0 here=1 tx=806:lost
02:47:30 TX d11=0.347 status=tick=358338 goal=0 here=1 tx=807:lost
02:47:33 TX d11=0.388 status=tick=358662 goal=0 here=1 tx=808:lost
02:47:37 TX d11=0.396 status=tick=358982 goal=0 here=1 tx=809:lost
02:47:40 TX d11=0.433 status=tick=359303 goal=0 here=1 tx=810:lost
02:47:43 TX d11=0.479 status=tick=359626 goal=0 here=1 tx=811:lost
02:47:46 TX d11=0.539 status=tick=359950 goal=0 here=1 tx=812:lost
02:47:49 TX d11=0.603 status=tick=360270 goal=0 here=1 tx=812:lost
02:47:53 TX d11=0.620 status=tick=360596 goal=0 here=1 tx=814:lost
02:47:56 TX d11=0.612 status=tick=360917 goal=0 here=1 tx=815:lost
02:47:59 TX d11=0.685 status=tick=361240 goal=0 here=1 tx=816:ok
02:48:01 RX <<< B: wall-following, at my (-3.4,2.6) = your (4.5,2.6). status goal=0 here=0. d11=0.742
02:48:02 TX d11=0.787 status=tick=361560 goal=0 here=1 tx=817:ok
02:48:06 TX d11=0.833 status=tick=361881 goal=0 here=1 tx=818:ok
02:48:09 TX d11=0.837 status=tick=362203 goal=0 here=1 tx=819:ok
02:48:12 TX d11=0.883 status=tick=362523 goal=0 here=1 tx=820:ok
02:48:15 TX d11=0.897 status=tick=362844 goal=0 here=1 tx=821:ok
02:48:18 TX d11=0.890 status=tick=363164 goal=0 here=1 tx=821:ok
02:48:22 TX d11=0.830 status=tick=363485 goal=0 here=1 tx=823:ok
02:48:22 RX <<< B: wall-following, at my (-4.0,2.7) = your (3.9,2.7). status goal=0 here=0. d11=0.828
02:48:25 TX d11=0.718 status=tick=363805 goal=0 here=1 tx=823:ok
02:48:28 TX d11=0.626 status=tick=364126 goal=0 here=1 tx=825:lost
02:48:31 TX d11=0.538 status=tick=364446 goal=0 here=1 tx=825:lost
02:48:34 TX d11=0.484 status=tick=364767 goal=0 here=1 tx=827:lost
02:48:38 TX d11=0.407 status=tick=365088 goal=0 here=1 tx=828:lost
02:48:41 TX d11=0.376 status=tick=365408 goal=0 here=1 tx=829:lost
02:48:44 TX d11=0.313 status=tick=365728 goal=0 here=1 tx=829:lost
02:48:47 TX d11=0.274 status=tick=366052 goal=0 here=1 tx=831:lost
02:48:50 TX d11=0.282 status=tick=366372 goal=0 here=1 tx=832:lost
02:48:54 TX d11=0.269 status=tick=366694 goal=0 here=1 tx=832:lost
02:48:57 TX d11=0.291 status=tick=367014 goal=0 here=1 tx=834:lost
02:49:00 TX d11=0.325 status=tick=367334 goal=0 here=1 tx=835:lost
02:49:03 TX d11=0.369 status=tick=367655 goal=0 here=1 tx=836:lost
02:49:07 TX d11=0.437 status=tick=367975 goal=0 here=1 tx=837:lost
02:49:10 TX d11=0.501 status=tick=368296 goal=0 here=1 tx=838:lost
02:49:13 TX d11=0.569 status=tick=368616 goal=0 here=1 tx=839:lost
02:49:16 TX d11=0.635 status=tick=368937 goal=0 here=1 tx=840:lost
02:49:19 TX d11=0.733 status=tick=369257 goal=0 here=1 tx=841:ok
02:49:22 RX <<< B: wall-following, at my (-3.8,2.7) = your (4.1,2.7). status goal=0 here=0. d11=0.797
02:49:23 TX d11=0.817 status=tick=369581 goal=0 here=1 tx=842:ok
02:49:26 TX d11=0.806 status=tick=369904 goal=0 here=1 tx=843:ok
02:49:29 TX d11=0.724 status=tick=370228 goal=0 here=1 tx=844:ok
02:49:32 TX d11=0.662 status=tick=370549 goal=0 here=1 tx=845:ok
02:49:35 TX d11=0.649 status=tick=370870 goal=0 here=1 tx=846:ok
02:49:39 TX d11=0.590 status=tick=371190 goal=0 here=1 tx=847:lost
02:49:42 TX d11=0.505 status=tick=371510 goal=0 here=1 tx=848:lost
02:49:45 TX d11=0.474 status=tick=371831 goal=0 here=1 tx=848:lost
02:49:48 TX d11=0.439 status=tick=372151 goal=0 here=1 tx=850:lost
02:49:51 TX d11=0.378 status=tick=372471 goal=0 here=1 tx=851:lost
02:49:55 TX d11=0.378 status=tick=372792 goal=0 here=1 tx=852:lost
02:49:58 TX d11=0.382 status=tick=373112 goal=0 here=1 tx=852:lost
02:50:01 TX d11=0.436 status=tick=373432 goal=0 here=1 tx=854:lost
02:50:04 TX d11=0.506 status=tick=373753 goal=0 here=1 tx=855:lost
02:50:07 TX d11=0.534 status=tick=374073 goal=0 here=1 tx=856:lost
02:50:11 TX d11=0.524 status=tick=374397 goal=0 here=1 tx=857:lost
02:50:14 TX d11=0.497 status=tick=374717 goal=0 here=1 tx=858:lost
02:50:17 TX d11=0.424 status=tick=375038 goal=0 here=1 tx=859:lost
02:50:20 TX d11=0.374 status=tick=375358 goal=0 here=1 tx=860:lost
02:50:24 TX d11=0.320 status=tick=375679 goal=0 here=1 tx=861:lost
02:50:27 TX d11=0.282 status=tick=375999 goal=0 here=1 tx=861:lost
02:50:30 TX d11=0.271 status=tick=376323 goal=0 here=1 tx=863:lost
02:50:33 TX d11=0.262 status=tick=376643 goal=0 here=1 tx=864:lost
02:50:36 TX d11=0.247 status=tick=376967 goal=0 here=1 tx=865:lost
02:50:40 TX d11=0.243 status=tick=377287 goal=0 here=1 tx=865:lost
02:50:43 TX d11=0.232 status=tick=377608 goal=0 here=1 tx=867:lost
02:50:46 TX d11=0.236 status=tick=377928 goal=0 here=1 tx=868:lost
02:50:49 TX d11=0.241 status=tick=378249 goal=0 here=1 tx=869:lost
02:50:52 TX d11=0.281 status=tick=378569 goal=0 here=1 tx=869:lost
02:50:56 TX d11=0.240 status=tick=378890 goal=0 here=1 tx=871:lost
02:50:59 TX d11=0.229 status=tick=379210 goal=0 here=1 tx=872:lost
02:51:02 TX d11=0.213 status=tick=379530 goal=0 here=1 tx=873:lost
02:51:05 TX d11=0.208 status=tick=379853 goal=0 here=1 tx=874:lost
02:51:09 TX d11=0.189 status=tick=380177 goal=0 here=1 tx=875:lost
02:51:12 TX d11=0.187 status=tick=380498 goal=0 here=1 tx=876:lost
02:51:15 TX d11=0.165 status=tick=380818 goal=0 here=1 tx=877:lost
02:51:18 TX d11=0.150 status=tick=381138 goal=0 here=1 tx=878:lost
02:51:21 TX d11=0.159 status=tick=381459 goal=0 here=1 tx=878:lost
02:51:25 TX d11=0.167 status=tick=381779 goal=0 here=1 tx=880:lost
02:51:28 TX d11=0.197 status=tick=382103 goal=0 here=1 tx=881:lost
02:51:31 TX d11=0.210 status=tick=382423 goal=0 here=1 tx=882:lost
02:51:34 TX d11=0.225 status=tick=382744 goal=0 here=1 tx=883:lost
02:51:37 TX d11=0.225 status=tick=383067 goal=0 here=1 tx=884:lost
02:51:41 TX d11=0.232 status=tick=383388 goal=0 here=1 tx=885:lost
02:51:44 TX d11=0.264 status=tick=383711 goal=0 here=1 tx=886:lost
02:51:47 TX d11=0.285 status=tick=384032 goal=0 here=1 tx=887:lost
02:51:50 TX d11=0.336 status=tick=384352 goal=0 here=1 tx=888:lost
02:51:53 TX d11=0.332 status=tick=384672 goal=0 here=1 tx=889:lost
02:51:57 TX d11=0.313 status=tick=384993 goal=0 here=1 tx=890:lost
02:52:00 TX d11=0.257 status=tick=385313 goal=0 here=1 tx=891:lost
02:52:03 TX d11=0.269 status=tick=385633 goal=0 here=1 tx=891:lost
02:52:06 TX d11=0.258 status=tick=385954 goal=0 here=1 tx=893:lost
02:52:09 TX d11=0.271 status=tick=386274 goal=0 here=1 tx=894:lost
02:52:13 TX d11=0.270 status=tick=386595 goal=0 here=1 tx=894:lost
02:52:16 TX d11=0.283 status=tick=386915 goal=0 here=1 tx=896:lost
02:52:19 TX d11=0.283 status=tick=387236 goal=0 here=1 tx=897:lost
02:52:22 TX d11=0.297 status=tick=387559 goal=0 here=1 tx=898:lost
02:52:26 TX d11=0.299 status=tick=387883 goal=0 here=1 tx=899:lost
02:52:29 TX d11=0.344 status=tick=388204 goal=0 here=1 tx=900:lost
02:52:32 TX d11=0.407 status=tick=388525 goal=0 here=1 tx=901:lost
02:52:35 TX d11=0.447 status=tick=388849 goal=0 here=1 tx=902:lost
02:52:38 TX d11=0.485 status=tick=389169 goal=0 here=1 tx=903:lost
02:52:42 TX d11=0.513 status=tick=389493 goal=0 here=1 tx=904:lost
02:52:45 TX d11=0.500 status=tick=389813 goal=0 here=1 tx=905:lost
02:52:48 TX d11=0.491 status=tick=390136 goal=0 here=1 tx=906:lost
02:52:51 TX d11=0.444 status=tick=390461 goal=0 here=1 tx=907:lost
02:52:55 TX d11=0.495 status=tick=390781 goal=0 here=1 tx=908:lost
02:52:58 TX d11=0.546 status=tick=391102 goal=0 here=1 tx=909:lost
02:53:01 TX d11=0.568 status=tick=391428 goal=0 here=1 tx=910:lost
02:53:04 TX d11=0.574 status=tick=391749 goal=0 here=1 tx=911:lost
02:53:07 TX d11=0.592 status=tick=392069 goal=0 here=1 tx=912:lost
02:53:11 TX d11=0.601 status=tick=392390 goal=0 here=1 tx=913:lost
02:53:14 TX d11=0.660 status=tick=392713 goal=0 here=1 tx=914:ok
02:53:17 TX d11=0.720 status=tick=393034 goal=0 here=1 tx=915:ok
02:53:20 TX d11=0.800 status=tick=393354 goal=0 here=1 tx=916:ok
02:53:23 TX d11=0.898 status=tick=393674 goal=0 here=1 tx=917:ok
02:53:26 RX <<< B: wall-following, at my (-3.6,3.4) = your (4.3,3.4). status goal=0 here=0. d11=0.935
02:53:27 TX d11=0.963 status=tick=393995 goal=0 here=1 tx=918:ok
02:53:30 TX d11=0.977 status=tick=394316 goal=0 here=1 tx=918:ok
02:53:33 TX d11=0.978 status=tick=394637 goal=0 here=1 tx=920:ok
02:53:36 TX d11=0.969 status=tick=394959 goal=0 here=1 tx=921:ok
02:53:40 TX d11=0.979 status=tick=395279 goal=0 here=1 tx=922:ok
02:53:43 TX d11=0.981 status=tick=395600 goal=0 here=1 tx=923:ok
02:53:46 TX d11=0.972 status=tick=395926 goal=0 here=1 tx=923:ok
02:53:49 TX d11=0.982 status=tick=396246 goal=0 here=1 tx=925:ok
02:53:52 TX d11=0.996 status=tick=396570 goal=0 here=1 tx=925:ok
02:53:56 TX d11=0.982 status=tick=396890 goal=0 here=1 tx=927:ok
02:53:59 TX d11=0.990 status=tick=397211 goal=0 here=1 tx=928:ok
02:54:02 TX d11=0.977 status=tick=397534 goal=0 here=1 tx=929:ok
02:54:05 TX d11=0.975 status=tick=397855 goal=0 here=1 tx=929:ok
02:54:09 TX d11=0.972 status=tick=398175 goal=0 here=1 tx=930:ok
02:54:12 TX d11=0.985 status=tick=398498 goal=0 here=1 tx=932:ok
02:54:15 TX d11=0.972 status=tick=398819 goal=0 here=1 tx=933:ok
02:54:18 TX d11=0.988 status=tick=399142 goal=0 here=1 tx=934:ok
02:54:21 TX d11=0.982 status=tick=399462 goal=0 here=1 tx=935:ok
02:54:23 RX <<< B: my RSSI 0.975 - I am next to you. Which compass direction/how far should I move to reach the here=1 spot?
02:54:25 TX d11=0.991 status=tick=399787 goal=0 here=1 tx=935:ok
02:54:28 TX d11=0.982 status=tick=400108 goal=0 here=1 tx=937:ok
02:54:31 TX d11=0.975 status=tick=400431 goal=0 here=1 tx=938:ok
02:54:34 TX d11=0.989 status=tick=400757 goal=0 here=1 tx=938:ok
02:54:38 TX d11=0.975 status=tick=401078 goal=0 here=1 tx=939:ok
02:54:41 TX d11=0.976 status=tick=401398 goal=0 here=1 tx=941:ok
02:54:44 TX d11=0.976 status=tick=401719 goal=0 here=1 tx=941:ok
02:54:47 TX d11=0.984 status=tick=402040 goal=0 here=1 tx=943:ok
02:54:50 TX d11=0.990 status=tick=402360 goal=0 here=1 tx=943:ok
02:54:54 TX d11=0.986 status=tick=402683 goal=0 here=1 tx=945:ok
02:54:57 TX d11=0.967 status=tick=403004 goal=0 here=1 tx=946:ok
02:55:00 TX d11=0.979 status=tick=403330 goal=0 here=1 tx=947:ok
02:55:03 TX d11=0.976 status=tick=403650 goal=0 here=1 tx=948:ok
02:55:06 TX d11=0.996 status=tick=403971 goal=0 here=1 tx=948:ok
02:55:10 TX d11=0.985 status=tick=404291 goal=0 here=1 tx=950:ok
02:55:13 TX d11=0.978 status=tick=404612 goal=0 here=1 tx=950:ok
02:55:16 TX d11=0.980 status=tick=404932 goal=0 here=1 tx=952:ok
02:55:19 TX d11=0.993 status=tick=405252 goal=0 here=1 tx=953:ok
02:55:22 TX d11=0.999 status=tick=405573 goal=0 here=1 tx=954:ok
02:55:26 TX d11=1.000 status=tick=405893 goal=0 here=1 tx=955:ok
02:55:29 TX d11=0.991 status=tick=406213 goal=0 here=1 tx=956:ok
02:55:32 TX d11=0.983 status=tick=406534 goal=0 here=1 tx=957:ok
02:55:35 TX d11=0.994 status=tick=406854 goal=0 here=1 tx=958:ok
02:55:39 TX d11=0.972 status=tick=407178 goal=0 here=1 tx=959:ok
02:55:42 TX d11=0.943 status=tick=407498 goal=0 here=1 tx=960:ok
02:55:45 TX d11=0.914 status=tick=407819 goal=0 here=1 tx=961:ok
02:55:48 TX d11=0.903 status=tick=408139 goal=0 here=1 tx=962:ok
02:55:51 TX d11=0.913 status=tick=408459 goal=0 here=1 tx=963:ok
02:55:55 TX d11=0.906 status=tick=408780 goal=0 here=1 tx=964:ok
02:55:58 TX d11=0.912 status=tick=409100 goal=0 here=1 tx=965:ok
02:56:01 TX d11=0.907 status=tick=409421 goal=0 here=1 tx=966:ok
02:56:04 TX d11=0.903 status=tick=409741 goal=0 here=1 tx=967:ok
02:56:07 TX d11=0.921 status=tick=410062 goal=0 here=1 tx=968:ok
02:56:11 TX d11=0.930 status=tick=410382 goal=0 here=1 tx=969:ok
02:56:14 TX d11=0.968 status=tick=410703 goal=0 here=1 tx=970:ok
02:56:16 RX <<< B: RSSI 0.99 here but my here=0; a wall is between us. Stay put - if you can, describe the last 2 turns of your entrance passage.
02:56:17 TX d11=0.973 status=tick=411026 goal=0 here=1 tx=971:ok
02:56:20 TX d11=0.989 status=tick=411347 goal=0 here=1 tx=972:ok
02:56:23 TX d11=1.000 status=tick=411670 goal=0 here=1 tx=973:ok
02:56:27 TX d11=0.988 status=tick=411993 goal=0 here=1 tx=974:ok
02:56:30 TX d11=0.981 status=tick=412314 goal=0 here=1 tx=975:ok
02:56:33 TX d11=0.981 status=tick=412636 goal=0 here=1 tx=976:ok
02:56:36 TX d11=0.992 status=tick=412960 goal=0 here=1 tx=977:ok
02:56:40 TX d11=0.977 status=tick=413280 goal=0 here=1 tx=977:ok
02:56:43 TX d11=0.985 status=tick=413604 goal=0 here=1 tx=978:ok
02:56:46 TX d11=0.965 status=tick=413924 goal=0 here=1 tx=980:ok
02:56:49 TX d11=0.982 status=tick=414244 goal=0 here=1 tx=982:ok
02:56:52 TX d11=0.983 status=tick=414565 goal=0 here=1 tx=983:ok
02:56:56 TX d11=0.992 status=tick=414885 goal=0 here=1 tx=985:ok
02:56:59 TX d11=0.979 status=tick=415206 goal=0 here=1 tx=986:ok
02:57:02 TX d11=0.952 status=tick=415529 goal=0 here=1 tx=987:ok
02:57:05 TX d11=0.965 status=tick=415849 goal=0 here=1 tx=988:ok
02:57:08 TX d11=0.977 status=tick=416170 goal=0 here=1 tx=989:ok
02:57:12 TX d11=1.000 status=tick=416494 goal=0 here=1 tx=990:ok
02:57:15 TX d11=0.982 status=tick=416814 goal=0 here=1 tx=991:ok
02:57:18 TX d11=0.988 status=tick=417134 goal=0 here=1 tx=992:ok
02:57:21 TX d11=0.987 status=tick=417458 goal=0 here=1 tx=993:ok
02:57:25 TX d11=0.984 status=tick=417778 goal=0 here=1 tx=994:ok
02:57:28 TX d11=0.988 status=tick=418098 goal=0 here=1 tx=995:ok
02:57:31 TX d11=0.970 status=tick=418419 goal=0 here=1 tx=996:ok
02:57:34 TX d11=0.982 status=tick=418739 goal=0 here=1 tx=997:ok
02:57:37 TX d11=0.979 status=tick=419060 goal=0 here=1 tx=998:ok
02:57:41 TX d11=0.991 status=tick=419384 goal=0 here=1 tx=998:ok
02:57:44 TX d11=0.996 status=tick=419705 goal=0 here=1 tx=1000:ok
02:57:47 TX d11=0.999 status=tick=420028 goal=0 here=1 tx=1001:ok
02:57:50 TX d11=0.992 status=tick=420349 goal=0 here=1 tx=1002:ok
02:57:53 TX d11=0.980 status=tick=420669 goal=0 here=1 tx=1003:ok
02:57:57 TX d11=0.978 status=tick=420989 goal=0 here=1 tx=1004:ok
02:58:00 TX d11=0.991 status=tick=421310 goal=0 here=1 tx=1005:ok
02:58:03 TX d11=0.991 status=tick=421633 goal=0 here=1 tx=1006:ok
02:58:06 TX d11=0.992 status=tick=421954 goal=0 here=1 tx=1007:ok
02:58:09 TX d11=0.981 status=tick=422274 goal=0 here=1 tx=1008:ok
02:58:13 TX d11=0.992 status=tick=422600 goal=0 here=1 tx=1009:ok
02:58:16 TX d11=0.995 status=tick=422920 goal=0 here=1 tx=1010:ok
02:58:19 RX <<< B: RSSI 0.999 but my here=0. My walls: S 0.19, E 0.09, W 0.33, N 1.8 open (a N-S passage) - differs from your nook. Is your status STILL here=1 now? What does your d0 read? Should I go around the wall to my EAST?
02:58:19 TX d11=0.973 status=tick=423240 goal=0 here=1 tx=1011:ok
02:58:22 TX d11=0.996 status=tick=423561 goal=0 here=1 tx=1012:ok
02:58:26 TX d11=0.980 status=tick=423881 goal=0 here=1 tx=1013:ok
02:58:29 TX d11=0.995 status=tick=424205 goal=0 here=1 tx=1014:ok
02:58:32 TX d11=0.993 status=tick=424525 goal=0 here=1 tx=1015:ok
02:58:35 TX d11=0.989 status=tick=424845 goal=0 here=1 tx=1015:ok
02:58:38 TX d11=0.984 status=tick=425166 goal=0 here=1 tx=1016:ok
02:58:42 TX d11=1.000 status=tick=425486 goal=0 here=1 tx=1018:ok
02:58:45 TX d11=1.000 status=tick=425807 goal=0 here=1 tx=1019:ok
02:58:48 TX d11=0.999 status=tick=426127 goal=0 here=1 tx=1020:ok
02:58:51 TX d11=0.991 status=tick=426447 goal=0 here=1 tx=1021:ok
02:58:54 TX d11=1.000 status=tick=426771 goal=0 here=1 tx=1021:ok
02:58:58 TX d11=0.991 status=tick=427093 goal=0 here=1 tx=1022:ok
02:59:01 TX d11=0.988 status=tick=427414 goal=0 here=1 tx=1024:ok
02:59:04 TX d11=0.982 status=tick=427734 goal=0 here=1 tx=1025:ok
02:59:07 TX d11=1.000 status=tick=428055 goal=0 here=1 tx=1026:ok
02:59:11 TX d11=1.000 status=tick=428375 goal=0 here=1 tx=1026:ok
02:59:14 TX d11=0.988 status=tick=428695 goal=0 here=1 tx=1028:ok
02:59:17 TX d11=0.993 status=tick=429016 goal=0 here=1 tx=1029:ok
02:59:20 TX d11=1.000 status=tick=429336 goal=0 here=1 tx=1030:ok
02:59:23 TX d11=0.986 status=tick=429657 goal=0 here=1 tx=1030:ok
02:59:27 TX d11=0.999 status=tick=429977 goal=0 here=1 tx=1032:ok
02:59:30 TX d11=0.997 status=tick=430300 goal=0 here=1 tx=1032:ok
02:59:33 TX d11=0.984 status=tick=430623 goal=0 here=1 tx=1034:ok
02:59:36 TX d11=0.989 status=tick=430944 goal=0 here=1 tx=1036:busy
02:59:39 TX d11=0.999 status=tick=431265 goal=0 here=1 tx=1038:ok
02:59:43 TX d11=0.983 status=tick=431585 goal=0 here=1 tx=1039:ok
02:59:46 TX d11=0.999 status=tick=431905 goal=0 here=1 tx=1040:ok
02:59:49 TX d11=0.977 status=tick=432226 goal=0 here=1 tx=1041:ok
02:59:49 RX <<< B: out of budget this session. STAY at the goal (here=1). Next session I will follow your route: pocket S-segment west end -> S 0.45 -> E 0.47 -> S 0.8 to wall. Thanks, partner.
02:59:52 TX d11=0.992 status=tick=432551 goal=0 here=1 tx=1042:ok
02:59:55 TX d11=0.980 status=tick=432872 goal=0 here=1 tx=1043:ok
02:59:59 TX d11=0.983 status=tick=433192 goal=0 here=1 tx=1044:ok
03:00:02 TX d11=0.996 status=tick=433515 goal=0 here=1 tx=1045:ok
03:00:05 TX d11=0.987 status=tick=433836 goal=0 here=1 tx=1046:ok
03:00:08 TX d11=0.985 status=tick=434156 goal=0 here=1 tx=1047:ok
03:00:12 TX d11=0.981 status=tick=434477 goal=0 here=1 tx=1048:ok
03:00:15 TX d11=0.995 status=tick=434797 goal=0 here=1 tx=1049:ok
03:00:18 TX d11=0.963 status=tick=435118 goal=0 here=1 tx=1050:ok
03:00:21 TX d11=0.965 status=tick=435438 goal=0 here=1 tx=1050:ok
03:00:24 TX d11=0.965 status=tick=435758 goal=0 here=1 tx=1052:ok
03:00:28 TX d11=0.984 status=tick=436079 goal=0 here=1 tx=1053:ok
03:00:31 TX d11=0.992 status=tick=436399 goal=0 here=1 tx=1054:ok
03:00:34 TX d11=0.983 status=tick=436725 goal=0 here=1 tx=1055:ok
03:00:37 TX d11=0.986 status=tick=437045 goal=0 here=1 tx=1056:ok
03:00:40 TX d11=0.976 status=tick=437366 goal=0 here=1 tx=1056:ok
03:00:44 TX d11=0.980 status=tick=437686 goal=0 here=1 tx=1058:ok
03:00:47 TX d11=1.000 status=tick=438006 goal=0 here=1 tx=1059:ok
03:00:50 TX d11=0.990 status=tick=438327 goal=0 here=1 tx=1060:ok
03:00:53 TX d11=0.993 status=tick=438650 goal=0 here=1 tx=1060:ok
03:00:56 TX d11=0.996 status=tick=438970 goal=0 here=1 tx=1062:ok
03:00:59 TX d11=0.993 status=tick=439176 goal=0 here=1 tx=1063:ok
03:01:02 TX d11=0.978 status=tick=439496 goal=0 here=1 tx=1064:ok
03:01:05 TX d11=0.987 status=tick=439821 goal=0 here=1 tx=1065:ok
03:01:08 TX d11=0.986 status=tick=440141 goal=0 here=1 tx=1066:ok
03:01:11 TX d11=0.981 status=tick=440462 goal=0 here=1 tx=1066:ok
03:01:15 TX d11=0.971 status=tick=440782 goal=0 here=1 tx=1068:ok
03:01:15 RX <<< B: I AM ON THE GOAL - my status here=1 now! Stay exactly where you are. We are both here.
03:01:15 RE-ARRIVAL maneuver start
03:01:19   out: tick=441198 goal=0 here=1 tx=1068:ok
03:01:25   back: tick=441844 goal=0 here=1 tx=1068:ok
03:01:25 re-arrival done here=True
03:01:26 TX d11=1.000 status=tick=441884 goal=0 here=1 tx=1069:ok
03:01:29 TX d11=0.991 status=tick=442207 goal=0 here=1 tx=1069:ok
03:01:32 TX d11=0.982 status=tick=442528 goal=0 here=1 tx=1071:ok
03:01:35 TX d11=0.991 status=tick=442851 goal=0 here=1 tx=1072:ok
03:01:38 TX d11=0.989 status=tick=443172 goal=0 here=1 tx=1072:ok
03:01:42 TX d11=0.987 status=tick=443492 goal=0 here=1 tx=1073:ok
