1788320657.7 PING x=0.26 y=-1.25 seq=0
1788320670.2 PING x=0.35 y=-1.08 seq=9
1788320682.7 PING x=0.48 y=-0.90 seq=12
1788320686.6 PING x=0.90 y=-1.40 seq=13
1788320688.9 PING x=0.97 y=-1.39 seq=14
1788320689.9 PING x=0.97 y=-1.39 seq=18
1788320695.1 PING x=0.51 y=-1.53 seq=22
1788320696.9 PING x=0.50 y=-1.52 seq=23
1788320701.7 PING x=1.49 y=-1.56 seq=24
1788320706.2 PING x=1.82 y=-0.92 seq=25
1788320709.1 PING x=1.75 y=-0.67 seq=26
1788320711.1 PING x=1.68 y=-0.39 seq=30
1788320712.1 PING x=1.68 y=-0.39 seq=34
1788320719.1 PING x=1.84 y=-0.85 seq=38
1788320721.3 PING x=1.84 y=-0.86 seq=39
1788320728.9 PING x=1.65 y=0.02 seq=41
1788320739.3 PING x=1.79 y=-0.18 seq=50
1788320797.7 PING x=1.24 y=0.28 seq=75
1788320824.5 botB PING x=1.24 y=0.28 d11=0.931 seq=0
1788320830.4 botB PING x=1.20 y=0.25 d11=0.975 seq=1
1788320832.9 botB PING x=1.27 y=0.29 d11=0.972 seq=2
1788320836.0 botB PING x=1.41 y=0.44 d11=0.962 seq=3
1788320841.6 botB PING x=1.23 y=0.36 d11=0.971 seq=4
1788320846.9 botB PING x=1.30 y=0.40 d11=0.954 seq=5
1788320850.7 botB PING x=1.45 y=0.74 d11=0.893 seq=6
1788320856.2 botB PING x=1.46 y=0.54 d11=0.715 seq=7
1788320860.8 botB PING x=1.10 y=0.54 d11=0.666 seq=8
1788320869.0 botB PING x=1.27 y=0.43 d11=0.693 seq=10
1788320871.8 botB PING x=1.37 y=0.55 d11=0.813 seq=11
1788320877.3 botB PING x=1.31 y=0.45 d11=0.783 seq=12
1788320882.7 botB PING x=1.37 y=0.54 d11=0.656 seq=13
1788320892.8 botB PING x=0.75 y=0.34 d11=0.683 seq=15
1788320897.8 botB PING x=0.76 y=0.33 d11=0.685 seq=16
1788320899.6 botB PING x=0.78 y=0.32 d11=0.687 seq=18
1788320923.2 botB PING x=0.81 y=0.31 d11=0.658 seq=44
1788320927.6 botB PING x=1.25 y=0.51 d11=0.730 seq=45
1788320933.0 botB PING x=1.27 y=1.14 d11=0.853 seq=46
1788320936.2 botB PING x=1.37 y=1.38 d11=0.804 seq=47
1788321479.9 botB PING x=1.37 y=1.40 d11=0.805 seq=49
1788321480.0 botB PING x=1.37 y=1.40 d11=0.801 seq=51
1788321480.0 botB PING x=1.38 y=1.41 d11=0.807 seq=52
1788321480.0 botB PING x=1.39 y=1.42 d11=0.833 seq=54
1788321480.0 botB PING x=1.39 y=1.42 d11=0.917 seq=56
1788321480.1 botB PING x=1.39 y=1.42 seq=0
1788321480.1 botB PING x=1.16 y=2.23 seq=1
1788321480.1 botB PING x=1.16 y=2.23 seq=6
1788321480.2 botB PING x=0.82 y=2.53 seq=46
1788321480.2 botB PING x=0.86 y=2.60 seq=47
1788321480.2 botB PING x=0.86 y=2.60 seq=52
1788321480.2 botB PING x=0.65 y=2.29 seq=57
1788321480.3 botB PING x=0.86 y=2.55 seq=58
1788321480.3 botB PING x=1.01 y=2.96 seq=59
1788321480.3 botB PING x=0.81 y=2.80 seq=62
1788321480.4 botB PING x=0.80 y=2.80 seq=63
1788321480.4 botB PING x=1.02 y=3.05 seq=64
1788321480.4 botB PING x=1.03 y=3.05 seq=66
1788321480.5 botB PING x=1.03 y=3.05 seq=71
1788321480.5 botB PING x=0.71 y=3.25 seq=74
1788321480.5 botB PING x=1.05 y=2.86 seq=75
1788321480.6 botB PING x=0.85 y=3.08 seq=76
1788321480.6 botB PING x=0.93 y=2.83 seq=77
1788321480.6 botB PING x=0.93 y=2.84 seq=78
1788321480.7 botB PING x=0.93 y=2.84 seq=83
1788321480.7 botB PING x=0.56 y=2.89 seq=87
1788321480.7 botB PING x=0.56 y=2.89 seq=88
1788321480.8 botB PING x=0.56 y=2.89 seq=93
1788321480.8 botB PING x=0.56 y=3.25 seq=97
1788321480.8 botB PING x=0.69 y=3.33 seq=98
1788321957.0 botB PING x=-1.98 y=5.84 seq=188
1788321960.3 botB PING x=-2.02 y=5.74 seq=189
1788321961.3 botB PING x=-2.02 y=5.74 seq=194
1788321966.0 botB PING x=-1.93 y=6.10 seq=199
1788321970.9 botB PING x=-1.50 y=5.29 seq=200
1788321971.9 botB PING x=-1.50 y=5.29 seq=205
1788321976.8 botB PING x=-1.69 y=5.61 seq=210
1788321978.5 botB PING x=-1.68 y=5.61 seq=211
1788321979.5 botB PING x=-1.68 y=5.61 seq=216
1788321983.9 botB PING x=-2.05 y=5.67 seq=220
1788321987.4 botB PING x=-2.38 y=5.89 seq=221
1788322032.6 botB PING x=-2.62 y=5.60 seq=247
1788322054.7 botB PING x=-2.52 y=5.67 seq=255
1788322058.9 botB PING x=-2.47 y=5.54 seq=256
1788322059.9 botB PING x=-2.47 y=5.54 seq=261
1788322066.5 botB PING x=-2.59 y=5.88 seq=266
1788322184.3 botB PING x=-2.49 y=5.10 d11=0.653 seq=7
1788322186.7 botB PING x=-2.48 y=5.35 d11=0.721 seq=8
1788322189.1 botB PING x=-2.46 y=5.60 d11=0.796 seq=9
1788322191.4 botB PING x=-2.44 y=5.83 d11=0.851 seq=10
1788322195.0 botB PING x=-2.34 y=5.94 d11=0.879 seq=11
1788322197.5 botB PING x=-2.33 y=5.95 d11=0.881 seq=12
1788322198.7 botB PING x=-2.33 y=5.95 d11=0.877 seq=13
1788322199.9 botB PING x=-2.33 y=5.95 d11=0.880 seq=14
1788322201.1 botB PING x=-2.33 y=5.95 d11=0.880 seq=15
1788322202.3 botB PING x=-2.33 y=5.95 d11=0.878 seq=16
1788322203.5 botB PING x=-2.33 y=5.95 d11=0.879 seq=17
1788322204.7 botB PING x=-2.33 y=5.95 d11=0.878 seq=18
1788322205.9 botB PING x=-2.33 y=5.95 d11=0.879 seq=19
1788322207.1 botB PING x=-2.33 y=5.95 d11=0.876 seq=20
1788322208.3 botB PING x=-2.33 y=5.95 d11=0.878 seq=21
1788322209.5 botB PING x=-2.33 y=5.95 d11=0.877 seq=22
1788322210.7 botB PING x=-2.33 y=5.95 d11=0.880 seq=23
1788322211.9 botB PING x=-2.33 y=5.95 d11=0.877 seq=24
1788322213.1 botB PING x=-2.33 y=5.95 d11=0.880 seq=25
1788322214.3 botB PING x=-2.33 y=5.95 d11=0.876 seq=26
1788322215.5 botB PING x=-2.33 y=5.95 d11=0.875 seq=27
1788322216.7 botB PING x=-2.33 y=5.95 d11=0.877 seq=28
1788322217.9 botB PING x=-2.33 y=5.95 d11=0.878 seq=29
1788322219.1 botB PING x=-2.33 y=5.95 d11=0.879 seq=30
1788322220.3 botB PING x=-2.33 y=5.95 d11=0.878 seq=31
1788322221.5 botB PING x=-2.32 y=5.95 d11=0.876 seq=32
1788322222.7 botB PING x=-2.32 y=5.95 d11=0.877 seq=33
1788322223.9 botB PING x=-2.33 y=5.95 d11=0.878 seq=34
1788322225.1 botB PING x=-2.33 y=5.95 d11=0.875 seq=35
1788322226.3 botB PING x=-2.33 y=5.95 d11=0.879 seq=36
1788322227.5 botB PING x=-2.33 y=5.95 d11=0.880 seq=37
1788322228.8 botB PING x=-2.32 y=5.95 d11=0.879 seq=38
1788322230.0 botB PING x=-2.30 y=5.96 d11=0.880 seq=39
1788322231.2 botB PING x=-2.30 y=5.96 d11=0.880 seq=40
1788322232.4 botB PING x=-2.30 y=5.96 d11=0.879 seq=41
1788322233.6 botB PING x=-2.30 y=5.96 d11=0.880 seq=42
1788322237.4 botB PING x=-2.30 y=5.96 d11=0.879 seq=0
1788322238.6 botB PING x=-2.30 y=5.96 d11=0.877 seq=1
1788322239.8 botB PING x=-2.30 y=5.96 d11=0.880 seq=2
1788322241.0 botB PING x=-2.30 y=5.96 d11=0.880 seq=3
1788322242.2 botB PING x=-2.30 y=5.96 d11=0.881 seq=4
1788322243.4 botB PING x=-2.30 y=5.96 d11=0.881 seq=5
1788322244.6 botB PING x=-2.30 y=5.96 d11=0.881 seq=6
1788322251.2 botB PING x=-2.58 y=5.57 d11=0.770 seq=7
1788322257.8 botB PING x=-2.59 y=5.81 d11=0.847 seq=8
1788322261.2 botB PING x=-2.49 y=5.93 d11=0.876 seq=9
1788322264.2 botB PING x=-2.37 y=5.98 d11=0.891 seq=10
1788322265.4 botB PING x=-2.36 y=5.99 d11=0.889 seq=11
1788322266.6 botB PING x=-2.36 y=5.99 d11=0.887 seq=12
1788322267.8 botB PING x=-2.36 y=5.99 d11=0.887 seq=13
1788322269.0 botB PING x=-2.36 y=5.99 d11=0.887 seq=14
1788322270.2 botB PING x=-2.36 y=5.99 d11=0.887 seq=15
1788322271.4 botB PING x=-2.36 y=5.99 d11=0.889 seq=16
1788322272.6 botB PING x=-2.36 y=5.99 d11=0.889 seq=17
1788322279.2 botB PING x=-2.64 y=5.60 d11=0.776 seq=18
1788322285.8 botB PING x=-2.65 y=5.85 d11=0.854 seq=19
1788322288.3 botB PING x=-2.65 y=5.87 d11=0.854 seq=20
1788322289.5 botB PING x=-2.65 y=5.87 d11=0.852 seq=21
1788322290.7 botB PING x=-2.65 y=5.87 d11=0.854 seq=22
1788322294.9 botB PING x=-2.38 y=5.90 d11=0.867 seq=23
1788322297.3 botB PING x=-2.13 y=5.91 d11=0.861 seq=24
1788322299.5 botB PING x=-1.93 y=5.93 d11=0.844 seq=25
1788322305.5 botB PING x=-2.16 y=6.01 d11=0.885 seq=26
1788322306.7 botB PING x=-2.18 y=6.02 d11=0.889 seq=27
1788322307.9 botB PING x=-2.18 y=6.02 d11=0.890 seq=28
1788322309.1 botB PING x=-2.18 y=6.02 d11=0.886 seq=29
1788322310.3 botB PING x=-2.18 y=6.02 d11=0.889 seq=30
1788322311.5 botB PING x=-2.18 y=6.02 d11=0.889 seq=31
1788322312.7 botB PING x=-2.18 y=6.02 d11=0.888 seq=32
1788322313.9 botB PING x=-2.18 y=6.02 d11=0.890 seq=33
1788322319.9 botB PING x=-1.84 y=5.87 d11=0.817 seq=34
1788322325.8 botB PING x=-2.09 y=5.94 d11=0.866 seq=35
1788322327.6 botB PING x=-2.21 y=5.98 d11=0.885 seq=36
1788322328.8 botB PING x=-2.23 y=5.98 d11=0.880 seq=37
1788322330.0 botB PING x=-2.23 y=5.98 d11=0.884 seq=38
1788322331.2 botB PING x=-2.23 y=5.98 d11=0.881 seq=39
1788322332.4 botB PING x=-2.23 y=5.98 d11=0.883 seq=40
1788322333.6 botB PING x=-2.23 y=5.98 d11=0.883 seq=41
1788322334.8 botB PING x=-2.23 y=5.98 d11=0.884 seq=42
1788322336.0 botB PING x=-2.23 y=5.98 d11=0.881 seq=43
1788322343.1 botB PING x=-1.79 y=5.67 d11=0.761 seq=44
1788322345.1 botB PING x=-1.78 y=5.66 d11=0.670 seq=0
1788322352.1 botB PING x=-1.90 y=5.94 d11=0.786 seq=1
1788322353.6 botB PING x=-1.97 y=6.10 d11=0.834 seq=2
1788322355.8 botB PING x=-1.97 y=6.12 d11=0.831 seq=3
1788322358.6 botB PING x=-1.97 y=6.12 d11=0.833 seq=5
1788322360.2 botB PING x=-1.97 y=6.12 d11=0.837 seq=7
1788322361.8 botB PING x=-1.97 y=6.12 d11=0.833 seq=9
1788322363.4 botB PING x=-1.97 y=6.12 d11=0.834 seq=11
1788322365.0 botB PING x=-1.97 y=6.12 d11=0.835 seq=13
1788322366.6 botB PING x=-1.97 y=6.12 d11=0.834 seq=15
1788322368.2 botB PING x=-1.97 y=6.12 d11=0.832 seq=17
1788322369.8 botB PING x=-1.97 y=6.12 d11=0.836 seq=19
1788322371.4 botB PING x=-1.97 y=6.12 d11=0.834 seq=21
1788322373.0 botB PING x=-1.97 y=6.12 d11=0.833 seq=23
1788322374.6 botB PING x=-1.97 y=6.12 d11=0.833 seq=25
1788322376.3 botB PING x=-1.97 y=6.12 d11=0.833 seq=27
1788322380.4 botB PING x=-2.27 y=6.16 d11=0.877 seq=29
1788322382.2 botB PING x=-2.32 y=6.17 d11=0.881 seq=31
1788322383.2 botB PING x=-2.36 y=6.18 d11=0.885 seq=32
1788322384.8 botB PING x=-2.38 y=6.18 d11=0.885 seq=34
1788322386.4 botB PING x=-2.38 y=6.18 d11=0.882 seq=36
1788322388.0 botB PING x=-2.38 y=6.18 d11=0.883 seq=38
1788322389.6 botB PING x=-2.38 y=6.18 d11=0.885 seq=40
1788322391.3 botB PING x=-2.38 y=6.18 d11=0.886 seq=42
1788322396.4 botB PING x=-2.20 y=6.06 d11=0.839 seq=43
1788322400.6 botB PING x=-2.19 y=6.05 d11=0.840 seq=44
1788322403.0 botB PING x=-2.24 y=6.10 d11=0.863 seq=45
1788322407.2 botB PING x=-2.25 y=6.11 d11=0.863 seq=47
1788322408.8 botB PING x=-2.25 y=6.11 d11=0.861 seq=49
1788322410.4 botB PING x=-2.25 y=6.11 d11=0.863 seq=51
1788322412.0 botB PING x=-2.25 y=6.11 d11=0.857 seq=53
1788322413.6 botB PING x=-2.25 y=6.11 d11=0.864 seq=55
1788322415.2 botB PING x=-2.25 y=6.11 d11=0.862 seq=57
1788322416.8 botB PING x=-2.25 y=6.11 d11=0.860 seq=59
1788322418.4 botB PING x=-2.25 y=6.11 d11=0.864 seq=61
1788322420.0 botB PING x=-2.25 y=6.11 d11=0.863 seq=63
1788322421.6 botB PING x=-2.25 y=6.11 d11=0.860 seq=65
1788322425.7 botB PING x=-2.25 y=6.11 d11=0.860 seq=67
1788322427.3 botB PING x=-2.25 y=6.11 d11=0.860 seq=69
1788322428.9 botB PING x=-2.25 y=6.11 d11=0.858 seq=71
1788322430.5 botB PING x=-2.25 y=6.11 d11=0.857 seq=73
1788322432.1 botB PING x=-2.25 y=6.11 d11=0.862 seq=75
1788322433.7 botB PING x=-2.25 y=6.11 d11=0.861 seq=77
1788322435.3 botB PING x=-2.25 y=6.11 d11=0.859 seq=79
1788322436.9 botB PING x=-2.25 y=6.11 d11=0.857 seq=81
1788322442.1 botB PING x=-2.31 y=5.96 d11=0.827 seq=83
1788322446.4 botB PING x=-2.12 y=5.86 d11=0.790 seq=84
1788322451.1 botB MSG I am close (my d11~0.88) but cannot find entrance. Describe your room pls
1788322452.1 botB MSG e.g. send: ROOM ranges=... or knock on wall (drive into wall) so I hear via lidar
1788322453.1 botB MSG my frame differs from yours. will keep pinging
1788322458.0 botB PING x=-2.12 y=5.86 d11=0.784 seq=86
1788322463.9 botB PING x=-2.30 y=6.08 d11=0.863 seq=87
1788322466.3 botB PING x=-2.37 y=6.13 d11=0.879 seq=88
1788322467.8 botB PING x=-2.38 y=6.14 d11=0.874 seq=90
1788322469.4 botB PING x=-2.38 y=6.14 d11=0.871 seq=92
1788322471.1 botB PING x=-2.38 y=6.14 d11=0.877 seq=94
1788322472.6 botB PING x=-2.38 y=6.14 d11=0.877 seq=96
1788322474.4 botB PING x=-2.38 y=6.14 d11=0.875 seq=98
1788322476.0 botB PING x=-2.38 y=6.14 d11=0.877 seq=100
1788322477.6 botB PING x=-2.38 y=6.14 d11=0.876 seq=102
1788322479.2 botB PING x=-2.38 y=6.14 d11=0.875 seq=104
1788322480.8 botB PING x=-2.38 y=6.14 d11=0.874 seq=106
1788322482.4 botB PING x=-2.38 y=6.14 d11=0.876 seq=108
1788322484.0 botB PING x=-2.38 y=6.14 d11=0.877 seq=110
1788322485.6 botB PING x=-2.38 y=6.14 d11=0.875 seq=112
1788322487.2 botB PING x=-2.38 y=6.14 d11=0.877 seq=114
1788322489.0 botB PING x=-2.38 y=6.14 d11=0.874 seq=116
1788322493.5 botB PING x=-2.38 y=6.15 d11=0.878 seq=117
1788322495.1 botB PING x=-2.38 y=6.15 d11=0.880 seq=119
1788322496.7 botB PING x=-2.38 y=6.15 d11=0.879 seq=121
1788322498.3 botB PING x=-2.38 y=6.15 d11=0.878 seq=123
1788322499.9 botB PING x=-2.38 y=6.15 d11=0.877 seq=125
1788322501.5 botB PING x=-2.38 y=6.15 d11=0.875 seq=127
1788322503.1 botB PING x=-2.38 y=6.15 d11=0.877 seq=129
1788322508.1 botB PING x=-2.56 y=6.03 d11=0.849 seq=131
1788322513.7 botB PING x=-2.42 y=6.12 d11=0.874 seq=132
1788322516.8 botB PING x=-2.40 y=6.13 d11=0.871 seq=0
1788322519.5 botB PING x=-2.44 y=6.14 d11=0.878 seq=1
1788322521.1 botB PING x=-2.46 y=6.14 d11=0.881 seq=3
1788322522.7 botB PING x=-2.46 y=6.14 d11=0.877 seq=5
1788322529.0 botB PING x=-2.11 y=6.03 d11=0.831 seq=7
1788322534.1 botB PING x=-2.14 y=6.07 d11=0.842 seq=8
1788322537.9 botB PING x=-2.36 y=6.06 d11=0.854 seq=9
1788322542.9 botB PING x=-2.21 y=5.92 d11=0.804 seq=10
1788322548.5 botB PING x=-2.37 y=6.04 d11=0.853 seq=11
1788322553.1 botB PING x=-2.19 y=6.15 d11=0.864 seq=12
1788322558.7 botB PING x=-2.37 y=6.06 d11=0.855 seq=13
1788322563.7 botB PING x=-2.18 y=5.98 d11=0.820 seq=14
1788322570.1 botB PING x=-2.37 y=6.05 d11=0.852 seq=15
1788322575.3 botB PING x=-2.18 y=6.14 d11=0.861 seq=16
1788322580.5 botB PING x=-2.33 y=6.00 d11=0.835 seq=17
1788322584.7 botB PING x=-2.34 y=6.06 d11=0.859 seq=18
1788322588.3 botB PING x=-2.14 y=6.15 d11=0.860 seq=19
1788322593.9 botB PING x=-2.32 y=6.08 d11=0.855 seq=20
1788322597.0 botB PING x=-2.55 y=6.10 d11=0.868 seq=21
1788322602.9 botB PING x=-2.36 y=6.07 d11=0.855 seq=22
1788322605.9 botB PING x=-2.12 y=6.11 d11=0.844 seq=23
1788322611.5 botB PING x=-2.32 y=6.06 d11=0.854 seq=24
1788322614.2 botB REQ please send your lidar: format 'botA ROOM h=<heading> r=<16 ranges csv>'
1788322619.4 botB PING x=-2.63 y=5.69 seq=1
1788322623.9 botB PING x=-2.68 y=6.02 seq=2
1788322640.1 botB PING x=-2.71 y=5.91 seq=5
1788322644.5 botB PING x=-2.09 y=5.98 seq=6
1788322650.0 botB PING x=-2.50 y=6.12 seq=7
1788322653.3 botB PING x=-2.50 y=6.12 seq=8
1788322658.5 botB PING x=-2.66 y=5.64 seq=9
1788322670.8 botB PING x=-2.64 y=5.64 seq=11
1788322686.0 botB PING x=-2.59 y=5.64 seq=13
1788322706.8 botB PING x=-2.71 y=5.90 seq=26
1788322711.7 botB PING x=-2.05 y=5.99 seq=27
1788322715.5 botB PING x=-2.16 y=6.08 seq=28
1788322717.2 botB PING x=-2.33 y=6.15 seq=29
1788322720.6 botB PING x=-2.56 y=5.92 seq=30
1788322722.8 botB PING x=-2.67 y=5.69 seq=31
1788322727.5 botB PING x=-2.67 y=5.95 seq=32
1788322732.2 botB PING x=-2.57 y=5.67 seq=33
1788322737.6 botB PING x=-2.66 y=5.99 seq=34
1788322741.4 botB PING x=-2.65 y=5.99 seq=35
1788322746.7 botB PING x=-2.04 y=6.04 seq=38
1788322748.6 botB PING x=-2.04 y=6.04 seq=39
1788322753.5 botB PING x=-2.47 y=5.97 seq=40
1788322764.6 botB PING x=-2.64 y=5.42 seq=43
1788322768.2 botB PING x=-2.64 y=5.42 seq=44
1788322769.2 botB PING x=-2.64 y=5.42 seq=49
1788322775.5 botB PING x=-2.52 y=5.76 seq=53
1788322779.5 botB PING x=-2.51 y=5.76 seq=54
1788322783.3 botB PING x=-2.51 y=5.73 seq=59
1788322788.0 botB PING x=-2.81 y=5.52 seq=63
1788322794.1 botB PING x=-2.58 y=5.11 seq=64
1788322829.9 botB PING x=-2.47 y=5.97 seq=97
1788322833.2 botB PING x=-2.04 y=6.07 seq=98
1788322836.2 botB PING x=-2.04 y=6.06 seq=99
1788322838.6 botB PING x=-2.31 y=6.16 seq=100
1788322842.0 botB PING x=-2.59 y=5.88 seq=101
1788322844.0 botB PING x=-2.68 y=5.68 seq=102
1788322848.9 botB PING x=-2.68 y=5.97 seq=103
1788322853.5 botB PING x=-2.10 y=5.96 seq=104
1788324732.3 botB PING x=-2.64 y=4.99 d11=0.708 seq=73
1788324734.1 botB PING x=-2.66 y=5.00 d11=0.704 seq=75
1788324735.9 botB PING x=-2.66 y=5.00 d11=0.705 seq=77
1788324737.7 botB PING x=-2.66 y=5.00 d11=0.707 seq=79
1788324739.5 botB PING x=-2.66 y=5.00 d11=0.690 seq=81
1788325609.9 botB PING x=-3.36 y=5.53 d11=0.642 seq=176
1788325612.0 botB PING x=-3.51 y=5.90 d11=0.761 seq=177
1788325614.1 botB PING x=-3.85 y=6.19 d11=0.837 seq=178
1788325616.2 botB PING x=-4.22 y=6.23 d11=0.774 seq=179
1788325618.3 botB PING x=-4.36 y=6.00 d11=0.686 seq=180
1788325620.5 botB PING x=-4.22 y=5.73 d11=0.644 seq=181
1788325622.6 botB PING x=-4.16 y=6.01 d11=0.733 seq=182
1788325624.7 botB PING x=-3.89 y=6.13 d11=0.762 seq=183
1788325626.8 botB PING x=-3.64 y=6.10 d11=0.763 seq=184
1788325628.9 botB PING x=-3.65 y=6.23 d11=0.792 seq=185
1788325631.0 botB PING x=-4.07 y=6.14 d11=0.751 seq=186
1788325633.1 botB PING x=-4.33 y=5.91 d11=0.697 seq=187
1788325639.4 botB PING x=-4.29 y=5.89 d11=0.693 seq=190
1788325641.5 botB PING x=-4.15 y=6.17 d11=0.772 seq=191
1788325643.6 botB PING x=-3.75 y=6.17 d11=0.783 seq=192
1788325645.7 botB PING x=-3.62 y=6.19 d11=0.788 seq=193
1788325647.8 botB PING x=-3.90 y=6.21 d11=0.790 seq=194
1788325649.9 botB PING x=-4.28 y=6.01 d11=0.715 seq=195
1788325656.2 botB PING x=-4.24 y=5.73 d11=0.651 seq=198
1788325658.3 botB PING x=-4.26 y=6.05 d11=0.731 seq=199
1788325660.4 botB PING x=-3.98 y=6.23 d11=0.783 seq=200
1788325662.5 botB PING x=-3.65 y=6.16 d11=0.782 seq=201
1788325664.6 botB PING x=-3.65 y=6.25 d11=0.847 seq=202
1788325666.7 botB PING x=-4.07 y=6.16 d11=0.824 seq=203
1788325742.7 botB PING x=-4.17 y=5.44 d11=0.778 seq=0
1788325744.9 botB PING x=-4.28 y=5.58 d11=0.792 seq=2
1788325747.1 botB PING x=-4.31 y=5.36 d11=0.734 seq=3
1788325749.2 botB PING x=-4.15 y=5.10 d11=0.687 seq=4
1788325751.2 botB PING x=-4.09 y=5.37 d11=0.769 seq=5
1788325753.3 botB PING x=-3.83 y=5.52 d11=0.800 seq=6
1788325755.5 botB PING x=-3.61 y=5.53 d11=0.814 seq=7
1788325757.6 botB PING x=-3.76 y=5.58 d11=0.821 seq=8
1788325759.7 botB PING x=-4.16 y=5.38 d11=0.757 seq=9
1788325761.8 botB PING x=-4.31 y=5.10 d11=0.663 seq=10
1788325766.0 botB PING x=-4.16 y=4.92 d11=0.655 seq=12
1788325768.1 botB PING x=-4.27 y=5.27 d11=0.743 seq=13
1788325770.2 botB PING x=-4.09 y=5.54 d11=0.800 seq=14
1788325772.3 botB PING x=-4.02 y=5.65 d11=0.847 seq=15
1788325774.4 botB PING x=-4.29 y=5.49 d11=0.776 seq=16
1788325776.5 botB PING x=-4.24 y=5.12 d11=0.679 seq=17
1788325778.6 botB PING x=-4.13 y=5.10 d11=0.696 seq=18
1788325780.7 botB PING x=-4.03 y=5.45 d11=0.824 seq=19
1788325782.8 botB PING x=-3.67 y=5.42 d11=0.819 seq=20
1788325784.9 botB PING x=-3.58 y=5.53 d11=0.840 seq=21
1788325787.0 botB PING x=-3.85 y=5.53 d11=0.839 seq=22
1788325789.1 botB PING x=-4.22 y=5.35 d11=0.763 seq=23
1788325791.2 botB PING x=-4.28 y=4.98 d11=0.662 seq=24
1788325795.4 botB PING x=-4.19 y=5.04 d11=0.695 seq=26
1788325797.5 botB PING x=-4.22 y=5.38 d11=0.788 seq=27
1788325799.6 botB PING x=-3.94 y=5.55 d11=0.841 seq=28
1788325801.7 botB PING x=-3.60 y=5.48 d11=0.811 seq=29
1788325806.5 botB PING x=-3.56 y=5.54 d11=0.843 seq=30
1788325808.6 botB PING x=-3.48 y=5.57 d11=0.853 seq=31
1788325810.7 botB PING x=-3.67 y=5.57 d11=0.846 seq=32
1788325812.8 botB PING x=-4.04 y=5.33 d11=0.784 seq=33
1788325814.9 botB PING x=-4.28 y=5.13 d11=0.708 seq=34
1788325819.1 botB PING x=-4.10 y=4.80 d11=0.643 seq=36
1788325821.2 botB PING x=-4.24 y=5.19 d11=0.727 seq=37
1788325823.3 botB PING x=-4.11 y=5.50 d11=0.810 seq=38
1788325825.4 botB PING x=-3.74 y=5.53 d11=0.846 seq=39
1788325827.6 botB PING x=-3.55 y=5.51 d11=0.823 seq=40
1788325829.7 botB PING x=-3.76 y=5.56 d11=0.846 seq=41
1788325831.7 botB PING x=-4.16 y=5.38 d11=0.779 seq=42
1788325833.8 botB PING x=-4.30 y=5.04 d11=0.684 seq=43
1788325838.1 botB PING x=-4.11 y=4.93 d11=0.683 seq=45
1788325840.2 botB PING x=-4.21 y=5.29 d11=0.760 seq=46
1788325842.3 botB PING x=-4.00 y=5.52 d11=0.842 seq=47
1788325844.4 botB PING x=-3.63 y=5.48 d11=0.828 seq=48
1788325846.5 botB PING x=-3.58 y=5.55 d11=0.833 seq=49
1788325848.6 botB PING x=-3.93 y=5.51 d11=0.817 seq=50
1788325850.7 botB PING x=-4.23 y=5.30 d11=0.741 seq=51
1788325857.0 botB PING x=-4.19 y=5.07 d11=0.700 seq=54
1788325859.1 botB PING x=-4.17 y=5.41 d11=0.787 seq=55
1788325861.2 botB PING x=-3.86 y=5.55 d11=0.840 seq=56
1788325863.3 botB PING x=-3.57 y=5.49 d11=0.809 seq=57
1788325865.4 botB PING x=-3.64 y=5.58 d11=0.845 seq=58
1788325952.9 botB PING x=-3.33 y=5.47 d11=0.690 seq=25
1788325957.1 botB PING x=-3.70 y=6.02 d11=0.840 seq=26
1788325959.4 botB PING x=-4.00 y=6.04 d11=0.811 seq=28
1788325961.5 botB PING x=-4.05 y=5.75 d11=0.722 seq=29
1788325963.6 botB PING x=-3.91 y=5.58 d11=0.709 seq=30
1788325965.7 botB PING x=-3.78 y=5.87 d11=0.781 seq=31
1788325967.9 botB PING x=-3.39 y=5.85 d11=0.775 seq=32
1788325970.0 botB PING x=-3.28 y=5.90 d11=0.808 seq=33
1788325972.1 botB PING x=-3.49 y=6.07 d11=0.848 seq=34
1788325974.2 botB PING x=-3.90 y=5.92 d11=0.788 seq=35
1788325976.3 botB PING x=-4.04 y=5.63 d11=0.701 seq=36
1788325980.5 botB PING x=-3.88 y=5.46 d11=0.675 seq=38
1788325982.6 botB PING x=-3.99 y=5.82 d11=0.768 seq=39
1788325984.7 botB PING x=-3.78 y=6.06 d11=0.842 seq=40
1788325986.8 botB PING x=-3.38 y=6.01 d11=0.826 seq=41
1788325988.9 botB PING x=-3.31 y=6.07 d11=0.843 seq=42
1788325991.0 botB PING x=-3.64 y=6.06 d11=0.824 seq=43
1788325993.1 botB PING x=-3.97 y=5.86 d11=0.763 seq=44
1788325995.2 botB PING x=-4.04 y=5.44 d11=0.649 seq=45
1788325999.4 botB PING x=-3.91 y=5.58 d11=0.698 seq=47
1788326001.5 botB PING x=-3.92 y=5.91 d11=0.793 seq=48
1788326003.6 botB PING x=-3.62 y=6.04 d11=0.844 seq=49
1788326005.7 botB PING x=-3.33 y=5.98 d11=0.836 seq=50
1788326007.8 botB PING x=-3.40 y=6.07 d11=0.860 seq=51
1788326009.9 botB PING x=-3.82 y=5.97 d11=0.824 seq=52
1788326012.0 botB PING x=-4.03 y=5.71 d11=0.733 seq=53
1788326016.2 botB PING x=-3.84 y=5.36 d11=0.641 seq=55
1788326034.7 botB PING x=-3.82 y=5.87 d11=0.776 seq=59
1788326036.9 botB PING x=-3.56 y=6.00 d11=0.815 seq=61
1788326039.0 botB PING x=-3.31 y=5.97 d11=0.805 seq=62
1788326041.1 botB PING x=-3.38 y=6.05 d11=0.825 seq=63
1788326043.2 botB PING x=-3.80 y=5.91 d11=0.786 seq=64
1788326045.3 botB PING x=-4.00 y=5.66 d11=0.697 seq=65
1788326066.0 botB PING x=-4.03 y=5.50 d11=0.692 seq=79
1788326067.8 botB PING x=-4.04 y=5.53 d11=0.696 seq=81
1788326069.6 botB PING x=-4.04 y=5.53 d11=0.693 seq=83
1788326071.4 botB PING x=-4.04 y=5.53 d11=0.683 seq=85
1788326076.0 botB PING x=-4.03 y=5.52 d11=0.665 seq=86
1788326080.0 botB PING x=-4.04 y=5.52 d11=0.667 seq=87
1788326082.1 botB PING x=-4.04 y=5.52 d11=0.662 seq=88
1788326083.9 botB PING x=-4.04 y=5.52 d11=0.665 seq=90
1788326092.4 botB PING x=-4.03 y=5.87 d11=0.755 seq=92
1788326094.6 botB PING x=-4.13 y=5.93 d11=0.759 seq=94
1788326096.7 botB PING x=-3.96 y=5.67 d11=0.708 seq=95
1788326098.8 botB PING x=-3.73 y=5.82 d11=0.775 seq=96
1788326100.9 botB PING x=-3.36 y=5.83 d11=0.767 seq=97
1788326103.0 botB PING x=-3.22 y=5.84 d11=0.776 seq=98
1788326105.1 botB PING x=-3.38 y=6.06 d11=0.836 seq=99
1788326107.2 botB PING x=-3.79 y=5.93 d11=0.782 seq=100
1788326109.3 botB PING x=-3.98 y=5.66 d11=0.696 seq=101
1788326117.3 botB PING x=-4.03 y=5.83 d11=0.746 seq=103
1788326121.2 botB PING x=-3.82 y=6.02 d11=0.838 seq=104
1788326123.4 botB PING x=-3.83 y=6.11 d11=0.855 seq=106
1788326125.5 botB PING x=-3.99 y=5.89 d11=0.783 seq=107
1788326127.6 botB PING x=-3.85 y=5.55 d11=0.705 seq=108
1788326129.7 botB PING x=-3.77 y=5.72 d11=0.762 seq=109
1788326131.9 botB PING x=-3.59 y=5.93 d11=0.833 seq=110
1788326133.9 botB PING x=-3.29 y=5.86 d11=0.802 seq=111
1788326136.0 botB PING x=-3.26 y=6.02 d11=0.852 seq=112
1788326138.2 botB PING x=-3.61 y=5.96 d11=0.830 seq=113
1788326140.2 botB PING x=-3.93 y=5.79 d11=0.751 seq=114
1788326142.4 botB PING x=-3.94 y=5.36 d11=0.651 seq=115
1788326146.6 botB PING x=-3.91 y=5.58 d11=0.719 seq=117
1788326148.7 botB PING x=-3.86 y=5.91 d11=0.806 seq=118
1788326152.6 botB PING x=-3.72 y=5.91 d11=0.822 seq=119
1788326154.7 botB PING x=-3.56 y=5.74 d11=0.782 seq=120
1788326156.7 botB PING x=-3.35 y=5.46 d11=0.783 seq=121
1788326158.9 botB PING x=-3.15 y=5.20 d11=0.789 seq=122
1788326161.0 botB PING x=-2.93 y=4.93 d11=0.778 seq=123
1788326163.1 botB PING x=-2.72 y=4.67 d11=0.780 seq=124
1788326165.2 botB PING x=-2.49 y=4.39 d11=0.785 seq=125
1788326167.3 botB PING x=-2.29 y=4.15 d11=0.787 seq=126
1788326169.4 botB PING x=-2.07 y=3.88 d11=0.783 seq=127
1788326171.5 botB PING x=-1.86 y=3.61 d11=0.767 seq=128
1788326173.6 botB PING x=-1.65 y=3.34 d11=0.779 seq=129
1788326175.7 botB PING x=-1.44 y=3.07 d11=0.791 seq=130
1788326177.8 botB PING x=-1.24 y=2.81 d11=0.797 seq=131
1788326179.9 botB PING x=-1.03 y=2.55 d11=0.788 seq=132
1788326182.0 botB PING x=-0.82 y=2.28 d11=0.794 seq=133
1788326184.1 botB PING x=-0.61 y=2.00 d11=0.770 seq=134
1788326186.2 botB PING x=-0.40 y=1.74 d11=0.763 seq=135
1788326188.3 botB PING x=-0.19 y=1.47 d11=0.778 seq=136
1788326190.4 botB PING x=0.02 y=1.23 d11=0.771 seq=137
1788326192.5 botB PING x=0.23 y=0.95 d11=0.771 seq=138
1788326194.6 botB PING x=0.45 y=0.69 d11=0.764 seq=139
1788326196.7 botB PING x=0.66 y=0.41 d11=0.766 seq=140
1788326198.8 botB PING x=0.86 y=0.16 d11=0.767 seq=141
1788326200.9 botB PING x=1.08 y=-0.12 d11=0.770 seq=142
1788326203.0 botB PING x=1.28 y=-0.39 d11=0.764 seq=143
1788326205.2 botB PING x=1.48 y=-0.64 d11=0.764 seq=144
1788326207.3 botB PING x=1.71 y=-0.92 d11=0.772 seq=145
1788326209.4 botB PING x=1.91 y=-1.17 d11=0.763 seq=146
1788326211.5 botB PING x=2.12 y=-1.45 d11=0.761 seq=147
1788326213.6 botB PING x=2.33 y=-1.72 d11=0.770 seq=148
1788326215.7 botB PING x=2.53 y=-1.96 d11=0.765 seq=149
1788326217.8 botB PING x=2.75 y=-2.24 d11=0.775 seq=150
1788326219.9 botB PING x=2.96 y=-2.51 d11=0.768 seq=151
1788326222.0 botB PING x=3.15 y=-2.78 d11=0.758 seq=152
1788326224.1 botB PING x=3.37 y=-3.06 d11=0.763 seq=153
1788326226.2 botB PING x=3.57 y=-3.31 d11=0.770 seq=154
1788326228.3 botB PING x=3.78 y=-3.58 d11=0.767 seq=155
1788326230.4 botB PING x=3.99 y=-3.85 d11=0.773 seq=156
1788326232.5 botB PING x=4.19 y=-4.10 d11=0.801 seq=157
1788326234.6 botB PING x=4.41 y=-4.38 d11=0.797 seq=158
1788326236.7 botB PING x=4.62 y=-4.66 d11=0.785 seq=159
1788326238.8 botB PING x=4.82 y=-4.91 d11=0.788 seq=160
1788326240.9 botB PING x=5.04 y=-5.19 d11=0.776 seq=161
1788326243.0 botB PING x=5.24 y=-5.44 d11=0.767 seq=162
1788326245.1 botB PING x=5.46 y=-5.72 d11=0.776 seq=163
1788326247.2 botB PING x=5.66 y=-5.99 d11=0.768 seq=164
1788326249.3 botB PING x=5.86 y=-6.23 d11=0.770 seq=165
1788326251.4 botB PING x=6.09 y=-6.52 d11=0.772 seq=166
1788326253.5 botB PING x=6.29 y=-6.77 d11=0.766 seq=167
1788326255.6 botB PING x=6.50 y=-7.04 d11=0.760 seq=168
1788326257.7 botB PING x=6.73 y=-7.31 d11=0.766 seq=169
1788326259.8 botB PING x=6.92 y=-7.56 d11=0.772 seq=170
1788326261.9 botB PING x=7.14 y=-7.83 d11=0.769 seq=171
1788326264.0 botB PING x=7.36 y=-8.10 d11=0.768 seq=172
1788326266.2 botB PING x=7.57 y=-8.37 d11=0.763 seq=173
1788326268.3 botB PING x=7.77 y=-8.62 d11=0.770 seq=174
1788326270.4 botB PING x=7.98 y=-8.90 d11=0.765 seq=175
1788326272.5 botB PING x=8.18 y=-9.17 d11=0.774 seq=176
1788326274.6 botB PING x=8.40 y=-9.44 d11=0.772 seq=177
1788326276.7 botB PING x=8.61 y=-9.70 d11=0.766 seq=178
1788326278.8 botB PING x=8.82 y=-9.98 d11=0.764 seq=179
1788326280.9 botB PING x=9.02 y=-10.23 d11=0.778 seq=180
1788326283.0 botB PING x=9.22 y=-10.49 d11=0.771 seq=181
1788326285.1 botB PING x=9.44 y=-10.77 d11=0.770 seq=182
1788326287.2 botB PING x=9.65 y=-11.04 d11=0.769 seq=183
1788326289.3 botB PING x=9.85 y=-11.29 d11=0.789 seq=184
1788326291.4 botB PING x=10.06 y=-11.58 d11=0.793 seq=185
1788326293.5 botB PING x=10.26 y=-11.84 d11=0.793 seq=186
1788326295.6 botB PING x=10.48 y=-12.11 d11=0.792 seq=187
1788326297.7 botB PING x=10.68 y=-12.37 d11=0.797 seq=188
1788326299.8 botB PING x=10.89 y=-12.65 d11=0.779 seq=189
1788326301.9 botB PING x=11.08 y=-12.91 d11=0.775 seq=190
1788326304.0 botB PING x=11.30 y=-13.19 d11=0.777 seq=191
1788326306.1 botB PING x=11.51 y=-13.44 d11=0.776 seq=192
1788326308.2 botB PING x=11.72 y=-13.72 d11=0.769 seq=193
1788326310.3 botB PING x=11.92 y=-13.99 d11=0.773 seq=194
1788326312.4 botB PING x=12.13 y=-14.26 d11=0.772 seq=195
1788326314.6 botB PING x=12.33 y=-14.51 d11=0.771 seq=196
1788326316.6 botB PING x=12.56 y=-14.78 d11=0.779 seq=197
1788326318.7 botB PING x=12.77 y=-15.05 d11=0.772 seq=198
1788326320.9 botB PING x=12.97 y=-15.30 d11=0.770 seq=199
1788326322.9 botB PING x=13.19 y=-15.58 d11=0.769 seq=200
1788326325.1 botB PING x=13.39 y=-15.84 d11=0.782 seq=201
1788326327.2 botB PING x=13.61 y=-16.12 d11=0.779 seq=202
1788326329.3 botB PING x=13.81 y=-16.37 d11=0.771 seq=203
1788326331.4 botB PING x=14.03 y=-16.65 d11=0.772 seq=204
1788326333.5 botB PING x=14.24 y=-16.91 d11=0.770 seq=205
1788326335.6 botB PING x=14.45 y=-17.19 d11=0.777 seq=206
1788326337.7 botB PING x=14.66 y=-17.44 d11=0.774 seq=207
1788326339.8 botB PING x=14.88 y=-17.71 d11=0.774 seq=208
1788326341.9 botB PING x=15.09 y=-17.96 d11=0.782 seq=209
1788326344.0 botB PING x=15.29 y=-18.23 d11=0.778 seq=210
1788326346.1 botB PING x=15.51 y=-18.50 d11=0.793 seq=211
1788326348.2 botB PING x=15.72 y=-18.77 d11=0.789 seq=212
1788326350.3 botB PING x=15.92 y=-19.03 d11=0.785 seq=213
1788326352.4 botB PING x=16.12 y=-19.29 d11=0.801 seq=214
1788326354.5 botB PING x=16.33 y=-19.55 d11=0.783 seq=215
1788326356.6 botB PING x=16.56 y=-19.82 d11=0.773 seq=216
1788326358.7 botB PING x=16.77 y=-20.09 d11=0.783 seq=217
1788326360.8 botB PING x=16.98 y=-20.34 d11=0.767 seq=218
1788326362.9 botB PING x=17.18 y=-20.62 d11=0.778 seq=219
1788326365.0 botB PING x=17.38 y=-20.89 d11=0.768 seq=220
1788326367.1 botB PING x=17.60 y=-21.16 d11=0.782 seq=221
1788326369.2 botB PING x=17.82 y=-21.41 d11=0.776 seq=222
1788326371.4 botB PING x=18.04 y=-21.68 d11=0.781 seq=223
1788326373.5 botB PING x=18.25 y=-21.94 d11=0.775 seq=224
1788326375.6 botB PING x=18.46 y=-22.21 d11=0.777 seq=225
1788326377.7 botB PING x=18.67 y=-22.48 d11=0.776 seq=226
1788326379.8 botB PING x=18.86 y=-22.74 d11=0.778 seq=227
1788326381.9 botB PING x=19.09 y=-23.01 d11=0.777 seq=228
1788326384.0 botB PING x=19.29 y=-23.26 d11=0.775 seq=229
1788326386.1 botB PING x=19.51 y=-23.54 d11=0.771 seq=230
1788326388.2 botB PING x=19.72 y=-23.80 d11=0.778 seq=231
1788326390.3 botB PING x=19.93 y=-24.05 d11=0.779 seq=232
1788326392.4 botB PING x=20.15 y=-24.33 d11=0.777 seq=233
1788326394.5 botB PING x=20.36 y=-24.59 d11=0.773 seq=234
1788326396.6 botB PING x=20.56 y=-24.85 d11=0.776 seq=235
1788326398.7 botB PING x=20.78 y=-25.11 d11=0.777 seq=236
1788326400.8 botB PING x=21.00 y=-25.40 d11=0.772 seq=237
1788326402.9 botB PING x=21.19 y=-25.64 d11=0.778 seq=238
1788326405.0 botB PING x=21.42 y=-25.91 d11=0.775 seq=239
1788326407.1 botB PING x=21.63 y=-26.18 d11=0.785 seq=240
1788326409.2 botB PING x=21.83 y=-26.44 d11=0.784 seq=241
1788326411.3 botB PING x=22.05 y=-26.71 d11=0.778 seq=242
1788326413.4 botB PING x=22.26 y=-26.97 d11=0.770 seq=243
1788326415.5 botB PING x=22.47 y=-27.24 d11=0.778 seq=244
1788326417.6 botB PING x=22.67 y=-27.49 d11=0.775 seq=245
1788326419.7 botB PING x=22.89 y=-27.77 d11=0.764 seq=246
1788326421.9 botB PING x=23.09 y=-28.04 d11=0.769 seq=247
1788326423.9 botB PING x=23.29 y=-28.30 d11=0.767 seq=248
1788326426.1 botB PING x=23.50 y=-28.56 d11=0.774 seq=249
1788326428.2 botB PING x=23.72 y=-28.84 d11=0.778 seq=250
1788326430.3 botB PING x=23.92 y=-29.11 d11=0.776 seq=251
1788326432.4 botB PING x=24.13 y=-29.38 d11=0.778 seq=252
1788326434.5 botB PING x=24.34 y=-29.63 d11=0.779 seq=253
1788326436.6 botB PING x=24.56 y=-29.90 d11=0.775 seq=254
1788326438.7 botB PING x=24.76 y=-30.17 d11=0.776 seq=255
1788326440.8 botB PING x=24.97 y=-30.44 d11=0.777 seq=256
1788326442.9 botB PING x=25.18 y=-30.69 d11=0.785 seq=257
1788326445.0 botB PING x=25.40 y=-30.97 d11=0.772 seq=258
1788326447.1 botB PING x=25.59 y=-31.23 d11=0.768 seq=259
1788326449.2 botB PING x=25.81 y=-31.49 d11=0.775 seq=260
1788326451.3 botB PING x=26.03 y=-31.78 d11=0.775 seq=261
1788326453.4 botB PING x=26.22 y=-32.03 d11=0.764 seq=262
1788326455.5 botB PING x=26.44 y=-32.30 d11=0.781 seq=263
1788326457.6 botB PING x=26.65 y=-32.57 d11=0.778 seq=264
1788326464.8 botB PING x=26.37 y=-33.00 d11=0.649 seq=0
1788326469.8 botB PING x=26.42 y=-32.96 d11=0.655 seq=1
1788326471.9 botB PING x=26.44 y=-32.95 d11=0.654 seq=2
1788326473.7 botB PING x=26.44 y=-32.94 d11=0.653 seq=4
1788326475.5 botB PING x=26.44 y=-32.94 d11=0.654 seq=6
1788326477.3 botB PING x=26.44 y=-32.95 d11=0.658 seq=8
1788326479.1 botB PING x=26.44 y=-32.94 d11=0.655 seq=10
1788326480.9 botB PING x=26.44 y=-32.94 d11=0.657 seq=12
1788326501.6 botB PING x=26.54 y=-32.63 d11=0.751 seq=16
1788326503.8 botB PING x=26.80 y=-32.49 d11=0.793 seq=18
1788326505.9 botB PING x=27.08 y=-32.59 d11=0.765 seq=19
1788326508.0 botB PING x=27.10 y=-32.39 d11=0.815 seq=20
1788326510.1 botB PING x=26.74 y=-32.39 d11=0.815 seq=21
1788326512.2 botB PING x=26.40 y=-32.57 d11=0.766 seq=22
1788326514.4 botB PING x=26.38 y=-32.97 d11=0.659 seq=23
1788326516.4 botB PING x=26.52 y=-33.11 d11=0.643 seq=24
1788326518.5 botB PING x=26.42 y=-32.80 d11=0.708 seq=25
1788326520.6 botB PING x=26.44 y=-32.49 d11=0.811 seq=26
1788326522.8 botB PING x=26.64 y=-32.32 d11=0.858 seq=27
1788326524.9 botB PING x=26.53 y=-32.28 d11=0.814 seq=28
1788326527.0 botB PING x=26.35 y=-32.57 d11=0.723 seq=29
1788326529.1 botB PING x=26.46 y=-32.85 d11=0.675 seq=30
1788326531.2 botB PING x=26.55 y=-32.59 d11=0.754 seq=31
1788326533.3 botB PING x=26.81 y=-32.45 d11=0.781 seq=32
1788326535.4 botB PING x=27.09 y=-32.53 d11=0.759 seq=33
1788326537.5 botB PING x=27.06 y=-32.33 d11=0.806 seq=34
1788326539.6 botB PING x=26.69 y=-32.38 d11=0.798 seq=35
1788326541.7 botB PING x=26.39 y=-32.58 d11=0.725 seq=36
1788326551.8 botB PING x=26.49 y=-32.49 d11=0.766 seq=39
1788326554.1 botB PING x=26.36 y=-32.37 d11=0.782 seq=41
1788326556.2 botB PING x=26.38 y=-32.65 d11=0.717 seq=42
1788326558.3 botB PING x=26.55 y=-32.83 d11=0.670 seq=43
1788326560.4 botB PING x=26.60 y=-32.51 d11=0.774 seq=44
1788326562.5 botB PING x=26.89 y=-32.44 d11=0.801 seq=45
1788326564.6 botB PING x=27.09 y=-32.44 d11=0.786 seq=46
1788326566.7 botB PING x=26.91 y=-32.35 d11=0.818 seq=47
1788326568.9 botB PING x=26.50 y=-32.48 d11=0.745 seq=48
1788326585.3 botB PING x=26.45 y=-32.52 d11=0.782 seq=51
1788326587.6 botB PING x=26.35 y=-32.39 d11=0.797 seq=53
1788326589.7 botB PING x=26.37 y=-32.64 d11=0.732 seq=54
1788326591.8 botB PING x=26.56 y=-32.84 d11=0.699 seq=55
1788326593.9 botB PING x=26.64 y=-32.56 d11=0.787 seq=56
1788326596.0 botB PING x=26.99 y=-32.54 d11=0.780 seq=57
1788326598.1 botB PING x=27.14 y=-32.51 d11=0.799 seq=58
1788326600.2 botB PING x=26.98 y=-32.37 d11=0.831 seq=59
1788326602.3 botB PING x=26.57 y=-32.53 d11=0.784 seq=60
1788326604.4 botB PING x=26.38 y=-32.79 d11=0.698 seq=61
1788326608.6 botB PING x=26.54 y=-33.06 d11=0.647 seq=63
1788326610.8 botB PING x=26.39 y=-32.72 d11=0.734 seq=64
1788326612.8 botB PING x=26.55 y=-32.43 d11=0.820 seq=65
1788326614.9 botB PING x=26.64 y=-32.31 d11=0.854 seq=66
1788326617.0 botB PING x=26.39 y=-32.44 d11=0.789 seq=67
1788326619.1 botB PING x=26.42 y=-32.82 d11=0.692 seq=68
1788326621.2 botB PING x=26.54 y=-32.88 d11=0.699 seq=69
1788326623.4 botB PING x=26.61 y=-32.52 d11=0.799 seq=70
1788326625.5 botB PING x=26.96 y=-32.50 d11=0.798 seq=71
1788326627.6 botB PING x=27.12 y=-32.47 d11=0.811 seq=72
1788326629.7 botB PING x=26.88 y=-32.40 d11=0.835 seq=73
1788326631.8 botB PING x=26.46 y=-32.55 d11=0.787 seq=74
1788326633.9 botB PING x=26.43 y=-32.85 d11=0.707 seq=75
1788326636.0 botB PING x=26.55 y=-32.96 d11=0.692 seq=76
1788326638.1 botB PING x=26.55 y=-32.59 d11=0.771 seq=77
1788326640.2 botB PING x=26.83 y=-32.45 d11=0.823 seq=78
1788326642.3 botB PING x=27.07 y=-32.48 d11=0.809 seq=79
1788326644.4 botB PING x=27.00 y=-32.36 d11=0.837 seq=80
1788326659.3 botB PING x=27.06 y=-32.71 d11=0.750 seq=82
1788326661.4 botB PING x=26.81 y=-32.45 d11=0.819 seq=83
1788326663.7 botB PING x=26.48 y=-32.44 d11=0.799 seq=85
1788326665.8 botB PING x=26.42 y=-32.72 d11=0.716 seq=86
1788326667.9 botB PING x=26.56 y=-32.88 d11=0.701 seq=87
1788326670.0 botB PING x=26.63 y=-32.58 d11=0.784 seq=88
1788326672.1 botB PING x=26.98 y=-32.56 d11=0.787 seq=89
1788326674.2 botB PING x=27.14 y=-32.49 d11=0.806 seq=90
1788326676.3 botB PING x=26.93 y=-32.41 d11=0.821 seq=91
1788326678.4 botB PING x=26.53 y=-32.58 d11=0.777 seq=92
1788326680.5 botB PING x=26.42 y=-32.89 d11=0.674 seq=93
1788326687.0 botB PING x=26.43 y=-32.93 d11=0.697 seq=95
1788326688.8 botB PING x=26.42 y=-32.90 d11=0.695 seq=97
1788326690.6 botB PING x=26.42 y=-32.90 d11=0.695 seq=99
1788326692.4 botB PING x=26.42 y=-32.90 d11=0.697 seq=101
1788326694.2 botB PING x=26.42 y=-32.90 d11=0.685 seq=103
1788326696.0 botB PING x=26.42 y=-32.90 d11=0.683 seq=105
1788326767.4 botB PING x=26.68 y=-32.54 d11=0.808 seq=146
1788326769.7 botB PING x=26.64 y=-32.39 d11=0.843 seq=148
1788326771.8 botB PING x=26.40 y=-32.56 d11=0.768 seq=149
1788326773.9 botB PING x=26.54 y=-32.91 d11=0.699 seq=150
1788326776.0 botB PING x=26.62 y=-32.74 d11=0.756 seq=151
1788326778.1 botB PING x=26.81 y=-32.52 d11=0.817 seq=152
1788326780.2 botB PING x=27.09 y=-32.57 d11=0.808 seq=153
1788326782.3 botB PING x=27.14 y=-32.44 d11=0.834 seq=154
1788326784.4 botB PING x=26.73 y=-32.49 d11=0.823 seq=155
1788326786.5 botB PING x=26.45 y=-32.71 d11=0.745 seq=156
1788326790.7 botB PING x=26.60 y=-33.14 d11=0.638 seq=158
1788326792.8 botB PING x=26.48 y=-32.78 d11=0.739 seq=159
1788326794.9 botB PING x=26.62 y=-32.50 d11=0.820 seq=160
1788326797.0 botB PING x=26.71 y=-32.38 d11=0.842 seq=161
1788326799.1 botB PING x=26.43 y=-32.48 d11=0.806 seq=162
1788326801.2 botB PING x=26.47 y=-32.86 d11=0.723 seq=163
1788326803.3 botB PING x=26.59 y=-32.91 d11=0.718 seq=164
1788326805.4 botB PING x=26.66 y=-32.55 d11=0.819 seq=165
1788326824.1 botB PING x=27.09 y=-32.66 d11=0.735 seq=168
1788326825.5 botB PING x=26.99 y=-32.54 d11=0.768 seq=169
1788326827.8 botB PING x=26.65 y=-32.43 d11=0.785 seq=171
1788326829.9 botB PING x=26.41 y=-32.60 d11=0.718 seq=172
1788326832.0 botB PING x=26.55 y=-32.95 d11=0.643 seq=173
1788326834.1 botB PING x=26.63 y=-32.78 d11=0.709 seq=174
1788326836.2 botB PING x=26.82 y=-32.56 d11=0.761 seq=175
1788326838.3 botB PING x=27.10 y=-32.60 d11=0.758 seq=176
1788326840.4 botB PING x=27.14 y=-32.47 d11=0.783 seq=177
1788326842.5 botB PING x=26.74 y=-32.53 d11=0.775 seq=178
1788326844.6 botB PING x=26.45 y=-32.70 d11=0.702 seq=179
1788326855.7 botB PING x=26.47 y=-32.98 d11=0.637 seq=185
1788326857.4 botB PING x=26.47 y=-32.98 d11=0.678 seq=187
1788326859.3 botB PING x=26.47 y=-32.98 d11=0.689 seq=189
1788326861.1 botB PING x=26.47 y=-32.98 d11=0.692 seq=191
1788326909.5 botB PING x=26.59 y=-32.56 d11=0.796 seq=212
1788326911.8 botB PING x=26.44 y=-32.48 d11=0.805 seq=214
1788326913.9 botB PING x=26.48 y=-32.76 d11=0.727 seq=215
1788326916.0 botB PING x=26.65 y=-32.91 d11=0.729 seq=216
1788326918.1 botB PING x=26.77 y=-32.63 d11=0.806 seq=217
1788326920.2 botB PING x=27.14 y=-32.71 d11=0.778 seq=218
1788326922.3 botB PING x=27.22 y=-32.55 d11=0.822 seq=219
1788326924.4 botB PING x=26.97 y=-32.46 d11=0.845 seq=220
1788326926.5 botB PING x=26.57 y=-32.65 d11=0.784 seq=221
1788326928.6 botB PING x=26.43 y=-32.98 d11=0.679 seq=222
1788326936.5 botB PING x=26.66 y=-32.60 d11=0.802 seq=224
1788326938.8 botB PING x=26.59 y=-32.47 d11=0.822 seq=226
1788326940.9 botB PING x=26.45 y=-32.68 d11=0.746 seq=227
1788326943.0 botB PING x=26.60 y=-32.97 d11=0.699 seq=228
1788326945.1 botB PING x=26.67 y=-32.73 d11=0.774 seq=229
1788326947.2 botB PING x=26.91 y=-32.58 d11=0.823 seq=230
1788326949.3 botB PING x=27.15 y=-32.60 d11=0.808 seq=231
1788326951.4 botB PING x=27.14 y=-32.49 d11=0.838 seq=232
1788326953.5 botB PING x=26.72 y=-32.59 d11=0.801 seq=233
1788326966.4 botB PING x=26.56 y=-32.86 d11=0.731 seq=235
1788326968.1 botB PING x=26.55 y=-32.61 d11=0.797 seq=236
1788326970.3 botB PING x=26.44 y=-32.55 d11=0.795 seq=238
1788326972.5 botB PING x=26.53 y=-32.89 d11=0.724 seq=239
1788326974.6 botB PING x=26.66 y=-32.93 d11=0.742 seq=240
1788326976.6 botB PING x=26.78 y=-32.60 d11=0.829 seq=241
1788326978.8 botB PING x=27.11 y=-32.64 d11=0.814 seq=242
1788326980.9 botB PING x=27.19 y=-32.52 d11=0.803 seq=243
1788326983.0 botB PING x=26.86 y=-32.55 d11=0.796 seq=244
1788326985.1 botB PING x=26.52 y=-32.73 d11=0.737 seq=245
1788326993.5 botB PING x=26.55 y=-32.64 d11=0.762 seq=247
1788326995.8 botB PING x=26.45 y=-32.53 d11=0.780 seq=249
1788326997.8 botB PING x=26.51 y=-32.80 d11=0.701 seq=250
1788327000.0 botB PING x=26.67 y=-32.91 d11=0.705 seq=251
1788327002.1 botB PING x=26.87 y=-32.64 d11=0.775 seq=252
1788327004.2 botB PING x=27.21 y=-32.75 d11=0.760 seq=253
1788327006.3 botB PING x=27.24 y=-32.56 d11=0.807 seq=254
1788327008.4 botB PING x=26.90 y=-32.53 d11=0.814 seq=255
1788327010.5 botB PING x=26.54 y=-32.73 d11=0.729 seq=256
1788327019.8 botB PING x=26.60 y=-32.64 d11=0.776 seq=259
1788327022.1 botB PING x=26.45 y=-32.55 d11=0.778 seq=261
1788327024.1 botB PING x=26.51 y=-32.85 d11=0.691 seq=262
1788327026.3 botB PING x=26.68 y=-32.99 d11=0.672 seq=263
1788327028.4 botB PING x=26.78 y=-32.71 d11=0.784 seq=264
1788327030.5 botB PING x=27.16 y=-32.77 d11=0.779 seq=265
1788327032.6 botB PING x=27.27 y=-32.65 d11=0.822 seq=266
1788327034.7 botB PING x=27.05 y=-32.52 d11=0.852 seq=267
1788327036.8 botB PING x=26.64 y=-32.68 d11=0.788 seq=268
1788327038.9 botB PING x=26.50 y=-32.98 d11=0.686 seq=269
1788327055.4 botB PING x=26.63 y=-32.92 d11=0.732 seq=272
1788327057.2 botB PING x=26.68 y=-32.63 d11=0.813 seq=273
1788327059.5 botB PING x=26.49 y=-32.55 d11=0.808 seq=275
1788327061.6 botB PING x=26.48 y=-32.80 d11=0.736 seq=276
1788327063.7 botB PING x=26.66 y=-33.01 d11=0.701 seq=277
1788327065.8 botB PING x=26.76 y=-32.75 d11=0.786 seq=278
1788327067.9 botB PING x=27.12 y=-32.75 d11=0.787 seq=279
1788327070.0 botB PING x=27.27 y=-32.73 d11=0.793 seq=280
1788327072.1 botB PING x=27.13 y=-32.56 d11=0.835 seq=281
1788327075.2 botB to botA: if you hear me: go park AT GOAL and stay. I am circling the goal chamber, can't find entrance. If you can, lead me: come to me then walk to goal slowly.
1788327100.2 botB to botA: if you hear me: go park AT GOAL and stay. I am circling the goal chamber, can't find entrance. If you can, lead me: come to me then walk to goal slowly.
1788327150.4 botB to botA: if you hear me: go park AT GOAL and stay. I am circling the goal chamber, can't find entrance. If you can, lead me: come to me then walk to goal slowly.
1788327175.5 botB to botA: if you hear me: go park AT GOAL and stay. I am circling the goal chamber, can't find entrance. If you can, lead me: come to me then walk to goal slowly.
1788327200.5 botB to botA: if you hear me: go park AT GOAL and stay. I am circling the goal chamber, can't find entrance. If you can, lead me: come to me then walk to goal slowly.
1788327225.6 botB to botA: if you hear me: go park AT GOAL and stay. I am circling the goal chamber, can't find entrance. If you can, lead me: come to me then walk to goal slowly.
1788327250.6 botB to botA: if you hear me: go park AT GOAL and stay. I am circling the goal chamber, can't find entrance. If you can, lead me: come to me then walk to goal slowly.
1788327264.5 botB REQUEST LEAD: botA (1) leave goal, approach me until your d11>0.93 (2) walk back to goal SLOWLY, 0.3/step, PAUSE whenever my ping d11<0.85 (3) park at goal. I will follow you through the entrance.
