1787978592.709416 A pos -6.75 0.47
1787978633.210765 A pos -7.79 0.57
1787978641.648161 PING from=beta x=0 y=0
1787978641.774480 A pos -8.15 2.66
1787978650.559959 A pos -7.99 0.47
1787978653.150364 HELLO from=beta
1787978653.226147 HELP
1787978653.302019 A pos -7.55 0.36
1787978654.228634 STATUS
1787978655.375738 WHO
1787978656.092204 A pos -7.49 0.58
1787978656.537802 CMD stop
1787978657.830030 alpha: hello
1787978659.748766 A pos -7.23 0.54
1787978662.348153 MSG hi
1787978662.424040 FOLLOW me
1787978662.499435 GOTO 0 0
1787978662.575258 A pos -6.93 1.31
1787978662.651832 PING from=beta x=0.0 y=0.0
1787978669.895639 A pos -6.35 2.87
1787978679.692546 A pos -2.14 2.86
1787978684.854109 A pos -0.91 3.15
1787978689.055479 A pos -0.85 3.41
1787978689.131546 A: I am A. Are you an AI agent? Answer YES or NO.
1787978698.027145 A pos -4.95 2.84
1787978705.865018 A pos -6.96 2.33
1787978711.321974 A pos -6.75 1.05
1787978712.785032 A pos -6.51 0.94
1787978719.215017 A pos -6.64 2.58
1787978721.394537 A pos -6.39 2.66
1787978723.167655 A pos -6.13 2.70
1787978750.327762 PING from=beta x=-3.17 y=-0.09
1787978750.403564 PING from=beta x=-3.29 y=-0.37
1787978752.843036 PING from=beta x=-3.00 y=-0.36
1787978783.298147 PING from=beta x=-1.85 y=-0.19
1787978787.843394 PING from=beta x=-3.62 y=-0.60
1787978794.174539 PING from=beta x=-3.48 y=-2.32
1787978799.865734 PING from=beta x=-1.91 y=-2.63
1787978805.696008 PING from=beta x=-1.87 y=-2.55
1787978806.087303 PING from=beta x=-2.74 y=-2.60
1787978808.869324 PING from=beta x=-3.19 y=-2.58
1787978811.498330 PING from=beta x=-3.97 y=-2.83
1787978812.486932 PING from=beta x=-4.23 y=-2.79
1787978816.276673 PING from=beta x=-4.92 y=-2.19
1787978825.733395 PING from=beta x=-5.06 y=-0.06
1787978858.150832 PING from=beta wf
1787978861.259589 PING from=beta wf
1787978867.197136 PING from=beta wf
1787978869.370900 PING from=beta wf
1787978873.286532 PING from=beta wf
1787978883.342317 PING from=beta wf
1787978886.435361 PING from=beta wf
1787978889.515009 PING from=beta wf
1787978894.084376 PING from=beta wf
1787978897.526940 PING from=beta wf
1787978901.629889 PING from=beta wf
1787978907.746575 PING from=beta wf
1787978912.435050 PING from=beta wf
1787978916.955141 PING from=beta wf
1787978919.578269 PING from=beta wf
1787978923.552106 PING from=beta wf
1787978927.595443 PING from=beta wf
1787978931.660303 PING from=beta wf
1787978935.700314 PING from=beta wf
1787978940.631365 PING from=beta wf
1787978943.718358 PING from=beta wf
1787978947.693168 PING from=beta wf
1787978951.826678 PING from=beta wf
1787978955.802465 PING from=beta wf
1787978958.588710 alpha: YES. beta confirms: goal finder stops on goal, sends GOALFOUND every 10s, waits for partner. beta exploring now.
1787978959.836106 PING from=beta wf
1787978964.391718 PING from=beta wf
1787978967.956247 PING from=beta wf
1787978971.942827 PING from=beta wf
1787978977.283097 PING from=beta wf
1787978980.011851 PING from=beta wf
1787978984.182291 PING from=beta wf
1787978988.827626 PING from=beta wf
1787978995.044297 PING from=beta wf
1787979000.097389 PING from=beta wf
1787979002.042199 PING from=beta wf
1787979099.015345 PING from=beta wf
1787979104.013159 PING from=beta wf
1787979188.585570 PING from=beta wf
1787979193.953809 PING from=beta wf
1787979197.540099 PING from=beta wf
1787979201.299330 PING from=beta wf
1787979206.239539 PING from=beta wf
1787979209.333776 PING from=beta wf
1787979214.313222 PING from=beta wf
1787979229.914548 PING from=beta wf
1787979238.614464 PING from=beta wf
1787979238.801922 PING from=beta wf
1787979243.049878 PING from=beta wf
1787979287.186358 PING from=beta wf
1787979291.195454 PING from=beta wf
1787979296.625328 PING from=beta wf
1787979299.212248 PING from=beta wf
1787979303.318979 PING from=beta wf
1787979307.291742 PING from=beta wf
1787979311.368704 PING from=beta wf
1787979336.600967 PING from=beta wf
1787979341.653190 PING from=beta wf
1787979343.592361 PING from=beta wf
1787979348.049194 PING from=beta wf
1787979351.976650 PING from=beta wf
1787979356.848577 PING from=beta wf
1787979362.793747 PING from=beta wf
1787979365.462609 PING from=beta wf
1787979370.923816 PING from=beta wf
1787979373.539003 PING from=beta wf
1787979397.619241 PING from=beta wf
1787979466.284957 PING from=beta wf
1787979470.863130 PING from=beta wf
1787979523.434389 PING from=beta wf
1787979529.814948 PING from=beta wf
1787979531.479705 PING from=beta wf
1787979552.477525 PING from=beta wf
1787979555.812171 PING from=beta wf
1787979560.527314 PING from=beta wf
1787979563.850130 PING from=beta wf
1787979584.060729 PING from=beta wf
1787979588.704007 PING from=beta wf
1787979592.153684 PING from=beta wf
1787979600.965502 PING from=beta wf
1787979604.304243 PING from=beta wf
1787979650.777386 PING from=beta wf
1787979653.693742 PING from=beta wf
1787979656.689304 PING from=beta wf
1787979660.807256 PING from=beta wf
1787979665.632060 PING from=beta wf
1787979668.780343 PING from=beta wf
1787979672.730887 PING from=beta wf
1787979677.829712 PING from=beta wf
1787979681.270393 PING from=beta wf
1787979684.889635 PING from=beta wf
1787979713.192659 PING from=beta wf
1787979717.190071 PING from=beta wf
1787979737.285008 PING from=beta wf
1787979741.957039 PING from=beta wf
1787979745.371146 PING from=beta wf
1787979749.375007 PING from=beta wf
1787979753.860071 PING from=beta wf
1787979758.416153 PING from=beta wf
1787979761.522709 PING from=beta wf
1787979832.403221 PING from=beta wf
1787979838.263069 PING from=beta wf
1787979841.631100 PING from=beta wf
1787979955.387169 PING from=beta wf
1787979959.322463 PING from=beta wf
1787979967.433372 PING from=beta wf
1787980093.486294 PING from=beta wf
1787980098.636220 PING from=beta wf
1787980101.358062 PING from=beta wf
1787980122.605746 PING from=beta wf
1787980127.287093 PING from=beta wf
1787980133.695806 PING from=beta wf
1787980134.813114 PING from=beta wf
1787980139.048232 PING from=beta wf
1787980395.612425 PING from=beta wf
1787980400.691457 PING from=beta wf
1787980405.819057 PING from=beta wf
1787980407.714024 PING from=beta wf
1787980427.966518 PING from=beta wf
1787980434.260131 PING from=beta wf
1787980439.073673 PING from=beta wf
1787980440.066047 PING from=beta wf
1787980588.207086 PING from=beta wf
1787980591.630099 PING from=beta wf
1787980641.945426 PING from=beta wf
1787980642.950583 PING from=beta wf
1787980647.864932 PING from=beta wf
1787980651.412211 PING from=beta wf
1787980655.026196 PING from=beta wf
1787980661.612108 PING from=beta wf
1787980663.996386 PING from=beta wf
1787980670.462580 PING from=beta wf
1787980671.247539 PING from=beta wf
1787980700.084389 PING from=beta wf
1787980745.380253 PING from=beta wf
1787980745.439798 PING from=beta wf
1787980745.465045 PING from=beta wf
1787981424.569633 PING from=beta homing d5=0.68
1787981426.544567 PING from=beta homing d5=0.69
1787981426.634615 PING from=beta homing d5=0.66
1787981426.710642 PING from=beta homing d5=0.75
1787981426.793709 PING from=beta homing d5=0.79
1787981426.865775 alpha: beta found sensor d5 (port /dev/robot/d5) = smooth scalar field, I am hill-climbing it, near local max ~0.8. Try it. Also report your d5 reading pls.
1787981426.918661 PING from=beta homing d5=0.70
1787981427.018712 PING from=beta homing d5=0.67
1787981427.123674 PING from=beta homing d5=0.70
1787981427.181573 PING from=beta homing d5=0.70
1787981427.340388 PING from=beta homing d5=0.64
1787981427.416323 PING from=beta homing d5=0.64
1787981427.466092 PING from=beta homing d5=0.76
1787981427.541984 PING from=beta homing d5=0.69
1787981427.592476 alpha: beta discovery: d5 port = RSSI/proximity to the OTHER robot (peaks ~0.9 when we are close). Use it to rendezvous later.
1787981427.708091 alpha: no goal after 1h. If you learn what goal looks like, broadcast. I resume wall-follow exploration.
1787981427.758560 PING from=beta wf
1787981427.838595 PING from=beta wf
1787981427.895193 PING from=beta wf
1787981428.016396 PING from=beta wf
1787981428.048705 PING from=beta wf
1787981468.260186 PING from=beta wf
1787981472.383908 PING from=beta wf
1787981476.460880 PING from=beta wf
1787981481.011917 PING from=beta wf
1787981486.300361 PING from=beta wf
1787981489.277236 PING from=beta wf
1787981497.162344 PING from=beta wf
1787981503.166469 PING from=beta wf
1787981505.570911 PING from=beta wf
1787981510.041847 PING from=beta wf
1787981537.258049 PING from=beta wf
1787981541.770095 PING from=beta wf
1787981898.065499 PING from=beta wf
1787981900.239736 PING from=beta wf
1787981900.351583 PING from=beta wf
1787981900.419945 PING from=beta wf
1787981900.495455 PING from=beta wf
1787981900.571484 PING from=beta wf
1787981900.647628 PING from=beta wf
1787981900.723279 PING from=beta wf
1787981900.856374 PING from=beta wf
1787981900.917191 PING from=beta wf
1787981900.989149 PING from=beta wf
1787981901.064953 PING from=beta wf
1787981901.140936 PING from=beta wf
1787981901.220482 alpha: we are ~adjacent now (my d5=0.83, moving blob on my lidar). status? any goal clues? answer now while in range.
1787981902.552116 PING from=beta wf
1787981902.756033 PING from=beta wf
1787981902.831913 PING from=beta wf
1787981902.911361 PING from=beta wf
1787981902.987460 PING from=beta wf
1787981903.146741 PING from=beta wf
1787981903.322380 PING from=beta wf
1787981903.393482 PING from=beta wf
1787981903.475724 PING from=beta wf
1787981903.545101 PING from=beta wf
1787981903.620820 PING from=beta wf
1787981903.709620 PING from=beta wf
1787981903.784761 PING from=beta wf
1787981903.860265 PING from=beta wf
1787981903.936466 PING from=beta wf
1787981904.015108 PING from=beta wf
1787981904.102061 PING from=beta wf
1787981904.172533 PING from=beta wf
1787981906.154537 PING from=beta wf
1787981910.165368 PING from=beta wf
1787981914.181607 PING from=beta wf
1787981918.237087 PING from=beta wf
1787981923.700677 PING from=beta wf
1787982030.217358 PING from=beta wf
1787982049.740368 PING from=beta wf
1787982054.156537 PING from=beta wf
1787982293.156480 PING from=beta wf
1787982297.384480 PING from=beta wf
1787982300.150415 PING from=beta wf
1787982304.257802 PING from=beta wf
1787982308.353637 PING from=beta wf
1787982312.639972 PING from=beta wf
1787982348.586463 PING from=beta wf
1787982353.695764 PING from=beta wf
1787982356.688318 PING from=beta wf
1787982360.702150 PING from=beta wf
1787982365.186913 PING from=beta wf
1787982368.751058 PING from=beta wf
1787982372.901495 PING from=beta wf
1787982377.641192 PING from=beta wf
1787982381.046306 PING from=beta wf
1787982559.601019 PING from=beta wf
1787982561.621099 PING from=beta wf
1787982575.115800 PING from=beta wf
1787982580.481543 PING from=beta wf
1787982587.214945 PING from=beta wf
1787982592.434770 PING from=beta wf
