v=15.885000000000002 vv=15.9 slope=0.0
v=-8.0 vv=-8.0 slope=5.0
v=55.0 vv=55.0 slope=44.3
v=55.0 vv=55.0 slope=65.4
v=55.0 vv=55.0 slope=73.8
v=55.0 vv=55.0 slope=71.5
v=55.0 vv=55.0 slope=64.0
v=47.39999999999998 vv=55.0 slope=44.4
v=38.299999999999955 vv=55.0 slope=17.8
v=33.700000000000045 vv=47.4 slope=-16.4
v=28.200000000000045 vv=38.3 slope=-23.5
v=29.200000000000045 vv=33.7 slope=-26.0
v=27.200000000000045 vv=29.2 slope=-26.5
v=20.399999999999977 vv=29.2 slope=-26.9
v=20.600000000000023 vv=27.2 slope=-22.1
v=14.0 vv=20.6 slope=-19.5
v=11.200000000000045 vv=20.6 slope=-18.4
v=15.700000000000045 vv=15.7 slope=-14.6
v=12.0 vv=15.7 slope=-13.9
v=9.0 vv=15.7 slope=-12.2
v=8.0 vv=12.0 slope=-9.7
v=0.0 vv=9.0 slope=-12.4
v=14.870000000000001 vv=14.9 slope=-5.4
v=15.99 vv=16.0 slope=-0.6
v=14.520000000000001 vv=16.0 slope=1.7
v=14.485 vv=16.0 slope=5.5
v=15.219999999999999 vv=15.2 slope=7.2
v=14.415 vv=15.2 slope=6.8
v=15.114999999999998 vv=15.2 slope=5.9
v=13.96 vv=15.1 slope=-0.8
v=0.0 vv=14.7 slope=-6.7
v=0.0 vv=14.0 slope=-12.2
v=14.169999999999998 vv=14.2 slope=-8.7
v=13.225 vv=14.2 slope=-5.2
v=13.469999999999999 vv=14.2 slope=-1.6
v=15.185 vv=15.2 slope=4.1
v=13.959999999999999 vv=15.2 slope=8.6
v=14.66 vv=15.2 slope=13.1
v=14.344999999999999 vv=14.7 slope=7.9
v=15.780000000000001 vv=15.8 slope=1.4
v=15.254999999999999 vv=15.8 slope=1.8
v=14.94 vv=15.8 slope=1.2
v=0.0 vv=15.3 slope=-7.3
v=8.0 vv=14.9 slope=-8.4
v=8.0 vv=8.0 slope=-9.4
v=8.0 vv=8.0 slope=-8.2
v=8.0 vv=8.0 slope=-5.0
v=14.94 vv=14.9 slope=3.2
v=15.29 vv=15.3 slope=11.5
v=16.165 vv=16.2 slope=9.2
v=15.36 vv=16.2 slope=9.5
v=15.885 vv=16.2 slope=7.7
v=12.0 vv=15.9 slope=4.0
v=15.780000000000001 vv=15.9 slope=2.2
v=16.235 vv=16.2 slope=-0.1
v=16.865000000000002 vv=16.9 slope=0.4
v=16.41 vv=16.9 slope=0.7
v=16.445 vv=16.9 slope=1.6
v=8.120000000000005 vv=16.4 slope=-2.2
v=8.0 vv=16.4 slope=-4.8
v=0.0 vv=8.1 slope=-12.9
v=8.0 vv=8.0 slope=-12.7
v=8.0 vv=8.0 slope=-11.2
v=8.0 vv=8.0 slope=-8.0
v=8.0 vv=8.0 slope=-3.8
v=11.960000000000036 vv=12.0 slope=3.7
v=8.0 vv=12.0 slope=4.5
v=8.0 vv=12.0 slope=4.6
v=0.0 vv=8.0 slope=-4.0
v=8.0 vv=8.0 slope=-2.7
v=15.395 vv=15.4 slope=0.8
v=15.15 vv=15.4 slope=3.4
v=15.815000000000001 vv=15.8 slope=8.2
v=16.235 vv=16.2 slope=11.5
v=15.115 vv=16.2 slope=12.7
v=15.43 vv=16.2 slope=6.7
v=15.29 vv=15.4 slope=3.8
v=15.99 vv=16.0 slope=0.2
v=15.92 vv=16.0 slope=0.3
v=16.48 vv=16.5 slope=0.4
v=17.775 vv=17.8 slope=1.5
v=16.795 vv=17.8 slope=1.5
v=17.04 vv=17.0 slope=1.3
v=16.655 vv=17.0 slope=0.6
v=0.0 vv=17.0 slope=-7.3
v=9.840000000000032 vv=16.7 slope=-7.9
v=8.0 vv=9.8 slope=-8.5
v=8.440000000000055 vv=9.8 slope=-7.7
v=8.0 vv=8.4 slope=-7.2
v=12.539999999999964 vv=12.5 slope=-3.4
v=9.639999999999986 vv=12.5 slope=0.6
v=8.0 vv=12.5 slope=5.2
v=9.139999999999986 vv=9.6 slope=0.2
v=0.0 vv=9.1 slope=-4.1
v=15.92 vv=15.9 slope=0.6
v=16.41 vv=16.4 slope=4.0
v=15.01 vv=16.4 slope=5.1
v=15.92 vv=16.4 slope=8.3
v=15.885000000000002 vv=15.9 slope=9.5
v=16.235 vv=16.2 slope=9.3
v=16.305 vv=16.3 slope=8.8
v=16.865000000000002 vv=16.9 slope=0.7
v=16.34 vv=16.9 slope=0.7
v=16.9 vv=16.9 slope=1.2
v=17.215 vv=17.2 slope=1.0
v=17.215 vv=17.2 slope=1.0
v=16.62 vv=17.2 slope=-5.6
v=17.67 vv=17.7 slope=-3.5
v=17.53 vv=17.7 slope=-0.6
v=17.565 vv=17.7 slope=2.0
v=17.6 vv=17.6 slope=4.7
v=17.915 vv=17.9 slope=7.4
v=17.425 vv=17.9 slope=9.4
v=16.865 vv=17.9 slope=0.1
v=16.165 vv=17.4 slope=-1.0
v=16.27 vv=16.9 slope=-1.4
v=15.954999999999998 vv=16.3 slope=-1.8
v=0.0 vv=16.0 slope=-10.4
v=-8.0 vv=15.5 slope=-20.3
v=-13.700000000000045 vv=0.0 slope=-29.7
v=-12.899999999999977 vv=-8.0 slope=-34.0
v=-10.100000000000023 vv=-10.1 slope=-32.4
v=-9.600000000000023 vv=-9.6 slope=-26.3
v=-16.200000000000045 vv=-9.6 slope=-20.3
v=-12.200000000000045 vv=-9.6 slope=-8.2
v=-8.899999999999977 vv=-8.9 slope=-0.6
v=-9.0 vv=-8.9 slope=2.9
v=-8.0 vv=-8.0 slope=3.4
v=-8.0 vv=-8.0 slope=3.5
v=-8.0 vv=-8.0 slope=4.7
v=0.0 vv=0.0 slope=9.9
v=-13.5 vv=0.0 slope=2.5
v=-9.399999999999977 vv=0.0 slope=-0.4
v=-8.0 vv=-8.0 slope=-0.7
v=-8.0 vv=-8.0 slope=-1.2
v=-8.700000000000045 vv=-8.0 slope=-1.6
v=-8.5 vv=-8.0 slope=-2.0
v=-8.600000000000023 vv=-8.5 slope=-2.4
v=0.0 vv=0.0 slope=6.8
v=55.0 vv=55.0 slope=36.2
v=55.0 vv=55.0 slope=57.3
v=55.0 vv=55.0 slope=69.4
v=55.0 vv=55.0 slope=72.7
v=55.0 vv=55.0 slope=66.9
v=55.0 vv=55.0 slope=52.3
v=45.299999999999955 vv=55.0 slope=23.2
v=39.200000000000045 vv=55.0 slope=-11.6
v=31.700000000000045 vv=45.3 slope=-19.4
v=29.0 vv=39.2 slope=-23.8
v=25.600000000000023 vv=31.7 slope=-25.9
v=21.700000000000045 vv=29.0 slope=-26.4
v=21.399999999999977 vv=25.6 slope=-24.0
v=18.200000000000045 vv=21.7 slope=-19.4
v=17.5 vv=21.4 slope=-16.0
v=15.700000000000045 vv=18.2 slope=-13.3
v=13.600000000000023 vv=17.5 slope=-12.5
v=11.899999999999977 vv=15.7 slope=-11.4
v=8.0 vv=13.6 slope=-11.8
v=12.600000000000023 vv=12.6 slope=-8.8
v=8.0 vv=12.6 slope=-8.3
v=8.0 vv=12.6 slope=-5.7
v=17.075000000000003 vv=17.1 slope=1.0
v=16.2 vv=17.1 slope=4.7
v=16.655 vv=17.1 slope=7.0
v=15.709999999999999 vv=16.7 slope=6.1
v=16.025 vv=16.7 slope=5.0
v=15.71 vv=16.0 slope=5.5
v=14.555 vv=16.0 slope=2.4
v=14.135 vv=15.7 slope=-2.1
v=16.83 vv=17.6 slope=2.6
v=15.955 vv=17.6 slope=2.6
v=0.0 vv=16.8 slope=-10.0
v=8.0 vv=16.0 slope=-11.7
v=8.0 vv=8.0 slope=-11.9
v=8.0 vv=8.0 slope=-10.8
v=8.240000000000009 vv=8.2 slope=-9.1
v=8.0 vv=8.2 slope=-5.5
v=8.0 vv=8.2 slope=-1.1
v=0.0 vv=8.0 slope=0.0
v=10.159999999999968 vv=10.2 slope=-1.8
v=10.159999999999968 vv=10.2 slope=0.1
v=12.460000000000036 vv=12.5 slope=2.9
v=10.559999999999945 vv=12.5 slope=4.1
v=8.0 vv=12.5 slope=3.7
v=8.659999999999968 vv=10.6 slope=3.5
v=8.0 vv=8.7 slope=2.9
v=8.0 vv=8.7 slope=-2.7
v=8.0 vv=8.0 slope=-2.7
v=8.0 vv=8.0 slope=-2.5
v=0.0 vv=8.0 slope=-4.4
v=8.0 vv=8.0 slope=-2.5
v=8.0 vv=8.0 slope=-1.8
v=0.0 vv=8.0 slope=-3.9
v=15.709999999999999 vv=15.7 slope=1.8
v=16.130000000000003 vv=16.1 slope=6.9
v=11.1 vv=16.1 slope=8.2
v=15.815000000000001 vv=16.1 slope=11.4
v=15.535 vv=15.8 slope=8.8
v=15.955 vv=16.0 slope=9.3
v=15.36 vv=16.0 slope=8.6
v=15.254999999999999 vv=16.0 slope=0.5
v=16.795 vv=16.8 slope=1.8
v=16.655 vv=16.8 slope=3.1
v=15.57 vv=16.8 slope=0.5
v=16.375 vv=16.7 slope=0.7
v=15.780000000000001 vv=16.4 slope=0.3
v=16.585 vv=16.6 slope=0.7
v=17.635 vv=17.6 slope=1.0
v=16.725 vv=17.6 slope=0.5
v=12.674999999999999 vv=17.6 slope=-1.3
v=16.375 vv=16.7 slope=-0.7
v=17.425 vv=17.4 slope=-0.2
v=None vv=17.4 slope=-0.2
v=None vv=17.4 slope=-0.2
v=None vv=17.4 slope=-0.2
v=None vv=17.4 slope=-0.2
v=None vv=17.4 slope=-0.2
v=None vv=17.4 slope=-0.2
v=None vv=17.4 slope=-0.2
v=None vv=17.4 slope=-0.2
v=None vv=17.4 slope=-0.2
v=None vv=17.4 slope=-0.2
v=None vv=17.4 slope=-0.2
v=None vv=17.4 slope=-0.2
v=None vv=17.4 slope=-0.2
v=None vv=17.4 slope=-0.2
v=None vv=17.4 slope=-0.2
v=None vv=17.4 slope=-0.2
v=None vv=17.4 slope=-0.2
v=None vv=17.4 slope=-0.2
v=None vv=17.4 slope=-0.2
v=None vv=17.4 slope=-0.2
v=None vv=17.4 slope=-0.2
v=None vv=17.4 slope=-0.2
v=None vv=17.4 slope=-0.2
v=None vv=17.4 slope=-0.2
v=None vv=17.4 slope=-0.2
v=None vv=17.4 slope=-0.2
v=None vv=17.4 slope=-0.2
v=None vv=17.4 slope=-0.2
v=None vv=17.4 slope=-0.2
v=None vv=17.4 slope=-0.2
v=None vv=17.4 slope=-0.2
v=None vv=17.4 slope=-0.2
v=None vv=17.4 slope=-0.2
v=None vv=17.4 slope=-0.2
v=None vv=17.4 slope=-0.2
v=None vv=17.4 slope=-0.2
v=None vv=17.4 slope=-0.2
v=None vv=17.4 slope=-0.2
v=None vv=17.4 slope=-0.2
v=None vv=17.4 slope=-0.2
v=None vv=17.4 slope=-0.2
v=None vv=17.4 slope=-0.2
v=None vv=17.4 slope=-0.2
v=None vv=17.4 slope=-0.2
v=None vv=17.4 slope=-0.2
v=None vv=17.4 slope=-0.2
v=None vv=17.4 slope=-0.2
v=None vv=17.4 slope=-0.2
v=None vv=17.4 slope=-0.2
v=None vv=17.4 slope=-0.2
v=None vv=17.4 slope=-0.2
v=None vv=17.4 slope=-0.2
v=None vv=17.4 slope=-0.2
v=None vv=17.4 slope=-0.2
v=None vv=17.4 slope=-0.2
v=None vv=17.4 slope=-0.2
v=None vv=17.4 slope=-0.2
v=None vv=17.4 slope=-0.2
v=None vv=17.4 slope=-0.2
v=None vv=17.4 slope=-0.2
v=None vv=17.4 slope=-0.2
v=None vv=17.4 slope=-0.2
v=None vv=17.4 slope=-0.2
v=None vv=17.4 slope=-0.2
v=None vv=17.4 slope=-0.2
v=None vv=17.4 slope=-0.2
v=None vv=17.4 slope=-0.2
v=None vv=17.4 slope=-0.2
v=None vv=17.4 slope=-0.2
v=None vv=17.4 slope=-0.2
v=None vv=17.4 slope=-0.2
v=None vv=17.4 slope=-0.2
v=None vv=17.4 slope=-0.2
v=None vv=17.4 slope=-0.2
v=None vv=17.4 slope=-0.2
v=None vv=17.4 slope=-0.2
v=None vv=17.4 slope=-0.2
v=None vv=17.4 slope=-0.2
v=None vv=17.4 slope=-0.2
v=None vv=17.4 slope=-0.2
v=None vv=17.4 slope=-0.2
v=None vv=17.4 slope=-0.2
v=None vv=17.4 slope=-0.2
v=None vv=17.4 slope=-0.2
v=None vv=17.4 slope=-0.2
v=None vv=17.4 slope=-0.2
v=None vv=17.4 slope=-0.2
v=None vv=17.4 slope=-0.2
v=None vv=17.4 slope=-0.2
v=None vv=17.4 slope=-0.2
v=None vv=17.4 slope=-0.2
v=None vv=17.4 slope=-0.2
v=None vv=17.4 slope=-0.2
v=None vv=17.4 slope=-0.2
v=None vv=17.4 slope=-0.2
v=None vv=17.4 slope=-0.2
v=None vv=17.4 slope=-0.2
v=None vv=17.4 slope=-0.2
v=None vv=17.4 slope=-0.2
v=None vv=17.4 slope=-0.2
v=None vv=17.4 slope=-0.2
v=None vv=17.4 slope=-0.2
v=None vv=17.4 slope=-0.2
v=None vv=17.4 slope=-0.2
v=None vv=17.4 slope=-0.2
v=None vv=17.4 slope=-0.2
v=None vv=17.4 slope=-0.2
v=None vv=17.4 slope=-0.2
v=None vv=17.4 slope=-0.2
v=None vv=17.4 slope=-0.2
v=None vv=17.4 slope=-0.2
v=None vv=17.4 slope=-0.2
v=None vv=17.4 slope=-0.2
v=None vv=17.4 slope=-0.2
v=None vv=17.4 slope=-0.2
v=None vv=17.4 slope=-0.2
v=None vv=17.4 slope=-0.2
v=None vv=17.4 slope=-0.2
v=None vv=17.4 slope=-0.2
v=None vv=17.4 slope=-0.2
v=None vv=17.4 slope=-0.2
v=None vv=17.4 slope=-0.2
v=None vv=17.4 slope=-0.2
v=None vv=17.4 slope=-0.2
v=None vv=17.4 slope=-0.2
v=None vv=17.4 slope=-0.2
v=None vv=17.4 slope=-0.2
v=None vv=17.4 slope=-0.2
v=None vv=17.4 slope=-0.2
v=None vv=17.4 slope=-0.2
v=None vv=17.4 slope=-0.2
v=None vv=17.4 slope=-0.2
v=None vv=17.4 slope=-0.2
v=None vv=17.4 slope=-0.2
v=None vv=17.4 slope=-0.2
v=None vv=17.4 slope=-0.2
v=None vv=17.4 slope=-0.2
v=None vv=17.4 slope=-0.2
v=None vv=17.4 slope=-0.2
v=None vv=17.4 slope=-0.2
v=None vv=17.4 slope=-0.2
v=None vv=17.4 slope=-0.2
v=None vv=17.4 slope=-0.2
v=None vv=17.4 slope=-0.2
v=None vv=17.4 slope=-0.2
v=None vv=17.4 slope=-0.2
v=None vv=17.4 slope=-0.2
v=None vv=17.4 slope=-0.2
v=None vv=17.4 slope=-0.2
v=None vv=17.4 slope=-0.2
v=None vv=17.4 slope=-0.2
v=None vv=17.4 slope=-0.2
v=None vv=17.4 slope=-0.2
v=None vv=17.4 slope=-0.2
v=None vv=17.4 slope=-0.2
v=None vv=17.4 slope=-0.2
v=None vv=17.4 slope=-0.2
v=None vv=17.4 slope=-0.2
v=None vv=17.4 slope=-0.2
v=None vv=17.4 slope=-0.2
v=None vv=17.4 slope=-0.2
v=None vv=17.4 slope=-0.2
v=None vv=17.4 slope=-0.2
v=None vv=17.4 slope=-0.2
v=None vv=17.4 slope=-0.2
v=None vv=17.4 slope=-0.2
v=None vv=17.4 slope=-0.2
v=None vv=17.4 slope=-0.2
v=None vv=17.4 slope=-0.2
v=None vv=17.4 slope=-0.2
v=None vv=17.4 slope=-0.2
v=None vv=17.4 slope=-0.2
v=None vv=17.4 slope=-0.2
v=None vv=17.4 slope=-0.2
v=None vv=17.4 slope=-0.2
v=None vv=17.4 slope=-0.2
v=None vv=17.4 slope=-0.2
v=None vv=17.4 slope=-0.2
v=None vv=17.4 slope=-0.2
v=None vv=17.4 slope=-0.2
v=None vv=17.4 slope=-0.2
v=None vv=17.4 slope=-0.2
v=None vv=17.4 slope=-0.2
v=None vv=17.4 slope=-0.2
v=None vv=17.4 slope=-0.2
v=None vv=17.4 slope=-0.2
v=None vv=17.4 slope=-0.2
v=None vv=17.4 slope=-0.2
v=None vv=17.4 slope=-0.2
v=None vv=17.4 slope=-0.2
v=None vv=17.4 slope=-0.2
v=None vv=17.4 slope=-0.2
v=None vv=17.4 slope=-0.2
v=None vv=17.4 slope=-0.2
v=None vv=17.4 slope=-0.2
v=None vv=17.4 slope=-0.2
v=None vv=17.4 slope=-0.2
v=None vv=17.4 slope=-0.2
v=None vv=17.4 slope=-0.2
v=None vv=17.4 slope=-0.2
v=None vv=17.4 slope=-0.2
v=None vv=17.4 slope=-0.2
v=None vv=17.4 slope=-0.2
v=None vv=17.4 slope=-0.2
v=None vv=17.4 slope=-0.2
v=None vv=17.4 slope=-0.2
v=None vv=17.4 slope=-0.2
v=None vv=17.4 slope=-0.2
v=None vv=17.4 slope=-0.2
v=None vv=17.4 slope=-0.2
v=None vv=17.4 slope=-0.2
v=None vv=17.4 slope=-0.2
v=None vv=17.4 slope=-0.2
v=None vv=17.4 slope=-0.2
v=None vv=17.4 slope=-0.2
v=None vv=17.4 slope=-0.2
v=None vv=17.4 slope=-0.2
v=None vv=17.4 slope=-0.2
v=None vv=17.4 slope=-0.2
v=None vv=17.4 slope=-0.2
v=None vv=17.4 slope=-0.2
v=None vv=17.4 slope=-0.2
v=None vv=17.4 slope=-0.2
v=None vv=17.4 slope=-0.2
v=None vv=17.4 slope=-0.2
v=None vv=17.4 slope=-0.2
v=None vv=17.4 slope=-0.2
v=None vv=17.4 slope=-0.2
v=None vv=17.4 slope=-0.2
v=None vv=17.4 slope=-0.2
v=None vv=17.4 slope=-0.2
v=None vv=17.4 slope=-0.2
v=None vv=17.4 slope=-0.2
v=None vv=17.4 slope=-0.2
v=None vv=17.4 slope=-0.2
v=None vv=17.4 slope=-0.2
v=None vv=17.4 slope=-0.2
v=None vv=17.4 slope=-0.2
v=None vv=17.4 slope=-0.2
v=None vv=17.4 slope=-0.2
v=None vv=17.4 slope=-0.2
v=None vv=17.4 slope=-0.2
v=None vv=17.4 slope=-0.2
v=None vv=17.4 slope=-0.2
v=None vv=17.4 slope=-0.2
v=None vv=17.4 slope=-0.2
v=None vv=17.4 slope=-0.2
v=None vv=17.4 slope=-0.2
v=None vv=17.4 slope=-0.2
v=None vv=17.4 slope=-0.2
v=None vv=17.4 slope=-0.2
v=None vv=17.4 slope=-0.2
v=None vv=17.4 slope=-0.2
v=None vv=17.4 slope=-0.2
v=None vv=17.4 slope=-0.2
v=None vv=17.4 slope=-0.2
v=None vv=17.4 slope=-0.2
v=None vv=17.4 slope=-0.2
v=None vv=17.4 slope=-0.2
v=None vv=17.4 slope=-0.2
v=None vv=17.4 slope=-0.2
v=None vv=17.4 slope=-0.2
v=None vv=17.4 slope=-0.2
v=None vv=17.4 slope=-0.2
v=None vv=17.4 slope=-0.2
v=None vv=17.4 slope=-0.2
v=None vv=17.4 slope=-0.2
v=None vv=17.4 slope=-0.2
v=None vv=17.4 slope=-0.2
v=None vv=17.4 slope=-0.2
v=None vv=17.4 slope=-0.2
v=None vv=17.4 slope=-0.2
v=None vv=17.4 slope=-0.2
v=None vv=17.4 slope=-0.2
v=None vv=17.4 slope=-0.2
v=None vv=17.4 slope=-0.2
v=None vv=17.4 slope=-0.2
v=None vv=17.4 slope=-0.2
v=None vv=17.4 slope=-0.2
v=None vv=17.4 slope=-0.2
v=None vv=17.4 slope=-0.2
v=None vv=17.4 slope=-0.2
v=None vv=17.4 slope=-0.2
v=None vv=17.4 slope=-0.2
v=None vv=17.4 slope=-0.2
v=None vv=17.4 slope=-0.2
v=None vv=17.4 slope=-0.2
v=None vv=17.4 slope=-0.2
v=None vv=17.4 slope=-0.2
v=None vv=17.4 slope=-0.2
v=None vv=17.4 slope=-0.2
v=None vv=17.4 slope=-0.2
v=None vv=17.4 slope=-0.2
v=None vv=17.4 slope=-0.2
v=None vv=17.4 slope=-0.2
v=None vv=17.4 slope=-0.2
v=None vv=17.4 slope=-0.2
v=None vv=17.4 slope=-0.2
v=None vv=17.4 slope=-0.2
v=None vv=17.4 slope=-0.2
v=None vv=17.4 slope=-0.2
v=None vv=17.4 slope=-0.2
v=None vv=17.4 slope=-0.2
v=None vv=17.4 slope=-0.2
v=None vv=17.4 slope=-0.2
v=None vv=17.4 slope=-0.2
v=None vv=17.4 slope=-0.2
v=None vv=17.4 slope=-0.2
v=None vv=17.4 slope=-0.2
v=None vv=17.4 slope=-0.2
v=None vv=17.4 slope=-0.2
v=None vv=17.4 slope=-0.2
v=None vv=17.4 slope=-0.2
v=None vv=17.4 slope=-0.2
v=None vv=17.4 slope=-0.2
v=None vv=17.4 slope=-0.2
v=None vv=17.4 slope=-0.2
v=None vv=17.4 slope=-0.2
v=None vv=17.4 slope=-0.2
v=None vv=17.4 slope=-0.2
v=None vv=17.4 slope=-0.2
v=None vv=17.4 slope=-0.2
v=None vv=17.4 slope=-0.2
v=None vv=17.4 slope=-0.2
v=None vv=17.4 slope=-0.2
v=None vv=17.4 slope=-0.2
v=None vv=17.4 slope=-0.2
v=None vv=17.4 slope=-0.2
v=None vv=17.4 slope=-0.2
v=None vv=17.4 slope=-0.2
v=None vv=17.4 slope=-0.2
v=None vv=17.4 slope=-0.2
v=None vv=17.4 slope=-0.2
v=None vv=17.4 slope=-0.2
v=None vv=17.4 slope=-0.2
v=None vv=17.4 slope=-0.2
v=None vv=17.4 slope=-0.2
v=None vv=17.4 slope=-0.2
v=None vv=17.4 slope=-0.2
v=None vv=17.4 slope=-0.2
v=None vv=17.4 slope=-0.2
v=None vv=17.4 slope=-0.2
v=None vv=17.4 slope=-0.2
v=None vv=17.4 slope=-0.2
v=None vv=17.4 slope=-0.2
v=None vv=17.4 slope=-0.2
v=None vv=17.4 slope=-0.2
v=None vv=17.4 slope=-0.2
v=None vv=17.4 slope=-0.2
v=None vv=17.4 slope=-0.2
v=None vv=17.4 slope=-0.2
v=None vv=17.4 slope=-0.2
v=None vv=17.4 slope=-0.2
v=None vv=17.4 slope=-0.2
v=None vv=17.4 slope=-0.2
v=None vv=17.4 slope=-0.2
v=None vv=17.4 slope=-0.2
v=None vv=17.4 slope=-0.2
v=None vv=17.4 slope=-0.2
v=None vv=17.4 slope=-0.2
v=None vv=17.4 slope=-0.2
v=None vv=17.4 slope=-0.2
v=None vv=17.4 slope=-0.2
v=None vv=17.4 slope=-0.2
v=None vv=17.4 slope=-0.2
v=None vv=17.4 slope=-0.2
v=None vv=17.4 slope=-0.2
v=None vv=17.4 slope=-0.2
v=None vv=17.4 slope=-0.2
v=None vv=17.4 slope=-0.2
v=None vv=17.4 slope=-0.2
v=None vv=17.4 slope=-0.2
v=None vv=17.4 slope=-0.2
v=None vv=17.4 slope=-0.2
v=None vv=17.4 slope=-0.2
v=None vv=17.4 slope=-0.2
v=None vv=17.4 slope=-0.2
v=None vv=17.4 slope=-0.2
v=None vv=17.4 slope=-0.2
v=None vv=17.4 slope=-0.2
v=None vv=17.4 slope=-0.2
v=None vv=17.4 slope=-0.2
v=None vv=17.4 slope=-0.2
v=None vv=17.4 slope=-0.2
v=None vv=17.4 slope=-0.2
v=None vv=17.4 slope=-0.2
v=None vv=17.4 slope=-0.2
v=None vv=17.4 slope=-0.2
v=None vv=17.4 slope=-0.2
v=None vv=17.4 slope=-0.2
v=None vv=17.4 slope=-0.2
v=None vv=17.4 slope=-0.2
v=None vv=17.4 slope=-0.2
v=None vv=17.4 slope=-0.2
v=None vv=17.4 slope=-0.2
v=None vv=17.4 slope=-0.2
v=None vv=17.4 slope=-0.2
