0: [-9.799999999999955, -8.399999999999977, -10.600000000000023, -8.899999999999977, 0.0]
45: blocked
90: [-8.0, -8.0, -8.0, 39.5, 32.299999999999955]
135: blocked
180: blocked
225: blocked
270: blocked
315: blocked
iter 0: best dir 90 v=39.5
0: [-8.0, 0.0, -13.399999999999977, -9.299999999999955, -8.799999999999955]
45: blocked
90: [13.100000000000023, 8.200000000000045, 10.0, 26.392000000000003, 26.604]
135: blocked
180: blocked
225: blocked
270: blocked
315: [21.0, 18.299999999999955, 19.0, 13.899999999999977, 19.299999999999955]
iter 1: best dir 90 v=26.604
0: [33.200000000000045, 27.200000000000045, 26.899999999999977, 24.299999999999955, 23.200000000000045]
45: blocked
90: [15.700000000000045, 11.099999999999909, 8.0, 8.700000000000045, 12.440000000000055]
135: blocked
180: blocked
225: blocked
270: blocked
315: blocked
iter 2: best dir 0 v=33.200000000000045
0: [-8.299999999999955, -8.0, 48.89999999999998, 39.0, 27.899999999999977]
45: blocked
90: [26.306, 26.596, 26.988, 0.0, 0.0]
135: blocked
180: blocked
