RSSI 0.0 at -11.96,-0.20
RSSI 55.0 at -11.96,-0.20
RSSI 55.0 at -11.95,-0.14
RSSI 55.0 at -11.95,-0.11
RSSI 55.0 at -11.97,-0.01
RSSI 55.0 at -11.97,0.07
RSSI 55.0 at -11.98,0.16
RSSI 55.0 at -11.99,0.24
RSSI 55.0 at -12.01,0.36
RSSI 55.0 at -12.02,0.44
RSSI 51.5 at -12.03,0.53
RSSI 48.59999999999991 at -12.04,0.61
RSSI 41.700000000000045 at -12.06,0.70
RSSI 40.5 at -12.07,0.81
RSSI 36.5 at -12.08,0.90
RSSI 36.09999999999991 at -12.09,0.98
RSSI 32.5 at -12.09,1.07
RSSI 29.700000000000045 at -12.10,1.15
RSSI 24.5 at -12.11,1.27
RSSI 27.399999999999977 at -12.12,1.32
RSSI 21.0 at -12.10,1.30
RSSI 20.0 at -12.07,1.25
RSSI 16.399999999999977 at -12.06,1.24
RSSI 15.899999999999977 at -12.04,1.19
RSSI 16.799999999999955 at -12.04,1.18
RSSI 12.700000000000045 at -12.01,1.13
RSSI 16.700000000000045 at -12.01,1.12
RSSI 10.299999999999955 at -11.99,1.07
RSSI 10.899999999999977 at -11.97,1.03
RSSI 8.0 at -11.95,0.97
RSSI 8.599999999999909 at -11.95,0.97
RSSI 11.200000000000045 at -11.92,0.91
RSSI 10.5 at -11.92,0.90
RSSI 12.599999999999909 at -11.90,0.84
RSSI 8.0 at -11.90,0.83
RSSI 10.200000000000045 at -11.94,0.75
RSSI 8.399999999999977 at -11.97,0.67
RSSI 10.700000000000045 at -12.00,0.59
RSSI 0.0 at -12.04,0.50
RSSI 24.59 at -12.05,0.45
RSSI 0.0 at -12.05,0.44
RSSI 0.0 at -12.20,0.02
RSSI 0.0 at -11.33,-1.43
RSSI 0.0 at -11.24,-1.42
RSSI -8.0 at -11.15,-1.41
RSSI -8.0 at -11.07,-1.40
RSSI 0.0 at -10.98,-1.39
RSSI 0.0 at -10.87,-1.37
RSSI -8.860000000000014 at -10.78,-1.37
RSSI 0.0 at -10.69,-1.36
RSSI -8.0 at -10.61,-1.35
RSSI -8.0 at -10.51,-1.33
RSSI 0.0 at -10.41,-1.32
