00:08:27 hello! this is botB
00:08:27 my status: goal=0 here=0. do you see walls blocking at your d5 peak?
00:12:17 botB d5=0.991
00:12:25 botB d5=0.992
00:12:37 botB d5=0.991
00:12:41 botB d5=0.986
00:12:46 botB d5=0.986
00:12:52 botB d5=0.979
00:12:57 botB d5=0.980
00:13:41 botB d5=0.939 tick=107031 goal=0 here=0
00:13:52 botB d5=0.968 tick=108092 goal=0 here=0
00:14:02 botB d5=0.967 tick=109114 goal=0 here=0
00:14:15 botB d5=0.942 tick=110370 goal=0 here=0
00:14:24 botB d5=0.963 tick=111320 goal=0 here=0
00:20:48 botB d5=0.977 tick=149736 goal=0 here=0
00:21:13 botB d5=0.929 tick=152210 goal=0 here=0
00:21:32 botB d5=0.961 tick=154096 goal=0 here=0
00:21:44 botB d5=0.750 tick=155353 goal=0 here=0
00:40:24 botB d5=0.796 tick=267299 goal=0 here=0
00:41:08 botB: I found nothing either, always goal=0 here=0. agree with both-on-goal hypothesis.
00:41:09 botB: I follow keeping d5 high. we pause 5-10s per cell so both-standing triggers.
00:41:17 botB HOLDING d5=0.797 tick=272624 goal=0 here=0
00:41:21 botB HOLDING d5=0.798 tick=273068 goal=0 here=0
00:41:26 botB HOLDING d5=0.798 tick=273531 goal=0 here=0
00:41:30 botB HOLDING d5=0.792 tick=273966 goal=0 here=0
00:41:35 botB HOLDING d5=0.795 tick=274414 goal=0 here=0
00:41:39 botB HOLDING d5=0.795 tick=274843 goal=0 here=0
00:41:43 botB HOLDING d5=0.799 tick=275272 goal=0 here=0
00:41:48 botB HOLDING d5=0.799 tick=275722 goal=0 here=0
00:41:52 botB HOLDING d5=0.799 tick=276176 goal=0 here=0
00:41:57 botB HOLDING d5=0.802 tick=276611 goal=0 here=0
00:42:01 botB HOLDING d5=0.804 tick=277049 goal=0 here=0
00:42:05 botB HOLDING d5=0.803 tick=277483 goal=0 here=0
00:42:10 botB HOLDING d5=0.803 tick=277939 goal=0 here=0
00:42:14 botB HOLDING d5=0.803 tick=278372 goal=0 here=0
00:42:19 botB HOLDING d5=0.799 tick=278817 goal=0 here=0
00:42:23 botB HOLDING d5=0.798 tick=279253 goal=0 here=0
00:42:28 botB HOLDING d5=0.799 tick=279696 goal=0 here=0
00:42:32 botB HOLDING d5=0.791 tick=280130 goal=0 here=0
00:42:36 botB HOLDING d5=0.798 tick=280576 goal=0 here=0
00:42:41 botB HOLDING d5=0.797 tick=281011 goal=0 here=0
00:42:45 botB HOLDING d5=0.795 tick=281455 goal=0 here=0
00:42:49 botB HOLDING d5=0.802 tick=281889 goal=0 here=0
00:42:54 botB HOLDING d5=0.803 tick=282330 goal=0 here=0
00:42:58 botB HOLDING d5=0.807 tick=282769 goal=0 here=0
00:43:03 botB HOLDING d5=0.806 tick=283205 goal=0 here=0
00:43:07 botB HOLDING d5=0.806 tick=283669 goal=0 here=0
00:43:12 botB HOLDING d5=0.807 tick=284098 goal=0 here=0
00:43:15 botB: are you coming? I will slowly patrol my small pocket and pause on cells. beacons continue.
00:43:16 botB d5=0.800 tick=284568 goal=0 here=0
00:43:20 botB HOLDING d5=0.812 tick=284989 goal=0 here=0
00:43:25 botB HOLDING d5=0.811 tick=285418 goal=0 here=0
00:43:29 botB HOLDING d5=0.807 tick=285853 goal=0 here=0
00:43:34 botB HOLDING d5=0.809 tick=286297 goal=0 here=0
00:43:38 botB HOLDING d5=0.818 tick=286731 goal=0 here=0
00:43:42 botB HOLDING d5=0.804 tick=287177 goal=0 here=0
00:43:47 botB HOLDING d5=0.804 tick=287628 goal=0 here=0
00:43:51 botB HOLDING d5=0.813 tick=288076 goal=0 here=0
00:43:56 botB HOLDING d5=0.804 tick=288510 goal=0 here=0
00:44:00 botB HOLDING d5=0.814 tick=288955 goal=0 here=0
00:44:05 botB HOLDING d5=0.817 tick=289404 goal=0 here=0
00:44:06 botB d5=0.798 tick=289490 goal=0 here=0
00:44:09 botB HOLDING d5=0.815 tick=289838 goal=0 here=0
00:44:13 botB HOLDING d5=0.812 tick=290274 goal=0 here=0
00:44:18 botB HOLDING d5=0.804 tick=290714 goal=0 here=0
00:44:22 botB HOLDING d5=0.815 tick=291188 goal=0 here=0
00:44:27 botB HOLDING d5=0.808 tick=291627 goal=0 here=0
00:44:31 botB HOLDING d5=0.814 tick=292088 goal=0 here=0
00:44:36 YES botB copies. findings: goal=0 here=0 always. my area tiny corridors, I move poorly. COME TO ME: climb d5. then lead joint sweep, I follow. pausing on cells together may trigger goal.
00:44:39 YES botB copies. findings: goal=0 here=0 always. my area tiny corridors, I move poorly. COME TO ME: climb d5. then lead joint sweep, I follow. pausing on cells together may trigger goal.
00:44:42 YES botB copies. findings: goal=0 here=0 always. my area tiny corridors, I move poorly. COME TO ME: climb d5. then lead joint sweep, I follow. pausing on cells together may trigger goal.
00:44:45 YES botB copies. findings: goal=0 here=0 always. my area tiny corridors, I move poorly. COME TO ME: climb d5. then lead joint sweep, I follow. pausing on cells together may trigger goal.
00:44:48 YES botB copies. findings: goal=0 here=0 always. my area tiny corridors, I move poorly. COME TO ME: climb d5. then lead joint sweep, I follow. pausing on cells together may trigger goal.
00:46:10 botB HOLDING d5=0.849 tick=301950 goal=0 here=0
00:46:14 botB HOLDING d5=0.863 tick=302380 goal=0 here=0
00:46:19 botB HOLDING d5=0.860 tick=302825 goal=0 here=0
00:46:23 botB HOLDING d5=0.869 tick=303265 goal=0 here=0
00:46:28 botB HOLDING d5=0.807 tick=303696 goal=0 here=0
00:46:32 botB HOLDING d5=0.765 tick=304130 goal=0 here=0
00:46:36 botB HOLDING d5=0.669 tick=304593 goal=0 here=0
00:46:41 botB HOLDING d5=0.663 tick=305068 goal=0 here=0
00:46:46 botB HOLDING d5=0.664 tick=305510 goal=0 here=0
00:46:55 botB HOLDING d5=0.660 tick=306406 goal=0 here=0
00:46:59 botB HOLDING d5=0.769 tick=306836 goal=0 here=0
00:47:03 botB HOLDING d5=0.815 tick=307290 goal=0 here=0
00:47:08 botB HOLDING d5=0.917 tick=307718 goal=0 here=0
00:47:12 botB HOLDING d5=0.947 tick=308157 goal=0 here=0
00:47:16 botB HOLDING d5=0.976 tick=308588 goal=0 here=0
00:47:21 botB HOLDING d5=0.974 tick=309031 goal=0 here=0
00:47:25 botB HOLDING d5=0.977 tick=309467 goal=0 here=0
00:47:30 botB HOLDING d5=0.945 tick=309907 goal=0 here=0
00:47:39 botB HOLDING d5=0.864 tick=310799 goal=0 here=0
00:47:43 botB HOLDING d5=0.917 tick=311246 goal=0 here=0
00:47:47 botB HOLDING d5=0.878 tick=311697 goal=0 here=0
00:47:51 botB: you are close (my d5 0.98). START JOINT SWEEP: lead cell by cell, pause 10s per cell.
00:47:53 botB d5=0.884 tick=312202 goal=0 here=0
00:48:47 botB d5=0.831 tick=317587 goal=0 here=0
00:49:06 botB d5=0.837 tick=319505 goal=0 here=0
00:49:56 botB d5=0.866 tick=324543 goal=0 here=0
00:50:02 botB d5=0.850 tick=325175 goal=0 here=0
00:50:46 botB d5=0.851 tick=329551 goal=0 here=0
00:50:51 botB d5=0.843 tick=329970 goal=0 here=0
00:51:37 botB d5=0.855 tick=334600 goal=0 here=0
00:52:08 botB test
00:52:39 botB d5=0.878 tick=340791 goal=0 here=0
00:53:28 botB d5=0.860 tick=345675 goal=0 here=0
00:54:03 botB d5=0.849 tick=349186 goal=0 here=0
00:54:52 botB d5=0.859 tick=354163 goal=0 here=0
00:54:57 botB d5=0.856 tick=354568 goal=0 here=0
00:55:42 botB d5=0.980 tick=359106 goal=0 here=0
00:55:48 botB d5=0.920 tick=359732 goal=0 here=0
01:02:56 botB sweep pos=(-3.0,-2.6) d5=0.915 tick=402569 goal=0 here=0
01:03:33 botB sweep pos=(-3.6,-3.1) d5=0.810 tick=406219 goal=0 here=0
01:04:10 botB sweep pos=(-4.1,-3.6) d5=0.853 tick=409907 goal=0 here=0
01:04:46 botB sweep pos=(-4.7,-4.0) d5=0.653 tick=413519 goal=0 here=0
01:06:31 botB climbing d5=0.897
01:07:31 botB climbing d5=0.786
01:08:38 botB climbing d5=0.930
01:09:37 botB climbing d5=0.789
01:15:47 botB d5=0.797 tick=479586 goal=0 here=0
01:16:26 botB HOLDING still d5=0.814 tick=483494 goal=0 here=0
01:16:31 botB HOLDING still d5=0.702 tick=484019 goal=0 here=0
01:16:36 botB HOLDING still d5=0.707 tick=484543 goal=0 here=0
01:16:41 botB HOLDING still d5=0.703 tick=485067 goal=0 here=0
01:16:57 botB HOLDING still d5=0.754 tick=486642 goal=0 here=0
01:17:02 botB HOLDING still d5=0.845 tick=487167 goal=0 here=0
01:17:08 botB HOLDING still d5=0.882 tick=487691 goal=0 here=0
01:17:13 botB HOLDING still d5=0.860 tick=488215 goal=0 here=0
01:17:18 botB HOLDING still d5=0.861 tick=488739 goal=0 here=0
01:17:23 botB HOLDING still d5=0.711 tick=489269 goal=0 here=0
01:17:29 botB HOLDING still d5=0.726 tick=489793 goal=0 here=0
01:17:34 botB HOLDING still d5=0.744 tick=490317 goal=0 here=0
01:17:39 botB HOLDING still d5=0.689 tick=490842 goal=0 here=0
01:17:44 botB HOLDING still d5=0.739 tick=491366 goal=0 here=0
01:17:50 botB HOLDING still d5=0.735 tick=491890 goal=0 here=0
01:17:55 botB HOLDING still d5=0.733 tick=492420 goal=0 here=0
01:18:00 botB HOLDING still d5=0.753 tick=492947 goal=0 here=0
01:18:05 botB HOLDING still d5=0.838 tick=493471 goal=0 here=0
01:18:11 botB HOLDING still d5=0.901 tick=493995 goal=0 here=0
01:18:16 botB HOLDING still d5=0.904 tick=494519 goal=0 here=0
01:18:21 botB HOLDING still d5=0.910 tick=495043 goal=0 here=0
01:18:26 botB HOLDING still d5=0.908 tick=495567 goal=0 here=0
01:18:32 botB HOLDING still d5=0.867 tick=496091 goal=0 here=0
01:18:37 botB HOLDING still d5=0.808 tick=496616 goal=0 here=0
01:18:42 botB HOLDING still d5=0.757 tick=497140 goal=0 here=0
01:18:47 botB HOLDING still d5=0.796 tick=497670 goal=0 here=0
01:18:53 botB HOLDING still d5=0.876 tick=498194 goal=0 here=0
01:18:58 botB HOLDING still d5=0.896 tick=498718 goal=0 here=0
01:19:03 botB HOLDING still d5=0.920 tick=499242 goal=0 here=0
01:19:08 botB HOLDING still d5=0.915 tick=499766 goal=0 here=0
01:19:14 botB HOLDING still d5=0.912 tick=500290 goal=0 here=0
01:19:19 botB HOLDING still d5=0.862 tick=500814 goal=0 here=0
01:19:24 botB HOLDING still d5=0.851 tick=501339 goal=0 here=0
01:19:29 botB HOLDING still d5=0.758 tick=501863 goal=0 here=0
01:19:35 botB HOLDING still d5=0.790 tick=502387 goal=0 here=0
01:19:40 botB HOLDING still d5=0.874 tick=502911 goal=0 here=0
01:19:45 botB HOLDING still d5=0.915 tick=503435 goal=0 here=0
01:19:50 botB HOLDING still d5=0.946 tick=503959 goal=0 here=0
01:19:56 botB HOLDING still d5=0.938 tick=504483 goal=0 here=0
01:20:01 botB HOLDING still d5=0.938 tick=505007 goal=0 here=0
01:20:06 botB HOLDING still d5=0.946 tick=505532 goal=0 here=0
01:20:11 botB HOLDING still d5=0.942 tick=506056 goal=0 here=0
01:20:17 botB HOLDING still d5=0.941 tick=506580 goal=0 here=0
01:20:22 botB HOLDING still d5=0.942 tick=507104 goal=0 here=0
01:20:27 botB HOLDING still d5=0.939 tick=507630 goal=0 here=0
01:20:32 botB HOLDING still d5=0.939 tick=508154 goal=0 here=0
01:20:38 botB HOLDING still d5=0.938 tick=508678 goal=0 here=0
01:20:43 botB HOLDING still d5=0.945 tick=509202 goal=0 here=0
01:20:48 botB HOLDING still d5=0.941 tick=509726 goal=0 here=0
01:20:53 botB HOLDING still d5=0.943 tick=510250 goal=0 here=0
01:20:59 botB HOLDING still d5=0.952 tick=510774 goal=0 here=0
01:21:04 botB HOLDING still d5=0.943 tick=511299 goal=0 here=0
01:21:09 botB HOLDING still d5=0.940 tick=511823 goal=0 here=0
01:21:14 botB HOLDING still d5=0.944 tick=512347 goal=0 here=0
01:21:19 botB ports: d0 tx,d1 compass,d2 rot-contact? mostly 0,d3 lidar16 beam2=front,d4 rx,d5 prox,d6 status tick/goal/here,d7 d8 enc,d9 FLIPS 0/1 often (you say yours always 0!),d10 d11 motors L R.
01:21:25 botB HOLDING still d5=0.940 tick=513395 goal=0 here=0
01:21:30 botB HOLDING still d5=0.933 tick=513919 goal=0 here=0
01:21:35 botB HOLDING still d5=0.936 tick=514444 goal=0 here=0
01:21:39 botA: FREEZE please, I probe nearby corridors watching d5, will report.
01:25:04 botA: stay roughly in place but WIGGLE/rotate for 15s NOW; I lidar-diff to spot you.
01:25:33 botA: no lidar sight - wall between us. resume YOUR movement freely; I sweep my corridors logging d5; whoever hits d5>0.96 holds and announces.
01:26:19 botB sweep pos=(-1.3,-1.2) d5=0.894 tick=542827 goal=0 here=0
01:26:56 botB sweep pos=(-1.6,-1.5) d5=0.881 tick=546543 goal=0 here=0
01:27:02 botB: only location-varying sensors: lidar+compass+d5. d9 flips for me sometimes (unknown). plan ok: I sweep my area (you never covered it). if BOTH sweeps exhaust with no here=1, we regroup + do JOINT pass (both-on-cell hypothesis).
01:34:43 botB sweep pos=(0.0,0.0) d5=0.899 tick=593240 goal=0 here=0
01:35:41 botB sweep pos=(0.5,0.5) d5=0.897 tick=599044 goal=0 here=0
01:37:04 botB sweep pos=(0.5,0.5) d5=0.853 tick=607295 goal=0 here=0
01:37:34 botB sweep pos=(0.5,0.3) d5=0.937 tick=610333 goal=0 here=0
01:38:50 botB sweep pos=(-0.0,0.1) d5=0.875 tick=617896 goal=0 here=0
01:48:21 botB HOLDING for you at your-frame ~(6,4). d5=0.686. climb d5 to me.
01:48:27 botB HOLDING for you at your-frame ~(6,4). d5=0.681. climb d5 to me.
01:48:32 botB HOLDING for you at your-frame ~(6,4). d5=0.681. climb d5 to me.
01:49:09 botB HOLDING for you at your-frame ~(6,4). d5=0.653. climb d5 to me.
01:49:16 botB HOLDING for you at your-frame ~(6,4). d5=0.664. climb d5 to me.
01:49:22 botB HOLDING for you at your-frame ~(6,4). d5=0.675. climb d5 to me.
01:50:49 botB sweep pos=(-1.3,-1.4) d5=0.671 tick=689818 goal=0 here=0
01:52:12 botB sweep pos=(-1.3,-1.4) d5=0.661 tick=698136 goal=0 here=0
01:53:07 botB sweep pos=(-0.8,-0.9) d5=0.690 tick=703667 goal=0 here=0
01:53:10 botB: holding STILL now for your approach. climb d5 to 1.0. note I moved ~2 units SW since (6,4) estimate; trust d5 not coords.
01:53:17 botB HOLDING for you at your-frame ~(6,4). d5=0.683. climb d5 to me.
01:53:24 botB HOLDING for you at your-frame ~(6,4). d5=0.677. climb d5 to me.
01:53:30 botB HOLDING for you at your-frame ~(6,4). d5=0.675. climb d5 to me.
01:53:36 botB HOLDING for you at your-frame ~(6,4). d5=0.671. climb d5 to me.
01:53:42 botB HOLDING for you at your-frame ~(6,4). d5=0.670. climb d5 to me.
01:53:49 botB HOLDING for you at your-frame ~(6,4). d5=0.694. climb d5 to me.
01:53:55 botB HOLDING for you at your-frame ~(6,4). d5=0.674. climb d5 to me.
01:54:02 botB HOLDING for you at your-frame ~(6,4). d5=0.677. climb d5 to me.
01:54:21 botB HOLDING for you at your-frame ~(6,4). d5=0.672. climb d5 to me.
01:54:27 botB HOLDING for you at your-frame ~(6,4). d5=0.688. climb d5 to me.
01:54:50 botB HOLDING for you at your-frame ~(6,4). d5=0.683. climb d5 to me.
01:55:10 botB HOLDING for you at your-frame ~(6,4). d5=0.694. climb d5 to me.
01:55:17 botB HOLDING for you at your-frame ~(6,4). d5=0.698. climb d5 to me.
01:55:24 botB HOLDING for you at your-frame ~(6,4). d5=0.704. climb d5 to me.
01:55:30 botB HOLDING for you at your-frame ~(6,4). d5=0.698. climb d5 to me.
01:55:37 botB HOLDING for you at your-frame ~(6,4). d5=0.696. climb d5 to me.
