junction pos=0.69,0.09 h=60 N=0.09 E=0.15 S=0.42 W=1.29 open=['W'] best=W
drove W 0.00 stop=front pos=0.70,0.10
junction pos=0.74,0.09 h=275 N=0.08 E=1.29 S=0.47 W=0.42 open=['S'] best=S
drove S 0.21 stop=front pos=0.73,-0.11
junction pos=0.73,-0.12 h=181 N=0.25 E=1.26 S=0.30 W=1.20 open=['W', 'E'] best=E
drove E 1.28 stop=front pos=2.01,-0.13
junction pos=2.02,-0.13 h=86 N=0.68 E=0.29 S=0.22 W=2.23 open=['N', 'W'] best=N
drove N 0.52 stop=front pos=2.01,0.39
junction pos=2.01,0.40 h=2 N=0.30 E=0.34 S=0.63 W=0.71 open=['W', 'S'] best=W
drove W 0.40 stop=right_open pos=1.48,0.40
junction pos=1.47,0.40 h=266 N=2.99 E=0.75 S=0.21 W=0.31 open=['N', 'E'] best=N
RX: A pos -6.75 0.47
drove N 3.99 stop=front pos=1.35,4.37
junction pos=1.35,4.38 h=356 N=0.30 E=0.25 S=2.99 W=0.71 open=['W', 'S'] best=W
drove W 0.34 stop=right_open pos=0.88,4.36
junction pos=0.88,4.36 h=269 N=0.32 E=0.60 S=2.66 W=0.35 open=['S'] best=S
drove S 1.45 stop=right_open pos=0.82,2.79
junction pos=0.82,2.78 h=181 N=1.39 E=0.22 S=1.60 W=0.29 open=['S', 'N'] best=S
RX: A pos -7.79 0.57
drove S 1.57 stop=right_open pos=0.79,1.10
junction pos=0.79,1.09 h=180 N=2.66 E=0.22 S=0.32 W=1.27 open=['W', 'N'] best=W
RX: PING from=beta x=0 y=0
RX: A pos -8.15 2.66
drove W 0.50 stop=right_open pos=0.17,1.06
junction pos=0.17,1.06 h=263 N=0.14 E=0.74 S=0.38 W=0.83 open=['W', 'E'] best=W
drove W 0.44 stop=right_open pos=-0.40,1.01
RX: A pos -7.99 0.47
junction pos=-0.41,1.01 h=262 N=1.22 E=1.18 S=0.42 W=0.39 open=['N', 'E'] best=N
RX: HELLO from=beta
RX: HELP
RX: A pos -7.55 0.36
RX: STATUS
RX: WHO
RX: A pos -7.49 0.58
RX: CMD stop
RX: alpha: hello
drove N 0.92 stop=right_open pos=-0.49,2.05
RX: A pos -7.23 0.54
junction pos=-0.49,2.05 h=356 N=0.43 E=0.63 S=1.01 W=0.31 open=['E', 'S'] best=E
RX: MSG hi
RX: FOLLOW me
RX: GOTO 0 0
RX: A pos -6.93 1.31
RX: PING from=beta x=0.0 y=0.0
drove E 0.52 stop=front pos=0.01,2.08
junction pos=0.02,2.08 h=89 N=2.40 E=0.28 S=0.60 W=0.71 open=['N', 'W'] best=N
RX: A pos -6.35 2.87
drove N 0.17 stop=right_open pos=0.01,2.39
junction pos=0.01,2.39 h=354 N=9.90 E=0.30 S=0.86 W=0.74 open=['N', 'W', 'S'] best=N
drove N 0.43 stop=right_open pos=-0.01,2.95
junction pos=-0.01,2.95 h=359 N=1.73 E=0.25 S=1.27 W=0.20 open=['N', 'S'] best=N
drove N 0.45 stop=right_open pos=-0.01,3.53
junction pos=-0.01,3.53 h=1 N=1.26 E=0.36 S=1.70 W=0.25 open=['N', 'S'] best=N
RX: A pos -2.14 2.86
drove N 0.75 stop=right_open pos=-0.00,4.41
RX: A pos -0.91 3.15
junction pos=-0.00,4.41 h=2 N=0.58 E=0.34 S=2.35 W=0.27 open=['S'] best=S
RX: A pos -0.85 3.41
RX: A: I am A. Are you an AI agent? Answer YES or NO.
drove S 0.44 stop=right_open pos=0.02,3.84
junction pos=0.02,3.84 h=176 N=1.06 E=0.28 S=1.98 W=0.21 open=['S', 'N'] best=S
RX: A pos -4.95 2.84
drove S 1.32 stop=right_open pos=0.06,2.39
junction pos=0.06,2.38 h=177 N=2.12 E=0.25 S=0.85 W=0.73 open=['W', 'S', 'N'] best=W
RX: A pos -6.96 2.33
drove W 0.61 stop=front pos=-0.54,2.35
junction pos=-0.55,2.35 h=262 N=0.17 E=0.74 S=1.82 W=0.29 open=['S', 'E'] best=S
RX: A pos -6.75 1.05
RX: A pos -6.51 0.94
RX: A pos -6.64 2.58
RX: A pos -6.39 2.66
drove S 1.81 stop=right_open pos=-0.49,0.43
RX: A pos -6.13 2.70
junction pos=-0.49,0.42 h=176 N=1.61 E=1.18 S=0.33 W=0.27 open=['E', 'N'] best=E
drove E 1.25 stop=front pos=0.76,0.38
junction pos=0.77,0.38 h=91 N=0.22 E=0.29 S=0.25 W=1.18 open=['W'] best=W
drove W 1.02 stop=right_open pos=-0.38,0.33
junction pos=-0.39,0.33 h=268 N=1.78 E=1.17 S=0.27 W=0.28 open=['N', 'E'] best=E
RX: PING from=beta x=-3.17 y=-0.09
RX: PING from=beta x=-3.29 y=-0.37
drove E 0.24 stop=right_open pos=-0.03,0.33
RX: PING from=beta x=-3.00 y=-0.36
junction pos=-0.03,0.33 h=88 N=9.90 E=0.88 S=0.28 W=0.59 open=['E'] best=E
drove E 0.65 stop=right_open pos=0.75,0.34
junction pos=0.75,0.34 h=85 N=0.26 E=0.30 S=0.21 W=1.17 open=['W'] best=W
drove W 0.75 stop=right_open pos=-0.13,0.31
junction pos=-0.13,0.31 h=262 N=0.23 E=0.97 S=0.23 W=0.51 open=['E'] best=E
drove E 0.86 stop=front pos=0.72,0.32
junction pos=0.73,0.32 h=89 N=0.28 E=0.29 S=0.19 W=1.18 open=['W'] best=W
RX: PING from=beta x=-1.85 y=-0.19
RX: PING from=beta x=-3.62 y=-0.60
drove W 0.98 stop=right_open pos=-0.37,0.30
junction pos=-0.37,0.30 h=267 N=1.80 E=1.15 S=0.22 W=0.32 open=['N', 'E'] best=N
RX: PING from=beta x=-3.48 y=-2.32
drove N 0.22 stop=front pos=-0.37,0.52
junction pos=-0.37,0.53 h=360 N=0.30 E=1.09 S=0.43 W=0.40 open=['S'] best=S
RX: PING from=beta x=-1.91 y=-2.63
drove S 0.15 stop=front pos=-0.37,0.38
junction pos=-0.37,0.38 h=178 N=1.09 E=1.16 S=0.30 W=0.32 open=['E', 'N'] best=N
RX: PING from=beta x=-1.87 y=-2.55
RX: PING from=beta x=-2.74 y=-2.60
drove N 0.28 stop=right_open pos=-0.38,0.78
RX: PING from=beta x=-3.19 y=-2.58
junction pos=-0.38,0.79 h=353 N=0.25 E=1.11 S=0.60 W=0.37 open=['E', 'S'] best=E
RX: PING from=beta x=-3.97 y=-2.83
RX: PING from=beta x=-4.23 y=-2.79
RX: PING from=beta x=-4.92 y=-2.19
drove E 0.88 stop=right_open pos=0.62,0.88
junction pos=0.63,0.88 h=80 N=1.20 E=0.33 S=0.13 W=1.14 open=['N', 'W'] best=N
RX: PING from=beta x=-5.06 y=-0.06
drove N 2.20 stop=right_open pos=0.66,3.20
junction pos=0.66,3.21 h=353 N=1.04 E=0.30 S=1.94 W=0.20 open=['N', 'S'] best=N
drove N 0.79 stop=right_open pos=0.67,4.12
junction pos=0.67,4.12 h=360 N=0.34 E=0.83 S=2.61 W=0.20 open=['E', 'S'] best=E
RX: PING from=beta wf
junction pos=1.00,4.13 h=63 N=0.34 E=0.10 S=0.87 W=0.90 open=['S', 'W'] best=S
RX: PING from=beta wf
drove S 0.26 stop=front pos=0.99,3.88
junction pos=0.99,3.86 h=179 N=0.56 E=0.13 S=2.98 W=0.44 open=['W'] best=W
drove W 0.16 stop=front pos=0.84,3.86
junction pos=0.83,3.86 h=265 N=0.50 E=0.23 S=2.99 W=0.27 open=['S'] best=S
RX: PING from=beta wf
RX: PING from=beta wf
RX: PING from=beta wf
drove S 3.55 stop=front pos=0.86,0.32
junction pos=0.86,0.31 h=179 N=1.37 E=0.69 S=0.32 W=0.25 open=['E', 'N'] best=E
RX: PING from=beta wf
drove E 0.28 stop=right_open pos=1.26,0.31
RX: PING from=beta wf
junction pos=1.27,0.31 h=90 N=0.17 E=0.38 S=0.78 W=0.56 open=['S'] best=S
RX: PING from=beta wf
drove S 0.44 stop=right_open pos=1.30,-0.25
junction pos=1.30,-0.25 h=175 N=0.62 E=0.41 S=0.34 W=2.18 open=['W', 'N'] best=W
RX: PING from=beta wf
RX: PING from=beta wf
RX: PING from=beta wf
drove W 2.49 stop=front pos=-1.17,-0.39
junction pos=-1.18,-0.39 h=269 N=0.23 E=1.02 S=0.27 W=0.29 open=['E'] best=E
RX: PING from=beta wf
drove E 0.15 stop=front pos=-1.03,-0.40
junction pos=-1.02,-0.40 h=85 N=0.28 E=0.25 S=0.19 W=0.42 open=['W'] best=W
RX: PING from=beta wf
drove W 0.14 stop=front pos=-1.16,-0.39
junction pos=-1.16,-0.39 h=269 N=0.21 E=0.69 S=0.23 W=0.31 open=['E'] best=E
RX: PING from=beta wf
RX: PING from=beta wf
RX: PING from=beta wf
drove E 2.57 stop=front pos=1.40,-0.33
RX: PING from=beta wf
junction pos=1.41,-0.33 h=85 N=0.66 E=0.29 S=0.22 W=2.24 open=['N', 'W'] best=N
RX: PING from=beta wf
drove N 0.52 stop=front pos=1.40,0.17
junction pos=1.40,0.20 h=358 N=0.28 E=0.32 S=0.62 W=0.73 open=['W', 'S'] best=W
RX: PING from=beta wf
drove W 0.36 stop=right_open pos=0.90,0.19
junction pos=0.90,0.19 h=267 N=1.22 E=0.69 S=0.18 W=0.35 open=['N', 'E'] best=N
RX: PING from=beta wf
RX: PING from=beta wf
RX: PING from=beta wf
RX: PING from=beta wf
RX: PING from=beta wf
drove N 4.03 stop=front pos=0.73,4.20
junction pos=0.73,4.21 h=357 N=0.29 E=0.23 S=2.99 W=0.68 open=['W', 'S'] best=W
RX: alpha: YES. beta confirms: goal finder stops on goal, sends GOALFOUND every 10s, waits for partner. beta exploring now.
RX: PING from=beta wf
drove W 0.52 stop=front pos=0.22,4.18
junction pos=0.21,4.18 h=267 N=0.28 E=0.66 S=2.45 W=0.28 open=['S', 'E'] best=S
RX: PING from=beta wf
RX: PING from=beta wf
RX: PING from=beta wf
drove S 3.02 stop=right_open pos=0.19,1.04
RX: PING from=beta wf
junction pos=0.19,1.03 h=182 N=2.68 E=0.20 S=0.32 W=0.81 open=['W', 'N'] best=W
RX: PING from=beta wf
drove W 0.40 stop=right_open pos=-0.33,1.00
junction pos=-0.34,1.00 h=260 N=0.16 E=0.65 S=0.35 W=0.94 open=['W', 'E'] best=W
RX: PING from=beta wf
drove W 0.59 stop=right_open pos=-1.05,0.96
junction pos=-1.05,0.96 h=269 N=1.28 E=1.17 S=0.76 W=0.37 open=['N', 'S', 'E'] best=N
RX: PING from=beta wf
drove N 1.08 stop=right_open pos=-1.13,2.15
RX: PING from=beta wf
junction pos=-1.13,2.15 h=357 N=0.32 E=0.62 S=1.67 W=0.28 open=['E', 'S'] best=E
drove E -0.00 stop=front pos=-1.13,2.15
junction pos=-1.17,2.15 h=89 N=0.31 E=0.33 S=1.65 W=0.26 open=['S'] best=S
RX: PING from=beta wf
RX: PING from=beta wf
drove S 0.72 stop=right_open pos=-1.14,1.31
junction pos=-1.14,1.31 h=176 N=0.95 E=0.23 S=1.01 W=0.33 open=['S', 'N'] best=S
junction pos=-1.14,1.30 h=185 N=1.37 E=1.24 S=0.68 W=0.34 open=['N', 'E', 'S'] best=N
drove N 0.70 stop=right_open pos=-1.17,2.12
junction pos=-1.17,2.13 h=357 N=0.68 E=0.20 S=1.29 W=0.27 open=['N', 'S'] best=N
drove N 0.25 stop=right_open pos=-1.19,2.50
junction pos=-1.19,2.51 h=356 N=0.41 E=0.73 S=1.55 W=0.26 open=['E', 'S'] best=E
drove E 0.30 stop=right_open pos=-0.76,2.54
junction pos=-0.76,2.54 h=84 N=0.67 E=0.40 S=0.59 W=0.58 open=['N'] best=N
drove N 0.60 stop=left_open pos=-0.76,3.26
junction pos=-0.76,3.27 h=5 N=1.83 E=0.43 S=0.93 W=0.13 open=['S'] best=S
drove S 0.87 stop=right_open pos=-0.70,2.28
junction pos=-0.69,2.28 h=170 N=1.45 E=0.32 S=0.38 W=0.16 open=['N'] best=N
drove N 2.57 stop=right_open pos=-0.65,4.97
junction pos=-0.65,4.97 h=1 N=0.51 E=0.34 S=2.45 W=0.20 open=['S'] best=S
drove S 0.55 stop=left_open pos=-0.60,4.31
junction pos=-0.60,4.30 h=177 N=1.07 E=0.30 S=1.98 W=0.20 open=['S', 'N'] best=S
drove S 0.44 stop=left_open pos=-0.55,3.73
junction pos=-0.55,3.72 h=178 N=1.51 E=0.31 S=1.56 W=0.26 open=['S', 'N'] best=S
drove S 0.74 stop=right_open pos=-0.53,2.86
junction pos=-0.53,2.85 h=175 N=2.16 E=0.25 S=0.90 W=0.77 open=['W', 'S', 'N'] best=W
drove W 0.67 stop=front pos=-1.19,2.82
junction pos=-1.20,2.81 h=264 N=0.14 E=0.76 S=1.82 W=0.26 open=['S', 'E'] best=E
drove E 0.31 stop=left_open pos=-0.76,2.79
junction pos=-0.76,2.79 h=90 N=2.16 E=0.37 S=0.80 W=0.58 open=['S', 'N'] best=N
drove N 1.92 stop=left_open pos=-0.68,4.84
junction pos=-0.68,4.85 h=359 N=0.63 E=0.39 S=2.33 W=0.22 open=['N', 'S'] best=N
drove N 0.24 stop=right_open pos=-0.67,5.22
junction pos=-0.67,5.22 h=358 N=0.33 E=2.99 S=2.63 W=0.65 open=['E', 'W', 'S'] best=E
drove E 1.27 stop=left_open pos=0.73,5.32
junction pos=0.74,5.32 h=82 N=0.30 E=0.85 S=0.24 W=1.69 open=['E', 'W'] best=E
RX: PING from=beta wf
drove E 0.17 stop=left_open pos=1.03,5.33
junction pos=1.03,5.33 h=87 N=0.27 E=0.32 S=0.21 W=1.94 open=['W'] best=W
RX: PING from=beta wf
drove W 1.29 stop=left_open pos=-0.39,5.31
junction pos=-0.40,5.31 h=265 N=0.33 E=2.23 S=1.93 W=0.83 open=['W', 'S', 'E'] best=W
drove W 0.57 stop=left_open pos=-1.10,5.27
junction pos=-1.10,5.27 h=267 N=0.31 E=3.00 S=1.65 W=0.31 open=['S', 'E'] best=S
drove S 0.90 stop=right_open pos=-1.10,4.24
junction pos=-1.10,4.23 h=180 N=1.10 E=0.16 S=0.83 W=0.31 open=['S', 'N'] best=N
drove N 0.78 stop=right_open pos=-1.16,5.13
junction pos=-1.16,5.14 h=356 N=0.41 E=2.99 S=1.56 W=0.25 open=['E', 'S'] best=S
drove S 1.65 stop=front pos=-1.16,3.50
junction pos=-1.16,3.49 h=178 N=1.65 E=0.21 S=0.29 W=0.31 open=['N'] best=N
drove N 1.40 stop=right_open pos=-1.22,5.01
junction pos=-1.22,5.01 h=356 N=0.50 E=3.00 S=1.45 W=0.19 open=['S'] best=S
drove S 1.55 stop=front pos=-1.18,3.47
junction pos=-1.18,3.46 h=180 N=1.69 E=0.23 S=0.29 W=0.28 open=['N'] best=N
drove N 1.44 stop=right_open pos=-1.22,5.02
junction pos=-1.22,5.02 h=352 N=0.49 E=0.80 S=1.48 W=0.18 open=['S'] best=S
drove S 1.58 stop=front pos=-1.19,3.45
junction pos=-1.19,3.44 h=179 N=1.69 E=0.23 S=0.29 W=0.29 open=['N'] best=N
RX: PING from=beta wf
drove N 1.19 stop=left_open pos=-1.24,4.76
junction pos=-1.24,4.76 h=355 N=0.70 E=0.27 S=1.26 W=0.19 open=['N', 'S'] best=S
RX: PING from=beta wf
drove S 0.62 stop=right_open pos=-1.21,4.00
RX: PING from=beta wf
junction pos=-1.21,4.00 h=174 N=1.29 E=0.20 S=0.67 W=0.22 open=['S', 'N'] best=N
RX: PING from=beta wf
drove N 0.20 stop=right_open pos=-1.22,4.32
junction pos=-1.22,4.33 h=357 N=1.02 E=0.28 S=0.92 W=0.23 open=['N', 'S'] best=S
RX: PING from=beta wf
RX: PING from=beta wf
drove S 0.87 stop=front pos=-1.21,3.47
junction pos=-1.21,3.45 h=176 N=1.66 E=0.25 S=0.29 W=0.27 open=['N'] best=N
RX: PING from=beta wf
drove N 0.67 stop=left_open pos=-1.22,4.25
junction pos=-1.22,4.25 h=359 N=1.09 E=0.25 S=0.88 W=0.25 open=['N', 'S'] best=S
drove S 0.80 stop=front pos=-1.21,3.46
junction pos=-1.21,3.45 h=182 N=1.68 E=0.26 S=0.28 W=0.30 open=['N'] best=N
junction pos=-1.21,3.53 h=73 N=1.73 E=0.23 S=0.33 W=0.26 open=['N'] best=N
RX: PING from=beta wf
drove N 0.73 stop=left_open pos=-1.23,4.33
junction pos=-1.23,4.34 h=358 N=1.00 E=0.27 S=0.94 W=0.19 open=['N', 'S'] best=S
drove N 0.94 stop=front pos=-1.25,4.46
junction pos=-1.25,4.46 h=318 N=0.97 E=0.29 S=1.02 W=0.21 open=['N', 'S'] best=N
RX: PING from=beta wf
RX: PING from=beta wf
drove N 0.65 stop=right_open pos=-1.27,5.23
RX: PING from=beta wf
junction pos=-1.27,5.23 h=1 N=0.40 E=3.00 S=1.55 W=0.18 open=['E', 'S'] best=E
drove E 0.39 stop=right_open pos=-0.75,5.26
junction pos=-0.74,5.26 h=83 N=0.39 E=3.00 S=2.64 W=0.59 open=['S', 'E', 'W'] best=S
drove S 0.90 stop=left_open pos=-0.64,4.24
junction pos=-0.64,4.24 h=171 N=1.18 E=0.29 S=1.85 W=0.25 open=['S', 'N'] best=S
drove S 0.48 stop=left_open pos=-0.59,3.63
junction pos=-0.59,3.63 h=174 N=1.61 E=0.24 S=1.40 W=0.21 open=['S', 'N'] best=S
drove S 0.42 stop=left_open pos=-0.57,3.08
junction pos=-0.57,3.08 h=173 N=2.06 E=0.22 S=0.98 W=0.73 open=['W', 'S', 'N'] best=W
drove W 0.15 stop=front pos=-0.70,3.08
junction pos=-0.72,3.08 h=267 N=2.05 E=0.35 S=0.91 W=0.63 open=['N', 'S'] best=S
drove S 0.82 stop=front pos=-0.69,2.27
junction pos=-0.69,2.26 h=174 N=2.66 E=0.31 S=0.31 W=0.19 open=['N'] best=N
drove N 0.24 stop=left_open pos=-0.68,2.62
junction pos=-0.67,2.63 h=4 N=2.38 E=0.34 S=0.59 W=0.64 open=['N', 'W', 'S'] best=W
drove W 0.26 stop=left_open pos=-1.06,2.65
junction pos=-1.07,2.65 h=268 N=0.41 E=0.64 S=1.59 W=0.33 open=['S', 'E'] best=S
drove S 0.27 stop=right_open pos=-1.07,2.24
junction pos=-1.07,2.24 h=182 N=0.74 E=0.14 S=1.28 W=0.37 open=['S', 'N'] best=S
RX: PING from=beta wf
drove S 0.51 stop=left_open pos=-1.08,1.60
junction pos=-1.08,1.60 h=182 N=1.22 E=1.16 S=0.81 W=0.33 open=['S', 'E', 'N'] best=S
RX: PING from=beta wf
drove S 0.56 stop=left_open pos=-1.06,0.91
junction pos=-1.06,0.90 h=180 N=1.74 E=1.18 S=0.28 W=0.30 open=['E', 'N'] best=E
RX: PING from=beta wf
drove E 0.32 stop=right_open pos=-0.62,0.91
junction pos=-0.61,0.91 h=88 N=0.20 E=0.83 S=0.34 W=0.63 open=['E', 'W'] best=E
RX: PING from=beta wf
RX: PING from=beta wf
drove E 0.72 stop=front pos=0.10,0.91
junction pos=0.11,0.91 h=92 N=0.23 E=0.29 S=0.26 W=1.17 open=['W'] best=W
RX: PING from=beta wf
drove W 0.39 stop=left_open pos=-0.41,0.89
junction pos=-0.41,0.89 h=259 N=0.16 E=0.66 S=0.26 W=0.86 open=['W', 'E'] best=W
RX: PING from=beta wf
drove W 0.49 stop=right_open pos=-1.02,0.86
junction pos=-1.03,0.86 h=267 N=1.72 E=1.15 S=0.24 W=0.32 open=['N', 'E'] best=N
drove N 0.38 stop=right_open pos=-1.05,1.36
junction pos=-1.05,1.36 h=354 N=1.33 E=1.15 S=0.64 W=0.35 open=['E', 'N', 'S'] best=E
drove E 0.94 stop=left_open pos=0.00,1.44
junction pos=0.01,1.44 h=89 N=1.92 E=0.33 S=0.19 W=1.17 open=['N', 'W'] best=N
drove N 0.82 stop=left_open pos=0.02,2.39
junction pos=0.02,2.40 h=3 N=2.04 E=0.31 S=0.90 W=0.23 open=['N', 'S'] best=N
drove N 0.44 stop=left_open pos=0.01,2.96
RX: PING from=beta wf
junction pos=0.01,2.97 h=1 N=1.62 E=9.90 S=1.33 W=0.16 open=['E', 'N', 'S'] best=E
drove E 0.05 stop=front pos=0.05,2.97
junction pos=0.02,2.97 h=91 N=0.45 E=0.33 S=1.32 W=0.17 open=['S'] best=S
RX: PING from=beta wf
RX: PING from=beta wf
drove S 1.18 stop=right_open pos=0.09,1.68
RX: PING from=beta wf
junction pos=0.09,1.68 h=172 N=0.49 E=0.31 S=0.37 W=1.25 open=['W'] best=W
drove W 0.17 stop=right_open pos=-0.22,1.66
RX: PING from=beta wf
junction pos=-0.22,1.66 h=260 N=0.15 E=0.55 S=0.40 W=1.02 open=['W', 'E'] best=W
drove W 0.70 stop=right_open pos=-1.03,1.58
RX: PING from=beta wf
junction pos=-1.04,1.57 h=264 N=1.19 E=1.15 S=0.81 W=0.39 open=['N', 'S', 'E'] best=E
drove E 0.00 stop=front pos=-1.04,1.57
junction pos=-1.08,1.57 h=96 N=1.20 E=0.29 S=0.82 W=0.34 open=['S', 'N'] best=N
RX: PING from=beta wf
RX: PING from=beta wf
drove N 0.89 stop=right_open pos=-1.15,2.58
junction pos=-1.15,2.59 h=353 N=0.41 E=0.67 S=1.57 W=0.30 open=['E', 'S'] best=S
RX: PING from=beta wf
RX: PING from=beta wf
drove S 0.86 stop=left_open pos=-1.15,1.59
junction pos=-1.15,1.59 h=175 N=1.17 E=1.21 S=0.79 W=0.28 open=['S', 'E', 'N'] best=N
drove N 0.89 stop=right_open pos=-1.18,2.60
junction pos=-1.19,2.60 h=353 N=0.41 E=0.71 S=1.60 W=0.27 open=['E', 'S'] best=S
drove S 0.86 stop=left_open pos=-1.17,1.61
junction pos=-1.17,1.61 h=175 N=1.14 E=1.27 S=0.80 W=0.26 open=['S', 'E', 'N'] best=N
RX: PING from=beta wf
drove N 0.87 stop=right_open pos=-1.21,2.60
junction pos=-1.21,2.61 h=354 N=0.41 E=0.69 S=1.61 W=0.26 open=['E', 'S'] best=S
drove S 0.87 stop=left_open pos=-1.18,1.61
junction pos=-1.18,1.60 h=178 N=1.14 E=1.29 S=0.79 W=0.26 open=['S', 'E', 'N'] best=N
drove N 0.27 stop=right_open pos=-1.17,2.00
junction pos=-1.17,2.00 h=355 N=0.84 E=0.27 S=1.10 W=0.28 open=['N', 'S'] best=N
drove N 0.48 stop=right_open pos=-1.20,2.61
junction pos=-1.20,2.61 h=1 N=0.39 E=0.72 S=1.56 W=0.26 open=['E', 'S'] best=E
drove E 0.39 stop=right_open pos=-0.70,2.64
junction pos=-0.69,2.64 h=83 N=1.64 E=0.33 S=0.60 W=0.64 open=['S', 'N', 'W'] best=S
drove S 0.41 stop=front pos=-0.68,2.24
junction pos=-0.68,2.23 h=176 N=2.69 E=0.28 S=0.28 W=0.20 open=['N'] best=N
drove N 0.30 stop=left_open pos=-0.66,2.67
junction pos=-0.67,2.68 h=359 N=2.37 E=0.30 S=0.64 W=0.65 open=['N', 'W', 'S'] best=S
drove S 0.47 stop=front pos=-0.66,2.22
junction pos=-0.66,2.21 h=181 N=2.73 E=0.28 S=0.28 W=0.20 open=['N'] best=N
drove N 0.32 stop=left_open pos=-0.66,2.65
junction pos=-0.66,2.66 h=360 N=2.38 E=0.28 S=0.64 W=0.68 open=['N', 'W', 'S'] best=N
drove N 2.44 stop=left_open pos=-0.66,5.22
junction pos=-0.66,5.22 h=1 N=0.40 E=2.98 S=2.58 W=0.68 open=['E', 'W', 'S'] best=E
drove E 0.81 stop=right_open pos=0.26,5.31
junction pos=0.27,5.31 h=86 N=0.41 E=2.44 S=0.14 W=1.28 open=['E', 'W'] best=E
RX: PING from=beta wf
drove E 0.53 stop=right_open pos=0.92,5.38
junction pos=0.92,5.38 h=78 N=0.31 E=0.81 S=0.21 W=1.31 open=['E', 'W'] best=E
drove E 0.32 stop=right_open pos=1.37,5.42
RX: PING from=beta wf
junction pos=1.37,5.42 h=84 N=0.32 E=2.35 S=0.17 W=2.11 open=['E', 'W'] best=E
drove E 0.95 stop=right_open pos=2.45,5.49
junction pos=2.46,5.49 h=85 N=0.22 E=1.49 S=0.24 W=2.94 open=['E', 'W'] best=E
drove E 0.52 stop=right_open pos=3.10,5.51
junction pos=3.10,5.51 h=84 N=0.21 E=1.04 S=0.26 W=3.00 open=['E', 'W'] best=E
drove E 0.69 stop=right_open pos=3.92,5.53
junction pos=3.92,5.53 h=87 N=0.18 E=0.44 S=0.81 W=3.00 open=['S', 'W'] best=S
drove S 0.21 stop=front pos=3.94,5.35
junction pos=3.94,5.32 h=175 N=0.36 E=0.39 S=0.65 W=1.86 open=['W'] best=W
drove W 2.88 stop=right_open pos=0.93,5.38
junction pos=0.92,5.38 h=268 N=0.36 E=2.48 S=0.20 W=2.04 open=['W', 'E'] best=W
drove W 1.11 stop=right_open pos=-0.31,5.39
junction pos=-0.33,5.39 h=263 N=0.31 E=2.99 S=0.22 W=1.07 open=['W', 'E'] best=W
drove W 0.16 stop=left_open pos=-0.62,5.39
junction pos=-0.62,5.39 h=266 N=0.35 E=2.99 S=2.69 W=0.87 open=['W', 'S', 'E'] best=W
drove W 0.57 stop=left_open pos=-1.31,5.35
junction pos=-1.32,5.35 h=266 N=0.33 E=2.99 S=1.64 W=0.34 open=['S', 'E'] best=E
drove E 0.21 stop=left_open pos=-0.98,5.35
junction pos=-0.98,5.35 h=83 N=0.36 E=2.98 S=2.71 W=0.60 open=['S', 'E', 'W'] best=S
drove S 0.35 stop=right_open pos=-0.94,4.88
junction pos=-0.94,4.88 h=174 N=0.70 E=0.45 S=1.22 W=0.13 open=['S', 'N'] best=S
RX: PING from=beta wf
drove S 0.47 stop=left_open pos=-0.87,4.29
junction pos=-0.87,4.29 h=172 N=1.14 E=0.32 S=0.30 W=0.22 open=['N'] best=N
RX: PING from=beta wf
RX: PING from=beta wf
drove N 0.72 stop=left_open pos=-0.84,5.13
junction pos=-0.84,5.14 h=2 N=0.46 E=0.33 S=1.46 W=0.66 open=['W', 'S'] best=W
drove W 0.10 stop=front pos=-0.94,5.14
junction pos=-0.95,5.14 h=270 N=0.49 E=0.41 S=2.29 W=0.57 open=['S'] best=S
junction pos=-0.85,5.14 h=174 N=0.50 E=3.00 S=2.54 W=0.59 open=['E', 'S'] best=E
drove E 0.36 stop=front pos=-0.50,5.15
junction pos=-0.48,5.15 h=88 N=0.53 E=3.00 S=1.18 W=0.86 open=['S', 'N', 'W'] best=S
drove S 1.99 stop=left_open pos=-0.55,3.03
RX: PING from=beta wf
junction pos=-0.55,3.02 h=176 N=2.08 E=0.19 S=0.94 W=0.80 open=['W', 'S', 'N'] best=W
RX: PING from=beta wf
drove W 0.66 stop=front pos=-1.20,2.99
junction pos=-1.21,2.99 h=265 N=0.15 E=0.70 S=1.87 W=0.29 open=['S', 'E'] best=S
RX: PING from=beta wf
RX: PING from=beta wf
drove S 1.25 stop=left_open pos=-1.20,1.61
junction pos=-1.20,1.61 h=178 N=1.19 E=1.22 S=0.77 W=0.30 open=['S', 'E', 'N'] best=S
drove S 0.58 stop=left_open pos=-1.16,0.90
junction pos=-1.16,0.90 h=175 N=1.68 E=1.16 S=0.30 W=0.27 open=['E', 'N'] best=E
drove E 1.22 stop=front pos=0.05,0.90
junction pos=0.06,0.90 h=89 N=0.25 E=0.27 S=0.25 W=1.18 open=['W'] best=W
RX: PING from=beta wf
RX: PING from=beta wf
junction pos=-0.90,0.86 h=268 N=1.77 E=1.15 S=0.25 W=0.31 open=['N', 'E'] best=N
RX: PING from=beta wf
drove N 0.35 stop=right_open pos=-0.93,1.33
junction pos=-0.93,1.34 h=352 N=1.36 E=1.11 S=0.63 W=0.38 open=['E', 'N', 'S'] best=E
drove E 0.81 stop=right_open pos=-0.00,1.41
RX: PING from=beta wf
junction pos=0.00,1.41 h=84 N=1.18 E=0.40 S=0.18 W=1.10 open=['N', 'W'] best=N
RX: PING from=beta wf
drove N 3.46 stop=right_open pos=0.11,5.00
junction pos=0.11,5.00 h=1 N=0.35 E=0.87 S=2.61 W=0.17 open=['E', 'S'] best=E
drove E 0.45 stop=right_open pos=0.68,5.02
junction pos=0.68,5.02 h=84 N=0.34 E=0.39 S=2.99 W=0.61 open=['S', 'W'] best=S
drove S 0.73 stop=right_open pos=0.76,4.17
junction pos=0.76,4.17 h=173 N=1.00 E=0.30 S=2.51 W=0.19 open=['S', 'N'] best=N
drove N 0.68 stop=left_open pos=0.77,4.97
junction pos=0.77,4.98 h=0 N=0.41 E=0.33 S=3.00 W=0.69 open=['W', 'S'] best=W
drove W 0.34 stop=left_open pos=0.31,4.99
junction pos=0.30,4.98 h=268 N=0.39 E=0.69 S=2.61 W=0.32 open=['S', 'E'] best=S
drove S 0.22 stop=left_open pos=0.30,4.62
junction pos=0.30,4.62 h=178 N=0.67 E=0.18 S=2.33 W=0.32 open=['S', 'N'] best=N
RX: PING from=beta wf
drove N 0.23 stop=right_open pos=0.28,4.98
RX: PING from=beta wf
junction pos=0.28,4.98 h=351 N=0.37 E=9.90 S=1.42 W=0.33 open=['E', 'S'] best=E
RX: PING from=beta wf
drove E 0.24 stop=front pos=0.51,5.00
junction pos=0.52,5.00 h=86 N=0.38 E=0.51 S=0.18 W=0.50 open=['W'] best=W
RX: PING from=beta wf
drove W 0.17 stop=left_open pos=0.22,5.01
junction pos=0.22,5.01 h=271 N=0.31 E=0.76 S=2.62 W=0.25 open=['S', 'E'] best=S
RX: PING from=beta wf
RX: PING from=beta wf
RX: PING from=beta wf
drove S 2.21 stop=left_open pos=0.25,2.67
junction pos=0.25,2.66 h=178 N=2.14 E=0.26 S=0.84 W=0.32 open=['S', 'N'] best=S
drove S 0.34 stop=left_open pos=0.25,2.20
RX: PING from=beta wf
junction pos=0.25,2.19 h=181 N=2.48 E=0.25 S=0.48 W=0.37 open=['N'] best=N
RX: PING from=beta wf
drove N 0.24 stop=left_open pos=0.25,2.57
junction pos=0.25,2.57 h=354 N=2.21 E=0.24 S=0.77 W=9.90 open=['N', 'W', 'S'] best=N
RX: PING from=beta wf
drove N 2.28 stop=right_open pos=0.15,4.97
junction pos=0.15,4.98 h=356 N=0.36 E=0.82 S=2.61 W=0.23 open=['E', 'S'] best=S
drove S 2.18 stop=right_open pos=0.22,2.67
junction pos=0.22,2.67 h=176 N=2.11 E=0.25 S=0.84 W=0.32 open=['S', 'N'] best=S
drove S 0.52 stop=right_open pos=0.24,2.01
junction pos=0.24,2.01 h=176 N=2.63 E=0.25 S=0.34 W=1.30 open=['W', 'N'] best=W
RX: PING from=beta wf
drove W 0.68 stop=left_open pos=-0.55,1.94
junction pos=-0.56,1.94 h=260 N=0.21 E=0.90 S=0.29 W=0.73 open=['W', 'E'] best=W
RX: PING from=beta wf
drove W 0.27 stop=left_open pos=-0.95,1.91
junction pos=-0.96,1.91 h=265 N=1.24 E=1.17 S=0.79 W=0.39 open=['N', 'S', 'E'] best=N
drove N 0.93 stop=right_open pos=-1.05,2.96
junction pos=-1.05,2.96 h=352 N=0.41 E=0.67 S=1.58 W=0.30 open=['E', 'S'] best=E
drove E 0.32 stop=right_open pos=-0.61,2.99
junction pos=-0.61,2.99 h=84 N=1.33 E=0.30 S=0.61 W=0.65 open=['S', 'N', 'W'] best=S
RX: PING from=beta wf
drove S 0.41 stop=front pos=-0.59,2.59
junction pos=-0.59,2.58 h=180 N=2.71 E=0.30 S=0.29 W=0.18 open=['N'] best=N
RX: PING from=beta wf
drove N 0.21 stop=right_open pos=-0.59,2.92
junction pos=-0.59,2.92 h=1 N=2.44 E=0.33 S=0.54 W=0.64 open=['N', 'S'] best=N
RX: PING from=beta wf
drove N 0.78 stop=left_open pos=-0.62,3.83
junction pos=-0.62,3.83 h=2 N=1.71 E=0.32 S=1.24 W=0.17 open=['N', 'S'] best=N
RX: PING from=beta wf
drove N 0.27 stop=right_open pos=-0.62,4.24
junction pos=-0.61,4.24 h=3 N=1.42 E=0.38 S=1.54 W=0.17 open=['N', 'S'] best=N
drove N 0.43 stop=left_open pos=-0.60,4.80
RX: PING from=beta wf
junction pos=-0.60,4.80 h=3 N=0.98 E=0.34 S=1.96 W=0.17 open=['N', 'S'] best=N
drove N 0.65 stop=left_open pos=-0.58,5.57
RX: PING from=beta wf
junction pos=-0.58,5.58 h=356 N=0.39 E=3.00 S=2.54 W=0.66 open=['E', 'W', 'S'] best=E
RX: PING from=beta wf
