junction (4, 12) h=85 N=0.30 E=1.77 S=0.29 W=2.77 opens=['E', 'W'] best=E pos=2.11,5.82
junction (8, 12) h=88 N=0.24 E=0.51 S=0.79 W=3.00 opens=['E', 'S', 'W'] best=E pos=3.75,5.88
junction (8, 12) h=90 N=0.23 E=0.31 S=0.74 W=3.00 opens=['S', 'W'] best=W pos=3.99,5.88
junction (7, 12) h=266 N=0.29 E=0.67 S=0.24 W=2.99 opens=['E', 'W'] best=E pos=3.57,5.86
junction (8, 12) h=84 N=0.24 E=0.40 S=0.72 W=3.00 opens=['S', 'W'] best=S pos=3.90,5.86
junction (8, 11) h=175 N=0.60 E=0.32 S=0.37 W=0.65 opens=['N', 'W'] best=N pos=3.92,5.37
junction (8, 12) h=0 N=0.30 E=0.29 S=0.65 W=2.99 opens=['S', 'W'] best=W pos=3.93,5.76
junction (7, 12) h=267 N=0.30 E=0.75 S=0.13 W=3.00 opens=['E', 'W'] best=E pos=3.35,5.77
junction (7, 12) h=83 N=0.34 E=0.54 S=0.16 W=1.30 opens=['E', 'W'] best=E pos=3.68,5.78
junction (8, 12) h=86 N=0.27 E=0.32 S=0.69 W=1.76 opens=['S', 'W'] best=S pos=3.96,5.81
junction (8, 11) h=177 N=9.90 E=0.29 S=0.34 W=0.71 opens=['N', 'W'] best=N pos=3.97,5.39
junction (8, 12) h=356 N=0.26 E=0.29 S=0.66 W=3.00 opens=['S', 'W'] best=W pos=3.96,5.80
RX: PING from=beta wf
junction (7, 12) h=273 N=0.29 E=0.66 S=0.15 W=0.26 opens=['E'] best=E pos=3.44,5.80
RX: PING from=beta wf
RX: PING from=beta wf
junction (8, 12) h=87 N=0.27 E=0.37 S=0.70 W=2.99 opens=['S', 'W'] best=S pos=3.89,5.83
junction (8, 11) h=176 N=0.63 E=0.31 S=0.35 W=0.64 opens=['N', 'W'] best=N pos=3.91,5.39
junction (8, 11) h=70 N=0.60 E=0.30 S=0.38 W=0.67 opens=['N', 'W'] best=W pos=3.91,5.39
junction (7, 11) h=265 N=0.21 E=0.71 S=0.88 W=0.28 opens=['E', 'S'] best=S pos=3.40,5.35
junction (7, 9) h=182 N=0.70 E=0.19 S=0.42 W=1.26 opens=['N', 'W'] best=W pos=3.43,4.70
junction (4, 9) h=265 N=0.64 E=1.12 S=0.25 W=0.38 opens=['N', 'E'] best=N pos=2.22,4.61
junction (4, 10) h=358 N=0.32 E=0.65 S=0.57 W=0.82 opens=['E', 'S', 'W'] best=E pos=2.20,5.05
junction (6, 10) h=83 N=0.32 E=0.24 S=0.16 W=1.27 opens=['W'] best=W pos=2.76,5.09
junction (4, 10) h=272 N=0.25 E=0.68 S=0.61 W=0.83 opens=['E', 'S', 'W'] best=W pos=2.18,5.12
junction (3, 10) h=267 N=0.30 E=1.18 S=2.17 W=0.32 opens=['E', 'S'] best=S pos=1.53,5.09
junction (3, 9) h=177 N=0.65 E=0.15 S=1.85 W=0.39 opens=['N', 'S'] best=N pos=1.52,4.58
junction (3, 10) h=357 N=0.45 E=1.16 S=2.57 W=0.32 opens=['S'] best=S pos=1.51,4.89
junction (3, 8) h=185 N=1.08 E=0.18 S=1.38 W=0.31 opens=['N', 'S'] best=S pos=1.49,4.03
junction (3, 6) h=183 N=1.86 E=0.23 S=0.70 W=0.27 opens=['N', 'S'] best=S pos=1.49,3.10
junction (3, 5) h=182 N=2.21 E=0.76 S=0.39 W=0.30 opens=['N', 'E'] best=E pos=1.49,2.68
junction (4, 5) h=99 N=0.19 E=0.36 S=0.86 W=0.62 opens=['S', 'W'] best=S pos=1.95,2.67
junction (4, 4) h=180 N=0.63 E=0.89 S=0.45 W=0.61 opens=['N', 'E', 'W'] best=E pos=1.97,2.11
junction (5, 4) h=92 N=0.68 E=0.39 S=0.40 W=1.12 opens=['N', 'W'] best=N pos=2.62,2.11
junction (5, 5) h=1 N=0.39 E=0.86 S=0.67 W=0.13 opens=['E', 'S'] best=E pos=2.64,2.46
junction (7, 5) h=80 N=1.31 E=9.90 S=0.19 W=0.63 opens=['N', 'E', 'W'] best=E pos=3.30,2.49
junction (7, 5) h=88 N=1.28 E=0.27 S=0.19 W=0.76 opens=['N', 'W'] best=N pos=3.46,2.50
junction (7, 6) h=354 N=0.82 E=0.22 S=0.66 W=0.22 opens=['N', 'S'] best=N pos=3.42,3.14
RX: PING from=beta wf
junction (7, 7) h=359 N=0.35 E=0.81 S=1.13 W=0.74 opens=['E', 'S', 'W'] best=E pos=3.40,3.71
RX: PING from=beta wf
junction (8, 7) h=81 N=0.85 E=0.41 S=2.62 W=1.63 opens=['N', 'S', 'W'] best=S pos=3.91,3.74
RX: PING from=beta wf
junction (8, 4) h=173 N=2.10 E=0.31 S=1.39 W=0.19 opens=['N', 'S'] best=S pos=4.09,1.84
junction (8, 1) h=176 N=3.00 E=0.28 S=0.34 W=0.79 opens=['N', 'W'] best=W pos=4.16,0.48
junction (7, 1) h=263 N=1.08 E=0.69 S=0.34 W=0.37 opens=['N', 'E'] best=N pos=3.63,0.47
junction (7, 2) h=352 N=0.77 E=0.09 S=0.65 W=0.86 opens=['N', 'S', 'W'] best=N pos=3.59,0.87
junction (7, 3) h=354 N=0.20 E=0.21 S=1.26 W=0.36 opens=['S'] best=S pos=3.53,1.66
junction (7, 2) h=180 N=0.66 E=0.19 S=0.81 W=0.76 opens=['N', 'S', 'W'] best=W pos=3.52,1.07
junction (6, 2) h=262 N=0.18 E=0.58 S=0.54 W=0.35 opens=['E', 'S'] best=S pos=3.03,1.04
junction (6, 1) h=182 N=0.61 E=0.14 S=0.41 W=0.86 opens=['N', 'W'] best=W pos=3.02,0.44
junction (5, 1) h=270 N=0.63 E=0.64 S=1.05 W=0.36 opens=['N', 'E', 'S'] best=N pos=2.37,0.42
junction (5, 1) h=359 N=0.55 E=0.63 S=1.14 W=0.36 opens=['E', 'S'] best=S pos=2.37,0.53
junction (5, 0) h=177 N=0.79 E=0.55 S=0.92 W=0.34 opens=['N', 'E', 'S'] best=S pos=2.37,0.21
junction (5, -1) h=178 N=1.14 E=0.37 S=0.55 W=0.65 opens=['N', 'S', 'W'] best=W pos=2.39,-0.28
junction (4, -1) h=268 N=0.26 E=0.72 S=0.52 W=0.28 opens=['E', 'S'] best=S pos=1.94,-0.29
junction (4, -1) h=178 N=0.50 E=0.70 S=0.28 W=0.29 opens=['E'] best=E pos=1.95,-0.62
junction (5, -1) h=85 N=1.40 E=0.28 S=0.30 W=0.72 opens=['N', 'W'] best=N pos=2.51,-0.58
junction (5, 0) h=351 N=1.15 E=0.30 S=0.56 W=0.74 opens=['N', 'S', 'W'] best=N pos=2.49,-0.24
junction (5, -1) h=355 N=1.19 E=0.27 S=0.53 W=0.70 opens=['S', 'W'] best=S pos=2.49,-0.28
junction (5, -1) h=178 N=0.97 E=0.30 S=0.29 W=0.70 opens=['N', 'W'] best=W pos=2.48,-0.59
junction (4, -1) h=270 N=1.37 E=0.71 S=0.30 W=0.30 opens=['N', 'E'] best=N pos=1.96,-0.57
junction (4, 0) h=358 N=1.06 E=0.71 S=0.61 W=0.31 opens=['E', 'S'] best=S pos=1.96,-0.19
junction (4, -1) h=179 N=0.56 E=0.69 S=0.27 W=0.30 opens=['N', 'E'] best=E pos=1.97,-0.61
junction (5, -1) h=88 N=1.41 E=0.36 S=0.28 W=0.65 opens=['N', 'W'] best=N pos=2.43,-0.59
junction (5, 0) h=351 N=0.92 E=0.58 S=0.79 W=0.36 opens=['N', 'E', 'S'] best=E pos=2.39,0.11
junction (6, 0) h=87 N=0.86 E=0.30 S=0.18 W=0.64 opens=['N', 'W'] best=W pos=2.78,0.13
RX: PING from=beta wf
junction (5, 0) h=268 N=0.86 E=0.57 S=0.85 W=0.34 opens=['N', 'E', 'S'] best=S pos=2.41,0.15
RX: PING from=beta wf
junction (5, -1) h=181 N=1.17 E=0.38 S=0.55 W=0.64 opens=['N', 'S', 'W'] best=S pos=2.40,-0.26
RX: PING from=beta wf
junction (5, -1) h=176 N=1.39 E=0.38 S=0.30 W=0.63 opens=['N', 'W'] best=W pos=2.40,-0.58
junction (4, -1) h=274 N=1.34 E=0.71 S=0.30 W=0.29 opens=['N', 'E'] best=N pos=1.95,-0.57
junction (4, -1) h=358 N=0.28 E=0.70 S=0.52 W=0.30 opens=['E', 'S'] best=S pos=1.96,-0.27
junction (4, -1) h=177 N=0.50 E=0.72 S=0.30 W=0.29 opens=['N', 'E'] best=N pos=1.97,-0.61
RX: PING from=beta wf
junction (4, 0) h=359 N=0.23 E=0.69 S=0.60 W=0.30 opens=['E', 'S'] best=S pos=1.98,-0.20
RX: PING from=beta wf
junction (4, -1) h=184 N=0.53 E=0.69 S=0.30 W=0.28 opens=['N', 'E'] best=N pos=1.98,-0.59
RX: PING from=beta wf
RX: PING from=beta wf
junction (4, 0) h=358 N=1.08 E=0.68 S=0.59 W=0.32 opens=['E', 'S'] best=S pos=1.98,-0.19
RX: PING from=beta wf
junction (4, -1) h=178 N=1.38 E=0.70 S=0.27 W=0.30 opens=['N', 'E'] best=E pos=1.99,-0.61
junction (5, -1) h=89 N=1.41 E=0.31 S=0.27 W=0.69 opens=['N', 'W'] best=N pos=2.50,-0.59
junction (5, -1) h=358 N=1.17 E=0.31 S=0.54 W=0.70 opens=['S', 'W'] best=S pos=2.49,-0.27
junction (5, -1) h=179 N=1.03 E=0.29 S=0.28 W=0.68 opens=['N', 'W'] best=N pos=2.47,-0.60
junction (5, 1) h=356 N=0.85 E=0.56 S=0.82 W=0.37 opens=['N', 'E', 'S'] best=N pos=2.40,0.41
junction (5, 2) h=359 N=0.50 E=0.60 S=1.17 W=0.38 opens=['E', 'S'] best=S pos=2.38,0.87
junction (5, 1) h=180 N=1.18 E=0.36 S=0.52 W=0.63 opens=['N', 'S', 'W'] best=N pos=2.39,0.29
junction (5, 1) h=351 N=0.92 E=0.59 S=0.83 W=0.34 opens=['N', 'E', 'S'] best=E pos=2.37,0.69
junction (6, 1) h=85 N=0.84 E=0.27 S=0.16 W=0.66 opens=['N', 'W'] best=N pos=2.80,0.72
junction (6, 3) h=360 N=0.37 E=0.77 S=0.63 W=0.24 opens=['E', 'S'] best=E pos=2.77,1.37
junction (7, 3) h=82 N=0.86 E=0.33 S=0.67 W=0.67 opens=['N', 'S', 'W'] best=N pos=3.35,1.39
junction (7, 4) h=2 N=0.29 E=0.36 S=1.14 W=0.17 opens=['S'] best=S pos=3.37,2.07
junction (7, 3) h=170 N=0.66 E=0.33 S=0.85 W=0.61 opens=['N', 'S', 'W'] best=W pos=3.41,1.67
junction (6, 3) h=261 N=0.19 E=0.59 S=0.59 W=0.33 opens=['E', 'S'] best=S pos=3.02,1.64
junction (6, 2) h=176 N=0.59 E=0.14 S=0.44 W=0.84 opens=['N', 'W'] best=W pos=3.02,1.06
junction (5, 2) h=265 N=0.64 E=0.65 S=1.09 W=0.36 opens=['N', 'E', 'S'] best=N pos=2.35,1.03
junction (5, 3) h=353 N=0.29 E=0.18 S=1.42 W=0.30 opens=['S'] best=S pos=2.32,1.46
junction (5, 2) h=177 N=0.56 E=0.68 S=1.10 W=0.30 opens=['N', 'E', 'S'] best=N pos=2.30,1.07
junction (5, 3) h=356 N=0.29 E=0.22 S=1.42 W=0.29 opens=['S'] best=S pos=2.28,1.48
junction (5, 2) h=179 N=0.60 E=0.70 S=1.13 W=0.29 opens=['N', 'E', 'S'] best=N pos=2.27,1.08
junction (5, 3) h=353 N=0.27 E=0.24 S=9.90 W=0.30 opens=['S'] best=S pos=2.26,1.51
junction (4, 2) h=179 N=0.63 E=0.71 S=1.12 W=0.25 opens=['N', 'E', 'S'] best=N pos=2.25,1.05
junction (4, 3) h=356 N=0.23 E=9.90 S=1.48 W=0.32 opens=['E', 'S'] best=E pos=2.24,1.56
junction (4, 3) h=93 N=0.26 E=0.30 S=1.47 W=0.28 opens=['S'] best=S pos=2.19,1.56
junction (4, 2) h=176 N=0.64 E=0.75 S=1.08 W=0.26 opens=['N', 'E', 'S'] best=S pos=2.22,1.05
junction (5, 1) h=172 N=1.07 E=0.23 S=0.65 W=0.55 opens=['N', 'S', 'W'] best=W pos=2.27,0.46
junction (3, 1) h=264 N=0.19 E=0.55 S=0.62 W=0.28 opens=['E', 'S'] best=E pos=1.48,0.42
junction (4, 1) h=90 N=1.08 E=0.39 S=0.61 W=0.61 opens=['N', 'S', 'W'] best=N pos=1.88,0.41
junction (4, 1) h=353 N=0.86 E=0.59 S=0.83 W=0.32 opens=['N', 'E', 'S'] best=N pos=1.87,0.71
junction (4, 3) h=355 N=0.42 E=0.11 S=1.27 W=0.36 opens=['S'] best=S pos=1.85,1.29
junction (4, 2) h=182 N=0.62 E=0.66 S=1.06 W=0.32 opens=['N', 'E', 'S'] best=N pos=1.83,1.01
junction (4, 3) h=357 N=0.28 E=0.21 S=1.44 W=0.30 opens=['S'] best=S pos=1.81,1.48
junction (4, 2) h=178 N=0.59 E=0.70 S=1.10 W=0.28 opens=['N', 'E', 'S'] best=S pos=1.80,1.08
junction (4, 1) h=170 N=1.08 E=0.21 S=0.65 W=0.58 opens=['N', 'S', 'W'] best=W pos=1.86,0.45
junction (3, 1) h=267 N=1.04 E=0.53 S=0.65 W=0.32 opens=['E', 'S'] best=S pos=1.49,0.44
junction (3, 0) h=180 N=1.37 E=0.67 S=0.30 W=0.33 opens=['N', 'E'] best=N pos=1.49,-0.01
junction (3, 1) h=1 N=1.09 E=0.67 S=0.59 W=0.34 opens=['N', 'E', 'S'] best=N pos=1.50,0.35
junction (3, 1) h=357 N=1.10 E=0.65 S=0.56 W=0.33 opens=['E', 'S'] best=S pos=1.50,0.34
junction (3, 0) h=179 N=1.38 E=0.66 S=0.29 W=0.33 opens=['N', 'E'] best=E pos=1.50,-0.02
junction (4, 0) h=89 N=0.96 E=0.30 S=0.30 W=0.73 opens=['N', 'W'] best=N pos=2.02,0.01
junction (4, 1) h=356 N=1.14 E=0.27 S=0.55 W=0.73 opens=['S', 'W'] best=W pos=2.00,0.33
junction (3, 1) h=264 N=0.27 E=0.69 S=0.54 W=0.31 opens=['E', 'S'] best=S pos=1.45,0.32
junction (3, 0) h=180 N=0.55 E=0.70 S=0.27 W=0.30 opens=['N', 'E'] best=E pos=1.46,-0.04
junction (4, 0) h=85 N=1.41 E=0.29 S=0.29 W=0.71 opens=['N', 'W'] best=N pos=2.01,-0.01
junction (4, 1) h=354 N=1.15 E=0.29 S=0.52 W=0.71 opens=['S', 'W'] best=W pos=1.99,0.32
junction (3, 1) h=269 N=0.27 E=0.72 S=0.52 W=0.30 opens=['E', 'S'] best=S pos=1.45,0.30
junction (3, 0) h=172 N=0.46 E=0.70 S=0.31 W=0.29 opens=['N', 'E'] best=E pos=1.46,0.00
junction (3, 0) h=107 N=1.45 E=0.33 S=0.29 W=0.67 opens=['N', 'W'] best=W pos=1.65,0.00
RX: PING from=beta wf
goto unreachable
junction (2, 0) h=272 N=1.37 E=0.72 S=0.30 W=0.31 opens=['N', 'E'] best=N pos=1.15,0.01
RX: PING from=beta wf
junction (2, 1) h=359 N=0.23 E=0.72 S=0.56 W=0.29 opens=['E', 'S'] best=S pos=1.16,0.36
RX: PING from=beta wf
RX: PING from=beta wf
junction (2, 0) h=181 N=0.47 E=0.69 S=0.30 W=0.31 opens=['N', 'E'] best=N pos=1.17,-0.01
junction (2, 1) h=356 N=1.08 E=0.68 S=0.59 W=0.31 opens=['E', 'S'] best=S pos=1.18,0.37
junction (2, 0) h=176 N=0.54 E=0.68 S=0.26 W=0.32 opens=['N', 'E'] best=N pos=1.18,-0.03
junction (2, 1) h=359 N=1.10 E=0.70 S=0.60 W=0.32 opens=['E', 'S'] best=S pos=1.18,0.40
RX: PING from=beta wf
junction (2, 0) h=180 N=1.38 E=0.67 S=0.29 W=0.33 opens=['N', 'E'] best=N pos=1.18,-0.04
RX: PING from=beta wf
junction (2, 1) h=358 N=1.07 E=0.69 S=0.61 W=0.31 opens=['E', 'S'] best=S pos=1.18,0.40
RX: PING from=beta wf
RX: PING from=beta wf
junction (2, 0) h=176 N=1.39 E=0.68 S=0.30 W=0.33 opens=['N', 'E'] best=N pos=1.19,-0.00
junction (2, 1) h=356 N=1.09 E=0.68 S=0.61 W=0.34 opens=['E', 'S'] best=S pos=1.19,0.39
junction (2, 0) h=180 N=1.39 E=0.66 S=0.27 W=0.32 opens=['N', 'E'] best=E pos=1.19,-0.02
junction (3, 0) h=88 N=1.40 E=0.29 S=0.30 W=0.71 opens=['N', 'W'] best=N pos=1.70,0.00
junction (3, 1) h=357 N=1.15 E=0.28 S=0.55 W=0.68 opens=['N', 'S', 'W'] best=N pos=1.69,0.33
junction (3, 2) h=352 N=0.91 E=0.57 S=0.81 W=0.40 opens=['N', 'E', 'S'] best=N pos=1.61,1.08
junction (3, 3) h=358 N=0.55 E=0.61 S=1.16 W=0.36 opens=['E', 'S'] best=E pos=1.59,1.52
junction (5, 3) h=95 N=0.54 E=0.37 S=0.48 W=0.60 opens=['N', 'S', 'W'] best=N pos=2.62,1.51
junction (5, 4) h=1 N=0.32 E=0.79 S=0.70 W=0.20 opens=['E', 'S'] best=E pos=2.63,1.79
junction (5, 4) h=103 N=0.36 E=0.82 S=0.61 W=0.19 opens=['E', 'S'] best=E pos=2.64,1.79
junction (6, 4) h=86 N=0.42 E=0.38 S=0.64 W=0.59 opens=['S', 'W'] best=S pos=3.17,1.80
junction (6, 4) h=181 N=0.82 E=0.39 S=0.67 W=0.61 opens=['N', 'W'] best=N pos=3.16,1.83
junction (6, 4) h=358 N=0.64 E=0.43 S=0.83 W=0.51 opens=['S', 'W'] best=W pos=3.17,2.06
junction (6, 4) h=266 N=0.18 E=0.64 S=0.88 W=0.30 opens=['E', 'S'] best=E pos=2.87,2.04
junction (6, 4) h=93 N=0.65 E=0.35 S=0.80 W=0.62 opens=['N', 'S', 'W'] best=N pos=3.24,2.02
junction (7, 5) h=8 N=0.28 E=0.39 S=1.20 W=0.17 opens=['S'] best=S pos=3.27,2.51
junction (7, 4) h=170 N=0.65 E=0.34 S=0.85 W=0.64 opens=['N', 'S', 'W'] best=N pos=3.31,2.09
junction (7, 5) h=360 N=0.29 E=0.33 S=1.17 W=0.18 opens=['S'] best=S pos=3.33,2.46
junction (7, 4) h=175 N=0.63 E=0.30 S=0.85 W=0.65 opens=['N', 'S', 'W'] best=W pos=3.36,2.08
junction (6, 4) h=263 N=0.18 E=0.70 S=0.89 W=0.27 opens=['E', 'S'] best=S pos=2.83,2.05
junction (6, 3) h=170 N=0.55 E=0.16 S=0.51 W=0.79 opens=['N', 'S', 'W'] best=S pos=2.86,1.54
junction (6, 3) h=185 N=0.69 E=0.15 S=0.29 W=0.80 opens=['N', 'W'] best=N pos=2.85,1.34
junction (6, 3) h=356 N=9.90 E=0.65 S=0.67 W=0.32 opens=['N', 'E', 'S'] best=N pos=2.84,1.54
junction (6, 3) h=1 N=0.31 E=0.65 S=0.70 W=9.90 opens=['E', 'S', 'W'] best=W pos=2.84,1.67
junction (6, 3) h=275 N=0.27 E=0.62 S=0.72 W=0.28 opens=['E', 'S'] best=S pos=2.88,1.68
junction (6, 3) h=182 N=0.61 E=0.20 S=0.43 W=0.79 opens=['N', 'W'] best=N pos=2.88,1.26
junction (6, 3) h=350 N=0.40 E=0.63 S=0.68 W=0.34 opens=['E', 'S'] best=S pos=2.86,1.54
junction (6, 2) h=180 N=0.62 E=0.22 S=0.39 W=0.76 opens=['N', 'W'] best=W pos=2.86,1.23
junction (5, 2) h=264 N=0.63 E=0.66 S=1.08 W=0.36 opens=['N', 'E', 'S'] best=E pos=2.27,1.19
junction (5, 2) h=88 N=0.62 E=0.33 S=0.39 W=0.66 opens=['N', 'W'] best=W pos=2.69,1.18
RX: PING from=beta wf
RX: PING from=beta wf
junction (5, 2) h=267 N=0.66 E=0.64 S=1.07 W=0.34 opens=['N', 'E', 'S'] best=E pos=2.27,1.17
junction (5, 2) h=89 N=0.62 E=0.36 S=0.43 W=0.66 opens=['N', 'W'] best=W pos=2.66,1.16
junction (5, 2) h=264 N=0.67 E=0.66 S=1.05 W=0.36 opens=['N', 'E', 'S'] best=E pos=2.27,1.15
junction (5, 2) h=86 N=0.65 E=0.33 S=0.35 W=0.70 opens=['N', 'W'] best=W pos=2.69,1.15
junction (5, 2) h=263 N=0.69 E=0.66 S=1.03 W=0.38 opens=['N', 'E', 'S'] best=E pos=2.27,1.14
junction (5, 2) h=86 N=0.66 E=0.31 S=0.34 W=0.72 opens=['N', 'W'] best=W pos=2.72,1.14
junction (5, 2) h=260 N=0.70 E=0.69 S=1.03 W=0.38 opens=['N', 'E', 'S'] best=E pos=2.27,1.14
junction (5, 2) h=89 N=0.66 E=0.40 S=0.34 W=0.59 opens=['N', 'W'] best=W pos=2.58,1.13
RX: PING from=beta wf
RX: PING from=beta wf
junction (5, 2) h=266 N=0.68 E=0.66 S=1.01 W=0.36 opens=['N', 'E', 'S'] best=E pos=2.29,1.13
RX: PING from=beta wf
RX: PING from=beta wf
junction (5, 2) h=86 N=0.68 E=0.32 S=0.35 W=0.69 opens=['N', 'W'] best=W pos=2.71,1.13
RX: PING from=beta wf
junction (5, 2) h=264 N=0.29 E=0.54 S=1.03 W=0.48 opens=['E', 'S', 'W'] best=E pos=2.42,1.13
RX: PING from=beta homing d5=0.68
goto step (2, 5) -> (2, 6)
RX: PING from=beta homing d5=0.69
RX: PING from=beta homing d5=0.66
RX: PING from=beta homing d5=0.75
RX: PING from=beta homing d5=0.79
RX: alpha: beta found sensor d5 (port /dev/robot/d5) = smooth scalar field, I am hill-climbing it, near local max ~0.8. Try it. Also report your d5 reading pls.
RX: PING from=beta homing d5=0.70
goto step (2, 5) -> (2, 6)
RX: PING from=beta homing d5=0.67
RX: PING from=beta homing d5=0.70
goto step (2, 5) -> (2, 6)
RX: PING from=beta homing d5=0.70
goto step (2, 5) -> (2, 6)
RX: PING from=beta homing d5=0.64
RX: PING from=beta homing d5=0.64
RX: PING from=beta homing d5=0.76
goto step (2, 5) -> (2, 6)
RX: PING from=beta homing d5=0.69
RX: alpha: beta discovery: d5 port = RSSI/proximity to the OTHER robot (peaks ~0.9 when we are close). Use it to rendezvous later.
goto step (2, 5) -> (2, 6)
RX: alpha: no goal after 1h. If you learn what goal looks like, broadcast. I resume wall-follow exploration.
RX: PING from=beta wf
goto step (2, 5) -> (2, 6)
RX: PING from=beta wf
RX: PING from=beta wf
goto step (2, 5) -> (2, 6)
RX: PING from=beta wf
RX: PING from=beta wf
goto step (2, 5) -> (2, 6)
goto step (2, 5) -> (2, 6)
goto step (2, 5) -> (2, 6)
goto step (2, 5) -> (2, 6)
goto step (2, 5) -> (2, 6)
goto step (2, 5) -> (2, 6)
goto step (2, 6) -> (2, 7)
goto step (2, 6) -> (2, 7)
goto step (2, 6) -> (2, 7)
goto step (2, 6) -> (2, 7)
goto step (2, 6) -> (2, 7)
goto step (2, 6) -> (2, 7)
goto step (2, 6) -> (2, 7)
goto step (2, 6) -> (2, 7)
goto step (2, 6) -> (2, 7)
goto step (2, 6) -> (2, 7)
goto step (2, 6) -> (2, 7)
goto step (2, 6) -> (2, 7)
goto step (2, 6) -> (2, 7)
goto step (2, 6) -> (2, 7)
goto step (2, 6) -> (2, 7)
goto step (2, 6) -> (2, 7)
goto step (2, 6) -> (2, 7)
goto step (2, 6) -> (2, 7)
goto step (2, 6) -> (2, 7)
goto step (2, 6) -> (2, 7)
goto step (2, 6) -> (2, 7)
goto step (2, 6) -> (2, 7)
goto step (2, 6) -> (2, 7)
goto step (2, 6) -> (2, 7)
goto step (2, 6) -> (2, 7)
goto step (2, 6) -> (2, 7)
goto step (2, 6) -> (2, 7)
goto step (2, 6) -> (2, 7)
goto step (2, 6) -> (2, 7)
goto step (2, 6) -> (2, 7)
goto step (2, 6) -> (2, 7)
goto step (2, 6) -> (2, 7)
goto step (2, 6) -> (2, 7)
goto step (2, 6) -> (2, 7)
goto step (2, 6) -> (2, 7)
goto step (2, 6) -> (2, 7)
goto step (2, 6) -> (2, 7)
goto step (2, 6) -> (2, 7)
goto step (2, 6) -> (2, 7)
goto step (2, 6) -> (2, 7)
goto step (2, 6) -> (2, 7)
goto step (2, 6) -> (2, 7)
goto step (2, 6) -> (2, 7)
goto step (2, 6) -> (2, 7)
goto step (2, 6) -> (2, 7)
goto step (2, 6) -> (2, 7)
goto step (2, 6) -> (2, 7)
goto step (2, 6) -> (2, 7)
goto step (2, 6) -> (2, 7)
goto step (2, 6) -> (2, 7)
goto step (2, 6) -> (2, 7)
goto step (2, 6) -> (2, 7)
goto step (2, 6) -> (2, 7)
goto step (2, 6) -> (2, 7)
goto step (2, 6) -> (2, 7)
goto step (2, 6) -> (2, 7)
goto step (2, 6) -> (2, 7)
goto step (2, 6) -> (2, 7)
goto step (2, 6) -> (2, 7)
goto step (2, 6) -> (2, 7)
goto step (2, 6) -> (2, 7)
goto step (2, 6) -> (2, 7)
goto step (2, 6) -> (2, 7)
goto step (2, 6) -> (2, 7)
goto step (2, 6) -> (2, 7)
goto step (2, 6) -> (2, 7)
goto step (2, 6) -> (2, 7)
goto step (2, 6) -> (2, 7)
goto step (2, 6) -> (2, 7)
goto step (2, 6) -> (2, 7)
goto step (2, 6) -> (2, 7)
goto step (2, 6) -> (2, 7)
goto step (2, 6) -> (2, 7)
goto step (2, 6) -> (2, 7)
goto step (2, 6) -> (2, 7)
goto step (2, 6) -> (2, 7)
goto step (2, 6) -> (2, 7)
goto step (2, 6) -> (2, 7)
goto step (2, 6) -> (2, 7)
goto step (2, 6) -> (2, 7)
goto step (2, 6) -> (2, 7)
goto step (2, 6) -> (2, 7)
goto step (2, 6) -> (2, 7)
goto step (2, 6) -> (2, 7)
goto step (2, 6) -> (2, 7)
goto step (2, 6) -> (2, 7)
goto step (2, 6) -> (2, 7)
goto step (2, 6) -> (2, 7)
goto step (2, 6) -> (2, 7)
goto step (2, 6) -> (2, 7)
goto step (2, 6) -> (2, 7)
goto step (2, 6) -> (2, 7)
goto step (2, 6) -> (2, 7)
goto step (2, 6) -> (2, 7)
goto step (2, 6) -> (2, 7)
goto step (2, 6) -> (2, 7)
goto step (2, 6) -> (2, 7)
goto step (2, 6) -> (2, 7)
goto step (2, 6) -> (2, 7)
goto step (2, 6) -> (2, 7)
goto step (2, 6) -> (2, 7)
goto step (2, 6) -> (2, 7)
goto step (2, 6) -> (2, 7)
goto step (2, 6) -> (2, 7)
goto step (2, 6) -> (2, 7)
goto step (2, 6) -> (2, 7)
goto step (2, 6) -> (2, 7)
goto step (2, 6) -> (2, 7)
goto step (2, 6) -> (2, 7)
goto step (2, 6) -> (2, 7)
goto step (2, 6) -> (2, 7)
goto step (2, 6) -> (2, 7)
goto step (2, 6) -> (2, 7)
goto step (2, 6) -> (2, 7)
goto step (2, 6) -> (2, 7)
goto step (2, 6) -> (2, 7)
goto step (2, 6) -> (2, 7)
goto step (2, 6) -> (2, 7)
goto step (2, 6) -> (2, 7)
goto step (2, 6) -> (2, 7)
goto step (2, 6) -> (2, 7)
goto step (2, 6) -> (2, 7)
goto step (2, 6) -> (2, 7)
goto step (2, 6) -> (2, 7)
goto step (2, 6) -> (2, 7)
goto step (2, 6) -> (2, 7)
goto step (2, 6) -> (2, 7)
goto step (2, 6) -> (2, 7)
goto step (2, 6) -> (2, 7)
goto step (2, 6) -> (2, 7)
goto step (2, 6) -> (2, 7)
goto step (2, 6) -> (2, 7)
goto step (2, 6) -> (2, 7)
goto step (2, 6) -> (2, 7)
goto step (2, 6) -> (2, 7)
goto step (2, 6) -> (2, 7)
goto step (2, 6) -> (2, 7)
goto step (2, 6) -> (2, 7)
goto step (2, 6) -> (2, 7)
goto step (2, 6) -> (2, 7)
goto step (2, 6) -> (2, 7)
goto step (2, 6) -> (2, 7)
goto step (2, 6) -> (2, 7)
goto step (2, 6) -> (2, 7)
goto step (2, 6) -> (2, 7)
goto step (2, 6) -> (2, 7)
goto step (2, 6) -> (2, 7)
goto step (2, 6) -> (2, 7)
goto step (2, 6) -> (2, 7)
goto step (2, 6) -> (2, 7)
goto step (2, 6) -> (2, 7)
goto step (2, 6) -> (2, 7)
pruned edge (2, 6) (2, 7)
goto step (2, 6) -> (2, 5)
RX: PING from=beta wf
goto step (2, 5) -> (2, 4)
goto step (2, 4) -> (2, 3)
RX: PING from=beta wf
pruned edge (2, 4) (2, 3)
goto unreachable
junction (2, 4) h=176 N=0.77 E=0.68 S=0.30 W=0.23 opens=['N', 'E'] best=E pos=1.08,2.07
RX: PING from=beta wf
junction (3, 4) h=84 N=0.71 E=0.27 S=0.23 W=0.62 opens=['N', 'W'] best=N pos=1.62,2.10
RX: PING from=beta wf
junction (3, 5) h=359 N=0.39 E=1.38 S=0.53 W=0.18 opens=['E', 'S'] best=E pos=1.61,2.50
RX: PING from=beta wf
RX: PING from=beta wf
junction (4, 5) h=78 N=0.35 E=0.42 S=0.44 W=0.63 opens=['W'] best=W pos=2.19,2.54
junction (4, 5) h=272 N=0.39 E=1.18 S=0.67 W=0.35 opens=['E', 'S'] best=S pos=1.83,2.55
RX: PING from=beta wf
junction (4, 5) h=177 N=0.62 E=0.15 S=0.44 W=0.86 opens=['N', 'W'] best=N pos=1.83,2.26
RX: PING from=beta wf
RX: PING from=beta wf
junction (4, 5) h=352 N=0.42 E=1.15 S=0.66 W=0.33 opens=['E', 'S'] best=E pos=1.81,2.54
RX: PING from=beta wf
junction (4, 5) h=83 N=0.36 E=0.85 S=1.19 W=0.62 opens=['E', 'S', 'W'] best=S pos=2.20,2.57
junction (5, 3) h=172 N=1.16 E=0.34 S=0.41 W=0.68 opens=['N', 'W'] best=N pos=2.30,1.53
junction (5, 4) h=359 N=0.74 E=0.28 S=9.90 W=0.20 opens=['N', 'S'] best=S pos=2.30,2.02
junction (5, 3) h=175 N=1.14 E=0.30 S=0.43 W=0.69 opens=['N', 'W'] best=N pos=2.33,1.55
RX: PING from=beta wf
junction (5, 5) h=0 N=0.32 E=0.80 S=1.16 W=0.72 opens=['E', 'S', 'W'] best=S pos=2.34,2.52
RX: PING from=beta wf
junction (5, 4) h=176 N=0.95 E=0.27 S=0.53 W=0.26 opens=['N', 'S'] best=S pos=2.37,1.75
junction (5, 3) h=174 N=1.15 E=0.22 S=0.35 W=0.77 opens=['N', 'W'] best=W pos=2.38,1.47
junction (4, 3) h=264 N=0.20 E=0.69 S=0.82 W=0.35 opens=['E', 'S'] best=S pos=1.81,1.44
junction (2, 3) h=354 N=0.24 E=9.90 S=0.71 W=0.67 opens=['E', 'S', 'W'] best=E pos=1.05,1.44
junction (2, 3) h=89 N=0.25 E=0.26 S=0.71 W=0.66 opens=['S', 'W'] best=S pos=1.01,1.44
junction (2, 2) h=177 N=0.57 E=0.80 S=0.41 W=0.68 opens=['N', 'E', 'W'] best=W pos=1.01,1.02
junction (2, 2) h=267 N=0.58 E=0.93 S=0.45 W=0.57 opens=['N', 'E', 'S', 'W'] best=W pos=0.84,1.01
junction (2, 2) h=270 N=0.61 E=0.90 S=0.44 W=0.58 opens=['N', 'E', 'W'] best=W pos=0.89,1.02
junction (2, 2) h=271 N=0.63 E=0.93 S=0.45 W=0.57 opens=['N', 'E', 'S'] best=N pos=0.88,1.02
junction (2, 3) h=358 N=0.38 E=0.40 S=0.69 W=0.57 opens=['S', 'W'] best=W pos=0.89,1.32
RX: PING from=beta wf
junction (6, 9) h=4 N=0.25 E=0.35 S=0.31 W=1.21 opens=['W'] best=W pos=2.90,4.61
RX: PING from=beta wf
RX: PING from=beta wf
RX: PING from=beta wf
RX: PING from=beta wf
RX: PING from=beta wf
RX: PING from=beta wf
RX: PING from=beta wf
RX: PING from=beta wf
RX: PING from=beta wf
RX: PING from=beta wf
RX: PING from=beta wf
RX: PING from=beta wf
RX: alpha: we are ~adjacent now (my d5=0.83, moving blob on my lidar). status? any goal clues? answer now while in range.
RX: PING from=beta wf
junction (5, 9) h=268 N=0.17 E=0.63 S=0.70 W=0.90 opens=['E', 'S', 'W'] best=W pos=2.50,4.60
RX: PING from=beta wf
RX: PING from=beta wf
RX: PING from=beta wf
RX: PING from=beta wf
RX: PING from=beta wf
RX: PING from=beta wf
RX: PING from=beta wf
RX: PING from=beta wf
RX: PING from=beta wf
RX: PING from=beta wf
RX: PING from=beta wf
RX: PING from=beta wf
RX: PING from=beta wf
RX: PING from=beta wf
RX: PING from=beta wf
RX: PING from=beta wf
RX: PING from=beta wf
RX: PING from=beta wf
junction (3, 9) h=267 N=0.29 E=1.22 S=2.28 W=0.26 opens=['E', 'S'] best=S pos=1.69,4.54
RX: PING from=beta wf
junction (3, 8) h=177 N=0.79 E=0.22 S=1.69 W=0.23 opens=['N', 'S'] best=S pos=1.72,3.81
RX: PING from=beta wf
RX: PING from=beta wf
junction (4, 4) h=178 N=2.22 E=0.77 S=0.30 W=0.26 opens=['N', 'E'] best=E pos=1.79,2.00
RX: PING from=beta wf
junction (5, 4) h=88 N=0.22 E=0.39 S=0.85 W=0.61 opens=['S', 'W'] best=S pos=2.28,1.99
junction (5, 3) h=174 N=0.64 E=0.90 S=0.44 W=0.60 opens=['N', 'E', 'W'] best=W pos=2.30,1.45
junction (4, 3) h=269 N=0.60 E=0.97 S=0.44 W=0.53 opens=['N', 'E'] best=E pos=2.23,1.45
junction (6, 3) h=89 N=0.68 E=0.39 S=0.39 W=1.11 opens=['N', 'W'] best=N pos=2.97,1.45
junction (6, 4) h=357 N=0.40 E=0.87 S=0.63 W=0.12 opens=['E', 'S'] best=E pos=2.98,1.80
junction (7, 4) h=81 N=1.33 E=0.41 S=0.19 W=0.64 opens=['N', 'W'] best=N pos=3.67,1.83
junction (7, 6) h=360 N=0.36 E=0.82 S=1.14 W=0.69 opens=['E', 'S', 'W'] best=E pos=3.69,3.07
junction (8, 6) h=82 N=0.40 E=0.54 S=0.32 W=1.50 opens=['E', 'W'] best=E pos=4.25,3.11
junction (10, 6) h=81 N=0.87 E=0.39 S=2.60 W=1.68 opens=['N', 'S', 'W'] best=S pos=4.80,3.15
junction (10, 5) h=172 N=1.26 E=0.35 S=2.19 W=0.18 opens=['N', 'S'] best=S pos=4.85,2.60
junction (10, 0) h=177 N=3.00 E=0.31 S=0.33 W=0.73 opens=['N', 'W'] best=W pos=5.03,0.19
junction (9, 0) h=263 N=1.10 E=0.69 S=0.34 W=0.36 opens=['N', 'E'] best=N pos=4.51,0.17
junction (9, 1) h=351 N=0.78 E=0.10 S=0.68 W=0.86 opens=['N', 'S', 'W'] best=N pos=4.47,0.58
junction (9, 3) h=355 N=0.30 E=0.15 S=1.17 W=0.34 opens=['S'] best=S pos=4.42,1.28
junction (9, 2) h=178 N=0.69 E=0.17 S=0.78 W=0.75 opens=['N', 'S', 'W'] best=W pos=4.41,0.75
junction (8, 1) h=265 N=0.22 E=0.66 S=0.85 W=0.28 opens=['E', 'S'] best=S pos=3.80,0.71
junction (8, 0) h=180 N=0.61 E=0.22 S=0.41 W=0.78 opens=['N', 'W'] best=W pos=3.81,0.19
junction (6, 0) h=267 N=0.62 E=0.65 S=1.09 W=0.34 opens=['N', 'E', 'S'] best=N pos=3.21,0.15
RX: PING from=beta wf
junction (6, 1) h=357 N=0.28 E=0.18 S=1.41 W=0.33 opens=['S'] best=S pos=3.18,0.59
junction (6, 0) h=182 N=0.57 E=0.69 S=1.11 W=0.27 opens=['N', 'E', 'S'] best=S pos=3.17,0.19
junction (6, -1) h=175 N=1.18 E=0.41 S=0.55 W=0.59 opens=['N', 'S', 'W'] best=W pos=3.22,-0.54
junction (6, -1) h=266 N=0.22 E=0.72 S=0.55 W=0.27 opens=['E', 'S'] best=S pos=2.83,-0.55
RX: PING from=beta wf
junction (6, -2) h=176 N=0.42 E=0.72 S=0.28 W=0.28 opens=['E'] best=E pos=2.84,-0.91
RX: PING from=beta wf
junction (7, -2) h=87 N=1.03 E=0.30 S=0.31 W=0.69 opens=['N', 'W'] best=N pos=3.40,-0.88
junction (7, -1) h=354 N=1.11 E=0.31 S=0.60 W=0.71 opens=['N', 'S', 'W'] best=N pos=3.37,-0.42
junction (7, 1) h=352 N=0.90 E=0.55 S=0.80 W=0.36 opens=['N', 'E', 'S'] best=N pos=3.28,0.40
junction (7, 2) h=2 N=0.55 E=0.60 S=1.15 W=0.37 opens=['E', 'S'] best=E pos=3.26,0.84
junction (7, 2) h=91 N=0.56 E=0.38 S=0.48 W=0.61 opens=['N', 'S', 'W'] best=N pos=3.70,0.82
junction (7, 2) h=359 N=0.31 E=0.82 S=0.72 W=0.18 opens=['E', 'S'] best=E pos=3.72,1.14
junction (9, 2) h=83 N=0.86 E=0.31 S=0.69 W=0.68 opens=['N', 'S', 'W'] best=W pos=4.34,1.16
junction (8, 2) h=264 N=0.32 E=0.58 S=0.73 W=0.40 opens=['E', 'S'] best=E pos=3.97,1.16
junction (9, 2) h=90 N=0.82 E=0.34 S=0.63 W=0.62 opens=['N', 'S', 'W'] best=S pos=4.31,1.15
junction (9, 1) h=171 N=1.12 E=0.94 S=0.28 W=0.17 opens=['N', 'E'] best=E pos=4.36,0.59
junction (10, 1) h=87 N=1.42 E=0.46 S=0.21 W=0.68 opens=['N', 'E', 'W'] best=E pos=5.00,0.63
junction (10, 1) h=84 N=2.99 E=0.30 S=0.23 W=0.84 opens=['N', 'W'] best=N pos=5.20,0.65
junction (10, 2) h=350 N=2.64 E=0.26 S=0.48 W=0.76 opens=['N', 'S', 'W'] best=N pos=5.18,0.97
junction (10, 4) h=352 N=2.32 E=0.27 S=1.13 W=0.24 opens=['N', 'S'] best=N pos=5.13,1.82
junction (10, 5) h=358 N=1.71 E=0.29 S=1.76 W=0.27 opens=['N', 'S'] best=N pos=5.11,2.69
junction (10, 8) h=358 N=0.88 E=0.28 S=2.61 W=1.26 opens=['N', 'S', 'W'] best=N pos=5.07,3.79
junction (10, 9) h=355 N=0.24 E=0.29 S=2.98 W=0.21 opens=['S'] best=S pos=5.03,4.62
junction (10, 8) h=174 N=0.73 E=0.33 S=2.79 W=1.27 opens=['N', 'S', 'W'] best=W pos=5.05,4.00
junction (9, 8) h=262 N=0.16 E=0.75 S=1.31 W=0.81 opens=['E', 'S', 'W'] best=W pos=4.45,3.94
junction (8, 8) h=265 N=0.27 E=1.24 S=0.77 W=0.35 opens=['E', 'S'] best=S pos=3.83,3.89
junction (8, 7) h=179 N=0.59 E=0.18 S=0.44 W=0.82 opens=['N', 'W'] best=W pos=3.84,3.47
junction (6, 7) h=267 N=0.68 E=0.62 S=0.40 W=0.37 opens=['N', 'E'] best=N pos=3.24,3.45
junction (6, 8) h=354 N=0.28 E=0.18 S=0.79 W=0.31 opens=['S'] best=S pos=3.21,3.95
junction (6, 7) h=179 N=0.65 E=0.67 S=0.41 W=0.31 opens=['N', 'E'] best=E pos=3.19,3.47
junction (7, 7) h=92 N=0.56 E=0.36 S=0.38 W=0.62 opens=['N', 'W'] best=N pos=3.59,3.46
junction (7, 8) h=1 N=0.28 E=1.40 S=0.67 W=0.18 opens=['E', 'S'] best=S pos=3.61,3.82
junction (7, 7) h=172 N=0.56 E=0.33 S=0.42 W=0.67 opens=['N', 'W'] best=N pos=3.64,3.49
junction (7, 8) h=356 N=0.33 E=1.34 S=0.61 W=0.18 opens=['E', 'S'] best=E pos=3.65,3.78
junction (9, 8) h=87 N=0.34 E=9.90 S=1.21 W=0.65 opens=['E', 'S', 'W'] best=S pos=4.27,3.80
junction (9, 6) h=174 N=1.11 E=0.32 S=0.44 W=0.68 opens=['N', 'W'] best=W pos=4.36,2.76
junction (8, 5) h=262 N=0.12 E=0.69 S=0.90 W=0.33 opens=['E', 'S'] best=S pos=3.90,2.72
junction (8, 4) h=180 N=0.56 E=0.19 S=0.38 W=1.28 opens=['N', 'W'] best=N pos=3.90,2.12
junction (8, 5) h=357 N=0.38 E=0.72 S=0.61 W=0.30 opens=['E', 'S'] best=E pos=3.89,2.41
junction (9, 5) h=81 N=1.35 E=0.40 S=0.20 W=0.68 opens=['N', 'W'] best=W pos=4.35,2.44
junction (8, 5) h=274 N=0.30 E=0.65 S=0.65 W=0.37 opens=['E', 'S'] best=S pos=3.96,2.47
junction (8, 4) h=181 N=0.56 E=0.16 S=0.37 W=1.34 opens=['N', 'W'] best=W pos=3.95,2.10
junction (7, 4) h=262 N=0.65 E=0.63 S=0.39 W=0.83 opens=['N', 'E', 'W'] best=N pos=3.28,2.06
junction (7, 5) h=354 N=0.31 E=0.13 S=0.75 W=0.76 opens=['S', 'W'] best=W pos=3.25,2.51
junction (5, 5) h=264 N=2.24 E=0.62 S=0.28 W=0.32 opens=['N', 'E'] best=N pos=2.64,2.49
junction (5, 8) h=349 N=1.09 E=0.21 S=1.48 W=0.30 opens=['N', 'S'] best=N pos=2.51,4.11
junction (5, 10) h=357 N=0.34 E=1.24 S=2.22 W=0.25 opens=['E', 'S'] best=E pos=2.45,5.01
junction (6, 10) h=80 N=0.34 E=0.90 S=0.60 W=0.61 opens=['E', 'S', 'W'] best=E pos=2.93,5.03
junction (7, 10) h=90 N=0.31 E=0.29 S=0.21 W=1.18 opens=['W'] best=W pos=3.69,5.07
RX: PING from=beta wf
junction (6, 10) h=267 N=0.24 E=0.67 S=0.61 W=0.83 opens=['E', 'S', 'W'] best=W pos=3.19,5.08
RX: PING from=beta wf
junction (5, 10) h=267 N=0.29 E=1.18 S=2.22 W=0.32 opens=['E', 'S'] best=S pos=2.54,5.05
RX: PING from=beta wf
junction (5, 9) h=178 N=0.58 E=0.20 S=1.94 W=0.35 opens=['N', 'S'] best=S pos=2.54,4.65
RX: PING from=beta wf
RX: PING from=beta wf
junction (5, 5) h=176 N=2.11 E=0.75 S=0.38 W=0.27 opens=['N', 'E'] best=E pos=2.53,2.65
RX: PING from=beta wf
junction (6, 5) h=92 N=0.20 E=0.37 S=0.88 W=0.64 opens=['S', 'W'] best=W pos=2.99,2.64
junction (5, 5) h=263 N=2.25 E=0.64 S=0.35 W=0.41 opens=['N', 'E'] best=N pos=2.67,2.61
junction (5, 6) h=354 N=1.88 E=0.15 S=0.67 W=0.40 opens=['N', 'S'] best=N pos=2.64,3.06
junction (5, 7) h=354 N=1.64 E=0.15 S=0.93 W=0.40 opens=['N', 'S'] best=N pos=2.60,3.37
junction (5, 10) h=357 N=0.33 E=1.23 S=2.20 W=0.26 opens=['E', 'S'] best=S pos=2.45,4.99
RX: PING from=beta wf
junction (5, 5) h=181 N=2.18 E=0.77 S=0.30 W=0.27 opens=['N', 'E'] best=N pos=2.49,2.61
RX: PING from=beta wf
RX: PING from=beta wf
junction (5, 8) h=351 N=1.02 E=0.24 S=1.56 W=0.28 opens=['N', 'S'] best=N pos=2.43,4.16
RX: PING from=beta wf
RX: PING from=beta wf
junction (5, 10) h=0 N=0.33 E=1.25 S=2.14 W=0.22 opens=['E', 'S'] best=S pos=2.41,5.00
RX: PING from=beta wf
RX: PING from=beta wf
RX: PING from=beta wf
junction (5, 5) h=179 N=2.13 E=0.48 S=0.42 W=0.22 opens=['N', 'E'] best=N pos=2.48,2.75
RX: PING from=beta wf
junction (5, 7) h=355 N=1.42 E=0.23 S=1.17 W=0.25 opens=['N', 'S'] best=N pos=2.45,3.61
junction (5, 10) h=2 N=0.38 E=1.27 S=2.14 W=0.22 opens=['E', 'S'] best=S pos=2.40,5.00
junction (5, 7) h=175 N=1.53 E=0.26 S=1.04 W=0.27 opens=['N', 'S'] best=N pos=2.46,3.51
junction (5, 9) h=353 N=0.66 E=0.28 S=1.90 W=0.27 opens=['N', 'S'] best=N pos=2.41,4.65
junction (5, 10) h=2 N=0.35 E=1.23 S=2.13 W=0.23 opens=['E', 'S'] best=E pos=2.41,5.01
junction (6, 10) h=83 N=0.35 E=0.86 S=0.60 W=0.63 opens=['E', 'S', 'W'] best=S pos=2.97,5.04
junction (6, 9) h=173 N=0.71 E=1.31 S=0.23 W=0.21 opens=['N', 'E'] best=E pos=3.00,4.55
junction (8, 9) h=92 N=0.72 E=0.40 S=0.28 W=1.14 opens=['N', 'W'] best=N pos=4.22,4.58
junction (9, 10) h=4 N=0.29 E=0.90 S=0.70 W=0.12 opens=['E', 'S'] best=E pos=4.25,5.13
junction (10, 10) h=83 N=0.77 E=0.38 S=0.19 W=0.63 opens=['N', 'W'] best=N pos=4.90,5.15
RX: PING from=beta wf
junction (5, 8) h=265 N=1.16 E=0.28 S=1.36 W=0.23 opens=['N', 'S'] best=N pos=2.40,3.99
RX: PING from=beta wf
junction (5, 10) h=355 N=0.37 E=1.26 S=2.12 W=0.20 opens=['E', 'S'] best=S pos=2.38,5.00
RX: PING from=beta wf
RX: PING from=beta wf
junction (5, 5) h=178 N=2.23 E=0.79 S=0.29 W=0.27 opens=['N', 'E'] best=N pos=2.48,2.61
RX: PING from=beta wf
junction (5, 8) h=352 N=1.22 E=0.23 S=1.36 W=0.33 opens=['N', 'S'] best=N pos=2.45,3.94
RX: PING from=beta wf
junction (5, 9) h=355 N=0.77 E=0.23 S=1.71 W=0.26 opens=['N', 'S'] best=N pos=2.42,4.47
junction (5, 10) h=352 N=0.53 E=0.29 S=2.02 W=0.21 opens=['N', 'S'] best=N pos=2.41,4.79
junction (5, 10) h=357 N=0.30 E=1.27 S=2.17 W=0.26 opens=['E', 'S'] best=E pos=2.40,5.08
junction (6, 10) h=86 N=0.34 E=0.85 S=0.66 W=0.68 opens=['E', 'S', 'W'] best=W pos=2.96,5.08
junction (5, 10) h=262 N=0.27 E=1.19 S=2.73 W=0.29 opens=['E', 'S'] best=E pos=2.49,5.06
junction (6, 10) h=85 N=0.36 E=0.83 S=0.63 W=0.66 opens=['E', 'S', 'W'] best=W pos=2.95,5.05
junction (5, 10) h=264 N=0.29 E=1.18 S=2.19 W=0.30 opens=['E', 'S'] best=E pos=2.51,5.05
