start     d4=  60.7 d11=0.479 eL=  1245 eR=  6872 d0=0  0.4  1.2  0.8  0.4  0.3  0.3  0.3  0.3  0.6  1.8  0.5  0.3  0.2  0.2  0.3  0.3
leg1-start d4=  58.2 d11=0.482 eL=  1244 eR=  6871 d0=0  0.4  1.2  0.8  0.4  0.3  0.3  0.3  0.3  0.5  1.7  0.5  0.3  0.2  0.2  0.3  0.3
leg1-avoid d4=  62.7 d11=0.454 eL=  1256 eR=  6860 d0=0  0.6  1.2  0.6  0.3  0.3  0.3  0.3  0.4  0.6  1.8  0.5  0.3  0.2  0.3  0.3  0.3
leg1-end  d4=  61.3 d11=0.472 eL=  1390 eR=  7001 d0=0  0.4  1.2  0.8  0.4  0.3  0.3  0.3  0.4  0.6  1.8  0.6  0.3  0.2  0.2  0.2  0.3
  LEG1: dd11=-0.0100 dheading=+3.1
leg1-turn90CW d4=  74.4 d11=0.472 eL=  1417 eR=  6972 d0=0  1.2  1.1  0.6  0.3  0.3  0.3  0.3  0.5  1.2  1.6  0.3  0.2  0.2  0.2  0.2  0.3
leg2-start d4=  73.2 d11=0.473 eL=  1417 eR=  6974 d0=0  1.2  1.2  0.5  0.3  0.3  0.3  0.3  0.5  1.1  1.5 -1.0  0.2  0.2  0.2  0.2  0.3
leg2-end  d4=  72.1 d11=0.489 eL=  1639 eR=  7210 d0=0  1.0  1.0  0.6  0.4  0.3  0.3  0.4  0.5  1.0  1.7  0.3  0.2  0.2  0.1  0.2  0.2
  LEG2: dd11=+0.0162 dheading=-1.1
leg3-start d4=  68.9 d11=0.498 eL=  1637 eR=  7208 d0=0  1.0  1.0  0.6  0.4  0.3  0.3  0.4  0.5  1.0  1.7  0.3  0.2  0.2  0.1  0.2  0.2
leg3-avoid d4=  76.9 d11=0.482 eL=  1650 eR=  7198 d0=0  1.1  1.0  0.6  0.3  0.3  0.3  0.4  0.6  1.3  0.7  0.3  0.2  0.2  0.2  0.2  0.2
leg3-end  d4=  72.4 d11=0.446 eL=  1783 eR=  7339 d0=0  1.0  0.9  0.6  0.5  0.3  0.3  0.4  0.5  1.3  0.7 -1.0  0.2 -1.0  0.2  0.2  0.2
  LEG3: dd11=-0.0518 dheading=+3.5
leg3-turn90CW d4=  82.4 d11=0.453 eL=  1808 eR=  7311 d0=0  1.0  1.0  0.5  0.4  0.3  0.3  0.5 -1.0  2.0  0.4  0.3  0.1  0.1  0.2  0.2  0.4
leg4-start d4=  85.0 d11=0.466 eL=  1809 eR=  7310 d0=0  1.0  1.0  0.5  0.3  0.3  0.3  0.5  0.8  2.0  0.4  0.3  0.2  0.1  0.2  0.2  0.4
leg4-end  d4=  79.7 d11=0.441 eL=  2031 eR=  7546 d0=0  0.9  0.9  0.5  0.4  0.3  0.3  0.4  0.8  2.1  0.5  0.2  0.2  0.1  0.1  0.3  0.3
  LEG4: dd11=-0.0248 dheading=-5.3
leg4-turn90CW d4=  93.0 d11=0.442 eL=  2059 eR=  7517 d0=0  0.9  0.8  0.5  0.4  0.3  0.4  0.6  0.9  2.1  0.4  0.2  0.1  0.1  0.1  0.3  0.9
leg5-start d4=  91.7 d11=0.442 eL=  2059 eR=  7518 d0=0  0.9  0.8  0.4  0.4  0.3  0.4  0.6  0.9 -1.0  0.4  0.2  0.2  0.1  0.1  0.3  0.9
leg5-end  d4=  90.6 d11=0.594 eL=  2281 eR=  7753 d0=0  0.8  0.8  0.4  0.3  0.3  0.3  0.4  1.0  2.3  0.3  0.1  0.1  0.2  0.2  0.2  0.8
  LEG5: dd11=+0.1530 dheading=-1.1
leg6-start d4=  88.2 d11=0.602 eL=  2279 eR=  7754 d0=0  0.8  0.8  0.5  0.3  0.4  0.3  0.4  1.0  2.3  0.3  0.1  0.1  0.2  0.2  0.2  0.8
leg6-end  d4=  84.4 d11=0.424 eL=  2503 eR=  7990 d0=0  0.6  0.7  0.6  0.4  0.3  0.4  0.4  0.8  2.4  0.4  0.2  0.2  0.2  0.1  0.9  0.6
  LEG6: dd11=-0.1780 dheading=-3.8
leg6-turn90CW d4=  94.6 d11=0.415 eL=  2530 eR=  7959 d0=0  0.6  0.7  0.4  0.4  0.3  0.4  0.5  1.4  0.7  0.2  0.2  0.2  0.1  0.2  0.8  0.7
leg7-start d4=  96.6 d11=0.413 eL=  2529 eR=  7959 d0=0  0.6  0.7  0.4  0.3  0.4  0.4  0.5  1.3  0.8  0.2  0.2  0.2  0.1  0.2  0.8  0.7
