start {"d4": 212.1, "d11": 0.259, "eL": 6239, "eR": 11037, "d0": "0", "d5": "0"}
leg1-a {"d4": 210.3, "d11": 0.27, "eL": 6238, "eR": 11036, "d0": "0", "d5": "0"}
leg1-av {"d4": 234.1, "d11": 0.254, "eL": 6485, "eR": 11174, "d0": "0", "d5": "0"}
LEG1 dist=192mm bear=211 dd11=-0.016
leg2-a {"d4": 231.7, "d11": 0.251, "eL": 6486, "eR": 11172, "d0": "0", "d5": "0"}
leg2-av {"d4": 251.0, "d11": 0.255, "eL": 6676, "eR": 11265, "d0": "0", "d5": "0"}
LEG2 dist=142mm bear=232 dd11=+0.004
leg3-a {"d4": 250.0, "d11": 0.247, "eL": 6677, "eR": 11266, "d0": "0", "d5": "0"}
leg3-av {"d4": 262.1, "d11": 0.249, "eL": 6869, "eR": 11383, "d0": "0", "d5": "0"}
LEG3 dist=154mm bear=250 dd11=+0.002
leg4-a {"d4": 261.9, "d11": 0.254, "eL": 6869, "eR": 11382, "d0": "0", "d5": "0"}
leg4-av {"d4": 291.2, "d11": 0.27, "eL": 7195, "eR": 11562, "d0": "0", "d5": "0"}
LEG4 dist=253mm bear=262 dd11=+0.016
leg5-a {"d4": 289.2, "d11": 0.268, "eL": 7194, "eR": 11563, "d0": "0", "d5": "0"}
leg5-b {"d4": 286.1, "d11": 0.287, "eL": 7588, "eR": 11982, "d0": "0", "d5": "0"}
LEG5 dist=406mm bear=289 dd11=+0.019
leg6-a {"d4": 279.7, "d11": 0.287, "eL": 7590, "eR": 11982, "d0": "0", "d5": "0"}
leg6-b {"d4": 280.3, "d11": 0.288, "eL": 7982, "eR": 12402, "d0": "0", "d5": "0"}
LEG6 dist=406mm bear=280 dd11=+0.001
leg7-a {"d4": 282.0, "d11": 0.294, "eL": 7983, "eR": 12401, "d0": "0", "d5": "0"}
