RX B HOLDING STILL. A: YOU SEE ME ON LIDAR? DRIVE TO ME ALONG THAT BEAM. OR REPLY BEAM<k> + YOUR HDG. KEEP TXING.
start {"d4": "183.0", "d11": 0.678, "d0": "0", "d5": "0", "eL": "20255", "eR": "19246"}
leg1-a {"d4": "182.7", "d11": 0.678, "d0": "0", "d5": "0", "eL": "20254", "eR": "19245"}
RX B HOLDING STILL. A: YOU SEE ME ON LIDAR? DRIVE TO ME ALONG THAT BEAM. OR REPLY BEAM<k> + YOUR HDG. KEEP TXING.
RX B HOLDING STILL. A: YOU SEE ME ON LIDAR? DRIVE TO ME ALONG THAT BEAM. OR REPLY BEAM<k> + YOUR HDG. KEEP TXING.
RX B HOLDING STILL. A: YOU SEE ME ON LIDAR? DRIVE TO ME ALONG THAT BEAM. OR REPLY BEAM<k> + YOUR HDG. KEEP TXING.
RX B HOLDING STILL. A: YOU SEE ME ON LIDAR? DRIVE TO ME ALONG THAT BEAM. OR REPLY BEAM<k> + YOUR HDG. KEEP TXING.
RX B HOLDING STILL. A: YOU SEE ME ON LIDAR? DRIVE TO ME ALONG THAT BEAM. OR REPLY BEAM<k> + YOUR HDG. KEEP TXING.
RX B HOLDING STILL. A: YOU SEE ME ON LIDAR? DRIVE TO ME ALONG THAT BEAM. OR REPLY BEAM<k> + YOUR HDG. KEEP TXING.
RX B HOLDING STILL. A: YOU SEE ME ON LIDAR? DRIVE TO ME ALONG THAT BEAM. OR REPLY BEAM<k> + YOUR HDG. KEEP TXING.
RX B HOLDING STILL. A: YOU SEE ME ON LIDAR? DRIVE TO ME ALONG THAT BEAM. OR REPLY BEAM<k> + YOUR HDG. KEEP TXING.
RX B HOLDING STILL. A: YOU SEE ME ON LIDAR? DRIVE TO ME ALONG THAT BEAM. OR REPLY BEAM<k> + YOUR HDG. KEEP TXING.
RX B HOLDING STILL. A: YOU SEE ME ON LIDAR? DRIVE TO ME ALONG THAT BEAM. OR REPLY BEAM<k> + YOUR HDG. KEEP TXING.
RX B HOLDING STILL. A: YOU SEE ME ON LIDAR? DRIVE TO ME ALONG THAT BEAM. OR REPLY BEAM<k> + YOUR HDG. KEEP TXING.
RX B HOLDING STILL. A: YOU SEE ME ON LIDAR? DRIVE TO ME ALONG THAT BEAM. OR REPLY BEAM<k> + YOUR HDG. KEEP TXING.
RX B HOLDING STILL. A: YOU SEE ME ON LIDAR? DRIVE TO ME ALONG THAT BEAM. OR REPLY BEAM<k> + YOUR HDG. KEEP TXING.
RX B HOLDING STILL. A: YOU SEE ME ON LIDAR? DRIVE TO ME ALONG THAT BEAM. OR REPLY BEAM<k> + YOUR HDG. KEEP TXING.
RX B HOLDING STILL. A: YOU SEE ME ON LIDAR? DRIVE TO ME ALONG THAT BEAM. OR REPLY BEAM<k> + YOUR HDG. KEEP TXING.
RX B HOLDING STILL. A: YOU SEE ME ON LIDAR? DRIVE TO ME ALONG THAT BEAM. OR REPLY BEAM<k> + YOUR HDG. KEEP TXING.
RX B HOLDING STILL. A: YOU SEE ME ON LIDAR? DRIVE TO ME ALONG THAT BEAM. OR REPLY BEAM<k> + YOUR HDG. KEEP TXING.
leg1-b {"d4": "170.4", "d11": 0.682, "d0": "0", "d5": "0", "eL": "20326", "eR": "19380"}
LEG1 dd=+0.004 ema=+0.004 bad=0 best=0.678
RX B HOLDING STILL. A: YOU SEE ME ON LIDAR? DRIVE TO ME ALONG THAT BEAM. OR REPLY BEAM<k> + YOUR HDG. KEEP TXING.
RX B HOLDING STILL. A: YOU SEE ME ON LIDAR? DRIVE TO ME ALONG THAT BEAM. OR REPLY BEAM<k> + YOUR HDG. KEEP TXING.
turn45 {"d4": "179.9", "d11": 0.688, "d0": "0", "d5": "0", "eL": "20340", "eR": "19364"}
leg2-a {"d4": "175.3", "d11": 0.678, "d0": "0", "d5": "0", "eL": "20341", "eR": "19365"}
RX B HOLDING STILL. A: YOU SEE ME ON LIDAR? DRIVE TO ME ALONG THAT BEAM. OR REPLY BEAM<k> + YOUR HDG. KEEP TXING.
RX B HOLDING STILL. A: YOU SEE ME ON LIDAR? DRIVE TO ME ALONG THAT BEAM. OR REPLY BEAM<k> + YOUR HDG. KEEP TXING.
RX B HOLDING STILL. A: YOU SEE ME ON LIDAR? DRIVE TO ME ALONG THAT BEAM. OR REPLY BEAM<k> + YOUR HDG. KEEP TXING.
RX B HOLDING STILL. A: YOU SEE ME ON LIDAR? DRIVE TO ME ALONG THAT BEAM. OR REPLY BEAM<k> + YOUR HDG. KEEP TXING.
RX B HOLDING STILL. A: YOU SEE ME ON LIDAR? DRIVE TO ME ALONG THAT BEAM. OR REPLY BEAM<k> + YOUR HDG. KEEP TXING.
RX B HOLDING STILL. A: YOU SEE ME ON LIDAR? DRIVE TO ME ALONG THAT BEAM. OR REPLY BEAM<k> + YOUR HDG. KEEP TXING.
RX B APPROACHING YOU VIA d11 HILLCLIMB. KEEP BEACON. IF SEE ME: SAY SEE.
leg2-b {"d4": "184.0", "d11": 0.666, "d0": "0", "d5": "0", "eL": "20467", "eR": "19439"}
LEG2 dd=-0.012 ema=-0.012 bad=0 best=0.678
RX B APPROACHING YOU VIA d11 HILLCLIMB. KEEP BEACON. IF SEE ME: SAY SEE.
turn90 {"d4": "174.0", "d11": 0.648, "d0": "0", "d5": "0", "eL": "20438", "eR": "19468"}
leg3-a {"d4": "172.8", "d11": 0.647, "d0": "0", "d5": "0", "eL": "20438", "eR": "19469"}
RX B APPROACHING YOU VIA d11 HILLCLIMB. KEEP BEACON. IF SEE ME: SAY SEE.
RX B APPROACHING YOU VIA d11 HILLCLIMB. KEEP BEACON. IF SEE ME: SAY SEE.
leg3-b {"d4": "185.7", "d11": 0.637, "d0": "0", "d5": "0", "eL": "20565", "eR": "19545"}
LEG3 dd=-0.010 ema=-0.010 bad=1 best=0.678
turn90 {"d4": "194.9", "d11": 0.607, "d0": "0", "d5": "0", "eL": "20591", "eR": "19515"}
leg4-a {"d4": "196.4", "d11": 0.607, "d0": "0", "d5": "0", "eL": "20592", "eR": "19514"}
