iter 0 drive delta=0.03 d4=41.1
iter 1 drive delta=0.04 d4=44.1
iter 2 drive delta=0.02 d4=44.6
iter 3 drive delta=0.04 d4=51.7
iter 4 drive delta=0.03 d4=56.7
iter 5 drive delta=0.04 d4=57.0
iter 6 drive delta=0.03 d4=61.5
iter 7 drive delta=0.05 d4=65.0
iter 8 drive delta=0.03 d4=69.5
iter 9 drive delta=0.03 d4=76.1
iter 10 drive delta=0.01 d4=75.8
iter 11 drive delta=0.03 d4=78.9
iter 12 drive delta=0.03 d4=81.9
iter 13 drive delta=0.22 d4=85.3
start d4=  39.1  0.17  0.24  0.61  1.59  0.65  0.39  0.41  0.35  0.45  0.32  0.30  0.28  0.23  0.10  0.09  0.13
rot0 d4=  46.5  0.17  0.23  0.93  1.30  0.60 -1.00  0.40  0.36  0.38  0.32  0.30  0.29  0.22  0.10  0.10  0.14
drive0 d4=  41.1  0.15  0.23  0.94  1.31  0.61  0.39  0.39  0.35  0.41  0.33  0.29  0.28  0.22  0.09  0.11  0.11
rot1 d4=  43.2  0.17  0.29  2.72 -1.00  0.50  0.38  0.38  0.40  0.33  0.34  0.27  0.28  0.21  0.08  0.11  0.16
drive1 d4=  44.1  0.16  0.27  2.71  0.98  0.51  0.38  0.39  0.39  0.33  0.33  0.29  0.33  0.20  0.09  0.10  0.15
rot2 d4=  45.4  0.18  0.40  2.67  0.98  0.45  0.38  0.38  0.41  0.30  0.36  0.26  0.26  0.18  0.09  0.12  0.16
drive2 d4=  44.6  0.18  0.39  2.66  0.97  0.46  0.36  0.37  0.42  0.35  0.33  0.28  0.28  0.14  0.08  0.11  0.15
rot3 d4=  48.5  0.18  0.47  2.69  0.76  0.43  0.38  0.37  0.44  0.33  0.34  0.30  0.25  0.10  0.08  0.10  0.15
drive3 d4=  51.7  0.19  0.46  2.70  0.76  0.42  0.39  0.37  0.46  0.34  0.35  0.26  0.26  0.08  0.09  0.11  0.15
rot4 d4=  56.9  0.21  0.49  1.84  0.69  0.42  0.38  0.36  0.48  0.32  0.34  0.28  0.23  0.09  0.09  0.14  0.15
drive4 d4=  56.7  0.17  0.49  1.84  0.69  0.42  0.39  0.34  0.48  0.33  0.34  0.28  0.23  0.09  0.10  0.14  0.16
rot5 d4=  56.7  0.21  0.55  1.60  0.65  0.39  0.40  0.37  0.47  0.32  0.33  0.29  0.22  0.10  0.09  0.13  0.15
drive5 d4=  57.0  0.21  0.56  1.58  0.66  0.41  0.40  0.36  0.49  0.34  0.35  0.29  0.22  0.10  0.09  0.15  0.14
rot6 d4=  61.2  0.21  0.75  1.32  0.61  0.41  0.41  0.34  0.45  0.35  0.33  0.29  0.21  0.09  0.10  0.14  0.15
drive6 d4=  61.5  0.20  0.72  1.32  0.62  0.40  0.41  0.36  0.47  0.35  0.31  0.31  0.21  0.09  0.12  0.14  0.16
rot7 d4=  68.5  0.26  2.67  0.99  0.54  0.39  0.40  0.37  0.39  0.36  0.30  0.28  0.18  0.07  0.10  0.15  0.15
drive7 d4=  65.0  0.24  2.69  0.98  0.59  0.38  0.39  0.35  0.39  0.36  0.31  0.28  0.13  0.07  0.12  0.13  0.17
rot8 d4=  66.8  0.36  2.67  0.98  0.46  0.38  0.40  0.41  0.35  0.36  0.28  0.27  0.10  0.09  0.11  0.14  0.16
drive8 d4=  69.5  0.33  2.66  0.96  0.48  0.37  0.40  0.40  0.35  0.36  0.29  0.26  0.11  0.09  0.11  0.13  0.14
rot9 d4=  74.9  0.42  2.70  0.78  0.44  0.38  0.38  0.44  0.35  0.34  0.30  0.24  0.10  0.08  0.11  0.15  0.16
drive9 d4=  76.1  0.45  2.68  0.77  0.43  0.38  0.39  0.46  0.37  0.37  0.30  0.25  0.10  0.07  0.12  0.13  0.16
rot10 d4=  75.7  0.46  2.20  0.69  0.42  0.37  0.39  0.47  0.36  0.36  0.30  0.24  0.10  0.10  0.13  0.14  0.20
drive10 d4=  75.8  0.46  2.21  0.69  0.43  0.39  0.37  0.47  0.36  0.38  0.31  0.25  0.10  0.09  0.12  0.15  0.18
rot11 d4=  82.0  0.53  1.61 -1.00  0.41  0.38  0.37  0.50  0.35 -1.00  0.30  0.25  0.09  0.11  0.12  0.14  0.21
drive11 d4=  78.9  0.51  1.61  0.68  0.39  0.36  0.40  0.50  0.35  0.36  0.32  0.24  0.08  0.10  0.14  0.12  0.19
rot12 d4=  80.3  0.69  1.31  0.63  0.40  0.39  0.36  0.51  0.36  0.34  0.32  0.11  0.08  0.11  0.14  0.14  0.20
drive12 d4=  81.9  0.67  1.32  0.64  0.39  0.39  0.37  0.50  0.37  0.34  0.33  0.12  0.10  0.12  0.13  0.12  0.20
rot13 d4=  84.3  0.92  1.02  0.60  0.36  0.42  0.37  0.44  0.39  0.32 -1.00  0.10  0.09  0.11  0.16  0.13  0.22
drive13 d4=  85.3  0.91  1.22  0.61  0.39  0.41  0.36  0.49  0.39  0.33  0.29  0.10  0.11  0.11  0.14  0.12  0.21
