start d4= 145.6 d6=2060 d9=877 d11=0.956 d0=0 d5=0  0.15  0.10  0.11  0.13  0.28  0.56  0.61  0.63  0.43  0.34  0.39  0.41  0.55  1.65  0.65  0.28
aligned D=0.0 d4=  95.3 d6=2206 d9=739 d11=0.923 d0=0 d5=0  1.31  0.30  0.16  0.10  0.09  0.12  0.16  0.37  0.53  0.62  0.44  0.38  0.34  0.41  0.50  1.03
drive00 d4=  91.0 d6=2221 d9=755 d11=0.912 d0=0 d5=0  1.32  0.32  0.15  0.11  0.09  0.12  0.17  0.36  0.54  0.62  0.44  0.34  0.36  0.40  0.49  1.03
drive01 d4=  93.0 d6=2235 d9=755 d11=0.930 d0=0 d5=0  2.41  0.32  0.17  0.11  0.08  0.14  0.15  0.35  0.51  0.62  0.42  0.38  0.36  0.41  0.45  0.94
drive02 d4=  91.0 d6=2251 d9=756 d11=0.932 d0=0 d5=0  2.40  0.35  0.22  0.11  0.09  0.10  0.16 -1.00  0.52  0.62  0.45  0.40  0.34  0.39  0.43  0.72
drive03 d4=  85.2 d6=2267 d9=756 d11=0.931 d0=0 d5=0  2.42  0.40  0.23  0.10  0.09  0.10  0.12  0.31  0.53  0.61  0.56  0.41  0.34  0.40  0.43  0.71
drive04 d4=  84.2 d6=2284 d9=755 d11=0.932 d0=0 d5=0  2.44  0.44  0.26  0.11  0.10  0.10  0.13  0.31  0.54  0.64  0.62  0.43  0.35  0.40  0.42  0.71
drive05 d4=  82.2 d6=2300 d9=754 d11=0.931 d0=0 d5=0  2.47  0.64  0.27  0.15  0.11  0.10  0.13  0.31  0.57  0.62  0.61  0.45  0.33  0.39  0.41  0.70
drive06 d4=  79.4 d6=2317 d9=755 d11=0.925 d0=0 d5=0  1.59  0.66  0.27  0.17  0.11  0.10  0.13  0.23  0.57  0.62 -1.00  0.45  0.37  0.37  0.41  0.56
drive07 d4=  77.6 d6=2331 d9=756 d11=0.917 d0=0 d5=0  1.35 -1.00  0.29  0.17  0.11  0.09  0.11  0.18  0.40  0.59  0.66  0.45  0.38  0.36  0.40  0.53
drive08 d4=  71.0 d6=2347 d9=754 d11=0.914 d0=0 d5=0  1.01  1.34  0.30  0.19  0.10  0.08  0.11  0.17  0.38  0.56  0.63  0.44  0.36  0.36  0.40  0.48
drive09 d4=  74.9 d6=2349 d9=770 d11=0.921 d0=0 d5=0  1.32  1.05  0.32  0.19  0.11  0.10  0.12  0.19  0.40  0.60  0.67  0.44  0.35  0.36  0.39  0.53
drive10 d4=  73.0 d6=2364 d9=771 d11=0.917 d0=0 d5=0  0.99  1.47  0.31  0.20  0.10  0.11  0.13  0.18  0.37  0.57  0.62  0.46  0.36  0.36  0.40  0.48
drive11 d4=  76.3 d6=2363 d9=786 d11=0.932 d0=0 d5=0  1.32  1.24  0.30  0.18  0.13  0.10  0.10  0.21  0.41  0.60  0.67  0.46  0.34  0.36  0.40  0.49
drive12 d4=  70.1 d6=2380 d9=784 d11=0.903 d0=0 d5=0  0.97  1.46  0.30  0.22  0.12  0.12  0.11  0.20  0.37  0.59  0.64  0.47  0.37  0.35  0.40  0.48
drive13 d4=  73.1 d6=2380 d9=801 d11=0.920 d0=0 d5=0  1.30  1.25  0.29  0.21  0.12  0.09 -1.00  0.20  0.42  0.61  0.67  0.45  0.34  0.37  0.38  0.51
drive14 d4=  74.4 d6=2397 d9=800 d11=0.910 d0=0 d5=0  0.96  1.49  0.32  0.23  0.13  0.10  0.12  0.19  0.40  0.60  0.66  0.46  0.35  0.36  0.38  0.47
drive15 d4=  75.5 d6=2396 d9=814 d11=0.924 d0=0 d5=0  1.31  1.25  0.30  0.21  0.13  0.11  0.11  0.19  0.44  0.63  0.69  0.46  0.35  0.37  0.38  0.50
drive16 d4=  72.1 d6=2411 d9=816 d11=0.916 d0=0 d5=0  0.94  1.47  0.32  0.23  0.13  0.11  0.10  0.19  0.41  0.61  0.64  0.48  0.36  0.36  0.39  0.46
drive17 d4=  72.7 d6=2413 d9=829 d11=0.913 d0=0 d5=0  1.28  1.24  0.29  0.22  0.15  0.11  0.13  0.21  0.43  0.64  0.71  0.46  0.34  0.37  0.37  0.49
drive18 d4=  70.5 d6=2428 d9=829 d11=0.915 d0=0 d5=0  0.94  1.50  0.30  0.26  0.15  0.12  0.13  0.18  0.40  0.61  0.68  0.46  0.36  0.36  0.36  0.43
drive19 d4=  75.6 d6=2427 d9=844 d11=0.926 d0=0 d5=0  1.27  1.26  0.29  0.21  0.14  0.13  0.12  0.21  0.43  0.64  0.68  0.46  0.34  0.36  0.39  0.48
end d4=  75.7 d6=2427 d9=845 d11=0.925 d0=0 d5=0  1.27  1.24  0.30  0.21  0.15  0.13  0.11  0.20  0.42  0.65  0.70  0.46  0.33  0.36  0.39  0.48
DONE
