start    d4=  68.7 eL=   895 eR=  2498 d11=0.90 d0=0  0.9  2.3  0.3  0.2  0.2  0.1  0.1  0.2  0.4  0.6  0.7  0.5  0.3  0.4  0.3  0.4
turn1    d4=  67.3 eL=   898 eR=  2494 d11=0.90 d0=0  0.9  1.9  0.3  0.2  0.2  0.1  0.1  0.2  0.5  0.6  0.7  0.5  0.3  0.4  0.4  0.5
turn2    d4=  75.2 eL=   902 eR=  2489 d11=0.91 d0=0  1.0  1.4  0.3  0.2  0.2  0.1  0.1  0.2  0.4  0.7  0.7  0.5  0.3  0.3  0.4  0.5
avoid3   d4=  69.7 eL=   894 eR=  2500 d11=0.92 d0=0  0.9  2.3  0.3  0.3  0.2 -1.0  0.1  0.2  0.4  0.7  0.7  0.5  0.3  0.3  0.4  0.5
turn4    d4=  70.1 eL=   899 eR=  2494 d11=0.91 d0=0  0.9  1.9  0.3  0.3  0.2  0.1  0.1  0.2  0.4  0.6  0.7  0.5  0.3  0.3  0.4  0.4
turn5    d4=  72.8 eL=   902 eR=  2489 d11=0.91 d0=0  1.0  1.4  0.3  0.2  0.2  0.1  0.1  0.2  0.4  0.7  0.7  0.5  0.3  0.4  0.3  0.5
avoid6   d4=  71.0 eL=   895 eR=  2498 d11=0.90 d0=0  0.9  2.3  0.3  0.2  0.2  0.1  0.1  0.2  0.4  0.6  0.7  0.5  0.3  0.4  0.3  0.4
turn7    d4=  70.1 eL=   897 eR=  2496 d11=0.90 d0=0  0.9  1.9  0.3  0.2  0.2  0.1  0.2  0.2  0.4  0.7  0.7  0.5  0.3  0.3  0.4  0.4
avoid8   d4=  67.5 eL=   891 eR=  2503 d11=0.91 d0=0  0.8  2.3  0.3  0.2  0.2  0.1  0.1  0.2  0.4  0.6  0.7  0.5  0.3  0.4  0.4  0.4
turn9    d4=  70.3 eL=   894 eR=  2499 d11=0.91 d0=0  0.9  2.3  0.3  0.2  0.2  0.2  0.1  0.2  0.4  0.6  0.7  0.5  0.3  0.3  0.3  0.4
turn10   d4=  72.4 eL=   897 eR=  2494 d11=0.91 d0=0  0.9  1.9  0.3  0.2  0.2  0.1  0.1  0.2  0.4  0.6  0.7  0.5  0.4  0.3  0.3  0.4
turn11   d4=  75.6 eL=   902 eR=  2491 d11=0.91 d0=0  1.0  1.4  0.3  0.2  0.2  0.1  0.1  0.2  0.5  0.7  0.7  0.5  0.4  0.4  0.4  0.5
avoid12  d4=  74.0 eL=   893 eR=  2498 d11=0.90 d0=0  0.9  2.3  0.3  0.2  0.2  0.1  0.1  0.2  0.4  0.6  0.7  0.5  0.3  0.4  0.4  0.4
turn13   d4=  72.0 eL=   898 eR=  2496 d11=0.91 d0=0  0.9  1.9  0.3  0.2  0.2  0.1  0.1  0.2  0.4  0.6  0.7  0.5  0.4  0.4  0.4  0.5
avoid14  d4=  66.0 eL=   891 eR=  2504 d11=0.91 d0=0  0.8  2.3  0.4  0.2  0.2  0.1  0.1  0.2  0.4  0.6  0.7  0.5  0.3  0.4  0.4  0.4
turn15   d4=  66.7 eL=   894 eR=  2498 d11=0.92 d0=0  0.9  2.3  0.3  0.2  0.2  0.1  0.1  0.2  0.4  0.6  0.7  0.5  0.4  0.4  0.3  0.4
turn16   d4=  72.5 eL=   899 eR=  2495 d11=0.92 d0=0  0.9  2.3  0.3  0.2  0.2  0.1  0.1  0.2  0.4  0.6  0.7  0.5  0.3  0.4  0.4  0.5
turn17   d4=  73.3 eL=   902 eR=  2492 d11=0.92 d0=0  1.0 -1.0  0.3  0.2  0.2  0.2  0.1  0.2  0.4  0.7  0.7  0.5  0.4  0.3  0.4  0.5
avoid18  d4=  71.4 eL=   895 eR=  2500 d11=0.92 d0=0  0.9  2.3  0.3  0.2  0.2  0.1  0.1  0.2  0.4  0.6  0.7  0.5  0.3  0.3  0.4  0.4
turn19   d4=  72.8 eL=   899 eR=  2494 d11=0.92 d0=0  0.9  2.3  0.3  0.2  0.2  0.1  0.1  0.2  0.4  0.6  0.7  0.5  0.3  0.4  0.3  0.5
avoid20  d4=  68.9 eL=   891 eR=  2502 d11=0.91 d0=0 -1.0  2.3  0.3  0.2  0.2  0.1  0.1  0.2  0.4  0.6  0.7  0.5  0.3  0.4  0.4  0.4
turn21   d4=  70.2 eL=   893 eR=  2498 d11=0.92 d0=0  0.9  2.3  0.3  0.2  0.2  0.1  0.1  0.2  0.4  0.6  0.7  0.5  0.3  0.4  0.4  0.4
turn22   d4=  71.8 eL=   897 eR=  2496 d11=0.90 d0=0  0.9  2.3  0.3  0.2  0.2  0.1  0.1  0.2  0.4  0.7  0.7  0.5  0.3  0.3  0.3  0.5
avoid23  d4=  67.4 eL=   892 eR=  2502 d11=0.91 d0=0  0.9  2.3  0.3  0.2  0.2  0.1  0.1  0.2  0.4  0.6  0.7  0.5  0.4  0.4  0.4  0.4
turn24   d4=  69.2 eL=   895 eR=  2498 d11=0.92 d0=0  0.9  2.3  0.3  0.2  0.2  0.1  0.1  0.2  0.4  0.6  0.7  0.5  0.3  0.4  0.4  0.4
turn25   d4=  72.9 eL=   897 eR=  2494 d11=0.89 d0=0  0.9  1.9  0.3  0.2  0.2  0.1  0.1  0.2  0.4  0.7  0.7  0.5  0.3  0.4  0.3  0.4
turn26   d4=  73.1 eL=   903 eR=  2491 d11=0.90 d0=0  1.0  1.4  0.3  0.2  0.2  0.1  0.1  0.2  0.5  0.7  0.7  0.5  0.3  0.4  0.4  0.5
avoid27  d4=  69.8 eL=   894 eR=  2499 d11=0.89 d0=0  0.9  2.3  0.4  0.2  0.2  0.1  0.1  0.2  0.4  0.6  0.7  0.5  0.3  0.3  0.4  0.4
turn28   d4=  69.0 eL=   898 eR=  2496 d11=0.91 d0=0  0.9  1.9  0.3  0.2  0.2  0.1  0.1  0.2  0.4  0.6  0.7  0.5  0.3  0.4  0.3  0.4
turn29   d4=  73.1 eL=   902 eR=  2491 d11=0.91 d0=0  1.0  1.4  0.3  0.2  0.2  0.1  0.1  0.2  0.5  0.7  0.7  0.4 -1.0  0.4  0.3  0.5
avoid30  d4=  71.2 eL=   896 eR=  2498 d11=0.90 d0=0  0.9  2.3  0.3  0.2  0.2  0.1  0.1  0.2  0.4  0.6  0.7 -1.0  0.3  0.4  0.4  0.4
turn31   d4=  65.3 eL=   899 eR=  2494 d11=0.91 d0=0  0.9  1.9  0.3  0.2  0.2  0.2  0.1  0.2  0.4  0.6  0.7  0.5  0.3  0.3  0.3  0.4
turn32   d4=  72.6 eL=   902 eR=  2491 d11=0.90 d0=0  1.0  1.4  0.3  0.2  0.2  0.1  0.1  0.2  0.4  0.7  0.7  0.5  0.3  0.3  0.3  0.5
avoid33  d4=  68.8 eL=   896 eR=  2499 d11=0.91 d0=0  0.9  2.3  0.3  0.2  0.2  0.1  0.1  0.2  0.4  0.6  0.7  0.5  0.3  0.3  0.3  0.4
turn34   d4=  75.3 eL=   899 eR=  2495 d11=0.91 d0=0  0.9  1.5  0.3  0.2  0.2  0.2  0.1  0.2  0.4  0.7  0.7  0.5  0.4  0.4  0.3  0.4
turn35   d4=  76.6 eL=   902 eR=  2491 d11=0.91 d0=0  1.0  1.3  0.3  0.2  0.2  0.1  0.1  0.2  0.5  0.7  0.7  0.5  0.3  0.4  0.4  0.5
turn36   d4=  77.0 eL=   907 eR=  2486 d11=0.90 d0=0  1.3  1.2  0.3  0.2  0.2  0.1  0.1  0.2  0.5  0.7  0.7  0.4  0.3  0.3  0.4  0.5
avoid37  d4=  67.7 eL=   900 eR=  2495 d11=0.91 d0=0  0.9  1.5  0.3  0.2  0.2  0.1  0.1  0.2  0.4  0.6  0.7  0.5  0.3  0.3  0.3  0.4
avoid38  d4=  68.0 eL=   891 eR=  2502 d11=0.91 d0=0  0.8  2.3  0.4  0.2  0.2  0.2  0.1  0.2  0.4  0.6  0.7  0.5  0.3  0.3  0.3  0.4
turn39   d4=  65.9 eL=   896 eR=  2498 d11=0.91 d0=0  0.9  2.3  0.3  0.2  0.2  0.1  0.2  0.2  0.4  0.6  0.7  0.5  0.3  0.4  0.3  0.4
turn40   d4=  73.0 eL=   897 eR=  2496 d11=0.90 d0=0  0.9  1.9  0.3  0.2  0.2  0.1  0.1  0.2  0.4  0.6  0.7  0.5  0.4  0.4  0.3  0.5
avoid41  d4=  67.1 eL=   890 eR=  2502 d11=0.91 d0=0  0.8  2.3  0.4  0.3  0.2  0.1  0.1  0.2  0.4  0.6  0.7  0.5  0.3  0.4  0.4  0.4
turn42   d4=  69.8 eL=   895 eR=  2499 d11=0.92 d0=0  0.9  2.3  0.3  0.2  0.2  0.1  0.1  0.2  0.4  0.6  0.7  0.5  0.4  0.4  0.4  0.5
turn43   d4=  70.9 eL=   898 eR=  2495 d11=0.91 d0=0  0.9  1.9  0.3  0.2  0.2  0.1  0.1  0.2  0.5  0.7  0.7  0.5  0.3  0.4  0.3  0.5
turn44   d4=  72.8 eL=   902 eR=  2490 d11=0.92 d0=0  1.0  1.4  0.3  0.2  0.2  0.1  0.2  0.2  0.5  0.7  0.7  0.5  0.3  0.3  0.4  0.5
avoid45  d4=  67.4 eL=   894 eR=  2500 d11=0.91 d0=0  0.9  2.3  0.3  0.2  0.2  0.1  0.1  0.2  0.4  0.7  0.7  0.5  0.3  0.4  0.3  0.4
turn46   d4=  70.8 eL=   898 eR=  2494 d11=0.91 d0=0  0.9  1.9  0.3  0.2  0.2  0.1  0.1  0.2  0.4  0.6  0.7  0.5  0.3  0.3  0.4  0.5
turn47   d4=  73.7 eL=   901 eR=  2492 d11=0.91 d0=0  1.0  1.4  0.3  0.2  0.2  0.1  0.1  0.2  0.5  0.7  0.7  0.5  0.4  0.4  0.3  0.5
avoid48  d4=  70.7 eL=   894 eR=  2499 d11=0.90 d0=0  0.9  2.3  0.4  0.2  0.2  0.1  0.1  0.2  0.4  0.7  0.7  0.5  0.3  0.4  0.4  0.4
turn49   d4=  70.6 eL=   899 eR=  2494 d11=0.91 d0=0  0.9  2.3  0.3  0.2  0.2  0.1  0.1  0.2  0.5  0.7  0.7  0.5  0.3  0.4  0.4  0.5
avoid50  d4=  66.3 eL=   890 eR=  2502 d11=0.91 d0=0  0.8  2.3  0.4  0.2  0.2  0.1  0.1  0.2  0.4  0.6  0.7  0.5  0.4  0.4  0.4  0.4
turn51   d4=  66.0 eL=   893 eR=  2499 d11=0.91 d0=0  0.9  2.3  0.3  0.2  0.2  0.1  0.1  0.2  0.4  0.6  0.7  0.5  0.3  0.4  0.3  0.4
turn52   d4=  66.7 eL=   897 eR=  2495 d11=0.90 d0=0  0.9  2.3  0.3  0.2  0.2  0.1  0.1  0.2  0.4 -1.0  0.7  0.5  0.3  0.3  0.3  0.5
turn53   d4=  73.1 eL=   901 eR=  2492 d11=0.91 d0=0  1.0  1.4  0.3  0.2  0.2  0.1  0.1  0.2  0.5  0.7  0.7  0.5  0.3  0.4  0.3  0.5
avoid54  d4=  67.6 eL=   895 eR=  2499 d11=0.90 d0=0  0.9  2.3  0.4  0.2  0.2  0.1  0.1  0.2  0.4  0.6  0.7  0.5  0.3  0.4  0.4  0.5
turn55   d4=  73.0 eL=   897 eR=  2495 d11=0.90 d0=0  0.9  1.9  0.3  0.2  0.2  0.1  0.1  0.2  0.4  0.6  0.7  0.5  0.3  0.3  0.3  0.4
turn56   d4=  72.1 eL=   903 eR=  2490 d11=0.93 d0=0  1.0  1.4  0.3  0.2  0.2  0.1  0.1  0.2  0.4  0.7  0.7  0.5  0.3  0.4  0.3  0.5
avoid57  d4=  69.7 eL=   894 eR=  2498 d11=0.91 d0=0  0.9  2.3  0.3  0.2  0.2  0.1  0.1  0.2  0.4  0.6  0.7  0.5  0.3  0.4  0.3  0.4
turn58   d4=  69.3 eL=   898 eR=  2496 d11=0.90 d0=0  0.9  1.9  0.3  0.2  0.2  0.1  0.1  0.2  0.4  0.7  0.7  0.5  0.3  0.4  0.4  0.4
turn59   d4=  71.3 eL=   903 eR=  2491 d11=0.89 d0=0  1.0  1.4  0.3  0.2  0.2  0.1  0.1  0.2  0.5  0.7  0.7  0.4  0.3  0.4  0.4  0.5
avoid60  d4=  72.1 eL=   896 eR=  2498 d11=0.91 d0=0  0.9  2.3  0.3  0.2  0.2  0.1  0.1  0.2  0.4  0.6  0.7  0.5  0.4  0.3  0.4  0.4
turn61   d4=  68.8 eL=   898 eR=  2496 d11=0.92 d0=0  0.9  1.9  0.3  0.2  0.2  0.2  0.1  0.2  0.5  0.6  0.7  0.5  0.3  0.4  0.3  0.5
avoid62  d4=  71.3 eL=   891 eR=  2504 d11=0.91 d0=0  0.9  2.3  0.3  0.2  0.2  0.1  0.1  0.2  0.4  0.6  0.7  0.5  0.3  0.4  0.4  0.4
turn63   d4=  71.4 eL=   894 eR=  2500 d11=0.91 d0=0  0.9  2.3  0.3  0.2  0.2  0.1  0.1  0.2  0.4  0.6  0.7  0.5  0.3  0.4  0.4  0.4
turn64   d4=  72.1 eL=   900 eR=  2495 d11=0.91 d0=0  0.9  1.5  0.4  0.2  0.2  0.1  0.1  0.2  0.4  0.7  0.7  0.5  0.4  0.3  0.4  0.5
turn65   d4=  68.9 eL=   902 eR=  2489 d11=0.89 d0=0  1.0  1.4  0.3  0.2  0.2  0.2  0.1  0.2  0.4  0.7  0.7  0.5  0.3  0.4  0.4  0.5
avoid66  d4=  68.7 eL=   896 eR=  2500 d11=0.92 d0=0  0.9  2.3  0.4  0.2  0.2  0.1  0.1  0.1  0.4  0.6  0.7  0.5  0.4  0.4  0.3  0.5
turn67   d4=  71.8 eL=   898 eR=  2494 d11=0.90 d0=0  0.9  1.9  0.3  0.2  0.2  0.1  0.1  0.2  0.4  0.7  0.7  0.5  0.3  0.4  0.4  0.4
turn68   d4=  71.9 eL=   903 eR=  2490 d11=0.90 d0=0  1.0  1.4  0.3  0.2  0.2  0.1  0.1  0.2  0.5  0.7  0.7  0.5  0.3  0.3  0.4  0.4
avoid69  d4=  67.0 eL=   895 eR=  2499 d11=0.90 d0=0  0.9  2.3  0.3  0.3  0.2  0.1  0.1  0.2  0.4  0.6  0.7  0.5  0.3  0.3  0.4  0.4
turn70   d4=  68.8 eL=   897 eR=  2494 d11=0.91 d0=0  0.9  1.9  0.3  0.2  0.2  0.1  0.1  0.2  0.4  0.6  0.7  0.5  0.3  0.4  0.4  0.5
turn71   d4=  73.6 eL=   902 eR=  2490 d11=0.90 d0=0  1.0  1.4  0.3  0.2  0.2  0.1  0.1  0.2  0.4  0.7  0.7  0.5  0.3  0.4  0.4  0.5
avoid72  d4=  69.1 eL=   896 eR=  2498 d11=0.91 d0=0  0.9  2.3  0.4  0.3  0.2  0.1  0.1  0.2  0.4  0.6  0.7  0.5  0.3  0.4  0.4  0.4
turn73   d4=  71.5 eL=   897 eR=  2494 d11=0.91 d0=0  0.9  2.3  0.3  0.2  0.2  0.1  0.1  0.2  0.4  0.6  0.7  0.5  0.3  0.3  0.3  0.5
turn74   d4=  72.8 eL=   901 eR=  2490 d11=0.91 d0=0  1.0  1.4  0.3  0.2  0.2  0.1  0.1  0.2  0.4  0.7  0.7  0.5  0.3  0.4  0.4  0.4
