start    d4=  73.1 eL=   917 eR=  2507 d11=0.91 d0=0  1.0  1.4  0.3  0.2  0.2  0.1  0.1  0.2  0.4  0.7  0.7  0.5  0.4  0.3  0.4  0.5
turn1    d4=  75.3 eL=   919 eR=  2501 d11=0.91 d0=0  1.2 -1.0  0.3  0.2  0.2  0.1  0.1  0.2  0.5  0.7  0.7  0.4  0.3  0.3  0.3  0.5
turn2    d4=  75.5 eL=   922 eR=  2499 d11=0.91 d0=0  1.3  1.2  0.3  0.2  0.2  0.1  0.1  0.2  0.5  0.7  0.7  0.4  0.3  0.3  0.4  0.5
turn3    d4=  72.1 eL=   923 eR=  2497 d11=0.91 d0=0  1.3  1.2  0.3  0.2  0.2  0.1  0.1  0.2  0.5  0.7  0.7  0.4  0.3  0.4  0.4  0.5
turn4    d4=  76.4 eL=   927 eR=  2494 d11=0.92 d0=0  1.3  1.0  0.3  0.2  0.2  0.1  0.1  0.2  0.7  0.7  0.7  0.4  0.3  0.4  0.4  0.5
fwd5     d4=  74.1 eL=   955 eR=  2526 d11=0.92 d0=0  1.3  1.2  0.3  0.2  0.2  0.1  0.1  0.2  0.5  0.7  0.7  0.4  0.3  0.3  0.4  0.6
turn6    d4=  76.6 eL=   957 eR=  2525 d11=0.90 d0=0  1.4  1.0  0.3  0.2  0.2  0.2  0.1  0.2  0.7  0.7  0.7  0.4  0.3  0.3  0.4  0.6
fwd7     d4=  73.8 eL=   988 eR=  2556 d11=0.90 d0=0  1.3  1.1  0.3  0.2  0.2  0.2  0.1  0.2  0.7  0.7  0.7  0.4  0.4  0.3  0.4  0.6
turn8    d4=  73.7 eL=   990 eR=  2553 d11=0.90 d0=0  1.4  0.9  0.3  0.2  0.2  0.2  0.2  0.2  0.7  0.7  0.5  0.4  0.3  0.3  0.3  0.6
fwd9     d4=  76.3 eL=  1019 eR=  2586 d11=0.92 d0=0  1.4  1.1  0.3  0.2  0.2  0.2  0.2  0.2  0.7  0.8  0.6  0.4  0.3  0.3  0.3  0.6
turn10   d4=  77.7 eL=  1022 eR=  2585 d11=0.90 d0=0  1.4  0.9  0.3  0.2  0.2  0.2  0.2  0.2  0.7  0.8  0.5  0.4  0.3  0.3  0.3  0.6
fwd11    d4=  73.8 eL=  1051 eR=  2617 d11=0.91 d0=0  1.4  1.1  0.3  0.2  0.2  0.2  0.2  0.2  0.7  0.8  0.6  0.4  0.3  0.3  0.3  0.6
turn12   d4=  76.2 eL=  1053 eR=  2614 d11=0.90 d0=0  1.4  0.9  0.3  0.2  0.2  0.2  0.2  0.2  0.7  0.8  0.5  0.4  0.3  0.3  0.3  0.5
fwd13    d4=  74.5 eL=  1082 eR=  2646 d11=0.91 d0=0  1.4  1.1 -1.0  0.2  0.2  0.2  0.2  0.2  0.7  0.8  0.5  0.4  0.3  0.3  0.3  0.5
turn14   d4=  78.0 eL=  1084 eR=  2645 d11=0.90 d0=0  1.4  1.1  0.3  0.2  0.2  0.2  0.2  0.2  0.7  0.8  0.6  0.4  0.3  0.3  0.3  0.5
turn15   d4=  76.6 eL=  1084 eR=  2641 d11=0.90 d0=0  1.4  0.9  0.3  0.2  0.2  0.2  0.2  0.3  0.8  0.8  0.5  0.4  0.3  0.3  0.3  0.5
fwd16    d4=  77.8 eL=  1116 eR=  2672 d11=0.89 d0=0  1.4  1.1  0.3  0.2  0.2  0.2  0.2  0.2  0.8  0.8  0.6  0.4  0.3  0.3  0.3  0.5
turn17   d4=  75.6 eL=  1118 eR=  2672 d11=0.91 d0=0  1.4 -1.0  0.3  0.2  0.2  0.2  0.2  0.3  0.8  0.8  0.6  0.4  0.3  0.3  0.3  0.5
fwd18    d4=  76.8 eL=  1145 eR=  2704 d11=0.90 d0=0  1.4  1.1  0.3  0.2  0.2  0.2  0.2  0.3  0.8  0.8  0.5  0.4  0.3  0.3  0.3  0.5
fwd19    d4=  78.0 eL=  1176 eR=  2734 d11=0.90 d0=0  1.4  1.1  0.4  0.2  0.2  0.2  0.2  0.3  0.8  0.8  0.6  0.3  0.3  0.3  0.3  0.5
turn20   d4=  80.0 eL=  1178 eR=  2732 d11=0.91 d0=0  1.4  1.1  0.3  0.2  0.2  0.2  0.2  0.3  0.8  0.8  0.6  0.4  0.3  0.3  0.3  0.5
turn21   d4=  78.7 eL=  1180 eR=  2732 d11=0.91 d0=0  1.4  0.9  0.3  0.2  0.2  0.2  0.2  0.3  0.8  0.8  0.6  0.3  0.3  0.3  0.3  0.5
fwd22    d4=  83.2 eL=  1209 eR=  2763 d11=0.91 d0=0  1.4  1.1  0.4  0.2  0.2  0.2  0.2  0.3  0.8  0.8  0.6  0.4  0.3  0.3  0.3  0.5
turn23   d4=  80.8 eL=  1209 eR=  2759 d11=0.90 d0=0  2.2  0.9  0.4  0.2  0.2  0.2  0.2  0.3  0.8  0.8  0.6  0.4  0.3  0.3  0.3  0.5
fwd24    d4=  79.0 eL=  1239 eR=  2791 d11=0.91 d0=0  1.4  1.0  0.4  0.2  0.2  0.2  0.2  0.3  0.8  0.8  0.6  0.4  0.3  0.3  0.3  0.5
turn25   d4=  76.8 eL=  1242 eR=  2790 d11=0.91 d0=0  2.2 -1.0  0.4  0.2  0.2  0.2  0.2  0.3  0.8  0.8  0.5  0.4  0.3  0.3  0.3  0.5
fwd26    d4=  77.6 eL=  1270 eR=  2823 d11=0.89 d0=0  2.2  1.0  0.4  0.2  0.2  0.2  0.2  0.3  0.8  0.9  0.5  0.4  0.3 -1.0  0.3 -1.0
turn27   d4=  76.1 eL=  1271 eR=  2819 d11=0.90 d0=0  2.2  1.0  0.4  0.2  0.2  0.2  0.2  0.3  0.8  0.8  0.5  0.4  0.3  0.3  0.3  0.4
fwd28    d4=  80.4 eL=  1303 eR=  2852 d11=0.92 d0=0  2.2  1.0  0.4  0.2  0.2  0.2  0.2  0.3  0.9  0.9  0.5  0.4  0.3  0.3  0.3  0.5
turn29   d4=  81.9 eL=  1304 eR=  2851 d11=0.90 d0=0  2.2  1.0  0.4  0.2  0.2  0.2  0.3  0.3  0.9  0.8  0.5  0.4  0.3  0.2  0.3  0.4
fwd30    d4=  80.2 eL=  1332 eR=  2883 d11=0.90 d0=0  2.2  1.0  0.4  0.2  0.2  0.2  0.3  0.3  0.9  0.9  0.5  0.4  0.3  0.2  0.3  0.4
fwd31    d4=  80.9 eL=  1363 eR=  2912 d11=0.89 d0=0  2.1 -1.0  0.4  0.2  0.2  0.2  0.3  0.3  0.9  0.9  0.5  0.4  0.3  0.3  0.3  0.4
fwd32    d4=  80.5 eL=  1393 eR=  2946 d11=0.90 d0=0  1.3  1.0  0.4  0.2  0.2  0.2  0.3  0.3  0.9  0.9  0.5  0.4  0.3  0.3  0.3  0.4
fwd33    d4=  78.1 eL=  1422 eR=  2976 d11=0.89 d0=0  1.3  1.0  0.4  0.2  0.2  0.2  0.3  0.3  0.9  0.9  0.5  0.4  0.2  0.3  0.3  0.4
fwd34    d4=  79.6 eL=  1452 eR=  3008 d11=0.89 d0=0  1.2  1.0  0.4  0.2  0.2  0.2  0.3  0.3  0.9  0.9  0.5  0.4  0.2  0.3  0.3  0.4
turn35   d4=  78.7 eL=  1454 eR=  3006 d11=0.90 d0=0  1.3  1.0  0.4  0.3  0.2  0.2  0.3  0.3  0.9  0.9  0.5  0.3  0.2  0.2  0.3  0.4
fwd36    d4=  78.1 eL=  1483 eR=  3039 d11=0.89 d0=0  1.2  1.0  0.4  0.3  0.2  0.2  0.3  0.3  0.9  0.9  0.5  0.4  0.2  0.3  0.4  0.4
fwd37    d4=  75.3 eL=  1512 eR=  3070 d11=0.87 d0=0  1.2  0.9 -1.0  0.3  0.2  0.2  0.3  0.4  1.0  0.9  0.5  0.4  0.2  0.2  0.3  0.4
fwd38    d4=  78.4 eL=  1543 eR=  3100 d11=0.90 d0=0  1.2  1.0  0.3  0.3  0.2  0.2  0.3  0.4  1.0  1.0  0.5  0.3  0.2  0.2  0.3  0.3
fwd39    d4=  74.5 eL=  1570 eR=  3133 d11=0.88 d0=0  1.2  1.1  0.3  0.3  0.2  0.2  0.3  0.4  1.0  1.0  0.5  0.3  0.2  0.2  0.3  0.3
turn40   d4=  79.1 eL=  1575 eR=  3128 d11=0.90 d0=0  1.2  0.9  0.3  0.3  0.2  0.2  0.3  0.4  1.0  1.0  0.5  0.3  0.2  0.3  0.3  0.5
fwd41    d4=  79.4 eL=  1605 eR=  3159 d11=0.87 d0=0  1.2  1.0  0.5  0.3  0.2  0.2  0.3  0.4  1.0  1.0  0.5  0.3  0.2  0.2  0.3  0.5
turn42   d4=  75.7 eL=  1608 eR=  3155 d11=0.88 d0=0  2.0  0.9  0.3  0.3  0.2  0.2  0.3  0.4  1.0  1.0  0.5  0.3  0.2  0.2  0.3  0.5
fwd43    d4=  79.4 eL=  1637 eR=  3186 d11=0.87 d0=0  2.0  0.9  0.5  0.3  0.2  0.2  0.3  0.4  1.0  1.0  0.5  0.3  0.2  0.2  0.3  0.5
turn44   d4=  72.1 eL=  1623 eR=  3202 d11=0.89 d0=0  0.9  1.9  0.5  0.3  0.3  0.2  0.3  0.4  0.8  1.0  0.5  0.3  0.2  0.2  0.3  0.3
turn45   d4=  73.8 eL=  1627 eR=  3198 d11=0.90 d0=0  1.1  1.4  0.5  0.3  0.2  0.2  0.3  0.4  0.8  1.0  0.5  0.3  0.2  0.2  0.3  0.3
turn46   d4=  73.3 eL=  1630 eR=  3195 d11=0.90 d0=0  1.1  1.1  0.5  0.3  0.2  0.2  0.3  0.4  0.9  1.0  0.5  0.3  0.2  0.2  0.3  0.3
turn47   d4=  75.0 eL=  1630 eR=  3195 d11=0.89 d0=0  1.1  1.1  0.5  0.3  0.3  0.2  0.3  0.4  1.0  1.0  0.5  0.3  0.2  0.2  0.3  0.4
turn48   d4=  74.8 eL=  1634 eR=  3189 d11=0.88 d0=0  1.2  1.0  0.5  0.3  0.2  0.2  0.3  0.4  1.0  1.0  0.5  0.3  0.2  0.2  0.3  0.5
fwd49    d4=  79.1 eL=  1665 eR=  3222 d11=0.89 d0=0  1.1  1.0  0.5  0.3  0.3  0.2  0.3  0.4  1.1  1.0  0.5  0.2  0.2  0.2  0.3  0.4
fwd50    d4=  73.0 eL=  1695 eR=  3252 d11=0.88 d0=0  1.1  1.0  0.5  0.3  0.3  0.2  0.3  0.4  1.0  1.0  0.5  0.3  0.2  0.2  0.3  0.4
fwd51    d4=  79.1 eL=  1723 eR=  3284 d11=0.88 d0=0  1.1  1.1  0.5  0.3  0.3  0.2  0.3  0.4  1.1  1.1  0.5  0.2  0.2  0.3  0.3  0.4
turn52   d4=  79.2 eL=  1726 eR=  3283 d11=0.88 d0=0  1.1  1.0  0.5  0.3  0.3  0.2  0.3  0.4  1.1  1.1  0.5  0.3  0.2  0.3  0.3  0.4
turn53   d4=  69.7 eL=  1712 eR=  3297 d11=0.86 d0=0 -1.0  1.9  0.5  0.3  0.3  0.2  0.3  0.4  0.8  1.1  0.6  0.3  0.2  0.2  0.3  0.4
turn54   d4=  70.7 eL=  1715 eR=  3293 d11=0.86 d0=0  0.9  1.9  0.5  0.3  0.3  0.2  0.3  0.4  0.8  1.1  0.5  0.3  0.2  0.2  0.3  0.4
turn55   d4=  76.2 eL=  1719 eR=  3290 d11=0.88 d0=0  1.1  1.4  0.5  0.3  0.3  0.2  0.2  0.4  0.8  1.1  0.5  0.3  0.2  0.2  0.3  0.4
turn56   d4=  76.8 eL=  1721 eR=  3288 d11=0.87 d0=0  1.1  1.3  0.5  0.3  0.3  0.2  0.3  0.4  0.9  1.1  0.5  0.3  0.2  0.2  0.3  0.4
fwd57    d4=  75.8 eL=  1749 eR=  3320 d11=0.88 d0=0  1.0  1.4  0.5  0.3  0.3  0.2  0.3  0.4  0.9  1.1  0.5  0.2  0.2  0.2  0.2  0.4
turn58   d4=  72.0 eL=  1752 eR=  3319 d11=0.88 d0=0  1.0  1.3  0.5  0.2  0.3  0.2  0.3  0.4  0.9  1.1  0.5  0.3  0.2  0.2  0.2  0.4
fwd59    d4=  71.0 eL=  1780 eR=  3351 d11=0.87 d0=0  1.0  1.4  0.5  0.3  0.3  0.2  0.3  0.5  0.9  1.1  0.5  0.2  0.2  0.3  0.2  0.4
fwd60    d4=  72.5 eL=  1811 eR=  3382 d11=0.86 d0=0  1.0  1.8  0.5  0.3  0.3  0.3  0.3  0.4  0.9  1.1  0.5  0.2  0.2  0.2  0.2  0.4
turn61   d4=  74.0 eL=  1810 eR=  3380 d11=0.86 d0=0  1.0  1.4  0.5  0.3  0.3  0.3  0.3  0.5  0.9  1.1  0.5  0.2  0.2  0.2  0.2  0.4
fwd62    d4=  76.6 eL=  1842 eR=  3412 d11=0.87 d0=0  1.0  1.7  0.5  0.3  0.3  0.3  0.3  0.5  0.9  1.1  0.5  0.2  0.2  0.2  0.2  0.4
turn63   d4=  77.7 eL=  1845 eR=  3406 d11=0.88 d0=0  1.0  1.3  0.5  0.3  0.3  0.3  0.3  0.5 -1.0  1.1  0.5  0.3  0.2  0.3  0.2  0.4
turn64   d4=  81.3 eL=  1858 eR=  3395 d11=0.86 d0=0  1.9  0.9  0.5  0.3  0.3  0.2  0.3  0.5  1.1  0.9  0.4  0.2  0.2  0.2  0.2  0.4
fwd65    d4=  84.2 eL=  1886 eR=  3425 d11=0.87 d0=0  1.9  0.9  0.5  0.3  0.3  0.3  0.3  0.5  1.1  0.9  0.3  0.2  0.2  0.2  0.2  0.4
fwd66    d4=  78.9 eL=  1917 eR=  3458 d11=0.86 d0=0  1.9  0.9  0.5  0.3  0.3  0.3  0.3  0.5  1.1  0.9  0.3  0.2  0.2  0.2  0.2  0.4
fwd67    d4=  80.0 eL=  1945 eR=  3490 d11=0.85 d0=0  1.9  0.9  0.5  0.3  0.3  0.3  0.3  0.5  1.1  0.9  0.3  0.2  0.3  0.2  0.3  0.4
fwd68    d4=  75.6 eL=  1975 eR=  3520 d11=0.86 d0=0  1.8  0.9 -1.0  0.4  0.3  0.3  0.3  0.5  1.2  0.9  0.3  0.2  0.2  0.2  0.3  0.4
fwd69    d4=  77.9 eL=  2006 eR=  3551 d11=0.85 d0=0  1.8  1.0  0.5  0.4  0.2  0.3  0.3  0.5  1.2  0.9  0.3  0.2 -1.0  0.2  0.3  0.4
fwd70    d4=  81.3 eL=  2035 eR=  3583 d11=0.85 d0=0  1.8  1.2  0.5  0.4  0.2  0.3  0.3  0.5  1.2  1.0  0.3  0.2  0.2  0.1  0.3  0.3
turn71   d4=  77.8 eL=  2036 eR=  3579 d11=0.86 d0=0  1.8  0.9  0.5  0.4  0.3  0.3  0.3  0.5  1.2  0.9  0.3  0.2  0.2  0.2  0.3  0.3
fwd72    d4=  81.0 eL=  2065 eR=  3612 d11=0.85 d0=0  1.8  1.2  0.4  0.4  0.2  0.3  0.3  0.6  1.2  1.0  0.3  0.2  0.2  0.2  0.3  0.3
turn73   d4=  81.2 eL=  2069 eR=  3608 d11=0.84 d0=0  1.8  0.9  0.5  0.4  0.2  0.3  0.3  0.5  1.2  1.0  0.3  0.2  0.2  0.1  0.3  0.4
fwd74    d4=  77.2 eL=  2100 eR=  3641 d11=0.84 d0=0  1.8  0.9  0.4  0.4  0.2  0.3  0.3  0.6  1.2  1.0  0.3  0.3  0.2  0.2  0.3  0.4
fwd75    d4=  79.9 eL=  2127 eR=  3672 d11=0.84 d0=0  1.8  1.1  0.4  0.4  0.2  0.3  0.3  0.6  1.2  1.0  0.3  0.3  0.2  0.2  0.3  0.3
turn76   d4=  80.9 eL=  2131 eR=  3669 d11=0.84 d0=0  1.8  0.9  0.4  0.4  0.3  0.3  0.3  0.6  1.2  0.9  0.3  0.3  0.2  0.2  0.3  0.3
fwd77    d4=  80.7 eL=  2161 eR=  3701 d11=0.84 d0=0  1.8  1.1  0.5  0.4  0.3  0.3  0.4  0.6  1.2  0.9  0.3  0.3  0.1  0.2  0.2  0.3
turn78   d4=  83.9 eL=  2164 eR=  3698 d11=0.83 d0=0  1.7  0.9  0.5  0.4  0.3  0.3  0.3  0.6  1.2  0.8  0.3  0.2  0.1  0.2  0.3  0.3
fwd79    d4=  83.1 eL=  2192 eR=  3729 d11=0.83 d0=0  1.7  0.9  0.4  0.4  0.3  0.3  0.4  0.6  1.3  0.8  0.3  0.3  0.1  0.2  0.2  0.3
fwd80    d4=  85.5 eL=  2222 eR=  3760 d11=0.83 d0=0  1.7  1.1  0.5  0.4  0.3  0.3  0.4  0.6  1.3  0.8  0.3  0.2  0.1  0.2  0.2  0.3
turn81   d4=  82.8 eL=  2224 eR=  3756 d11=0.83 d0=0  1.7  0.9  0.4  0.4  0.3  0.3  0.4  0.6  1.3  0.8  0.3  0.2  0.2  0.2  0.2  0.3
fwd82    d4=  80.1 eL=  2255 eR=  3789 d11=0.81 d0=0  1.7  1.0  0.5  0.4 -1.0  0.3  0.4  0.6  1.3  0.8  0.3  0.2  0.2  0.2  0.2  0.3
turn83   d4=  83.9 eL=  2259 eR=  3785 d11=0.81 d0=0  1.7  0.8  0.5  0.4  0.3  0.3  0.4  0.6  1.3  0.7  0.3  0.1  0.2  0.2  0.2  0.4
fwd84    d4=  82.4 eL=  2288 eR=  3817 d11=0.82 d0=0  1.7  1.0  0.5  0.3  0.3  0.3  0.4  0.6  1.3  0.8  0.3  0.1  0.2  0.2  0.2  0.4
turn85   d4=  82.7 eL=  2290 eR=  3815 d11=0.81 d0=0  1.7  0.8  0.5  0.4  0.4  0.3  0.4  0.7  1.3  0.7  0.3  0.1  0.2  0.2  0.2  0.5
fwd86    d4=  87.0 eL=  2320 eR=  3846 d11=0.82 d0=0  1.7  0.8  0.5  0.4  0.4  0.2  0.4  0.6  1.3  0.8  0.3  0.2  0.2  0.2  0.2  0.5
fwd87    d4=  87.4 eL=  2350 eR=  3877 d11=0.82 d0=0  1.7  1.0  0.5  0.4  0.3  0.3  0.4  0.6  1.3  0.8  0.3  0.2  0.2  0.2  0.2  0.5
fwd88    d4=  81.4 eL=  2379 eR=  3908 d11=0.80 d0=0  1.6  1.0  0.5  0.4  0.4  0.3  0.4  0.6  1.3  0.8  0.3  0.2  0.2  0.2  0.2  0.5
fwd89    d4=  83.3 eL=  2409 eR=  3939 d11=0.80 d0=0  1.6  1.0  0.5  0.3  0.3  0.3  0.4  0.6  1.4  0.8  0.2  0.2  0.2  0.2  0.2  0.4
fwd90    d4=  77.7 eL=  2438 eR=  3971 d11=0.79 d0=0  1.6  1.0  0.5  0.3  0.3  0.3  0.4  0.6  1.4  0.8  0.2  0.2  0.2  0.2  0.2  0.4
fwd91    d4=  81.2 eL=  2466 eR=  4002 d11=0.81 d0=0  1.6  1.1  0.5  0.3  0.3  0.3  0.4  0.5  1.4  0.8  0.2  0.2  0.2  0.2  0.2  0.4
turn92   d4=  83.6 eL=  2471 eR=  3999 d11=0.80 d0=0  1.6  1.0  0.5  0.4  0.3  0.3  0.4  0.6  1.4  0.8  0.2  0.2  0.2  0.2  0.2  0.4
fwd93    d4=  81.8 eL=  2499 eR=  4030 d11=0.79 d0=0  1.6  1.0  0.5  0.3  0.3  0.4  0.4  0.6  1.4  0.6  0.2  0.2  0.2  0.2  0.2  0.4
fwd94    d4=  84.5 eL=  2530 eR=  4063 d11=0.78 d0=0 -1.0  1.1  0.5  0.3  0.3  0.4  0.3  0.6  1.4  0.6  0.2  0.2  0.2  0.2  0.2  0.4
turn95   d4=  82.0 eL=  2534 eR=  4059 d11=0.80 d0=0  1.5  1.0  0.5  0.3  0.3  0.3  0.3  0.6  1.4  0.5  0.2  0.2  0.2  0.2  0.2  0.4
fwd96    d4=  83.4 eL=  2564 eR=  4089 d11=0.78 d0=0  1.5  1.0  0.5  0.3  0.3  0.4  0.4  0.6  1.4  0.5  0.2  0.2  0.2  0.2  0.2  0.4
fwd97    d4=  82.1 eL=  2594 eR=  4121 d11=0.77 d0=0  1.5  1.0  0.5  0.3  0.3  0.4  0.3  0.6  1.4  0.5  0.2  0.2  0.2  0.2  0.2  0.4
turn98   d4=  87.9 eL=  2595 eR=  4117 d11=0.77 d0=0  1.5  0.9  0.5  0.3  0.3  0.4  0.3  0.6  1.4  0.5  0.2  0.2  0.1  0.2  0.2  0.4
fwd99    d4=  83.9 eL=  2626 eR=  4150 d11=0.78 d0=0  1.5  0.9  0.5  0.4  0.3  0.4  0.4  0.6  1.5  0.5  0.2  0.2  0.1  0.2  0.2  0.4
fwd100   d4=  82.3 eL=  2656 eR=  4182 d11=0.77 d0=0  1.5  1.0  0.5  0.4  0.3  0.4  0.4  0.6  1.5  0.5  0.3  0.2  0.2  0.1  0.2  0.4
turn101  d4=  90.0 eL=  2670 eR=  4167 d11=0.76 d0=0  1.5  0.7  0.4  0.3  0.3  0.4  0.4  0.8  1.6  0.4  0.2  0.2  0.1  0.2  0.3 -1.0
turn102  d4=  95.0 eL=  2684 eR=  4150 d11=0.78 d0=0 -1.0  0.6  0.4  0.3  0.3  0.4  0.5  0.9  1.5  0.3  0.3  0.2  0.1  0.1  0.3  0.6
turn103  d4=  97.9 eL=  2699 eR=  4133 d11=0.76 d0=0  1.5  0.5  0.4  0.3  0.4  0.4  0.5  1.3  1.0  0.3  0.2  0.2  0.1  0.2  0.3  0.7
turn104  d4= 107.2 eL=  2710 eR=  4123 d11=0.75 d0=0  1.1  0.5  0.4  0.3  0.4  0.4  0.6  1.5  0.6  0.3  0.2  0.1  0.1  0.2  0.4  1.5
fwd105   d4= 104.4 eL=  2740 eR=  4153 d11=0.77 d0=0  1.3  0.5  0.4  0.3  0.3  0.4  0.6  1.5  0.6  0.3  0.2  0.1  0.1  0.2  0.4  1.5
fwd106   d4= 101.8 eL=  2770 eR=  4184 d11=0.75 d0=0  1.3  0.4  0.4  0.3  0.3  0.4  0.6  1.5  0.6  0.3  0.2  0.2  0.1  0.2  0.4  1.5
fwd107   d4= 103.6 eL=  2801 eR=  4217 d11=0.76 d0=0  1.3  0.4  0.4  0.3  0.3  0.4  0.6  1.6  0.7  0.3  0.2  0.2  0.2  0.2  0.4  1.4
fwd108   d4= 103.9 eL=  2829 eR=  4248 d11=0.76 d0=0  1.3  0.4  0.4  0.3  0.3  0.4  0.6  1.6  0.7  0.3  0.2  0.2  0.2  0.3  0.4  1.4
fwd109   d4= 103.2 eL=  2860 eR=  4279 d11=0.74 d0=0  1.3  0.4  0.4  0.3  0.3  0.4  0.6  1.6  0.9  0.3  0.2  0.2  0.2  0.3 -1.0  1.4
fwd110   d4= 101.3 eL=  2888 eR=  4311 d11=0.75 d0=0  1.3  0.4  0.4  0.3  0.3  0.4  0.6  1.4  1.0  0.3  0.2  0.2  0.2  0.3  0.4  1.4
fwd111   d4= 102.2 eL=  2919 eR=  4343 d11=0.73 d0=0  1.3  0.4  0.4  0.3  0.3  0.4  0.6  1.4  1.0  0.3  0.2  0.2  0.2  0.3  0.4  1.4
fwd112   d4=  99.3 eL=  2948 eR=  4375 d11=0.74 d0=0  1.3  0.4  0.3  0.3  0.3  0.4  0.5  1.4  1.1  0.4  0.2  0.2  0.2  0.3  0.4  1.4
fwd113   d4= 103.3 eL=  2976 eR=  4405 d11=0.72 d0=0  1.3  0.4  0.3  0.3  0.3  0.4  0.4  1.4 -1.0  0.4  0.2  0.2  0.2  0.3  0.4  1.4
fwd114   d4= 102.8 eL=  3007 eR=  4436 d11=0.72 d0=0  1.3  0.4  0.3  0.3  0.3  0.4 -1.0  1.4  1.1  0.4  0.2  0.2  0.2  0.3  0.4  1.4
fwd115   d4=  98.8 eL=  3027 eR=  4459 d11=0.72 d0=0  1.3  0.4  0.3  0.3  0.3  0.4  0.5  1.2  1.1  0.4  0.2  0.2  0.2  0.3  0.4  1.4
turn116  d4= 100.0 eL=  3027 eR=  4463 d11=0.72 d0=0  1.3  0.4  0.3  0.3  0.3  0.4  0.5  1.1  1.2  0.4  0.2  0.2  0.2  0.3  0.4  1.4
turn117  d4=  98.2 eL=  3025 eR=  4465 d11=0.72 d0=0  1.3  0.4  0.3  0.3  0.2  0.4  0.5  1.1  1.4  0.4  0.2  0.2  0.2  0.3  0.4  1.4
turn118  d4=  99.3 eL=  3021 eR=  4469 d11=0.72 d0=0  1.3  0.5  0.3  0.3  0.3  0.3  0.4  1.0  1.4  0.4  0.2  0.2  0.2  0.3  0.3  1.3
turn119  d4=  92.1 eL=  3016 eR=  4473 d11=0.73 d0=0  1.3  0.5  0.3  0.3  0.3  0.3  0.4  1.0  1.7  0.4  0.2  0.2  0.2  0.3  0.3  1.3
turn120  d4=  93.7 eL=  3011 eR=  4478 d11=0.72 d0=0  1.3  0.5  0.3  0.3  0.3  0.3  0.5  1.0  1.7  0.4  0.2  0.2  0.2  0.3  0.3  0.7
turn121  d4=  84.9 eL=  3000 eR=  4492 d11=0.72 d0=0  1.3  0.7  0.3  0.3  0.3  0.3  0.4  0.7  1.7  0.4  0.2  0.2  0.2  0.3  0.3  0.5
turn122  d4=  86.1 eL=  2987 eR=  4506 d11=0.71 d0=0  1.3  0.8  0.3  0.3  0.3  0.3  0.4  0.7  1.6  0.6  0.3  0.2  0.2  0.2  0.3  0.5
turn123  d4=  77.4 eL=  2974 eR=  4518 d11=0.72 d0=0  1.3  1.2  0.4  0.3  0.3  0.3  0.4  0.5  1.5  0.8  0.4  0.2  0.2  0.2  0.3  0.4
turn124  d4=  80.4 eL=  2978 eR=  4514 d11=0.73 d0=0  1.3  1.1  0.4  0.3  0.3  0.2  0.4  0.5  1.7  0.7  0.3  0.2  0.2  0.2  0.3  0.5
turn125  d4=  84.6 eL=  2982 eR=  4510 d11=0.73 d0=0  1.3  0.9  0.4  0.3  0.3  0.3  0.4  0.5  1.6  0.7  0.3  0.2  0.2  0.3  0.3  0.5
turn126  d4=  73.9 eL=  2971 eR=  4521 d11=0.72 d0=0  1.4  1.3  0.4  0.3  0.3  0.2  0.4  0.5  1.4  1.1  0.4  0.2  0.2  0.2  0.3  0.4
turn127  d4=  79.1 eL=  2975 eR=  4516 d11=0.71 d0=0  1.3  1.2  0.4  0.3  0.3  0.3  0.4  0.5  1.7  0.8  0.4  0.2  0.2  0.2  0.3  0.4
turn128  d4=  79.1 eL=  2978 eR=  4508 d11=0.71 d0=0  1.3  0.9  0.4  0.3  0.3  0.3  0.4  0.5  1.7  0.6  0.3  0.2  0.2  0.2  0.3  0.5
turn129  d4=  75.2 eL=  2962 eR=  4520 d11=0.72 d0=0  1.4  1.3  0.4 -1.0  0.3  0.3 -1.0  0.5  1.1  1.1  0.4  0.2  0.2  0.2  0.3  0.4
turn130  d4=  75.6 eL=  2963 eR=  4518 d11=0.72 d0=0  1.4  1.3  0.4  0.3  0.3  0.3  0.4  0.4  1.4  1.1  0.4  0.2  0.2  0.2  0.3  0.4
turn131  d4=  79.2 eL=  2967 eR=  4509 d11=0.72 d0=0  1.3  1.2  0.4  0.3  0.3  0.3  0.4  0.4  1.5  0.8  0.4  0.2  0.2  0.2  0.3  0.4
turn132  d4=  82.2 eL=  2969 eR=  4506 d11=0.73 d0=0  1.3  0.9  0.4  0.3  0.3  0.3  0.4  0.5  1.7  0.7  0.3  0.2  0.2  0.3  0.3  0.5
turn133  d4=  78.2 eL=  2955 eR=  4516 d11=0.71 d0=0  1.4  1.3  0.4  0.3  0.3  0.3  0.4  0.5  1.1  1.2  0.4  0.2  0.2  0.2  0.3  0.4
turn134  d4=  80.6 eL=  2956 eR=  4514 d11=0.72 d0=0  1.4  1.3  0.5  0.3  0.3  0.3  0.4  0.5  1.1  1.2  0.4  0.2  0.2  0.2  0.3  0.4
turn135  d4=  79.3 eL=  2959 eR=  4513 d11=0.71 d0=0  1.4  1.3  0.4  0.3  0.3  0.3  0.4  0.5  1.2  1.1  0.4  0.2  0.2  0.2  0.3  0.4
turn136  d4=  80.0 eL=  2961 eR=  4511 d11=0.73 d0=0  1.4  1.3  0.4  0.3  0.3  0.3  0.4  0.4  1.4  1.1  0.4  0.2 -1.0  0.2  0.3  0.4
turn137  d4=  79.5 eL=  2963 eR=  4506 d11=0.71 d0=0  1.3  1.2  0.4  0.3  0.3  0.3  0.4  0.5  1.5  0.8  0.4  0.2  0.2  0.2  0.3  0.4
turn138  d4=  81.4 eL=  2966 eR=  4501 d11=0.70 d0=0  1.3  0.9  0.4  0.3  0.3  0.3  0.4 -1.0  1.7  0.7  0.4  0.2  0.2  0.2  0.3  0.4
turn139  d4=  77.4 eL=  2955 eR=  4515 d11=0.72 d0=0  1.4  1.3  0.4  0.3  0.3  0.3  0.4  0.4  1.1  1.2  0.4  0.2  0.2  0.2  0.3  0.4
turn140  d4=  80.9 eL=  2957 eR=  4513 d11=0.74 d0=0  1.4  1.3  0.4  0.3  0.3  0.3  0.4  0.4  1.1  1.1  0.4  0.2  0.2  0.2  0.3  0.4
turn141  d4=  77.1 eL=  2959 eR=  4514 d11=0.72 d0=0  1.4  1.3  0.4  0.3  0.3  0.3  0.4  0.5  1.2  1.1  0.4  0.2  0.2  0.2  0.3  0.4
turn142  d4=  75.0 eL=  2962 eR=  4510 d11=0.72 d0=0  1.4  1.3  0.4  0.3  0.3  0.3  0.4  0.4  1.4  1.1  0.4  0.2  0.2  0.2  0.3  0.4
turn143  d4=  81.7 eL=  2968 eR=  4502 d11=0.73 d0=0  1.3  0.9  0.4  0.3  0.3  0.3  0.4  0.5  1.7  0.7  0.4  0.2  0.2  0.3  0.3  0.5
turn144  d4=  75.0 eL=  2954 eR=  4518 d11=0.71 d0=0  1.4  1.3  0.5  0.3  0.3  0.3  0.4  0.4 -1.0  1.4 -1.0  0.2  0.2  0.2  0.3  0.4
turn145  d4=  75.2 eL=  2951 eR=  4520 d11=0.71 d0=0  1.4  1.3  0.4  0.3  0.3  0.3  0.4  0.4  1.0  1.4  0.4  0.2  0.2 -1.0  0.3  0.3
turn146  d4=  72.8 eL=  2950 eR=  4520 d11=0.72 d0=0  1.4  1.3  0.5  0.3  0.3  0.2  0.3  0.4  1.0  1.4  0.4  0.2  0.2  0.2  0.3  0.3
turn147  d4=  71.4 eL=  2947 eR=  4524 d11=0.73 d0=0  1.4  1.3  0.5  0.3  0.3  0.2  0.3  0.4  1.0  1.4  0.4  0.2  0.2  0.2  0.3  0.3
turn148  d4=  73.0 eL=  2945 eR=  4524 d11=0.72 d0=0  1.3  1.3  0.5  0.3  0.3 -1.0  0.3  0.4  1.0  1.7  0.4  0.2  0.2  0.2  0.3  0.3
turn149  d4=  67.1 eL=  2932 eR=  4540 d11=0.72 d0=0  0.5  1.3  0.7  0.3  0.3  0.3  0.3  0.5  0.7  1.7  0.4  0.3  0.2  0.2  0.3  0.3
back150  d4=  67.7 eL=  2919 eR=  4529 d11=0.71 d0=0  0.5  1.3  0.7  0.3  0.3  0.3  0.3  0.4  0.7  1.7  0.4  0.3  0.2  0.2  0.3  0.3
turn151  d4=  63.4 eL=  2904 eR=  4544 d11=0.72 d0=0  0.5  1.4  0.8  0.4  0.3  0.3  0.3  0.4  0.7 -1.0  0.6  0.3  0.2  0.2  0.3  0.3
turn152  d4=  58.4 eL=  2891 eR=  4559 d11=0.72 d0=0  0.4  1.4  1.2  0.4  0.3  0.3  0.3  0.4  0.4  1.5  1.0  0.4  0.2  0.2  0.2  0.3
back153  d4=  55.9 eL=  2876 eR=  4545 d11=0.72 d0=0  0.4  1.3  1.2  0.4  0.3  0.3  0.3  0.4  0.5  1.4  1.0  0.4  0.2  0.2  0.2  0.3
back154  d4=  56.1 eL=  2864 eR=  4533 d11=0.72 d0=0  0.4  1.4  1.2  0.4  0.3  0.3  0.3  0.4  0.4  1.4  1.0  0.4  0.2  0.2  0.2  0.3
back155  d4=  57.7 eL=  2854 eR=  4520 d11=0.74 d0=0  0.5  1.4  1.2  0.4  0.3  0.3  0.3  0.4  0.4  1.4  1.1  0.4  0.2  0.2  0.2  0.3
turn156  d4=  63.7 eL=  2867 eR=  4504 d11=0.68 d0=0  0.5  1.4  0.7  0.4  0.3  0.3  0.3  0.4  0.6  1.6  0.6  0.3  0.2  0.2  0.2  0.3
turn157  d4=  61.1 eL=  2851 eR=  4520 d11=0.71 d0=0  0.4  1.4  1.2  0.4  0.3  0.3  0.3  0.3  0.4  1.4  1.0  0.4  0.2  0.2  0.2  0.3
turn158  d4=  60.1 eL=  2863 eR=  4509 d11=0.69 d0=0  0.5  1.3  0.7  0.4  0.3  0.3  0.3  0.4  0.6 -1.0  0.6  0.4  0.2  0.2  0.3  0.3
turn159  d4=  56.6 eL=  2850 eR=  4523 d11=0.69 d0=0  0.4  1.4  1.2  0.4  0.3  0.3  0.2  0.4  0.4  1.4  1.1  0.4  0.2  0.2  0.2  0.3
turn160  d4=  59.0 eL=  2858 eR=  4514 d11=0.70 d0=0  0.5  1.4  0.9  0.4  0.3  0.3  0.3  0.4  0.5  1.7  0.7  0.4  0.2  0.2  0.3  0.3
turn161  d4=  56.6 eL=  2844 eR=  4529 d11=0.68 d0=0  0.4  1.4  1.3  0.4  0.3  0.3  0.3  0.3  0.4  1.0  1.4  0.4  0.3  0.2  0.2  0.3
turn162  d4=  58.7 eL=  2849 eR=  4524 d11=0.70 d0=0  0.4  1.4  1.2  0.4  0.3  0.3  0.3  0.3  0.4  1.4  1.1  0.4  0.2  0.2  0.2  0.3
turn163  d4=  51.2 eL=  2836 eR=  4538 d11=0.66 d0=0  0.4  1.4  1.3  0.5  0.3  0.3  0.2  0.4  0.4  1.0  1.6  0.4  0.3  0.2  0.2  0.3
back164  d4=  48.9 eL=  2823 eR=  4525 d11=0.69 d0=0  0.4  1.4  1.3  0.4  0.3  0.3  0.2  0.3  0.4  1.0  1.6  0.4  0.3  0.2  0.2  0.3
back165  d4=  48.9 eL=  2812 eR=  4511 d11=0.66 d0=0  0.4  1.4  1.3  0.4  0.3  0.3  0.3  0.3  0.4  1.0  1.6  0.4  0.3  0.2  0.2  0.3
turn166  d4=  51.3 eL=  2813 eR=  4510 d11=0.68 d0=0  0.4  1.4  1.4  0.4  0.3  0.3  0.3  0.3  0.4  1.0  1.4  0.4  0.3  0.2  0.2  0.3
turn167  d4=  56.7 eL=  2819 eR=  4506 d11=0.68 d0=0  0.4  1.4  1.3  0.4 -1.0  0.3  0.2  0.3  0.4  1.0  1.3  0.4  0.3  0.2  0.2  0.3
turn168  d4=  57.4 eL=  2822 eR=  4501 d11=0.68 d0=0 -1.0  1.4  1.3  0.4  0.3  0.3  0.2  0.3  0.4  1.1  1.2  0.4  0.3  0.2  0.2  0.3
turn169  d4=  58.0 eL=  2826 eR=  4495 d11=0.68 d0=0  0.5  1.4  1.2  0.3  0.3  0.3  0.3  0.4  0.4  1.4  1.1  0.4  0.3  0.2  0.2  0.3
turn170  d4=  58.3 eL=  2835 eR=  4486 d11=0.66 d0=0  0.5  1.4  0.8  0.3  0.3  0.2  0.3  0.4  0.5  1.6  0.7  0.4  0.2  0.2  0.3  0.3
