23:53:21 === explorer3 start ===
23:53:21 pos=(0.00,0.00) h=184 beam0 wa=184 d=1.61 pen=0.0 sp=0 sc=1.61 cells=1
23:53:24   drive: stall pos=(-0.01,0.00)
23:53:24   marked stall dir wa=184 at (-0.01,0.00)
23:53:24 pos=(-0.01,0.00) h=185 beam2 wa=230 d=0.60 pen=0.0 sp=0 sc=0.15 cells=1
23:53:35   drive: blocked pos=(-0.29,-0.22)
23:53:35 pos=(-0.29,-0.22) h=225 beam6 wa=0 d=1.65 pen=0.0 sp=0 sc=0.30 cells=3
23:54:22   drive: time pos=(0.46,-0.09)
23:54:22 pos=(0.46,-0.09) h=358 beam3 wa=65 d=0.97 pen=0.0 sp=0 sc=0.30 cells=4
23:54:41   drive: blocked pos=(0.56,0.41)
23:54:41 pos=(0.56,0.41) h=62 beam11 wa=309 d=1.38 pen=0.0 sp=0 sc=0.25 cells=6
23:55:06   drive: blocked pos=(1.03,-0.25)
23:55:06 pos=(1.03,-0.25) h=310 beam2 wa=355 d=0.46 pen=0.0 sp=0 sc=0.01 cells=9
23:55:19   drive: blocked pos=(1.16,-0.11)
23:55:19 pos=(1.16,-0.11) h=352 beam5 wa=105 d=1.71 pen=0.0 sp=0 sc=0.59 cells=9
23:55:53   drive: blocked pos=(0.92,0.78)
23:55:53 pos=(0.92,0.78) h=104 beam4 wa=194 d=1.65 pen=0.0 sp=0 sc=0.75 cells=11
23:56:26   drive: time pos=(0.36,0.42)
23:56:26 pos=(0.36,0.42) h=193 beam14 wa=148 d=0.84 pen=0.0 sp=0 sc=0.39 cells=11
23:56:41   drive: blocked pos=(-0.22,0.66)
23:56:41 pos=(-0.22,0.66) h=150 beam2 wa=195 d=1.41 pen=0.0 sp=0 sc=0.96 cells=14
23:57:02   drive: time pos=(-0.29,0.29)
23:57:02 pos=(-0.29,0.29) h=195 beam13 wa=127 d=0.79 pen=0.0 sp=0 sc=0.11 cells=15
23:57:20   drive: blocked pos=(-0.45,0.65)
23:57:20 pos=(-0.45,0.65) h=130 beam14 wa=85 d=1.84 pen=0.0 sp=0 sc=1.39 cells=15
23:57:36   drive: time pos=(-0.27,1.03)
23:57:36 pos=(-0.27,1.03) h=84 beam0 wa=84 d=0.87 pen=0.0 sp=0 sc=0.87 cells=16
23:57:41   drive: blocked pos=(-0.24,1.35)
23:57:41 pos=(-0.24,1.35) h=84 beam12 wa=354 d=0.94 pen=0.0 sp=0 sc=0.04 cells=17
23:58:06   drive: blocked pos=(0.19,1.18)
23:58:06 pos=(0.19,1.18) h=357 beam13 wa=289 d=0.52 pen=0.0 sp=0 sc=-0.16 cells=19
23:58:23   drive: blocked pos=(0.19,0.82)
23:58:23 pos=(0.19,0.82) h=295 beam12 wa=205 d=0.54 pen=0.0 sp=0 sc=-0.36 cells=20
23:58:40   drive: blocked pos=(-0.17,0.70)
23:58:40 pos=(-0.17,0.70) h=213 beam6 wa=348 d=0.42 pen=0.0 sp=0 sc=-0.93 cells=20
23:59:09   drive: blocked pos=(0.29,0.22)
23:59:09 pos=(0.29,0.22) h=331 beam11 wa=219 d=0.53 pen=0.0 sp=0 sc=-0.59 cells=20
23:59:35   drive: blocked pos=(0.03,-0.18)
23:59:35 pos=(0.03,-0.18) h=229 beam11 wa=116 d=0.45 pen=0.0 sp=0 sc=-0.68 cells=21
00:00:02   drive: time pos=(-0.03,0.76)
00:00:02 pos=(-0.03,0.76) h=118 beam1 wa=140 d=0.45 pen=0.0 sp=0 sc=0.22 cells=21
00:00:12   drive: blocked pos=(-0.13,0.81)
00:00:12 pos=(-0.13,0.81) h=130 beam1 wa=153 d=0.44 pen=0.0 sp=0 sc=0.22 cells=21
00:00:17   drive: stall pos=(-0.03,0.71)
00:00:17   marked stall dir wa=153 at (-0.03,0.71)
00:00:17 pos=(-0.03,0.71) h=134 beam3 wa=201 d=0.49 pen=0.0 sp=0 sc=-0.19 cells=21
00:00:32   drive: blocked pos=(-0.34,0.56)
00:00:32 pos=(-0.34,0.56) h=195 beam12 wa=105 d=0.49 pen=0.0 sp=0 sc=-0.41 cells=21
00:00:51   drive: blocked pos=(0.03,0.88)
00:00:51 pos=(0.03,0.88) h=109 beam4 wa=199 d=0.49 pen=0.0 sp=0 sc=-0.41 cells=21
00:01:10   drive: blocked pos=(-0.24,0.51)
00:01:10 pos=(-0.24,0.51) h=196 beam2 wa=242 d=0.45 pen=0.0 sp=0 sc=-0.00 cells=21
00:01:25   drive: blocked pos=(-0.17,0.29)
00:01:25 pos=(-0.17,0.29) h=238 beam5 wa=351 d=0.54 pen=0.0 sp=0 sc=-0.59 cells=21
00:01:50   drive: blocked pos=(0.20,0.19)
00:01:50 pos=(0.20,0.19) h=340 beam13 wa=273 d=2.04 pen=0.0 sp=0 sc=1.37 cells=21
00:02:11   drive: time pos=(0.09,-0.51)
00:02:11 pos=(0.09,-0.51) h=276 beam0 wa=276 d=0.69 pen=0.0 sp=0 sc=0.69 cells=21
